Server listening on 192.168.0.100:8080...
New connection from ('192.168.0.214', 35232), client ID: 1
demo.pcm not found, waiting...
demo.pcm not found, waiting...
demo.pcm not found, waiting...
demo.pcm not found, waiting...
demo.pcm not found, waiting...
demo.pcm not found, waiting...
demo.pcm not found, waiting...
demo.pcm not found, waiting...
demo.pcm not found, waiting...
demo.pcm not found, waiting...
demo.pcm not found, waiting...
demo.pcm not found, waiting...
demo.pcm not found, waiting...
demo.pcm not found, waiting...
demo.pcm not found, waiting...
demo.pcm not found, waiting...
demo.pcm not found, waiting...
demo.pcm not found, waiting...
demo.pcm not found, waiting...
demo.pcm not found, waiting...
demo.pcm not found, waiting...
demo.pcm not found, waiting...
demo.pcm not found, waiting...
demo.pcm not found, waiting...
demo.pcm not found, waiting...
demo.pcm not found, waiting...
demo.pcm not found, waiting...
demo.pcm not found, waiting...
demo.pcm not found, waiting...
demo.pcm not found, waiting...
demo.pcm not found, waiting...
demo.pcm not found, waiting...
demo.pcm not found, waiting...
demo.pcm not found, waiting...
demo.pcm not found, waiting...
demo.pcm not found, waiting...
demo.pcm not found, waiting...
demo.pcm not found, waiting...
demo.pcm not found, waiting...
demo.pcm not found, waiting...
demo.pcm not found, waiting...
demo.pcm not found, waiting...
demo.pcm not found, waiting...
demo.pcm not found, waiting...
demo.pcm not found, waiting...
demo.pcm not found, waiting...
demo.pcm not found, waiting...
demo.pcm not found, waiting...
demo.pcm not found, waiting...
demo.pcm not found, waiting...
demo.pcm not found, waiting...
demo.pcm not found, waiting...
demo.pcm not found, waiting...
demo.pcm not found, waiting...
demo.pcm not found, waiting...
demo.pcm not found, waiting...
demo.pcm not found, waiting...
demo.pcm not found, waiting...
demo.pcm not found, waiting...
demo.pcm not found, waiting...
demo.pcm not found, waiting...
demo.pcm not found, waiting...
demo.pcm not found, waiting...
demo.pcm not found, waiting...
demo.pcm not found, waiting...
demo.pcm not found, waiting...
demo.pcm not found, waiting...
demo.pcm not found, waiting...
demo.pcm not found, waiting...
demo.pcm not found, waiting...
demo.pcm not found, waiting...
demo.pcm not found, waiting...
demo.pcm not found, waiting...
demo.pcm not found, waiting...
demo.pcm not found, waiting...
demo.pcm not found, waiting...
demo.pcm not found, waiting...
demo.pcm not found, waiting...
demo.pcm not found, waiting...
demo.pcm not found, waiting...
demo.pcm not found, waiting...
demo.pcm not found, waiting...
New connection from ('192.168.0.214', 58664), client ID: 2
demo.pcm not found, waiting...
demo.pcm not found, waiting...
demo.pcm not found, waiting...
demo.pcm not found, waiting...
demo.pcm not found, waiting...
demo.pcm not found, waiting...
demo.pcm not found, waiting...
demo.pcm not found, waiting...
demo.pcm not found, waiting...
demo.pcm not found, waiting...
demo.pcm not found, waiting...
demo.pcm not found, waiting...
demo.pcm not found, waiting...
demo.pcm not found, waiting...
demo.pcm not found, waiting...
demo.pcm not found, waiting...
demo.pcm not found, waiting...
demo.pcm not found, waiting...
demo.pcm not found, waiting...
demo.pcm not found, waiting...
demo.pcm not found, waiting...
demo.pcm not found, waiting...
demo.pcm not found, waiting...
demo.pcm not found, waiting...
demo.pcm not found, waiting...
demo.pcm not found, waiting...
demo.pcm not found, waiting...
demo.pcm not found, waiting...
demo.pcm not found, waiting...
demo.pcm not found, waiting...
demo.pcm not found, waiting...
demo.pcm not found, waiting...
demo.pcm not found, waiting...
demo.pcm not found, waiting...
demo.pcm not found, waiting...
demo.pcm not found, waiting...
demo.pcm not found, waiting...
demo.pcm not found, waiting...
demo.pcm not found, waiting...
demo.pcm not found, waiting...
demo.pcm not found, waiting...
demo.pcm not found, waiting...
demo.pcm not found, waiting...
demo.pcm not found, waiting...
demo.pcm not found, waiting...
demo.pcm not found, waiting...
demo.pcm not found, waiting...
demo.pcm not found, waiting...
demo.pcm not found, waiting...
demo.pcm not found, waiting...
demo.pcm not found, waiting...
demo.pcm not found, waiting...
demo.pcm not found, waiting...
demo.pcm not found, waiting...
demo.pcm not found, waiting...
demo.pcm not found, waiting...
demo.pcm not found, waiting...
demo.pcm not found, waiting...
demo.pcm not found, waiting...
demo.pcm not found, waiting...
demo.pcm not found, waiting...
demo.pcm not found, waiting...
demo.pcm not found, waiting...
demo.pcm not found, waiting...
demo.pcm not found, waiting...
demo.pcm not found, waiting...
demo.pcm not found, waiting...
demo.pcm not found, waiting...
demo.pcm not found, waiting...
demo.pcm not found, waiting...
demo.pcm not found, waiting...
demo.pcm not found, waiting...
demo.pcm not found, waiting...
demo.pcm not found, waiting...
demo.pcm not found, waiting...
demo.pcm not found, waiting...
demo.pcm not found, waiting...
demo.pcm not found, waiting...
demo.pcm not found, waiting...
demo.pcm not found, waiting...
demo.pcm not found, waiting...
demo.pcm not found, waiting...
demo.pcm not found, waiting...
demo.pcm not found, waiting...
demo.pcm not found, waiting...
demo.pcm not found, waiting...
demo.pcm not found, waiting...
demo.pcm not found, waiting...
demo.pcm not found, waiting...
demo.pcm not found, waiting...
demo.pcm not found, waiting...
demo.pcm not found, waiting...
demo.pcm not found, waiting...
demo.pcm not found, waiting...
demo.pcm not found, waiting...
demo.pcm not found, waiting...
demo.pcm not found, waiting...
demo.pcm not found, waiting...
demo.pcm not found, waiting...
demo.pcm not found, waiting...
demo.pcm not found, waiting...
demo.pcm not found, waiting...
demo.pcm not found, waiting...
demo.pcm not found, waiting...
demo.pcm not found, waiting...
demo.pcm not found, waiting...
demo.pcm not found, waiting...
demo.pcm not found, waiting...
demo.pcm not found, waiting...
demo.pcm not found, waiting...
demo.pcm not found, waiting...
demo.pcm not found, waiting...
demo.pcm not found, waiting...
demo.pcm not found, waiting...
demo.pcm not found, waiting...
demo.pcm not found, waiting...
demo.pcm not found, waiting...
demo.pcm not found, waiting...
demo.pcm not found, waiting...
demo.pcm not found, waiting...
demo.pcm not found, waiting...
demo.pcm not found, waiting...
demo.pcm not found, waiting...
demo.pcm not found, waiting...
demo.pcm not found, waiting...
demo.pcm not found, waiting...
demo.pcm not found, waiting...
demo.pcm not found, waiting...
demo.pcm not found, waiting...
demo.pcm not found, waiting...
demo.pcm not found, waiting...
demo.pcm not found, waiting...
demo.pcm not found, waiting...
demo.pcm not found, waiting...
demo.pcm not found, waiting...
demo.pcm not found, waiting...
demo.pcm not found, waiting...
demo.pcm not found, waiting...
demo.pcm not found, waiting...
demo.pcm not found, waiting...
demo.pcm not found, waiting...
demo.pcm not found, waiting...
demo.pcm not found, waiting...
demo.pcm not found, waiting...
demo.pcm not found, waiting...
demo.pcm not found, waiting...
demo.pcm not found, waiting...
demo.pcm not found, waiting...
demo.pcm not found, waiting...
demo.pcm not found, waiting...
demo.pcm not found, waiting...
demo.pcm not found, waiting...
demo.pcm not found, waiting...
demo.pcm not found, waiting...
demo.pcm not found, waiting...
demo.pcm not found, waiting...
demo.pcm not found, waiting...
demo.pcm not found, waiting...
demo.pcm not found, waiting...
demo.pcm not found, waiting...
demo.pcm not found, waiting...
demo.pcm not found, waiting...
demo.pcm not found, waiting...
demo.pcm not found, waiting...
demo.pcm not found, waiting...
demo.pcm not found, waiting...
demo.pcm not found, waiting...
demo.pcm not found, waiting...
demo.pcm not found, waiting...
demo.pcm not found, waiting...
demo.pcm not found, waiting...
demo.pcm not found, waiting...
demo.pcm not found, waiting...
demo.pcm not found, waiting...
demo.pcm not found, waiting...
demo.pcm not found, waiting...
demo.pcm not found, waiting...
demo.pcm not found, waiting...
demo.pcm not found, waiting...
demo.pcm not found, waiting...
demo.pcm not found, waiting...
demo.pcm not found, waiting...
demo.pcm not found, waiting...
demo.pcm not found, waiting...
demo.pcm not found, waiting...
demo.pcm not found, waiting...
demo.pcm not found, waiting...
demo.pcm not found, waiting...
demo.pcm not found, waiting...
demo.pcm not found, waiting...
demo.pcm not found, waiting...
demo.pcm not found, waiting...
demo.pcm not found, waiting...
demo.pcm not found, waiting...
demo.pcm not found, waiting...
demo.pcm not found, waiting...
demo.pcm not found, waiting...
demo.pcm not found, waiting...
demo.pcm not found, waiting...
demo.pcm not found, waiting...
demo.pcm not found, waiting...
demo.pcm not found, waiting...
demo.pcm not found, waiting...
demo.pcm not found, waiting...
demo.pcm not found, waiting...
demo.pcm not found, waiting...
demo.pcm not found, waiting...
demo.pcm not found, waiting...
demo.pcm not found, waiting...
demo.pcm not found, waiting...
demo.pcm not found, waiting...
demo.pcm not found, waiting...
demo.pcm not found, waiting...
demo.pcm not found, waiting...
demo.pcm not found, waiting...
demo.pcm not found, waiting...
demo.pcm not found, waiting...
demo.pcm not found, waiting...
demo.pcm not found, waiting...
demo.pcm not found, waiting...
demo.pcm not found, waiting...
demo.pcm not found, waiting...
demo.pcm not found, waiting...
demo.pcm not found, waiting...
demo.pcm not found, waiting...
demo.pcm not found, waiting...
demo.pcm not found, waiting...
demo.pcm not found, waiting...
demo.pcm not found, waiting...
demo.pcm not found, waiting...
demo.pcm not found, waiting...
demo.pcm not found, waiting...
demo.pcm not found, waiting...
demo.pcm not found, waiting...
demo.pcm not found, waiting...
demo.pcm not found, waiting...
demo.pcm not found, waiting...
demo.pcm not found, waiting...
demo.pcm not found, waiting...
demo.pcm not found, waiting...
demo.pcm not found, waiting...
demo.pcm not found, waiting...
demo.pcm not found, waiting...
demo.pcm not found, waiting...
demo.pcm not found, waiting...
demo.pcm not found, waiting...
demo.pcm not found, waiting...
demo.pcm not found, waiting...
demo.pcm not found, waiting...
demo.pcm not found, waiting...
demo.pcm not found, waiting...
demo.pcm not found, waiting...
demo.pcm not found, waiting...
demo.pcm not found, waiting...
demo.pcm not found, waiting...
demo.pcm not found, waiting...
demo.pcm not found, waiting...
demo.pcm not found, waiting...
demo.pcm not found, waiting...
demo.pcm not found, waiting...
demo.pcm not found, waiting...
demo.pcm not found, waiting...
demo.pcm not found, waiting...
demo.pcm not found, waiting...
demo.pcm not found, waiting...
demo.pcm not found, waiting...
demo.pcm not found, waiting...
demo.pcm not found, waiting...
demo.pcm not found, waiting...
demo.pcm not found, waiting...
demo.pcm not found, waiting...
demo.pcm not found, waiting...
demo.pcm not found, waiting...
demo.pcm not found, waiting...
demo.pcm not found, waiting...
demo.pcm not found, waiting...
demo.pcm not found, waiting...
demo.pcm not found, waiting...
demo.pcm not found, waiting...
demo.pcm not found, waiting...
demo.pcm not found, waiting...
demo.pcm not found, waiting...
demo.pcm not found, waiting...
demo.pcm not found, waiting...
demo.pcm not found, waiting...
demo.pcm not found, waiting...
demo.pcm not found, waiting...
demo.pcm not found, waiting...
demo.pcm not found, waiting...
demo.pcm not found, waiting...
demo.pcm not found, waiting...
demo.pcm not found, waiting...
demo.pcm not found, waiting...
demo.pcm not found, waiting...
demo.pcm not found, waiting...
demo.pcm not found, waiting...
demo.pcm not found, waiting...
demo.pcm not found, waiting...
demo.pcm not found, waiting...
demo.pcm not found, waiting...
demo.pcm not found, waiting...
demo.pcm not found, waiting...
demo.pcm not found, waiting...
demo.pcm not found, waiting...
demo.pcm not found, waiting...
demo.pcm not found, waiting...
demo.pcm not found, waiting...
demo.pcm not found, waiting...
demo.pcm not found, waiting...
demo.pcm not found, waiting...
demo.pcm not found, waiting...
demo.pcm not found, waiting...
demo.pcm not found, waiting...
demo.pcm not found, waiting...
demo.pcm not found, waiting...
demo.pcm not found, waiting...
demo.pcm not found, waiting...
demo.pcm not found, waiting...
demo.pcm not found, waiting...
demo.pcm not found, waiting...
demo.pcm not found, waiting...
demo.pcm not found, waiting...
demo.pcm not found, waiting...
demo.pcm not found, waiting...
demo.pcm not found, waiting...
demo.pcm not found, waiting...
demo.pcm not found, waiting...
demo.pcm not found, waiting...
demo.pcm not found, waiting...
demo.pcm not found, waiting...
demo.pcm not found, waiting...
demo.pcm not found, waiting...
demo.pcm not found, waiting...
demo.pcm not found, waiting...
demo.pcm not found, waiting...
demo.pcm not found, waiting...
demo.pcm not found, waiting...
demo.pcm not found, waiting...
demo.pcm not found, waiting...
demo.pcm not found, waiting...
demo.pcm not found, waiting...
demo.pcm not found, waiting...
demo.pcm not found, waiting...
demo.pcm not found, waiting...
demo.pcm not found, waiting...
demo.pcm not found, waiting...
demo.pcm not found, waiting...
demo.pcm not found, waiting...
demo.pcm not found, waiting...
demo.pcm not found, waiting...
demo.pcm not found, waiting...
demo.pcm not found, waiting...
demo.pcm not found, waiting...
demo.pcm not found, waiting...
demo.pcm not found, waiting...
demo.pcm not found, waiting...
demo.pcm not found, waiting...
demo.pcm not found, waiting...
demo.pcm not found, waiting...
demo.pcm not found, waiting...
demo.pcm not found, waiting...
demo.pcm not found, waiting...
demo.pcm not found, waiting...
demo.pcm not found, waiting...
demo.pcm not found, waiting...
demo.pcm not found, waiting...
demo.pcm not found, waiting...
demo.pcm not found, waiting...
demo.pcm not found, waiting...
demo.pcm not found, waiting...
demo.pcm not found, waiting...
demo.pcm not found, waiting...
demo.pcm not found, waiting...
demo.pcm not found, waiting...
demo.pcm not found, waiting...
demo.pcm not found, waiting...
demo.pcm not found, waiting...
demo.pcm not found, waiting...
demo.pcm not found, waiting...
demo.pcm not found, waiting...
demo.pcm not found, waiting...
demo.pcm not found, waiting...
demo.pcm not found, waiting...
demo.pcm not found, waiting...
demo.pcm not found, waiting...
demo.pcm not found, waiting...
demo.pcm not found, waiting...
demo.pcm not found, waiting...
demo.pcm not found, waiting...
demo.pcm not found, waiting...
demo.pcm not found, waiting...
demo.pcm not found, waiting...
demo.pcm not found, waiting...
demo.pcm not found, waiting...
demo.pcm not found, waiting...
demo.pcm not found, waiting...
demo.pcm not found, waiting...
demo.pcm not found, waiting...
demo.pcm not found, waiting...
demo.pcm not found, waiting...
demo.pcm not found, waiting...
demo.pcm not found, waiting...
demo.pcm not found, waiting...
demo.pcm not found, waiting...
demo.pcm not found, waiting...
demo.pcm not found, waiting...
demo.pcm not found, waiting...
demo.pcm not found, waiting...
demo.pcm not found, waiting...
demo.pcm not found, waiting...
demo.pcm not found, waiting...
demo.pcm not found, waiting...
demo.pcm not found, waiting...
demo.pcm not found, waiting...
demo.pcm not found, waiting...
demo.pcm not found, waiting...
demo.pcm not found, waiting...
demo.pcm not found, waiting...
demo.pcm not found, waiting...
demo.pcm not found, waiting...
demo.pcm not found, waiting...
demo.pcm not found, waiting...
demo.pcm not found, waiting...
demo.pcm not found, waiting...
demo.pcm not found, waiting...
demo.pcm not found, waiting...
demo.pcm not found, waiting...
demo.pcm not found, waiting...
demo.pcm not found, waiting...
demo.pcm not found, waiting...
demo.pcm not found, waiting...
demo.pcm not found, waiting...
demo.pcm not found, waiting...
demo.pcm not found, waiting...
demo.pcm not found, waiting...
demo.pcm not found, waiting...
demo.pcm not found, waiting...
demo.pcm not found, waiting...
demo.pcm not found, waiting...
demo.pcm not found, waiting...
demo.pcm not found, waiting...
demo.pcm not found, waiting...
demo.pcm not found, waiting...
demo.pcm not found, waiting...
demo.pcm not found, waiting...
demo.pcm not found, waiting...
demo.pcm not found, waiting...
demo.pcm not found, waiting...
demo.pcm not found, waiting...
demo.pcm not found, waiting...
demo.pcm not found, waiting...
demo.pcm not found, waiting...
demo.pcm not found, waiting...
demo.pcm not found, waiting...
demo.pcm not found, waiting...
demo.pcm not found, waiting...
demo.pcm not found, waiting...
demo.pcm not found, waiting...
demo.pcm not found, waiting...
demo.pcm not found, waiting...
demo.pcm not found, waiting...
demo.pcm not found, waiting...
demo.pcm not found, waiting...
demo.pcm not found, waiting...
demo.pcm not found, waiting...
demo.pcm not found, waiting...
demo.pcm not found, waiting...
demo.pcm not found, waiting...
demo.pcm not found, waiting...
demo.pcm not found, waiting...
demo.pcm not found, waiting...
demo.pcm not found, waiting...
demo.pcm not found, waiting...
demo.pcm not found, waiting...
demo.pcm not found, waiting...
demo.pcm not found, waiting...
demo.pcm not found, waiting...
demo.pcm not found, waiting...
demo.pcm not found, waiting...
demo.pcm not found, waiting...
demo.pcm not found, waiting...
demo.pcm not found, waiting...
demo.pcm not found, waiting...
demo.pcm not found, waiting...
demo.pcm not found, waiting...
demo.pcm not found, waiting...
demo.pcm not found, waiting...
demo.pcm not found, waiting...
demo.pcm not found, waiting...
demo.pcm not found, waiting...
demo.pcm not found, waiting...
demo.pcm not found, waiting...
demo.pcm not found, waiting...
demo.pcm not found, waiting...
demo.pcm not found, waiting...
demo.pcm not found, waiting...
demo.pcm not found, waiting...
demo.pcm not found, waiting...
demo.pcm not found, waiting...
demo.pcm not found, waiting...
demo.pcm not found, waiting...
demo.pcm not found, waiting...
demo.pcm not found, waiting...
demo.pcm not found, waiting...
demo.pcm not found, waiting...
demo.pcm not found, waiting...
demo.pcm not found, waiting...
demo.pcm not found, waiting...
demo.pcm not found, waiting...
demo.pcm not found, waiting...
demo.pcm not found, waiting...
demo.pcm not found, waiting...
demo.pcm not found, waiting...
demo.pcm not found, waiting...
demo.pcm not found, waiting...
demo.pcm not found, waiting...
demo.pcm not found, waiting...
demo.pcm not found, waiting...
demo.pcm not found, waiting...
demo.pcm not found, waiting...
demo.pcm not found, waiting...
demo.pcm not found, waiting...
demo.pcm not found, waiting...
demo.pcm not found, waiting...
demo.pcm not found, waiting...
demo.pcm not found, waiting...
demo.pcm not found, waiting...
demo.pcm not found, waiting...
demo.pcm not found, waiting...
demo.pcm not found, waiting...
demo.pcm not found, waiting...
demo.pcm not found, waiting...
demo.pcm not found, waiting...
demo.pcm not found, waiting...
demo.pcm not found, waiting...
demo.pcm not found, waiting...
demo.pcm not found, waiting...
demo.pcm not found, waiting...
demo.pcm not found, waiting...
demo.pcm not found, waiting...
demo.pcm not found, waiting...
demo.pcm not found, waiting...
demo.pcm not found, waiting...
demo.pcm not found, waiting...
demo.pcm not found, waiting...
demo.pcm not found, waiting...
demo.pcm not found, waiting...
demo.pcm not found, waiting...
demo.pcm not found, waiting...
demo.pcm not found, waiting...
demo.pcm not found, waiting...
demo.pcm not found, waiting...
demo.pcm not found, waiting...
demo.pcm not found, waiting...
demo.pcm not found, waiting...
demo.pcm not found, waiting...
demo.pcm not found, waiting...
demo.pcm not found, waiting...
demo.pcm not found, waiting...
demo.pcm not found, waiting...
demo.pcm not found, waiting...
demo.pcm not found, waiting...
demo.pcm not found, waiting...
demo.pcm not found, waiting...
demo.pcm not found, waiting...
demo.pcm not found, waiting...
demo.pcm not found, waiting...
demo.pcm not found, waiting...
demo.pcm not found, waiting...
demo.pcm not found, waiting...
demo.pcm not found, waiting...
demo.pcm not found, waiting...
demo.pcm not found, waiting...
demo.pcm not found, waiting...
demo.pcm not found, waiting...
demo.pcm not found, waiting...
demo.pcm not found, waiting...
demo.pcm not found, waiting...
demo.pcm not found, waiting...
demo.pcm not found, waiting...
demo.pcm not found, waiting...
demo.pcm not found, waiting...
demo.pcm not found, waiting...
demo.pcm not found, waiting...
demo.pcm not found, waiting...
demo.pcm not found, waiting...
demo.pcm not found, waiting...
demo.pcm not found, waiting...
demo.pcm not found, waiting...
demo.pcm not found, waiting...
demo.pcm not found, waiting...
demo.pcm not found, waiting...
demo.pcm not found, waiting...
demo.pcm not found, waiting...
demo.pcm not found, waiting...
demo.pcm not found, waiting...
demo.pcm not found, waiting...
demo.pcm not found, waiting...
demo.pcm not found, waiting...
demo.pcm not found, waiting...
demo.pcm not found, waiting...
demo.pcm not found, waiting...
demo.pcm not found, waiting...
demo.pcm not found, waiting...
demo.pcm not found, waiting...
demo.pcm not found, waiting...
demo.pcm not found, waiting...
demo.pcm not found, waiting...
demo.pcm not found, waiting...
demo.pcm not found, waiting...
demo.pcm not found, waiting...
demo.pcm not found, waiting...
demo.pcm not found, waiting...
demo.pcm not found, waiting...
demo.pcm not found, waiting...
demo.pcm not found, waiting...
demo.pcm not found, waiting...
demo.pcm not found, waiting...
demo.pcm not found, waiting...
demo.pcm not found, waiting...
demo.pcm not found, waiting...
demo.pcm not found, waiting...
demo.pcm not found, waiting...
demo.pcm not found, waiting...
demo.pcm not found, waiting...
demo.pcm not found, waiting...
demo.pcm not found, waiting...
demo.pcm not found, waiting...
demo.pcm not found, waiting...
demo.pcm not found, waiting...
demo.pcm not found, waiting...
demo.pcm not found, waiting...
demo.pcm not found, waiting...
demo.pcm not found, waiting...
demo.pcm not found, waiting...
demo.pcm not found, waiting...
demo.pcm not found, waiting...
demo.pcm not found, waiting...
demo.pcm not found, waiting...
demo.pcm not found, waiting...
demo.pcm not found, waiting...
demo.pcm not found, waiting...
demo.pcm not found, waiting...
demo.pcm not found, waiting...
demo.pcm not found, waiting...
demo.pcm not found, waiting...
demo.pcm not found, waiting...
demo.pcm not found, waiting...
demo.pcm not found, waiting...
demo.pcm not found, waiting...
demo.pcm not found, waiting...
demo.pcm not found, waiting...
demo.pcm not found, waiting...
demo.pcm not found, waiting...
demo.pcm not found, waiting...
demo.pcm not found, waiting...
demo.pcm not found, waiting...
demo.pcm not found, waiting...
demo.pcm not found, waiting...
demo.pcm not found, waiting...
demo.pcm not found, waiting...
demo.pcm not found, waiting...
demo.pcm not found, waiting...
demo.pcm not found, waiting...
demo.pcm not found, waiting...
demo.pcm not found, waiting...
demo.pcm not found, waiting...
demo.pcm not found, waiting...
demo.pcm not found, waiting...
demo.pcm not found, waiting...
demo.pcm not found, waiting...
demo.pcm not found, waiting...
demo.pcm not found, waiting...
demo.pcm not found, waiting...
demo.pcm not found, waiting...
demo.pcm not found, waiting...
demo.pcm not found, waiting...
demo.pcm not found, waiting...
demo.pcm not found, waiting...
demo.pcm not found, waiting...
demo.pcm not found, waiting...
demo.pcm not found, waiting...
demo.pcm not found, waiting...
demo.pcm not found, waiting...
demo.pcm not found, waiting...
demo.pcm not found, waiting...
demo.pcm not found, waiting...
demo.pcm not found, waiting...
demo.pcm not found, waiting...
demo.pcm not found, waiting...
demo.pcm not found, waiting...
demo.pcm not found, waiting...
demo.pcm not found, waiting...
demo.pcm not found, waiting...
demo.pcm not found, waiting...
demo.pcm not found, waiting...
demo.pcm not found, waiting...
demo.pcm not found, waiting...
demo.pcm not found, waiting...
demo.pcm not found, waiting...
demo.pcm not found, waiting...
demo.pcm not found, waiting...
demo.pcm not found, waiting...
demo.pcm not found, waiting...
demo.pcm not found, waiting...
demo.pcm not found, waiting...
demo.pcm not found, waiting...
demo.pcm not found, waiting...
demo.pcm not found, waiting...
demo.pcm not found, waiting...
demo.pcm not found, waiting...
demo.pcm not found, waiting...
demo.pcm not found, waiting...
demo.pcm not found, waiting...
demo.pcm not found, waiting...
demo.pcm not found, waiting...
demo.pcm not found, waiting...
demo.pcm not found, waiting...
demo.pcm not found, waiting...
demo.pcm not found, waiting...
demo.pcm not found, waiting...
demo.pcm not found, waiting...
demo.pcm not found, waiting...
demo.pcm not found, waiting...
demo.pcm not found, waiting...
demo.pcm not found, waiting...
demo.pcm not found, waiting...
demo.pcm not found, waiting...
demo.pcm not found, waiting...
demo.pcm not found, waiting...
demo.pcm not found, waiting...
demo.pcm not found, waiting...
demo.pcm not found, waiting...
demo.pcm not found, waiting...
demo.pcm not found, waiting...
demo.pcm not found, waiting...
demo.pcm not found, waiting...
demo.pcm not found, waiting...
demo.pcm not found, waiting...
demo.pcm not found, waiting...
demo.pcm not found, waiting...
demo.pcm not found, waiting...
demo.pcm not found, waiting...
demo.pcm not found, waiting...
demo.pcm not found, waiting...
demo.pcm not found, waiting...
demo.pcm not found, waiting...
demo.pcm not found, waiting...
demo.pcm not found, waiting...
demo.pcm not found, waiting...
demo.pcm not found, waiting...
demo.pcm not found, waiting...
demo.pcm not found, waiting...
demo.pcm not found, waiting...
demo.pcm not found, waiting...
demo.pcm not found, waiting...
demo.pcm not found, waiting...
demo.pcm not found, waiting...
demo.pcm not found, waiting...
demo.pcm not found, waiting...
demo.pcm not found, waiting...
demo.pcm not found, waiting...
demo.pcm not found, waiting...
demo.pcm not found, waiting...
demo.pcm not found, waiting...
demo.pcm not found, waiting...
demo.pcm not found, waiting...
demo.pcm not found, waiting...
demo.pcm not found, waiting...
demo.pcm not found, waiting...
demo.pcm not found, waiting...
demo.pcm not found, waiting...
demo.pcm not found, waiting...
demo.pcm not found, waiting...
demo.pcm not found, waiting...
demo.pcm not found, waiting...
demo.pcm not found, waiting...
demo.pcm not found, waiting...
demo.pcm not found, waiting...
demo.pcm not found, waiting...
demo.pcm not found, waiting...
demo.pcm not found, waiting...
demo.pcm not found, waiting...
demo.pcm not found, waiting...
demo.pcm not found, waiting...
demo.pcm not found, waiting...
demo.pcm not found, waiting...
demo.pcm not found, waiting...
demo.pcm not found, waiting...
demo.pcm not found, waiting...
demo.pcm not found, waiting...
demo.pcm not found, waiting...
demo.pcm not found, waiting...
demo.pcm not found, waiting...
demo.pcm not found, waiting...
demo.pcm not found, waiting...
demo.pcm not found, waiting...
demo.pcm not found, waiting...
demo.pcm not found, waiting...
demo.pcm not found, waiting...
demo.pcm not found, waiting...
demo.pcm not found, waiting...
demo.pcm not found, waiting...
demo.pcm not found, waiting...
demo.pcm not found, waiting...
demo.pcm not found, waiting...
demo.pcm not found, waiting...
demo.pcm not found, waiting...
demo.pcm not found, waiting...
demo.pcm not found, waiting...
demo.pcm not found, waiting...
demo.pcm not found, waiting...
demo.pcm not found, waiting...
demo.pcm not found, waiting...
demo.pcm not found, waiting...
demo.pcm not found, waiting...
demo.pcm not found, waiting...
demo.pcm not found, waiting...
demo.pcm not found, waiting...
demo.pcm not found, waiting...
demo.pcm not found, waiting...
demo.pcm not found, waiting...
demo.pcm not found, waiting...
demo.pcm not found, waiting...
demo.pcm not found, waiting...
demo.pcm not found, waiting...
demo.pcm not found, waiting...
demo.pcm not found, waiting...
demo.pcm not found, waiting...
demo.pcm not found, waiting...
demo.pcm not found, waiting...
demo.pcm not found, waiting...
demo.pcm not found, waiting...
demo.pcm not found, waiting...
demo.pcm not found, waiting...
demo.pcm not found, waiting...
demo.pcm not found, waiting...
demo.pcm not found, waiting...
demo.pcm not found, waiting...
demo.pcm not found, waiting...
demo.pcm not found, waiting...
demo.pcm not found, waiting...
demo.pcm not found, waiting...
demo.pcm not found, waiting...
demo.pcm not found, waiting...
demo.pcm not found, waiting...
demo.pcm not found, waiting...
demo.pcm not found, waiting...
demo.pcm not found, waiting...
demo.pcm not found, waiting...
demo.pcm not found, waiting...
demo.pcm not found, waiting...
demo.pcm not found, waiting...
demo.pcm not found, waiting...
demo.pcm not found, waiting...
demo.pcm not found, waiting...
demo.pcm not found, waiting...
demo.pcm not found, waiting...
demo.pcm not found, waiting...
demo.pcm not found, waiting...
demo.pcm not found, waiting...
demo.pcm not found, waiting...
demo.pcm not found, waiting...
demo.pcm not found, waiting...
demo.pcm not found, waiting...
demo.pcm not found, waiting...
demo.pcm not found, waiting...
demo.pcm not found, waiting...
demo.pcm not found, waiting...
demo.pcm not found, waiting...
demo.pcm not found, waiting...
demo.pcm not found, waiting...
demo.pcm not found, waiting...
demo.pcm not found, waiting...
demo.pcm not found, waiting...
demo.pcm not found, waiting...
demo.pcm not found, waiting...
demo.pcm not found, waiting...
demo.pcm not found, waiting...
demo.pcm not found, waiting...
demo.pcm not found, waiting...
demo.pcm not found, waiting...
demo.pcm not found, waiting...
demo.pcm not found, waiting...
demo.pcm not found, waiting...
demo.pcm not found, waiting...
demo.pcm not found, waiting...
demo.pcm not found, waiting...
demo.pcm not found, waiting...
demo.pcm not found, waiting...
demo.pcm not found, waiting...
demo.pcm not found, waiting...
demo.pcm not found, waiting...
demo.pcm not found, waiting...
demo.pcm not found, waiting...
demo.pcm not found, waiting...
demo.pcm not found, waiting...
demo.pcm not found, waiting...
demo.pcm not found, waiting...
demo.pcm not found, waiting...
demo.pcm not found, waiting...
demo.pcm not found, waiting...
demo.pcm not found, waiting...
demo.pcm not found, waiting...
demo.pcm not found, waiting...
demo.pcm not found, waiting...
demo.pcm not found, waiting...
demo.pcm not found, waiting...
demo.pcm not found, waiting...
demo.pcm not found, waiting...
demo.pcm not found, waiting...
demo.pcm not found, waiting...
demo.pcm not found, waiting...
demo.pcm not found, waiting...
demo.pcm not found, waiting...
demo.pcm not found, waiting...
demo.pcm not found, waiting...
demo.pcm not found, waiting...
demo.pcm not found, waiting...
demo.pcm not found, waiting...
demo.pcm not found, waiting...
demo.pcm not found, waiting...
demo.pcm not found, waiting...
demo.pcm not found, waiting...
demo.pcm not found, waiting...
demo.pcm not found, waiting...
demo.pcm not found, waiting...
demo.pcm not found, waiting...
demo.pcm not found, waiting...
demo.pcm not found, waiting...
demo.pcm not found, waiting...
demo.pcm not found, waiting...
demo.pcm not found, waiting...
demo.pcm not found, waiting...
demo.pcm not found, waiting...
demo.pcm not found, waiting...
demo.pcm not found, waiting...
demo.pcm not found, waiting...
demo.pcm not found, waiting...
demo.pcm not found, waiting...
demo.pcm not found, waiting...
demo.pcm not found, waiting...
demo.pcm not found, waiting...
demo.pcm not found, waiting...
demo.pcm not found, waiting...
demo.pcm not found, waiting...
demo.pcm not found, waiting...
demo.pcm not found, waiting...
demo.pcm not found, waiting...
demo.pcm not found, waiting...
demo.pcm not found, waiting...
demo.pcm not found, waiting...
demo.pcm not found, waiting...
demo.pcm not found, waiting...
demo.pcm not found, waiting...
demo.pcm not found, waiting...
demo.pcm not found, waiting...
demo.pcm not found, waiting...
demo.pcm not found, waiting...
demo.pcm not found, waiting...
demo.pcm not found, waiting...
demo.pcm not found, waiting...
demo.pcm not found, waiting...
demo.pcm not found, waiting...
demo.pcm not found, waiting...
demo.pcm not found, waiting...
demo.pcm not found, waiting...
demo.pcm not found, waiting...
demo.pcm not found, waiting...
demo.pcm not found, waiting...
demo.pcm not found, waiting...
demo.pcm not found, waiting...
demo.pcm not found, waiting...
demo.pcm not found, waiting...
demo.pcm not found, waiting...
demo.pcm not found, waiting...
demo.pcm not found, waiting...
demo.pcm not found, waiting...
demo.pcm not found, waiting...
demo.pcm not found, waiting...
demo.pcm not found, waiting...
demo.pcm not found, waiting...
demo.pcm not found, waiting...
demo.pcm not found, waiting...
demo.pcm not found, waiting...
demo.pcm not found, waiting...
demo.pcm not found, waiting...
demo.pcm not found, waiting...
demo.pcm not found, waiting...
demo.pcm not found, waiting...
demo.pcm not found, waiting...
demo.pcm not found, waiting...
demo.pcm not found, waiting...
demo.pcm not found, waiting...
demo.pcm not found, waiting...
demo.pcm not found, waiting...
demo.pcm not found, waiting...
demo.pcm not found, waiting...
demo.pcm not found, waiting...
demo.pcm not found, waiting...
demo.pcm not found, waiting...
demo.pcm not found, waiting...
demo.pcm not found, waiting...
demo.pcm not found, waiting...
demo.pcm not found, waiting...
demo.pcm not found, waiting...
demo.pcm not found, waiting...
demo.pcm not found, waiting...
demo.pcm not found, waiting...
demo.pcm not found, waiting...
demo.pcm not found, waiting...
demo.pcm not found, waiting...
demo.pcm not found, waiting...
demo.pcm not found, waiting...
demo.pcm not found, waiting...
demo.pcm not found, waiting...
demo.pcm not found, waiting...
demo.pcm not found, waiting...
demo.pcm not found, waiting...
demo.pcm not found, waiting...
demo.pcm not found, waiting...
demo.pcm not found, waiting...
demo.pcm not found, waiting...
demo.pcm not found, waiting...
demo.pcm not found, waiting...
demo.pcm not found, waiting...
demo.pcm not found, waiting...
demo.pcm not found, waiting...
demo.pcm not found, waiting...
demo.pcm not found, waiting...
demo.pcm not found, waiting...
demo.pcm not found, waiting...
demo.pcm not found, waiting...
demo.pcm not found, waiting...
demo.pcm not found, waiting...
demo.pcm not found, waiting...
demo.pcm not found, waiting...
demo.pcm not found, waiting...
demo.pcm not found, waiting...
demo.pcm not found, waiting...
demo.pcm not found, waiting...
demo.pcm not found, waiting...
demo.pcm not found, waiting...
demo.pcm not found, waiting...
demo.pcm not found, waiting...
demo.pcm not found, waiting...
demo.pcm not found, waiting...
demo.pcm not found, waiting...
demo.pcm not found, waiting...
demo.pcm not found, waiting...
demo.pcm not found, waiting...
demo.pcm not found, waiting...
demo.pcm not found, waiting...
demo.pcm not found, waiting...
demo.pcm not found, waiting...
demo.pcm not found, waiting...
demo.pcm not found, waiting...
demo.pcm not found, waiting...
demo.pcm not found, waiting...
demo.pcm not found, waiting...
demo.pcm not found, waiting...
demo.pcm not found, waiting...
demo.pcm not found, waiting...
demo.pcm not found, waiting...
demo.pcm not found, waiting...
demo.pcm not found, waiting...
demo.pcm not found, waiting...
demo.pcm not found, waiting...
demo.pcm not found, waiting...
demo.pcm not found, waiting...
demo.pcm not found, waiting...
demo.pcm not found, waiting...
demo.pcm not found, waiting...
demo.pcm not found, waiting...
demo.pcm not found, waiting...
demo.pcm not found, waiting...
demo.pcm not found, waiting...
demo.pcm not found, waiting...
demo.pcm not found, waiting...
demo.pcm not found, waiting...
demo.pcm not found, waiting...
demo.pcm not found, waiting...
demo.pcm not found, waiting...
demo.pcm not found, waiting...
demo.pcm not found, waiting...
demo.pcm not found, waiting...
demo.pcm not found, waiting...
demo.pcm not found, waiting...
demo.pcm not found, waiting...
demo.pcm not found, waiting...
demo.pcm not found, waiting...
demo.pcm not found, waiting...
demo.pcm not found, waiting...
demo.pcm not found, waiting...
demo.pcm not found, waiting...
demo.pcm not found, waiting...
demo.pcm not found, waiting...
demo.pcm not found, waiting...
demo.pcm not found, waiting...
demo.pcm not found, waiting...
demo.pcm not found, waiting...
demo.pcm not found, waiting...
demo.pcm not found, waiting...
demo.pcm not found, waiting...
demo.pcm not found, waiting...
demo.pcm not found, waiting...
demo.pcm not found, waiting...
demo.pcm not found, waiting...
demo.pcm not found, waiting...
demo.pcm not found, waiting...
demo.pcm not found, waiting...
demo.pcm not found, waiting...
demo.pcm not found, waiting...
demo.pcm not found, waiting...
demo.pcm not found, waiting...
demo.pcm not found, waiting...
demo.pcm not found, waiting...
demo.pcm not found, waiting...
demo.pcm not found, waiting...
demo.pcm not found, waiting...
demo.pcm not found, waiting...
demo.pcm not found, waiting...
demo.pcm not found, waiting...
demo.pcm not found, waiting...
demo.pcm not found, waiting...
demo.pcm not found, waiting...
demo.pcm not found, waiting...
demo.pcm not found, waiting...
demo.pcm not found, waiting...
demo.pcm not found, waiting...
demo.pcm not found, waiting...
demo.pcm not found, waiting...
demo.pcm not found, waiting...
demo.pcm not found, waiting...
demo.pcm not found, waiting...
demo.pcm not found, waiting...
demo.pcm not found, waiting...
demo.pcm not found, waiting...
demo.pcm not found, waiting...
demo.pcm not found, waiting...
demo.pcm not found, waiting...
demo.pcm not found, waiting...
demo.pcm not found, waiting...
demo.pcm not found, waiting...
demo.pcm not found, waiting...
demo.pcm not found, waiting...
demo.pcm not found, waiting...
demo.pcm not found, waiting...
demo.pcm not found, waiting...
demo.pcm not found, waiting...
demo.pcm not found, waiting...
demo.pcm not found, waiting...
demo.pcm not found, waiting...
demo.pcm not found, waiting...
demo.pcm not found, waiting...
demo.pcm not found, waiting...
demo.pcm not found, waiting...
demo.pcm not found, waiting...
demo.pcm not found, waiting...
demo.pcm not found, waiting...
demo.pcm not found, waiting...
demo.pcm not found, waiting...
demo.pcm not found, waiting...
demo.pcm not found, waiting...
demo.pcm not found, waiting...
demo.pcm not found, waiting...
demo.pcm not found, waiting...
demo.pcm not found, waiting...
demo.pcm not found, waiting...
demo.pcm not found, waiting...
demo.pcm not found, waiting...
demo.pcm not found, waiting...
demo.pcm not found, waiting...
demo.pcm not found, waiting...
demo.pcm not found, waiting...
demo.pcm not found, waiting...
demo.pcm not found, waiting...
demo.pcm not found, waiting...
demo.pcm not found, waiting...
demo.pcm not found, waiting...
demo.pcm not found, waiting...
demo.pcm not found, waiting...
demo.pcm not found, waiting...
demo.pcm not found, waiting...
demo.pcm not found, waiting...
demo.pcm not found, waiting...
demo.pcm not found, waiting...
demo.pcm not found, waiting...
demo.pcm not found, waiting...
demo.pcm not found, waiting...
demo.pcm not found, waiting...
demo.pcm not found, waiting...
demo.pcm not found, waiting...
demo.pcm not found, waiting...
demo.pcm not found, waiting...
demo.pcm not found, waiting...
demo.pcm not found, waiting...
demo.pcm not found, waiting...
demo.pcm not found, waiting...
demo.pcm not found, waiting...
demo.pcm not found, waiting...
demo.pcm not found, waiting...
demo.pcm not found, waiting...
demo.pcm not found, waiting...
demo.pcm not found, waiting...
demo.pcm not found, waiting...
demo.pcm not found, waiting...
demo.pcm not found, waiting...
demo.pcm not found, waiting...
demo.pcm not found, waiting...
demo.pcm not found, waiting...
demo.pcm not found, waiting...
demo.pcm not found, waiting...
demo.pcm not found, waiting...
demo.pcm not found, waiting...
demo.pcm not found, waiting...
demo.pcm not found, waiting...
demo.pcm not found, waiting...
demo.pcm not found, waiting...
demo.pcm not found, waiting...
demo.pcm not found, waiting...
demo.pcm not found, waiting...
demo.pcm not found, waiting...
demo.pcm not found, waiting...
demo.pcm not found, waiting...
demo.pcm not found, waiting...
demo.pcm not found, waiting...
demo.pcm not found, waiting...
demo.pcm not found, waiting...
demo.pcm not found, waiting...
demo.pcm not found, waiting...
demo.pcm not found, waiting...
demo.pcm not found, waiting...
demo.pcm not found, waiting...
demo.pcm not found, waiting...
demo.pcm not found, waiting...
demo.pcm not found, waiting...
demo.pcm not found, waiting...
demo.pcm not found, waiting...
demo.pcm not found, waiting...
demo.pcm not found, waiting...
demo.pcm not found, waiting...
demo.pcm not found, waiting...
demo.pcm not found, waiting...
demo.pcm not found, waiting...
demo.pcm not found, waiting...
demo.pcm not found, waiting...
demo.pcm not found, waiting...
demo.pcm not found, waiting...
demo.pcm not found, waiting...
demo.pcm not found, waiting...
demo.pcm not found, waiting...
demo.pcm not found, waiting...
demo.pcm not found, waiting...
demo.pcm not found, waiting...
demo.pcm not found, waiting...
demo.pcm not found, waiting...
demo.pcm not found, waiting...
demo.pcm not found, waiting...
demo.pcm not found, waiting...
demo.pcm not found, waiting...
demo.pcm not found, waiting...
demo.pcm not found, waiting...
demo.pcm not found, waiting...
demo.pcm not found, waiting...
demo.pcm not found, waiting...
demo.pcm not found, waiting...
demo.pcm not found, waiting...
demo.pcm not found, waiting...
demo.pcm not found, waiting...
demo.pcm not found, waiting...
demo.pcm not found, waiting...
demo.pcm not found, waiting...
demo.pcm not found, waiting...
demo.pcm not found, waiting...
demo.pcm not found, waiting...
demo.pcm not found, waiting...
demo.pcm not found, waiting...
demo.pcm not found, waiting...
demo.pcm not found, waiting...
demo.pcm not found, waiting...
demo.pcm not found, waiting...
demo.pcm not found, waiting...
demo.pcm not found, waiting...
demo.pcm not found, waiting...
demo.pcm not found, waiting...
demo.pcm not found, waiting...
demo.pcm not found, waiting...
demo.pcm not found, waiting...
demo.pcm not found, waiting...
demo.pcm not found, waiting...
demo.pcm not found, waiting...
demo.pcm not found, waiting...
demo.pcm not found, waiting...
demo.pcm not found, waiting...
demo.pcm not found, waiting...
demo.pcm not found, waiting...
demo.pcm not found, waiting...
demo.pcm not found, waiting...
demo.pcm not found, waiting...
demo.pcm not found, waiting...
demo.pcm not found, waiting...
demo.pcm not found, waiting...
demo.pcm not found, waiting...
demo.pcm not found, waiting...
demo.pcm not found, waiting...
demo.pcm not found, waiting...
demo.pcm not found, waiting...
demo.pcm not found, waiting...
demo.pcm not found, waiting...
demo.pcm not found, waiting...
demo.pcm not found, waiting...
demo.pcm not found, waiting...
demo.pcm not found, waiting...
demo.pcm not found, waiting...
demo.pcm not found, waiting...
demo.pcm not found, waiting...
demo.pcm not found, waiting...
demo.pcm not found, waiting...
demo.pcm not found, waiting...
demo.pcm not found, waiting...
demo.pcm not found, waiting...
demo.pcm not found, waiting...
demo.pcm not found, waiting...
demo.pcm not found, waiting...
demo.pcm not found, waiting...
demo.pcm not found, waiting...
demo.pcm not found, waiting...
demo.pcm not found, waiting...
demo.pcm not found, waiting...
demo.pcm not found, waiting...
demo.pcm not found, waiting...
demo.pcm not found, waiting...
demo.pcm not found, waiting...
demo.pcm not found, waiting...
demo.pcm not found, waiting...
demo.pcm not found, waiting...
demo.pcm not found, waiting...
demo.pcm not found, waiting...
demo.pcm not found, waiting...
demo.pcm not found, waiting...
demo.pcm not found, waiting...
demo.pcm not found, waiting...
demo.pcm not found, waiting...
demo.pcm not found, waiting...
demo.pcm not found, waiting...
demo.pcm not found, waiting...
demo.pcm not found, waiting...
demo.pcm not found, waiting...
demo.pcm not found, waiting...
demo.pcm not found, waiting...
demo.pcm not found, waiting...
demo.pcm not found, waiting...
demo.pcm not found, waiting...
demo.pcm not found, waiting...
demo.pcm not found, waiting...
demo.pcm not found, waiting...
demo.pcm not found, waiting...
demo.pcm not found, waiting...
demo.pcm not found, waiting...
demo.pcm not found, waiting...
demo.pcm not found, waiting...
demo.pcm not found, waiting...
demo.pcm not found, waiting...
demo.pcm not found, waiting...
demo.pcm not found, waiting...
demo.pcm not found, waiting...
demo.pcm not found, waiting...
demo.pcm not found, waiting...
demo.pcm not found, waiting...
demo.pcm not found, waiting...
demo.pcm not found, waiting...
demo.pcm not found, waiting...
demo.pcm not found, waiting...
demo.pcm not found, waiting...
demo.pcm not found, waiting...
demo.pcm not found, waiting...
demo.pcm not found, waiting...
demo.pcm not found, waiting...
demo.pcm not found, waiting...
demo.pcm not found, waiting...
demo.pcm not found, waiting...
demo.pcm not found, waiting...
demo.pcm not found, waiting...
demo.pcm not found, waiting...
demo.pcm not found, waiting...
demo.pcm not found, waiting...
demo.pcm not found, waiting...
demo.pcm not found, waiting...
demo.pcm not found, waiting...
demo.pcm not found, waiting...
demo.pcm not found, waiting...
demo.pcm not found, waiting...
demo.pcm not found, waiting...
demo.pcm not found, waiting...
demo.pcm not found, waiting...
demo.pcm not found, waiting...
demo.pcm not found, waiting...
demo.pcm not found, waiting...
demo.pcm not found, waiting...
demo.pcm not found, waiting...
demo.pcm not found, waiting...
demo.pcm not found, waiting...
demo.pcm not found, waiting...
demo.pcm not found, waiting...
demo.pcm not found, waiting...
demo.pcm not found, waiting...
demo.pcm not found, waiting...
demo.pcm not found, waiting...
demo.pcm not found, waiting...
demo.pcm not found, waiting...
demo.pcm not found, waiting...
demo.pcm not found, waiting...
demo.pcm not found, waiting...
demo.pcm not found, waiting...
demo.pcm not found, waiting...
demo.pcm not found, waiting...
demo.pcm not found, waiting...
demo.pcm not found, waiting...
demo.pcm not found, waiting...
demo.pcm not found, waiting...
demo.pcm not found, waiting...
demo.pcm not found, waiting...
demo.pcm not found, waiting...
demo.pcm not found, waiting...
demo.pcm not found, waiting...
demo.pcm not found, waiting...
demo.pcm not found, waiting...
demo.pcm not found, waiting...
demo.pcm not found, waiting...
demo.pcm not found, waiting...
demo.pcm not found, waiting...
demo.pcm not found, waiting...
demo.pcm not found, waiting...
demo.pcm not found, waiting...
demo.pcm not found, waiting...
demo.pcm not found, waiting...
demo.pcm not found, waiting...
demo.pcm not found, waiting...
demo.pcm not found, waiting...
demo.pcm not found, waiting...
demo.pcm not found, waiting...
demo.pcm not found, waiting...
demo.pcm not found, waiting...
demo.pcm not found, waiting...
demo.pcm not found, waiting...
demo.pcm not found, waiting...
demo.pcm not found, waiting...
demo.pcm not found, waiting...
demo.pcm not found, waiting...
demo.pcm not found, waiting...
demo.pcm not found, waiting...
demo.pcm not found, waiting...
demo.pcm not found, waiting...
demo.pcm not found, waiting...
demo.pcm not found, waiting...
demo.pcm not found, waiting...
demo.pcm not found, waiting...
demo.pcm not found, waiting...
demo.pcm not found, waiting...
demo.pcm not found, waiting...
demo.pcm not found, waiting...
demo.pcm not found, waiting...
demo.pcm not found, waiting...
demo.pcm not found, waiting...
demo.pcm not found, waiting...
demo.pcm not found, waiting...
demo.pcm not found, waiting...
demo.pcm not found, waiting...
demo.pcm not found, waiting...
demo.pcm not found, waiting...
demo.pcm not found, waiting...
demo.pcm not found, waiting...
demo.pcm not found, waiting...
demo.pcm not found, waiting...
demo.pcm not found, waiting...
demo.pcm not found, waiting...
demo.pcm not found, waiting...
demo.pcm not found, waiting...
demo.pcm not found, waiting...
demo.pcm not found, waiting...
demo.pcm not found, waiting...
demo.pcm not found, waiting...
demo.pcm not found, waiting...
demo.pcm not found, waiting...
demo.pcm not found, waiting...
demo.pcm not found, waiting...
demo.pcm not found, waiting...
demo.pcm not found, waiting...
demo.pcm not found, waiting...
demo.pcm not found, waiting...
demo.pcm not found, waiting...
demo.pcm not found, waiting...
demo.pcm not found, waiting...
demo.pcm not found, waiting...
demo.pcm not found, waiting...
demo.pcm not found, waiting...
demo.pcm not found, waiting...
demo.pcm not found, waiting...
demo.pcm not found, waiting...
demo.pcm not found, waiting...
demo.pcm not found, waiting...
demo.pcm not found, waiting...
demo.pcm not found, waiting...
demo.pcm not found, waiting...
demo.pcm not found, waiting...
demo.pcm not found, waiting...
demo.pcm not found, waiting...
demo.pcm not found, waiting...
demo.pcm not found, waiting...
demo.pcm not found, waiting...
demo.pcm not found, waiting...
demo.pcm not found, waiting...
demo.pcm not found, waiting...
demo.pcm not found, waiting...
demo.pcm not found, waiting...
demo.pcm not found, waiting...
demo.pcm not found, waiting...
demo.pcm not found, waiting...
demo.pcm not found, waiting...
demo.pcm not found, waiting...
demo.pcm not found, waiting...
demo.pcm not found, waiting...
demo.pcm not found, waiting...
demo.pcm not found, waiting...
demo.pcm not found, waiting...
demo.pcm not found, waiting...
demo.pcm not found, waiting...
demo.pcm not found, waiting...
demo.pcm not found, waiting...
demo.pcm not found, waiting...
demo.pcm not found, waiting...
demo.pcm not found, waiting...
demo.pcm not found, waiting...
demo.pcm not found, waiting...
demo.pcm not found, waiting...
demo.pcm not found, waiting...
demo.pcm not found, waiting...
demo.pcm not found, waiting...
demo.pcm not found, waiting...
demo.pcm not found, waiting...
demo.pcm not found, waiting...
demo.pcm not found, waiting...
demo.pcm not found, waiting...
demo.pcm not found, waiting...
demo.pcm not found, waiting...
demo.pcm not found, waiting...
demo.pcm not found, waiting...
demo.pcm not found, waiting...
demo.pcm not found, waiting...
demo.pcm not found, waiting...
demo.pcm not found, waiting...
demo.pcm not found, waiting...
demo.pcm not found, waiting...
demo.pcm not found, waiting...
demo.pcm not found, waiting...
demo.pcm not found, waiting...
demo.pcm not found, waiting...
demo.pcm not found, waiting...
demo.pcm not found, waiting...
demo.pcm not found, waiting...
demo.pcm not found, waiting...
demo.pcm not found, waiting...
demo.pcm not found, waiting...
demo.pcm not found, waiting...
demo.pcm not found, waiting...
demo.pcm not found, waiting...
demo.pcm not found, waiting...
demo.pcm not found, waiting...
demo.pcm not found, waiting...
demo.pcm not found, waiting...
demo.pcm not found, waiting...
demo.pcm not found, waiting...
demo.pcm not found, waiting...
demo.pcm not found, waiting...
demo.pcm not found, waiting...
demo.pcm not found, waiting...
demo.pcm not found, waiting...
demo.pcm not found, waiting...
demo.pcm not found, waiting...
demo.pcm not found, waiting...
demo.pcm not found, waiting...
demo.pcm not found, waiting...
demo.pcm not found, waiting...
demo.pcm not found, waiting...
demo.pcm not found, waiting...
demo.pcm not found, waiting...
demo.pcm not found, waiting...
demo.pcm not found, waiting...
demo.pcm not found, waiting...
demo.pcm not found, waiting...
demo.pcm not found, waiting...
demo.pcm not found, waiting...
demo.pcm not found, waiting...
demo.pcm not found, waiting...
demo.pcm not found, waiting...
demo.pcm not found, waiting...
demo.pcm not found, waiting...
demo.pcm not found, waiting...
demo.pcm not found, waiting...
demo.pcm not found, waiting...
demo.pcm not found, waiting...
demo.pcm not found, waiting...
demo.pcm not found, waiting...
demo.pcm not found, waiting...
demo.pcm not found, waiting...
demo.pcm not found, waiting...
demo.pcm not found, waiting...
demo.pcm not found, waiting...
demo.pcm not found, waiting...
demo.pcm not found, waiting...
demo.pcm not found, waiting...
demo.pcm not found, waiting...
demo.pcm not found, waiting...
demo.pcm not found, waiting...
demo.pcm not found, waiting...
demo.pcm not found, waiting...
demo.pcm not found, waiting...
demo.pcm not found, waiting...
demo.pcm not found, waiting...
demo.pcm not found, waiting...
demo.pcm not found, waiting...
demo.pcm not found, waiting...
demo.pcm not found, waiting...
demo.pcm not found, waiting...
demo.pcm not found, waiting...
demo.pcm not found, waiting...
demo.pcm not found, waiting...
demo.pcm not found, waiting...
demo.pcm not found, waiting...
demo.pcm not found, waiting...
demo.pcm not found, waiting...
demo.pcm not found, waiting...
demo.pcm not found, waiting...
demo.pcm not found, waiting...
demo.pcm not found, waiting...
demo.pcm not found, waiting...
demo.pcm not found, waiting...
demo.pcm not found, waiting...
demo.pcm not found, waiting...
demo.pcm not found, waiting...
demo.pcm not found, waiting...
demo.pcm not found, waiting...
demo.pcm not found, waiting...
demo.pcm not found, waiting...
demo.pcm not found, waiting...
demo.pcm not found, waiting...
demo.pcm not found, waiting...
demo.pcm not found, waiting...
demo.pcm not found, waiting...
demo.pcm not found, waiting...
demo.pcm not found, waiting...
demo.pcm not found, waiting...
demo.pcm not found, waiting...
demo.pcm not found, waiting...
demo.pcm not found, waiting...
demo.pcm not found, waiting...
demo.pcm not found, waiting...
demo.pcm not found, waiting...
demo.pcm not found, waiting...
demo.pcm not found, waiting...
demo.pcm not found, waiting...
demo.pcm not found, waiting...
demo.pcm not found, waiting...
demo.pcm not found, waiting...
demo.pcm not found, waiting...
demo.pcm not found, waiting...
demo.pcm not found, waiting...
demo.pcm not found, waiting...
demo.pcm not found, waiting...
demo.pcm not found, waiting...
demo.pcm not found, waiting...
demo.pcm not found, waiting...
demo.pcm not found, waiting...
demo.pcm not found, waiting...
demo.pcm not found, waiting...
demo.pcm not found, waiting...
demo.pcm not found, waiting...
demo.pcm not found, waiting...
demo.pcm not found, waiting...
demo.pcm not found, waiting...
demo.pcm not found, waiting...
demo.pcm not found, waiting...
demo.pcm not found, waiting...
demo.pcm not found, waiting...
demo.pcm not found, waiting...
demo.pcm not found, waiting...
demo.pcm not found, waiting...
demo.pcm not found, waiting...
demo.pcm not found, waiting...
demo.pcm not found, waiting...
demo.pcm not found, waiting...
demo.pcm not found, waiting...
demo.pcm not found, waiting...
demo.pcm not found, waiting...
demo.pcm not found, waiting...
demo.pcm not found, waiting...
demo.pcm not found, waiting...
demo.pcm not found, waiting...
demo.pcm not found, waiting...
demo.pcm not found, waiting...
demo.pcm not found, waiting...
demo.pcm not found, waiting...
demo.pcm not found, waiting...
demo.pcm not found, waiting...
demo.pcm not found, waiting...
demo.pcm not found, waiting...
demo.pcm not found, waiting...
demo.pcm not found, waiting...
demo.pcm not found, waiting...
demo.pcm not found, waiting...
demo.pcm not found, waiting...
demo.pcm not found, waiting...
demo.pcm not found, waiting...
demo.pcm not found, waiting...
demo.pcm not found, waiting...
demo.pcm not found, waiting...
demo.pcm not found, waiting...
demo.pcm not found, waiting...
demo.pcm not found, waiting...
demo.pcm not found, waiting...
demo.pcm not found, waiting...
demo.pcm not found, waiting...
demo.pcm not found, waiting...
demo.pcm not found, waiting...
demo.pcm not found, waiting...
demo.pcm not found, waiting...
demo.pcm not found, waiting...
demo.pcm not found, waiting...
demo.pcm not found, waiting...
demo.pcm not found, waiting...
demo.pcm not found, waiting...
demo.pcm not found, waiting...
demo.pcm not found, waiting...
demo.pcm not found, waiting...
demo.pcm not found, waiting...
demo.pcm not found, waiting...
demo.pcm not found, waiting...
demo.pcm not found, waiting...
demo.pcm not found, waiting...
demo.pcm not found, waiting...
demo.pcm not found, waiting...
demo.pcm not found, waiting...
demo.pcm not found, waiting...
demo.pcm not found, waiting...
demo.pcm not found, waiting...
demo.pcm not found, waiting...
demo.pcm not found, waiting...
demo.pcm not found, waiting...
demo.pcm not found, waiting...
demo.pcm not found, waiting...
demo.pcm not found, waiting...
demo.pcm not found, waiting...
demo.pcm not found, waiting...
demo.pcm not found, waiting...
demo.pcm not found, waiting...
demo.pcm not found, waiting...
demo.pcm not found, waiting...
demo.pcm not found, waiting...
demo.pcm not found, waiting...
demo.pcm not found, waiting...
demo.pcm not found, waiting...
demo.pcm not found, waiting...
demo.pcm not found, waiting...
demo.pcm not found, waiting...
demo.pcm not found, waiting...
demo.pcm not found, waiting...
demo.pcm not found, waiting...
demo.pcm not found, waiting...
demo.pcm not found, waiting...
demo.pcm not found, waiting...
demo.pcm not found, waiting...
demo.pcm not found, waiting...
demo.pcm not found, waiting...
demo.pcm not found, waiting...
demo.pcm not found, waiting...
demo.pcm not found, waiting...
demo.pcm not found, waiting...
demo.pcm not found, waiting...
demo.pcm not found, waiting...
demo.pcm not found, waiting...
demo.pcm not found, waiting...
demo.pcm not found, waiting...
demo.pcm not found, waiting...
demo.pcm not found, waiting...
demo.pcm not found, waiting...
demo.pcm not found, waiting...
demo.pcm not found, waiting...
demo.pcm not found, waiting...
demo.pcm not found, waiting...
demo.pcm not found, waiting...
demo.pcm not found, waiting...
demo.pcm not found, waiting...
demo.pcm not found, waiting...
demo.pcm not found, waiting...
demo.pcm not found, waiting...
demo.pcm not found, waiting...
demo.pcm not found, waiting...
demo.pcm not found, waiting...
demo.pcm not found, waiting...
demo.pcm not found, waiting...
demo.pcm not found, waiting...
demo.pcm not found, waiting...
demo.pcm not found, waiting...
demo.pcm not found, waiting...
demo.pcm not found, waiting...
demo.pcm not found, waiting...
demo.pcm not found, waiting...
demo.pcm not found, waiting...
demo.pcm not found, waiting...
demo.pcm not found, waiting...
demo.pcm not found, waiting...
demo.pcm not found, waiting...
demo.pcm not found, waiting...
demo.pcm not found, waiting...
demo.pcm not found, waiting...
demo.pcm not found, waiting...
demo.pcm not found, waiting...
demo.pcm not found, waiting...
demo.pcm not found, waiting...
demo.pcm not found, waiting...
demo.pcm not found, waiting...
demo.pcm not found, waiting...
demo.pcm not found, waiting...
demo.pcm not found, waiting...
demo.pcm not found, waiting...
demo.pcm not found, waiting...
demo.pcm not found, waiting...
demo.pcm not found, waiting...
demo.pcm not found, waiting...
demo.pcm not found, waiting...
demo.pcm not found, waiting...
demo.pcm not found, waiting...
demo.pcm not found, waiting...
demo.pcm not found, waiting...
demo.pcm not found, waiting...
demo.pcm not found, waiting...
demo.pcm not found, waiting...
demo.pcm not found, waiting...
demo.pcm not found, waiting...
demo.pcm not found, waiting...
demo.pcm not found, waiting...
demo.pcm not found, waiting...
demo.pcm not found, waiting...
demo.pcm not found, waiting...
demo.pcm not found, waiting...
demo.pcm not found, waiting...
demo.pcm not found, waiting...
demo.pcm not found, waiting...
demo.pcm not found, waiting...
demo.pcm not found, waiting...
demo.pcm not found, waiting...
demo.pcm not found, waiting...
demo.pcm not found, waiting...
demo.pcm not found, waiting...
demo.pcm not found, waiting...
demo.pcm not found, waiting...
demo.pcm not found, waiting...
demo.pcm not found, waiting...
demo.pcm not found, waiting...
demo.pcm not found, waiting...
demo.pcm not found, waiting...
demo.pcm not found, waiting...
demo.pcm not found, waiting...
demo.pcm not found, waiting...
demo.pcm not found, waiting...
demo.pcm not found, waiting...
demo.pcm not found, waiting...
demo.pcm not found, waiting...
demo.pcm not found, waiting...
demo.pcm not found, waiting...
demo.pcm not found, waiting...
demo.pcm not found, waiting...
demo.pcm not found, waiting...
demo.pcm not found, waiting...
demo.pcm not found, waiting...
demo.pcm not found, waiting...
demo.pcm not found, waiting...
demo.pcm not found, waiting...
demo.pcm not found, waiting...
demo.pcm not found, waiting...
demo.pcm not found, waiting...
demo.pcm not found, waiting...
demo.pcm not found, waiting...
demo.pcm not found, waiting...
demo.pcm not found, waiting...
demo.pcm not found, waiting...
demo.pcm not found, waiting...
demo.pcm not found, waiting...
demo.pcm not found, waiting...
demo.pcm not found, waiting...
demo.pcm not found, waiting...
demo.pcm not found, waiting...
demo.pcm not found, waiting...
demo.pcm not found, waiting...
demo.pcm not found, waiting...
demo.pcm not found, waiting...
demo.pcm not found, waiting...
demo.pcm not found, waiting...
demo.pcm not found, waiting...
demo.pcm not found, waiting...
demo.pcm not found, waiting...
demo.pcm not found, waiting...
demo.pcm not found, waiting...
demo.pcm not found, waiting...
demo.pcm not found, waiting...
demo.pcm not found, waiting...
demo.pcm not found, waiting...
demo.pcm not found, waiting...
demo.pcm not found, waiting...
demo.pcm not found, waiting...
demo.pcm not found, waiting...
demo.pcm not found, waiting...
demo.pcm not found, waiting...
demo.pcm not found, waiting...
demo.pcm not found, waiting...
demo.pcm not found, waiting...
demo.pcm not found, waiting...
demo.pcm not found, waiting...
demo.pcm not found, waiting...
demo.pcm not found, waiting...
demo.pcm not found, waiting...
demo.pcm not found, waiting...
demo.pcm not found, waiting...
demo.pcm not found, waiting...
demo.pcm not found, waiting...
demo.pcm not found, waiting...
demo.pcm not found, waiting...
demo.pcm not found, waiting...
demo.pcm not found, waiting...
demo.pcm not found, waiting...
demo.pcm not found, waiting...
demo.pcm not found, waiting...
demo.pcm not found, waiting...
demo.pcm not found, waiting...
demo.pcm not found, waiting...
demo.pcm not found, waiting...
demo.pcm not found, waiting...
demo.pcm not found, waiting...
demo.pcm not found, waiting...
demo.pcm not found, waiting...
demo.pcm not found, waiting...
demo.pcm not found, waiting...
demo.pcm not found, waiting...
demo.pcm not found, waiting...
demo.pcm not found, waiting...
demo.pcm not found, waiting...
demo.pcm not found, waiting...
demo.pcm not found, waiting...
demo.pcm not found, waiting...
demo.pcm not found, waiting...
demo.pcm not found, waiting...
demo.pcm not found, waiting...
demo.pcm not found, waiting...
demo.pcm not found, waiting...
demo.pcm not found, waiting...
demo.pcm not found, waiting...
demo.pcm not found, waiting...
demo.pcm not found, waiting...
demo.pcm not found, waiting...
demo.pcm not found, waiting...
demo.pcm not found, waiting...
demo.pcm not found, waiting...
demo.pcm not found, waiting...
demo.pcm not found, waiting...
demo.pcm not found, waiting...
demo.pcm not found, waiting...
demo.pcm not found, waiting...
demo.pcm not found, waiting...
demo.pcm not found, waiting...
demo.pcm not found, waiting...
demo.pcm not found, waiting...
demo.pcm not found, waiting...
demo.pcm not found, waiting...
demo.pcm not found, waiting...
demo.pcm not found, waiting...
demo.pcm not found, waiting...
demo.pcm not found, waiting...
demo.pcm not found, waiting...
demo.pcm not found, waiting...
demo.pcm not found, waiting...
demo.pcm not found, waiting...
demo.pcm not found, waiting...
demo.pcm not found, waiting...
demo.pcm not found, waiting...
demo.pcm not found, waiting...
demo.pcm not found, waiting...
demo.pcm not found, waiting...
demo.pcm not found, waiting...
demo.pcm not found, waiting...
demo.pcm not found, waiting...
demo.pcm not found, waiting...
demo.pcm not found, waiting...
demo.pcm not found, waiting...
demo.pcm not found, waiting...
demo.pcm not found, waiting...
demo.pcm not found, waiting...
demo.pcm not found, waiting...
demo.pcm not found, waiting...
demo.pcm not found, waiting...
demo.pcm not found, waiting...
demo.pcm not found, waiting...
demo.pcm not found, waiting...
demo.pcm not found, waiting...
demo.pcm not found, waiting...
demo.pcm not found, waiting...
demo.pcm not found, waiting...
demo.pcm not found, waiting...
demo.pcm not found, waiting...
demo.pcm not found, waiting...
demo.pcm not found, waiting...
demo.pcm not found, waiting...
demo.pcm not found, waiting...
demo.pcm not found, waiting...
demo.pcm not found, waiting...
demo.pcm not found, waiting...
demo.pcm not found, waiting...
demo.pcm not found, waiting...
demo.pcm not found, waiting...
demo.pcm not found, waiting...
demo.pcm not found, waiting...
demo.pcm not found, waiting...
demo.pcm not found, waiting...
demo.pcm not found, waiting...
demo.pcm not found, waiting...
demo.pcm not found, waiting...
demo.pcm not found, waiting...
demo.pcm not found, waiting...
demo.pcm not found, waiting...
demo.pcm not found, waiting...
demo.pcm not found, waiting...
demo.pcm not found, waiting...
demo.pcm not found, waiting...
demo.pcm not found, waiting...
demo.pcm not found, waiting...
demo.pcm not found, waiting...
demo.pcm not found, waiting...
demo.pcm not found, waiting...
demo.pcm not found, waiting...
demo.pcm not found, waiting...
demo.pcm not found, waiting...
demo.pcm not found, waiting...
demo.pcm not found, waiting...
demo.pcm not found, waiting...
demo.pcm not found, waiting...
demo.pcm not found, waiting...
demo.pcm not found, waiting...
demo.pcm not found, waiting...
demo.pcm not found, waiting...
demo.pcm not found, waiting...
demo.pcm not found, waiting...
demo.pcm not found, waiting...
demo.pcm not found, waiting...
demo.pcm not found, waiting...
demo.pcm not found, waiting...
demo.pcm not found, waiting...
demo.pcm not found, waiting...
demo.pcm not found, waiting...
demo.pcm not found, waiting...
demo.pcm not found, waiting...
demo.pcm not found, waiting...
demo.pcm not found, waiting...
demo.pcm not found, waiting...
demo.pcm not found, waiting...
demo.pcm not found, waiting...
demo.pcm not found, waiting...
demo.pcm not found, waiting...
demo.pcm not found, waiting...
demo.pcm not found, waiting...
demo.pcm not found, waiting...
demo.pcm not found, waiting...
demo.pcm not found, waiting...
demo.pcm not found, waiting...
demo.pcm not found, waiting...
demo.pcm not found, waiting...
demo.pcm not found, waiting...
demo.pcm not found, waiting...
demo.pcm not found, waiting...
demo.pcm not found, waiting...
demo.pcm not found, waiting...
demo.pcm not found, waiting...
demo.pcm not found, waiting...
demo.pcm not found, waiting...
demo.pcm not found, waiting...
demo.pcm not found, waiting...
demo.pcm not found, waiting...
demo.pcm not found, waiting...
demo.pcm not found, waiting...
demo.pcm not found, waiting...
demo.pcm not found, waiting...
demo.pcm not found, waiting...
demo.pcm not found, waiting...
demo.pcm not found, waiting...
demo.pcm not found, waiting...
demo.pcm not found, waiting...
demo.pcm not found, waiting...
demo.pcm not found, waiting...
demo.pcm not found, waiting...
demo.pcm not found, waiting...
demo.pcm not found, waiting...
demo.pcm not found, waiting...
demo.pcm not found, waiting...
demo.pcm not found, waiting...
demo.pcm not found, waiting...
demo.pcm not found, waiting...
demo.pcm not found, waiting...
demo.pcm not found, waiting...
demo.pcm not found, waiting...
demo.pcm not found, waiting...
demo.pcm not found, waiting...
demo.pcm not found, waiting...
demo.pcm not found, waiting...
demo.pcm not found, waiting...
demo.pcm not found, waiting...
demo.pcm not found, waiting...
demo.pcm not found, waiting...
demo.pcm not found, waiting...
demo.pcm not found, waiting...
demo.pcm not found, waiting...
demo.pcm not found, waiting...
demo.pcm not found, waiting...
demo.pcm not found, waiting...
demo.pcm not found, waiting...
demo.pcm not found, waiting...
demo.pcm not found, waiting...
demo.pcm not found, waiting...
demo.pcm not found, waiting...
demo.pcm not found, waiting...
demo.pcm not found, waiting...
demo.pcm not found, waiting...
demo.pcm not found, waiting...
demo.pcm not found, waiting...
demo.pcm not found, waiting...
demo.pcm not found, waiting...
demo.pcm not found, waiting...
demo.pcm not found, waiting...
demo.pcm not found, waiting...
demo.pcm not found, waiting...
demo.pcm not found, waiting...
demo.pcm not found, waiting...
demo.pcm not found, waiting...
demo.pcm not found, waiting...
demo.pcm not found, waiting...
demo.pcm not found, waiting...
demo.pcm not found, waiting...
demo.pcm not found, waiting...
demo.pcm not found, waiting...
demo.pcm not found, waiting...
demo.pcm not found, waiting...
demo.pcm not found, waiting...
demo.pcm not found, waiting...
demo.pcm not found, waiting...
demo.pcm not found, waiting...
demo.pcm not found, waiting...
demo.pcm not found, waiting...
demo.pcm not found, waiting...
demo.pcm not found, waiting...
demo.pcm not found, waiting...
demo.pcm not found, waiting...
demo.pcm not found, waiting...
demo.pcm not found, waiting...
demo.pcm not found, waiting...
demo.pcm not found, waiting...
demo.pcm not found, waiting...
demo.pcm not found, waiting...
demo.pcm not found, waiting...
demo.pcm not found, waiting...
demo.pcm not found, waiting...
demo.pcm not found, waiting...
demo.pcm not found, waiting...
demo.pcm not found, waiting...
demo.pcm not found, waiting...
demo.pcm not found, waiting...
demo.pcm not found, waiting...
demo.pcm not found, waiting...
demo.pcm not found, waiting...
demo.pcm not found, waiting...
demo.pcm not found, waiting...
demo.pcm not found, waiting...
demo.pcm not found, waiting...
demo.pcm not found, waiting...
demo.pcm not found, waiting...
demo.pcm not found, waiting...
demo.pcm not found, waiting...
demo.pcm not found, waiting...
demo.pcm not found, waiting...
demo.pcm not found, waiting...
demo.pcm not found, waiting...
demo.pcm not found, waiting...
demo.pcm not found, waiting...
demo.pcm not found, waiting...
demo.pcm not found, waiting...
demo.pcm not found, waiting...
demo.pcm not found, waiting...
demo.pcm not found, waiting...
demo.pcm not found, waiting...
demo.pcm not found, waiting...
demo.pcm not found, waiting...
demo.pcm not found, waiting...
demo.pcm not found, waiting...
demo.pcm not found, waiting...
demo.pcm not found, waiting...
demo.pcm not found, waiting...
demo.pcm not found, waiting...
demo.pcm not found, waiting...
demo.pcm not found, waiting...
demo.pcm not found, waiting...
demo.pcm not found, waiting...
demo.pcm not found, waiting...
demo.pcm not found, waiting...
demo.pcm not found, waiting...
demo.pcm not found, waiting...
demo.pcm not found, waiting...
demo.pcm not found, waiting...
demo.pcm not found, waiting...
demo.pcm not found, waiting...
demo.pcm not found, waiting...
demo.pcm not found, waiting...
demo.pcm not found, waiting...
demo.pcm not found, waiting...
demo.pcm not found, waiting...
demo.pcm not found, waiting...
demo.pcm not found, waiting...
demo.pcm not found, waiting...
demo.pcm not found, waiting...
demo.pcm not found, waiting...
demo.pcm not found, waiting...
demo.pcm not found, waiting...
demo.pcm not found, waiting...
demo.pcm not found, waiting...
demo.pcm not found, waiting...
demo.pcm not found, waiting...
demo.pcm not found, waiting...
demo.pcm not found, waiting...
demo.pcm not found, waiting...
demo.pcm not found, waiting...
demo.pcm not found, waiting...
demo.pcm not found, waiting...
demo.pcm not found, waiting...
demo.pcm not found, waiting...
demo.pcm not found, waiting...
demo.pcm not found, waiting...
demo.pcm not found, waiting...
demo.pcm not found, waiting...
demo.pcm not found, waiting...
demo.pcm not found, waiting...
demo.pcm not found, waiting...
demo.pcm not found, waiting...
demo.pcm not found, waiting...
demo.pcm not found, waiting...
demo.pcm not found, waiting...
demo.pcm not found, waiting...
demo.pcm not found, waiting...
demo.pcm not found, waiting...
demo.pcm not found, waiting...
demo.pcm not found, waiting...
demo.pcm not found, waiting...
demo.pcm not found, waiting...
demo.pcm not found, waiting...
demo.pcm not found, waiting...
demo.pcm not found, waiting...
demo.pcm not found, waiting...
demo.pcm not found, waiting...
demo.pcm not found, waiting...
demo.pcm not found, waiting...
demo.pcm not found, waiting...
demo.pcm not found, waiting...
demo.pcm not found, waiting...
demo.pcm not found, waiting...
demo.pcm not found, waiting...
demo.pcm not found, waiting...
demo.pcm not found, waiting...
demo.pcm not found, waiting...
demo.pcm not found, waiting...
demo.pcm not found, waiting...
demo.pcm not found, waiting...
demo.pcm not found, waiting...
demo.pcm not found, waiting...
demo.pcm not found, waiting...
demo.pcm not found, waiting...
demo.pcm not found, waiting...
demo.pcm not found, waiting...
demo.pcm not found, waiting...
demo.pcm not found, waiting...
demo.pcm not found, waiting...
demo.pcm not found, waiting...
demo.pcm not found, waiting...
demo.pcm not found, waiting...
demo.pcm not found, waiting...
demo.pcm not found, waiting...
demo.pcm not found, waiting...
demo.pcm not found, waiting...
demo.pcm not found, waiting...
demo.pcm not found, waiting...
demo.pcm not found, waiting...
demo.pcm not found, waiting...
demo.pcm not found, waiting...
demo.pcm not found, waiting...
demo.pcm not found, waiting...
demo.pcm not found, waiting...
demo.pcm not found, waiting...
demo.pcm not found, waiting...
demo.pcm not found, waiting...
demo.pcm not found, waiting...
demo.pcm not found, waiting...
demo.pcm not found, waiting...
demo.pcm not found, waiting...
demo.pcm not found, waiting...
demo.pcm not found, waiting...
demo.pcm not found, waiting...
demo.pcm not found, waiting...
demo.pcm not found, waiting...
demo.pcm not found, waiting...
demo.pcm not found, waiting...
demo.pcm not found, waiting...
demo.pcm not found, waiting...
demo.pcm not found, waiting...
demo.pcm not found, waiting...
demo.pcm not found, waiting...
demo.pcm not found, waiting...
demo.pcm not found, waiting...
demo.pcm not found, waiting...
demo.pcm not found, waiting...
demo.pcm not found, waiting...
demo.pcm not found, waiting...
demo.pcm not found, waiting...
demo.pcm not found, waiting...
demo.pcm not found, waiting...
demo.pcm not found, waiting...
demo.pcm not found, waiting...
demo.pcm not found, waiting...
demo.pcm not found, waiting...
demo.pcm not found, waiting...
demo.pcm not found, waiting...
demo.pcm not found, waiting...
demo.pcm not found, waiting...
demo.pcm not found, waiting...
demo.pcm not found, waiting...
demo.pcm not found, waiting...
demo.pcm not found, waiting...
demo.pcm not found, waiting...
demo.pcm not found, waiting...
demo.pcm not found, waiting...
demo.pcm not found, waiting...
demo.pcm not found, waiting...
demo.pcm not found, waiting...
demo.pcm not found, waiting...
demo.pcm not found, waiting...
demo.pcm not found, waiting...
demo.pcm not found, waiting...
demo.pcm not found, waiting...
demo.pcm not found, waiting...
demo.pcm not found, waiting...
demo.pcm not found, waiting...
demo.pcm not found, waiting...
demo.pcm not found, waiting...
demo.pcm not found, waiting...
demo.pcm not found, waiting...
demo.pcm not found, waiting...
demo.pcm not found, waiting...
demo.pcm not found, waiting...
demo.pcm not found, waiting...
demo.pcm not found, waiting...
demo.pcm not found, waiting...
demo.pcm not found, waiting...
demo.pcm not found, waiting...
demo.pcm not found, waiting...
demo.pcm not found, waiting...
demo.pcm not found, waiting...
demo.pcm not found, waiting...
demo.pcm not found, waiting...
demo.pcm not found, waiting...
demo.pcm not found, waiting...
demo.pcm not found, waiting...
demo.pcm not found, waiting...
demo.pcm not found, waiting...
demo.pcm not found, waiting...
demo.pcm not found, waiting...
demo.pcm not found, waiting...
demo.pcm not found, waiting...
demo.pcm not found, waiting...
demo.pcm not found, waiting...
demo.pcm not found, waiting...
demo.pcm not found, waiting...
demo.pcm not found, waiting...
demo.pcm not found, waiting...
demo.pcm not found, waiting...
demo.pcm not found, waiting...
demo.pcm not found, waiting...
demo.pcm not found, waiting...
demo.pcm not found, waiting...
demo.pcm not found, waiting...
demo.pcm not found, waiting...
demo.pcm not found, waiting...
demo.pcm not found, waiting...
demo.pcm not found, waiting...
demo.pcm not found, waiting...
demo.pcm not found, waiting...
demo.pcm not found, waiting...
demo.pcm not found, waiting...
demo.pcm not found, waiting...
demo.pcm not found, waiting...
demo.pcm not found, waiting...
demo.pcm not found, waiting...
demo.pcm not found, waiting...
demo.pcm not found, waiting...
demo.pcm not found, waiting...
demo.pcm not found, waiting...
demo.pcm not found, waiting...
demo.pcm not found, waiting...
demo.pcm not found, waiting...
demo.pcm not found, waiting...
demo.pcm not found, waiting...
demo.pcm not found, waiting...
demo.pcm not found, waiting...
demo.pcm not found, waiting...
demo.pcm not found, waiting...
demo.pcm not found, waiting...
demo.pcm not found, waiting...
demo.pcm not found, waiting...
demo.pcm not found, waiting...
demo.pcm not found, waiting...
demo.pcm not found, waiting...
demo.pcm not found, waiting...
demo.pcm not found, waiting...
demo.pcm not found, waiting...
demo.pcm not found, waiting...
demo.pcm not found, waiting...
demo.pcm not found, waiting...
demo.pcm not found, waiting...
demo.pcm not found, waiting...
demo.pcm not found, waiting...
demo.pcm not found, waiting...
demo.pcm not found, waiting...
demo.pcm not found, waiting...
demo.pcm not found, waiting...
demo.pcm not found, waiting...
demo.pcm not found, waiting...
demo.pcm not found, waiting...
demo.pcm not found, waiting...
demo.pcm not found, waiting...
demo.pcm not found, waiting...
demo.pcm not found, waiting...
demo.pcm not found, waiting...
demo.pcm not found, waiting...
demo.pcm not found, waiting...
demo.pcm not found, waiting...
demo.pcm not found, waiting...
demo.pcm not found, waiting...
demo.pcm not found, waiting...
demo.pcm not found, waiting...
demo.pcm not found, waiting...
demo.pcm not found, waiting...
demo.pcm not found, waiting...
demo.pcm not found, waiting...
demo.pcm not found, waiting...
demo.pcm not found, waiting...
demo.pcm not found, waiting...
demo.pcm not found, waiting...
demo.pcm not found, waiting...
demo.pcm not found, waiting...
demo.pcm not found, waiting...
demo.pcm not found, waiting...
demo.pcm not found, waiting...
demo.pcm not found, waiting...
demo.pcm not found, waiting...
demo.pcm not found, waiting...
demo.pcm not found, waiting...
demo.pcm not found, waiting...
demo.pcm not found, waiting...
demo.pcm not found, waiting...
demo.pcm not found, waiting...
demo.pcm not found, waiting...
demo.pcm not found, waiting...
demo.pcm not found, waiting...
demo.pcm not found, waiting...
demo.pcm not found, waiting...
demo.pcm not found, waiting...
demo.pcm not found, waiting...
demo.pcm not found, waiting...
demo.pcm not found, waiting...
demo.pcm not found, waiting...
demo.pcm not found, waiting...
demo.pcm not found, waiting...
demo.pcm not found, waiting...
demo.pcm not found, waiting...
demo.pcm not found, waiting...
demo.pcm not found, waiting...
demo.pcm not found, waiting...
demo.pcm not found, waiting...
demo.pcm not found, waiting...
demo.pcm not found, waiting...
demo.pcm not found, waiting...
demo.pcm not found, waiting...
demo.pcm not found, waiting...
demo.pcm not found, waiting...
demo.pcm not found, waiting...
demo.pcm not found, waiting...
demo.pcm not found, waiting...
demo.pcm not found, waiting...
demo.pcm not found, waiting...
demo.pcm not found, waiting...
demo.pcm not found, waiting...
demo.pcm not found, waiting...
demo.pcm not found, waiting...
demo.pcm not found, waiting...
demo.pcm not found, waiting...
demo.pcm not found, waiting...
demo.pcm not found, waiting...
demo.pcm not found, waiting...
demo.pcm not found, waiting...
demo.pcm not found, waiting...
demo.pcm not found, waiting...
demo.pcm not found, waiting...
demo.pcm not found, waiting...
demo.pcm not found, waiting...
demo.pcm not found, waiting...
demo.pcm not found, waiting...
demo.pcm not found, waiting...
demo.pcm not found, waiting...
demo.pcm not found, waiting...
demo.pcm not found, waiting...
demo.pcm not found, waiting...
demo.pcm not found, waiting...
demo.pcm not found, waiting...
demo.pcm not found, waiting...
demo.pcm not found, waiting...
demo.pcm not found, waiting...
demo.pcm not found, waiting...
demo.pcm not found, waiting...
demo.pcm not found, waiting...
demo.pcm not found, waiting...
demo.pcm not found, waiting...
demo.pcm not found, waiting...
demo.pcm not found, waiting...
demo.pcm not found, waiting...
demo.pcm not found, waiting...
demo.pcm not found, waiting...
demo.pcm not found, waiting...
demo.pcm not found, waiting...
demo.pcm not found, waiting...
demo.pcm not found, waiting...
demo.pcm not found, waiting...
demo.pcm not found, waiting...
demo.pcm not found, waiting...
demo.pcm not found, waiting...
demo.pcm not found, waiting...
demo.pcm not found, waiting...
demo.pcm not found, waiting...
demo.pcm not found, waiting...
demo.pcm not found, waiting...
demo.pcm not found, waiting...
demo.pcm not found, waiting...
demo.pcm not found, waiting...
demo.pcm not found, waiting...
demo.pcm not found, waiting...
demo.pcm not found, waiting...
demo.pcm not found, waiting...
demo.pcm not found, waiting...
demo.pcm not found, waiting...
demo.pcm not found, waiting...
demo.pcm not found, waiting...
demo.pcm not found, waiting...
demo.pcm not found, waiting...
demo.pcm not found, waiting...
demo.pcm not found, waiting...
demo.pcm not found, waiting...
demo.pcm not found, waiting...
demo.pcm not found, waiting...
demo.pcm not found, waiting...
demo.pcm not found, waiting...
demo.pcm not found, waiting...
demo.pcm not found, waiting...
demo.pcm not found, waiting...
demo.pcm not found, waiting...
demo.pcm not found, waiting...
demo.pcm not found, waiting...
demo.pcm not found, waiting...
demo.pcm not found, waiting...
demo.pcm not found, waiting...
demo.pcm not found, waiting...
demo.pcm not found, waiting...
demo.pcm not found, waiting...
demo.pcm not found, waiting...
demo.pcm not found, waiting...
demo.pcm not found, waiting...
demo.pcm not found, waiting...
demo.pcm not found, waiting...
demo.pcm not found, waiting...
demo.pcm not found, waiting...
demo.pcm not found, waiting...
demo.pcm not found, waiting...
demo.pcm not found, waiting...
demo.pcm not found, waiting...
demo.pcm not found, waiting...
demo.pcm not found, waiting...
demo.pcm not found, waiting...
demo.pcm not found, waiting...
demo.pcm not found, waiting...
demo.pcm not found, waiting...
demo.pcm not found, waiting...
demo.pcm not found, waiting...
demo.pcm not found, waiting...
demo.pcm not found, waiting...
demo.pcm not found, waiting...
demo.pcm not found, waiting...
demo.pcm not found, waiting...
demo.pcm not found, waiting...
demo.pcm not found, waiting...
demo.pcm not found, waiting...
demo.pcm not found, waiting...
demo.pcm not found, waiting...
demo.pcm not found, waiting...
demo.pcm not found, waiting...
demo.pcm not found, waiting...
demo.pcm not found, waiting...
demo.pcm not found, waiting...
demo.pcm not found, waiting...
demo.pcm not found, waiting...
demo.pcm not found, waiting...
demo.pcm not found, waiting...
demo.pcm not found, waiting...
demo.pcm not found, waiting...
demo.pcm not found, waiting...
demo.pcm not found, waiting...
demo.pcm not found, waiting...
demo.pcm not found, waiting...
demo.pcm not found, waiting...
demo.pcm not found, waiting...
demo.pcm not found, waiting...
demo.pcm not found, waiting...
demo.pcm not found, waiting...
demo.pcm not found, waiting...
demo.pcm not found, waiting...
demo.pcm not found, waiting...
demo.pcm not found, waiting...
demo.pcm not found, waiting...
demo.pcm not found, waiting...
demo.pcm not found, waiting...
demo.pcm not found, waiting...
demo.pcm not found, waiting...
demo.pcm not found, waiting...
demo.pcm not found, waiting...
demo.pcm not found, waiting...
demo.pcm not found, waiting...
demo.pcm not found, waiting...
demo.pcm not found, waiting...
demo.pcm not found, waiting...
demo.pcm not found, waiting...
demo.pcm not found, waiting...
demo.pcm not found, waiting...
demo.pcm not found, waiting...
demo.pcm not found, waiting...
demo.pcm not found, waiting...
demo.pcm not found, waiting...
demo.pcm not found, waiting...
demo.pcm not found, waiting...
demo.pcm not found, waiting...
demo.pcm not found, waiting...
demo.pcm not found, waiting...
demo.pcm not found, waiting...
demo.pcm not found, waiting...
demo.pcm not found, waiting...
demo.pcm not found, waiting...
demo.pcm not found, waiting...
demo.pcm not found, waiting...
demo.pcm not found, waiting...
demo.pcm not found, waiting...
demo.pcm not found, waiting...
demo.pcm not found, waiting...
demo.pcm not found, waiting...
demo.pcm not found, waiting...
demo.pcm not found, waiting...
demo.pcm not found, waiting...
demo.pcm not found, waiting...
demo.pcm not found, waiting...
demo.pcm not found, waiting...
demo.pcm not found, waiting...
demo.pcm not found, waiting...
demo.pcm not found, waiting...
demo.pcm not found, waiting...
demo.pcm not found, waiting...
demo.pcm not found, waiting...
demo.pcm not found, waiting...
demo.pcm not found, waiting...
demo.pcm not found, waiting...
demo.pcm not found, waiting...
demo.pcm not found, waiting...
demo.pcm not found, waiting...
demo.pcm not found, waiting...
demo.pcm not found, waiting...
demo.pcm not found, waiting...
demo.pcm not found, waiting...
demo.pcm not found, waiting...
demo.pcm not found, waiting...
demo.pcm not found, waiting...
demo.pcm not found, waiting...
demo.pcm not found, waiting...
demo.pcm not found, waiting...
demo.pcm not found, waiting...
demo.pcm not found, waiting...
demo.pcm not found, waiting...
demo.pcm not found, waiting...
demo.pcm not found, waiting...
demo.pcm not found, waiting...
demo.pcm not found, waiting...
demo.pcm not found, waiting...
demo.pcm not found, waiting...
demo.pcm not found, waiting...
demo.pcm not found, waiting...
demo.pcm not found, waiting...
demo.pcm not found, waiting...
demo.pcm not found, waiting...
demo.pcm not found, waiting...
demo.pcm not found, waiting...
demo.pcm not found, waiting...
demo.pcm not found, waiting...
demo.pcm not found, waiting...
demo.pcm not found, waiting...
demo.pcm not found, waiting...
demo.pcm not found, waiting...
demo.pcm not found, waiting...
demo.pcm not found, waiting...
demo.pcm not found, waiting...
demo.pcm not found, waiting...
demo.pcm not found, waiting...
demo.pcm not found, waiting...
demo.pcm not found, waiting...
demo.pcm not found, waiting...
demo.pcm not found, waiting...
demo.pcm not found, waiting...
demo.pcm not found, waiting...
demo.pcm not found, waiting...
demo.pcm not found, waiting...
demo.pcm not found, waiting...
demo.pcm not found, waiting...
demo.pcm not found, waiting...
demo.pcm not found, waiting...
demo.pcm not found, waiting...
demo.pcm not found, waiting...
demo.pcm not found, waiting...
demo.pcm not found, waiting...
demo.pcm not found, waiting...
demo.pcm not found, waiting...
demo.pcm not found, waiting...
demo.pcm not found, waiting...
demo.pcm not found, waiting...
demo.pcm not found, waiting...
demo.pcm not found, waiting...
demo.pcm not found, waiting...
demo.pcm not found, waiting...
demo.pcm not found, waiting...
demo.pcm not found, waiting...
demo.pcm not found, waiting...
demo.pcm not found, waiting...
demo.pcm not found, waiting...
demo.pcm not found, waiting...
demo.pcm not found, waiting...
demo.pcm not found, waiting...
demo.pcm not found, waiting...
demo.pcm not found, waiting...
demo.pcm not found, waiting...
demo.pcm not found, waiting...
demo.pcm not found, waiting...
demo.pcm not found, waiting...
demo.pcm not found, waiting...
demo.pcm not found, waiting...
demo.pcm not found, waiting...
demo.pcm not found, waiting...
demo.pcm not found, waiting...
demo.pcm not found, waiting...
demo.pcm not found, waiting...
demo.pcm not found, waiting...
demo.pcm not found, waiting...
demo.pcm not found, waiting...
demo.pcm not found, waiting...
demo.pcm not found, waiting...
demo.pcm not found, waiting...
demo.pcm not found, waiting...
demo.pcm not found, waiting...
demo.pcm not found, waiting...
demo.pcm not found, waiting...
demo.pcm not found, waiting...
demo.pcm not found, waiting...
demo.pcm not found, waiting...
demo.pcm not found, waiting...
demo.pcm not found, waiting...
demo.pcm not found, waiting...
demo.pcm not found, waiting...
demo.pcm not found, waiting...
demo.pcm not found, waiting...
demo.pcm not found, waiting...
demo.pcm not found, waiting...
demo.pcm not found, waiting...
demo.pcm not found, waiting...
demo.pcm not found, waiting...
demo.pcm not found, waiting...
demo.pcm not found, waiting...
demo.pcm not found, waiting...
demo.pcm not found, waiting...
demo.pcm not found, waiting...
demo.pcm not found, waiting...
demo.pcm not found, waiting...
demo.pcm not found, waiting...
demo.pcm not found, waiting...
demo.pcm not found, waiting...
demo.pcm not found, waiting...
demo.pcm not found, waiting...
demo.pcm not found, waiting...
demo.pcm not found, waiting...
demo.pcm not found, waiting...
demo.pcm not found, waiting...
demo.pcm not found, waiting...
demo.pcm not found, waiting...
demo.pcm not found, waiting...
demo.pcm not found, waiting...
demo.pcm not found, waiting...
demo.pcm not found, waiting...
demo.pcm not found, waiting...
demo.pcm not found, waiting...
demo.pcm not found, waiting...
demo.pcm not found, waiting...
demo.pcm not found, waiting...
demo.pcm not found, waiting...
demo.pcm not found, waiting...
demo.pcm not found, waiting...
demo.pcm not found, waiting...
demo.pcm not found, waiting...
demo.pcm not found, waiting...
demo.pcm not found, waiting...
demo.pcm not found, waiting...
demo.pcm not found, waiting...
demo.pcm not found, waiting...
demo.pcm not found, waiting...
demo.pcm not found, waiting...
demo.pcm not found, waiting...
demo.pcm not found, waiting...
demo.pcm not found, waiting...
demo.pcm not found, waiting...
demo.pcm not found, waiting...
demo.pcm not found, waiting...
demo.pcm not found, waiting...
demo.pcm not found, waiting...
demo.pcm not found, waiting...
demo.pcm not found, waiting...
demo.pcm not found, waiting...
demo.pcm not found, waiting...
demo.pcm not found, waiting...
demo.pcm not found, waiting...
demo.pcm not found, waiting...
demo.pcm not found, waiting...
demo.pcm not found, waiting...
demo.pcm not found, waiting...
demo.pcm not found, waiting...
demo.pcm not found, waiting...
demo.pcm not found, waiting...
demo.pcm not found, waiting...
demo.pcm not found, waiting...
demo.pcm not found, waiting...
demo.pcm not found, waiting...
demo.pcm not found, waiting...
demo.pcm not found, waiting...
demo.pcm not found, waiting...
demo.pcm not found, waiting...
demo.pcm not found, waiting...
demo.pcm not found, waiting...
demo.pcm not found, waiting...
demo.pcm not found, waiting...
demo.pcm not found, waiting...
demo.pcm not found, waiting...
demo.pcm not found, waiting...
demo.pcm not found, waiting...
demo.pcm not found, waiting...
demo.pcm not found, waiting...
demo.pcm not found, waiting...
demo.pcm not found, waiting...
demo.pcm not found, waiting...
demo.pcm not found, waiting...
demo.pcm not found, waiting...
demo.pcm not found, waiting...
demo.pcm not found, waiting...
demo.pcm not found, waiting...
demo.pcm not found, waiting...
demo.pcm not found, waiting...
demo.pcm not found, waiting...
demo.pcm not found, waiting...
demo.pcm not found, waiting...
demo.pcm not found, waiting...
demo.pcm not found, waiting...
demo.pcm not found, waiting...
demo.pcm not found, waiting...
demo.pcm not found, waiting...
demo.pcm not found, waiting...
demo.pcm not found, waiting...
demo.pcm not found, waiting...
demo.pcm not found, waiting...
demo.pcm not found, waiting...
demo.pcm not found, waiting...
demo.pcm not found, waiting...
demo.pcm not found, waiting...
demo.pcm not found, waiting...
demo.pcm not found, waiting...
demo.pcm not found, waiting...
demo.pcm not found, waiting...
demo.pcm not found, waiting...
demo.pcm not found, waiting...
demo.pcm not found, waiting...
demo.pcm not found, waiting...
demo.pcm not found, waiting...
demo.pcm not found, waiting...
demo.pcm not found, waiting...
demo.pcm not found, waiting...
demo.pcm not found, waiting...
demo.pcm not found, waiting...
demo.pcm not found, waiting...
demo.pcm not found, waiting...
demo.pcm not found, waiting...
demo.pcm not found, waiting...
demo.pcm not found, waiting...
demo.pcm not found, waiting...
demo.pcm not found, waiting...
demo.pcm not found, waiting...
demo.pcm not found, waiting...
demo.pcm not found, waiting...
demo.pcm not found, waiting...
demo.pcm not found, waiting...
demo.pcm not found, waiting...
demo.pcm not found, waiting...
demo.pcm not found, waiting...
demo.pcm not found, waiting...
demo.pcm not found, waiting...
demo.pcm not found, waiting...
demo.pcm not found, waiting...
demo.pcm not found, waiting...
demo.pcm not found, waiting...
demo.pcm not found, waiting...
demo.pcm not found, waiting...
demo.pcm not found, waiting...
demo.pcm not found, waiting...
demo.pcm not found, waiting...
demo.pcm not found, waiting...
demo.pcm not found, waiting...
demo.pcm not found, waiting...
demo.pcm not found, waiting...
demo.pcm not found, waiting...
demo.pcm not found, waiting...
demo.pcm not found, waiting...
demo.pcm not found, waiting...
demo.pcm not found, waiting...
demo.pcm not found, waiting...
demo.pcm not found, waiting...
demo.pcm not found, waiting...
demo.pcm not found, waiting...
demo.pcm not found, waiting...
demo.pcm not found, waiting...
demo.pcm not found, waiting...
demo.pcm not found, waiting...
demo.pcm not found, waiting...
demo.pcm not found, waiting...
demo.pcm not found, waiting...
demo.pcm not found, waiting...
demo.pcm not found, waiting...
demo.pcm not found, waiting...
demo.pcm not found, waiting...
demo.pcm not found, waiting...
demo.pcm not found, waiting...
demo.pcm not found, waiting...
demo.pcm not found, waiting...
demo.pcm not found, waiting...
demo.pcm not found, waiting...
demo.pcm not found, waiting...
demo.pcm not found, waiting...
demo.pcm not found, waiting...
demo.pcm not found, waiting...
demo.pcm not found, waiting...
demo.pcm not found, waiting...
demo.pcm not found, waiting...
demo.pcm not found, waiting...
demo.pcm not found, waiting...
demo.pcm not found, waiting...
demo.pcm not found, waiting...
demo.pcm not found, waiting...
demo.pcm not found, waiting...
demo.pcm not found, waiting...
demo.pcm not found, waiting...
demo.pcm not found, waiting...
demo.pcm not found, waiting...
demo.pcm not found, waiting...
demo.pcm not found, waiting...
demo.pcm not found, waiting...
demo.pcm not found, waiting...
demo.pcm not found, waiting...
demo.pcm not found, waiting...
demo.pcm not found, waiting...
demo.pcm not found, waiting...
demo.pcm not found, waiting...
demo.pcm not found, waiting...
demo.pcm not found, waiting...
demo.pcm not found, waiting...
demo.pcm not found, waiting...
demo.pcm not found, waiting...
demo.pcm not found, waiting...
demo.pcm not found, waiting...
demo.pcm not found, waiting...
demo.pcm not found, waiting...
demo.pcm not found, waiting...
demo.pcm not found, waiting...
demo.pcm not found, waiting...
demo.pcm not found, waiting...
demo.pcm not found, waiting...
demo.pcm not found, waiting...
demo.pcm not found, waiting...
demo.pcm not found, waiting...
demo.pcm not found, waiting...
demo.pcm not found, waiting...
demo.pcm not found, waiting...
demo.pcm not found, waiting...
demo.pcm not found, waiting...
demo.pcm not found, waiting...
demo.pcm not found, waiting...
demo.pcm not found, waiting...
demo.pcm not found, waiting...
demo.pcm not found, waiting...
demo.pcm not found, waiting...
demo.pcm not found, waiting...
demo.pcm not found, waiting...
demo.pcm not found, waiting...
demo.pcm not found, waiting...
demo.pcm not found, waiting...
demo.pcm not found, waiting...
demo.pcm not found, waiting...
demo.pcm not found, waiting...
demo.pcm not found, waiting...
demo.pcm not found, waiting...
demo.pcm not found, waiting...
demo.pcm not found, waiting...
demo.pcm not found, waiting...
demo.pcm not found, waiting...
demo.pcm not found, waiting...
demo.pcm not found, waiting...
demo.pcm not found, waiting...
demo.pcm not found, waiting...
demo.pcm not found, waiting...
demo.pcm not found, waiting...
demo.pcm not found, waiting...
demo.pcm not found, waiting...
demo.pcm not found, waiting...
demo.pcm not found, waiting...
demo.pcm not found, waiting...
demo.pcm not found, waiting...
demo.pcm not found, waiting...
demo.pcm not found, waiting...
demo.pcm not found, waiting...
demo.pcm not found, waiting...
demo.pcm not found, waiting...
demo.pcm not found, waiting...
demo.pcm not found, waiting...
demo.pcm not found, waiting...
demo.pcm not found, waiting...
demo.pcm not found, waiting...
demo.pcm not found, waiting...
demo.pcm not found, waiting...
demo.pcm not found, waiting...
demo.pcm not found, waiting...
demo.pcm not found, waiting...
demo.pcm not found, waiting...
demo.pcm not found, waiting...
demo.pcm not found, waiting...
demo.pcm not found, waiting...
demo.pcm not found, waiting...
demo.pcm not found, waiting...
demo.pcm not found, waiting...
demo.pcm not found, waiting...
demo.pcm not found, waiting...
demo.pcm not found, waiting...
demo.pcm not found, waiting...
demo.pcm not found, waiting...
demo.pcm not found, waiting...
demo.pcm not found, waiting...
demo.pcm not found, waiting...
demo.pcm not found, waiting...
demo.pcm not found, waiting...
demo.pcm not found, waiting...
demo.pcm not found, waiting...
demo.pcm not found, waiting...
demo.pcm not found, waiting...
demo.pcm not found, waiting...
demo.pcm not found, waiting...
demo.pcm not found, waiting...
demo.pcm not found, waiting...
demo.pcm not found, waiting...
demo.pcm not found, waiting...
demo.pcm not found, waiting...
demo.pcm not found, waiting...
demo.pcm not found, waiting...
demo.pcm not found, waiting...
demo.pcm not found, waiting...
demo.pcm not found, waiting...
demo.pcm not found, waiting...
demo.pcm not found, waiting...
demo.pcm not found, waiting...
demo.pcm not found, waiting...
demo.pcm not found, waiting...
demo.pcm not found, waiting...
demo.pcm not found, waiting...
demo.pcm not found, waiting...
demo.pcm not found, waiting...
demo.pcm not found, waiting...
demo.pcm not found, waiting...
demo.pcm not found, waiting...
demo.pcm not found, waiting...
demo.pcm not found, waiting...
demo.pcm not found, waiting...
demo.pcm not found, waiting...
demo.pcm not found, waiting...
demo.pcm not found, waiting...
demo.pcm not found, waiting...
demo.pcm not found, waiting...
demo.pcm not found, waiting...
demo.pcm not found, waiting...
demo.pcm not found, waiting...
demo.pcm not found, waiting...
demo.pcm not found, waiting...
demo.pcm not found, waiting...
demo.pcm not found, waiting...
demo.pcm not found, waiting...
demo.pcm not found, waiting...
demo.pcm not found, waiting...
demo.pcm not found, waiting...
demo.pcm not found, waiting...
demo.pcm not found, waiting...
demo.pcm not found, waiting...
demo.pcm not found, waiting...
demo.pcm not found, waiting...
demo.pcm not found, waiting...
demo.pcm not found, waiting...
demo.pcm not found, waiting...
demo.pcm not found, waiting...
demo.pcm not found, waiting...
demo.pcm not found, waiting...
demo.pcm not found, waiting...
demo.pcm not found, waiting...
demo.pcm not found, waiting...
demo.pcm not found, waiting...
demo.pcm not found, waiting...
demo.pcm not found, waiting...
demo.pcm not found, waiting...
demo.pcm not found, waiting...
demo.pcm not found, waiting...
demo.pcm not found, waiting...
demo.pcm not found, waiting...
demo.pcm not found, waiting...
demo.pcm not found, waiting...
demo.pcm not found, waiting...
demo.pcm not found, waiting...
demo.pcm not found, waiting...
demo.pcm not found, waiting...
demo.pcm not found, waiting...
demo.pcm not found, waiting...
demo.pcm not found, waiting...
demo.pcm not found, waiting...
demo.pcm not found, waiting...
demo.pcm not found, waiting...
demo.pcm not found, waiting...
demo.pcm not found, waiting...
demo.pcm not found, waiting...
demo.pcm not found, waiting...
demo.pcm not found, waiting...
demo.pcm not found, waiting...
demo.pcm not found, waiting...
demo.pcm not found, waiting...
demo.pcm not found, waiting...
demo.pcm not found, waiting...
demo.pcm not found, waiting...
demo.pcm not found, waiting...
demo.pcm not found, waiting...
demo.pcm not found, waiting...
demo.pcm not found, waiting...
demo.pcm not found, waiting...
demo.pcm not found, waiting...
demo.pcm not found, waiting...
demo.pcm not found, waiting...
demo.pcm not found, waiting...
demo.pcm not found, waiting...
demo.pcm not found, waiting...
demo.pcm not found, waiting...
demo.pcm not found, waiting...
demo.pcm not found, waiting...
demo.pcm not found, waiting...
demo.pcm not found, waiting...
demo.pcm not found, waiting...
demo.pcm not found, waiting...
demo.pcm not found, waiting...
demo.pcm not found, waiting...
demo.pcm not found, waiting...
demo.pcm not found, waiting...
demo.pcm not found, waiting...
demo.pcm not found, waiting...
demo.pcm not found, waiting...
demo.pcm not found, waiting...
demo.pcm not found, waiting...
demo.pcm not found, waiting...
demo.pcm not found, waiting...
demo.pcm not found, waiting...
demo.pcm not found, waiting...
demo.pcm not found, waiting...
demo.pcm not found, waiting...
demo.pcm not found, waiting...
demo.pcm not found, waiting...
demo.pcm not found, waiting...
demo.pcm not found, waiting...
demo.pcm not found, waiting...
demo.pcm not found, waiting...
demo.pcm not found, waiting...
demo.pcm not found, waiting...
demo.pcm not found, waiting...
demo.pcm not found, waiting...
demo.pcm not found, waiting...
demo.pcm not found, waiting...
demo.pcm not found, waiting...
demo.pcm not found, waiting...
demo.pcm not found, waiting...
demo.pcm not found, waiting...
demo.pcm not found, waiting...
demo.pcm not found, waiting...
demo.pcm not found, waiting...
demo.pcm not found, waiting...
demo.pcm not found, waiting...
demo.pcm not found, waiting...
demo.pcm not found, waiting...
demo.pcm not found, waiting...
demo.pcm not found, waiting...
demo.pcm not found, waiting...
demo.pcm not found, waiting...
demo.pcm not found, waiting...
demo.pcm not found, waiting...
demo.pcm not found, waiting...
demo.pcm not found, waiting...
demo.pcm not found, waiting...
demo.pcm not found, waiting...
demo.pcm not found, waiting...
demo.pcm not found, waiting...
demo.pcm not found, waiting...
demo.pcm not found, waiting...
demo.pcm not found, waiting...
demo.pcm not found, waiting...
demo.pcm not found, waiting...
demo.pcm not found, waiting...
demo.pcm not found, waiting...
demo.pcm not found, waiting...
demo.pcm not found, waiting...
demo.pcm not found, waiting...
demo.pcm not found, waiting...
demo.pcm not found, waiting...
demo.pcm not found, waiting...
demo.pcm not found, waiting...
demo.pcm not found, waiting...
demo.pcm not found, waiting...
demo.pcm not found, waiting...
demo.pcm not found, waiting...
demo.pcm not found, waiting...
demo.pcm not found, waiting...
demo.pcm not found, waiting...
demo.pcm not found, waiting...
demo.pcm not found, waiting...
demo.pcm not found, waiting...
demo.pcm not found, waiting...
demo.pcm not found, waiting...
demo.pcm not found, waiting...
demo.pcm not found, waiting...
demo.pcm not found, waiting...
demo.pcm not found, waiting...
demo.pcm not found, waiting...
demo.pcm not found, waiting...
demo.pcm not found, waiting...
demo.pcm not found, waiting...
demo.pcm not found, waiting...
demo.pcm not found, waiting...
demo.pcm not found, waiting...
demo.pcm not found, waiting...
demo.pcm not found, waiting...
demo.pcm not found, waiting...
demo.pcm not found, waiting...
demo.pcm not found, waiting...
demo.pcm not found, waiting...
demo.pcm not found, waiting...
demo.pcm not found, waiting...
demo.pcm not found, waiting...
demo.pcm not found, waiting...
demo.pcm not found, waiting...
demo.pcm not found, waiting...
demo.pcm not found, waiting...
demo.pcm not found, waiting...
demo.pcm not found, waiting...
demo.pcm not found, waiting...
demo.pcm not found, waiting...
demo.pcm not found, waiting...
demo.pcm not found, waiting...
demo.pcm not found, waiting...
demo.pcm not found, waiting...
demo.pcm not found, waiting...
demo.pcm not found, waiting...
demo.pcm not found, waiting...
demo.pcm not found, waiting...
demo.pcm not found, waiting...
demo.pcm not found, waiting...
demo.pcm not found, waiting...
demo.pcm not found, waiting...
demo.pcm not found, waiting...
demo.pcm not found, waiting...
demo.pcm not found, waiting...
demo.pcm not found, waiting...
demo.pcm not found, waiting...
demo.pcm not found, waiting...
demo.pcm not found, waiting...
demo.pcm not found, waiting...
demo.pcm not found, waiting...
demo.pcm not found, waiting...
demo.pcm not found, waiting...
demo.pcm not found, waiting...
demo.pcm not found, waiting...
demo.pcm not found, waiting...
demo.pcm not found, waiting...
demo.pcm not found, waiting...
demo.pcm not found, waiting...
demo.pcm not found, waiting...
demo.pcm not found, waiting...
demo.pcm not found, waiting...
demo.pcm not found, waiting...
demo.pcm not found, waiting...
demo.pcm not found, waiting...
demo.pcm not found, waiting...
demo.pcm not found, waiting...
demo.pcm not found, waiting...
demo.pcm not found, waiting...
demo.pcm not found, waiting...
demo.pcm not found, waiting...
demo.pcm not found, waiting...
demo.pcm not found, waiting...
demo.pcm not found, waiting...
demo.pcm not found, waiting...
demo.pcm not found, waiting...
demo.pcm not found, waiting...
demo.pcm not found, waiting...
demo.pcm not found, waiting...
demo.pcm not found, waiting...
demo.pcm not found, waiting...
demo.pcm not found, waiting...
demo.pcm not found, waiting...
demo.pcm not found, waiting...
demo.pcm not found, waiting...
demo.pcm not found, waiting...
demo.pcm not found, waiting...
demo.pcm not found, waiting...
demo.pcm not found, waiting...
demo.pcm not found, waiting...
demo.pcm not found, waiting...
demo.pcm not found, waiting...
demo.pcm not found, waiting...
demo.pcm not found, waiting...
demo.pcm not found, waiting...
demo.pcm not found, waiting...
demo.pcm not found, waiting...
demo.pcm not found, waiting...
demo.pcm not found, waiting...
demo.pcm not found, waiting...
demo.pcm not found, waiting...
demo.pcm not found, waiting...
demo.pcm not found, waiting...
demo.pcm not found, waiting...
demo.pcm not found, waiting...
demo.pcm not found, waiting...
demo.pcm not found, waiting...
demo.pcm not found, waiting...
demo.pcm not found, waiting...
demo.pcm not found, waiting...
demo.pcm not found, waiting...
demo.pcm not found, waiting...
demo.pcm not found, waiting...
demo.pcm not found, waiting...
demo.pcm not found, waiting...
demo.pcm not found, waiting...
demo.pcm not found, waiting...
demo.pcm not found, waiting...
demo.pcm not found, waiting...
demo.pcm not found, waiting...
demo.pcm not found, waiting...
demo.pcm not found, waiting...
demo.pcm not found, waiting...
demo.pcm not found, waiting...
demo.pcm not found, waiting...
demo.pcm not found, waiting...
demo.pcm not found, waiting...
demo.pcm not found, waiting...
demo.pcm not found, waiting...
demo.pcm not found, waiting...
demo.pcm not found, waiting...
demo.pcm not found, waiting...
demo.pcm not found, waiting...
demo.pcm not found, waiting...
demo.pcm not found, waiting...
demo.pcm not found, waiting...
demo.pcm not found, waiting...
demo.pcm not found, waiting...
demo.pcm not found, waiting...
demo.pcm not found, waiting...
demo.pcm not found, waiting...
demo.pcm not found, waiting...
demo.pcm not found, waiting...
demo.pcm not found, waiting...
demo.pcm not found, waiting...
demo.pcm not found, waiting...
demo.pcm not found, waiting...
demo.pcm not found, waiting...
demo.pcm not found, waiting...
demo.pcm not found, waiting...
demo.pcm not found, waiting...
demo.pcm not found, waiting...
demo.pcm not found, waiting...
demo.pcm not found, waiting...
demo.pcm not found, waiting...
demo.pcm not found, waiting...
demo.pcm not found, waiting...
demo.pcm not found, waiting...
demo.pcm not found, waiting...
demo.pcm not found, waiting...
demo.pcm not found, waiting...
demo.pcm not found, waiting...
demo.pcm not found, waiting...
demo.pcm not found, waiting...
demo.pcm not found, waiting...
demo.pcm not found, waiting...
demo.pcm not found, waiting...
demo.pcm not found, waiting...
demo.pcm not found, waiting...
demo.pcm not found, waiting...
demo.pcm not found, waiting...
demo.pcm not found, waiting...
demo.pcm not found, waiting...
demo.pcm not found, waiting...
demo.pcm not found, waiting...
demo.pcm not found, waiting...
demo.pcm not found, waiting...
demo.pcm not found, waiting...
demo.pcm not found, waiting...
demo.pcm not found, waiting...
demo.pcm not found, waiting...
demo.pcm not found, waiting...
demo.pcm not found, waiting...
demo.pcm not found, waiting...
demo.pcm not found, waiting...
demo.pcm not found, waiting...
demo.pcm not found, waiting...
demo.pcm not found, waiting...
demo.pcm not found, waiting...
demo.pcm not found, waiting...
demo.pcm not found, waiting...
demo.pcm not found, waiting...
demo.pcm not found, waiting...
demo.pcm not found, waiting...
demo.pcm not found, waiting...
demo.pcm not found, waiting...
demo.pcm not found, waiting...
demo.pcm not found, waiting...
demo.pcm not found, waiting...
demo.pcm not found, waiting...
demo.pcm not found, waiting...
demo.pcm not found, waiting...
demo.pcm not found, waiting...
demo.pcm not found, waiting...
demo.pcm not found, waiting...
demo.pcm not found, waiting...
demo.pcm not found, waiting...
demo.pcm not found, waiting...
demo.pcm not found, waiting...
demo.pcm not found, waiting...
demo.pcm not found, waiting...
demo.pcm not found, waiting...
demo.pcm not found, waiting...
demo.pcm not found, waiting...
demo.pcm not found, waiting...
demo.pcm not found, waiting...
demo.pcm not found, waiting...
demo.pcm not found, waiting...
demo.pcm not found, waiting...
demo.pcm not found, waiting...
demo.pcm not found, waiting...
demo.pcm not found, waiting...
demo.pcm not found, waiting...
demo.pcm not found, waiting...
demo.pcm not found, waiting...
demo.pcm not found, waiting...
demo.pcm not found, waiting...
demo.pcm not found, waiting...
demo.pcm not found, waiting...
demo.pcm not found, waiting...
demo.pcm not found, waiting...
demo.pcm not found, waiting...
demo.pcm not found, waiting...
demo.pcm not found, waiting...
demo.pcm not found, waiting...
demo.pcm not found, waiting...
demo.pcm not found, waiting...
demo.pcm not found, waiting...
demo.pcm not found, waiting...
demo.pcm not found, waiting...
demo.pcm not found, waiting...
demo.pcm not found, waiting...
demo.pcm not found, waiting...
demo.pcm not found, waiting...
demo.pcm not found, waiting...
demo.pcm not found, waiting...
demo.pcm not found, waiting...
demo.pcm not found, waiting...
demo.pcm not found, waiting...
demo.pcm not found, waiting...
demo.pcm not found, waiting...
demo.pcm not found, waiting...
demo.pcm not found, waiting...
demo.pcm not found, waiting...
demo.pcm not found, waiting...
demo.pcm not found, waiting...
demo.pcm not found, waiting...
demo.pcm not found, waiting...
demo.pcm not found, waiting...
demo.pcm not found, waiting...
demo.pcm not found, waiting...
demo.pcm not found, waiting...
demo.pcm not found, waiting...
demo.pcm not found, waiting...
demo.pcm not found, waiting...
demo.pcm not found, waiting...
demo.pcm not found, waiting...
demo.pcm not found, waiting...
demo.pcm not found, waiting...
demo.pcm not found, waiting...
demo.pcm not found, waiting...
demo.pcm not found, waiting...
demo.pcm not found, waiting...
demo.pcm not found, waiting...
demo.pcm not found, waiting...
demo.pcm not found, waiting...
demo.pcm not found, waiting...
demo.pcm not found, waiting...
demo.pcm not found, waiting...
demo.pcm not found, waiting...
demo.pcm not found, waiting...
demo.pcm not found, waiting...
demo.pcm not found, waiting...
demo.pcm not found, waiting...
demo.pcm not found, waiting...
demo.pcm not found, waiting...
demo.pcm not found, waiting...
demo.pcm not found, waiting...
demo.pcm not found, waiting...
demo.pcm not found, waiting...
demo.pcm not found, waiting...
demo.pcm not found, waiting...
demo.pcm not found, waiting...
demo.pcm not found, waiting...
demo.pcm not found, waiting...
demo.pcm not found, waiting...
demo.pcm not found, waiting...
demo.pcm not found, waiting...
demo.pcm not found, waiting...
demo.pcm not found, waiting...
demo.pcm not found, waiting...
demo.pcm not found, waiting...
demo.pcm not found, waiting...
demo.pcm not found, waiting...
demo.pcm not found, waiting...
demo.pcm not found, waiting...
demo.pcm not found, waiting...
demo.pcm not found, waiting...
demo.pcm not found, waiting...
demo.pcm not found, waiting...
demo.pcm not found, waiting...
demo.pcm not found, waiting...
demo.pcm not found, waiting...
demo.pcm not found, waiting...
demo.pcm not found, waiting...
demo.pcm not found, waiting...
demo.pcm not found, waiting...
demo.pcm not found, waiting...
demo.pcm not found, waiting...
demo.pcm not found, waiting...
demo.pcm not found, waiting...
demo.pcm not found, waiting...
demo.pcm not found, waiting...
demo.pcm not found, waiting...
demo.pcm not found, waiting...
demo.pcm not found, waiting...
demo.pcm not found, waiting...
demo.pcm not found, waiting...
demo.pcm not found, waiting...
demo.pcm not found, waiting...
demo.pcm not found, waiting...
demo.pcm not found, waiting...
demo.pcm not found, waiting...
demo.pcm not found, waiting...
demo.pcm not found, waiting...
demo.pcm not found, waiting...
demo.pcm not found, waiting...
demo.pcm not found, waiting...
demo.pcm not found, waiting...
demo.pcm not found, waiting...
demo.pcm not found, waiting...
demo.pcm not found, waiting...
demo.pcm not found, waiting...
demo.pcm not found, waiting...
demo.pcm not found, waiting...
demo.pcm not found, waiting...
demo.pcm not found, waiting...
demo.pcm not found, waiting...
demo.pcm not found, waiting...
demo.pcm not found, waiting...
demo.pcm not found, waiting...
demo.pcm not found, waiting...
demo.pcm not found, waiting...
demo.pcm not found, waiting...
demo.pcm not found, waiting...
demo.pcm not found, waiting...
demo.pcm not found, waiting...
demo.pcm not found, waiting...
demo.pcm not found, waiting...
demo.pcm not found, waiting...
demo.pcm not found, waiting...
demo.pcm not found, waiting...
demo.pcm not found, waiting...
demo.pcm not found, waiting...
demo.pcm not found, waiting...
demo.pcm not found, waiting...
demo.pcm not found, waiting...
demo.pcm not found, waiting...
demo.pcm not found, waiting...
demo.pcm not found, waiting...
demo.pcm not found, waiting...
demo.pcm not found, waiting...
demo.pcm not found, waiting...
demo.pcm not found, waiting...
demo.pcm not found, waiting...
demo.pcm not found, waiting...
demo.pcm not found, waiting...
demo.pcm not found, waiting...
demo.pcm not found, waiting...
demo.pcm not found, waiting...
demo.pcm not found, waiting...
demo.pcm not found, waiting...
demo.pcm not found, waiting...
demo.pcm not found, waiting...
demo.pcm not found, waiting...
demo.pcm not found, waiting...
demo.pcm not found, waiting...
demo.pcm not found, waiting...
demo.pcm not found, waiting...
demo.pcm not found, waiting...
demo.pcm not found, waiting...
demo.pcm not found, waiting...
demo.pcm not found, waiting...
demo.pcm not found, waiting...
demo.pcm not found, waiting...
demo.pcm not found, waiting...
demo.pcm not found, waiting...
demo.pcm not found, waiting...
demo.pcm not found, waiting...
demo.pcm not found, waiting...
demo.pcm not found, waiting...
demo.pcm not found, waiting...
demo.pcm not found, waiting...
demo.pcm not found, waiting...
demo.pcm not found, waiting...
demo.pcm not found, waiting...
demo.pcm not found, waiting...
demo.pcm not found, waiting...
demo.pcm not found, waiting...
demo.pcm not found, waiting...
demo.pcm not found, waiting...
demo.pcm not found, waiting...
demo.pcm not found, waiting...
demo.pcm not found, waiting...
demo.pcm not found, waiting...
demo.pcm not found, waiting...
demo.pcm not found, waiting...
demo.pcm not found, waiting...
demo.pcm not found, waiting...
demo.pcm not found, waiting...
demo.pcm not found, waiting...
demo.pcm not found, waiting...
demo.pcm not found, waiting...
demo.pcm not found, waiting...
demo.pcm not found, waiting...
demo.pcm not found, waiting...
demo.pcm not found, waiting...
demo.pcm not found, waiting...
demo.pcm not found, waiting...
demo.pcm not found, waiting...
demo.pcm not found, waiting...
demo.pcm not found, waiting...
demo.pcm not found, waiting...
demo.pcm not found, waiting...
demo.pcm not found, waiting...
demo.pcm not found, waiting...
demo.pcm not found, waiting...
demo.pcm not found, waiting...
demo.pcm not found, waiting...
demo.pcm not found, waiting...
demo.pcm not found, waiting...
demo.pcm not found, waiting...
demo.pcm not found, waiting...
demo.pcm not found, waiting...
demo.pcm not found, waiting...
demo.pcm not found, waiting...
demo.pcm not found, waiting...
demo.pcm not found, waiting...
demo.pcm not found, waiting...
demo.pcm not found, waiting...
demo.pcm not found, waiting...
demo.pcm not found, waiting...
demo.pcm not found, waiting...
demo.pcm not found, waiting...
demo.pcm not found, waiting...
demo.pcm not found, waiting...
demo.pcm not found, waiting...
demo.pcm not found, waiting...
demo.pcm not found, waiting...
demo.pcm not found, waiting...
demo.pcm not found, waiting...
demo.pcm not found, waiting...
demo.pcm not found, waiting...
demo.pcm not found, waiting...
demo.pcm not found, waiting...
demo.pcm not found, waiting...
demo.pcm not found, waiting...
demo.pcm not found, waiting...
demo.pcm not found, waiting...
demo.pcm not found, waiting...
demo.pcm not found, waiting...
demo.pcm not found, waiting...
demo.pcm not found, waiting...
demo.pcm not found, waiting...
demo.pcm not found, waiting...
demo.pcm not found, waiting...
demo.pcm not found, waiting...
demo.pcm not found, waiting...
demo.pcm not found, waiting...
demo.pcm not found, waiting...
demo.pcm not found, waiting...
demo.pcm not found, waiting...
demo.pcm not found, waiting...
demo.pcm not found, waiting...
demo.pcm not found, waiting...
demo.pcm not found, waiting...
demo.pcm not found, waiting...
demo.pcm not found, waiting...
demo.pcm not found, waiting...
demo.pcm not found, waiting...
demo.pcm not found, waiting...
demo.pcm not found, waiting...
demo.pcm not found, waiting...
demo.pcm not found, waiting...
demo.pcm not found, waiting...
demo.pcm not found, waiting...
demo.pcm not found, waiting...
demo.pcm not found, waiting...
demo.pcm not found, waiting...
demo.pcm not found, waiting...
demo.pcm not found, waiting...
demo.pcm not found, waiting...
demo.pcm not found, waiting...
demo.pcm not found, waiting...
demo.pcm not found, waiting...
demo.pcm not found, waiting...
demo.pcm not found, waiting...
demo.pcm not found, waiting...
demo.pcm not found, waiting...
demo.pcm not found, waiting...
demo.pcm not found, waiting...
demo.pcm not found, waiting...
demo.pcm not found, waiting...
demo.pcm not found, waiting...
demo.pcm not found, waiting...
demo.pcm not found, waiting...
demo.pcm not found, waiting...
demo.pcm not found, waiting...
demo.pcm not found, waiting...
demo.pcm not found, waiting...
demo.pcm not found, waiting...
demo.pcm not found, waiting...
demo.pcm not found, waiting...
demo.pcm not found, waiting...
demo.pcm not found, waiting...
demo.pcm not found, waiting...
demo.pcm not found, waiting...
demo.pcm not found, waiting...
demo.pcm not found, waiting...
demo.pcm not found, waiting...
demo.pcm not found, waiting...
demo.pcm not found, waiting...
demo.pcm not found, waiting...
demo.pcm not found, waiting...
demo.pcm not found, waiting...
demo.pcm not found, waiting...
demo.pcm not found, waiting...
demo.pcm not found, waiting...
demo.pcm not found, waiting...
demo.pcm not found, waiting...
demo.pcm not found, waiting...
demo.pcm not found, waiting...
demo.pcm not found, waiting...
demo.pcm not found, waiting...
demo.pcm not found, waiting...
demo.pcm not found, waiting...
demo.pcm not found, waiting...
demo.pcm not found, waiting...
demo.pcm not found, waiting...
demo.pcm not found, waiting...
demo.pcm not found, waiting...
demo.pcm not found, waiting...
demo.pcm not found, waiting...
demo.pcm not found, waiting...
demo.pcm not found, waiting...
demo.pcm not found, waiting...
demo.pcm not found, waiting...
demo.pcm not found, waiting...
demo.pcm not found, waiting...
demo.pcm not found, waiting...
demo.pcm not found, waiting...
demo.pcm not found, waiting...
demo.pcm not found, waiting...
demo.pcm not found, waiting...
demo.pcm not found, waiting...
demo.pcm not found, waiting...
demo.pcm not found, waiting...
demo.pcm not found, waiting...
demo.pcm not found, waiting...
demo.pcm not found, waiting...
demo.pcm not found, waiting...
demo.pcm not found, waiting...
demo.pcm not found, waiting...
demo.pcm not found, waiting...
demo.pcm not found, waiting...
demo.pcm not found, waiting...
demo.pcm not found, waiting...
demo.pcm not found, waiting...
demo.pcm not found, waiting...
demo.pcm not found, waiting...
demo.pcm not found, waiting...
demo.pcm not found, waiting...
demo.pcm not found, waiting...
demo.pcm not found, waiting...
demo.pcm not found, waiting...
demo.pcm not found, waiting...
demo.pcm not found, waiting...
demo.pcm not found, waiting...
demo.pcm not found, waiting...
demo.pcm not found, waiting...
demo.pcm not found, waiting...
demo.pcm not found, waiting...
demo.pcm not found, waiting...
demo.pcm not found, waiting...
demo.pcm not found, waiting...
demo.pcm not found, waiting...
demo.pcm not found, waiting...
demo.pcm not found, waiting...
demo.pcm not found, waiting...
demo.pcm not found, waiting...
demo.pcm not found, waiting...
demo.pcm not found, waiting...
demo.pcm not found, waiting...
demo.pcm not found, waiting...
demo.pcm not found, waiting...
demo.pcm not found, waiting...
demo.pcm not found, waiting...
demo.pcm not found, waiting...
demo.pcm not found, waiting...
demo.pcm not found, waiting...
demo.pcm not found, waiting...
demo.pcm not found, waiting...
demo.pcm not found, waiting...
demo.pcm not found, waiting...
demo.pcm not found, waiting...
demo.pcm not found, waiting...
demo.pcm not found, waiting...
demo.pcm not found, waiting...
demo.pcm not found, waiting...
demo.pcm not found, waiting...
demo.pcm not found, waiting...
demo.pcm not found, waiting...
demo.pcm not found, waiting...
demo.pcm not found, waiting...
demo.pcm not found, waiting...
demo.pcm not found, waiting...
demo.pcm not found, waiting...
demo.pcm not found, waiting...
demo.pcm not found, waiting...
demo.pcm not found, waiting...
demo.pcm not found, waiting...
demo.pcm not found, waiting...
demo.pcm not found, waiting...
demo.pcm not found, waiting...
demo.pcm not found, waiting...
demo.pcm not found, waiting...
demo.pcm not found, waiting...
demo.pcm not found, waiting...
demo.pcm not found, waiting...
demo.pcm not found, waiting...
demo.pcm not found, waiting...
demo.pcm not found, waiting...
demo.pcm not found, waiting...
demo.pcm not found, waiting...
demo.pcm not found, waiting...
demo.pcm not found, waiting...
demo.pcm not found, waiting...
demo.pcm not found, waiting...
demo.pcm not found, waiting...
demo.pcm not found, waiting...
demo.pcm not found, waiting...
demo.pcm not found, waiting...
demo.pcm not found, waiting...
demo.pcm not found, waiting...
demo.pcm not found, waiting...
demo.pcm not found, waiting...
demo.pcm not found, waiting...
demo.pcm not found, waiting...
demo.pcm not found, waiting...
demo.pcm not found, waiting...
demo.pcm not found, waiting...
demo.pcm not found, waiting...
demo.pcm not found, waiting...
demo.pcm not found, waiting...
demo.pcm not found, waiting...
demo.pcm not found, waiting...
demo.pcm not found, waiting...
demo.pcm not found, waiting...
demo.pcm not found, waiting...
demo.pcm not found, waiting...
demo.pcm not found, waiting...
demo.pcm not found, waiting...
demo.pcm not found, waiting...
demo.pcm not found, waiting...
demo.pcm not found, waiting...
demo.pcm not found, waiting...
demo.pcm not found, waiting...
demo.pcm not found, waiting...
demo.pcm not found, waiting...
demo.pcm not found, waiting...
demo.pcm not found, waiting...
demo.pcm not found, waiting...
demo.pcm not found, waiting...
demo.pcm not found, waiting...
demo.pcm not found, waiting...
demo.pcm not found, waiting...
demo.pcm not found, waiting...
demo.pcm not found, waiting...
demo.pcm not found, waiting...
demo.pcm not found, waiting...
demo.pcm not found, waiting...
demo.pcm not found, waiting...
demo.pcm not found, waiting...
demo.pcm not found, waiting...
demo.pcm not found, waiting...
demo.pcm not found, waiting...
demo.pcm not found, waiting...
demo.pcm not found, waiting...
demo.pcm not found, waiting...
demo.pcm not found, waiting...
demo.pcm not found, waiting...
demo.pcm not found, waiting...
demo.pcm not found, waiting...
demo.pcm not found, waiting...
demo.pcm not found, waiting...
demo.pcm not found, waiting...
demo.pcm not found, waiting...
demo.pcm not found, waiting...
demo.pcm not found, waiting...
demo.pcm not found, waiting...
demo.pcm not found, waiting...
demo.pcm not found, waiting...
demo.pcm not found, waiting...
demo.pcm not found, waiting...
demo.pcm not found, waiting...
demo.pcm not found, waiting...
demo.pcm not found, waiting...
demo.pcm not found, waiting...
demo.pcm not found, waiting...
demo.pcm not found, waiting...
demo.pcm not found, waiting...
demo.pcm not found, waiting...
demo.pcm not found, waiting...
demo.pcm not found, waiting...
demo.pcm not found, waiting...
demo.pcm not found, waiting...
demo.pcm not found, waiting...
demo.pcm not found, waiting...
demo.pcm not found, waiting...
demo.pcm not found, waiting...
demo.pcm not found, waiting...
demo.pcm not found, waiting...
demo.pcm not found, waiting...
demo.pcm not found, waiting...
demo.pcm not found, waiting...
demo.pcm not found, waiting...
demo.pcm not found, waiting...
demo.pcm not found, waiting...
demo.pcm not found, waiting...
demo.pcm not found, waiting...
demo.pcm not found, waiting...
demo.pcm not found, waiting...
demo.pcm not found, waiting...
demo.pcm not found, waiting...
demo.pcm not found, waiting...
demo.pcm not found, waiting...
demo.pcm not found, waiting...
demo.pcm not found, waiting...
demo.pcm not found, waiting...
demo.pcm not found, waiting...
demo.pcm not found, waiting...
demo.pcm not found, waiting...
demo.pcm not found, waiting...
demo.pcm not found, waiting...
demo.pcm not found, waiting...
demo.pcm not found, waiting...
demo.pcm not found, waiting...
demo.pcm not found, waiting...
demo.pcm not found, waiting...
demo.pcm not found, waiting...
demo.pcm not found, waiting...
demo.pcm not found, waiting...
demo.pcm not found, waiting...
demo.pcm not found, waiting...
demo.pcm not found, waiting...
demo.pcm not found, waiting...
demo.pcm not found, waiting...
demo.pcm not found, waiting...
demo.pcm not found, waiting...
demo.pcm not found, waiting...
demo.pcm not found, waiting...
demo.pcm not found, waiting...
demo.pcm not found, waiting...
demo.pcm not found, waiting...
demo.pcm not found, waiting...
demo.pcm not found, waiting...
demo.pcm not found, waiting...
demo.pcm not found, waiting...
demo.pcm not found, waiting...
demo.pcm not found, waiting...
demo.pcm not found, waiting...
demo.pcm not found, waiting...
demo.pcm not found, waiting...
demo.pcm not found, waiting...
demo.pcm not found, waiting...
demo.pcm not found, waiting...
demo.pcm not found, waiting...
demo.pcm not found, waiting...
demo.pcm not found, waiting...
demo.pcm not found, waiting...
demo.pcm not found, waiting...
demo.pcm not found, waiting...
demo.pcm not found, waiting...
demo.pcm not found, waiting...
demo.pcm not found, waiting...
demo.pcm not found, waiting...
demo.pcm not found, waiting...
demo.pcm not found, waiting...
demo.pcm not found, waiting...
demo.pcm not found, waiting...
demo.pcm not found, waiting...
demo.pcm not found, waiting...
demo.pcm not found, waiting...
demo.pcm not found, waiting...
demo.pcm not found, waiting...
demo.pcm not found, waiting...
demo.pcm not found, waiting...
demo.pcm not found, waiting...
demo.pcm not found, waiting...
demo.pcm not found, waiting...
demo.pcm not found, waiting...
demo.pcm not found, waiting...
demo.pcm not found, waiting...
demo.pcm not found, waiting...
demo.pcm not found, waiting...
demo.pcm not found, waiting...
demo.pcm not found, waiting...
demo.pcm not found, waiting...
demo.pcm not found, waiting...
demo.pcm not found, waiting...
demo.pcm not found, waiting...
demo.pcm not found, waiting...
demo.pcm not found, waiting...
demo.pcm not found, waiting...
demo.pcm not found, waiting...
demo.pcm not found, waiting...
demo.pcm not found, waiting...
demo.pcm not found, waiting...
demo.pcm not found, waiting...
demo.pcm not found, waiting...
demo.pcm not found, waiting...
demo.pcm not found, waiting...
demo.pcm not found, waiting...
demo.pcm not found, waiting...
demo.pcm not found, waiting...
demo.pcm not found, waiting...
demo.pcm not found, waiting...
demo.pcm not found, waiting...
demo.pcm not found, waiting...
demo.pcm not found, waiting...
demo.pcm not found, waiting...
demo.pcm not found, waiting...
demo.pcm not found, waiting...
demo.pcm not found, waiting...
demo.pcm not found, waiting...
demo.pcm not found, waiting...
demo.pcm not found, waiting...
demo.pcm not found, waiting...
demo.pcm not found, waiting...
demo.pcm not found, waiting...
demo.pcm not found, waiting...
demo.pcm not found, waiting...
demo.pcm not found, waiting...
demo.pcm not found, waiting...
demo.pcm not found, waiting...
demo.pcm not found, waiting...
demo.pcm not found, waiting...
demo.pcm not found, waiting...
demo.pcm not found, waiting...
demo.pcm not found, waiting...
demo.pcm not found, waiting...
demo.pcm not found, waiting...
demo.pcm not found, waiting...
demo.pcm not found, waiting...
demo.pcm not found, waiting...
demo.pcm not found, waiting...
demo.pcm not found, waiting...
demo.pcm not found, waiting...
demo.pcm not found, waiting...
demo.pcm not found, waiting...
demo.pcm not found, waiting...
demo.pcm not found, waiting...
demo.pcm not found, waiting...
demo.pcm not found, waiting...
demo.pcm not found, waiting...
demo.pcm not found, waiting...
demo.pcm not found, waiting...
demo.pcm not found, waiting...
demo.pcm not found, waiting...
demo.pcm not found, waiting...
demo.pcm not found, waiting...
demo.pcm not found, waiting...
demo.pcm not found, waiting...
demo.pcm not found, waiting...
demo.pcm not found, waiting...
demo.pcm not found, waiting...
demo.pcm not found, waiting...
demo.pcm not found, waiting...
demo.pcm not found, waiting...
demo.pcm not found, waiting...
demo.pcm not found, waiting...
demo.pcm not found, waiting...
demo.pcm not found, waiting...
demo.pcm not found, waiting...
demo.pcm not found, waiting...
demo.pcm not found, waiting...
demo.pcm not found, waiting...
demo.pcm not found, waiting...
demo.pcm not found, waiting...
demo.pcm not found, waiting...
demo.pcm not found, waiting...
demo.pcm not found, waiting...
demo.pcm not found, waiting...
demo.pcm not found, waiting...
demo.pcm not found, waiting...
demo.pcm not found, waiting...
demo.pcm not found, waiting...
demo.pcm not found, waiting...
demo.pcm not found, waiting...
demo.pcm not found, waiting...
demo.pcm not found, waiting...
demo.pcm not found, waiting...
demo.pcm not found, waiting...
demo.pcm not found, waiting...
demo.pcm not found, waiting...
demo.pcm not found, waiting...
demo.pcm not found, waiting...
demo.pcm not found, waiting...
demo.pcm not found, waiting...
demo.pcm not found, waiting...
demo.pcm not found, waiting...
demo.pcm not found, waiting...
demo.pcm not found, waiting...
demo.pcm not found, waiting...
demo.pcm not found, waiting...
demo.pcm not found, waiting...
demo.pcm not found, waiting...
demo.pcm not found, waiting...
demo.pcm not found, waiting...
demo.pcm not found, waiting...
demo.pcm not found, waiting...
demo.pcm not found, waiting...
demo.pcm not found, waiting...
demo.pcm not found, waiting...
demo.pcm not found, waiting...
demo.pcm not found, waiting...
demo.pcm not found, waiting...
demo.pcm not found, waiting...
demo.pcm not found, waiting...
demo.pcm not found, waiting...
demo.pcm not found, waiting...
demo.pcm not found, waiting...
demo.pcm not found, waiting...
demo.pcm not found, waiting...
demo.pcm not found, waiting...
demo.pcm not found, waiting...
demo.pcm not found, waiting...
demo.pcm not found, waiting...
demo.pcm not found, waiting...
demo.pcm not found, waiting...
demo.pcm not found, waiting...
demo.pcm not found, waiting...
demo.pcm not found, waiting...
demo.pcm not found, waiting...
demo.pcm not found, waiting...
demo.pcm not found, waiting...
demo.pcm not found, waiting...
demo.pcm not found, waiting...
demo.pcm not found, waiting...
demo.pcm not found, waiting...
demo.pcm not found, waiting...
demo.pcm not found, waiting...
demo.pcm not found, waiting...
demo.pcm not found, waiting...
demo.pcm not found, waiting...
demo.pcm not found, waiting...
demo.pcm not found, waiting...
demo.pcm not found, waiting...
demo.pcm not found, waiting...
demo.pcm not found, waiting...
demo.pcm not found, waiting...
demo.pcm not found, waiting...
demo.pcm not found, waiting...
demo.pcm not found, waiting...
demo.pcm not found, waiting...
demo.pcm not found, waiting...
demo.pcm not found, waiting...
demo.pcm not found, waiting...
demo.pcm not found, waiting...
demo.pcm not found, waiting...
demo.pcm not found, waiting...
demo.pcm not found, waiting...
demo.pcm not found, waiting...
demo.pcm not found, waiting...
demo.pcm not found, waiting...
demo.pcm not found, waiting...
demo.pcm not found, waiting...
demo.pcm not found, waiting...
demo.pcm not found, waiting...
demo.pcm not found, waiting...
demo.pcm not found, waiting...
demo.pcm not found, waiting...
demo.pcm not found, waiting...
demo.pcm not found, waiting...
demo.pcm not found, waiting...
demo.pcm not found, waiting...
demo.pcm not found, waiting...
demo.pcm not found, waiting...
demo.pcm not found, waiting...
demo.pcm not found, waiting...
demo.pcm not found, waiting...
demo.pcm not found, waiting...
demo.pcm not found, waiting...
demo.pcm not found, waiting...
demo.pcm not found, waiting...
demo.pcm not found, waiting...
demo.pcm not found, waiting...
demo.pcm not found, waiting...
demo.pcm not found, waiting...
demo.pcm not found, waiting...
demo.pcm not found, waiting...
demo.pcm not found, waiting...
demo.pcm not found, waiting...
demo.pcm not found, waiting...
demo.pcm not found, waiting...
demo.pcm not found, waiting...
demo.pcm not found, waiting...
demo.pcm not found, waiting...
demo.pcm not found, waiting...
demo.pcm not found, waiting...
demo.pcm not found, waiting...
demo.pcm not found, waiting...
demo.pcm not found, waiting...
demo.pcm not found, waiting...
demo.pcm not found, waiting...
demo.pcm not found, waiting...
demo.pcm not found, waiting...
demo.pcm not found, waiting...
demo.pcm not found, waiting...
demo.pcm not found, waiting...
demo.pcm not found, waiting...
demo.pcm not found, waiting...
demo.pcm not found, waiting...
demo.pcm not found, waiting...
demo.pcm not found, waiting...
demo.pcm not found, waiting...
demo.pcm not found, waiting...
demo.pcm not found, waiting...
demo.pcm not found, waiting...
demo.pcm not found, waiting...
demo.pcm not found, waiting...
demo.pcm not found, waiting...
demo.pcm not found, waiting...
demo.pcm not found, waiting...
demo.pcm not found, waiting...
demo.pcm not found, waiting...
demo.pcm not found, waiting...
demo.pcm not found, waiting...
demo.pcm not found, waiting...
demo.pcm not found, waiting...
demo.pcm not found, waiting...
demo.pcm not found, waiting...
demo.pcm not found, waiting...
demo.pcm not found, waiting...
demo.pcm not found, waiting...
demo.pcm not found, waiting...
demo.pcm not found, waiting...
demo.pcm not found, waiting...
demo.pcm not found, waiting...
demo.pcm not found, waiting...
demo.pcm not found, waiting...
demo.pcm not found, waiting...
demo.pcm not found, waiting...
demo.pcm not found, waiting...
demo.pcm not found, waiting...
demo.pcm not found, waiting...
demo.pcm not found, waiting...
demo.pcm not found, waiting...
demo.pcm not found, waiting...
demo.pcm not found, waiting...
demo.pcm not found, waiting...
demo.pcm not found, waiting...
demo.pcm not found, waiting...
demo.pcm not found, waiting...
demo.pcm not found, waiting...
demo.pcm not found, waiting...
demo.pcm not found, waiting...
demo.pcm not found, waiting...
demo.pcm not found, waiting...
demo.pcm not found, waiting...
demo.pcm not found, waiting...
demo.pcm not found, waiting...
demo.pcm not found, waiting...
demo.pcm not found, waiting...
demo.pcm not found, waiting...
demo.pcm not found, waiting...
demo.pcm not found, waiting...
demo.pcm not found, waiting...
demo.pcm not found, waiting...
demo.pcm not found, waiting...
demo.pcm not found, waiting...
demo.pcm not found, waiting...
demo.pcm not found, waiting...
demo.pcm not found, waiting...
demo.pcm not found, waiting...
demo.pcm not found, waiting...
demo.pcm not found, waiting...
demo.pcm not found, waiting...
demo.pcm not found, waiting...
demo.pcm not found, waiting...
demo.pcm not found, waiting...
demo.pcm not found, waiting...
demo.pcm not found, waiting...
demo.pcm not found, waiting...
demo.pcm not found, waiting...
demo.pcm not found, waiting...
demo.pcm not found, waiting...
demo.pcm not found, waiting...
demo.pcm not found, waiting...
demo.pcm not found, waiting...
demo.pcm not found, waiting...
demo.pcm not found, waiting...
demo.pcm not found, waiting...
demo.pcm not found, waiting...
demo.pcm not found, waiting...
demo.pcm not found, waiting...
demo.pcm not found, waiting...
demo.pcm not found, waiting...
demo.pcm not found, waiting...
demo.pcm not found, waiting...
demo.pcm not found, waiting...
demo.pcm not found, waiting...
demo.pcm not found, waiting...
demo.pcm not found, waiting...
demo.pcm not found, waiting...
demo.pcm not found, waiting...
demo.pcm not found, waiting...
demo.pcm not found, waiting...
demo.pcm not found, waiting...
demo.pcm not found, waiting...
demo.pcm not found, waiting...
demo.pcm not found, waiting...
demo.pcm not found, waiting...
demo.pcm not found, waiting...
demo.pcm not found, waiting...
demo.pcm not found, waiting...
demo.pcm not found, waiting...
demo.pcm not found, waiting...
demo.pcm not found, waiting...
demo.pcm not found, waiting...
demo.pcm not found, waiting...
demo.pcm not found, waiting...
demo.pcm not found, waiting...
demo.pcm not found, waiting...
demo.pcm not found, waiting...
demo.pcm not found, waiting...
demo.pcm not found, waiting...
demo.pcm not found, waiting...
demo.pcm not found, waiting...
demo.pcm not found, waiting...
demo.pcm not found, waiting...
demo.pcm not found, waiting...
demo.pcm not found, waiting...
demo.pcm not found, waiting...
demo.pcm not found, waiting...
demo.pcm not found, waiting...
demo.pcm not found, waiting...
demo.pcm not found, waiting...
demo.pcm not found, waiting...
demo.pcm not found, waiting...
demo.pcm not found, waiting...
demo.pcm not found, waiting...
demo.pcm not found, waiting...
demo.pcm not found, waiting...
demo.pcm not found, waiting...
demo.pcm not found, waiting...
demo.pcm not found, waiting...
demo.pcm not found, waiting...
demo.pcm not found, waiting...
demo.pcm not found, waiting...
demo.pcm not found, waiting...
demo.pcm not found, waiting...
demo.pcm not found, waiting...
demo.pcm not found, waiting...
demo.pcm not found, waiting...
demo.pcm not found, waiting...
demo.pcm not found, waiting...
demo.pcm not found, waiting...
demo.pcm not found, waiting...
demo.pcm not found, waiting...
demo.pcm not found, waiting...
demo.pcm not found, waiting...
demo.pcm not found, waiting...
demo.pcm not found, waiting...
demo.pcm not found, waiting...
demo.pcm not found, waiting...
demo.pcm not found, waiting...
demo.pcm not found, waiting...
demo.pcm not found, waiting...
demo.pcm not found, waiting...
demo.pcm not found, waiting...
demo.pcm not found, waiting...
demo.pcm not found, waiting...
demo.pcm not found, waiting...
demo.pcm not found, waiting...
demo.pcm not found, waiting...
demo.pcm not found, waiting...
demo.pcm not found, waiting...
demo.pcm not found, waiting...
demo.pcm not found, waiting...
demo.pcm not found, waiting...
demo.pcm not found, waiting...
demo.pcm not found, waiting...
demo.pcm not found, waiting...
demo.pcm not found, waiting...
demo.pcm not found, waiting...
demo.pcm not found, waiting...
demo.pcm not found, waiting...
demo.pcm not found, waiting...
demo.pcm not found, waiting...
demo.pcm not found, waiting...
demo.pcm not found, waiting...
demo.pcm not found, waiting...
demo.pcm not found, waiting...
demo.pcm not found, waiting...
demo.pcm not found, waiting...
demo.pcm not found, waiting...
demo.pcm not found, waiting...
demo.pcm not found, waiting...
demo.pcm not found, waiting...
demo.pcm not found, waiting...
demo.pcm not found, waiting...
demo.pcm not found, waiting...
demo.pcm not found, waiting...
demo.pcm not found, waiting...
demo.pcm not found, waiting...
demo.pcm not found, waiting...
demo.pcm not found, waiting...
demo.pcm not found, waiting...
demo.pcm not found, waiting...
demo.pcm not found, waiting...
demo.pcm not found, waiting...
demo.pcm not found, waiting...
demo.pcm not found, waiting...
demo.pcm not found, waiting...
demo.pcm not found, waiting...
demo.pcm not found, waiting...
demo.pcm not found, waiting...
demo.pcm not found, waiting...
demo.pcm not found, waiting...
demo.pcm not found, waiting...
demo.pcm not found, waiting...
demo.pcm not found, waiting...
demo.pcm not found, waiting...
demo.pcm not found, waiting...
demo.pcm not found, waiting...
demo.pcm not found, waiting...
demo.pcm not found, waiting...
demo.pcm not found, waiting...
demo.pcm not found, waiting...
demo.pcm not found, waiting...
demo.pcm not found, waiting...
demo.pcm not found, waiting...
demo.pcm not found, waiting...
demo.pcm not found, waiting...
demo.pcm not found, waiting...
demo.pcm not found, waiting...
demo.pcm not found, waiting...
demo.pcm not found, waiting...
demo.pcm not found, waiting...
demo.pcm not found, waiting...
demo.pcm not found, waiting...
demo.pcm not found, waiting...
demo.pcm not found, waiting...
demo.pcm not found, waiting...
demo.pcm not found, waiting...
demo.pcm not found, waiting...
demo.pcm not found, waiting...
demo.pcm not found, waiting...
demo.pcm not found, waiting...
demo.pcm not found, waiting...
demo.pcm not found, waiting...
demo.pcm not found, waiting...
demo.pcm not found, waiting...
demo.pcm not found, waiting...
demo.pcm not found, waiting...
demo.pcm not found, waiting...
demo.pcm not found, waiting...
demo.pcm not found, waiting...
demo.pcm not found, waiting...
demo.pcm not found, waiting...
demo.pcm not found, waiting...
demo.pcm not found, waiting...
demo.pcm not found, waiting...
demo.pcm not found, waiting...
demo.pcm not found, waiting...
demo.pcm not found, waiting...
demo.pcm not found, waiting...
demo.pcm not found, waiting...
demo.pcm not found, waiting...
demo.pcm not found, waiting...
demo.pcm not found, waiting...
demo.pcm not found, waiting...
demo.pcm not found, waiting...
demo.pcm not found, waiting...
demo.pcm not found, waiting...
demo.pcm not found, waiting...
demo.pcm not found, waiting...
demo.pcm not found, waiting...
demo.pcm not found, waiting...
demo.pcm not found, waiting...
demo.pcm not found, waiting...
demo.pcm not found, waiting...
demo.pcm not found, waiting...
demo.pcm not found, waiting...
demo.pcm not found, waiting...
demo.pcm not found, waiting...
demo.pcm not found, waiting...
demo.pcm not found, waiting...
demo.pcm not found, waiting...
demo.pcm not found, waiting...
demo.pcm not found, waiting...
demo.pcm not found, waiting...
demo.pcm not found, waiting...
demo.pcm not found, waiting...
demo.pcm not found, waiting...
demo.pcm not found, waiting...
demo.pcm not found, waiting...
demo.pcm not found, waiting...
demo.pcm not found, waiting...
demo.pcm not found, waiting...
demo.pcm not found, waiting...
demo.pcm not found, waiting...
demo.pcm not found, waiting...
demo.pcm not found, waiting...
demo.pcm not found, waiting...
demo.pcm not found, waiting...
demo.pcm not found, waiting...
demo.pcm not found, waiting...
demo.pcm not found, waiting...
demo.pcm not found, waiting...
demo.pcm not found, waiting...
demo.pcm not found, waiting...
demo.pcm not found, waiting...
demo.pcm not found, waiting...
demo.pcm not found, waiting...
demo.pcm not found, waiting...
demo.pcm not found, waiting...
demo.pcm not found, waiting...
demo.pcm not found, waiting...
demo.pcm not found, waiting...
demo.pcm not found, waiting...
demo.pcm not found, waiting...
demo.pcm not found, waiting...
demo.pcm not found, waiting...
demo.pcm not found, waiting...
demo.pcm not found, waiting...
demo.pcm not found, waiting...
demo.pcm not found, waiting...
demo.pcm not found, waiting...
demo.pcm not found, waiting...
demo.pcm not found, waiting...
demo.pcm not found, waiting...
demo.pcm not found, waiting...
demo.pcm not found, waiting...
demo.pcm not found, waiting...
demo.pcm not found, waiting...
demo.pcm not found, waiting...
demo.pcm not found, waiting...
demo.pcm not found, waiting...
demo.pcm not found, waiting...
demo.pcm not found, waiting...
demo.pcm not found, waiting...
demo.pcm not found, waiting...
demo.pcm not found, waiting...
demo.pcm not found, waiting...
demo.pcm not found, waiting...
demo.pcm not found, waiting...
demo.pcm not found, waiting...
demo.pcm not found, waiting...
demo.pcm not found, waiting...
demo.pcm not found, waiting...
demo.pcm not found, waiting...
demo.pcm not found, waiting...
demo.pcm not found, waiting...
demo.pcm not found, waiting...
demo.pcm not found, waiting...
demo.pcm not found, waiting...
demo.pcm not found, waiting...
demo.pcm not found, waiting...
demo.pcm not found, waiting...
demo.pcm not found, waiting...
demo.pcm not found, waiting...
demo.pcm not found, waiting...
demo.pcm not found, waiting...
demo.pcm not found, waiting...
demo.pcm not found, waiting...
demo.pcm not found, waiting...
demo.pcm not found, waiting...
demo.pcm not found, waiting...
demo.pcm not found, waiting...
demo.pcm not found, waiting...
demo.pcm not found, waiting...
demo.pcm not found, waiting...
demo.pcm not found, waiting...
demo.pcm not found, waiting...
demo.pcm not found, waiting...
demo.pcm not found, waiting...
demo.pcm not found, waiting...
demo.pcm not found, waiting...
demo.pcm not found, waiting...
demo.pcm not found, waiting...
demo.pcm not found, waiting...
demo.pcm not found, waiting...
demo.pcm not found, waiting...
demo.pcm not found, waiting...
demo.pcm not found, waiting...
demo.pcm not found, waiting...
demo.pcm not found, waiting...
demo.pcm not found, waiting...
demo.pcm not found, waiting...
demo.pcm not found, waiting...
demo.pcm not found, waiting...
demo.pcm not found, waiting...
demo.pcm not found, waiting...
demo.pcm not found, waiting...
demo.pcm not found, waiting...
demo.pcm not found, waiting...
demo.pcm not found, waiting...
demo.pcm not found, waiting...
demo.pcm not found, waiting...
demo.pcm not found, waiting...
demo.pcm not found, waiting...
demo.pcm not found, waiting...
demo.pcm not found, waiting...
demo.pcm not found, waiting...
demo.pcm not found, waiting...
demo.pcm not found, waiting...
demo.pcm not found, waiting...
demo.pcm not found, waiting...
demo.pcm not found, waiting...
demo.pcm not found, waiting...
demo.pcm not found, waiting...
demo.pcm not found, waiting...
demo.pcm not found, waiting...
demo.pcm not found, waiting...
demo.pcm not found, waiting...
demo.pcm not found, waiting...
demo.pcm not found, waiting...
demo.pcm not found, waiting...
demo.pcm not found, waiting...
demo.pcm not found, waiting...
demo.pcm not found, waiting...
demo.pcm not found, waiting...
demo.pcm not found, waiting...
demo.pcm not found, waiting...
demo.pcm not found, waiting...
demo.pcm not found, waiting...
demo.pcm not found, waiting...
demo.pcm not found, waiting...
demo.pcm not found, waiting...
demo.pcm not found, waiting...
demo.pcm not found, waiting...
demo.pcm not found, waiting...
demo.pcm not found, waiting...
demo.pcm not found, waiting...
demo.pcm not found, waiting...
demo.pcm not found, waiting...
demo.pcm not found, waiting...
demo.pcm not found, waiting...
demo.pcm not found, waiting...
demo.pcm not found, waiting...
demo.pcm not found, waiting...
demo.pcm not found, waiting...
demo.pcm not found, waiting...
demo.pcm not found, waiting...
demo.pcm not found, waiting...
demo.pcm not found, waiting...
demo.pcm not found, waiting...
demo.pcm not found, waiting...
demo.pcm not found, waiting...
demo.pcm not found, waiting...
demo.pcm not found, waiting...
demo.pcm not found, waiting...
demo.pcm not found, waiting...
demo.pcm not found, waiting...
demo.pcm not found, waiting...
demo.pcm not found, waiting...
demo.pcm not found, waiting...
demo.pcm not found, waiting...
demo.pcm not found, waiting...
demo.pcm not found, waiting...
demo.pcm not found, waiting...
demo.pcm not found, waiting...
demo.pcm not found, waiting...
demo.pcm not found, waiting...
demo.pcm not found, waiting...
demo.pcm not found, waiting...
demo.pcm not found, waiting...
demo.pcm not found, waiting...
demo.pcm not found, waiting...
demo.pcm not found, waiting...
demo.pcm not found, waiting...
demo.pcm not found, waiting...
demo.pcm not found, waiting...
demo.pcm not found, waiting...
demo.pcm not found, waiting...
demo.pcm not found, waiting...
demo.pcm not found, waiting...
demo.pcm not found, waiting...
demo.pcm not found, waiting...
demo.pcm not found, waiting...
demo.pcm not found, waiting...
demo.pcm not found, waiting...
demo.pcm not found, waiting...
demo.pcm not found, waiting...
demo.pcm not found, waiting...
demo.pcm not found, waiting...
demo.pcm not found, waiting...
demo.pcm not found, waiting...
demo.pcm not found, waiting...
demo.pcm not found, waiting...
demo.pcm not found, waiting...
demo.pcm not found, waiting...
demo.pcm not found, waiting...
demo.pcm not found, waiting...
demo.pcm not found, waiting...
demo.pcm not found, waiting...
demo.pcm not found, waiting...
demo.pcm not found, waiting...
demo.pcm not found, waiting...
demo.pcm not found, waiting...
demo.pcm not found, waiting...
demo.pcm not found, waiting...
demo.pcm not found, waiting...
demo.pcm not found, waiting...
demo.pcm not found, waiting...
demo.pcm not found, waiting...
demo.pcm not found, waiting...
demo.pcm not found, waiting...
demo.pcm not found, waiting...
demo.pcm not found, waiting...
demo.pcm not found, waiting...
demo.pcm not found, waiting...
demo.pcm not found, waiting...
demo.pcm not found, waiting...
demo.pcm not found, waiting...
demo.pcm not found, waiting...
demo.pcm not found, waiting...
demo.pcm not found, waiting...
demo.pcm not found, waiting...
demo.pcm not found, waiting...
demo.pcm not found, waiting...
demo.pcm not found, waiting...
demo.pcm not found, waiting...
demo.pcm not found, waiting...
demo.pcm not found, waiting...
demo.pcm not found, waiting...
demo.pcm not found, waiting...
demo.pcm not found, waiting...
demo.pcm not found, waiting...
demo.pcm not found, waiting...
demo.pcm not found, waiting...
demo.pcm not found, waiting...
demo.pcm not found, waiting...
demo.pcm not found, waiting...
demo.pcm not found, waiting...
demo.pcm not found, waiting...
demo.pcm not found, waiting...
demo.pcm not found, waiting...
demo.pcm not found, waiting...
demo.pcm not found, waiting...
demo.pcm not found, waiting...
demo.pcm not found, waiting...
demo.pcm not found, waiting...
demo.pcm not found, waiting...
demo.pcm not found, waiting...
demo.pcm not found, waiting...
demo.pcm not found, waiting...
demo.pcm not found, waiting...
demo.pcm not found, waiting...
demo.pcm not found, waiting...
demo.pcm not found, waiting...
demo.pcm not found, waiting...
demo.pcm not found, waiting...
demo.pcm not found, waiting...
demo.pcm not found, waiting...
demo.pcm not found, waiting...
demo.pcm not found, waiting...
demo.pcm not found, waiting...
demo.pcm not found, waiting...
demo.pcm not found, waiting...
demo.pcm not found, waiting...
demo.pcm not found, waiting...
demo.pcm not found, waiting...
demo.pcm not found, waiting...
demo.pcm not found, waiting...
demo.pcm not found, waiting...
demo.pcm not found, waiting...
demo.pcm not found, waiting...
demo.pcm not found, waiting...
demo.pcm not found, waiting...
demo.pcm not found, waiting...
demo.pcm not found, waiting...
demo.pcm not found, waiting...
demo.pcm not found, waiting...
demo.pcm not found, waiting...
demo.pcm not found, waiting...
demo.pcm not found, waiting...
demo.pcm not found, waiting...
demo.pcm not found, waiting...
demo.pcm not found, waiting...
demo.pcm not found, waiting...
demo.pcm not found, waiting...
demo.pcm not found, waiting...
demo.pcm not found, waiting...
demo.pcm not found, waiting...
demo.pcm not found, waiting...
demo.pcm not found, waiting...
demo.pcm not found, waiting...
demo.pcm not found, waiting...
demo.pcm not found, waiting...
demo.pcm not found, waiting...
demo.pcm not found, waiting...
demo.pcm not found, waiting...
demo.pcm not found, waiting...
demo.pcm not found, waiting...
demo.pcm not found, waiting...
demo.pcm not found, waiting...
demo.pcm not found, waiting...
demo.pcm not found, waiting...
demo.pcm not found, waiting...
demo.pcm not found, waiting...
demo.pcm not found, waiting...
demo.pcm not found, waiting...
demo.pcm not found, waiting...
demo.pcm not found, waiting...
demo.pcm not found, waiting...
demo.pcm not found, waiting...
demo.pcm not found, waiting...
demo.pcm not found, waiting...
demo.pcm not found, waiting...
demo.pcm not found, waiting...
demo.pcm not found, waiting...
demo.pcm not found, waiting...
demo.pcm not found, waiting...
demo.pcm not found, waiting...
demo.pcm not found, waiting...
demo.pcm not found, waiting...
demo.pcm not found, waiting...
demo.pcm not found, waiting...
demo.pcm not found, waiting...
demo.pcm not found, waiting...
demo.pcm not found, waiting...
demo.pcm not found, waiting...
demo.pcm not found, waiting...
demo.pcm not found, waiting...
demo.pcm not found, waiting...
demo.pcm not found, waiting...
demo.pcm not found, waiting...
demo.pcm not found, waiting...
demo.pcm not found, waiting...
demo.pcm not found, waiting...
demo.pcm not found, waiting...
demo.pcm not found, waiting...
demo.pcm not found, waiting...
demo.pcm not found, waiting...
demo.pcm not found, waiting...
demo.pcm not found, waiting...
demo.pcm not found, waiting...
demo.pcm not found, waiting...
demo.pcm not found, waiting...
demo.pcm not found, waiting...
demo.pcm not found, waiting...
demo.pcm not found, waiting...
demo.pcm not found, waiting...
demo.pcm not found, waiting...
demo.pcm not found, waiting...
demo.pcm not found, waiting...
demo.pcm not found, waiting...
demo.pcm not found, waiting...
demo.pcm not found, waiting...
demo.pcm not found, waiting...
demo.pcm not found, waiting...
demo.pcm not found, waiting...
demo.pcm not found, waiting...
demo.pcm not found, waiting...
demo.pcm not found, waiting...
demo.pcm not found, waiting...
demo.pcm not found, waiting...
demo.pcm not found, waiting...
demo.pcm not found, waiting...
demo.pcm not found, waiting...
demo.pcm not found, waiting...
demo.pcm not found, waiting...
demo.pcm not found, waiting...
demo.pcm not found, waiting...
demo.pcm not found, waiting...
demo.pcm not found, waiting...
demo.pcm not found, waiting...
demo.pcm not found, waiting...
demo.pcm not found, waiting...
demo.pcm not found, waiting...
demo.pcm not found, waiting...
demo.pcm not found, waiting...
demo.pcm not found, waiting...
demo.pcm not found, waiting...
demo.pcm not found, waiting...
demo.pcm not found, waiting...
demo.pcm not found, waiting...
demo.pcm not found, waiting...
demo.pcm not found, waiting...
demo.pcm not found, waiting...
demo.pcm not found, waiting...
demo.pcm not found, waiting...
demo.pcm not found, waiting...
demo.pcm not found, waiting...
demo.pcm not found, waiting...
demo.pcm not found, waiting...
demo.pcm not found, waiting...
demo.pcm not found, waiting...
demo.pcm not found, waiting...
demo.pcm not found, waiting...
demo.pcm not found, waiting...
demo.pcm not found, waiting...
demo.pcm not found, waiting...
demo.pcm not found, waiting...
demo.pcm not found, waiting...
demo.pcm not found, waiting...
demo.pcm not found, waiting...
demo.pcm not found, waiting...
demo.pcm not found, waiting...
demo.pcm not found, waiting...
demo.pcm not found, waiting...
demo.pcm not found, waiting...
demo.pcm not found, waiting...
demo.pcm not found, waiting...
demo.pcm not found, waiting...
demo.pcm not found, waiting...
demo.pcm not found, waiting...
demo.pcm not found, waiting...
demo.pcm not found, waiting...
demo.pcm not found, waiting...
demo.pcm not found, waiting...
demo.pcm not found, waiting...
demo.pcm not found, waiting...
demo.pcm not found, waiting...
demo.pcm not found, waiting...
demo.pcm not found, waiting...
demo.pcm not found, waiting...
demo.pcm not found, waiting...
demo.pcm not found, waiting...
demo.pcm not found, waiting...
demo.pcm not found, waiting...
demo.pcm not found, waiting...
demo.pcm not found, waiting...
demo.pcm not found, waiting...
demo.pcm not found, waiting...
demo.pcm not found, waiting...
demo.pcm not found, waiting...
demo.pcm not found, waiting...
demo.pcm not found, waiting...
demo.pcm not found, waiting...
demo.pcm not found, waiting...
demo.pcm not found, waiting...
demo.pcm not found, waiting...
demo.pcm not found, waiting...
demo.pcm not found, waiting...
demo.pcm not found, waiting...
demo.pcm not found, waiting...
demo.pcm not found, waiting...
demo.pcm not found, waiting...
demo.pcm not found, waiting...
demo.pcm not found, waiting...
demo.pcm not found, waiting...
demo.pcm not found, waiting...
demo.pcm not found, waiting...
demo.pcm not found, waiting...
demo.pcm not found, waiting...
demo.pcm not found, waiting...
demo.pcm not found, waiting...
demo.pcm not found, waiting...
demo.pcm not found, waiting...
demo.pcm not found, waiting...
demo.pcm not found, waiting...
demo.pcm not found, waiting...
demo.pcm not found, waiting...
demo.pcm not found, waiting...
demo.pcm not found, waiting...
demo.pcm not found, waiting...
demo.pcm not found, waiting...
demo.pcm not found, waiting...
demo.pcm not found, waiting...
demo.pcm not found, waiting...
demo.pcm not found, waiting...
demo.pcm not found, waiting...
demo.pcm not found, waiting...
demo.pcm not found, waiting...
demo.pcm not found, waiting...
demo.pcm not found, waiting...
demo.pcm not found, waiting...
demo.pcm not found, waiting...
demo.pcm not found, waiting...
demo.pcm not found, waiting...
demo.pcm not found, waiting...
demo.pcm not found, waiting...
demo.pcm not found, waiting...
demo.pcm not found, waiting...
demo.pcm not found, waiting...
demo.pcm not found, waiting...
demo.pcm not found, waiting...
demo.pcm not found, waiting...
demo.pcm not found, waiting...
demo.pcm not found, waiting...
demo.pcm not found, waiting...
demo.pcm not found, waiting...
demo.pcm not found, waiting...
demo.pcm not found, waiting...
demo.pcm not found, waiting...
demo.pcm not found, waiting...
demo.pcm not found, waiting...
demo.pcm not found, waiting...
demo.pcm not found, waiting...
demo.pcm not found, waiting...
demo.pcm not found, waiting...
demo.pcm not found, waiting...
demo.pcm not found, waiting...
demo.pcm not found, waiting...
demo.pcm not found, waiting...
demo.pcm not found, waiting...
demo.pcm not found, waiting...
demo.pcm not found, waiting...
demo.pcm not found, waiting...
demo.pcm not found, waiting...
demo.pcm not found, waiting...
demo.pcm not found, waiting...
demo.pcm not found, waiting...
demo.pcm not found, waiting...
demo.pcm not found, waiting...
demo.pcm not found, waiting...
demo.pcm not found, waiting...
demo.pcm not found, waiting...
demo.pcm not found, waiting...
demo.pcm not found, waiting...
demo.pcm not found, waiting...
demo.pcm not found, waiting...
demo.pcm not found, waiting...
demo.pcm not found, waiting...
demo.pcm not found, waiting...
demo.pcm not found, waiting...
demo.pcm not found, waiting...
demo.pcm not found, waiting...
demo.pcm not found, waiting...
demo.pcm not found, waiting...
demo.pcm not found, waiting...
demo.pcm not found, waiting...
demo.pcm not found, waiting...
demo.pcm not found, waiting...
demo.pcm not found, waiting...
demo.pcm not found, waiting...
demo.pcm not found, waiting...
demo.pcm not found, waiting...
demo.pcm not found, waiting...
demo.pcm not found, waiting...
demo.pcm not found, waiting...
demo.pcm not found, waiting...
demo.pcm not found, waiting...
demo.pcm not found, waiting...
demo.pcm not found, waiting...
demo.pcm not found, waiting...
demo.pcm not found, waiting...
demo.pcm not found, waiting...
demo.pcm not found, waiting...
demo.pcm not found, waiting...
demo.pcm not found, waiting...
demo.pcm not found, waiting...
demo.pcm not found, waiting...
demo.pcm not found, waiting...
demo.pcm not found, waiting...
demo.pcm not found, waiting...
demo.pcm not found, waiting...
demo.pcm not found, waiting...
demo.pcm not found, waiting...
demo.pcm not found, waiting...
demo.pcm not found, waiting...
demo.pcm not found, waiting...
demo.pcm not found, waiting...
demo.pcm not found, waiting...
demo.pcm not found, waiting...
demo.pcm not found, waiting...
demo.pcm not found, waiting...
demo.pcm not found, waiting...
demo.pcm not found, waiting...
demo.pcm not found, waiting...
demo.pcm not found, waiting...
demo.pcm not found, waiting...
demo.pcm not found, waiting...
demo.pcm not found, waiting...
demo.pcm not found, waiting...
demo.pcm not found, waiting...
demo.pcm not found, waiting...
demo.pcm not found, waiting...
demo.pcm not found, waiting...
demo.pcm not found, waiting...
demo.pcm not found, waiting...
demo.pcm not found, waiting...
demo.pcm not found, waiting...
demo.pcm not found, waiting...
demo.pcm not found, waiting...
demo.pcm not found, waiting...
demo.pcm not found, waiting...
demo.pcm not found, waiting...
demo.pcm not found, waiting...
demo.pcm not found, waiting...
demo.pcm not found, waiting...
demo.pcm not found, waiting...
demo.pcm not found, waiting...
demo.pcm not found, waiting...
demo.pcm not found, waiting...
demo.pcm not found, waiting...
demo.pcm not found, waiting...
demo.pcm not found, waiting...
demo.pcm not found, waiting...
demo.pcm not found, waiting...
demo.pcm not found, waiting...
demo.pcm not found, waiting...
demo.pcm not found, waiting...
demo.pcm not found, waiting...
demo.pcm not found, waiting...
demo.pcm not found, waiting...
demo.pcm not found, waiting...
demo.pcm not found, waiting...
demo.pcm not found, waiting...
demo.pcm not found, waiting...
demo.pcm not found, waiting...
demo.pcm not found, waiting...
demo.pcm not found, waiting...
demo.pcm not found, waiting...
demo.pcm not found, waiting...
demo.pcm not found, waiting...
demo.pcm not found, waiting...
demo.pcm not found, waiting...
demo.pcm not found, waiting...
demo.pcm not found, waiting...
demo.pcm not found, waiting...
demo.pcm not found, waiting...
demo.pcm not found, waiting...
demo.pcm not found, waiting...
demo.pcm not found, waiting...
demo.pcm not found, waiting...
demo.pcm not found, waiting...
demo.pcm not found, waiting...
demo.pcm not found, waiting...
demo.pcm not found, waiting...
demo.pcm not found, waiting...
demo.pcm not found, waiting...
demo.pcm not found, waiting...
demo.pcm not found, waiting...
demo.pcm not found, waiting...
demo.pcm not found, waiting...
demo.pcm not found, waiting...
demo.pcm not found, waiting...
demo.pcm not found, waiting...
demo.pcm not found, waiting...
demo.pcm not found, waiting...
demo.pcm not found, waiting...
demo.pcm not found, waiting...
demo.pcm not found, waiting...
demo.pcm not found, waiting...
demo.pcm not found, waiting...
demo.pcm not found, waiting...
demo.pcm not found, waiting...
demo.pcm not found, waiting...
demo.pcm not found, waiting...
demo.pcm not found, waiting...
demo.pcm not found, waiting...
demo.pcm not found, waiting...
demo.pcm not found, waiting...
demo.pcm not found, waiting...
demo.pcm not found, waiting...
demo.pcm not found, waiting...
demo.pcm not found, waiting...
demo.pcm not found, waiting...
demo.pcm not found, waiting...
demo.pcm not found, waiting...
demo.pcm not found, waiting...
demo.pcm not found, waiting...
demo.pcm not found, waiting...
demo.pcm not found, waiting...
demo.pcm not found, waiting...
demo.pcm not found, waiting...
demo.pcm not found, waiting...
demo.pcm not found, waiting...
demo.pcm not found, waiting...
demo.pcm not found, waiting...
demo.pcm not found, waiting...
demo.pcm not found, waiting...
demo.pcm not found, waiting...
demo.pcm not found, waiting...
demo.pcm not found, waiting...
demo.pcm not found, waiting...
demo.pcm not found, waiting...
demo.pcm not found, waiting...
demo.pcm not found, waiting...
demo.pcm not found, waiting...
demo.pcm not found, waiting...
demo.pcm not found, waiting...
demo.pcm not found, waiting...
demo.pcm not found, waiting...
demo.pcm not found, waiting...
demo.pcm not found, waiting...
demo.pcm not found, waiting...
demo.pcm not found, waiting...
demo.pcm not found, waiting...
demo.pcm not found, waiting...
demo.pcm not found, waiting...
demo.pcm not found, waiting...
demo.pcm not found, waiting...
demo.pcm not found, waiting...
demo.pcm not found, waiting...
demo.pcm not found, waiting...
demo.pcm not found, waiting...
demo.pcm not found, waiting...
demo.pcm not found, waiting...
demo.pcm not found, waiting...
demo.pcm not found, waiting...
demo.pcm not found, waiting...
demo.pcm not found, waiting...
demo.pcm not found, waiting...
demo.pcm not found, waiting...
demo.pcm not found, waiting...
demo.pcm not found, waiting...
demo.pcm not found, waiting...
demo.pcm not found, waiting...
demo.pcm not found, waiting...
demo.pcm not found, waiting...
demo.pcm not found, waiting...
demo.pcm not found, waiting...
demo.pcm not found, waiting...
demo.pcm not found, waiting...
demo.pcm not found, waiting...
demo.pcm not found, waiting...
demo.pcm not found, waiting...
demo.pcm not found, waiting...
demo.pcm not found, waiting...
demo.pcm not found, waiting...
demo.pcm not found, waiting...
demo.pcm not found, waiting...
demo.pcm not found, waiting...
demo.pcm not found, waiting...
demo.pcm not found, waiting...
demo.pcm not found, waiting...
demo.pcm not found, waiting...
demo.pcm not found, waiting...
demo.pcm not found, waiting...
demo.pcm not found, waiting...
demo.pcm not found, waiting...
demo.pcm not found, waiting...
demo.pcm not found, waiting...
demo.pcm not found, waiting...
demo.pcm not found, waiting...
demo.pcm not found, waiting...
demo.pcm not found, waiting...
demo.pcm not found, waiting...
demo.pcm not found, waiting...
demo.pcm not found, waiting...
demo.pcm not found, waiting...
demo.pcm not found, waiting...
demo.pcm not found, waiting...
demo.pcm not found, waiting...
demo.pcm not found, waiting...
demo.pcm not found, waiting...
demo.pcm not found, waiting...
demo.pcm not found, waiting...
demo.pcm not found, waiting...
demo.pcm not found, waiting...
demo.pcm not found, waiting...
demo.pcm not found, waiting...
demo.pcm not found, waiting...
demo.pcm not found, waiting...
demo.pcm not found, waiting...
demo.pcm not found, waiting...
demo.pcm not found, waiting...
demo.pcm not found, waiting...
demo.pcm not found, waiting...
demo.pcm not found, waiting...
demo.pcm not found, waiting...
demo.pcm not found, waiting...
demo.pcm not found, waiting...
demo.pcm not found, waiting...
demo.pcm not found, waiting...
demo.pcm not found, waiting...
demo.pcm not found, waiting...
demo.pcm not found, waiting...
demo.pcm not found, waiting...
demo.pcm not found, waiting...
demo.pcm not found, waiting...
demo.pcm not found, waiting...
demo.pcm not found, waiting...
demo.pcm not found, waiting...
demo.pcm not found, waiting...
demo.pcm not found, waiting...
demo.pcm not found, waiting...
demo.pcm not found, waiting...
demo.pcm not found, waiting...
demo.pcm not found, waiting...
demo.pcm not found, waiting...
demo.pcm not found, waiting...
demo.pcm not found, waiting...
demo.pcm not found, waiting...
demo.pcm not found, waiting...
demo.pcm not found, waiting...
demo.pcm not found, waiting...
demo.pcm not found, waiting...
demo.pcm not found, waiting...
demo.pcm not found, waiting...
demo.pcm not found, waiting...
demo.pcm not found, waiting...
demo.pcm not found, waiting...
demo.pcm not found, waiting...
demo.pcm not found, waiting...
demo.pcm not found, waiting...
demo.pcm not found, waiting...
demo.pcm not found, waiting...
demo.pcm not found, waiting...
demo.pcm not found, waiting...
demo.pcm not found, waiting...
demo.pcm not found, waiting...
demo.pcm not found, waiting...
demo.pcm not found, waiting...
demo.pcm not found, waiting...
demo.pcm not found, waiting...
demo.pcm not found, waiting...
demo.pcm not found, waiting...
demo.pcm not found, waiting...
demo.pcm not found, waiting...
demo.pcm not found, waiting...
demo.pcm not found, waiting...
demo.pcm not found, waiting...
demo.pcm not found, waiting...
demo.pcm not found, waiting...
demo.pcm not found, waiting...
demo.pcm not found, waiting...
demo.pcm not found, waiting...
demo.pcm not found, waiting...
demo.pcm not found, waiting...
demo.pcm not found, waiting...
demo.pcm not found, waiting...
demo.pcm not found, waiting...
demo.pcm not found, waiting...
demo.pcm not found, waiting...
demo.pcm not found, waiting...
demo.pcm not found, waiting...
demo.pcm not found, waiting...
demo.pcm not found, waiting...
demo.pcm not found, waiting...
demo.pcm not found, waiting...
demo.pcm not found, waiting...
demo.pcm not found, waiting...
demo.pcm not found, waiting...
demo.pcm not found, waiting...
demo.pcm not found, waiting...
demo.pcm not found, waiting...
demo.pcm not found, waiting...
demo.pcm not found, waiting...
demo.pcm not found, waiting...
demo.pcm not found, waiting...
demo.pcm not found, waiting...
demo.pcm not found, waiting...
demo.pcm not found, waiting...
demo.pcm not found, waiting...
demo.pcm not found, waiting...
demo.pcm not found, waiting...
demo.pcm not found, waiting...
demo.pcm not found, waiting...
demo.pcm not found, waiting...
demo.pcm not found, waiting...
demo.pcm not found, waiting...
demo.pcm not found, waiting...
demo.pcm not found, waiting...
demo.pcm not found, waiting...
demo.pcm not found, waiting...
demo.pcm not found, waiting...
demo.pcm not found, waiting...
demo.pcm not found, waiting...
demo.pcm not found, waiting...
demo.pcm not found, waiting...
demo.pcm not found, waiting...
demo.pcm not found, waiting...
demo.pcm not found, waiting...
demo.pcm not found, waiting...
demo.pcm not found, waiting...
demo.pcm not found, waiting...
demo.pcm not found, waiting...
demo.pcm not found, waiting...
demo.pcm not found, waiting...
demo.pcm not found, waiting...
demo.pcm not found, waiting...
demo.pcm not found, waiting...
demo.pcm not found, waiting...
demo.pcm not found, waiting...
demo.pcm not found, waiting...
demo.pcm not found, waiting...
demo.pcm not found, waiting...
demo.pcm not found, waiting...
demo.pcm not found, waiting...
demo.pcm not found, waiting...
demo.pcm not found, waiting...
demo.pcm not found, waiting...
demo.pcm not found, waiting...
demo.pcm not found, waiting...
demo.pcm not found, waiting...
demo.pcm not found, waiting...
demo.pcm not found, waiting...
demo.pcm not found, waiting...
demo.pcm not found, waiting...
demo.pcm not found, waiting...
demo.pcm not found, waiting...
demo.pcm not found, waiting...
demo.pcm not found, waiting...
demo.pcm not found, waiting...
demo.pcm not found, waiting...
demo.pcm not found, waiting...
demo.pcm not found, waiting...
demo.pcm not found, waiting...
demo.pcm not found, waiting...
demo.pcm not found, waiting...
demo.pcm not found, waiting...
demo.pcm not found, waiting...
demo.pcm not found, waiting...
demo.pcm not found, waiting...
demo.pcm not found, waiting...
demo.pcm not found, waiting...
demo.pcm not found, waiting...
demo.pcm not found, waiting...
demo.pcm not found, waiting...
demo.pcm not found, waiting...
demo.pcm not found, waiting...
demo.pcm not found, waiting...
demo.pcm not found, waiting...
demo.pcm not found, waiting...
demo.pcm not found, waiting...
demo.pcm not found, waiting...
demo.pcm not found, waiting...
demo.pcm not found, waiting...
demo.pcm not found, waiting...
demo.pcm not found, waiting...
demo.pcm not found, waiting...
demo.pcm not found, waiting...
demo.pcm not found, waiting...
demo.pcm not found, waiting...
demo.pcm not found, waiting...
demo.pcm not found, waiting...
demo.pcm not found, waiting...
demo.pcm not found, waiting...
demo.pcm not found, waiting...
demo.pcm not found, waiting...
demo.pcm not found, waiting...
demo.pcm not found, waiting...
demo.pcm not found, waiting...
demo.pcm not found, waiting...
demo.pcm not found, waiting...
demo.pcm not found, waiting...
demo.pcm not found, waiting...
demo.pcm not found, waiting...
demo.pcm not found, waiting...
demo.pcm not found, waiting...
demo.pcm not found, waiting...
demo.pcm not found, waiting...
demo.pcm not found, waiting...
demo.pcm not found, waiting...
demo.pcm not found, waiting...
demo.pcm not found, waiting...
demo.pcm not found, waiting...
demo.pcm not found, waiting...
demo.pcm not found, waiting...
demo.pcm not found, waiting...
demo.pcm not found, waiting...
demo.pcm not found, waiting...
demo.pcm not found, waiting...
demo.pcm not found, waiting...
demo.pcm not found, waiting...
demo.pcm not found, waiting...
demo.pcm not found, waiting...
demo.pcm not found, waiting...
demo.pcm not found, waiting...
demo.pcm not found, waiting...
demo.pcm not found, waiting...
demo.pcm not found, waiting...
demo.pcm not found, waiting...
demo.pcm not found, waiting...
demo.pcm not found, waiting...
demo.pcm not found, waiting...
demo.pcm not found, waiting...
demo.pcm not found, waiting...
demo.pcm not found, waiting...
demo.pcm not found, waiting...
demo.pcm not found, waiting...
demo.pcm not found, waiting...
demo.pcm not found, waiting...
demo.pcm not found, waiting...
demo.pcm not found, waiting...
demo.pcm not found, waiting...
demo.pcm not found, waiting...
demo.pcm not found, waiting...
demo.pcm not found, waiting...
demo.pcm not found, waiting...
demo.pcm not found, waiting...
demo.pcm not found, waiting...
demo.pcm not found, waiting...
demo.pcm not found, waiting...
demo.pcm not found, waiting...
demo.pcm not found, waiting...
demo.pcm not found, waiting...
demo.pcm not found, waiting...
demo.pcm not found, waiting...
demo.pcm not found, waiting...
demo.pcm not found, waiting...
demo.pcm not found, waiting...
demo.pcm not found, waiting...
demo.pcm not found, waiting...
demo.pcm not found, waiting...
demo.pcm not found, waiting...
demo.pcm not found, waiting...
demo.pcm not found, waiting...
demo.pcm not found, waiting...
demo.pcm not found, waiting...
demo.pcm not found, waiting...
demo.pcm not found, waiting...
demo.pcm not found, waiting...
demo.pcm not found, waiting...
demo.pcm not found, waiting...
demo.pcm not found, waiting...
demo.pcm not found, waiting...
demo.pcm not found, waiting...
demo.pcm not found, waiting...
demo.pcm not found, waiting...
demo.pcm not found, waiting...
demo.pcm not found, waiting...
demo.pcm not found, waiting...
demo.pcm not found, waiting...
demo.pcm not found, waiting...
demo.pcm not found, waiting...
demo.pcm not found, waiting...
demo.pcm not found, waiting...
demo.pcm not found, waiting...
demo.pcm not found, waiting...
demo.pcm not found, waiting...
demo.pcm not found, waiting...
demo.pcm not found, waiting...
demo.pcm not found, waiting...
demo.pcm not found, waiting...
demo.pcm not found, waiting...
demo.pcm not found, waiting...
demo.pcm not found, waiting...
demo.pcm not found, waiting...
demo.pcm not found, waiting...
demo.pcm not found, waiting...
demo.pcm not found, waiting...
demo.pcm not found, waiting...
demo.pcm not found, waiting...
demo.pcm not found, waiting...
demo.pcm not found, waiting...
demo.pcm not found, waiting...
demo.pcm not found, waiting...
demo.pcm not found, waiting...
demo.pcm not found, waiting...
demo.pcm not found, waiting...
demo.pcm not found, waiting...
demo.pcm not found, waiting...
demo.pcm not found, waiting...
demo.pcm not found, waiting...
demo.pcm not found, waiting...
demo.pcm not found, waiting...
demo.pcm not found, waiting...
demo.pcm not found, waiting...
demo.pcm not found, waiting...
demo.pcm not found, waiting...
demo.pcm not found, waiting...
demo.pcm not found, waiting...
demo.pcm not found, waiting...
demo.pcm not found, waiting...
demo.pcm not found, waiting...
demo.pcm not found, waiting...
demo.pcm not found, waiting...
demo.pcm not found, waiting...
demo.pcm not found, waiting...
demo.pcm not found, waiting...
demo.pcm not found, waiting...
demo.pcm not found, waiting...
demo.pcm not found, waiting...
demo.pcm not found, waiting...
demo.pcm not found, waiting...
demo.pcm not found, waiting...
demo.pcm not found, waiting...
demo.pcm not found, waiting...
demo.pcm not found, waiting...
demo.pcm not found, waiting...
demo.pcm not found, waiting...
demo.pcm not found, waiting...
demo.pcm not found, waiting...
demo.pcm not found, waiting...
demo.pcm not found, waiting...
demo.pcm not found, waiting...
demo.pcm not found, waiting...
demo.pcm not found, waiting...
demo.pcm not found, waiting...
demo.pcm not found, waiting...
demo.pcm not found, waiting...
demo.pcm not found, waiting...
demo.pcm not found, waiting...
demo.pcm not found, waiting...
demo.pcm not found, waiting...
demo.pcm not found, waiting...
demo.pcm not found, waiting...
demo.pcm not found, waiting...
demo.pcm not found, waiting...
demo.pcm not found, waiting...
demo.pcm not found, waiting...
demo.pcm not found, waiting...
demo.pcm not found, waiting...
demo.pcm not found, waiting...
demo.pcm not found, waiting...
demo.pcm not found, waiting...
demo.pcm not found, waiting...
demo.pcm not found, waiting...
demo.pcm not found, waiting...
demo.pcm not found, waiting...
demo.pcm not found, waiting...
demo.pcm not found, waiting...
demo.pcm not found, waiting...
demo.pcm not found, waiting...
demo.pcm not found, waiting...
demo.pcm not found, waiting...
demo.pcm not found, waiting...
demo.pcm not found, waiting...
demo.pcm not found, waiting...
demo.pcm not found, waiting...
demo.pcm not found, waiting...
demo.pcm not found, waiting...
demo.pcm not found, waiting...
demo.pcm not found, waiting...
demo.pcm not found, waiting...
demo.pcm not found, waiting...
demo.pcm not found, waiting...
demo.pcm not found, waiting...
demo.pcm not found, waiting...
demo.pcm not found, waiting...
demo.pcm not found, waiting...
demo.pcm not found, waiting...
demo.pcm not found, waiting...
demo.pcm not found, waiting...
demo.pcm not found, waiting...
demo.pcm not found, waiting...
demo.pcm not found, waiting...
demo.pcm not found, waiting...
demo.pcm not found, waiting...
demo.pcm not found, waiting...
demo.pcm not found, waiting...
demo.pcm not found, waiting...
demo.pcm not found, waiting...
demo.pcm not found, waiting...
demo.pcm not found, waiting...
demo.pcm not found, waiting...
demo.pcm not found, waiting...
demo.pcm not found, waiting...
demo.pcm not found, waiting...
demo.pcm not found, waiting...
demo.pcm not found, waiting...
demo.pcm not found, waiting...
demo.pcm not found, waiting...
demo.pcm not found, waiting...
demo.pcm not found, waiting...
demo.pcm not found, waiting...
demo.pcm not found, waiting...
demo.pcm not found, waiting...
demo.pcm not found, waiting...
demo.pcm not found, waiting...
demo.pcm not found, waiting...
demo.pcm not found, waiting...
demo.pcm not found, waiting...
demo.pcm not found, waiting...
demo.pcm not found, waiting...
demo.pcm not found, waiting...
demo.pcm not found, waiting...
demo.pcm not found, waiting...
demo.pcm not found, waiting...
demo.pcm not found, waiting...
demo.pcm not found, waiting...
demo.pcm not found, waiting...
demo.pcm not found, waiting...
demo.pcm not found, waiting...
demo.pcm not found, waiting...
demo.pcm not found, waiting...
demo.pcm not found, waiting...
demo.pcm not found, waiting...
demo.pcm not found, waiting...
demo.pcm not found, waiting...
demo.pcm not found, waiting...
demo.pcm not found, waiting...
demo.pcm not found, waiting...
demo.pcm not found, waiting...
demo.pcm not found, waiting...
demo.pcm not found, waiting...
demo.pcm not found, waiting...
demo.pcm not found, waiting...
demo.pcm not found, waiting...
demo.pcm not found, waiting...
demo.pcm not found, waiting...
demo.pcm not found, waiting...
demo.pcm not found, waiting...
demo.pcm not found, waiting...
demo.pcm not found, waiting...
demo.pcm not found, waiting...
demo.pcm not found, waiting...
demo.pcm not found, waiting...
demo.pcm not found, waiting...
demo.pcm not found, waiting...
demo.pcm not found, waiting...
demo.pcm not found, waiting...
demo.pcm not found, waiting...
demo.pcm not found, waiting...
demo.pcm not found, waiting...
demo.pcm not found, waiting...
demo.pcm not found, waiting...
demo.pcm not found, waiting...
demo.pcm not found, waiting...
demo.pcm not found, waiting...
demo.pcm not found, waiting...
demo.pcm not found, waiting...
demo.pcm not found, waiting...
demo.pcm not found, waiting...
demo.pcm not found, waiting...
demo.pcm not found, waiting...
demo.pcm not found, waiting...
demo.pcm not found, waiting...
demo.pcm not found, waiting...
demo.pcm not found, waiting...
demo.pcm not found, waiting...
demo.pcm not found, waiting...
demo.pcm not found, waiting...
demo.pcm not found, waiting...
demo.pcm not found, waiting...
demo.pcm not found, waiting...
demo.pcm not found, waiting...
demo.pcm not found, waiting...
demo.pcm not found, waiting...
demo.pcm not found, waiting...
demo.pcm not found, waiting...
demo.pcm not found, waiting...
demo.pcm not found, waiting...
demo.pcm not found, waiting...
demo.pcm not found, waiting...
demo.pcm not found, waiting...
demo.pcm not found, waiting...
demo.pcm not found, waiting...
demo.pcm not found, waiting...
demo.pcm not found, waiting...
demo.pcm not found, waiting...
demo.pcm not found, waiting...
demo.pcm not found, waiting...
demo.pcm not found, waiting...
demo.pcm not found, waiting...
demo.pcm not found, waiting...
demo.pcm not found, waiting...
demo.pcm not found, waiting...
demo.pcm not found, waiting...
demo.pcm not found, waiting...
demo.pcm not found, waiting...
demo.pcm not found, waiting...
demo.pcm not found, waiting...
demo.pcm not found, waiting...
demo.pcm not found, waiting...
demo.pcm not found, waiting...
demo.pcm not found, waiting...
demo.pcm not found, waiting...
demo.pcm not found, waiting...
demo.pcm not found, waiting...
demo.pcm not found, waiting...
demo.pcm not found, waiting...
demo.pcm not found, waiting...
demo.pcm not found, waiting...
demo.pcm not found, waiting...
demo.pcm not found, waiting...
demo.pcm not found, waiting...
demo.pcm not found, waiting...
demo.pcm not found, waiting...
demo.pcm not found, waiting...
demo.pcm not found, waiting...
demo.pcm not found, waiting...
demo.pcm not found, waiting...
demo.pcm not found, waiting...
demo.pcm not found, waiting...
demo.pcm not found, waiting...
demo.pcm not found, waiting...
demo.pcm not found, waiting...
demo.pcm not found, waiting...
demo.pcm not found, waiting...
demo.pcm not found, waiting...
demo.pcm not found, waiting...
demo.pcm not found, waiting...
demo.pcm not found, waiting...
demo.pcm not found, waiting...
demo.pcm not found, waiting...
demo.pcm not found, waiting...
demo.pcm not found, waiting...
demo.pcm not found, waiting...
demo.pcm not found, waiting...
demo.pcm not found, waiting...
demo.pcm not found, waiting...
demo.pcm not found, waiting...
demo.pcm not found, waiting...
demo.pcm not found, waiting...
demo.pcm not found, waiting...
demo.pcm not found, waiting...
demo.pcm not found, waiting...
demo.pcm not found, waiting...
demo.pcm not found, waiting...
demo.pcm not found, waiting...
demo.pcm not found, waiting...
demo.pcm not found, waiting...
demo.pcm not found, waiting...
demo.pcm not found, waiting...
demo.pcm not found, waiting...
demo.pcm not found, waiting...
demo.pcm not found, waiting...
demo.pcm not found, waiting...
demo.pcm not found, waiting...
demo.pcm not found, waiting...
demo.pcm not found, waiting...
demo.pcm not found, waiting...
demo.pcm not found, waiting...
demo.pcm not found, waiting...
demo.pcm not found, waiting...
demo.pcm not found, waiting...
demo.pcm not found, waiting...
demo.pcm not found, waiting...
demo.pcm not found, waiting...
demo.pcm not found, waiting...
demo.pcm not found, waiting...
demo.pcm not found, waiting...
demo.pcm not found, waiting...
demo.pcm not found, waiting...
demo.pcm not found, waiting...
demo.pcm not found, waiting...
demo.pcm not found, waiting...
demo.pcm not found, waiting...
demo.pcm not found, waiting...
demo.pcm not found, waiting...
demo.pcm not found, waiting...
demo.pcm not found, waiting...
demo.pcm not found, waiting...
demo.pcm not found, waiting...
demo.pcm not found, waiting...
demo.pcm not found, waiting...
demo.pcm not found, waiting...
demo.pcm not found, waiting...
demo.pcm not found, waiting...
demo.pcm not found, waiting...
demo.pcm not found, waiting...
demo.pcm not found, waiting...
demo.pcm not found, waiting...
demo.pcm not found, waiting...
demo.pcm not found, waiting...
demo.pcm not found, waiting...
demo.pcm not found, waiting...
demo.pcm not found, waiting...
demo.pcm not found, waiting...
demo.pcm not found, waiting...
demo.pcm not found, waiting...
demo.pcm not found, waiting...
demo.pcm not found, waiting...
demo.pcm not found, waiting...
demo.pcm not found, waiting...
demo.pcm not found, waiting...
demo.pcm not found, waiting...
demo.pcm not found, waiting...
demo.pcm not found, waiting...
demo.pcm not found, waiting...
demo.pcm not found, waiting...
demo.pcm not found, waiting...
demo.pcm not found, waiting...
demo.pcm not found, waiting...
demo.pcm not found, waiting...
demo.pcm not found, waiting...
demo.pcm not found, waiting...
demo.pcm not found, waiting...
demo.pcm not found, waiting...
demo.pcm not found, waiting...
demo.pcm not found, waiting...
demo.pcm not found, waiting...
demo.pcm not found, waiting...
demo.pcm not found, waiting...
demo.pcm not found, waiting...
demo.pcm not found, waiting...
demo.pcm not found, waiting...
demo.pcm not found, waiting...
demo.pcm not found, waiting...
demo.pcm not found, waiting...
demo.pcm not found, waiting...
demo.pcm not found, waiting...
demo.pcm not found, waiting...
demo.pcm not found, waiting...
demo.pcm not found, waiting...
demo.pcm not found, waiting...
demo.pcm not found, waiting...
demo.pcm not found, waiting...
demo.pcm not found, waiting...
demo.pcm not found, waiting...
demo.pcm not found, waiting...
demo.pcm not found, waiting...
demo.pcm not found, waiting...
demo.pcm not found, waiting...
demo.pcm not found, waiting...
demo.pcm not found, waiting...
demo.pcm not found, waiting...
demo.pcm not found, waiting...
demo.pcm not found, waiting...
demo.pcm not found, waiting...
demo.pcm not found, waiting...
demo.pcm not found, waiting...
demo.pcm not found, waiting...
demo.pcm not found, waiting...
demo.pcm not found, waiting...
demo.pcm not found, waiting...
demo.pcm not found, waiting...
demo.pcm not found, waiting...
demo.pcm not found, waiting...
demo.pcm not found, waiting...
demo.pcm not found, waiting...
demo.pcm not found, waiting...
demo.pcm not found, waiting...
demo.pcm not found, waiting...
demo.pcm not found, waiting...
demo.pcm not found, waiting...
demo.pcm not found, waiting...
demo.pcm not found, waiting...
demo.pcm not found, waiting...
demo.pcm not found, waiting...
demo.pcm not found, waiting...
demo.pcm not found, waiting...
demo.pcm not found, waiting...
demo.pcm not found, waiting...
demo.pcm not found, waiting...
demo.pcm not found, waiting...
demo.pcm not found, waiting...
demo.pcm not found, waiting...
demo.pcm not found, waiting...
demo.pcm not found, waiting...
demo.pcm not found, waiting...
demo.pcm not found, waiting...
demo.pcm not found, waiting...
demo.pcm not found, waiting...
demo.pcm not found, waiting...
demo.pcm not found, waiting...
demo.pcm not found, waiting...
demo.pcm not found, waiting...
demo.pcm not found, waiting...
demo.pcm not found, waiting...
demo.pcm not found, waiting...
demo.pcm not found, waiting...
demo.pcm not found, waiting...
demo.pcm not found, waiting...
demo.pcm not found, waiting...
demo.pcm not found, waiting...
demo.pcm not found, waiting...
demo.pcm not found, waiting...
demo.pcm not found, waiting...
demo.pcm not found, waiting...
demo.pcm not found, waiting...
demo.pcm not found, waiting...
demo.pcm not found, waiting...
demo.pcm not found, waiting...
demo.pcm not found, waiting...
demo.pcm not found, waiting...
demo.pcm not found, waiting...
demo.pcm not found, waiting...
demo.pcm not found, waiting...
demo.pcm not found, waiting...
demo.pcm not found, waiting...
demo.pcm not found, waiting...
demo.pcm not found, waiting...
demo.pcm not found, waiting...
demo.pcm not found, waiting...
demo.pcm not found, waiting...
demo.pcm not found, waiting...
demo.pcm not found, waiting...
demo.pcm not found, waiting...
demo.pcm not found, waiting...
demo.pcm not found, waiting...
demo.pcm not found, waiting...
demo.pcm not found, waiting...
demo.pcm not found, waiting...
demo.pcm not found, waiting...
demo.pcm not found, waiting...
demo.pcm not found, waiting...
demo.pcm not found, waiting...
demo.pcm not found, waiting...
demo.pcm not found, waiting...
demo.pcm not found, waiting...
demo.pcm not found, waiting...
demo.pcm not found, waiting...
demo.pcm not found, waiting...
demo.pcm not found, waiting...
demo.pcm not found, waiting...
demo.pcm not found, waiting...
demo.pcm not found, waiting...
demo.pcm not found, waiting...
demo.pcm not found, waiting...
demo.pcm not found, waiting...
demo.pcm not found, waiting...
demo.pcm not found, waiting...
demo.pcm not found, waiting...
demo.pcm not found, waiting...
demo.pcm not found, waiting...
demo.pcm not found, waiting...
demo.pcm not found, waiting...
demo.pcm not found, waiting...
demo.pcm not found, waiting...
demo.pcm not found, waiting...
demo.pcm not found, waiting...
demo.pcm not found, waiting...
demo.pcm not found, waiting...
demo.pcm not found, waiting...
demo.pcm not found, waiting...
demo.pcm not found, waiting...
demo.pcm not found, waiting...
demo.pcm not found, waiting...
demo.pcm not found, waiting...
demo.pcm not found, waiting...
demo.pcm not found, waiting...
demo.pcm not found, waiting...
demo.pcm not found, waiting...
demo.pcm not found, waiting...
demo.pcm not found, waiting...
demo.pcm not found, waiting...
demo.pcm not found, waiting...
demo.pcm not found, waiting...
demo.pcm not found, waiting...
demo.pcm not found, waiting...
demo.pcm not found, waiting...
demo.pcm not found, waiting...
demo.pcm not found, waiting...
demo.pcm not found, waiting...
demo.pcm not found, waiting...
demo.pcm not found, waiting...
demo.pcm not found, waiting...
demo.pcm not found, waiting...
demo.pcm not found, waiting...
demo.pcm not found, waiting...
demo.pcm not found, waiting...
demo.pcm not found, waiting...
demo.pcm not found, waiting...
demo.pcm not found, waiting...
demo.pcm not found, waiting...
demo.pcm not found, waiting...
demo.pcm not found, waiting...
demo.pcm not found, waiting...
demo.pcm not found, waiting...
demo.pcm not found, waiting...
demo.pcm not found, waiting...
demo.pcm not found, waiting...
demo.pcm not found, waiting...
demo.pcm not found, waiting...
demo.pcm not found, waiting...
demo.pcm not found, waiting...
demo.pcm not found, waiting...
demo.pcm not found, waiting...
demo.pcm not found, waiting...
demo.pcm not found, waiting...
demo.pcm not found, waiting...
demo.pcm not found, waiting...
demo.pcm not found, waiting...
demo.pcm not found, waiting...
demo.pcm not found, waiting...
demo.pcm not found, waiting...
demo.pcm not found, waiting...
demo.pcm not found, waiting...
demo.pcm not found, waiting...
demo.pcm not found, waiting...
demo.pcm not found, waiting...
demo.pcm not found, waiting...
demo.pcm not found, waiting...
demo.pcm not found, waiting...
demo.pcm not found, waiting...
demo.pcm not found, waiting...
demo.pcm not found, waiting...
demo.pcm not found, waiting...
demo.pcm not found, waiting...
demo.pcm not found, waiting...
demo.pcm not found, waiting...
demo.pcm not found, waiting...
demo.pcm not found, waiting...
demo.pcm not found, waiting...
demo.pcm not found, waiting...
demo.pcm not found, waiting...
demo.pcm not found, waiting...
demo.pcm not found, waiting...
demo.pcm not found, waiting...
demo.pcm not found, waiting...
demo.pcm not found, waiting...
demo.pcm not found, waiting...
demo.pcm not found, waiting...
demo.pcm not found, waiting...
demo.pcm not found, waiting...
demo.pcm not found, waiting...
demo.pcm not found, waiting...
demo.pcm not found, waiting...
demo.pcm not found, waiting...
demo.pcm not found, waiting...
demo.pcm not found, waiting...
demo.pcm not found, waiting...
demo.pcm not found, waiting...
demo.pcm not found, waiting...
demo.pcm not found, waiting...
demo.pcm not found, waiting...
demo.pcm not found, waiting...
demo.pcm not found, waiting...
demo.pcm not found, waiting...
demo.pcm not found, waiting...
demo.pcm not found, waiting...
demo.pcm not found, waiting...
demo.pcm not found, waiting...
demo.pcm not found, waiting...
demo.pcm not found, waiting...
demo.pcm not found, waiting...
demo.pcm not found, waiting...
demo.pcm not found, waiting...
demo.pcm not found, waiting...
demo.pcm not found, waiting...
demo.pcm not found, waiting...
demo.pcm not found, waiting...
demo.pcm not found, waiting...
demo.pcm not found, waiting...
demo.pcm not found, waiting...
demo.pcm not found, waiting...
demo.pcm not found, waiting...
demo.pcm not found, waiting...
demo.pcm not found, waiting...
demo.pcm not found, waiting...
demo.pcm not found, waiting...
demo.pcm not found, waiting...
demo.pcm not found, waiting...
demo.pcm not found, waiting...
demo.pcm not found, waiting...
demo.pcm not found, waiting...
demo.pcm not found, waiting...
demo.pcm not found, waiting...
demo.pcm not found, waiting...
demo.pcm not found, waiting...
demo.pcm not found, waiting...
demo.pcm not found, waiting...
demo.pcm not found, waiting...
demo.pcm not found, waiting...
demo.pcm not found, waiting...
demo.pcm not found, waiting...
demo.pcm not found, waiting...
demo.pcm not found, waiting...
demo.pcm not found, waiting...
demo.pcm not found, waiting...
demo.pcm not found, waiting...
demo.pcm not found, waiting...
demo.pcm not found, waiting...
demo.pcm not found, waiting...
demo.pcm not found, waiting...
demo.pcm not found, waiting...
demo.pcm not found, waiting...
demo.pcm not found, waiting...
demo.pcm not found, waiting...
demo.pcm not found, waiting...
demo.pcm not found, waiting...
demo.pcm not found, waiting...
demo.pcm not found, waiting...
demo.pcm not found, waiting...
demo.pcm not found, waiting...
demo.pcm not found, waiting...
demo.pcm not found, waiting...
demo.pcm not found, waiting...
demo.pcm not found, waiting...
demo.pcm not found, waiting...
demo.pcm not found, waiting...
demo.pcm not found, waiting...
demo.pcm not found, waiting...
demo.pcm not found, waiting...
demo.pcm not found, waiting...
demo.pcm not found, waiting...
demo.pcm not found, waiting...
demo.pcm not found, waiting...
demo.pcm not found, waiting...
demo.pcm not found, waiting...
demo.pcm not found, waiting...
demo.pcm not found, waiting...
demo.pcm not found, waiting...
demo.pcm not found, waiting...
demo.pcm not found, waiting...
demo.pcm not found, waiting...
demo.pcm not found, waiting...
demo.pcm not found, waiting...
demo.pcm not found, waiting...
demo.pcm not found, waiting...
demo.pcm not found, waiting...
demo.pcm not found, waiting...
demo.pcm not found, waiting...
demo.pcm not found, waiting...
demo.pcm not found, waiting...
demo.pcm not found, waiting...
demo.pcm not found, waiting...
demo.pcm not found, waiting...
demo.pcm not found, waiting...
demo.pcm not found, waiting...
demo.pcm not found, waiting...
demo.pcm not found, waiting...
demo.pcm not found, waiting...
demo.pcm not found, waiting...
demo.pcm not found, waiting...
demo.pcm not found, waiting...
demo.pcm not found, waiting...
demo.pcm not found, waiting...
demo.pcm not found, waiting...
demo.pcm not found, waiting...
demo.pcm not found, waiting...
demo.pcm not found, waiting...
demo.pcm not found, waiting...
demo.pcm not found, waiting...
demo.pcm not found, waiting...
demo.pcm not found, waiting...
demo.pcm not found, waiting...
demo.pcm not found, waiting...
demo.pcm not found, waiting...
demo.pcm not found, waiting...
demo.pcm not found, waiting...
demo.pcm not found, waiting...
demo.pcm not found, waiting...
demo.pcm not found, waiting...
demo.pcm not found, waiting...
demo.pcm not found, waiting...
demo.pcm not found, waiting...
demo.pcm not found, waiting...
demo.pcm not found, waiting...
demo.pcm not found, waiting...
demo.pcm not found, waiting...
demo.pcm not found, waiting...
demo.pcm not found, waiting...
demo.pcm not found, waiting...
demo.pcm not found, waiting...
demo.pcm not found, waiting...
demo.pcm not found, waiting...
demo.pcm not found, waiting...
demo.pcm not found, waiting...
demo.pcm not found, waiting...
demo.pcm not found, waiting...
demo.pcm not found, waiting...
demo.pcm not found, waiting...
demo.pcm not found, waiting...
demo.pcm not found, waiting...
demo.pcm not found, waiting...
demo.pcm not found, waiting...
demo.pcm not found, waiting...
demo.pcm not found, waiting...
demo.pcm not found, waiting...
demo.pcm not found, waiting...
demo.pcm not found, waiting...
demo.pcm not found, waiting...
demo.pcm not found, waiting...
demo.pcm not found, waiting...
demo.pcm not found, waiting...
demo.pcm not found, waiting...
demo.pcm not found, waiting...
demo.pcm not found, waiting...
demo.pcm not found, waiting...
demo.pcm not found, waiting...
demo.pcm not found, waiting...
demo.pcm not found, waiting...
demo.pcm not found, waiting...
demo.pcm not found, waiting...
demo.pcm not found, waiting...
demo.pcm not found, waiting...
demo.pcm not found, waiting...
demo.pcm not found, waiting...
demo.pcm not found, waiting...
demo.pcm not found, waiting...
demo.pcm not found, waiting...
demo.pcm not found, waiting...
demo.pcm not found, waiting...
demo.pcm not found, waiting...
demo.pcm not found, waiting...
demo.pcm not found, waiting...
demo.pcm not found, waiting...
demo.pcm not found, waiting...
demo.pcm not found, waiting...
demo.pcm not found, waiting...
demo.pcm not found, waiting...
demo.pcm not found, waiting...
demo.pcm not found, waiting...
demo.pcm not found, waiting...
demo.pcm not found, waiting...
demo.pcm not found, waiting...
demo.pcm not found, waiting...
demo.pcm not found, waiting...
demo.pcm not found, waiting...
demo.pcm not found, waiting...
demo.pcm not found, waiting...
demo.pcm not found, waiting...
demo.pcm not found, waiting...
demo.pcm not found, waiting...
demo.pcm not found, waiting...
demo.pcm not found, waiting...
demo.pcm not found, waiting...
demo.pcm not found, waiting...
demo.pcm not found, waiting...
demo.pcm not found, waiting...
demo.pcm not found, waiting...
demo.pcm not found, waiting...
demo.pcm not found, waiting...
demo.pcm not found, waiting...
demo.pcm not found, waiting...
demo.pcm not found, waiting...
demo.pcm not found, waiting...
demo.pcm not found, waiting...
demo.pcm not found, waiting...
demo.pcm not found, waiting...
demo.pcm not found, waiting...
demo.pcm not found, waiting...
demo.pcm not found, waiting...
demo.pcm not found, waiting...
demo.pcm not found, waiting...
demo.pcm not found, waiting...
demo.pcm not found, waiting...
demo.pcm not found, waiting...
demo.pcm not found, waiting...
demo.pcm not found, waiting...
demo.pcm not found, waiting...
demo.pcm not found, waiting...
demo.pcm not found, waiting...
demo.pcm not found, waiting...
demo.pcm not found, waiting...
demo.pcm not found, waiting...
demo.pcm not found, waiting...
demo.pcm not found, waiting...
demo.pcm not found, waiting...
demo.pcm not found, waiting...
demo.pcm not found, waiting...
demo.pcm not found, waiting...
demo.pcm not found, waiting...
demo.pcm not found, waiting...
demo.pcm not found, waiting...
demo.pcm not found, waiting...
demo.pcm not found, waiting...
demo.pcm not found, waiting...
demo.pcm not found, waiting...
demo.pcm not found, waiting...
demo.pcm not found, waiting...
demo.pcm not found, waiting...
demo.pcm not found, waiting...
demo.pcm not found, waiting...
demo.pcm not found, waiting...
demo.pcm not found, waiting...
demo.pcm not found, waiting...
demo.pcm not found, waiting...
demo.pcm not found, waiting...
demo.pcm not found, waiting...
demo.pcm not found, waiting...
demo.pcm not found, waiting...
demo.pcm not found, waiting...
demo.pcm not found, waiting...
demo.pcm not found, waiting...
demo.pcm not found, waiting...
demo.pcm not found, waiting...
demo.pcm not found, waiting...
demo.pcm not found, waiting...
demo.pcm not found, waiting...
demo.pcm not found, waiting...
demo.pcm not found, waiting...
demo.pcm not found, waiting...
demo.pcm not found, waiting...
demo.pcm not found, waiting...
demo.pcm not found, waiting...
demo.pcm not found, waiting...
demo.pcm not found, waiting...
demo.pcm not found, waiting...
demo.pcm not found, waiting...
demo.pcm not found, waiting...
demo.pcm not found, waiting...
demo.pcm not found, waiting...
demo.pcm not found, waiting...
demo.pcm not found, waiting...
demo.pcm not found, waiting...
demo.pcm not found, waiting...
demo.pcm not found, waiting...
demo.pcm not found, waiting...
demo.pcm not found, waiting...
demo.pcm not found, waiting...
demo.pcm not found, waiting...
demo.pcm not found, waiting...
demo.pcm not found, waiting...
demo.pcm not found, waiting...
demo.pcm not found, waiting...
demo.pcm not found, waiting...
demo.pcm not found, waiting...
demo.pcm not found, waiting...
demo.pcm not found, waiting...
demo.pcm not found, waiting...
demo.pcm not found, waiting...
demo.pcm not found, waiting...
demo.pcm not found, waiting...
demo.pcm not found, waiting...
demo.pcm not found, waiting...
demo.pcm not found, waiting...
demo.pcm not found, waiting...
demo.pcm not found, waiting...
demo.pcm not found, waiting...
demo.pcm not found, waiting...
demo.pcm not found, waiting...
demo.pcm not found, waiting...
demo.pcm not found, waiting...
demo.pcm not found, waiting...
demo.pcm not found, waiting...
demo.pcm not found, waiting...
demo.pcm not found, waiting...
demo.pcm not found, waiting...
demo.pcm not found, waiting...
demo.pcm not found, waiting...
demo.pcm not found, waiting...
demo.pcm not found, waiting...
demo.pcm not found, waiting...
demo.pcm not found, waiting...
demo.pcm not found, waiting...
demo.pcm not found, waiting...
demo.pcm not found, waiting...
demo.pcm not found, waiting...
demo.pcm not found, waiting...
demo.pcm not found, waiting...
demo.pcm not found, waiting...
demo.pcm not found, waiting...
demo.pcm not found, waiting...
demo.pcm not found, waiting...
demo.pcm not found, waiting...
demo.pcm not found, waiting...
demo.pcm not found, waiting...
demo.pcm not found, waiting...
demo.pcm not found, waiting...
demo.pcm not found, waiting...
demo.pcm not found, waiting...
demo.pcm not found, waiting...
demo.pcm not found, waiting...
demo.pcm not found, waiting...
demo.pcm not found, waiting...
demo.pcm not found, waiting...
demo.pcm not found, waiting...
demo.pcm not found, waiting...
demo.pcm not found, waiting...
demo.pcm not found, waiting...
demo.pcm not found, waiting...
demo.pcm not found, waiting...
demo.pcm not found, waiting...
demo.pcm not found, waiting...
demo.pcm not found, waiting...
demo.pcm not found, waiting...
demo.pcm not found, waiting...
demo.pcm not found, waiting...
demo.pcm not found, waiting...
demo.pcm not found, waiting...
demo.pcm not found, waiting...
demo.pcm not found, waiting...
demo.pcm not found, waiting...
demo.pcm not found, waiting...
demo.pcm not found, waiting...
demo.pcm not found, waiting...
demo.pcm not found, waiting...
demo.pcm not found, waiting...
demo.pcm not found, waiting...
demo.pcm not found, waiting...
demo.pcm not found, waiting...
demo.pcm not found, waiting...
demo.pcm not found, waiting...
demo.pcm not found, waiting...
demo.pcm not found, waiting...
demo.pcm not found, waiting...
demo.pcm not found, waiting...
demo.pcm not found, waiting...
demo.pcm not found, waiting...
demo.pcm not found, waiting...
demo.pcm not found, waiting...
demo.pcm not found, waiting...
demo.pcm not found, waiting...
demo.pcm not found, waiting...
demo.pcm not found, waiting...
demo.pcm not found, waiting...
demo.pcm not found, waiting...
demo.pcm not found, waiting...
demo.pcm not found, waiting...
demo.pcm not found, waiting...
demo.pcm not found, waiting...
demo.pcm not found, waiting...
demo.pcm not found, waiting...
demo.pcm not found, waiting...
demo.pcm not found, waiting...
demo.pcm not found, waiting...
demo.pcm not found, waiting...
demo.pcm not found, waiting...
demo.pcm not found, waiting...
demo.pcm not found, waiting...
demo.pcm not found, waiting...
demo.pcm not found, waiting...
demo.pcm not found, waiting...
demo.pcm not found, waiting...
demo.pcm not found, waiting...
demo.pcm not found, waiting...
demo.pcm not found, waiting...
demo.pcm not found, waiting...
demo.pcm not found, waiting...
demo.pcm not found, waiting...
demo.pcm not found, waiting...
demo.pcm not found, waiting...
demo.pcm not found, waiting...
demo.pcm not found, waiting...
demo.pcm not found, waiting...
demo.pcm not found, waiting...
demo.pcm not found, waiting...
demo.pcm not found, waiting...
demo.pcm not found, waiting...
demo.pcm not found, waiting...
demo.pcm not found, waiting...
demo.pcm not found, waiting...
demo.pcm not found, waiting...
demo.pcm not found, waiting...
demo.pcm not found, waiting...
demo.pcm not found, waiting...
demo.pcm not found, waiting...
demo.pcm not found, waiting...
demo.pcm not found, waiting...
demo.pcm not found, waiting...
demo.pcm not found, waiting...
demo.pcm not found, waiting...
demo.pcm not found, waiting...
demo.pcm not found, waiting...
demo.pcm not found, waiting...
demo.pcm not found, waiting...
demo.pcm not found, waiting...
demo.pcm not found, waiting...
demo.pcm not found, waiting...
demo.pcm not found, waiting...
demo.pcm not found, waiting...
demo.pcm not found, waiting...
demo.pcm not found, waiting...
demo.pcm not found, waiting...
demo.pcm not found, waiting...
demo.pcm not found, waiting...
demo.pcm not found, waiting...
demo.pcm not found, waiting...
demo.pcm not found, waiting...
demo.pcm not found, waiting...
demo.pcm not found, waiting...
demo.pcm not found, waiting...
demo.pcm not found, waiting...
demo.pcm not found, waiting...
demo.pcm not found, waiting...
demo.pcm not found, waiting...
demo.pcm not found, waiting...
demo.pcm not found, waiting...
demo.pcm not found, waiting...
demo.pcm not found, waiting...
demo.pcm not found, waiting...
demo.pcm not found, waiting...
demo.pcm not found, waiting...
demo.pcm not found, waiting...
demo.pcm not found, waiting...
demo.pcm not found, waiting...
demo.pcm not found, waiting...
demo.pcm not found, waiting...
demo.pcm not found, waiting...
demo.pcm not found, waiting...
demo.pcm not found, waiting...
demo.pcm not found, waiting...
demo.pcm not found, waiting...
demo.pcm not found, waiting...
demo.pcm not found, waiting...
demo.pcm not found, waiting...
demo.pcm not found, waiting...
demo.pcm not found, waiting...
demo.pcm not found, waiting...
demo.pcm not found, waiting...
demo.pcm not found, waiting...
demo.pcm not found, waiting...
demo.pcm not found, waiting...
demo.pcm not found, waiting...
demo.pcm not found, waiting...
demo.pcm not found, waiting...
demo.pcm not found, waiting...
demo.pcm not found, waiting...
demo.pcm not found, waiting...
demo.pcm not found, waiting...
demo.pcm not found, waiting...
demo.pcm not found, waiting...
demo.pcm not found, waiting...
demo.pcm not found, waiting...
demo.pcm not found, waiting...
demo.pcm not found, waiting...
demo.pcm not found, waiting...
demo.pcm not found, waiting...
demo.pcm not found, waiting...
demo.pcm not found, waiting...
demo.pcm not found, waiting...
demo.pcm not found, waiting...
demo.pcm not found, waiting...
demo.pcm not found, waiting...
demo.pcm not found, waiting...
demo.pcm not found, waiting...
demo.pcm not found, waiting...
demo.pcm not found, waiting...
demo.pcm not found, waiting...
demo.pcm not found, waiting...
demo.pcm not found, waiting...
demo.pcm not found, waiting...
demo.pcm not found, waiting...
demo.pcm not found, waiting...
demo.pcm not found, waiting...
demo.pcm not found, waiting...
demo.pcm not found, waiting...
demo.pcm not found, waiting...
demo.pcm not found, waiting...
demo.pcm not found, waiting...
demo.pcm not found, waiting...
demo.pcm not found, waiting...
demo.pcm not found, waiting...
demo.pcm not found, waiting...
demo.pcm not found, waiting...
demo.pcm not found, waiting...
demo.pcm not found, waiting...
demo.pcm not found, waiting...
demo.pcm not found, waiting...
demo.pcm not found, waiting...
demo.pcm not found, waiting...
demo.pcm not found, waiting...
demo.pcm not found, waiting...
demo.pcm not found, waiting...
demo.pcm not found, waiting...
demo.pcm not found, waiting...
demo.pcm not found, waiting...
demo.pcm not found, waiting...
demo.pcm not found, waiting...
demo.pcm not found, waiting...
demo.pcm not found, waiting...
demo.pcm not found, waiting...
demo.pcm not found, waiting...
demo.pcm not found, waiting...
demo.pcm not found, waiting...
demo.pcm not found, waiting...
demo.pcm not found, waiting...
demo.pcm not found, waiting...
demo.pcm not found, waiting...
demo.pcm not found, waiting...
demo.pcm not found, waiting...
demo.pcm not found, waiting...
demo.pcm not found, waiting...
demo.pcm not found, waiting...
demo.pcm not found, waiting...
demo.pcm not found, waiting...
demo.pcm not found, waiting...
demo.pcm not found, waiting...
demo.pcm not found, waiting...
demo.pcm not found, waiting...
demo.pcm not found, waiting...
demo.pcm not found, waiting...
demo.pcm not found, waiting...
demo.pcm not found, waiting...
demo.pcm not found, waiting...
demo.pcm not found, waiting...
demo.pcm not found, waiting...
demo.pcm not found, waiting...
demo.pcm not found, waiting...
demo.pcm not found, waiting...
demo.pcm not found, waiting...
demo.pcm not found, waiting...
demo.pcm not found, waiting...
demo.pcm not found, waiting...
demo.pcm not found, waiting...
demo.pcm not found, waiting...
demo.pcm not found, waiting...
demo.pcm not found, waiting...
demo.pcm not found, waiting...
demo.pcm not found, waiting...
demo.pcm not found, waiting...
demo.pcm not found, waiting...
demo.pcm not found, waiting...
demo.pcm not found, waiting...
demo.pcm not found, waiting...
demo.pcm not found, waiting...
demo.pcm not found, waiting...
demo.pcm not found, waiting...
demo.pcm not found, waiting...
demo.pcm not found, waiting...
demo.pcm not found, waiting...
demo.pcm not found, waiting...
demo.pcm not found, waiting...
demo.pcm not found, waiting...
demo.pcm not found, waiting...
demo.pcm not found, waiting...
demo.pcm not found, waiting...
demo.pcm not found, waiting...
demo.pcm not found, waiting...
demo.pcm not found, waiting...
demo.pcm not found, waiting...
demo.pcm not found, waiting...
demo.pcm not found, waiting...
demo.pcm not found, waiting...
demo.pcm not found, waiting...
demo.pcm not found, waiting...
demo.pcm not found, waiting...
demo.pcm not found, waiting...
demo.pcm not found, waiting...
demo.pcm not found, waiting...
demo.pcm not found, waiting...
demo.pcm not found, waiting...
demo.pcm not found, waiting...
demo.pcm not found, waiting...
demo.pcm not found, waiting...
demo.pcm not found, waiting...
demo.pcm not found, waiting...
demo.pcm not found, waiting...
demo.pcm not found, waiting...
demo.pcm not found, waiting...
demo.pcm not found, waiting...
demo.pcm not found, waiting...
demo.pcm not found, waiting...
demo.pcm not found, waiting...
demo.pcm not found, waiting...
demo.pcm not found, waiting...
demo.pcm not found, waiting...
demo.pcm not found, waiting...
demo.pcm not found, waiting...
demo.pcm not found, waiting...
demo.pcm not found, waiting...
demo.pcm not found, waiting...
demo.pcm not found, waiting...
demo.pcm not found, waiting...
demo.pcm not found, waiting...
demo.pcm not found, waiting...
demo.pcm not found, waiting...
demo.pcm not found, waiting...
demo.pcm not found, waiting...
demo.pcm not found, waiting...
demo.pcm not found, waiting...
demo.pcm not found, waiting...
demo.pcm not found, waiting...
demo.pcm not found, waiting...
demo.pcm not found, waiting...
demo.pcm not found, waiting...
demo.pcm not found, waiting...
demo.pcm not found, waiting...
demo.pcm not found, waiting...
demo.pcm not found, waiting...
demo.pcm not found, waiting...
demo.pcm not found, waiting...
demo.pcm not found, waiting...
demo.pcm not found, waiting...
demo.pcm not found, waiting...
demo.pcm not found, waiting...
demo.pcm not found, waiting...
demo.pcm not found, waiting...
demo.pcm not found, waiting...
demo.pcm not found, waiting...
demo.pcm not found, waiting...
demo.pcm not found, waiting...
demo.pcm not found, waiting...
demo.pcm not found, waiting...
demo.pcm not found, waiting...
demo.pcm not found, waiting...
demo.pcm not found, waiting...
demo.pcm not found, waiting...
demo.pcm not found, waiting...
demo.pcm not found, waiting...
demo.pcm not found, waiting...
demo.pcm not found, waiting...
demo.pcm not found, waiting...
demo.pcm not found, waiting...
demo.pcm not found, waiting...
demo.pcm not found, waiting...
demo.pcm not found, waiting...
demo.pcm not found, waiting...
demo.pcm not found, waiting...
demo.pcm not found, waiting...
demo.pcm not found, waiting...
demo.pcm not found, waiting...
demo.pcm not found, waiting...
demo.pcm not found, waiting...
demo.pcm not found, waiting...
demo.pcm not found, waiting...
demo.pcm not found, waiting...
demo.pcm not found, waiting...
demo.pcm not found, waiting...
demo.pcm not found, waiting...
demo.pcm not found, waiting...
demo.pcm not found, waiting...
demo.pcm not found, waiting...
demo.pcm not found, waiting...
demo.pcm not found, waiting...
demo.pcm not found, waiting...
demo.pcm not found, waiting...
demo.pcm not found, waiting...
demo.pcm not found, waiting...
demo.pcm not found, waiting...
demo.pcm not found, waiting...
demo.pcm not found, waiting...
demo.pcm not found, waiting...
demo.pcm not found, waiting...
demo.pcm not found, waiting...
demo.pcm not found, waiting...
demo.pcm not found, waiting...
demo.pcm not found, waiting...
demo.pcm not found, waiting...
demo.pcm not found, waiting...
demo.pcm not found, waiting...
demo.pcm not found, waiting...
demo.pcm not found, waiting...
demo.pcm not found, waiting...
demo.pcm not found, waiting...
demo.pcm not found, waiting...
demo.pcm not found, waiting...
demo.pcm not found, waiting...
demo.pcm not found, waiting...
demo.pcm not found, waiting...
demo.pcm not found, waiting...
demo.pcm not found, waiting...
demo.pcm not found, waiting...
demo.pcm not found, waiting...
demo.pcm not found, waiting...
demo.pcm not found, waiting...
demo.pcm not found, waiting...
demo.pcm not found, waiting...
demo.pcm not found, waiting...
demo.pcm not found, waiting...
demo.pcm not found, waiting...
demo.pcm not found, waiting...
demo.pcm not found, waiting...
demo.pcm not found, waiting...
demo.pcm not found, waiting...
demo.pcm not found, waiting...
demo.pcm not found, waiting...
demo.pcm not found, waiting...
demo.pcm not found, waiting...
demo.pcm not found, waiting...
demo.pcm not found, waiting...
demo.pcm not found, waiting...
demo.pcm not found, waiting...
demo.pcm not found, waiting...
demo.pcm not found, waiting...
demo.pcm not found, waiting...
demo.pcm not found, waiting...
demo.pcm not found, waiting...
demo.pcm not found, waiting...
demo.pcm not found, waiting...
demo.pcm not found, waiting...
demo.pcm not found, waiting...
demo.pcm not found, waiting...
demo.pcm not found, waiting...
demo.pcm not found, waiting...
demo.pcm not found, waiting...
demo.pcm not found, waiting...
demo.pcm not found, waiting...
demo.pcm not found, waiting...
demo.pcm not found, waiting...
demo.pcm not found, waiting...
demo.pcm not found, waiting...
demo.pcm not found, waiting...
demo.pcm not found, waiting...
demo.pcm not found, waiting...
demo.pcm not found, waiting...
demo.pcm not found, waiting...
demo.pcm not found, waiting...
demo.pcm not found, waiting...
demo.pcm not found, waiting...
demo.pcm not found, waiting...
demo.pcm not found, waiting...
demo.pcm not found, waiting...
demo.pcm not found, waiting...
demo.pcm not found, waiting...
demo.pcm not found, waiting...
demo.pcm not found, waiting...
demo.pcm not found, waiting...
demo.pcm not found, waiting...
demo.pcm not found, waiting...
demo.pcm not found, waiting...
demo.pcm not found, waiting...
demo.pcm not found, waiting...
demo.pcm not found, waiting...
demo.pcm not found, waiting...
demo.pcm not found, waiting...
demo.pcm not found, waiting...
demo.pcm not found, waiting...
demo.pcm not found, waiting...
demo.pcm not found, waiting...
demo.pcm not found, waiting...
demo.pcm not found, waiting...
demo.pcm not found, waiting...
demo.pcm not found, waiting...
demo.pcm not found, waiting...
demo.pcm not found, waiting...
demo.pcm not found, waiting...
demo.pcm not found, waiting...
demo.pcm not found, waiting...
demo.pcm not found, waiting...
demo.pcm not found, waiting...
demo.pcm not found, waiting...
demo.pcm not found, waiting...
demo.pcm not found, waiting...
demo.pcm not found, waiting...
demo.pcm not found, waiting...
demo.pcm not found, waiting...
demo.pcm not found, waiting...
demo.pcm not found, waiting...
demo.pcm not found, waiting...
demo.pcm not found, waiting...
demo.pcm not found, waiting...
demo.pcm not found, waiting...
demo.pcm not found, waiting...
demo.pcm not found, waiting...
demo.pcm not found, waiting...
demo.pcm not found, waiting...
demo.pcm not found, waiting...
demo.pcm not found, waiting...
demo.pcm not found, waiting...
demo.pcm not found, waiting...
demo.pcm not found, waiting...
demo.pcm not found, waiting...
demo.pcm not found, waiting...
demo.pcm not found, waiting...
demo.pcm not found, waiting...
demo.pcm not found, waiting...
demo.pcm not found, waiting...
demo.pcm not found, waiting...
demo.pcm not found, waiting...
demo.pcm not found, waiting...
demo.pcm not found, waiting...
demo.pcm not found, waiting...
demo.pcm not found, waiting...
demo.pcm not found, waiting...
demo.pcm not found, waiting...
demo.pcm not found, waiting...
demo.pcm not found, waiting...
demo.pcm not found, waiting...
demo.pcm not found, waiting...
demo.pcm not found, waiting...
demo.pcm not found, waiting...
demo.pcm not found, waiting...
demo.pcm not found, waiting...
demo.pcm not found, waiting...
demo.pcm not found, waiting...
demo.pcm not found, waiting...
demo.pcm not found, waiting...
demo.pcm not found, waiting...
demo.pcm not found, waiting...
demo.pcm not found, waiting...
demo.pcm not found, waiting...
demo.pcm not found, waiting...
demo.pcm not found, waiting...
demo.pcm not found, waiting...
demo.pcm not found, waiting...
demo.pcm not found, waiting...
demo.pcm not found, waiting...
demo.pcm not found, waiting...
demo.pcm not found, waiting...
demo.pcm not found, waiting...
demo.pcm not found, waiting...
demo.pcm not found, waiting...
demo.pcm not found, waiting...
demo.pcm not found, waiting...
demo.pcm not found, waiting...
demo.pcm not found, waiting...
demo.pcm not found, waiting...
demo.pcm not found, waiting...
demo.pcm not found, waiting...
demo.pcm not found, waiting...
demo.pcm not found, waiting...
demo.pcm not found, waiting...
demo.pcm not found, waiting...
demo.pcm not found, waiting...
demo.pcm not found, waiting...
demo.pcm not found, waiting...
demo.pcm not found, waiting...
demo.pcm not found, waiting...
demo.pcm not found, waiting...
demo.pcm not found, waiting...
demo.pcm not found, waiting...
demo.pcm not found, waiting...
demo.pcm not found, waiting...
demo.pcm not found, waiting...
demo.pcm not found, waiting...
demo.pcm not found, waiting...
demo.pcm not found, waiting...
demo.pcm not found, waiting...
demo.pcm not found, waiting...
demo.pcm not found, waiting...
demo.pcm not found, waiting...
demo.pcm not found, waiting...
demo.pcm not found, waiting...
demo.pcm not found, waiting...
demo.pcm not found, waiting...
demo.pcm not found, waiting...
demo.pcm not found, waiting...
demo.pcm not found, waiting...
demo.pcm not found, waiting...
demo.pcm not found, waiting...
demo.pcm not found, waiting...
demo.pcm not found, waiting...
demo.pcm not found, waiting...
demo.pcm not found, waiting...
demo.pcm not found, waiting...
demo.pcm not found, waiting...
demo.pcm not found, waiting...
demo.pcm not found, waiting...
demo.pcm not found, waiting...
demo.pcm not found, waiting...
demo.pcm not found, waiting...
demo.pcm not found, waiting...
demo.pcm not found, waiting...
demo.pcm not found, waiting...
demo.pcm not found, waiting...
demo.pcm not found, waiting...
demo.pcm not found, waiting...
demo.pcm not found, waiting...
demo.pcm not found, waiting...
demo.pcm not found, waiting...
demo.pcm not found, waiting...
demo.pcm not found, waiting...
demo.pcm not found, waiting...
demo.pcm not found, waiting...
demo.pcm not found, waiting...
demo.pcm not found, waiting...
demo.pcm not found, waiting...
demo.pcm not found, waiting...
demo.pcm not found, waiting...
demo.pcm not found, waiting...
demo.pcm not found, waiting...
demo.pcm not found, waiting...
demo.pcm not found, waiting...
demo.pcm not found, waiting...
demo.pcm not found, waiting...
demo.pcm not found, waiting...
demo.pcm not found, waiting...
demo.pcm not found, waiting...
demo.pcm not found, waiting...
demo.pcm not found, waiting...
demo.pcm not found, waiting...
demo.pcm not found, waiting...
demo.pcm not found, waiting...
demo.pcm not found, waiting...
demo.pcm not found, waiting...
demo.pcm not found, waiting...
demo.pcm not found, waiting...
demo.pcm not found, waiting...
demo.pcm not found, waiting...
demo.pcm not found, waiting...
demo.pcm not found, waiting...
demo.pcm not found, waiting...
demo.pcm not found, waiting...
demo.pcm not found, waiting...
demo.pcm not found, waiting...
demo.pcm not found, waiting...
demo.pcm not found, waiting...
demo.pcm not found, waiting...
demo.pcm not found, waiting...
demo.pcm not found, waiting...
demo.pcm not found, waiting...
demo.pcm not found, waiting...
demo.pcm not found, waiting...
demo.pcm not found, waiting...
demo.pcm not found, waiting...
demo.pcm not found, waiting...
demo.pcm not found, waiting...
demo.pcm not found, waiting...
demo.pcm not found, waiting...
demo.pcm not found, waiting...
demo.pcm not found, waiting...
demo.pcm not found, waiting...
demo.pcm not found, waiting...
demo.pcm not found, waiting...
demo.pcm not found, waiting...
demo.pcm not found, waiting...
demo.pcm not found, waiting...
demo.pcm not found, waiting...
demo.pcm not found, waiting...
demo.pcm not found, waiting...
demo.pcm not found, waiting...
demo.pcm not found, waiting...
demo.pcm not found, waiting...
demo.pcm not found, waiting...
demo.pcm not found, waiting...
demo.pcm not found, waiting...
demo.pcm not found, waiting...
demo.pcm not found, waiting...
demo.pcm not found, waiting...
demo.pcm not found, waiting...
demo.pcm not found, waiting...
demo.pcm not found, waiting...
demo.pcm not found, waiting...
demo.pcm not found, waiting...
demo.pcm not found, waiting...
demo.pcm not found, waiting...
demo.pcm not found, waiting...
demo.pcm not found, waiting...
demo.pcm not found, waiting...
demo.pcm not found, waiting...
demo.pcm not found, waiting...
demo.pcm not found, waiting...
demo.pcm not found, waiting...
demo.pcm not found, waiting...
demo.pcm not found, waiting...
demo.pcm not found, waiting...
demo.pcm not found, waiting...
demo.pcm not found, waiting...
demo.pcm not found, waiting...
demo.pcm not found, waiting...
demo.pcm not found, waiting...
demo.pcm not found, waiting...
demo.pcm not found, waiting...
demo.pcm not found, waiting...
demo.pcm not found, waiting...
demo.pcm not found, waiting...
demo.pcm not found, waiting...
demo.pcm not found, waiting...
demo.pcm not found, waiting...
demo.pcm not found, waiting...
demo.pcm not found, waiting...
demo.pcm not found, waiting...
demo.pcm not found, waiting...
demo.pcm not found, waiting...
demo.pcm not found, waiting...
demo.pcm not found, waiting...
demo.pcm not found, waiting...
demo.pcm not found, waiting...
demo.pcm not found, waiting...
demo.pcm not found, waiting...
demo.pcm not found, waiting...
demo.pcm not found, waiting...
demo.pcm not found, waiting...
demo.pcm not found, waiting...
demo.pcm not found, waiting...
demo.pcm not found, waiting...
demo.pcm not found, waiting...
demo.pcm not found, waiting...
demo.pcm not found, waiting...
demo.pcm not found, waiting...
demo.pcm not found, waiting...
demo.pcm not found, waiting...
demo.pcm not found, waiting...
demo.pcm not found, waiting...
demo.pcm not found, waiting...
demo.pcm not found, waiting...
demo.pcm not found, waiting...
demo.pcm not found, waiting...
demo.pcm not found, waiting...
demo.pcm not found, waiting...
demo.pcm not found, waiting...
demo.pcm not found, waiting...
demo.pcm not found, waiting...
demo.pcm not found, waiting...
demo.pcm not found, waiting...
demo.pcm not found, waiting...
demo.pcm not found, waiting...
demo.pcm not found, waiting...
demo.pcm not found, waiting...
demo.pcm not found, waiting...
demo.pcm not found, waiting...
demo.pcm not found, waiting...
demo.pcm not found, waiting...
demo.pcm not found, waiting...
demo.pcm not found, waiting...
demo.pcm not found, waiting...
demo.pcm not found, waiting...
demo.pcm not found, waiting...
demo.pcm not found, waiting...
demo.pcm not found, waiting...
demo.pcm not found, waiting...
demo.pcm not found, waiting...
demo.pcm not found, waiting...
demo.pcm not found, waiting...
demo.pcm not found, waiting...
demo.pcm not found, waiting...
demo.pcm not found, waiting...
demo.pcm not found, waiting...
demo.pcm not found, waiting...
demo.pcm not found, waiting...
demo.pcm not found, waiting...
demo.pcm not found, waiting...
demo.pcm not found, waiting...
demo.pcm not found, waiting...
demo.pcm not found, waiting...
demo.pcm not found, waiting...
demo.pcm not found, waiting...
demo.pcm not found, waiting...
demo.pcm not found, waiting...
demo.pcm not found, waiting...
demo.pcm not found, waiting...
demo.pcm not found, waiting...
demo.pcm not found, waiting...
demo.pcm not found, waiting...
demo.pcm not found, waiting...
demo.pcm not found, waiting...
demo.pcm not found, waiting...
demo.pcm not found, waiting...
demo.pcm not found, waiting...
demo.pcm not found, waiting...
demo.pcm not found, waiting...
demo.pcm not found, waiting...
demo.pcm not found, waiting...
demo.pcm not found, waiting...
demo.pcm not found, waiting...
demo.pcm not found, waiting...
demo.pcm not found, waiting...
demo.pcm not found, waiting...
demo.pcm not found, waiting...
demo.pcm not found, waiting...
demo.pcm not found, waiting...
demo.pcm not found, waiting...
demo.pcm not found, waiting...
demo.pcm not found, waiting...
demo.pcm not found, waiting...
demo.pcm not found, waiting...
demo.pcm not found, waiting...
demo.pcm not found, waiting...
demo.pcm not found, waiting...
demo.pcm not found, waiting...
demo.pcm not found, waiting...
demo.pcm not found, waiting...
demo.pcm not found, waiting...
demo.pcm not found, waiting...
demo.pcm not found, waiting...
demo.pcm not found, waiting...
demo.pcm not found, waiting...
demo.pcm not found, waiting...
demo.pcm not found, waiting...
demo.pcm not found, waiting...
demo.pcm not found, waiting...
demo.pcm not found, waiting...
demo.pcm not found, waiting...
demo.pcm not found, waiting...
demo.pcm not found, waiting...
demo.pcm not found, waiting...
demo.pcm not found, waiting...
demo.pcm not found, waiting...
demo.pcm not found, waiting...
demo.pcm not found, waiting...
demo.pcm not found, waiting...
demo.pcm not found, waiting...
demo.pcm not found, waiting...
demo.pcm not found, waiting...
demo.pcm not found, waiting...
demo.pcm not found, waiting...
demo.pcm not found, waiting...
demo.pcm not found, waiting...
demo.pcm not found, waiting...
demo.pcm not found, waiting...
demo.pcm not found, waiting...
demo.pcm not found, waiting...
demo.pcm not found, waiting...
demo.pcm not found, waiting...
demo.pcm not found, waiting...
demo.pcm not found, waiting...
demo.pcm not found, waiting...
demo.pcm not found, waiting...
demo.pcm not found, waiting...
demo.pcm not found, waiting...
demo.pcm not found, waiting...
demo.pcm not found, waiting...
demo.pcm not found, waiting...
demo.pcm not found, waiting...
demo.pcm not found, waiting...
demo.pcm not found, waiting...
demo.pcm not found, waiting...
demo.pcm not found, waiting...
demo.pcm not found, waiting...
demo.pcm not found, waiting...
demo.pcm not found, waiting...
demo.pcm not found, waiting...
demo.pcm not found, waiting...
demo.pcm not found, waiting...
demo.pcm not found, waiting...
demo.pcm not found, waiting...
demo.pcm not found, waiting...
demo.pcm not found, waiting...
demo.pcm not found, waiting...
demo.pcm not found, waiting...
demo.pcm not found, waiting...
demo.pcm not found, waiting...
demo.pcm not found, waiting...
demo.pcm not found, waiting...
demo.pcm not found, waiting...
demo.pcm not found, waiting...
demo.pcm not found, waiting...
demo.pcm not found, waiting...
demo.pcm not found, waiting...
demo.pcm not found, waiting...
demo.pcm not found, waiting...
demo.pcm not found, waiting...
demo.pcm not found, waiting...
demo.pcm not found, waiting...
demo.pcm not found, waiting...
demo.pcm not found, waiting...
demo.pcm not found, waiting...
demo.pcm not found, waiting...
demo.pcm not found, waiting...
demo.pcm not found, waiting...
demo.pcm not found, waiting...
demo.pcm not found, waiting...
demo.pcm not found, waiting...
demo.pcm not found, waiting...
demo.pcm not found, waiting...
demo.pcm not found, waiting...
demo.pcm not found, waiting...
demo.pcm not found, waiting...
demo.pcm not found, waiting...
demo.pcm not found, waiting...
demo.pcm not found, waiting...
demo.pcm not found, waiting...
demo.pcm not found, waiting...
demo.pcm not found, waiting...
demo.pcm not found, waiting...
demo.pcm not found, waiting...
demo.pcm not found, waiting...
demo.pcm not found, waiting...
demo.pcm not found, waiting...
demo.pcm not found, waiting...
demo.pcm not found, waiting...
demo.pcm not found, waiting...
demo.pcm not found, waiting...
demo.pcm not found, waiting...
demo.pcm not found, waiting...
demo.pcm not found, waiting...
demo.pcm not found, waiting...
demo.pcm not found, waiting...
demo.pcm not found, waiting...
demo.pcm not found, waiting...
demo.pcm not found, waiting...
demo.pcm not found, waiting...
demo.pcm not found, waiting...
demo.pcm not found, waiting...
demo.pcm not found, waiting...
demo.pcm not found, waiting...
demo.pcm not found, waiting...
demo.pcm not found, waiting...
demo.pcm not found, waiting...
demo.pcm not found, waiting...
demo.pcm not found, waiting...
demo.pcm not found, waiting...
demo.pcm not found, waiting...
demo.pcm not found, waiting...
demo.pcm not found, waiting...
demo.pcm not found, waiting...
demo.pcm not found, waiting...
demo.pcm not found, waiting...
demo.pcm not found, waiting...
demo.pcm not found, waiting...
demo.pcm not found, waiting...
demo.pcm not found, waiting...
demo.pcm not found, waiting...
demo.pcm not found, waiting...
demo.pcm not found, waiting...
demo.pcm not found, waiting...
demo.pcm not found, waiting...
demo.pcm not found, waiting...
demo.pcm not found, waiting...
demo.pcm not found, waiting...
demo.pcm not found, waiting...
demo.pcm not found, waiting...
demo.pcm not found, waiting...
demo.pcm not found, waiting...
demo.pcm not found, waiting...
demo.pcm not found, waiting...
demo.pcm not found, waiting...
demo.pcm not found, waiting...
demo.pcm not found, waiting...
demo.pcm not found, waiting...
demo.pcm not found, waiting...
demo.pcm not found, waiting...
demo.pcm not found, waiting...
demo.pcm not found, waiting...
demo.pcm not found, waiting...
demo.pcm not found, waiting...
demo.pcm not found, waiting...
demo.pcm not found, waiting...
demo.pcm not found, waiting...
demo.pcm not found, waiting...
demo.pcm not found, waiting...
demo.pcm not found, waiting...
demo.pcm not found, waiting...
demo.pcm not found, waiting...
demo.pcm not found, waiting...
demo.pcm not found, waiting...
demo.pcm not found, waiting...
demo.pcm not found, waiting...
demo.pcm not found, waiting...
demo.pcm not found, waiting...
demo.pcm not found, waiting...
demo.pcm not found, waiting...
demo.pcm not found, waiting...
demo.pcm not found, waiting...
demo.pcm not found, waiting...
demo.pcm not found, waiting...
demo.pcm not found, waiting...
demo.pcm not found, waiting...
demo.pcm not found, waiting...
demo.pcm not found, waiting...
demo.pcm not found, waiting...
demo.pcm not found, waiting...
demo.pcm not found, waiting...
demo.pcm not found, waiting...
demo.pcm not found, waiting...
demo.pcm not found, waiting...
demo.pcm not found, waiting...
demo.pcm not found, waiting...
demo.pcm not found, waiting...
demo.pcm not found, waiting...
demo.pcm not found, waiting...
demo.pcm not found, waiting...
demo.pcm not found, waiting...
demo.pcm not found, waiting...
demo.pcm not found, waiting...
demo.pcm not found, waiting...
demo.pcm not found, waiting...
demo.pcm not found, waiting...
demo.pcm not found, waiting...
demo.pcm not found, waiting...
demo.pcm not found, waiting...
demo.pcm not found, waiting...
demo.pcm not found, waiting...
demo.pcm not found, waiting...
demo.pcm not found, waiting...
demo.pcm not found, waiting...
demo.pcm not found, waiting...
demo.pcm not found, waiting...
demo.pcm not found, waiting...
demo.pcm not found, waiting...
demo.pcm not found, waiting...
demo.pcm not found, waiting...
demo.pcm not found, waiting...
demo.pcm not found, waiting...
demo.pcm not found, waiting...
demo.pcm not found, waiting...
demo.pcm not found, waiting...
demo.pcm not found, waiting...
demo.pcm not found, waiting...
demo.pcm not found, waiting...
demo.pcm not found, waiting...
demo.pcm not found, waiting...
demo.pcm not found, waiting...
demo.pcm not found, waiting...
demo.pcm not found, waiting...
demo.pcm not found, waiting...
demo.pcm not found, waiting...
demo.pcm not found, waiting...
demo.pcm not found, waiting...
demo.pcm not found, waiting...
demo.pcm not found, waiting...
demo.pcm not found, waiting...
demo.pcm not found, waiting...
demo.pcm not found, waiting...
demo.pcm not found, waiting...
demo.pcm not found, waiting...
demo.pcm not found, waiting...
demo.pcm not found, waiting...
demo.pcm not found, waiting...
demo.pcm not found, waiting...
demo.pcm not found, waiting...
demo.pcm not found, waiting...
demo.pcm not found, waiting...
demo.pcm not found, waiting...
demo.pcm not found, waiting...
demo.pcm not found, waiting...
demo.pcm not found, waiting...
demo.pcm not found, waiting...
demo.pcm not found, waiting...
demo.pcm not found, waiting...
demo.pcm not found, waiting...
demo.pcm not found, waiting...
demo.pcm not found, waiting...
demo.pcm not found, waiting...
demo.pcm not found, waiting...
demo.pcm not found, waiting...
demo.pcm not found, waiting...
demo.pcm not found, waiting...
demo.pcm not found, waiting...
demo.pcm not found, waiting...
demo.pcm not found, waiting...
demo.pcm not found, waiting...
demo.pcm not found, waiting...
demo.pcm not found, waiting...
demo.pcm not found, waiting...
demo.pcm not found, waiting...
demo.pcm not found, waiting...
demo.pcm not found, waiting...
demo.pcm not found, waiting...
demo.pcm not found, waiting...
demo.pcm not found, waiting...
demo.pcm not found, waiting...
demo.pcm not found, waiting...
demo.pcm not found, waiting...
demo.pcm not found, waiting...
demo.pcm not found, waiting...
demo.pcm not found, waiting...
demo.pcm not found, waiting...
demo.pcm not found, waiting...
demo.pcm not found, waiting...
demo.pcm not found, waiting...
demo.pcm not found, waiting...
demo.pcm not found, waiting...
demo.pcm not found, waiting...
demo.pcm not found, waiting...
demo.pcm not found, waiting...
demo.pcm not found, waiting...
demo.pcm not found, waiting...
demo.pcm not found, waiting...
demo.pcm not found, waiting...
demo.pcm not found, waiting...
demo.pcm not found, waiting...
demo.pcm not found, waiting...
demo.pcm not found, waiting...
demo.pcm not found, waiting...
demo.pcm not found, waiting...
demo.pcm not found, waiting...
demo.pcm not found, waiting...
demo.pcm not found, waiting...
demo.pcm not found, waiting...
demo.pcm not found, waiting...
demo.pcm not found, waiting...
demo.pcm not found, waiting...
demo.pcm not found, waiting...
demo.pcm not found, waiting...
demo.pcm not found, waiting...
demo.pcm not found, waiting...
demo.pcm not found, waiting...
demo.pcm not found, waiting...
demo.pcm not found, waiting...
demo.pcm not found, waiting...
demo.pcm not found, waiting...
demo.pcm not found, waiting...
demo.pcm not found, waiting...
demo.pcm not found, waiting...
demo.pcm not found, waiting...
demo.pcm not found, waiting...
demo.pcm not found, waiting...
demo.pcm not found, waiting...
demo.pcm not found, waiting...
demo.pcm not found, waiting...
demo.pcm not found, waiting...
demo.pcm not found, waiting...
demo.pcm not found, waiting...
demo.pcm not found, waiting...
demo.pcm not found, waiting...
demo.pcm not found, waiting...
demo.pcm not found, waiting...
demo.pcm not found, waiting...
demo.pcm not found, waiting...
demo.pcm not found, waiting...
demo.pcm not found, waiting...
demo.pcm not found, waiting...
demo.pcm not found, waiting...
demo.pcm not found, waiting...
demo.pcm not found, waiting...
demo.pcm not found, waiting...
demo.pcm not found, waiting...
demo.pcm not found, waiting...
demo.pcm not found, waiting...
demo.pcm not found, waiting...
demo.pcm not found, waiting...
demo.pcm not found, waiting...
demo.pcm not found, waiting...
demo.pcm not found, waiting...
demo.pcm not found, waiting...
demo.pcm not found, waiting...
demo.pcm not found, waiting...
demo.pcm not found, waiting...
demo.pcm not found, waiting...
demo.pcm not found, waiting...
demo.pcm not found, waiting...
demo.pcm not found, waiting...
demo.pcm not found, waiting...
demo.pcm not found, waiting...
demo.pcm not found, waiting...
demo.pcm not found, waiting...
demo.pcm not found, waiting...
demo.pcm not found, waiting...
demo.pcm not found, waiting...
demo.pcm not found, waiting...
demo.pcm not found, waiting...
demo.pcm not found, waiting...
demo.pcm not found, waiting...
demo.pcm not found, waiting...
demo.pcm not found, waiting...
demo.pcm not found, waiting...
demo.pcm not found, waiting...
demo.pcm not found, waiting...
demo.pcm not found, waiting...
demo.pcm not found, waiting...
demo.pcm not found, waiting...
demo.pcm not found, waiting...
demo.pcm not found, waiting...
demo.pcm not found, waiting...
demo.pcm not found, waiting...
demo.pcm not found, waiting...
demo.pcm not found, waiting...
demo.pcm not found, waiting...
demo.pcm not found, waiting...
demo.pcm not found, waiting...
demo.pcm not found, waiting...
demo.pcm not found, waiting...
demo.pcm not found, waiting...
demo.pcm not found, waiting...
demo.pcm not found, waiting...
demo.pcm not found, waiting...
demo.pcm not found, waiting...
demo.pcm not found, waiting...
demo.pcm not found, waiting...
demo.pcm not found, waiting...
demo.pcm not found, waiting...
demo.pcm not found, waiting...
demo.pcm not found, waiting...
demo.pcm not found, waiting...
demo.pcm not found, waiting...
demo.pcm not found, waiting...
demo.pcm not found, waiting...
demo.pcm not found, waiting...
demo.pcm not found, waiting...
demo.pcm not found, waiting...
demo.pcm not found, waiting...
demo.pcm not found, waiting...
demo.pcm not found, waiting...
demo.pcm not found, waiting...
demo.pcm not found, waiting...
demo.pcm not found, waiting...
demo.pcm not found, waiting...
demo.pcm not found, waiting...
demo.pcm not found, waiting...
demo.pcm not found, waiting...
demo.pcm not found, waiting...
demo.pcm not found, waiting...
demo.pcm not found, waiting...
demo.pcm not found, waiting...
demo.pcm not found, waiting...
demo.pcm not found, waiting...
demo.pcm not found, waiting...
demo.pcm not found, waiting...
demo.pcm not found, waiting...
demo.pcm not found, waiting...
demo.pcm not found, waiting...
demo.pcm not found, waiting...
demo.pcm not found, waiting...
demo.pcm not found, waiting...
demo.pcm not found, waiting...
demo.pcm not found, waiting...
demo.pcm not found, waiting...
demo.pcm not found, waiting...
demo.pcm not found, waiting...
demo.pcm not found, waiting...
demo.pcm not found, waiting...
demo.pcm not found, waiting...
demo.pcm not found, waiting...
demo.pcm not found, waiting...
demo.pcm not found, waiting...
demo.pcm not found, waiting...
demo.pcm not found, waiting...
demo.pcm not found, waiting...
demo.pcm not found, waiting...
demo.pcm not found, waiting...
demo.pcm not found, waiting...
demo.pcm not found, waiting...
demo.pcm not found, waiting...
demo.pcm not found, waiting...
demo.pcm not found, waiting...
demo.pcm not found, waiting...
demo.pcm not found, waiting...
demo.pcm not found, waiting...
demo.pcm not found, waiting...
demo.pcm not found, waiting...
demo.pcm not found, waiting...
demo.pcm not found, waiting...
demo.pcm not found, waiting...
demo.pcm not found, waiting...
demo.pcm not found, waiting...
demo.pcm not found, waiting...
demo.pcm not found, waiting...
demo.pcm not found, waiting...
demo.pcm not found, waiting...
demo.pcm not found, waiting...
demo.pcm not found, waiting...
demo.pcm not found, waiting...
demo.pcm not found, waiting...
demo.pcm not found, waiting...
demo.pcm not found, waiting...
demo.pcm not found, waiting...
demo.pcm not found, waiting...
demo.pcm not found, waiting...
demo.pcm not found, waiting...
demo.pcm not found, waiting...
demo.pcm not found, waiting...
demo.pcm not found, waiting...
demo.pcm not found, waiting...
demo.pcm not found, waiting...
demo.pcm not found, waiting...
demo.pcm not found, waiting...
demo.pcm not found, waiting...
demo.pcm not found, waiting...
demo.pcm not found, waiting...
demo.pcm not found, waiting...
demo.pcm not found, waiting...
demo.pcm not found, waiting...
demo.pcm not found, waiting...
demo.pcm not found, waiting...
demo.pcm not found, waiting...
demo.pcm not found, waiting...
demo.pcm not found, waiting...
demo.pcm not found, waiting...
demo.pcm not found, waiting...
demo.pcm not found, waiting...
demo.pcm not found, waiting...
demo.pcm not found, waiting...
demo.pcm not found, waiting...
demo.pcm not found, waiting...
demo.pcm not found, waiting...
demo.pcm not found, waiting...
demo.pcm not found, waiting...
demo.pcm not found, waiting...
demo.pcm not found, waiting...
demo.pcm not found, waiting...
demo.pcm not found, waiting...
demo.pcm not found, waiting...
demo.pcm not found, waiting...
demo.pcm not found, waiting...
demo.pcm not found, waiting...
demo.pcm not found, waiting...
demo.pcm not found, waiting...
demo.pcm not found, waiting...
demo.pcm not found, waiting...
demo.pcm not found, waiting...
demo.pcm not found, waiting...
demo.pcm not found, waiting...
demo.pcm not found, waiting...
demo.pcm not found, waiting...
demo.pcm not found, waiting...
demo.pcm not found, waiting...
demo.pcm not found, waiting...
demo.pcm not found, waiting...
demo.pcm not found, waiting...
demo.pcm not found, waiting...
demo.pcm not found, waiting...
demo.pcm not found, waiting...
demo.pcm not found, waiting...
demo.pcm not found, waiting...
demo.pcm not found, waiting...
demo.pcm not found, waiting...
demo.pcm not found, waiting...
demo.pcm not found, waiting...
demo.pcm not found, waiting...
demo.pcm not found, waiting...
demo.pcm not found, waiting...
demo.pcm not found, waiting...
demo.pcm not found, waiting...
demo.pcm not found, waiting...
demo.pcm not found, waiting...
demo.pcm not found, waiting...
demo.pcm not found, waiting...
demo.pcm not found, waiting...
demo.pcm not found, waiting...
demo.pcm not found, waiting...
demo.pcm not found, waiting...
demo.pcm not found, waiting...
demo.pcm not found, waiting...
demo.pcm not found, waiting...
demo.pcm not found, waiting...
demo.pcm not found, waiting...
demo.pcm not found, waiting...
demo.pcm not found, waiting...
demo.pcm not found, waiting...
demo.pcm not found, waiting...
demo.pcm not found, waiting...
demo.pcm not found, waiting...
demo.pcm not found, waiting...
demo.pcm not found, waiting...
demo.pcm not found, waiting...
demo.pcm not found, waiting...
demo.pcm not found, waiting...
demo.pcm not found, waiting...
demo.pcm not found, waiting...
demo.pcm not found, waiting...
demo.pcm not found, waiting...
demo.pcm not found, waiting...
demo.pcm not found, waiting...
demo.pcm not found, waiting...
demo.pcm not found, waiting...
demo.pcm not found, waiting...
demo.pcm not found, waiting...
demo.pcm not found, waiting...
demo.pcm not found, waiting...
demo.pcm not found, waiting...
demo.pcm not found, waiting...
demo.pcm not found, waiting...
demo.pcm not found, waiting...
demo.pcm not found, waiting...
demo.pcm not found, waiting...
demo.pcm not found, waiting...
demo.pcm not found, waiting...
demo.pcm not found, waiting...
demo.pcm not found, waiting...
demo.pcm not found, waiting...
demo.pcm not found, waiting...
demo.pcm not found, waiting...
demo.pcm not found, waiting...
demo.pcm not found, waiting...
demo.pcm not found, waiting...
demo.pcm not found, waiting...
demo.pcm not found, waiting...
demo.pcm not found, waiting...
demo.pcm not found, waiting...
demo.pcm not found, waiting...
demo.pcm not found, waiting...
demo.pcm not found, waiting...
demo.pcm not found, waiting...
demo.pcm not found, waiting...
demo.pcm not found, waiting...
demo.pcm not found, waiting...
demo.pcm not found, waiting...
demo.pcm not found, waiting...
demo.pcm not found, waiting...
demo.pcm not found, waiting...
demo.pcm not found, waiting...
demo.pcm not found, waiting...
demo.pcm not found, waiting...
demo.pcm not found, waiting...
demo.pcm not found, waiting...
demo.pcm not found, waiting...
demo.pcm not found, waiting...
demo.pcm not found, waiting...
demo.pcm not found, waiting...
demo.pcm not found, waiting...
demo.pcm not found, waiting...
demo.pcm not found, waiting...
demo.pcm not found, waiting...
demo.pcm not found, waiting...
demo.pcm not found, waiting...
demo.pcm not found, waiting...
demo.pcm not found, waiting...
demo.pcm not found, waiting...
demo.pcm not found, waiting...
demo.pcm not found, waiting...
demo.pcm not found, waiting...
demo.pcm not found, waiting...
demo.pcm not found, waiting...
demo.pcm not found, waiting...
demo.pcm not found, waiting...
demo.pcm not found, waiting...
demo.pcm not found, waiting...
demo.pcm not found, waiting...
demo.pcm not found, waiting...
demo.pcm not found, waiting...
demo.pcm not found, waiting...
demo.pcm not found, waiting...
demo.pcm not found, waiting...
demo.pcm not found, waiting...
demo.pcm not found, waiting...
demo.pcm not found, waiting...
demo.pcm not found, waiting...
demo.pcm not found, waiting...
demo.pcm not found, waiting...
demo.pcm not found, waiting...
demo.pcm not found, waiting...
demo.pcm not found, waiting...
demo.pcm not found, waiting...
demo.pcm not found, waiting...
demo.pcm not found, waiting...
demo.pcm not found, waiting...
demo.pcm not found, waiting...
demo.pcm not found, waiting...
demo.pcm not found, waiting...
demo.pcm not found, waiting...
demo.pcm not found, waiting...
demo.pcm not found, waiting...
demo.pcm not found, waiting...
demo.pcm not found, waiting...
demo.pcm not found, waiting...
demo.pcm not found, waiting...
demo.pcm not found, waiting...
demo.pcm not found, waiting...
demo.pcm not found, waiting...
demo.pcm not found, waiting...
demo.pcm not found, waiting...
demo.pcm not found, waiting...
demo.pcm not found, waiting...
demo.pcm not found, waiting...
demo.pcm not found, waiting...
demo.pcm not found, waiting...
demo.pcm not found, waiting...
demo.pcm not found, waiting...
demo.pcm not found, waiting...
demo.pcm not found, waiting...
demo.pcm not found, waiting...
demo.pcm not found, waiting...
demo.pcm not found, waiting...
demo.pcm not found, waiting...
demo.pcm not found, waiting...
demo.pcm not found, waiting...
demo.pcm not found, waiting...
demo.pcm not found, waiting...
demo.pcm not found, waiting...
demo.pcm not found, waiting...
demo.pcm not found, waiting...
demo.pcm not found, waiting...
demo.pcm not found, waiting...
demo.pcm not found, waiting...
demo.pcm not found, waiting...
demo.pcm not found, waiting...
demo.pcm not found, waiting...
demo.pcm not found, waiting...
demo.pcm not found, waiting...
demo.pcm not found, waiting...
demo.pcm not found, waiting...
demo.pcm not found, waiting...
demo.pcm not found, waiting...
demo.pcm not found, waiting...
demo.pcm not found, waiting...
demo.pcm not found, waiting...
demo.pcm not found, waiting...
demo.pcm not found, waiting...
demo.pcm not found, waiting...
demo.pcm not found, waiting...
demo.pcm not found, waiting...
demo.pcm not found, waiting...
demo.pcm not found, waiting...
demo.pcm not found, waiting...
demo.pcm not found, waiting...
demo.pcm not found, waiting...
demo.pcm not found, waiting...
demo.pcm not found, waiting...
demo.pcm not found, waiting...
demo.pcm not found, waiting...
demo.pcm not found, waiting...
demo.pcm not found, waiting...
demo.pcm not found, waiting...
demo.pcm not found, waiting...
demo.pcm not found, waiting...
demo.pcm not found, waiting...
demo.pcm not found, waiting...
demo.pcm not found, waiting...
demo.pcm not found, waiting...
demo.pcm not found, waiting...
demo.pcm not found, waiting...
demo.pcm not found, waiting...
demo.pcm not found, waiting...
demo.pcm not found, waiting...
demo.pcm not found, waiting...
demo.pcm not found, waiting...
demo.pcm not found, waiting...
demo.pcm not found, waiting...
demo.pcm not found, waiting...
demo.pcm not found, waiting...
demo.pcm not found, waiting...
demo.pcm not found, waiting...
demo.pcm not found, waiting...
demo.pcm not found, waiting...
demo.pcm not found, waiting...
demo.pcm not found, waiting...
demo.pcm not found, waiting...
demo.pcm not found, waiting...
demo.pcm not found, waiting...
demo.pcm not found, waiting...
demo.pcm not found, waiting...
demo.pcm not found, waiting...
demo.pcm not found, waiting...
demo.pcm not found, waiting...
demo.pcm not found, waiting...
demo.pcm not found, waiting...
demo.pcm not found, waiting...
demo.pcm not found, waiting...
demo.pcm not found, waiting...
demo.pcm not found, waiting...
demo.pcm not found, waiting...
demo.pcm not found, waiting...
demo.pcm not found, waiting...
demo.pcm not found, waiting...
demo.pcm not found, waiting...
demo.pcm not found, waiting...
demo.pcm not found, waiting...
demo.pcm not found, waiting...
demo.pcm not found, waiting...
demo.pcm not found, waiting...
demo.pcm not found, waiting...
demo.pcm not found, waiting...
demo.pcm not found, waiting...
demo.pcm not found, waiting...
demo.pcm not found, waiting...
demo.pcm not found, waiting...
demo.pcm not found, waiting...
demo.pcm not found, waiting...
demo.pcm not found, waiting...
demo.pcm not found, waiting...
demo.pcm not found, waiting...
demo.pcm not found, waiting...
demo.pcm not found, waiting...
demo.pcm not found, waiting...
demo.pcm not found, waiting...
demo.pcm not found, waiting...
demo.pcm not found, waiting...
demo.pcm not found, waiting...
demo.pcm not found, waiting...
demo.pcm not found, waiting...
demo.pcm not found, waiting...
demo.pcm not found, waiting...
demo.pcm not found, waiting...
demo.pcm not found, waiting...
demo.pcm not found, waiting...
demo.pcm not found, waiting...
demo.pcm not found, waiting...
demo.pcm not found, waiting...
demo.pcm not found, waiting...
demo.pcm not found, waiting...
demo.pcm not found, waiting...
demo.pcm not found, waiting...
demo.pcm not found, waiting...
demo.pcm not found, waiting...
demo.pcm not found, waiting...
demo.pcm not found, waiting...
demo.pcm not found, waiting...
demo.pcm not found, waiting...
demo.pcm not found, waiting...
demo.pcm not found, waiting...
demo.pcm not found, waiting...
demo.pcm not found, waiting...
demo.pcm not found, waiting...
demo.pcm not found, waiting...
demo.pcm not found, waiting...
demo.pcm not found, waiting...
demo.pcm not found, waiting...
demo.pcm not found, waiting...
demo.pcm not found, waiting...
demo.pcm not found, waiting...
demo.pcm not found, waiting...
demo.pcm not found, waiting...
demo.pcm not found, waiting...
demo.pcm not found, waiting...
demo.pcm not found, waiting...
demo.pcm not found, waiting...
demo.pcm not found, waiting...
demo.pcm not found, waiting...
demo.pcm not found, waiting...
demo.pcm not found, waiting...
demo.pcm not found, waiting...
demo.pcm not found, waiting...
demo.pcm not found, waiting...
demo.pcm not found, waiting...
demo.pcm not found, waiting...
demo.pcm not found, waiting...
demo.pcm not found, waiting...
demo.pcm not found, waiting...
demo.pcm not found, waiting...
demo.pcm not found, waiting...
demo.pcm not found, waiting...
demo.pcm not found, waiting...
demo.pcm not found, waiting...
demo.pcm not found, waiting...
demo.pcm not found, waiting...
demo.pcm not found, waiting...
demo.pcm not found, waiting...
demo.pcm not found, waiting...
demo.pcm not found, waiting...
demo.pcm not found, waiting...
demo.pcm not found, waiting...
demo.pcm not found, waiting...
demo.pcm not found, waiting...
demo.pcm not found, waiting...
demo.pcm not found, waiting...
demo.pcm not found, waiting...
demo.pcm not found, waiting...
demo.pcm not found, waiting...
demo.pcm not found, waiting...
demo.pcm not found, waiting...
demo.pcm not found, waiting...
demo.pcm not found, waiting...
demo.pcm not found, waiting...
demo.pcm not found, waiting...
demo.pcm not found, waiting...
demo.pcm not found, waiting...
demo.pcm not found, waiting...
demo.pcm not found, waiting...
demo.pcm not found, waiting...
demo.pcm not found, waiting...
demo.pcm not found, waiting...
demo.pcm not found, waiting...
demo.pcm not found, waiting...
demo.pcm not found, waiting...
demo.pcm not found, waiting...
demo.pcm not found, waiting...
demo.pcm not found, waiting...
demo.pcm not found, waiting...
demo.pcm not found, waiting...
demo.pcm not found, waiting...
demo.pcm not found, waiting...
demo.pcm not found, waiting...
demo.pcm not found, waiting...
demo.pcm not found, waiting...
demo.pcm not found, waiting...
demo.pcm not found, waiting...
demo.pcm not found, waiting...
demo.pcm not found, waiting...
demo.pcm not found, waiting...
demo.pcm not found, waiting...
demo.pcm not found, waiting...
demo.pcm not found, waiting...
demo.pcm not found, waiting...
demo.pcm not found, waiting...
demo.pcm not found, waiting...
demo.pcm not found, waiting...
demo.pcm not found, waiting...
demo.pcm not found, waiting...
demo.pcm not found, waiting...
demo.pcm not found, waiting...
demo.pcm not found, waiting...
demo.pcm not found, waiting...
demo.pcm not found, waiting...
demo.pcm not found, waiting...
demo.pcm not found, waiting...
demo.pcm not found, waiting...
demo.pcm not found, waiting...
demo.pcm not found, waiting...
demo.pcm not found, waiting...
demo.pcm not found, waiting...
demo.pcm not found, waiting...
demo.pcm not found, waiting...
demo.pcm not found, waiting...
demo.pcm not found, waiting...
demo.pcm not found, waiting...
demo.pcm not found, waiting...
demo.pcm not found, waiting...
demo.pcm not found, waiting...
demo.pcm not found, waiting...
demo.pcm not found, waiting...
demo.pcm not found, waiting...
demo.pcm not found, waiting...
demo.pcm not found, waiting...
demo.pcm not found, waiting...
demo.pcm not found, waiting...
demo.pcm not found, waiting...
demo.pcm not found, waiting...
demo.pcm not found, waiting...
demo.pcm not found, waiting...
demo.pcm not found, waiting...
demo.pcm not found, waiting...
demo.pcm not found, waiting...
demo.pcm not found, waiting...
demo.pcm not found, waiting...
demo.pcm not found, waiting...
demo.pcm not found, waiting...
demo.pcm not found, waiting...
demo.pcm not found, waiting...
demo.pcm not found, waiting...
demo.pcm not found, waiting...
demo.pcm not found, waiting...
demo.pcm not found, waiting...
demo.pcm not found, waiting...
demo.pcm not found, waiting...
demo.pcm not found, waiting...
demo.pcm not found, waiting...
demo.pcm not found, waiting...
demo.pcm not found, waiting...
demo.pcm not found, waiting...
demo.pcm not found, waiting...
demo.pcm not found, waiting...
demo.pcm not found, waiting...
demo.pcm not found, waiting...
demo.pcm not found, waiting...
demo.pcm not found, waiting...
demo.pcm not found, waiting...
demo.pcm not found, waiting...
demo.pcm not found, waiting...
demo.pcm not found, waiting...
demo.pcm not found, waiting...
demo.pcm not found, waiting...
demo.pcm not found, waiting...
demo.pcm not found, waiting...
demo.pcm not found, waiting...
demo.pcm not found, waiting...
demo.pcm not found, waiting...
demo.pcm not found, waiting...
demo.pcm not found, waiting...
demo.pcm not found, waiting...
demo.pcm not found, waiting...
demo.pcm not found, waiting...
demo.pcm not found, waiting...
demo.pcm not found, waiting...
demo.pcm not found, waiting...
demo.pcm not found, waiting...
demo.pcm not found, waiting...
demo.pcm not found, waiting...
demo.pcm not found, waiting...
demo.pcm not found, waiting...
demo.pcm not found, waiting...
demo.pcm not found, waiting...
demo.pcm not found, waiting...
demo.pcm not found, waiting...
demo.pcm not found, waiting...
demo.pcm not found, waiting...
demo.pcm not found, waiting...
demo.pcm not found, waiting...
demo.pcm not found, waiting...
demo.pcm not found, waiting...
demo.pcm not found, waiting...
demo.pcm not found, waiting...
demo.pcm not found, waiting...
demo.pcm not found, waiting...
demo.pcm not found, waiting...
demo.pcm not found, waiting...
demo.pcm not found, waiting...
demo.pcm not found, waiting...
demo.pcm not found, waiting...
demo.pcm not found, waiting...
demo.pcm not found, waiting...
demo.pcm not found, waiting...
demo.pcm not found, waiting...
demo.pcm not found, waiting...
demo.pcm not found, waiting...
demo.pcm not found, waiting...
demo.pcm not found, waiting...
demo.pcm not found, waiting...
demo.pcm not found, waiting...
demo.pcm not found, waiting...
demo.pcm not found, waiting...
demo.pcm not found, waiting...
demo.pcm not found, waiting...
demo.pcm not found, waiting...
demo.pcm not found, waiting...
demo.pcm not found, waiting...
demo.pcm not found, waiting...
demo.pcm not found, waiting...
demo.pcm not found, waiting...
demo.pcm not found, waiting...
demo.pcm not found, waiting...
demo.pcm not found, waiting...
demo.pcm not found, waiting...
demo.pcm not found, waiting...
demo.pcm not found, waiting...
demo.pcm not found, waiting...
demo.pcm not found, waiting...
demo.pcm not found, waiting...
demo.pcm not found, waiting...
demo.pcm not found, waiting...
demo.pcm not found, waiting...
demo.pcm not found, waiting...
demo.pcm not found, waiting...
demo.pcm not found, waiting...
demo.pcm not found, waiting...
demo.pcm not found, waiting...
demo.pcm not found, waiting...
demo.pcm not found, waiting...
demo.pcm not found, waiting...
demo.pcm not found, waiting...
demo.pcm not found, waiting...
demo.pcm not found, waiting...
demo.pcm not found, waiting...
demo.pcm not found, waiting...
demo.pcm not found, waiting...
demo.pcm not found, waiting...
demo.pcm not found, waiting...
demo.pcm not found, waiting...
demo.pcm not found, waiting...
demo.pcm not found, waiting...
demo.pcm not found, waiting...
demo.pcm not found, waiting...
demo.pcm not found, waiting...
demo.pcm not found, waiting...
demo.pcm not found, waiting...
demo.pcm not found, waiting...
demo.pcm not found, waiting...
demo.pcm not found, waiting...
demo.pcm not found, waiting...
demo.pcm not found, waiting...
demo.pcm not found, waiting...
demo.pcm not found, waiting...
demo.pcm not found, waiting...
demo.pcm not found, waiting...
demo.pcm not found, waiting...
demo.pcm not found, waiting...
demo.pcm not found, waiting...
demo.pcm not found, waiting...
demo.pcm not found, waiting...
demo.pcm not found, waiting...
demo.pcm not found, waiting...
demo.pcm not found, waiting...
demo.pcm not found, waiting...
demo.pcm not found, waiting...
demo.pcm not found, waiting...
demo.pcm not found, waiting...
demo.pcm not found, waiting...
demo.pcm not found, waiting...
demo.pcm not found, waiting...
demo.pcm not found, waiting...
demo.pcm not found, waiting...
demo.pcm not found, waiting...
demo.pcm not found, waiting...
demo.pcm not found, waiting...
demo.pcm not found, waiting...
demo.pcm not found, waiting...
demo.pcm not found, waiting...
demo.pcm not found, waiting...
demo.pcm not found, waiting...
demo.pcm not found, waiting...
demo.pcm not found, waiting...
demo.pcm not found, waiting...
demo.pcm not found, waiting...
demo.pcm not found, waiting...
demo.pcm not found, waiting...
demo.pcm not found, waiting...
demo.pcm not found, waiting...
demo.pcm not found, waiting...
demo.pcm not found, waiting...
demo.pcm not found, waiting...
demo.pcm not found, waiting...
demo.pcm not found, waiting...
demo.pcm not found, waiting...
demo.pcm not found, waiting...
demo.pcm not found, waiting...
demo.pcm not found, waiting...
demo.pcm not found, waiting...
demo.pcm not found, waiting...
demo.pcm not found, waiting...
demo.pcm not found, waiting...
demo.pcm not found, waiting...
demo.pcm not found, waiting...
demo.pcm not found, waiting...
demo.pcm not found, waiting...
demo.pcm not found, waiting...
demo.pcm not found, waiting...
demo.pcm not found, waiting...
demo.pcm not found, waiting...
demo.pcm not found, waiting...
demo.pcm not found, waiting...
demo.pcm not found, waiting...
demo.pcm not found, waiting...
demo.pcm not found, waiting...
demo.pcm not found, waiting...
demo.pcm not found, waiting...
demo.pcm not found, waiting...
demo.pcm not found, waiting...
demo.pcm not found, waiting...
demo.pcm not found, waiting...
demo.pcm not found, waiting...
demo.pcm not found, waiting...
demo.pcm not found, waiting...
demo.pcm not found, waiting...
demo.pcm not found, waiting...
demo.pcm not found, waiting...
demo.pcm not found, waiting...
demo.pcm not found, waiting...
demo.pcm not found, waiting...
demo.pcm not found, waiting...
demo.pcm not found, waiting...
demo.pcm not found, waiting...
demo.pcm not found, waiting...
demo.pcm not found, waiting...
demo.pcm not found, waiting...
demo.pcm not found, waiting...
demo.pcm not found, waiting...
demo.pcm not found, waiting...
demo.pcm not found, waiting...
demo.pcm not found, waiting...
demo.pcm not found, waiting...
demo.pcm not found, waiting...
demo.pcm not found, waiting...
demo.pcm not found, waiting...
demo.pcm not found, waiting...
demo.pcm not found, waiting...
demo.pcm not found, waiting...
demo.pcm not found, waiting...
demo.pcm not found, waiting...
demo.pcm not found, waiting...
demo.pcm not found, waiting...
demo.pcm not found, waiting...
demo.pcm not found, waiting...
demo.pcm not found, waiting...
demo.pcm not found, waiting...
demo.pcm not found, waiting...
demo.pcm not found, waiting...
demo.pcm not found, waiting...
demo.pcm not found, waiting...
demo.pcm not found, waiting...
demo.pcm not found, waiting...
demo.pcm not found, waiting...
demo.pcm not found, waiting...
demo.pcm not found, waiting...
demo.pcm not found, waiting...
demo.pcm not found, waiting...
demo.pcm not found, waiting...
demo.pcm not found, waiting...
demo.pcm not found, waiting...
demo.pcm not found, waiting...
demo.pcm not found, waiting...
demo.pcm not found, waiting...
demo.pcm not found, waiting...
demo.pcm not found, waiting...
demo.pcm not found, waiting...
demo.pcm not found, waiting...
demo.pcm not found, waiting...
demo.pcm not found, waiting...
demo.pcm not found, waiting...
demo.pcm not found, waiting...
demo.pcm not found, waiting...
demo.pcm not found, waiting...
demo.pcm not found, waiting...
demo.pcm not found, waiting...
demo.pcm not found, waiting...
demo.pcm not found, waiting...
demo.pcm not found, waiting...
demo.pcm not found, waiting...
demo.pcm not found, waiting...
demo.pcm not found, waiting...
demo.pcm not found, waiting...
demo.pcm not found, waiting...
demo.pcm not found, waiting...
demo.pcm not found, waiting...
demo.pcm not found, waiting...
demo.pcm not found, waiting...
demo.pcm not found, waiting...
demo.pcm not found, waiting...
demo.pcm not found, waiting...
demo.pcm not found, waiting...
demo.pcm not found, waiting...
demo.pcm not found, waiting...
demo.pcm not found, waiting...
demo.pcm not found, waiting...
demo.pcm not found, waiting...
demo.pcm not found, waiting...
demo.pcm not found, waiting...
demo.pcm not found, waiting...
demo.pcm not found, waiting...
demo.pcm not found, waiting...
demo.pcm not found, waiting...
demo.pcm not found, waiting...
demo.pcm not found, waiting...
demo.pcm not found, waiting...
demo.pcm not found, waiting...
demo.pcm not found, waiting...
demo.pcm not found, waiting...
demo.pcm not found, waiting...
demo.pcm not found, waiting...
demo.pcm not found, waiting...
demo.pcm not found, waiting...
demo.pcm not found, waiting...
demo.pcm not found, waiting...
demo.pcm not found, waiting...
demo.pcm not found, waiting...
demo.pcm not found, waiting...
demo.pcm not found, waiting...
demo.pcm not found, waiting...
demo.pcm not found, waiting...
demo.pcm not found, waiting...
demo.pcm not found, waiting...
demo.pcm not found, waiting...
demo.pcm not found, waiting...
demo.pcm not found, waiting...
demo.pcm not found, waiting...
demo.pcm not found, waiting...
demo.pcm not found, waiting...
demo.pcm not found, waiting...
demo.pcm not found, waiting...
demo.pcm not found, waiting...
demo.pcm not found, waiting...
demo.pcm not found, waiting...
demo.pcm not found, waiting...
demo.pcm not found, waiting...
demo.pcm not found, waiting...
demo.pcm not found, waiting...
demo.pcm not found, waiting...
demo.pcm not found, waiting...
demo.pcm not found, waiting...
demo.pcm not found, waiting...
demo.pcm not found, waiting...
demo.pcm not found, waiting...
demo.pcm not found, waiting...
demo.pcm not found, waiting...
demo.pcm not found, waiting...
demo.pcm not found, waiting...
demo.pcm not found, waiting...
demo.pcm not found, waiting...
demo.pcm not found, waiting...
demo.pcm not found, waiting...
demo.pcm not found, waiting...
demo.pcm not found, waiting...
demo.pcm not found, waiting...
demo.pcm not found, waiting...
demo.pcm not found, waiting...
demo.pcm not found, waiting...
demo.pcm not found, waiting...
demo.pcm not found, waiting...
demo.pcm not found, waiting...
demo.pcm not found, waiting...
demo.pcm not found, waiting...
demo.pcm not found, waiting...
demo.pcm not found, waiting...
demo.pcm not found, waiting...
demo.pcm not found, waiting...
demo.pcm not found, waiting...
demo.pcm not found, waiting...
demo.pcm not found, waiting...
demo.pcm not found, waiting...
demo.pcm not found, waiting...
demo.pcm not found, waiting...
demo.pcm not found, waiting...
demo.pcm not found, waiting...
demo.pcm not found, waiting...
demo.pcm not found, waiting...
demo.pcm not found, waiting...
demo.pcm not found, waiting...
demo.pcm not found, waiting...
demo.pcm not found, waiting...
demo.pcm not found, waiting...
demo.pcm not found, waiting...
demo.pcm not found, waiting...
demo.pcm not found, waiting...
demo.pcm not found, waiting...
demo.pcm not found, waiting...
demo.pcm not found, waiting...
demo.pcm not found, waiting...
demo.pcm not found, waiting...
demo.pcm not found, waiting...
demo.pcm not found, waiting...
demo.pcm not found, waiting...
demo.pcm not found, waiting...
demo.pcm not found, waiting...
demo.pcm not found, waiting...
demo.pcm not found, waiting...
demo.pcm not found, waiting...
demo.pcm not found, waiting...
demo.pcm not found, waiting...
demo.pcm not found, waiting...
demo.pcm not found, waiting...
demo.pcm not found, waiting...
demo.pcm not found, waiting...
demo.pcm not found, waiting...
demo.pcm not found, waiting...
demo.pcm not found, waiting...
demo.pcm not found, waiting...
demo.pcm not found, waiting...
demo.pcm not found, waiting...
demo.pcm not found, waiting...
demo.pcm not found, waiting...
demo.pcm not found, waiting...
demo.pcm not found, waiting...
demo.pcm not found, waiting...
demo.pcm not found, waiting...
demo.pcm not found, waiting...
demo.pcm not found, waiting...
demo.pcm not found, waiting...
demo.pcm not found, waiting...
demo.pcm not found, waiting...
demo.pcm not found, waiting...
demo.pcm not found, waiting...
demo.pcm not found, waiting...
demo.pcm not found, waiting...
demo.pcm not found, waiting...
demo.pcm not found, waiting...
demo.pcm not found, waiting...
demo.pcm not found, waiting...
demo.pcm not found, waiting...
demo.pcm not found, waiting...
demo.pcm not found, waiting...
demo.pcm not found, waiting...
demo.pcm not found, waiting...
demo.pcm not found, waiting...
demo.pcm not found, waiting...
demo.pcm not found, waiting...
demo.pcm not found, waiting...
demo.pcm not found, waiting...
demo.pcm not found, waiting...
demo.pcm not found, waiting...
demo.pcm not found, waiting...
demo.pcm not found, waiting...
demo.pcm not found, waiting...
demo.pcm not found, waiting...
demo.pcm not found, waiting...
demo.pcm not found, waiting...
demo.pcm not found, waiting...
demo.pcm not found, waiting...
demo.pcm not found, waiting...
demo.pcm not found, waiting...
demo.pcm not found, waiting...
demo.pcm not found, waiting...
demo.pcm not found, waiting...
demo.pcm not found, waiting...
demo.pcm not found, waiting...
demo.pcm not found, waiting...
demo.pcm not found, waiting...
demo.pcm not found, waiting...
demo.pcm not found, waiting...
demo.pcm not found, waiting...
demo.pcm not found, waiting...
demo.pcm not found, waiting...
demo.pcm not found, waiting...
demo.pcm not found, waiting...
demo.pcm not found, waiting...
demo.pcm not found, waiting...
demo.pcm not found, waiting...
demo.pcm not found, waiting...
demo.pcm not found, waiting...
demo.pcm not found, waiting...
demo.pcm not found, waiting...
demo.pcm not found, waiting...
demo.pcm not found, waiting...
demo.pcm not found, waiting...
demo.pcm not found, waiting...
demo.pcm not found, waiting...
demo.pcm not found, waiting...
demo.pcm not found, waiting...
demo.pcm not found, waiting...
demo.pcm not found, waiting...
demo.pcm not found, waiting...
demo.pcm not found, waiting...
demo.pcm not found, waiting...
demo.pcm not found, waiting...
demo.pcm not found, waiting...
demo.pcm not found, waiting...
demo.pcm not found, waiting...
demo.pcm not found, waiting...
demo.pcm not found, waiting...
demo.pcm not found, waiting...
demo.pcm not found, waiting...
demo.pcm not found, waiting...
demo.pcm not found, waiting...
demo.pcm not found, waiting...
demo.pcm not found, waiting...
demo.pcm not found, waiting...
demo.pcm not found, waiting...
demo.pcm not found, waiting...
demo.pcm not found, waiting...
demo.pcm not found, waiting...
demo.pcm not found, waiting...
demo.pcm not found, waiting...
demo.pcm not found, waiting...
demo.pcm not found, waiting...
demo.pcm not found, waiting...
demo.pcm not found, waiting...
demo.pcm not found, waiting...
demo.pcm not found, waiting...
demo.pcm not found, waiting...
demo.pcm not found, waiting...
demo.pcm not found, waiting...
demo.pcm not found, waiting...
demo.pcm not found, waiting...
demo.pcm not found, waiting...
demo.pcm not found, waiting...
demo.pcm not found, waiting...
demo.pcm not found, waiting...
demo.pcm not found, waiting...
demo.pcm not found, waiting...
demo.pcm not found, waiting...
demo.pcm not found, waiting...
demo.pcm not found, waiting...
demo.pcm not found, waiting...
demo.pcm not found, waiting...
demo.pcm not found, waiting...
demo.pcm not found, waiting...
demo.pcm not found, waiting...
demo.pcm not found, waiting...
demo.pcm not found, waiting...
demo.pcm not found, waiting...
demo.pcm not found, waiting...
demo.pcm not found, waiting...
demo.pcm not found, waiting...
demo.pcm not found, waiting...
demo.pcm not found, waiting...
demo.pcm not found, waiting...
demo.pcm not found, waiting...
demo.pcm not found, waiting...
demo.pcm not found, waiting...
demo.pcm not found, waiting...
demo.pcm not found, waiting...
demo.pcm not found, waiting...
demo.pcm not found, waiting...
demo.pcm not found, waiting...
demo.pcm not found, waiting...
demo.pcm not found, waiting...
demo.pcm not found, waiting...
demo.pcm not found, waiting...
demo.pcm not found, waiting...
demo.pcm not found, waiting...
demo.pcm not found, waiting...
demo.pcm not found, waiting...
demo.pcm not found, waiting...
demo.pcm not found, waiting...
demo.pcm not found, waiting...
demo.pcm not found, waiting...
demo.pcm not found, waiting...
demo.pcm not found, waiting...
demo.pcm not found, waiting...
demo.pcm not found, waiting...
demo.pcm not found, waiting...
demo.pcm not found, waiting...
demo.pcm not found, waiting...
demo.pcm not found, waiting...
demo.pcm not found, waiting...
demo.pcm not found, waiting...
demo.pcm not found, waiting...
demo.pcm not found, waiting...
demo.pcm not found, waiting...
demo.pcm not found, waiting...
demo.pcm not found, waiting...
demo.pcm not found, waiting...
demo.pcm not found, waiting...
demo.pcm not found, waiting...
demo.pcm not found, waiting...
demo.pcm not found, waiting...
demo.pcm not found, waiting...
demo.pcm not found, waiting...
demo.pcm not found, waiting...
demo.pcm not found, waiting...
demo.pcm not found, waiting...
demo.pcm not found, waiting...
demo.pcm not found, waiting...
demo.pcm not found, waiting...
demo.pcm not found, waiting...
demo.pcm not found, waiting...
demo.pcm not found, waiting...
demo.pcm not found, waiting...
demo.pcm not found, waiting...
demo.pcm not found, waiting...
demo.pcm not found, waiting...
demo.pcm not found, waiting...
demo.pcm not found, waiting...
demo.pcm not found, waiting...
demo.pcm not found, waiting...
demo.pcm not found, waiting...
demo.pcm not found, waiting...
demo.pcm not found, waiting...
demo.pcm not found, waiting...
demo.pcm not found, waiting...
demo.pcm not found, waiting...
demo.pcm not found, waiting...
demo.pcm not found, waiting...
demo.pcm not found, waiting...
demo.pcm not found, waiting...
demo.pcm not found, waiting...
demo.pcm not found, waiting...
demo.pcm not found, waiting...
demo.pcm not found, waiting...
demo.pcm not found, waiting...
demo.pcm not found, waiting...
demo.pcm not found, waiting...
demo.pcm not found, waiting...
demo.pcm not found, waiting...
demo.pcm not found, waiting...
demo.pcm not found, waiting...
demo.pcm not found, waiting...
demo.pcm not found, waiting...
demo.pcm not found, waiting...
demo.pcm not found, waiting...
demo.pcm not found, waiting...
demo.pcm not found, waiting...
demo.pcm not found, waiting...
demo.pcm not found, waiting...
demo.pcm not found, waiting...
demo.pcm not found, waiting...
demo.pcm not found, waiting...
demo.pcm not found, waiting...
demo.pcm not found, waiting...
demo.pcm not found, waiting...
demo.pcm not found, waiting...
demo.pcm not found, waiting...
demo.pcm not found, waiting...
demo.pcm not found, waiting...
demo.pcm not found, waiting...
demo.pcm not found, waiting...
demo.pcm not found, waiting...
demo.pcm not found, waiting...
demo.pcm not found, waiting...
demo.pcm not found, waiting...
demo.pcm not found, waiting...
demo.pcm not found, waiting...
demo.pcm not found, waiting...
demo.pcm not found, waiting...
demo.pcm not found, waiting...
demo.pcm not found, waiting...
demo.pcm not found, waiting...
demo.pcm not found, waiting...
demo.pcm not found, waiting...
demo.pcm not found, waiting...
demo.pcm not found, waiting...
demo.pcm not found, waiting...
demo.pcm not found, waiting...
demo.pcm not found, waiting...
demo.pcm not found, waiting...
demo.pcm not found, waiting...
demo.pcm not found, waiting...
demo.pcm not found, waiting...
demo.pcm not found, waiting...
demo.pcm not found, waiting...
demo.pcm not found, waiting...
demo.pcm not found, waiting...
demo.pcm not found, waiting...
demo.pcm not found, waiting...
demo.pcm not found, waiting...
demo.pcm not found, waiting...
demo.pcm not found, waiting...
demo.pcm not found, waiting...
demo.pcm not found, waiting...
demo.pcm not found, waiting...
demo.pcm not found, waiting...
demo.pcm not found, waiting...
demo.pcm not found, waiting...
demo.pcm not found, waiting...
demo.pcm not found, waiting...
demo.pcm not found, waiting...
demo.pcm not found, waiting...
demo.pcm not found, waiting...
demo.pcm not found, waiting...
demo.pcm not found, waiting...
demo.pcm not found, waiting...
demo.pcm not found, waiting...
demo.pcm not found, waiting...
demo.pcm not found, waiting...
demo.pcm not found, waiting...
demo.pcm not found, waiting...
demo.pcm not found, waiting...
demo.pcm not found, waiting...
demo.pcm not found, waiting...
demo.pcm not found, waiting...
demo.pcm not found, waiting...
demo.pcm not found, waiting...
demo.pcm not found, waiting...
demo.pcm not found, waiting...
demo.pcm not found, waiting...
demo.pcm not found, waiting...
demo.pcm not found, waiting...
demo.pcm not found, waiting...
demo.pcm not found, waiting...
demo.pcm not found, waiting...
demo.pcm not found, waiting...
demo.pcm not found, waiting...
demo.pcm not found, waiting...
demo.pcm not found, waiting...
demo.pcm not found, waiting...
demo.pcm not found, waiting...
demo.pcm not found, waiting...
demo.pcm not found, waiting...
demo.pcm not found, waiting...
demo.pcm not found, waiting...
demo.pcm not found, waiting...
demo.pcm not found, waiting...
demo.pcm not found, waiting...
demo.pcm not found, waiting...
demo.pcm not found, waiting...
demo.pcm not found, waiting...
demo.pcm not found, waiting...
demo.pcm not found, waiting...
demo.pcm not found, waiting...
demo.pcm not found, waiting...
demo.pcm not found, waiting...
demo.pcm not found, waiting...
demo.pcm not found, waiting...
demo.pcm not found, waiting...
demo.pcm not found, waiting...
demo.pcm not found, waiting...
demo.pcm not found, waiting...
demo.pcm not found, waiting...
demo.pcm not found, waiting...
demo.pcm not found, waiting...
demo.pcm not found, waiting...
demo.pcm not found, waiting...
demo.pcm not found, waiting...
demo.pcm not found, waiting...
demo.pcm not found, waiting...
demo.pcm not found, waiting...
demo.pcm not found, waiting...
demo.pcm not found, waiting...
demo.pcm not found, waiting...
demo.pcm not found, waiting...
demo.pcm not found, waiting...
demo.pcm not found, waiting...
demo.pcm not found, waiting...
demo.pcm not found, waiting...
demo.pcm not found, waiting...
demo.pcm not found, waiting...
demo.pcm not found, waiting...
demo.pcm not found, waiting...
demo.pcm not found, waiting...
demo.pcm not found, waiting...
demo.pcm not found, waiting...
demo.pcm not found, waiting...
demo.pcm not found, waiting...
demo.pcm not found, waiting...
demo.pcm not found, waiting...
demo.pcm not found, waiting...
demo.pcm not found, waiting...
demo.pcm not found, waiting...
demo.pcm not found, waiting...
demo.pcm not found, waiting...
demo.pcm not found, waiting...
demo.pcm not found, waiting...
demo.pcm not found, waiting...
demo.pcm not found, waiting...
demo.pcm not found, waiting...
demo.pcm not found, waiting...
demo.pcm not found, waiting...
demo.pcm not found, waiting...
demo.pcm not found, waiting...
demo.pcm not found, waiting...
demo.pcm not found, waiting...
demo.pcm not found, waiting...
demo.pcm not found, waiting...
demo.pcm not found, waiting...
demo.pcm not found, waiting...
demo.pcm not found, waiting...
demo.pcm not found, waiting...
demo.pcm not found, waiting...
demo.pcm not found, waiting...
demo.pcm not found, waiting...
demo.pcm not found, waiting...
demo.pcm not found, waiting...
demo.pcm not found, waiting...
demo.pcm not found, waiting...
demo.pcm not found, waiting...
demo.pcm not found, waiting...
demo.pcm not found, waiting...
demo.pcm not found, waiting...
demo.pcm not found, waiting...
demo.pcm not found, waiting...
demo.pcm not found, waiting...
demo.pcm not found, waiting...
demo.pcm not found, waiting...
demo.pcm not found, waiting...
demo.pcm not found, waiting...
demo.pcm not found, waiting...
demo.pcm not found, waiting...
demo.pcm not found, waiting...
demo.pcm not found, waiting...
demo.pcm not found, waiting...
demo.pcm not found, waiting...
demo.pcm not found, waiting...
demo.pcm not found, waiting...
demo.pcm not found, waiting...
demo.pcm not found, waiting...
demo.pcm not found, waiting...
demo.pcm not found, waiting...
demo.pcm not found, waiting...
demo.pcm not found, waiting...
demo.pcm not found, waiting...
demo.pcm not found, waiting...
demo.pcm not found, waiting...
demo.pcm not found, waiting...
demo.pcm not found, waiting...
demo.pcm not found, waiting...
demo.pcm not found, waiting...
demo.pcm not found, waiting...
demo.pcm not found, waiting...
demo.pcm not found, waiting...
demo.pcm not found, waiting...
demo.pcm not found, waiting...
demo.pcm not found, waiting...
demo.pcm not found, waiting...
demo.pcm not found, waiting...
demo.pcm not found, waiting...
demo.pcm not found, waiting...
demo.pcm not found, waiting...
demo.pcm not found, waiting...
demo.pcm not found, waiting...
demo.pcm not found, waiting...
demo.pcm not found, waiting...
demo.pcm not found, waiting...
demo.pcm not found, waiting...
demo.pcm not found, waiting...
demo.pcm not found, waiting...
demo.pcm not found, waiting...
demo.pcm not found, waiting...
demo.pcm not found, waiting...
demo.pcm not found, waiting...
demo.pcm not found, waiting...
demo.pcm not found, waiting...
demo.pcm not found, waiting...
demo.pcm not found, waiting...
demo.pcm not found, waiting...
demo.pcm not found, waiting...
demo.pcm not found, waiting...
demo.pcm not found, waiting...
demo.pcm not found, waiting...
demo.pcm not found, waiting...
demo.pcm not found, waiting...
demo.pcm not found, waiting...
demo.pcm not found, waiting...
demo.pcm not found, waiting...
demo.pcm not found, waiting...
demo.pcm not found, waiting...
demo.pcm not found, waiting...
demo.pcm not found, waiting...
demo.pcm not found, waiting...
demo.pcm not found, waiting...
demo.pcm not found, waiting...
demo.pcm not found, waiting...
demo.pcm not found, waiting...
demo.pcm not found, waiting...
demo.pcm not found, waiting...
demo.pcm not found, waiting...
demo.pcm not found, waiting...
demo.pcm not found, waiting...
demo.pcm not found, waiting...
demo.pcm not found, waiting...
demo.pcm not found, waiting...
demo.pcm not found, waiting...
demo.pcm not found, waiting...
demo.pcm not found, waiting...
demo.pcm not found, waiting...
demo.pcm not found, waiting...
demo.pcm not found, waiting...
demo.pcm not found, waiting...
demo.pcm not found, waiting...
demo.pcm not found, waiting...
demo.pcm not found, waiting...
demo.pcm not found, waiting...
demo.pcm not found, waiting...
demo.pcm not found, waiting...
demo.pcm not found, waiting...
demo.pcm not found, waiting...
demo.pcm not found, waiting...
demo.pcm not found, waiting...
demo.pcm not found, waiting...
demo.pcm not found, waiting...
demo.pcm not found, waiting...
demo.pcm not found, waiting...
demo.pcm not found, waiting...
demo.pcm not found, waiting...
demo.pcm not found, waiting...
demo.pcm not found, waiting...
demo.pcm not found, waiting...
demo.pcm not found, waiting...
demo.pcm not found, waiting...
demo.pcm not found, waiting...
demo.pcm not found, waiting...
demo.pcm not found, waiting...
demo.pcm not found, waiting...
demo.pcm not found, waiting...
demo.pcm not found, waiting...
demo.pcm not found, waiting...
demo.pcm not found, waiting...
demo.pcm not found, waiting...
demo.pcm not found, waiting...
demo.pcm not found, waiting...
demo.pcm not found, waiting...
demo.pcm not found, waiting...
demo.pcm not found, waiting...
demo.pcm not found, waiting...
demo.pcm not found, waiting...
demo.pcm not found, waiting...
demo.pcm not found, waiting...
demo.pcm not found, waiting...
demo.pcm not found, waiting...
demo.pcm not found, waiting...
demo.pcm not found, waiting...
demo.pcm not found, waiting...
demo.pcm not found, waiting...
demo.pcm not found, waiting...
demo.pcm not found, waiting...
demo.pcm not found, waiting...
demo.pcm not found, waiting...
demo.pcm not found, waiting...
demo.pcm not found, waiting...
demo.pcm not found, waiting...
demo.pcm not found, waiting...
demo.pcm not found, waiting...
demo.pcm not found, waiting...
demo.pcm not found, waiting...
demo.pcm not found, waiting...
demo.pcm not found, waiting...
demo.pcm not found, waiting...
demo.pcm not found, waiting...
demo.pcm not found, waiting...
demo.pcm not found, waiting...
demo.pcm not found, waiting...
demo.pcm not found, waiting...
demo.pcm not found, waiting...
demo.pcm not found, waiting...
demo.pcm not found, waiting...
demo.pcm not found, waiting...
demo.pcm not found, waiting...
demo.pcm not found, waiting...
demo.pcm not found, waiting...
demo.pcm not found, waiting...
demo.pcm not found, waiting...
demo.pcm not found, waiting...
demo.pcm not found, waiting...
demo.pcm not found, waiting...
demo.pcm not found, waiting...
demo.pcm not found, waiting...
demo.pcm not found, waiting...
demo.pcm not found, waiting...
demo.pcm not found, waiting...
demo.pcm not found, waiting...
demo.pcm not found, waiting...
demo.pcm not found, waiting...
demo.pcm not found, waiting...
demo.pcm not found, waiting...
demo.pcm not found, waiting...
demo.pcm not found, waiting...
demo.pcm not found, waiting...
demo.pcm not found, waiting...
demo.pcm not found, waiting...
demo.pcm not found, waiting...
demo.pcm not found, waiting...
demo.pcm not found, waiting...
demo.pcm not found, waiting...
demo.pcm not found, waiting...
demo.pcm not found, waiting...
demo.pcm not found, waiting...
demo.pcm not found, waiting...
demo.pcm not found, waiting...
demo.pcm not found, waiting...
demo.pcm not found, waiting...
demo.pcm not found, waiting...
demo.pcm not found, waiting...
demo.pcm not found, waiting...
demo.pcm not found, waiting...
demo.pcm not found, waiting...
demo.pcm not found, waiting...
demo.pcm not found, waiting...
demo.pcm not found, waiting...
demo.pcm not found, waiting...
demo.pcm not found, waiting...
demo.pcm not found, waiting...
demo.pcm not found, waiting...
demo.pcm not found, waiting...
demo.pcm not found, waiting...
demo.pcm not found, waiting...
demo.pcm not found, waiting...
demo.pcm not found, waiting...
demo.pcm not found, waiting...
demo.pcm not found, waiting...
demo.pcm not found, waiting...
demo.pcm not found, waiting...
demo.pcm not found, waiting...
demo.pcm not found, waiting...
demo.pcm not found, waiting...
demo.pcm not found, waiting...
demo.pcm not found, waiting...
demo.pcm not found, waiting...
demo.pcm not found, waiting...
demo.pcm not found, waiting...
demo.pcm not found, waiting...
demo.pcm not found, waiting...
demo.pcm not found, waiting...
demo.pcm not found, waiting...
demo.pcm not found, waiting...
demo.pcm not found, waiting...
demo.pcm not found, waiting...
demo.pcm not found, waiting...
demo.pcm not found, waiting...
demo.pcm not found, waiting...
demo.pcm not found, waiting...
demo.pcm not found, waiting...
demo.pcm not found, waiting...
demo.pcm not found, waiting...
demo.pcm not found, waiting...
demo.pcm not found, waiting...
demo.pcm not found, waiting...
demo.pcm not found, waiting...
demo.pcm not found, waiting...
demo.pcm not found, waiting...
demo.pcm not found, waiting...
demo.pcm not found, waiting...
demo.pcm not found, waiting...
demo.pcm not found, waiting...
demo.pcm not found, waiting...
demo.pcm not found, waiting...
demo.pcm not found, waiting...
demo.pcm not found, waiting...
demo.pcm not found, waiting...
demo.pcm not found, waiting...
demo.pcm not found, waiting...
demo.pcm not found, waiting...
demo.pcm not found, waiting...
demo.pcm not found, waiting...
demo.pcm not found, waiting...
demo.pcm not found, waiting...
demo.pcm not found, waiting...
demo.pcm not found, waiting...
demo.pcm not found, waiting...
demo.pcm not found, waiting...
demo.pcm not found, waiting...
demo.pcm not found, waiting...
demo.pcm not found, waiting...
demo.pcm not found, waiting...
demo.pcm not found, waiting...
demo.pcm not found, waiting...
demo.pcm not found, waiting...
demo.pcm not found, waiting...
demo.pcm not found, waiting...
demo.pcm not found, waiting...
demo.pcm not found, waiting...
demo.pcm not found, waiting...
demo.pcm not found, waiting...
demo.pcm not found, waiting...
demo.pcm not found, waiting...
demo.pcm not found, waiting...
demo.pcm not found, waiting...
demo.pcm not found, waiting...
demo.pcm not found, waiting...
demo.pcm not found, waiting...
demo.pcm not found, waiting...
demo.pcm not found, waiting...
demo.pcm not found, waiting...
demo.pcm not found, waiting...
demo.pcm not found, waiting...
demo.pcm not found, waiting...
demo.pcm not found, waiting...
demo.pcm not found, waiting...
demo.pcm not found, waiting...
demo.pcm not found, waiting...
demo.pcm not found, waiting...
demo.pcm not found, waiting...
demo.pcm not found, waiting...
demo.pcm not found, waiting...
demo.pcm not found, waiting...
demo.pcm not found, waiting...
demo.pcm not found, waiting...
demo.pcm not found, waiting...
demo.pcm not found, waiting...
demo.pcm not found, waiting...
demo.pcm not found, waiting...
demo.pcm not found, waiting...
demo.pcm not found, waiting...
demo.pcm not found, waiting...
demo.pcm not found, waiting...
demo.pcm not found, waiting...
demo.pcm not found, waiting...
demo.pcm not found, waiting...
demo.pcm not found, waiting...
demo.pcm not found, waiting...
demo.pcm not found, waiting...
demo.pcm not found, waiting...
demo.pcm not found, waiting...
demo.pcm not found, waiting...
demo.pcm not found, waiting...
demo.pcm not found, waiting...
demo.pcm not found, waiting...
demo.pcm not found, waiting...
demo.pcm not found, waiting...
demo.pcm not found, waiting...
demo.pcm not found, waiting...
demo.pcm not found, waiting...
demo.pcm not found, waiting...
demo.pcm not found, waiting...
demo.pcm not found, waiting...
demo.pcm not found, waiting...
demo.pcm not found, waiting...
demo.pcm not found, waiting...
demo.pcm not found, waiting...
demo.pcm not found, waiting...
demo.pcm not found, waiting...
demo.pcm not found, waiting...
demo.pcm not found, waiting...
demo.pcm not found, waiting...
demo.pcm not found, waiting...
demo.pcm not found, waiting...
demo.pcm not found, waiting...
demo.pcm not found, waiting...
demo.pcm not found, waiting...
demo.pcm not found, waiting...
demo.pcm not found, waiting...
demo.pcm not found, waiting...
demo.pcm not found, waiting...
demo.pcm not found, waiting...
demo.pcm not found, waiting...
demo.pcm not found, waiting...
demo.pcm not found, waiting...
demo.pcm not found, waiting...
demo.pcm not found, waiting...
demo.pcm not found, waiting...
demo.pcm not found, waiting...
demo.pcm not found, waiting...
demo.pcm not found, waiting...
demo.pcm not found, waiting...
demo.pcm not found, waiting...
demo.pcm not found, waiting...
demo.pcm not found, waiting...
demo.pcm not found, waiting...
demo.pcm not found, waiting...
demo.pcm not found, waiting...
demo.pcm not found, waiting...
demo.pcm not found, waiting...
demo.pcm not found, waiting...
demo.pcm not found, waiting...
demo.pcm not found, waiting...
demo.pcm not found, waiting...
demo.pcm not found, waiting...
demo.pcm not found, waiting...
demo.pcm not found, waiting...
demo.pcm not found, waiting...
demo.pcm not found, waiting...
demo.pcm not found, waiting...
demo.pcm not found, waiting...
demo.pcm not found, waiting...
demo.pcm not found, waiting...
demo.pcm not found, waiting...
demo.pcm not found, waiting...
demo.pcm not found, waiting...
demo.pcm not found, waiting...
demo.pcm not found, waiting...
demo.pcm not found, waiting...
demo.pcm not found, waiting...
demo.pcm not found, waiting...
demo.pcm not found, waiting...
demo.pcm not found, waiting...
demo.pcm not found, waiting...
demo.pcm not found, waiting...
demo.pcm not found, waiting...
demo.pcm not found, waiting...
demo.pcm not found, waiting...
demo.pcm not found, waiting...
demo.pcm not found, waiting...
demo.pcm not found, waiting...
demo.pcm not found, waiting...
demo.pcm not found, waiting...
demo.pcm not found, waiting...
demo.pcm not found, waiting...
demo.pcm not found, waiting...
demo.pcm not found, waiting...
demo.pcm not found, waiting...
demo.pcm not found, waiting...
demo.pcm not found, waiting...
demo.pcm not found, waiting...
demo.pcm not found, waiting...
demo.pcm not found, waiting...
demo.pcm not found, waiting...
demo.pcm not found, waiting...
demo.pcm not found, waiting...
demo.pcm not found, waiting...
demo.pcm not found, waiting...
demo.pcm not found, waiting...
demo.pcm not found, waiting...
demo.pcm not found, waiting...
demo.pcm not found, waiting...
demo.pcm not found, waiting...
demo.pcm not found, waiting...
demo.pcm not found, waiting...
demo.pcm not found, waiting...
demo.pcm not found, waiting...
demo.pcm not found, waiting...
demo.pcm not found, waiting...
demo.pcm not found, waiting...
demo.pcm not found, waiting...
demo.pcm not found, waiting...
demo.pcm not found, waiting...
demo.pcm not found, waiting...
demo.pcm not found, waiting...
demo.pcm not found, waiting...
demo.pcm not found, waiting...
demo.pcm not found, waiting...
demo.pcm not found, waiting...
demo.pcm not found, waiting...
demo.pcm not found, waiting...
demo.pcm not found, waiting...
demo.pcm not found, waiting...
demo.pcm not found, waiting...
demo.pcm not found, waiting...
demo.pcm not found, waiting...
demo.pcm not found, waiting...
demo.pcm not found, waiting...
demo.pcm not found, waiting...
demo.pcm not found, waiting...
demo.pcm not found, waiting...
demo.pcm not found, waiting...
demo.pcm not found, waiting...
demo.pcm not found, waiting...
demo.pcm not found, waiting...
demo.pcm not found, waiting...
demo.pcm not found, waiting...
demo.pcm not found, waiting...
demo.pcm not found, waiting...
demo.pcm not found, waiting...
demo.pcm not found, waiting...
demo.pcm not found, waiting...
demo.pcm not found, waiting...
demo.pcm not found, waiting...
demo.pcm not found, waiting...
demo.pcm not found, waiting...
demo.pcm not found, waiting...
demo.pcm not found, waiting...
demo.pcm not found, waiting...
demo.pcm not found, waiting...
demo.pcm not found, waiting...
demo.pcm not found, waiting...
demo.pcm not found, waiting...
demo.pcm not found, waiting...
demo.pcm not found, waiting...
demo.pcm not found, waiting...
demo.pcm not found, waiting...
demo.pcm not found, waiting...
demo.pcm not found, waiting...
demo.pcm not found, waiting...
demo.pcm not found, waiting...
demo.pcm not found, waiting...
demo.pcm not found, waiting...
demo.pcm not found, waiting...
demo.pcm not found, waiting...
demo.pcm not found, waiting...
demo.pcm not found, waiting...
demo.pcm not found, waiting...
demo.pcm not found, waiting...
demo.pcm not found, waiting...
demo.pcm not found, waiting...
demo.pcm not found, waiting...
demo.pcm not found, waiting...
demo.pcm not found, waiting...
demo.pcm not found, waiting...
demo.pcm not found, waiting...
demo.pcm not found, waiting...
demo.pcm not found, waiting...
demo.pcm not found, waiting...
demo.pcm not found, waiting...
demo.pcm not found, waiting...
demo.pcm not found, waiting...
demo.pcm not found, waiting...
demo.pcm not found, waiting...
demo.pcm not found, waiting...
demo.pcm not found, waiting...
demo.pcm not found, waiting...
demo.pcm not found, waiting...
demo.pcm not found, waiting...
demo.pcm not found, waiting...
demo.pcm not found, waiting...
demo.pcm not found, waiting...
demo.pcm not found, waiting...
demo.pcm not found, waiting...
demo.pcm not found, waiting...
demo.pcm not found, waiting...
demo.pcm not found, waiting...
demo.pcm not found, waiting...
demo.pcm not found, waiting...
demo.pcm not found, waiting...
demo.pcm not found, waiting...
demo.pcm not found, waiting...
demo.pcm not found, waiting...
demo.pcm not found, waiting...
demo.pcm not found, waiting...
demo.pcm not found, waiting...
demo.pcm not found, waiting...
demo.pcm not found, waiting...
demo.pcm not found, waiting...
demo.pcm not found, waiting...
demo.pcm not found, waiting...
demo.pcm not found, waiting...
demo.pcm not found, waiting...
demo.pcm not found, waiting...
demo.pcm not found, waiting...
demo.pcm not found, waiting...
demo.pcm not found, waiting...
demo.pcm not found, waiting...
demo.pcm not found, waiting...
demo.pcm not found, waiting...
demo.pcm not found, waiting...
demo.pcm not found, waiting...
demo.pcm not found, waiting...
demo.pcm not found, waiting...
demo.pcm not found, waiting...
demo.pcm not found, waiting...
demo.pcm not found, waiting...
demo.pcm not found, waiting...
demo.pcm not found, waiting...
demo.pcm not found, waiting...
demo.pcm not found, waiting...
demo.pcm not found, waiting...
demo.pcm not found, waiting...
demo.pcm not found, waiting...
demo.pcm not found, waiting...
demo.pcm not found, waiting...
demo.pcm not found, waiting...
demo.pcm not found, waiting...
demo.pcm not found, waiting...
demo.pcm not found, waiting...
demo.pcm not found, waiting...
demo.pcm not found, waiting...
demo.pcm not found, waiting...
demo.pcm not found, waiting...
demo.pcm not found, waiting...
demo.pcm not found, waiting...
demo.pcm not found, waiting...
demo.pcm not found, waiting...
demo.pcm not found, waiting...
demo.pcm not found, waiting...
demo.pcm not found, waiting...
demo.pcm not found, waiting...
demo.pcm not found, waiting...
demo.pcm not found, waiting...
demo.pcm not found, waiting...
demo.pcm not found, waiting...
demo.pcm not found, waiting...
demo.pcm not found, waiting...
demo.pcm not found, waiting...
demo.pcm not found, waiting...
demo.pcm not found, waiting...
demo.pcm not found, waiting...
demo.pcm not found, waiting...
demo.pcm not found, waiting...
demo.pcm not found, waiting...
demo.pcm not found, waiting...
demo.pcm not found, waiting...
demo.pcm not found, waiting...
demo.pcm not found, waiting...
demo.pcm not found, waiting...
demo.pcm not found, waiting...
demo.pcm not found, waiting...
demo.pcm not found, waiting...
demo.pcm not found, waiting...
demo.pcm not found, waiting...
demo.pcm not found, waiting...
demo.pcm not found, waiting...
demo.pcm not found, waiting...
demo.pcm not found, waiting...
demo.pcm not found, waiting...
demo.pcm not found, waiting...
demo.pcm not found, waiting...
demo.pcm not found, waiting...
demo.pcm not found, waiting...
demo.pcm not found, waiting...
demo.pcm not found, waiting...
demo.pcm not found, waiting...
demo.pcm not found, waiting...
demo.pcm not found, waiting...
demo.pcm not found, waiting...
demo.pcm not found, waiting...
demo.pcm not found, waiting...
demo.pcm not found, waiting...
demo.pcm not found, waiting...
demo.pcm not found, waiting...
demo.pcm not found, waiting...
demo.pcm not found, waiting...
demo.pcm not found, waiting...
demo.pcm not found, waiting...
demo.pcm not found, waiting...
demo.pcm not found, waiting...
demo.pcm not found, waiting...
demo.pcm not found, waiting...
demo.pcm not found, waiting...
demo.pcm not found, waiting...
demo.pcm not found, waiting...
demo.pcm not found, waiting...
demo.pcm not found, waiting...
demo.pcm not found, waiting...
demo.pcm not found, waiting...
demo.pcm not found, waiting...
demo.pcm not found, waiting...
demo.pcm not found, waiting...
demo.pcm not found, waiting...
demo.pcm not found, waiting...
demo.pcm not found, waiting...
demo.pcm not found, waiting...
demo.pcm not found, waiting...
demo.pcm not found, waiting...
demo.pcm not found, waiting...
demo.pcm not found, waiting...
demo.pcm not found, waiting...
demo.pcm not found, waiting...
demo.pcm not found, waiting...
demo.pcm not found, waiting...
demo.pcm not found, waiting...
demo.pcm not found, waiting...
demo.pcm not found, waiting...
demo.pcm not found, waiting...
demo.pcm not found, waiting...
demo.pcm not found, waiting...
demo.pcm not found, waiting...
demo.pcm not found, waiting...
demo.pcm not found, waiting...
demo.pcm not found, waiting...
demo.pcm not found, waiting...
demo.pcm not found, waiting...
demo.pcm not found, waiting...
demo.pcm not found, waiting...
demo.pcm not found, waiting...
demo.pcm not found, waiting...
demo.pcm not found, waiting...
demo.pcm not found, waiting...
demo.pcm not found, waiting...
demo.pcm not found, waiting...
demo.pcm not found, waiting...
demo.pcm not found, waiting...
demo.pcm not found, waiting...
demo.pcm not found, waiting...
demo.pcm not found, waiting...
demo.pcm not found, waiting...
demo.pcm not found, waiting...
demo.pcm not found, waiting...
demo.pcm not found, waiting...
demo.pcm not found, waiting...
demo.pcm not found, waiting...
demo.pcm not found, waiting...
demo.pcm not found, waiting...
demo.pcm not found, waiting...
demo.pcm not found, waiting...
demo.pcm not found, waiting...
demo.pcm not found, waiting...
demo.pcm not found, waiting...
demo.pcm not found, waiting...
demo.pcm not found, waiting...
demo.pcm not found, waiting...
demo.pcm not found, waiting...
demo.pcm not found, waiting...
demo.pcm not found, waiting...
demo.pcm not found, waiting...
demo.pcm not found, waiting...
demo.pcm not found, waiting...
demo.pcm not found, waiting...
demo.pcm not found, waiting...
demo.pcm not found, waiting...
demo.pcm not found, waiting...
demo.pcm not found, waiting...
demo.pcm not found, waiting...
demo.pcm not found, waiting...
demo.pcm not found, waiting...
demo.pcm not found, waiting...
demo.pcm not found, waiting...
demo.pcm not found, waiting...
demo.pcm not found, waiting...
demo.pcm not found, waiting...
demo.pcm not found, waiting...
demo.pcm not found, waiting...
demo.pcm not found, waiting...
demo.pcm not found, waiting...
demo.pcm not found, waiting...
demo.pcm not found, waiting...
demo.pcm not found, waiting...
demo.pcm not found, waiting...
demo.pcm not found, waiting...
demo.pcm not found, waiting...
demo.pcm not found, waiting...
demo.pcm not found, waiting...
demo.pcm not found, waiting...
demo.pcm not found, waiting...
demo.pcm not found, waiting...
demo.pcm not found, waiting...
demo.pcm not found, waiting...
demo.pcm not found, waiting...
demo.pcm not found, waiting...
demo.pcm not found, waiting...
demo.pcm not found, waiting...
demo.pcm not found, waiting...
demo.pcm not found, waiting...
demo.pcm not found, waiting...
demo.pcm not found, waiting...
demo.pcm not found, waiting...
demo.pcm not found, waiting...
demo.pcm not found, waiting...
demo.pcm not found, waiting...
demo.pcm not found, waiting...
demo.pcm not found, waiting...
demo.pcm not found, waiting...
demo.pcm not found, waiting...
demo.pcm not found, waiting...
demo.pcm not found, waiting...
demo.pcm not found, waiting...
demo.pcm not found, waiting...
demo.pcm not found, waiting...
demo.pcm not found, waiting...
demo.pcm not found, waiting...
demo.pcm not found, waiting...
demo.pcm not found, waiting...
demo.pcm not found, waiting...
demo.pcm not found, waiting...
demo.pcm not found, waiting...
demo.pcm not found, waiting...
demo.pcm not found, waiting...
demo.pcm not found, waiting...
demo.pcm not found, waiting...
demo.pcm not found, waiting...
demo.pcm not found, waiting...
demo.pcm not found, waiting...
demo.pcm not found, waiting...
demo.pcm not found, waiting...
demo.pcm not found, waiting...
demo.pcm not found, waiting...
demo.pcm not found, waiting...
demo.pcm not found, waiting...
demo.pcm not found, waiting...
demo.pcm not found, waiting...
demo.pcm not found, waiting...
demo.pcm not found, waiting...
demo.pcm not found, waiting...
demo.pcm not found, waiting...
demo.pcm not found, waiting...
demo.pcm not found, waiting...
demo.pcm not found, waiting...
demo.pcm not found, waiting...
demo.pcm not found, waiting...
demo.pcm not found, waiting...
demo.pcm not found, waiting...
demo.pcm not found, waiting...
demo.pcm not found, waiting...
demo.pcm not found, waiting...
demo.pcm not found, waiting...
demo.pcm not found, waiting...
demo.pcm not found, waiting...
demo.pcm not found, waiting...
demo.pcm not found, waiting...
demo.pcm not found, waiting...
demo.pcm not found, waiting...
demo.pcm not found, waiting...
demo.pcm not found, waiting...
demo.pcm not found, waiting...
demo.pcm not found, waiting...
demo.pcm not found, waiting...
demo.pcm not found, waiting...
demo.pcm not found, waiting...
demo.pcm not found, waiting...
demo.pcm not found, waiting...
demo.pcm not found, waiting...
demo.pcm not found, waiting...
demo.pcm not found, waiting...
demo.pcm not found, waiting...
demo.pcm not found, waiting...
demo.pcm not found, waiting...
demo.pcm not found, waiting...
demo.pcm not found, waiting...
demo.pcm not found, waiting...
demo.pcm not found, waiting...
demo.pcm not found, waiting...
demo.pcm not found, waiting...
demo.pcm not found, waiting...
demo.pcm not found, waiting...
demo.pcm not found, waiting...
demo.pcm not found, waiting...
demo.pcm not found, waiting...
demo.pcm not found, waiting...
demo.pcm not found, waiting...
demo.pcm not found, waiting...
demo.pcm not found, waiting...
demo.pcm not found, waiting...
demo.pcm not found, waiting...
demo.pcm not found, waiting...
demo.pcm not found, waiting...
demo.pcm not found, waiting...
demo.pcm not found, waiting...
demo.pcm not found, waiting...
demo.pcm not found, waiting...
demo.pcm not found, waiting...
demo.pcm not found, waiting...
demo.pcm not found, waiting...
demo.pcm not found, waiting...
demo.pcm not found, waiting...
demo.pcm not found, waiting...
demo.pcm not found, waiting...
demo.pcm not found, waiting...
demo.pcm not found, waiting...
demo.pcm not found, waiting...
demo.pcm not found, waiting...
demo.pcm not found, waiting...
demo.pcm not found, waiting...
demo.pcm not found, waiting...
demo.pcm not found, waiting...
demo.pcm not found, waiting...
demo.pcm not found, waiting...
demo.pcm not found, waiting...
demo.pcm not found, waiting...
demo.pcm not found, waiting...
demo.pcm not found, waiting...
demo.pcm not found, waiting...
demo.pcm not found, waiting...
demo.pcm not found, waiting...
demo.pcm not found, waiting...
demo.pcm not found, waiting...
demo.pcm not found, waiting...
demo.pcm not found, waiting...
demo.pcm not found, waiting...
demo.pcm not found, waiting...
demo.pcm not found, waiting...
demo.pcm not found, waiting...
demo.pcm not found, waiting...
demo.pcm not found, waiting...
demo.pcm not found, waiting...
demo.pcm not found, waiting...
demo.pcm not found, waiting...
demo.pcm not found, waiting...
demo.pcm not found, waiting...
demo.pcm not found, waiting...
demo.pcm not found, waiting...
demo.pcm not found, waiting...
demo.pcm not found, waiting...
demo.pcm not found, waiting...
demo.pcm not found, waiting...
demo.pcm not found, waiting...
demo.pcm not found, waiting...
demo.pcm not found, waiting...
demo.pcm not found, waiting...
demo.pcm not found, waiting...
demo.pcm not found, waiting...
demo.pcm not found, waiting...
demo.pcm not found, waiting...
demo.pcm not found, waiting...
demo.pcm not found, waiting...
demo.pcm not found, waiting...
demo.pcm not found, waiting...
demo.pcm not found, waiting...
demo.pcm not found, waiting...
demo.pcm not found, waiting...
demo.pcm not found, waiting...
demo.pcm not found, waiting...
demo.pcm not found, waiting...
demo.pcm not found, waiting...
demo.pcm not found, waiting...
demo.pcm not found, waiting...
demo.pcm not found, waiting...
demo.pcm not found, waiting...
demo.pcm not found, waiting...
demo.pcm not found, waiting...
demo.pcm not found, waiting...
demo.pcm not found, waiting...
demo.pcm not found, waiting...
demo.pcm not found, waiting...
demo.pcm not found, waiting...
demo.pcm not found, waiting...
demo.pcm not found, waiting...
demo.pcm not found, waiting...
demo.pcm not found, waiting...
demo.pcm not found, waiting...
demo.pcm not found, waiting...
demo.pcm not found, waiting...
demo.pcm not found, waiting...
demo.pcm not found, waiting...
demo.pcm not found, waiting...
demo.pcm not found, waiting...
demo.pcm not found, waiting...
demo.pcm not found, waiting...
demo.pcm not found, waiting...
demo.pcm not found, waiting...
demo.pcm not found, waiting...
demo.pcm not found, waiting...
demo.pcm not found, waiting...
demo.pcm not found, waiting...
demo.pcm not found, waiting...
demo.pcm not found, waiting...
demo.pcm not found, waiting...
demo.pcm not found, waiting...
demo.pcm not found, waiting...
demo.pcm not found, waiting...
demo.pcm not found, waiting...
demo.pcm not found, waiting...
demo.pcm not found, waiting...
demo.pcm not found, waiting...
demo.pcm not found, waiting...
demo.pcm not found, waiting...
demo.pcm not found, waiting...
demo.pcm not found, waiting...
demo.pcm not found, waiting...
demo.pcm not found, waiting...
demo.pcm not found, waiting...
demo.pcm not found, waiting...
demo.pcm not found, waiting...
demo.pcm not found, waiting...
demo.pcm not found, waiting...
demo.pcm not found, waiting...
demo.pcm not found, waiting...
demo.pcm not found, waiting...
demo.pcm not found, waiting...
demo.pcm not found, waiting...
demo.pcm not found, waiting...
demo.pcm not found, waiting...
demo.pcm not found, waiting...
demo.pcm not found, waiting...
demo.pcm not found, waiting...
demo.pcm not found, waiting...
demo.pcm not found, waiting...
demo.pcm not found, waiting...
demo.pcm not found, waiting...
demo.pcm not found, waiting...
demo.pcm not found, waiting...
demo.pcm not found, waiting...
demo.pcm not found, waiting...
demo.pcm not found, waiting...
demo.pcm not found, waiting...
demo.pcm not found, waiting...
demo.pcm not found, waiting...
demo.pcm not found, waiting...
demo.pcm not found, waiting...
demo.pcm not found, waiting...
demo.pcm not found, waiting...
demo.pcm not found, waiting...
demo.pcm not found, waiting...
demo.pcm not found, waiting...
demo.pcm not found, waiting...
demo.pcm not found, waiting...
demo.pcm not found, waiting...
demo.pcm not found, waiting...
demo.pcm not found, waiting...
demo.pcm not found, waiting...
demo.pcm not found, waiting...
demo.pcm not found, waiting...
demo.pcm not found, waiting...
demo.pcm not found, waiting...
demo.pcm not found, waiting...
demo.pcm not found, waiting...
demo.pcm not found, waiting...
demo.pcm not found, waiting...
demo.pcm not found, waiting...
demo.pcm not found, waiting...
demo.pcm not found, waiting...
demo.pcm not found, waiting...
demo.pcm not found, waiting...
demo.pcm not found, waiting...
demo.pcm not found, waiting...
demo.pcm not found, waiting...
demo.pcm not found, waiting...
demo.pcm not found, waiting...
demo.pcm not found, waiting...
demo.pcm not found, waiting...
demo.pcm not found, waiting...
demo.pcm not found, waiting...
demo.pcm not found, waiting...
demo.pcm not found, waiting...
demo.pcm not found, waiting...
demo.pcm not found, waiting...
demo.pcm not found, waiting...
demo.pcm not found, waiting...
demo.pcm not found, waiting...
demo.pcm not found, waiting...
demo.pcm not found, waiting...
demo.pcm not found, waiting...
demo.pcm not found, waiting...
demo.pcm not found, waiting...
demo.pcm not found, waiting...
demo.pcm not found, waiting...
demo.pcm not found, waiting...
demo.pcm not found, waiting...
demo.pcm not found, waiting...
demo.pcm not found, waiting...
demo.pcm not found, waiting...
demo.pcm not found, waiting...
demo.pcm not found, waiting...
demo.pcm not found, waiting...
demo.pcm not found, waiting...
demo.pcm not found, waiting...
demo.pcm not found, waiting...
demo.pcm not found, waiting...
demo.pcm not found, waiting...
demo.pcm not found, waiting...
demo.pcm not found, waiting...
demo.pcm not found, waiting...
demo.pcm not found, waiting...
demo.pcm not found, waiting...
demo.pcm not found, waiting...
demo.pcm not found, waiting...
demo.pcm not found, waiting...
demo.pcm not found, waiting...
demo.pcm not found, waiting...
demo.pcm not found, waiting...
demo.pcm not found, waiting...
demo.pcm not found, waiting...
demo.pcm not found, waiting...
demo.pcm not found, waiting...
demo.pcm not found, waiting...
demo.pcm not found, waiting...
demo.pcm not found, waiting...
demo.pcm not found, waiting...
demo.pcm not found, waiting...
demo.pcm not found, waiting...
demo.pcm not found, waiting...
demo.pcm not found, waiting...
demo.pcm not found, waiting...
demo.pcm not found, waiting...
demo.pcm not found, waiting...
demo.pcm not found, waiting...
demo.pcm not found, waiting...
demo.pcm not found, waiting...
demo.pcm not found, waiting...
demo.pcm not found, waiting...
demo.pcm not found, waiting...
demo.pcm not found, waiting...
demo.pcm not found, waiting...
demo.pcm not found, waiting...
demo.pcm not found, waiting...
demo.pcm not found, waiting...
demo.pcm not found, waiting...
demo.pcm not found, waiting...
demo.pcm not found, waiting...
demo.pcm not found, waiting...
demo.pcm not found, waiting...
demo.pcm not found, waiting...
demo.pcm not found, waiting...
demo.pcm not found, waiting...
demo.pcm not found, waiting...
demo.pcm not found, waiting...
demo.pcm not found, waiting...
demo.pcm not found, waiting...
demo.pcm not found, waiting...
demo.pcm not found, waiting...
demo.pcm not found, waiting...
demo.pcm not found, waiting...
demo.pcm not found, waiting...
demo.pcm not found, waiting...
demo.pcm not found, waiting...
demo.pcm not found, waiting...
demo.pcm not found, waiting...
demo.pcm not found, waiting...
demo.pcm not found, waiting...
demo.pcm not found, waiting...
demo.pcm not found, waiting...
demo.pcm not found, waiting...
demo.pcm not found, waiting...
demo.pcm not found, waiting...
demo.pcm not found, waiting...
demo.pcm not found, waiting...
demo.pcm not found, waiting...
demo.pcm not found, waiting...
demo.pcm not found, waiting...
demo.pcm not found, waiting...
demo.pcm not found, waiting...
demo.pcm not found, waiting...
demo.pcm not found, waiting...
demo.pcm not found, waiting...
demo.pcm not found, waiting...
demo.pcm not found, waiting...
demo.pcm not found, waiting...
demo.pcm not found, waiting...
demo.pcm not found, waiting...
demo.pcm not found, waiting...
demo.pcm not found, waiting...
demo.pcm not found, waiting...
demo.pcm not found, waiting...
demo.pcm not found, waiting...
demo.pcm not found, waiting...
demo.pcm not found, waiting...
demo.pcm not found, waiting...
demo.pcm not found, waiting...
demo.pcm not found, waiting...
demo.pcm not found, waiting...
demo.pcm not found, waiting...
demo.pcm not found, waiting...
demo.pcm not found, waiting...
demo.pcm not found, waiting...
demo.pcm not found, waiting...
demo.pcm not found, waiting...
demo.pcm not found, waiting...
demo.pcm not found, waiting...
demo.pcm not found, waiting...
demo.pcm not found, waiting...
demo.pcm not found, waiting...
demo.pcm not found, waiting...
demo.pcm not found, waiting...
demo.pcm not found, waiting...
demo.pcm not found, waiting...
demo.pcm not found, waiting...
demo.pcm not found, waiting...
demo.pcm not found, waiting...
demo.pcm not found, waiting...
demo.pcm not found, waiting...
demo.pcm not found, waiting...
demo.pcm not found, waiting...
demo.pcm not found, waiting...
demo.pcm not found, waiting...
demo.pcm not found, waiting...
demo.pcm not found, waiting...
demo.pcm not found, waiting...
demo.pcm not found, waiting...
demo.pcm not found, waiting...
demo.pcm not found, waiting...
demo.pcm not found, waiting...
demo.pcm not found, waiting...
demo.pcm not found, waiting...
demo.pcm not found, waiting...
demo.pcm not found, waiting...
demo.pcm not found, waiting...
demo.pcm not found, waiting...
demo.pcm not found, waiting...
demo.pcm not found, waiting...
demo.pcm not found, waiting...
demo.pcm not found, waiting...
demo.pcm not found, waiting...
demo.pcm not found, waiting...
demo.pcm not found, waiting...
demo.pcm not found, waiting...
demo.pcm not found, waiting...
demo.pcm not found, waiting...
demo.pcm not found, waiting...
demo.pcm not found, waiting...
demo.pcm not found, waiting...
demo.pcm not found, waiting...
demo.pcm not found, waiting...
demo.pcm not found, waiting...
demo.pcm not found, waiting...
demo.pcm not found, waiting...
demo.pcm not found, waiting...
demo.pcm not found, waiting...
demo.pcm not found, waiting...
demo.pcm not found, waiting...
demo.pcm not found, waiting...
demo.pcm not found, waiting...
demo.pcm not found, waiting...
demo.pcm not found, waiting...
demo.pcm not found, waiting...
demo.pcm not found, waiting...
demo.pcm not found, waiting...
demo.pcm not found, waiting...
demo.pcm not found, waiting...
demo.pcm not found, waiting...
demo.pcm not found, waiting...
demo.pcm not found, waiting...
demo.pcm not found, waiting...
demo.pcm not found, waiting...
demo.pcm not found, waiting...
demo.pcm not found, waiting...
demo.pcm not found, waiting...
demo.pcm not found, waiting...
demo.pcm not found, waiting...
demo.pcm not found, waiting...
demo.pcm not found, waiting...
demo.pcm not found, waiting...
demo.pcm not found, waiting...
demo.pcm not found, waiting...
demo.pcm not found, waiting...
demo.pcm not found, waiting...
demo.pcm not found, waiting...
demo.pcm not found, waiting...
demo.pcm not found, waiting...
demo.pcm not found, waiting...
demo.pcm not found, waiting...
demo.pcm not found, waiting...
demo.pcm not found, waiting...
demo.pcm not found, waiting...
demo.pcm not found, waiting...
demo.pcm not found, waiting...
demo.pcm not found, waiting...
demo.pcm not found, waiting...
demo.pcm not found, waiting...
demo.pcm not found, waiting...
demo.pcm not found, waiting...
demo.pcm not found, waiting...
demo.pcm not found, waiting...
demo.pcm not found, waiting...
demo.pcm not found, waiting...
demo.pcm not found, waiting...
demo.pcm not found, waiting...
demo.pcm not found, waiting...
demo.pcm not found, waiting...
demo.pcm not found, waiting...
demo.pcm not found, waiting...
demo.pcm not found, waiting...
demo.pcm not found, waiting...
demo.pcm not found, waiting...
demo.pcm not found, waiting...
demo.pcm not found, waiting...
demo.pcm not found, waiting...
demo.pcm not found, waiting...
demo.pcm not found, waiting...
demo.pcm not found, waiting...
demo.pcm not found, waiting...
demo.pcm not found, waiting...
demo.pcm not found, waiting...
demo.pcm not found, waiting...
demo.pcm not found, waiting...
demo.pcm not found, waiting...
demo.pcm not found, waiting...
demo.pcm not found, waiting...
demo.pcm not found, waiting...
demo.pcm not found, waiting...
demo.pcm not found, waiting...
demo.pcm not found, waiting...
demo.pcm not found, waiting...
demo.pcm not found, waiting...
demo.pcm not found, waiting...
demo.pcm not found, waiting...
demo.pcm not found, waiting...
demo.pcm not found, waiting...
demo.pcm not found, waiting...
demo.pcm not found, waiting...
demo.pcm not found, waiting...
demo.pcm not found, waiting...
demo.pcm not found, waiting...
demo.pcm not found, waiting...
demo.pcm not found, waiting...
demo.pcm not found, waiting...
demo.pcm not found, waiting...
demo.pcm not found, waiting...
demo.pcm not found, waiting...
demo.pcm not found, waiting...
demo.pcm not found, waiting...
demo.pcm not found, waiting...
demo.pcm not found, waiting...
demo.pcm not found, waiting...
demo.pcm not found, waiting...
demo.pcm not found, waiting...
demo.pcm not found, waiting...
demo.pcm not found, waiting...
demo.pcm not found, waiting...
demo.pcm not found, waiting...
demo.pcm not found, waiting...
demo.pcm not found, waiting...
demo.pcm not found, waiting...
demo.pcm not found, waiting...
demo.pcm not found, waiting...
demo.pcm not found, waiting...
demo.pcm not found, waiting...
demo.pcm not found, waiting...
demo.pcm not found, waiting...
demo.pcm not found, waiting...
demo.pcm not found, waiting...
demo.pcm not found, waiting...
demo.pcm not found, waiting...
demo.pcm not found, waiting...
demo.pcm not found, waiting...
demo.pcm not found, waiting...
demo.pcm not found, waiting...
demo.pcm not found, waiting...
demo.pcm not found, waiting...
demo.pcm not found, waiting...
demo.pcm not found, waiting...
demo.pcm not found, waiting...
demo.pcm not found, waiting...
demo.pcm not found, waiting...
demo.pcm not found, waiting...
demo.pcm not found, waiting...
demo.pcm not found, waiting...
demo.pcm not found, waiting...
demo.pcm not found, waiting...
demo.pcm not found, waiting...
demo.pcm not found, waiting...
demo.pcm not found, waiting...
demo.pcm not found, waiting...
demo.pcm not found, waiting...
demo.pcm not found, waiting...
demo.pcm not found, waiting...
demo.pcm not found, waiting...
demo.pcm not found, waiting...
demo.pcm not found, waiting...
demo.pcm not found, waiting...
demo.pcm not found, waiting...
demo.pcm not found, waiting...
demo.pcm not found, waiting...
demo.pcm not found, waiting...
demo.pcm not found, waiting...
demo.pcm not found, waiting...
demo.pcm not found, waiting...
demo.pcm not found, waiting...
demo.pcm not found, waiting...
demo.pcm not found, waiting...
demo.pcm not found, waiting...
demo.pcm not found, waiting...
demo.pcm not found, waiting...
demo.pcm not found, waiting...
demo.pcm not found, waiting...
demo.pcm not found, waiting...
demo.pcm not found, waiting...
demo.pcm not found, waiting...
demo.pcm not found, waiting...
demo.pcm not found, waiting...
demo.pcm not found, waiting...
demo.pcm not found, waiting...
demo.pcm not found, waiting...
demo.pcm not found, waiting...
demo.pcm not found, waiting...
demo.pcm not found, waiting...
demo.pcm not found, waiting...
demo.pcm not found, waiting...
demo.pcm not found, waiting...
demo.pcm not found, waiting...
demo.pcm not found, waiting...
demo.pcm not found, waiting...
demo.pcm not found, waiting...
demo.pcm not found, waiting...
demo.pcm not found, waiting...
demo.pcm not found, waiting...
demo.pcm not found, waiting...
demo.pcm not found, waiting...
demo.pcm not found, waiting...
demo.pcm not found, waiting...
demo.pcm not found, waiting...
demo.pcm not found, waiting...
demo.pcm not found, waiting...
demo.pcm not found, waiting...
demo.pcm not found, waiting...
demo.pcm not found, waiting...
demo.pcm not found, waiting...
demo.pcm not found, waiting...
demo.pcm not found, waiting...
demo.pcm not found, waiting...
demo.pcm not found, waiting...
demo.pcm not found, waiting...
demo.pcm not found, waiting...
demo.pcm not found, waiting...
demo.pcm not found, waiting...
demo.pcm not found, waiting...
demo.pcm not found, waiting...
demo.pcm not found, waiting...
demo.pcm not found, waiting...
demo.pcm not found, waiting...
demo.pcm not found, waiting...
demo.pcm not found, waiting...
demo.pcm not found, waiting...
demo.pcm not found, waiting...
demo.pcm not found, waiting...
demo.pcm not found, waiting...
demo.pcm not found, waiting...
demo.pcm not found, waiting...
demo.pcm not found, waiting...
demo.pcm not found, waiting...
demo.pcm not found, waiting...
demo.pcm not found, waiting...
demo.pcm not found, waiting...
demo.pcm not found, waiting...
demo.pcm not found, waiting...
demo.pcm not found, waiting...
demo.pcm not found, waiting...
demo.pcm not found, waiting...
demo.pcm not found, waiting...
demo.pcm not found, waiting...
demo.pcm not found, waiting...
demo.pcm not found, waiting...
demo.pcm not found, waiting...
demo.pcm not found, waiting...
demo.pcm not found, waiting...
demo.pcm not found, waiting...
demo.pcm not found, waiting...
demo.pcm not found, waiting...
demo.pcm not found, waiting...
demo.pcm not found, waiting...
demo.pcm not found, waiting...
demo.pcm not found, waiting...
demo.pcm not found, waiting...
demo.pcm not found, waiting...
demo.pcm not found, waiting...
demo.pcm not found, waiting...
demo.pcm not found, waiting...
demo.pcm not found, waiting...
demo.pcm not found, waiting...
demo.pcm not found, waiting...
demo.pcm not found, waiting...
demo.pcm not found, waiting...
demo.pcm not found, waiting...
demo.pcm not found, waiting...
demo.pcm not found, waiting...
demo.pcm not found, waiting...
demo.pcm not found, waiting...
demo.pcm not found, waiting...
demo.pcm not found, waiting...
demo.pcm not found, waiting...
demo.pcm not found, waiting...
demo.pcm not found, waiting...
demo.pcm not found, waiting...
demo.pcm not found, waiting...
demo.pcm not found, waiting...
demo.pcm not found, waiting...
demo.pcm not found, waiting...
demo.pcm not found, waiting...
demo.pcm not found, waiting...
demo.pcm not found, waiting...
demo.pcm not found, waiting...
demo.pcm not found, waiting...
demo.pcm not found, waiting...
demo.pcm not found, waiting...
demo.pcm not found, waiting...
demo.pcm not found, waiting...
demo.pcm not found, waiting...
demo.pcm not found, waiting...
demo.pcm not found, waiting...
demo.pcm not found, waiting...
demo.pcm not found, waiting...
demo.pcm not found, waiting...
demo.pcm not found, waiting...
demo.pcm not found, waiting...
demo.pcm not found, waiting...
demo.pcm not found, waiting...
demo.pcm not found, waiting...
demo.pcm not found, waiting...
demo.pcm not found, waiting...
demo.pcm not found, waiting...
demo.pcm not found, waiting...
demo.pcm not found, waiting...
demo.pcm not found, waiting...
demo.pcm not found, waiting...
demo.pcm not found, waiting...
demo.pcm not found, waiting...
demo.pcm not found, waiting...
demo.pcm not found, waiting...
demo.pcm not found, waiting...
demo.pcm not found, waiting...
demo.pcm not found, waiting...
demo.pcm not found, waiting...
demo.pcm not found, waiting...
demo.pcm not found, waiting...
demo.pcm not found, waiting...
demo.pcm not found, waiting...
demo.pcm not found, waiting...
demo.pcm not found, waiting...
demo.pcm not found, waiting...
demo.pcm not found, waiting...
demo.pcm not found, waiting...
demo.pcm not found, waiting...
demo.pcm not found, waiting...
demo.pcm not found, waiting...
demo.pcm not found, waiting...
demo.pcm not found, waiting...
demo.pcm not found, waiting...
demo.pcm not found, waiting...
demo.pcm not found, waiting...
demo.pcm not found, waiting...
demo.pcm not found, waiting...
demo.pcm not found, waiting...
demo.pcm not found, waiting...
demo.pcm not found, waiting...
demo.pcm not found, waiting...
demo.pcm not found, waiting...
demo.pcm not found, waiting...
demo.pcm not found, waiting...
demo.pcm not found, waiting...
demo.pcm not found, waiting...
demo.pcm not found, waiting...
demo.pcm not found, waiting...
demo.pcm not found, waiting...
demo.pcm not found, waiting...
demo.pcm not found, waiting...
demo.pcm not found, waiting...
demo.pcm not found, waiting...
demo.pcm not found, waiting...
demo.pcm not found, waiting...
demo.pcm not found, waiting...
demo.pcm not found, waiting...
demo.pcm not found, waiting...
demo.pcm not found, waiting...
demo.pcm not found, waiting...
demo.pcm not found, waiting...
demo.pcm not found, waiting...
demo.pcm not found, waiting...
demo.pcm not found, waiting...
demo.pcm not found, waiting...
demo.pcm not found, waiting...
demo.pcm not found, waiting...
demo.pcm not found, waiting...
demo.pcm not found, waiting...
demo.pcm not found, waiting...
demo.pcm not found, waiting...
demo.pcm not found, waiting...
demo.pcm not found, waiting...
demo.pcm not found, waiting...
demo.pcm not found, waiting...
demo.pcm not found, waiting...
demo.pcm not found, waiting...
demo.pcm not found, waiting...
demo.pcm not found, waiting...
demo.pcm not found, waiting...
demo.pcm not found, waiting...
demo.pcm not found, waiting...
demo.pcm not found, waiting...
demo.pcm not found, waiting...
demo.pcm not found, waiting...
demo.pcm not found, waiting...
demo.pcm not found, waiting...
demo.pcm not found, waiting...
demo.pcm not found, waiting...
demo.pcm not found, waiting...
demo.pcm not found, waiting...
demo.pcm not found, waiting...
demo.pcm not found, waiting...
demo.pcm not found, waiting...
demo.pcm not found, waiting...
demo.pcm not found, waiting...
demo.pcm not found, waiting...
demo.pcm not found, waiting...
demo.pcm not found, waiting...
demo.pcm not found, waiting...
demo.pcm not found, waiting...
demo.pcm not found, waiting...
demo.pcm not found, waiting...
demo.pcm not found, waiting...
demo.pcm not found, waiting...
demo.pcm not found, waiting...
demo.pcm not found, waiting...
demo.pcm not found, waiting...
demo.pcm not found, waiting...
demo.pcm not found, waiting...
demo.pcm not found, waiting...
demo.pcm not found, waiting...
demo.pcm not found, waiting...
demo.pcm not found, waiting...
demo.pcm not found, waiting...
demo.pcm not found, waiting...
demo.pcm not found, waiting...
demo.pcm not found, waiting...
demo.pcm not found, waiting...
demo.pcm not found, waiting...
demo.pcm not found, waiting...
demo.pcm not found, waiting...
demo.pcm not found, waiting...
demo.pcm not found, waiting...
demo.pcm not found, waiting...
demo.pcm not found, waiting...
demo.pcm not found, waiting...
demo.pcm not found, waiting...
demo.pcm not found, waiting...
demo.pcm not found, waiting...
demo.pcm not found, waiting...
demo.pcm not found, waiting...
demo.pcm not found, waiting...
demo.pcm not found, waiting...
demo.pcm not found, waiting...
demo.pcm not found, waiting...
demo.pcm not found, waiting...
demo.pcm not found, waiting...
demo.pcm not found, waiting...
demo.pcm not found, waiting...
demo.pcm not found, waiting...
demo.pcm not found, waiting...
demo.pcm not found, waiting...
demo.pcm not found, waiting...
demo.pcm not found, waiting...
demo.pcm not found, waiting...
demo.pcm not found, waiting...
demo.pcm not found, waiting...
demo.pcm not found, waiting...
demo.pcm not found, waiting...
demo.pcm not found, waiting...
demo.pcm not found, waiting...
demo.pcm not found, waiting...
demo.pcm not found, waiting...
demo.pcm not found, waiting...
demo.pcm not found, waiting...
demo.pcm not found, waiting...
demo.pcm not found, waiting...
demo.pcm not found, waiting...
demo.pcm not found, waiting...
demo.pcm not found, waiting...
demo.pcm not found, waiting...
demo.pcm not found, waiting...
demo.pcm not found, waiting...
demo.pcm not found, waiting...
demo.pcm not found, waiting...
demo.pcm not found, waiting...
demo.pcm not found, waiting...
demo.pcm not found, waiting...
demo.pcm not found, waiting...
demo.pcm not found, waiting...
demo.pcm not found, waiting...
demo.pcm not found, waiting...
demo.pcm not found, waiting...
demo.pcm not found, waiting...
demo.pcm not found, waiting...
demo.pcm not found, waiting...
demo.pcm not found, waiting...
demo.pcm not found, waiting...
demo.pcm not found, waiting...
demo.pcm not found, waiting...
demo.pcm not found, waiting...
demo.pcm not found, waiting...
demo.pcm not found, waiting...
demo.pcm not found, waiting...
demo.pcm not found, waiting...
demo.pcm not found, waiting...
demo.pcm not found, waiting...
demo.pcm not found, waiting...
demo.pcm not found, waiting...
demo.pcm not found, waiting...
demo.pcm not found, waiting...
demo.pcm not found, waiting...
demo.pcm not found, waiting...
demo.pcm not found, waiting...
demo.pcm not found, waiting...
demo.pcm not found, waiting...
demo.pcm not found, waiting...
demo.pcm not found, waiting...
demo.pcm not found, waiting...
demo.pcm not found, waiting...
demo.pcm not found, waiting...
demo.pcm not found, waiting...
demo.pcm not found, waiting...
demo.pcm not found, waiting...
demo.pcm not found, waiting...
demo.pcm not found, waiting...
demo.pcm not found, waiting...
demo.pcm not found, waiting...
demo.pcm not found, waiting...
demo.pcm not found, waiting...
demo.pcm not found, waiting...
demo.pcm not found, waiting...
demo.pcm not found, waiting...
demo.pcm not found, waiting...
demo.pcm not found, waiting...
demo.pcm not found, waiting...
demo.pcm not found, waiting...
demo.pcm not found, waiting...
demo.pcm not found, waiting...
demo.pcm not found, waiting...
demo.pcm not found, waiting...
demo.pcm not found, waiting...
demo.pcm not found, waiting...
demo.pcm not found, waiting...
demo.pcm not found, waiting...
demo.pcm not found, waiting...
demo.pcm not found, waiting...
demo.pcm not found, waiting...
demo.pcm not found, waiting...
demo.pcm not found, waiting...
demo.pcm not found, waiting...
demo.pcm not found, waiting...
demo.pcm not found, waiting...
demo.pcm not found, waiting...
demo.pcm not found, waiting...
demo.pcm not found, waiting...
demo.pcm not found, waiting...
demo.pcm not found, waiting...
demo.pcm not found, waiting...
demo.pcm not found, waiting...
demo.pcm not found, waiting...
demo.pcm not found, waiting...
demo.pcm not found, waiting...
demo.pcm not found, waiting...
demo.pcm not found, waiting...
demo.pcm not found, waiting...
demo.pcm not found, waiting...
demo.pcm not found, waiting...
demo.pcm not found, waiting...
demo.pcm not found, waiting...
demo.pcm not found, waiting...
demo.pcm not found, waiting...
demo.pcm not found, waiting...
demo.pcm not found, waiting...
demo.pcm not found, waiting...
demo.pcm not found, waiting...
demo.pcm not found, waiting...
demo.pcm not found, waiting...
demo.pcm not found, waiting...
demo.pcm not found, waiting...
demo.pcm not found, waiting...
demo.pcm not found, waiting...
demo.pcm not found, waiting...
demo.pcm not found, waiting...
demo.pcm not found, waiting...
demo.pcm not found, waiting...
demo.pcm not found, waiting...
demo.pcm not found, waiting...
demo.pcm not found, waiting...
demo.pcm not found, waiting...
demo.pcm not found, waiting...
demo.pcm not found, waiting...
demo.pcm not found, waiting...
demo.pcm not found, waiting...
demo.pcm not found, waiting...
demo.pcm not found, waiting...
demo.pcm not found, waiting...
demo.pcm not found, waiting...
demo.pcm not found, waiting...
demo.pcm not found, waiting...
demo.pcm not found, waiting...
demo.pcm not found, waiting...
demo.pcm not found, waiting...
demo.pcm not found, waiting...
demo.pcm not found, waiting...
demo.pcm not found, waiting...
demo.pcm not found, waiting...
demo.pcm not found, waiting...
demo.pcm not found, waiting...
demo.pcm not found, waiting...
demo.pcm not found, waiting...
demo.pcm not found, waiting...
demo.pcm not found, waiting...
demo.pcm not found, waiting...
demo.pcm not found, waiting...
demo.pcm not found, waiting...
demo.pcm not found, waiting...
demo.pcm not found, waiting...
demo.pcm not found, waiting...
demo.pcm not found, waiting...
demo.pcm not found, waiting...
demo.pcm not found, waiting...
demo.pcm not found, waiting...
demo.pcm not found, waiting...
demo.pcm not found, waiting...
demo.pcm not found, waiting...
demo.pcm not found, waiting...
demo.pcm not found, waiting...
demo.pcm not found, waiting...
demo.pcm not found, waiting...
demo.pcm not found, waiting...
demo.pcm not found, waiting...
demo.pcm not found, waiting...
demo.pcm not found, waiting...
demo.pcm not found, waiting...
demo.pcm not found, waiting...
demo.pcm not found, waiting...
demo.pcm not found, waiting...
demo.pcm not found, waiting...
demo.pcm not found, waiting...
demo.pcm not found, waiting...
demo.pcm not found, waiting...
demo.pcm not found, waiting...
demo.pcm not found, waiting...
demo.pcm not found, waiting...
demo.pcm not found, waiting...
demo.pcm not found, waiting...
demo.pcm not found, waiting...
demo.pcm not found, waiting...
demo.pcm not found, waiting...
demo.pcm not found, waiting...
demo.pcm not found, waiting...
demo.pcm not found, waiting...
demo.pcm not found, waiting...
demo.pcm not found, waiting...
demo.pcm not found, waiting...
demo.pcm not found, waiting...
demo.pcm not found, waiting...
demo.pcm not found, waiting...
demo.pcm not found, waiting...
demo.pcm not found, waiting...
demo.pcm not found, waiting...
demo.pcm not found, waiting...
demo.pcm not found, waiting...
demo.pcm not found, waiting...
demo.pcm not found, waiting...
demo.pcm not found, waiting...
demo.pcm not found, waiting...
demo.pcm not found, waiting...
demo.pcm not found, waiting...
demo.pcm not found, waiting...
demo.pcm not found, waiting...
demo.pcm not found, waiting...
demo.pcm not found, waiting...
demo.pcm not found, waiting...
demo.pcm not found, waiting...
demo.pcm not found, waiting...
demo.pcm not found, waiting...
demo.pcm not found, waiting...
demo.pcm not found, waiting...
demo.pcm not found, waiting...
demo.pcm not found, waiting...
demo.pcm not found, waiting...
demo.pcm not found, waiting...
demo.pcm not found, waiting...
demo.pcm not found, waiting...
demo.pcm not found, waiting...
demo.pcm not found, waiting...
demo.pcm not found, waiting...
demo.pcm not found, waiting...
demo.pcm not found, waiting...
demo.pcm not found, waiting...
demo.pcm not found, waiting...
demo.pcm not found, waiting...
demo.pcm not found, waiting...
demo.pcm not found, waiting...
demo.pcm not found, waiting...
demo.pcm not found, waiting...
demo.pcm not found, waiting...
demo.pcm not found, waiting...
demo.pcm not found, waiting...
demo.pcm not found, waiting...
demo.pcm not found, waiting...
demo.pcm not found, waiting...
demo.pcm not found, waiting...
demo.pcm not found, waiting...
demo.pcm not found, waiting...
demo.pcm not found, waiting...
demo.pcm not found, waiting...
demo.pcm not found, waiting...
demo.pcm not found, waiting...
demo.pcm not found, waiting...
demo.pcm not found, waiting...
demo.pcm not found, waiting...
demo.pcm not found, waiting...
demo.pcm not found, waiting...
demo.pcm not found, waiting...
demo.pcm not found, waiting...
demo.pcm not found, waiting...
demo.pcm not found, waiting...
demo.pcm not found, waiting...
demo.pcm not found, waiting...
demo.pcm not found, waiting...
demo.pcm not found, waiting...
demo.pcm not found, waiting...
demo.pcm not found, waiting...
demo.pcm not found, waiting...
demo.pcm not found, waiting...
demo.pcm not found, waiting...
demo.pcm not found, waiting...
demo.pcm not found, waiting...
demo.pcm not found, waiting...
demo.pcm not found, waiting...
demo.pcm not found, waiting...
demo.pcm not found, waiting...
demo.pcm not found, waiting...
demo.pcm not found, waiting...
demo.pcm not found, waiting...
demo.pcm not found, waiting...
demo.pcm not found, waiting...
demo.pcm not found, waiting...
demo.pcm not found, waiting...
demo.pcm not found, waiting...
demo.pcm not found, waiting...
demo.pcm not found, waiting...
demo.pcm not found, waiting...
demo.pcm not found, waiting...
demo.pcm not found, waiting...
demo.pcm not found, waiting...
demo.pcm not found, waiting...
demo.pcm not found, waiting...
demo.pcm not found, waiting...
demo.pcm not found, waiting...
demo.pcm not found, waiting...
demo.pcm not found, waiting...
demo.pcm not found, waiting...
demo.pcm not found, waiting...
demo.pcm not found, waiting...
demo.pcm not found, waiting...
demo.pcm not found, waiting...
demo.pcm not found, waiting...
demo.pcm not found, waiting...
demo.pcm not found, waiting...
demo.pcm not found, waiting...
demo.pcm not found, waiting...
demo.pcm not found, waiting...
demo.pcm not found, waiting...
demo.pcm not found, waiting...
demo.pcm not found, waiting...
demo.pcm not found, waiting...
demo.pcm not found, waiting...
demo.pcm not found, waiting...
demo.pcm not found, waiting...
demo.pcm not found, waiting...
demo.pcm not found, waiting...
demo.pcm not found, waiting...
demo.pcm not found, waiting...
demo.pcm not found, waiting...
demo.pcm not found, waiting...
demo.pcm not found, waiting...
demo.pcm not found, waiting...
demo.pcm not found, waiting...
demo.pcm not found, waiting...
demo.pcm not found, waiting...
demo.pcm not found, waiting...
demo.pcm not found, waiting...
demo.pcm not found, waiting...
demo.pcm not found, waiting...
demo.pcm not found, waiting...
demo.pcm not found, waiting...
demo.pcm not found, waiting...
demo.pcm not found, waiting...
demo.pcm not found, waiting...
demo.pcm not found, waiting...
demo.pcm not found, waiting...
demo.pcm not found, waiting...
demo.pcm not found, waiting...
demo.pcm not found, waiting...
demo.pcm not found, waiting...
demo.pcm not found, waiting...
demo.pcm not found, waiting...
demo.pcm not found, waiting...
demo.pcm not found, waiting...
demo.pcm not found, waiting...
demo.pcm not found, waiting...
demo.pcm not found, waiting...
demo.pcm not found, waiting...
demo.pcm not found, waiting...
demo.pcm not found, waiting...
demo.pcm not found, waiting...
demo.pcm not found, waiting...
demo.pcm not found, waiting...
demo.pcm not found, waiting...
demo.pcm not found, waiting...
demo.pcm not found, waiting...
demo.pcm not found, waiting...
demo.pcm not found, waiting...
demo.pcm not found, waiting...
demo.pcm not found, waiting...
demo.pcm not found, waiting...
demo.pcm not found, waiting...
demo.pcm not found, waiting...
demo.pcm not found, waiting...
demo.pcm not found, waiting...
demo.pcm not found, waiting...
demo.pcm not found, waiting...
demo.pcm not found, waiting...
demo.pcm not found, waiting...
demo.pcm not found, waiting...
demo.pcm not found, waiting...
demo.pcm not found, waiting...
demo.pcm not found, waiting...
demo.pcm not found, waiting...
demo.pcm not found, waiting...
demo.pcm not found, waiting...
demo.pcm not found, waiting...
demo.pcm not found, waiting...
demo.pcm not found, waiting...
demo.pcm not found, waiting...
demo.pcm not found, waiting...
demo.pcm not found, waiting...
demo.pcm not found, waiting...
demo.pcm not found, waiting...
demo.pcm not found, waiting...
demo.pcm not found, waiting...
demo.pcm not found, waiting...
demo.pcm not found, waiting...
demo.pcm not found, waiting...
demo.pcm not found, waiting...
demo.pcm not found, waiting...
demo.pcm not found, waiting...
demo.pcm not found, waiting...
demo.pcm not found, waiting...
demo.pcm not found, waiting...
demo.pcm not found, waiting...
demo.pcm not found, waiting...
demo.pcm not found, waiting...
demo.pcm not found, waiting...
demo.pcm not found, waiting...
demo.pcm not found, waiting...
demo.pcm not found, waiting...
demo.pcm not found, waiting...
demo.pcm not found, waiting...
demo.pcm not found, waiting...
demo.pcm not found, waiting...
demo.pcm not found, waiting...
demo.pcm not found, waiting...
demo.pcm not found, waiting...
demo.pcm not found, waiting...
demo.pcm not found, waiting...
demo.pcm not found, waiting...
demo.pcm not found, waiting...
demo.pcm not found, waiting...
demo.pcm not found, waiting...
demo.pcm not found, waiting...
demo.pcm not found, waiting...
demo.pcm not found, waiting...
demo.pcm not found, waiting...
demo.pcm not found, waiting...
demo.pcm not found, waiting...
demo.pcm not found, waiting...
demo.pcm not found, waiting...
demo.pcm not found, waiting...
demo.pcm not found, waiting...
demo.pcm not found, waiting...
demo.pcm not found, waiting...
demo.pcm not found, waiting...
demo.pcm not found, waiting...
demo.pcm not found, waiting...
demo.pcm not found, waiting...
demo.pcm not found, waiting...
demo.pcm not found, waiting...
demo.pcm not found, waiting...
demo.pcm not found, waiting...
demo.pcm not found, waiting...
demo.pcm not found, waiting...
demo.pcm not found, waiting...
demo.pcm not found, waiting...
demo.pcm not found, waiting...
demo.pcm not found, waiting...
demo.pcm not found, waiting...
demo.pcm not found, waiting...
demo.pcm not found, waiting...
demo.pcm not found, waiting...
demo.pcm not found, waiting...
demo.pcm not found, waiting...
demo.pcm not found, waiting...
demo.pcm not found, waiting...
demo.pcm not found, waiting...
demo.pcm not found, waiting...
demo.pcm not found, waiting...
demo.pcm not found, waiting...
demo.pcm not found, waiting...
demo.pcm not found, waiting...
demo.pcm not found, waiting...
demo.pcm not found, waiting...
demo.pcm not found, waiting...
demo.pcm not found, waiting...
demo.pcm not found, waiting...
demo.pcm not found, waiting...
demo.pcm not found, waiting...
demo.pcm not found, waiting...
demo.pcm not found, waiting...
demo.pcm not found, waiting...
demo.pcm not found, waiting...
demo.pcm not found, waiting...
demo.pcm not found, waiting...
demo.pcm not found, waiting...
demo.pcm not found, waiting...
demo.pcm not found, waiting...
demo.pcm not found, waiting...
demo.pcm not found, waiting...
demo.pcm not found, waiting...
demo.pcm not found, waiting...
demo.pcm not found, waiting...
demo.pcm not found, waiting...
demo.pcm not found, waiting...
demo.pcm not found, waiting...
demo.pcm not found, waiting...
demo.pcm not found, waiting...
demo.pcm not found, waiting...
demo.pcm not found, waiting...
demo.pcm not found, waiting...
demo.pcm not found, waiting...
demo.pcm not found, waiting...
demo.pcm not found, waiting...
demo.pcm not found, waiting...
demo.pcm not found, waiting...
demo.pcm not found, waiting...
demo.pcm not found, waiting...
demo.pcm not found, waiting...
demo.pcm not found, waiting...
demo.pcm not found, waiting...
demo.pcm not found, waiting...
demo.pcm not found, waiting...
demo.pcm not found, waiting...
demo.pcm not found, waiting...
demo.pcm not found, waiting...
demo.pcm not found, waiting...
demo.pcm not found, waiting...
demo.pcm not found, waiting...
demo.pcm not found, waiting...
demo.pcm not found, waiting...
demo.pcm not found, waiting...
demo.pcm not found, waiting...
demo.pcm not found, waiting...
demo.pcm not found, waiting...
demo.pcm not found, waiting...
demo.pcm not found, waiting...
demo.pcm not found, waiting...
demo.pcm not found, waiting...
demo.pcm not found, waiting...
demo.pcm not found, waiting...
demo.pcm not found, waiting...
demo.pcm not found, waiting...
demo.pcm not found, waiting...
demo.pcm not found, waiting...
demo.pcm not found, waiting...
demo.pcm not found, waiting...
demo.pcm not found, waiting...
demo.pcm not found, waiting...
demo.pcm not found, waiting...
demo.pcm not found, waiting...
demo.pcm not found, waiting...
demo.pcm not found, waiting...
demo.pcm not found, waiting...
demo.pcm not found, waiting...
demo.pcm not found, waiting...
demo.pcm not found, waiting...
demo.pcm not found, waiting...
demo.pcm not found, waiting...
demo.pcm not found, waiting...
demo.pcm not found, waiting...
demo.pcm not found, waiting...
demo.pcm not found, waiting...
demo.pcm not found, waiting...
demo.pcm not found, waiting...
demo.pcm not found, waiting...
demo.pcm not found, waiting...
demo.pcm not found, waiting...
demo.pcm not found, waiting...
demo.pcm not found, waiting...
demo.pcm not found, waiting...
demo.pcm not found, waiting...
demo.pcm not found, waiting...
demo.pcm not found, waiting...
demo.pcm not found, waiting...
demo.pcm not found, waiting...
demo.pcm not found, waiting...
demo.pcm not found, waiting...
demo.pcm not found, waiting...
demo.pcm not found, waiting...
demo.pcm not found, waiting...
demo.pcm not found, waiting...
demo.pcm not found, waiting...
demo.pcm not found, waiting...
demo.pcm not found, waiting...
demo.pcm not found, waiting...
demo.pcm not found, waiting...
demo.pcm not found, waiting...
demo.pcm not found, waiting...
demo.pcm not found, waiting...
demo.pcm not found, waiting...
demo.pcm not found, waiting...
demo.pcm not found, waiting...
demo.pcm not found, waiting...
demo.pcm not found, waiting...
demo.pcm not found, waiting...
demo.pcm not found, waiting...
demo.pcm not found, waiting...
demo.pcm not found, waiting...
demo.pcm not found, waiting...
demo.pcm not found, waiting...
demo.pcm not found, waiting...
demo.pcm not found, waiting...
demo.pcm not found, waiting...
demo.pcm not found, waiting...
demo.pcm not found, waiting...
demo.pcm not found, waiting...
demo.pcm not found, waiting...
demo.pcm not found, waiting...
demo.pcm not found, waiting...
demo.pcm not found, waiting...
demo.pcm not found, waiting...
demo.pcm not found, waiting...
demo.pcm not found, waiting...
demo.pcm not found, waiting...
demo.pcm not found, waiting...
demo.pcm not found, waiting...
demo.pcm not found, waiting...
demo.pcm not found, waiting...
demo.pcm not found, waiting...
demo.pcm not found, waiting...
demo.pcm not found, waiting...
demo.pcm not found, waiting...
demo.pcm not found, waiting...
demo.pcm not found, waiting...
demo.pcm not found, waiting...
demo.pcm not found, waiting...
demo.pcm not found, waiting...
demo.pcm not found, waiting...
demo.pcm not found, waiting...
demo.pcm not found, waiting...
demo.pcm not found, waiting...
demo.pcm not found, waiting...
demo.pcm not found, waiting...
demo.pcm not found, waiting...
demo.pcm not found, waiting...
demo.pcm not found, waiting...
demo.pcm not found, waiting...
demo.pcm not found, waiting...
demo.pcm not found, waiting...
demo.pcm not found, waiting...
demo.pcm not found, waiting...
demo.pcm not found, waiting...
demo.pcm not found, waiting...
demo.pcm not found, waiting...
demo.pcm not found, waiting...
demo.pcm not found, waiting...
demo.pcm not found, waiting...
demo.pcm not found, waiting...
demo.pcm not found, waiting...
demo.pcm not found, waiting...
demo.pcm not found, waiting...
demo.pcm not found, waiting...
demo.pcm not found, waiting...
demo.pcm not found, waiting...
demo.pcm not found, waiting...
demo.pcm not found, waiting...
demo.pcm not found, waiting...
demo.pcm not found, waiting...
demo.pcm not found, waiting...
demo.pcm not found, waiting...
demo.pcm not found, waiting...
demo.pcm not found, waiting...
demo.pcm not found, waiting...
demo.pcm not found, waiting...
demo.pcm not found, waiting...
demo.pcm not found, waiting...
demo.pcm not found, waiting...
demo.pcm not found, waiting...
demo.pcm not found, waiting...
demo.pcm not found, waiting...
demo.pcm not found, waiting...
demo.pcm not found, waiting...
demo.pcm not found, waiting...
demo.pcm not found, waiting...
demo.pcm not found, waiting...
demo.pcm not found, waiting...
demo.pcm not found, waiting...
demo.pcm not found, waiting...
demo.pcm not found, waiting...
demo.pcm not found, waiting...
demo.pcm not found, waiting...
demo.pcm not found, waiting...
demo.pcm not found, waiting...
demo.pcm not found, waiting...
demo.pcm not found, waiting...
demo.pcm not found, waiting...
demo.pcm not found, waiting...
demo.pcm not found, waiting...
demo.pcm not found, waiting...
demo.pcm not found, waiting...
demo.pcm not found, waiting...
demo.pcm not found, waiting...
demo.pcm not found, waiting...
demo.pcm not found, waiting...
demo.pcm not found, waiting...
demo.pcm not found, waiting...
demo.pcm not found, waiting...
demo.pcm not found, waiting...
demo.pcm not found, waiting...
demo.pcm not found, waiting...
demo.pcm not found, waiting...
demo.pcm not found, waiting...
demo.pcm not found, waiting...
demo.pcm not found, waiting...
demo.pcm not found, waiting...
demo.pcm not found, waiting...
demo.pcm not found, waiting...
demo.pcm not found, waiting...
demo.pcm not found, waiting...
demo.pcm not found, waiting...
demo.pcm not found, waiting...
demo.pcm not found, waiting...
demo.pcm not found, waiting...
demo.pcm not found, waiting...
demo.pcm not found, waiting...
demo.pcm not found, waiting...
demo.pcm not found, waiting...
demo.pcm not found, waiting...
demo.pcm not found, waiting...
demo.pcm not found, waiting...
demo.pcm not found, waiting...
demo.pcm not found, waiting...
demo.pcm not found, waiting...
demo.pcm not found, waiting...
demo.pcm not found, waiting...
demo.pcm not found, waiting...
demo.pcm not found, waiting...
demo.pcm not found, waiting...
demo.pcm not found, waiting...
demo.pcm not found, waiting...
demo.pcm not found, waiting...
demo.pcm not found, waiting...
demo.pcm not found, waiting...
demo.pcm not found, waiting...
demo.pcm not found, waiting...
demo.pcm not found, waiting...
demo.pcm not found, waiting...
demo.pcm not found, waiting...
demo.pcm not found, waiting...
demo.pcm not found, waiting...
demo.pcm not found, waiting...
demo.pcm not found, waiting...
demo.pcm not found, waiting...
demo.pcm not found, waiting...
demo.pcm not found, waiting...
demo.pcm not found, waiting...
demo.pcm not found, waiting...
demo.pcm not found, waiting...
demo.pcm not found, waiting...
demo.pcm not found, waiting...
demo.pcm not found, waiting...
demo.pcm not found, waiting...
demo.pcm not found, waiting...
demo.pcm not found, waiting...
demo.pcm not found, waiting...
demo.pcm not found, waiting...
demo.pcm not found, waiting...
demo.pcm not found, waiting...
demo.pcm not found, waiting...
demo.pcm not found, waiting...
demo.pcm not found, waiting...
demo.pcm not found, waiting...
demo.pcm not found, waiting...
demo.pcm not found, waiting...
demo.pcm not found, waiting...
demo.pcm not found, waiting...
demo.pcm not found, waiting...
demo.pcm not found, waiting...
demo.pcm not found, waiting...
demo.pcm not found, waiting...
demo.pcm not found, waiting...
demo.pcm not found, waiting...
demo.pcm not found, waiting...
demo.pcm not found, waiting...
demo.pcm not found, waiting...
demo.pcm not found, waiting...
demo.pcm not found, waiting...
demo.pcm not found, waiting...
demo.pcm not found, waiting...
demo.pcm not found, waiting...
demo.pcm not found, waiting...
demo.pcm not found, waiting...
demo.pcm not found, waiting...
demo.pcm not found, waiting...
demo.pcm not found, waiting...
demo.pcm not found, waiting...
demo.pcm not found, waiting...
demo.pcm not found, waiting...
demo.pcm not found, waiting...
demo.pcm not found, waiting...
demo.pcm not found, waiting...
demo.pcm not found, waiting...
demo.pcm not found, waiting...
demo.pcm not found, waiting...
demo.pcm not found, waiting...
demo.pcm not found, waiting...
demo.pcm not found, waiting...
demo.pcm not found, waiting...
demo.pcm not found, waiting...
demo.pcm not found, waiting...
demo.pcm not found, waiting...
demo.pcm not found, waiting...
demo.pcm not found, waiting...
demo.pcm not found, waiting...
demo.pcm not found, waiting...
demo.pcm not found, waiting...
demo.pcm not found, waiting...
demo.pcm not found, waiting...
demo.pcm not found, waiting...
demo.pcm not found, waiting...
demo.pcm not found, waiting...
demo.pcm not found, waiting...
demo.pcm not found, waiting...
demo.pcm not found, waiting...
demo.pcm not found, waiting...
demo.pcm not found, waiting...
demo.pcm not found, waiting...
demo.pcm not found, waiting...
demo.pcm not found, waiting...
demo.pcm not found, waiting...
demo.pcm not found, waiting...
demo.pcm not found, waiting...
demo.pcm not found, waiting...
demo.pcm not found, waiting...
demo.pcm not found, waiting...
demo.pcm not found, waiting...
demo.pcm not found, waiting...
demo.pcm not found, waiting...
demo.pcm not found, waiting...
demo.pcm not found, waiting...
demo.pcm not found, waiting...
demo.pcm not found, waiting...
demo.pcm not found, waiting...
demo.pcm not found, waiting...
demo.pcm not found, waiting...
demo.pcm not found, waiting...
demo.pcm not found, waiting...
demo.pcm not found, waiting...
demo.pcm not found, waiting...
demo.pcm not found, waiting...
demo.pcm not found, waiting...
demo.pcm not found, waiting...
demo.pcm not found, waiting...
demo.pcm not found, waiting...
demo.pcm not found, waiting...
demo.pcm not found, waiting...
demo.pcm not found, waiting...
demo.pcm not found, waiting...
demo.pcm not found, waiting...
demo.pcm not found, waiting...
demo.pcm not found, waiting...
demo.pcm not found, waiting...
demo.pcm not found, waiting...
demo.pcm not found, waiting...
demo.pcm not found, waiting...
demo.pcm not found, waiting...
demo.pcm not found, waiting...
demo.pcm not found, waiting...
demo.pcm not found, waiting...
demo.pcm not found, waiting...
demo.pcm not found, waiting...
demo.pcm not found, waiting...
demo.pcm not found, waiting...
demo.pcm not found, waiting...
demo.pcm not found, waiting...
demo.pcm not found, waiting...
demo.pcm not found, waiting...
demo.pcm not found, waiting...
demo.pcm not found, waiting...
demo.pcm not found, waiting...
demo.pcm not found, waiting...
demo.pcm not found, waiting...
demo.pcm not found, waiting...
demo.pcm not found, waiting...
demo.pcm not found, waiting...
demo.pcm not found, waiting...
demo.pcm not found, waiting...
demo.pcm not found, waiting...
demo.pcm not found, waiting...
demo.pcm not found, waiting...
demo.pcm not found, waiting...
demo.pcm not found, waiting...
demo.pcm not found, waiting...
demo.pcm not found, waiting...
demo.pcm not found, waiting...
demo.pcm not found, waiting...
demo.pcm not found, waiting...
demo.pcm not found, waiting...
demo.pcm not found, waiting...
demo.pcm not found, waiting...
demo.pcm not found, waiting...
demo.pcm not found, waiting...
demo.pcm not found, waiting...
demo.pcm not found, waiting...
demo.pcm not found, waiting...
demo.pcm not found, waiting...
demo.pcm not found, waiting...
demo.pcm not found, waiting...
demo.pcm not found, waiting...
demo.pcm not found, waiting...
demo.pcm not found, waiting...
demo.pcm not found, waiting...
demo.pcm not found, waiting...
demo.pcm not found, waiting...
demo.pcm not found, waiting...
demo.pcm not found, waiting...
demo.pcm not found, waiting...
demo.pcm not found, waiting...
demo.pcm not found, waiting...
demo.pcm not found, waiting...
demo.pcm not found, waiting...
demo.pcm not found, waiting...
demo.pcm not found, waiting...
demo.pcm not found, waiting...
demo.pcm not found, waiting...
demo.pcm not found, waiting...
demo.pcm not found, waiting...
demo.pcm not found, waiting...
demo.pcm not found, waiting...
demo.pcm not found, waiting...
demo.pcm not found, waiting...
demo.pcm not found, waiting...
demo.pcm not found, waiting...
demo.pcm not found, waiting...
demo.pcm not found, waiting...
demo.pcm not found, waiting...
demo.pcm not found, waiting...
demo.pcm not found, waiting...
demo.pcm not found, waiting...
demo.pcm not found, waiting...
demo.pcm not found, waiting...
demo.pcm not found, waiting...
demo.pcm not found, waiting...
demo.pcm not found, waiting...
demo.pcm not found, waiting...
demo.pcm not found, waiting...
demo.pcm not found, waiting...
demo.pcm not found, waiting...
demo.pcm not found, waiting...
demo.pcm not found, waiting...
demo.pcm not found, waiting...
demo.pcm not found, waiting...
demo.pcm not found, waiting...
demo.pcm not found, waiting...
demo.pcm not found, waiting...
demo.pcm not found, waiting...
demo.pcm not found, waiting...
demo.pcm not found, waiting...
demo.pcm not found, waiting...
demo.pcm not found, waiting...
demo.pcm not found, waiting...
demo.pcm not found, waiting...
demo.pcm not found, waiting...
demo.pcm not found, waiting...
demo.pcm not found, waiting...
demo.pcm not found, waiting...
demo.pcm not found, waiting...
demo.pcm not found, waiting...
demo.pcm not found, waiting...
demo.pcm not found, waiting...
demo.pcm not found, waiting...
demo.pcm not found, waiting...
demo.pcm not found, waiting...
demo.pcm not found, waiting...
demo.pcm not found, waiting...
demo.pcm not found, waiting...
demo.pcm not found, waiting...
demo.pcm not found, waiting...
demo.pcm not found, waiting...
demo.pcm not found, waiting...
demo.pcm not found, waiting...
demo.pcm not found, waiting...
demo.pcm not found, waiting...
demo.pcm not found, waiting...
demo.pcm not found, waiting...
demo.pcm not found, waiting...
demo.pcm not found, waiting...
demo.pcm not found, waiting...
demo.pcm not found, waiting...
demo.pcm not found, waiting...
demo.pcm not found, waiting...
demo.pcm not found, waiting...
demo.pcm not found, waiting...
demo.pcm not found, waiting...
demo.pcm not found, waiting...
demo.pcm not found, waiting...
demo.pcm not found, waiting...
demo.pcm not found, waiting...
demo.pcm not found, waiting...
demo.pcm not found, waiting...
demo.pcm not found, waiting...
demo.pcm not found, waiting...
demo.pcm not found, waiting...
demo.pcm not found, waiting...
demo.pcm not found, waiting...
demo.pcm not found, waiting...
demo.pcm not found, waiting...
demo.pcm not found, waiting...
demo.pcm not found, waiting...
demo.pcm not found, waiting...
demo.pcm not found, waiting...
demo.pcm not found, waiting...
demo.pcm not found, waiting...
demo.pcm not found, waiting...
demo.pcm not found, waiting...
demo.pcm not found, waiting...
demo.pcm not found, waiting...
demo.pcm not found, waiting...
demo.pcm not found, waiting...
demo.pcm not found, waiting...
demo.pcm not found, waiting...
demo.pcm not found, waiting...
demo.pcm not found, waiting...
demo.pcm not found, waiting...
demo.pcm not found, waiting...
demo.pcm not found, waiting...
demo.pcm not found, waiting...
demo.pcm not found, waiting...
demo.pcm not found, waiting...
demo.pcm not found, waiting...
demo.pcm not found, waiting...
demo.pcm not found, waiting...
demo.pcm not found, waiting...
demo.pcm not found, waiting...
demo.pcm not found, waiting...
demo.pcm not found, waiting...
demo.pcm not found, waiting...
demo.pcm not found, waiting...
demo.pcm not found, waiting...
demo.pcm not found, waiting...
demo.pcm not found, waiting...
demo.pcm not found, waiting...
demo.pcm not found, waiting...
demo.pcm not found, waiting...
demo.pcm not found, waiting...
demo.pcm not found, waiting...
demo.pcm not found, waiting...
demo.pcm not found, waiting...
demo.pcm not found, waiting...
demo.pcm not found, waiting...
demo.pcm not found, waiting...
demo.pcm not found, waiting...
demo.pcm not found, waiting...
demo.pcm not found, waiting...
demo.pcm not found, waiting...
demo.pcm not found, waiting...
demo.pcm not found, waiting...
demo.pcm not found, waiting...
demo.pcm not found, waiting...
demo.pcm not found, waiting...
demo.pcm not found, waiting...
demo.pcm not found, waiting...
demo.pcm not found, waiting...
demo.pcm not found, waiting...
demo.pcm not found, waiting...
demo.pcm not found, waiting...
demo.pcm not found, waiting...
demo.pcm not found, waiting...
demo.pcm not found, waiting...
demo.pcm not found, waiting...
demo.pcm not found, waiting...
demo.pcm not found, waiting...
demo.pcm not found, waiting...
demo.pcm not found, waiting...
demo.pcm not found, waiting...
demo.pcm not found, waiting...
demo.pcm not found, waiting...
demo.pcm not found, waiting...
demo.pcm not found, waiting...
demo.pcm not found, waiting...
demo.pcm not found, waiting...
demo.pcm not found, waiting...
demo.pcm not found, waiting...
demo.pcm not found, waiting...
demo.pcm not found, waiting...
demo.pcm not found, waiting...
demo.pcm not found, waiting...
demo.pcm not found, waiting...
demo.pcm not found, waiting...
demo.pcm not found, waiting...
demo.pcm not found, waiting...
demo.pcm not found, waiting...
demo.pcm not found, waiting...
demo.pcm not found, waiting...
demo.pcm not found, waiting...
demo.pcm not found, waiting...
demo.pcm not found, waiting...
demo.pcm not found, waiting...
demo.pcm not found, waiting...
demo.pcm not found, waiting...
demo.pcm not found, waiting...
demo.pcm not found, waiting...
demo.pcm not found, waiting...
demo.pcm not found, waiting...
demo.pcm not found, waiting...
demo.pcm not found, waiting...
demo.pcm not found, waiting...
demo.pcm not found, waiting...
demo.pcm not found, waiting...
demo.pcm not found, waiting...
demo.pcm not found, waiting...
demo.pcm not found, waiting...
demo.pcm not found, waiting...
demo.pcm not found, waiting...
demo.pcm not found, waiting...
demo.pcm not found, waiting...
demo.pcm not found, waiting...
demo.pcm not found, waiting...
demo.pcm not found, waiting...
demo.pcm not found, waiting...
demo.pcm not found, waiting...
demo.pcm not found, waiting...
demo.pcm not found, waiting...
demo.pcm not found, waiting...
demo.pcm not found, waiting...
demo.pcm not found, waiting...
demo.pcm not found, waiting...
demo.pcm not found, waiting...
demo.pcm not found, waiting...
demo.pcm not found, waiting...
demo.pcm not found, waiting...
demo.pcm not found, waiting...
demo.pcm not found, waiting...
demo.pcm not found, waiting...
demo.pcm not found, waiting...
demo.pcm not found, waiting...
demo.pcm not found, waiting...
demo.pcm not found, waiting...
demo.pcm not found, waiting...
demo.pcm not found, waiting...
demo.pcm not found, waiting...
demo.pcm not found, waiting...
demo.pcm not found, waiting...
demo.pcm not found, waiting...
demo.pcm not found, waiting...
demo.pcm not found, waiting...
demo.pcm not found, waiting...
demo.pcm not found, waiting...
demo.pcm not found, waiting...
demo.pcm not found, waiting...
demo.pcm not found, waiting...
demo.pcm not found, waiting...
demo.pcm not found, waiting...
demo.pcm not found, waiting...
demo.pcm not found, waiting...
demo.pcm not found, waiting...
demo.pcm not found, waiting...
demo.pcm not found, waiting...
demo.pcm not found, waiting...
demo.pcm not found, waiting...
demo.pcm not found, waiting...
demo.pcm not found, waiting...
demo.pcm not found, waiting...
demo.pcm not found, waiting...
demo.pcm not found, waiting...
demo.pcm not found, waiting...
demo.pcm not found, waiting...
demo.pcm not found, waiting...
demo.pcm not found, waiting...
demo.pcm not found, waiting...
demo.pcm not found, waiting...
demo.pcm not found, waiting...
demo.pcm not found, waiting...
demo.pcm not found, waiting...
demo.pcm not found, waiting...
demo.pcm not found, waiting...
demo.pcm not found, waiting...
demo.pcm not found, waiting...
demo.pcm not found, waiting...
demo.pcm not found, waiting...
demo.pcm not found, waiting...
demo.pcm not found, waiting...
demo.pcm not found, waiting...
demo.pcm not found, waiting...
demo.pcm not found, waiting...
demo.pcm not found, waiting...
demo.pcm not found, waiting...
demo.pcm not found, waiting...
demo.pcm not found, waiting...
demo.pcm not found, waiting...
demo.pcm not found, waiting...
demo.pcm not found, waiting...
demo.pcm not found, waiting...
demo.pcm not found, waiting...
demo.pcm not found, waiting...
demo.pcm not found, waiting...
demo.pcm not found, waiting...
demo.pcm not found, waiting...
demo.pcm not found, waiting...
demo.pcm not found, waiting...
demo.pcm not found, waiting...
demo.pcm not found, waiting...
demo.pcm not found, waiting...
demo.pcm not found, waiting...
demo.pcm not found, waiting...
demo.pcm not found, waiting...
demo.pcm not found, waiting...
demo.pcm not found, waiting...
demo.pcm not found, waiting...
demo.pcm not found, waiting...
demo.pcm not found, waiting...
demo.pcm not found, waiting...
demo.pcm not found, waiting...
demo.pcm not found, waiting...
demo.pcm not found, waiting...
demo.pcm not found, waiting...
demo.pcm not found, waiting...
demo.pcm not found, waiting...
demo.pcm not found, waiting...
demo.pcm not found, waiting...
demo.pcm not found, waiting...
demo.pcm not found, waiting...
demo.pcm not found, waiting...
demo.pcm not found, waiting...
demo.pcm not found, waiting...
demo.pcm not found, waiting...
demo.pcm not found, waiting...
demo.pcm not found, waiting...
demo.pcm not found, waiting...
demo.pcm not found, waiting...
demo.pcm not found, waiting...
demo.pcm not found, waiting...
demo.pcm not found, waiting...
demo.pcm not found, waiting...
demo.pcm not found, waiting...
demo.pcm not found, waiting...
demo.pcm not found, waiting...
demo.pcm not found, waiting...
demo.pcm not found, waiting...
demo.pcm not found, waiting...
demo.pcm not found, waiting...
demo.pcm not found, waiting...
demo.pcm not found, waiting...
demo.pcm not found, waiting...
demo.pcm not found, waiting...
demo.pcm not found, waiting...
demo.pcm not found, waiting...
demo.pcm not found, waiting...
demo.pcm not found, waiting...
demo.pcm not found, waiting...
demo.pcm not found, waiting...
demo.pcm not found, waiting...
demo.pcm not found, waiting...
demo.pcm not found, waiting...
demo.pcm not found, waiting...
demo.pcm not found, waiting...
demo.pcm not found, waiting...
demo.pcm not found, waiting...
demo.pcm not found, waiting...
demo.pcm not found, waiting...
demo.pcm not found, waiting...
demo.pcm not found, waiting...
demo.pcm not found, waiting...
demo.pcm not found, waiting...
demo.pcm not found, waiting...
demo.pcm not found, waiting...
demo.pcm not found, waiting...
demo.pcm not found, waiting...
demo.pcm not found, waiting...
demo.pcm not found, waiting...
demo.pcm not found, waiting...
demo.pcm not found, waiting...
demo.pcm not found, waiting...
demo.pcm not found, waiting...
demo.pcm not found, waiting...
demo.pcm not found, waiting...
demo.pcm not found, waiting...
demo.pcm not found, waiting...
demo.pcm not found, waiting...
demo.pcm not found, waiting...
demo.pcm not found, waiting...
demo.pcm not found, waiting...
demo.pcm not found, waiting...
demo.pcm not found, waiting...
demo.pcm not found, waiting...
demo.pcm not found, waiting...
demo.pcm not found, waiting...
demo.pcm not found, waiting...
demo.pcm not found, waiting...
demo.pcm not found, waiting...
demo.pcm not found, waiting...
demo.pcm not found, waiting...
demo.pcm not found, waiting...
demo.pcm not found, waiting...
demo.pcm not found, waiting...
demo.pcm not found, waiting...
demo.pcm not found, waiting...
demo.pcm not found, waiting...
demo.pcm not found, waiting...
demo.pcm not found, waiting...
demo.pcm not found, waiting...
demo.pcm not found, waiting...
demo.pcm not found, waiting...
demo.pcm not found, waiting...
demo.pcm not found, waiting...
demo.pcm not found, waiting...
demo.pcm not found, waiting...
demo.pcm not found, waiting...
demo.pcm not found, waiting...
demo.pcm not found, waiting...
demo.pcm not found, waiting...
demo.pcm not found, waiting...
demo.pcm not found, waiting...
demo.pcm not found, waiting...
demo.pcm not found, waiting...
demo.pcm not found, waiting...
demo.pcm not found, waiting...
demo.pcm not found, waiting...
demo.pcm not found, waiting...
demo.pcm not found, waiting...
demo.pcm not found, waiting...
demo.pcm not found, waiting...
demo.pcm not found, waiting...
demo.pcm not found, waiting...
demo.pcm not found, waiting...
demo.pcm not found, waiting...
demo.pcm not found, waiting...
demo.pcm not found, waiting...
demo.pcm not found, waiting...
demo.pcm not found, waiting...
demo.pcm not found, waiting...
demo.pcm not found, waiting...
demo.pcm not found, waiting...
demo.pcm not found, waiting...
demo.pcm not found, waiting...
demo.pcm not found, waiting...
demo.pcm not found, waiting...
demo.pcm not found, waiting...
demo.pcm not found, waiting...
demo.pcm not found, waiting...
demo.pcm not found, waiting...
demo.pcm not found, waiting...
demo.pcm not found, waiting...
demo.pcm not found, waiting...
demo.pcm not found, waiting...
demo.pcm not found, waiting...
demo.pcm not found, waiting...
demo.pcm not found, waiting...
demo.pcm not found, waiting...
demo.pcm not found, waiting...
demo.pcm not found, waiting...
demo.pcm not found, waiting...
demo.pcm not found, waiting...
demo.pcm not found, waiting...
demo.pcm not found, waiting...
demo.pcm not found, waiting...
demo.pcm not found, waiting...
demo.pcm not found, waiting...
demo.pcm not found, waiting...
demo.pcm not found, waiting...
demo.pcm not found, waiting...
demo.pcm not found, waiting...
demo.pcm not found, waiting...
demo.pcm not found, waiting...
demo.pcm not found, waiting...
demo.pcm not found, waiting...
demo.pcm not found, waiting...
demo.pcm not found, waiting...
demo.pcm not found, waiting...
demo.pcm not found, waiting...
demo.pcm not found, waiting...
demo.pcm not found, waiting...
demo.pcm not found, waiting...
demo.pcm not found, waiting...
demo.pcm not found, waiting...
demo.pcm not found, waiting...
demo.pcm not found, waiting...
demo.pcm not found, waiting...
demo.pcm not found, waiting...
demo.pcm not found, waiting...
demo.pcm not found, waiting...
demo.pcm not found, waiting...
demo.pcm not found, waiting...
demo.pcm not found, waiting...
demo.pcm not found, waiting...
demo.pcm not found, waiting...
demo.pcm not found, waiting...
demo.pcm not found, waiting...
demo.pcm not found, waiting...
demo.pcm not found, waiting...
demo.pcm not found, waiting...
demo.pcm not found, waiting...
demo.pcm not found, waiting...
demo.pcm not found, waiting...
demo.pcm not found, waiting...
demo.pcm not found, waiting...
demo.pcm not found, waiting...
demo.pcm not found, waiting...
demo.pcm not found, waiting...
demo.pcm not found, waiting...
demo.pcm not found, waiting...
demo.pcm not found, waiting...
demo.pcm not found, waiting...
demo.pcm not found, waiting...
demo.pcm not found, waiting...
demo.pcm not found, waiting...
demo.pcm not found, waiting...
demo.pcm not found, waiting...
demo.pcm not found, waiting...
demo.pcm not found, waiting...
demo.pcm not found, waiting...
demo.pcm not found, waiting...
demo.pcm not found, waiting...
demo.pcm not found, waiting...
demo.pcm not found, waiting...
demo.pcm not found, waiting...
demo.pcm not found, waiting...
demo.pcm not found, waiting...
demo.pcm not found, waiting...
demo.pcm not found, waiting...
demo.pcm not found, waiting...
demo.pcm not found, waiting...
demo.pcm not found, waiting...
demo.pcm not found, waiting...
demo.pcm not found, waiting...
demo.pcm not found, waiting...
demo.pcm not found, waiting...
demo.pcm not found, waiting...
demo.pcm not found, waiting...
demo.pcm not found, waiting...
demo.pcm not found, waiting...
demo.pcm not found, waiting...
demo.pcm not found, waiting...
demo.pcm not found, waiting...
demo.pcm not found, waiting...
demo.pcm not found, waiting...
demo.pcm not found, waiting...
demo.pcm not found, waiting...
demo.pcm not found, waiting...
demo.pcm not found, waiting...
demo.pcm not found, waiting...
demo.pcm not found, waiting...
demo.pcm not found, waiting...
demo.pcm not found, waiting...
demo.pcm not found, waiting...
demo.pcm not found, waiting...
demo.pcm not found, waiting...
demo.pcm not found, waiting...
demo.pcm not found, waiting...
demo.pcm not found, waiting...
demo.pcm not found, waiting...
demo.pcm not found, waiting...
demo.pcm not found, waiting...
demo.pcm not found, waiting...
demo.pcm not found, waiting...
demo.pcm not found, waiting...
demo.pcm not found, waiting...
demo.pcm not found, waiting...
demo.pcm not found, waiting...
demo.pcm not found, waiting...
demo.pcm not found, waiting...
demo.pcm not found, waiting...
demo.pcm not found, waiting...
demo.pcm not found, waiting...
demo.pcm not found, waiting...
demo.pcm not found, waiting...
demo.pcm not found, waiting...
demo.pcm not found, waiting...
demo.pcm not found, waiting...
demo.pcm not found, waiting...
demo.pcm not found, waiting...
demo.pcm not found, waiting...
demo.pcm not found, waiting...
demo.pcm not found, waiting...
demo.pcm not found, waiting...
demo.pcm not found, waiting...
demo.pcm not found, waiting...
demo.pcm not found, waiting...
demo.pcm not found, waiting...
demo.pcm not found, waiting...
demo.pcm not found, waiting...
demo.pcm not found, waiting...
demo.pcm not found, waiting...
demo.pcm not found, waiting...
demo.pcm not found, waiting...
demo.pcm not found, waiting...
demo.pcm not found, waiting...
demo.pcm not found, waiting...
demo.pcm not found, waiting...
demo.pcm not found, waiting...
demo.pcm not found, waiting...
demo.pcm not found, waiting...
demo.pcm not found, waiting...
demo.pcm not found, waiting...
demo.pcm not found, waiting...
demo.pcm not found, waiting...
demo.pcm not found, waiting...
demo.pcm not found, waiting...
demo.pcm not found, waiting...
demo.pcm not found, waiting...
demo.pcm not found, waiting...
demo.pcm not found, waiting...
demo.pcm not found, waiting...
demo.pcm not found, waiting...
demo.pcm not found, waiting...
demo.pcm not found, waiting...
demo.pcm not found, waiting...
demo.pcm not found, waiting...
demo.pcm not found, waiting...
demo.pcm not found, waiting...
demo.pcm not found, waiting...
demo.pcm not found, waiting...
demo.pcm not found, waiting...
demo.pcm not found, waiting...
demo.pcm not found, waiting...
demo.pcm not found, waiting...
demo.pcm not found, waiting...
demo.pcm not found, waiting...
demo.pcm not found, waiting...
demo.pcm not found, waiting...
demo.pcm not found, waiting...
demo.pcm not found, waiting...
demo.pcm not found, waiting...
demo.pcm not found, waiting...
demo.pcm not found, waiting...
demo.pcm not found, waiting...
demo.pcm not found, waiting...
demo.pcm not found, waiting...
demo.pcm not found, waiting...
demo.pcm not found, waiting...
demo.pcm not found, waiting...
demo.pcm not found, waiting...
demo.pcm not found, waiting...
demo.pcm not found, waiting...
demo.pcm not found, waiting...
demo.pcm not found, waiting...
demo.pcm not found, waiting...
demo.pcm not found, waiting...
demo.pcm not found, waiting...
demo.pcm not found, waiting...
demo.pcm not found, waiting...
demo.pcm not found, waiting...
demo.pcm not found, waiting...
demo.pcm not found, waiting...
demo.pcm not found, waiting...
demo.pcm not found, waiting...
demo.pcm not found, waiting...
demo.pcm not found, waiting...
demo.pcm not found, waiting...
demo.pcm not found, waiting...
demo.pcm not found, waiting...
demo.pcm not found, waiting...
demo.pcm not found, waiting...
demo.pcm not found, waiting...
demo.pcm not found, waiting...
demo.pcm not found, waiting...
demo.pcm not found, waiting...
demo.pcm not found, waiting...
demo.pcm not found, waiting...
demo.pcm not found, waiting...
demo.pcm not found, waiting...
demo.pcm not found, waiting...
demo.pcm not found, waiting...
demo.pcm not found, waiting...
demo.pcm not found, waiting...
demo.pcm not found, waiting...
demo.pcm not found, waiting...
demo.pcm not found, waiting...
demo.pcm not found, waiting...
demo.pcm not found, waiting...
demo.pcm not found, waiting...
demo.pcm not found, waiting...
demo.pcm not found, waiting...
demo.pcm not found, waiting...
demo.pcm not found, waiting...
demo.pcm not found, waiting...
demo.pcm not found, waiting...
demo.pcm not found, waiting...
demo.pcm not found, waiting...
demo.pcm not found, waiting...
demo.pcm not found, waiting...
demo.pcm not found, waiting...
demo.pcm not found, waiting...
demo.pcm not found, waiting...
demo.pcm not found, waiting...
demo.pcm not found, waiting...
demo.pcm not found, waiting...
demo.pcm not found, waiting...
demo.pcm not found, waiting...
demo.pcm not found, waiting...
demo.pcm not found, waiting...
demo.pcm not found, waiting...
demo.pcm not found, waiting...
demo.pcm not found, waiting...
demo.pcm not found, waiting...
demo.pcm not found, waiting...
demo.pcm not found, waiting...
demo.pcm not found, waiting...
demo.pcm not found, waiting...
demo.pcm not found, waiting...
demo.pcm not found, waiting...
demo.pcm not found, waiting...
demo.pcm not found, waiting...
demo.pcm not found, waiting...
demo.pcm not found, waiting...
demo.pcm not found, waiting...
demo.pcm not found, waiting...
demo.pcm not found, waiting...
demo.pcm not found, waiting...
demo.pcm not found, waiting...
demo.pcm not found, waiting...
demo.pcm not found, waiting...
demo.pcm not found, waiting...
demo.pcm not found, waiting...
demo.pcm not found, waiting...
demo.pcm not found, waiting...
demo.pcm not found, waiting...
demo.pcm not found, waiting...
demo.pcm not found, waiting...
demo.pcm not found, waiting...
demo.pcm not found, waiting...
demo.pcm not found, waiting...
demo.pcm not found, waiting...
demo.pcm not found, waiting...
demo.pcm not found, waiting...
demo.pcm not found, waiting...
demo.pcm not found, waiting...
demo.pcm not found, waiting...
demo.pcm not found, waiting...
demo.pcm not found, waiting...
demo.pcm not found, waiting...
demo.pcm not found, waiting...
demo.pcm not found, waiting...
demo.pcm not found, waiting...
demo.pcm not found, waiting...
demo.pcm not found, waiting...
demo.pcm not found, waiting...
demo.pcm not found, waiting...
demo.pcm not found, waiting...
demo.pcm not found, waiting...
demo.pcm not found, waiting...
demo.pcm not found, waiting...
demo.pcm not found, waiting...
demo.pcm not found, waiting...
demo.pcm not found, waiting...
demo.pcm not found, waiting...
demo.pcm not found, waiting...
demo.pcm not found, waiting...
demo.pcm not found, waiting...
demo.pcm not found, waiting...
demo.pcm not found, waiting...
demo.pcm not found, waiting...
demo.pcm not found, waiting...
demo.pcm not found, waiting...
demo.pcm not found, waiting...
demo.pcm not found, waiting...
demo.pcm not found, waiting...
demo.pcm not found, waiting...
demo.pcm not found, waiting...
demo.pcm not found, waiting...
demo.pcm not found, waiting...
demo.pcm not found, waiting...
demo.pcm not found, waiting...
demo.pcm not found, waiting...
demo.pcm not found, waiting...
demo.pcm not found, waiting...
demo.pcm not found, waiting...
demo.pcm not found, waiting...
demo.pcm not found, waiting...
demo.pcm not found, waiting...
demo.pcm not found, waiting...
demo.pcm not found, waiting...
demo.pcm not found, waiting...
demo.pcm not found, waiting...
demo.pcm not found, waiting...
demo.pcm not found, waiting...
demo.pcm not found, waiting...
demo.pcm not found, waiting...
demo.pcm not found, waiting...
demo.pcm not found, waiting...
demo.pcm not found, waiting...
demo.pcm not found, waiting...
demo.pcm not found, waiting...
demo.pcm not found, waiting...
demo.pcm not found, waiting...
demo.pcm not found, waiting...
demo.pcm not found, waiting...
demo.pcm not found, waiting...
demo.pcm not found, waiting...
demo.pcm not found, waiting...
demo.pcm not found, waiting...
demo.pcm not found, waiting...
demo.pcm not found, waiting...
demo.pcm not found, waiting...
demo.pcm not found, waiting...
demo.pcm not found, waiting...
demo.pcm not found, waiting...
demo.pcm not found, waiting...
demo.pcm not found, waiting...
demo.pcm not found, waiting...
demo.pcm not found, waiting...
demo.pcm not found, waiting...
demo.pcm not found, waiting...
demo.pcm not found, waiting...
demo.pcm not found, waiting...
demo.pcm not found, waiting...
demo.pcm not found, waiting...
demo.pcm not found, waiting...
demo.pcm not found, waiting...
demo.pcm not found, waiting...
demo.pcm not found, waiting...
demo.pcm not found, waiting...
demo.pcm not found, waiting...
demo.pcm not found, waiting...
demo.pcm not found, waiting...
demo.pcm not found, waiting...
demo.pcm not found, waiting...
demo.pcm not found, waiting...
demo.pcm not found, waiting...
demo.pcm not found, waiting...
demo.pcm not found, waiting...
demo.pcm not found, waiting...
demo.pcm not found, waiting...
demo.pcm not found, waiting...
demo.pcm not found, waiting...
demo.pcm not found, waiting...
demo.pcm not found, waiting...
demo.pcm not found, waiting...
demo.pcm not found, waiting...
demo.pcm not found, waiting...
demo.pcm not found, waiting...
demo.pcm not found, waiting...
demo.pcm not found, waiting...
demo.pcm not found, waiting...
demo.pcm not found, waiting...
demo.pcm not found, waiting...
demo.pcm not found, waiting...
demo.pcm not found, waiting...
demo.pcm not found, waiting...
demo.pcm not found, waiting...
demo.pcm not found, waiting...
demo.pcm not found, waiting...
demo.pcm not found, waiting...
demo.pcm not found, waiting...
demo.pcm not found, waiting...
demo.pcm not found, waiting...
demo.pcm not found, waiting...
demo.pcm not found, waiting...
demo.pcm not found, waiting...
demo.pcm not found, waiting...
demo.pcm not found, waiting...
demo.pcm not found, waiting...
demo.pcm not found, waiting...
demo.pcm not found, waiting...
demo.pcm not found, waiting...
demo.pcm not found, waiting...
demo.pcm not found, waiting...
demo.pcm not found, waiting...
demo.pcm not found, waiting...
demo.pcm not found, waiting...
demo.pcm not found, waiting...
demo.pcm not found, waiting...
demo.pcm not found, waiting...
demo.pcm not found, waiting...
demo.pcm not found, waiting...
demo.pcm not found, waiting...
demo.pcm not found, waiting...
demo.pcm not found, waiting...
demo.pcm not found, waiting...
demo.pcm not found, waiting...
demo.pcm not found, waiting...
demo.pcm not found, waiting...
demo.pcm not found, waiting...
demo.pcm not found, waiting...
demo.pcm not found, waiting...
demo.pcm not found, waiting...
demo.pcm not found, waiting...
demo.pcm not found, waiting...
demo.pcm not found, waiting...
demo.pcm not found, waiting...
demo.pcm not found, waiting...
demo.pcm not found, waiting...
demo.pcm not found, waiting...
demo.pcm not found, waiting...
demo.pcm not found, waiting...
demo.pcm not found, waiting...
demo.pcm not found, waiting...
demo.pcm not found, waiting...
demo.pcm not found, waiting...
demo.pcm not found, waiting...
demo.pcm not found, waiting...
demo.pcm not found, waiting...
demo.pcm not found, waiting...
demo.pcm not found, waiting...
demo.pcm not found, waiting...
demo.pcm not found, waiting...
demo.pcm not found, waiting...
demo.pcm not found, waiting...
demo.pcm not found, waiting...
demo.pcm not found, waiting...
demo.pcm not found, waiting...
demo.pcm not found, waiting...
demo.pcm not found, waiting...
demo.pcm not found, waiting...
demo.pcm not found, waiting...
demo.pcm not found, waiting...
demo.pcm not found, waiting...
demo.pcm not found, waiting...
demo.pcm not found, waiting...
demo.pcm not found, waiting...
demo.pcm not found, waiting...
demo.pcm not found, waiting...
demo.pcm not found, waiting...
demo.pcm not found, waiting...
demo.pcm not found, waiting...
demo.pcm not found, waiting...
demo.pcm not found, waiting...
demo.pcm not found, waiting...
demo.pcm not found, waiting...
demo.pcm not found, waiting...
demo.pcm not found, waiting...
demo.pcm not found, waiting...
demo.pcm not found, waiting...
demo.pcm not found, waiting...
demo.pcm not found, waiting...
demo.pcm not found, waiting...
demo.pcm not found, waiting...
demo.pcm not found, waiting...
demo.pcm not found, waiting...
demo.pcm not found, waiting...
demo.pcm not found, waiting...
demo.pcm not found, waiting...
demo.pcm not found, waiting...
demo.pcm not found, waiting...
demo.pcm not found, waiting...
demo.pcm not found, waiting...
demo.pcm not found, waiting...
demo.pcm not found, waiting...
demo.pcm not found, waiting...
demo.pcm not found, waiting...
demo.pcm not found, waiting...
demo.pcm not found, waiting...
demo.pcm not found, waiting...
demo.pcm not found, waiting...
demo.pcm not found, waiting...
demo.pcm not found, waiting...
demo.pcm not found, waiting...
demo.pcm not found, waiting...
demo.pcm not found, waiting...
demo.pcm not found, waiting...
demo.pcm not found, waiting...
demo.pcm not found, waiting...
demo.pcm not found, waiting...
demo.pcm not found, waiting...
demo.pcm not found, waiting...
demo.pcm not found, waiting...
demo.pcm not found, waiting...
demo.pcm not found, waiting...
demo.pcm not found, waiting...
demo.pcm not found, waiting...
demo.pcm not found, waiting...
demo.pcm not found, waiting...
demo.pcm not found, waiting...
demo.pcm not found, waiting...
demo.pcm not found, waiting...
demo.pcm not found, waiting...
demo.pcm not found, waiting...
demo.pcm not found, waiting...
demo.pcm not found, waiting...
demo.pcm not found, waiting...
demo.pcm not found, waiting...
demo.pcm not found, waiting...
demo.pcm not found, waiting...
demo.pcm not found, waiting...
demo.pcm not found, waiting...
demo.pcm not found, waiting...
demo.pcm not found, waiting...
demo.pcm not found, waiting...
demo.pcm not found, waiting...
demo.pcm not found, waiting...
demo.pcm not found, waiting...
demo.pcm not found, waiting...
demo.pcm not found, waiting...
demo.pcm not found, waiting...
demo.pcm not found, waiting...
demo.pcm not found, waiting...
demo.pcm not found, waiting...
demo.pcm not found, waiting...
demo.pcm not found, waiting...
demo.pcm not found, waiting...
demo.pcm not found, waiting...
demo.pcm not found, waiting...
demo.pcm not found, waiting...
demo.pcm not found, waiting...
demo.pcm not found, waiting...
demo.pcm not found, waiting...
demo.pcm not found, waiting...
demo.pcm not found, waiting...
demo.pcm not found, waiting...
demo.pcm not found, waiting...
demo.pcm not found, waiting...
demo.pcm not found, waiting...
demo.pcm not found, waiting...
demo.pcm not found, waiting...
demo.pcm not found, waiting...
demo.pcm not found, waiting...
demo.pcm not found, waiting...
demo.pcm not found, waiting...
demo.pcm not found, waiting...
demo.pcm not found, waiting...
demo.pcm not found, waiting...
demo.pcm not found, waiting...
demo.pcm not found, waiting...
demo.pcm not found, waiting...
demo.pcm not found, waiting...
demo.pcm not found, waiting...
demo.pcm not found, waiting...
demo.pcm not found, waiting...
demo.pcm not found, waiting...
demo.pcm not found, waiting...
demo.pcm not found, waiting...
demo.pcm not found, waiting...
demo.pcm not found, waiting...
demo.pcm not found, waiting...
demo.pcm not found, waiting...
demo.pcm not found, waiting...
demo.pcm not found, waiting...
demo.pcm not found, waiting...
demo.pcm not found, waiting...
demo.pcm not found, waiting...
demo.pcm not found, waiting...
demo.pcm not found, waiting...
demo.pcm not found, waiting...
demo.pcm not found, waiting...
demo.pcm not found, waiting...
demo.pcm not found, waiting...
demo.pcm not found, waiting...
demo.pcm not found, waiting...
demo.pcm not found, waiting...
demo.pcm not found, waiting...
demo.pcm not found, waiting...
demo.pcm not found, waiting...
demo.pcm not found, waiting...
demo.pcm not found, waiting...
demo.pcm not found, waiting...
demo.pcm not found, waiting...
demo.pcm not found, waiting...
demo.pcm not found, waiting...
demo.pcm not found, waiting...
demo.pcm not found, waiting...
demo.pcm not found, waiting...
demo.pcm not found, waiting...
demo.pcm not found, waiting...
demo.pcm not found, waiting...
demo.pcm not found, waiting...
demo.pcm not found, waiting...
demo.pcm not found, waiting...
demo.pcm not found, waiting...
demo.pcm not found, waiting...
demo.pcm not found, waiting...
demo.pcm not found, waiting...
demo.pcm not found, waiting...
demo.pcm not found, waiting...
demo.pcm not found, waiting...
demo.pcm not found, waiting...
demo.pcm not found, waiting...
demo.pcm not found, waiting...
demo.pcm not found, waiting...
demo.pcm not found, waiting...
demo.pcm not found, waiting...
demo.pcm not found, waiting...
demo.pcm not found, waiting...
demo.pcm not found, waiting...
demo.pcm not found, waiting...
demo.pcm not found, waiting...
demo.pcm not found, waiting...
demo.pcm not found, waiting...
demo.pcm not found, waiting...
demo.pcm not found, waiting...
demo.pcm not found, waiting...
demo.pcm not found, waiting...
demo.pcm not found, waiting...
demo.pcm not found, waiting...
demo.pcm not found, waiting...
demo.pcm not found, waiting...
demo.pcm not found, waiting...
demo.pcm not found, waiting...
demo.pcm not found, waiting...
demo.pcm not found, waiting...
demo.pcm not found, waiting...
demo.pcm not found, waiting...
demo.pcm not found, waiting...
demo.pcm not found, waiting...
demo.pcm not found, waiting...
demo.pcm not found, waiting...
demo.pcm not found, waiting...
demo.pcm not found, waiting...
demo.pcm not found, waiting...
demo.pcm not found, waiting...
demo.pcm not found, waiting...
demo.pcm not found, waiting...
demo.pcm not found, waiting...
demo.pcm not found, waiting...
demo.pcm not found, waiting...
demo.pcm not found, waiting...
demo.pcm not found, waiting...
demo.pcm not found, waiting...
demo.pcm not found, waiting...
demo.pcm not found, waiting...
demo.pcm not found, waiting...
demo.pcm not found, waiting...
demo.pcm not found, waiting...
demo.pcm not found, waiting...
demo.pcm not found, waiting...
demo.pcm not found, waiting...
demo.pcm not found, waiting...
demo.pcm not found, waiting...
demo.pcm not found, waiting...
demo.pcm not found, waiting...
demo.pcm not found, waiting...
demo.pcm not found, waiting...
demo.pcm not found, waiting...
demo.pcm not found, waiting...
demo.pcm not found, waiting...
demo.pcm not found, waiting...
demo.pcm not found, waiting...
demo.pcm not found, waiting...
demo.pcm not found, waiting...
demo.pcm not found, waiting...
demo.pcm not found, waiting...
demo.pcm not found, waiting...
demo.pcm not found, waiting...
demo.pcm not found, waiting...
demo.pcm not found, waiting...
demo.pcm not found, waiting...
demo.pcm not found, waiting...
demo.pcm not found, waiting...
demo.pcm not found, waiting...
demo.pcm not found, waiting...
demo.pcm not found, waiting...
demo.pcm not found, waiting...
demo.pcm not found, waiting...
demo.pcm not found, waiting...
demo.pcm not found, waiting...
demo.pcm not found, waiting...
demo.pcm not found, waiting...
demo.pcm not found, waiting...
demo.pcm not found, waiting...
demo.pcm not found, waiting...
demo.pcm not found, waiting...
demo.pcm not found, waiting...
demo.pcm not found, waiting...
demo.pcm not found, waiting...
demo.pcm not found, waiting...
demo.pcm not found, waiting...
demo.pcm not found, waiting...
demo.pcm not found, waiting...
demo.pcm not found, waiting...
demo.pcm not found, waiting...
demo.pcm not found, waiting...
demo.pcm not found, waiting...
demo.pcm not found, waiting...
demo.pcm not found, waiting...
demo.pcm not found, waiting...
demo.pcm not found, waiting...
demo.pcm not found, waiting...
demo.pcm not found, waiting...
demo.pcm not found, waiting...
demo.pcm not found, waiting...
demo.pcm not found, waiting...
demo.pcm not found, waiting...
demo.pcm not found, waiting...
demo.pcm not found, waiting...
demo.pcm not found, waiting...
demo.pcm not found, waiting...
demo.pcm not found, waiting...
demo.pcm not found, waiting...
demo.pcm not found, waiting...
demo.pcm not found, waiting...
demo.pcm not found, waiting...
demo.pcm not found, waiting...
demo.pcm not found, waiting...
demo.pcm not found, waiting...
demo.pcm not found, waiting...
demo.pcm not found, waiting...
demo.pcm not found, waiting...
demo.pcm not found, waiting...
demo.pcm not found, waiting...
demo.pcm not found, waiting...
demo.pcm not found, waiting...
demo.pcm not found, waiting...
demo.pcm not found, waiting...
demo.pcm not found, waiting...
demo.pcm not found, waiting...
demo.pcm not found, waiting...
demo.pcm not found, waiting...
demo.pcm not found, waiting...
demo.pcm not found, waiting...
demo.pcm not found, waiting...
demo.pcm not found, waiting...
demo.pcm not found, waiting...
demo.pcm not found, waiting...
demo.pcm not found, waiting...
demo.pcm not found, waiting...
demo.pcm not found, waiting...
demo.pcm not found, waiting...
demo.pcm not found, waiting...
demo.pcm not found, waiting...
demo.pcm not found, waiting...
demo.pcm not found, waiting...
demo.pcm not found, waiting...
demo.pcm not found, waiting...
demo.pcm not found, waiting...
demo.pcm not found, waiting...
demo.pcm not found, waiting...
demo.pcm not found, waiting...
demo.pcm not found, waiting...
demo.pcm not found, waiting...
demo.pcm not found, waiting...
demo.pcm not found, waiting...
demo.pcm not found, waiting...
demo.pcm not found, waiting...
demo.pcm not found, waiting...
demo.pcm not found, waiting...
demo.pcm not found, waiting...
demo.pcm not found, waiting...
demo.pcm not found, waiting...
demo.pcm not found, waiting...
demo.pcm not found, waiting...
demo.pcm not found, waiting...
demo.pcm not found, waiting...
demo.pcm not found, waiting...
demo.pcm not found, waiting...
demo.pcm not found, waiting...
demo.pcm not found, waiting...
demo.pcm not found, waiting...
demo.pcm not found, waiting...
demo.pcm not found, waiting...
demo.pcm not found, waiting...
demo.pcm not found, waiting...
demo.pcm not found, waiting...
demo.pcm not found, waiting...
demo.pcm not found, waiting...
demo.pcm not found, waiting...
demo.pcm not found, waiting...
demo.pcm not found, waiting...
demo.pcm not found, waiting...
demo.pcm not found, waiting...
demo.pcm not found, waiting...
demo.pcm not found, waiting...
demo.pcm not found, waiting...
demo.pcm not found, waiting...
demo.pcm not found, waiting...
demo.pcm not found, waiting...
demo.pcm not found, waiting...
demo.pcm not found, waiting...
demo.pcm not found, waiting...
demo.pcm not found, waiting...
demo.pcm not found, waiting...
demo.pcm not found, waiting...
demo.pcm not found, waiting...
demo.pcm not found, waiting...
demo.pcm not found, waiting...
demo.pcm not found, waiting...
demo.pcm not found, waiting...
demo.pcm not found, waiting...
demo.pcm not found, waiting...
demo.pcm not found, waiting...
demo.pcm not found, waiting...
demo.pcm not found, waiting...
demo.pcm not found, waiting...
demo.pcm not found, waiting...
demo.pcm not found, waiting...
demo.pcm not found, waiting...
demo.pcm not found, waiting...
demo.pcm not found, waiting...
demo.pcm not found, waiting...
demo.pcm not found, waiting...
demo.pcm not found, waiting...
demo.pcm not found, waiting...
demo.pcm not found, waiting...
demo.pcm not found, waiting...
demo.pcm not found, waiting...
demo.pcm not found, waiting...
demo.pcm not found, waiting...
demo.pcm not found, waiting...
demo.pcm not found, waiting...
demo.pcm not found, waiting...
demo.pcm not found, waiting...
demo.pcm not found, waiting...
demo.pcm not found, waiting...
demo.pcm not found, waiting...
demo.pcm not found, waiting...
demo.pcm not found, waiting...
demo.pcm not found, waiting...
demo.pcm not found, waiting...
demo.pcm not found, waiting...
demo.pcm not found, waiting...
demo.pcm not found, waiting...
demo.pcm not found, waiting...
demo.pcm not found, waiting...
demo.pcm not found, waiting...
demo.pcm not found, waiting...
demo.pcm not found, waiting...
demo.pcm not found, waiting...
demo.pcm not found, waiting...
demo.pcm not found, waiting...
demo.pcm not found, waiting...
demo.pcm not found, waiting...
demo.pcm not found, waiting...
demo.pcm not found, waiting...
demo.pcm not found, waiting...
demo.pcm not found, waiting...
demo.pcm not found, waiting...
demo.pcm not found, waiting...
demo.pcm not found, waiting...
demo.pcm not found, waiting...
demo.pcm not found, waiting...
demo.pcm not found, waiting...
demo.pcm not found, waiting...
demo.pcm not found, waiting...
demo.pcm not found, waiting...
demo.pcm not found, waiting...
demo.pcm not found, waiting...
demo.pcm not found, waiting...
demo.pcm not found, waiting...
demo.pcm not found, waiting...
demo.pcm not found, waiting...
demo.pcm not found, waiting...
demo.pcm not found, waiting...
demo.pcm not found, waiting...
demo.pcm not found, waiting...
demo.pcm not found, waiting...
demo.pcm not found, waiting...
demo.pcm not found, waiting...
demo.pcm not found, waiting...
demo.pcm not found, waiting...
demo.pcm not found, waiting...
demo.pcm not found, waiting...
demo.pcm not found, waiting...
demo.pcm not found, waiting...
demo.pcm not found, waiting...
demo.pcm not found, waiting...
demo.pcm not found, waiting...
demo.pcm not found, waiting...
demo.pcm not found, waiting...
demo.pcm not found, waiting...
demo.pcm not found, waiting...
demo.pcm not found, waiting...
demo.pcm not found, waiting...
demo.pcm not found, waiting...
demo.pcm not found, waiting...
demo.pcm not found, waiting...
demo.pcm not found, waiting...
demo.pcm not found, waiting...
demo.pcm not found, waiting...
demo.pcm not found, waiting...
demo.pcm not found, waiting...
demo.pcm not found, waiting...
demo.pcm not found, waiting...
demo.pcm not found, waiting...
demo.pcm not found, waiting...
demo.pcm not found, waiting...
demo.pcm not found, waiting...
demo.pcm not found, waiting...
demo.pcm not found, waiting...
demo.pcm not found, waiting...
demo.pcm not found, waiting...
demo.pcm not found, waiting...
demo.pcm not found, waiting...
demo.pcm not found, waiting...
demo.pcm not found, waiting...
demo.pcm not found, waiting...
demo.pcm not found, waiting...
demo.pcm not found, waiting...
demo.pcm not found, waiting...
demo.pcm not found, waiting...
demo.pcm not found, waiting...
demo.pcm not found, waiting...
demo.pcm not found, waiting...
demo.pcm not found, waiting...
demo.pcm not found, waiting...
demo.pcm not found, waiting...
demo.pcm not found, waiting...
demo.pcm not found, waiting...
demo.pcm not found, waiting...
demo.pcm not found, waiting...
demo.pcm not found, waiting...
demo.pcm not found, waiting...
demo.pcm not found, waiting...
demo.pcm not found, waiting...
demo.pcm not found, waiting...
demo.pcm not found, waiting...
demo.pcm not found, waiting...
demo.pcm not found, waiting...
demo.pcm not found, waiting...
demo.pcm not found, waiting...
demo.pcm not found, waiting...
demo.pcm not found, waiting...
demo.pcm not found, waiting...
demo.pcm not found, waiting...
demo.pcm not found, waiting...
demo.pcm not found, waiting...
demo.pcm not found, waiting...
demo.pcm not found, waiting...
demo.pcm not found, waiting...
demo.pcm not found, waiting...
demo.pcm not found, waiting...
demo.pcm not found, waiting...
demo.pcm not found, waiting...
demo.pcm not found, waiting...
demo.pcm not found, waiting...
demo.pcm not found, waiting...
demo.pcm not found, waiting...
demo.pcm not found, waiting...
demo.pcm not found, waiting...
demo.pcm not found, waiting...
demo.pcm not found, waiting...
demo.pcm not found, waiting...
demo.pcm not found, waiting...
demo.pcm not found, waiting...
demo.pcm not found, waiting...
demo.pcm not found, waiting...
demo.pcm not found, waiting...
demo.pcm not found, waiting...
demo.pcm not found, waiting...
demo.pcm not found, waiting...
demo.pcm not found, waiting...
demo.pcm not found, waiting...
demo.pcm not found, waiting...
demo.pcm not found, waiting...
demo.pcm not found, waiting...
demo.pcm not found, waiting...
demo.pcm not found, waiting...
demo.pcm not found, waiting...
demo.pcm not found, waiting...
demo.pcm not found, waiting...
demo.pcm not found, waiting...
demo.pcm not found, waiting...
demo.pcm not found, waiting...
demo.pcm not found, waiting...
demo.pcm not found, waiting...
demo.pcm not found, waiting...
demo.pcm not found, waiting...
demo.pcm not found, waiting...
demo.pcm not found, waiting...
demo.pcm not found, waiting...
demo.pcm not found, waiting...
demo.pcm not found, waiting...
demo.pcm not found, waiting...
demo.pcm not found, waiting...
demo.pcm not found, waiting...
demo.pcm not found, waiting...
demo.pcm not found, waiting...
demo.pcm not found, waiting...
demo.pcm not found, waiting...
demo.pcm not found, waiting...
demo.pcm not found, waiting...
demo.pcm not found, waiting...
demo.pcm not found, waiting...
demo.pcm not found, waiting...
demo.pcm not found, waiting...
demo.pcm not found, waiting...
demo.pcm not found, waiting...
demo.pcm not found, waiting...
demo.pcm not found, waiting...
demo.pcm not found, waiting...
demo.pcm not found, waiting...
demo.pcm not found, waiting...
demo.pcm not found, waiting...
demo.pcm not found, waiting...
demo.pcm not found, waiting...
demo.pcm not found, waiting...
demo.pcm not found, waiting...
demo.pcm not found, waiting...
demo.pcm not found, waiting...
demo.pcm not found, waiting...
demo.pcm not found, waiting...
demo.pcm not found, waiting...
demo.pcm not found, waiting...
demo.pcm not found, waiting...
demo.pcm not found, waiting...
demo.pcm not found, waiting...
demo.pcm not found, waiting...
demo.pcm not found, waiting...
demo.pcm not found, waiting...
demo.pcm not found, waiting...
demo.pcm not found, waiting...
demo.pcm not found, waiting...
demo.pcm not found, waiting...
demo.pcm not found, waiting...
demo.pcm not found, waiting...
demo.pcm not found, waiting...
demo.pcm not found, waiting...
demo.pcm not found, waiting...
demo.pcm not found, waiting...
demo.pcm not found, waiting...
demo.pcm not found, waiting...
demo.pcm not found, waiting...
demo.pcm not found, waiting...
demo.pcm not found, waiting...
demo.pcm not found, waiting...
demo.pcm not found, waiting...
demo.pcm not found, waiting...
demo.pcm not found, waiting...
demo.pcm not found, waiting...
demo.pcm not found, waiting...
demo.pcm not found, waiting...
demo.pcm not found, waiting...
demo.pcm not found, waiting...
demo.pcm not found, waiting...
demo.pcm not found, waiting...
demo.pcm not found, waiting...
demo.pcm not found, waiting...
demo.pcm not found, waiting...
demo.pcm not found, waiting...
demo.pcm not found, waiting...
demo.pcm not found, waiting...
demo.pcm not found, waiting...
demo.pcm not found, waiting...
demo.pcm not found, waiting...
demo.pcm not found, waiting...
demo.pcm not found, waiting...
demo.pcm not found, waiting...
demo.pcm not found, waiting...
demo.pcm not found, waiting...
demo.pcm not found, waiting...
demo.pcm not found, waiting...
demo.pcm not found, waiting...
demo.pcm not found, waiting...
demo.pcm not found, waiting...
demo.pcm not found, waiting...
demo.pcm not found, waiting...
demo.pcm not found, waiting...
demo.pcm not found, waiting...
demo.pcm not found, waiting...
demo.pcm not found, waiting...
demo.pcm not found, waiting...
demo.pcm not found, waiting...
demo.pcm not found, waiting...
demo.pcm not found, waiting...
demo.pcm not found, waiting...
demo.pcm not found, waiting...
demo.pcm not found, waiting...
demo.pcm not found, waiting...
demo.pcm not found, waiting...
demo.pcm not found, waiting...
demo.pcm not found, waiting...
demo.pcm not found, waiting...
demo.pcm not found, waiting...
demo.pcm not found, waiting...
demo.pcm not found, waiting...
demo.pcm not found, waiting...
demo.pcm not found, waiting...
demo.pcm not found, waiting...
demo.pcm not found, waiting...
demo.pcm not found, waiting...
demo.pcm not found, waiting...
demo.pcm not found, waiting...
demo.pcm not found, waiting...
demo.pcm not found, waiting...
demo.pcm not found, waiting...
demo.pcm not found, waiting...
demo.pcm not found, waiting...
demo.pcm not found, waiting...
demo.pcm not found, waiting...
demo.pcm not found, waiting...
demo.pcm not found, waiting...
demo.pcm not found, waiting...
demo.pcm not found, waiting...
demo.pcm not found, waiting...
demo.pcm not found, waiting...
demo.pcm not found, waiting...
demo.pcm not found, waiting...
demo.pcm not found, waiting...
demo.pcm not found, waiting...
demo.pcm not found, waiting...
demo.pcm not found, waiting...
demo.pcm not found, waiting...
demo.pcm not found, waiting...
demo.pcm not found, waiting...
demo.pcm not found, waiting...
demo.pcm not found, waiting...
demo.pcm not found, waiting...
demo.pcm not found, waiting...
demo.pcm not found, waiting...
demo.pcm not found, waiting...
demo.pcm not found, waiting...
demo.pcm not found, waiting...
demo.pcm not found, waiting...
demo.pcm not found, waiting...
demo.pcm not found, waiting...
demo.pcm not found, waiting...
demo.pcm not found, waiting...
demo.pcm not found, waiting...
demo.pcm not found, waiting...
demo.pcm not found, waiting...
demo.pcm not found, waiting...
demo.pcm not found, waiting...
demo.pcm not found, waiting...
demo.pcm not found, waiting...
demo.pcm not found, waiting...
demo.pcm not found, waiting...
demo.pcm not found, waiting...
demo.pcm not found, waiting...
demo.pcm not found, waiting...
demo.pcm not found, waiting...
demo.pcm not found, waiting...
demo.pcm not found, waiting...
demo.pcm not found, waiting...
demo.pcm not found, waiting...
demo.pcm not found, waiting...
demo.pcm not found, waiting...
demo.pcm not found, waiting...
demo.pcm not found, waiting...
demo.pcm not found, waiting...
demo.pcm not found, waiting...
demo.pcm not found, waiting...
demo.pcm not found, waiting...
demo.pcm not found, waiting...
demo.pcm not found, waiting...
demo.pcm not found, waiting...
demo.pcm not found, waiting...
demo.pcm not found, waiting...
demo.pcm not found, waiting...
demo.pcm not found, waiting...
demo.pcm not found, waiting...
demo.pcm not found, waiting...
demo.pcm not found, waiting...
demo.pcm not found, waiting...
demo.pcm not found, waiting...
demo.pcm not found, waiting...
demo.pcm not found, waiting...
demo.pcm not found, waiting...
demo.pcm not found, waiting...
demo.pcm not found, waiting...
demo.pcm not found, waiting...
demo.pcm not found, waiting...
demo.pcm not found, waiting...
demo.pcm not found, waiting...
demo.pcm not found, waiting...
demo.pcm not found, waiting...
demo.pcm not found, waiting...
demo.pcm not found, waiting...
demo.pcm not found, waiting...
demo.pcm not found, waiting...
demo.pcm not found, waiting...
demo.pcm not found, waiting...
demo.pcm not found, waiting...
demo.pcm not found, waiting...
demo.pcm not found, waiting...
demo.pcm not found, waiting...
demo.pcm not found, waiting...
demo.pcm not found, waiting...
demo.pcm not found, waiting...
demo.pcm not found, waiting...
demo.pcm not found, waiting...
demo.pcm not found, waiting...
demo.pcm not found, waiting...
demo.pcm not found, waiting...
demo.pcm not found, waiting...
demo.pcm not found, waiting...
demo.pcm not found, waiting...
demo.pcm not found, waiting...
demo.pcm not found, waiting...
demo.pcm not found, waiting...
demo.pcm not found, waiting...
demo.pcm not found, waiting...
demo.pcm not found, waiting...
demo.pcm not found, waiting...
demo.pcm not found, waiting...
demo.pcm not found, waiting...
demo.pcm not found, waiting...
demo.pcm not found, waiting...
demo.pcm not found, waiting...
demo.pcm not found, waiting...
demo.pcm not found, waiting...
demo.pcm not found, waiting...
demo.pcm not found, waiting...
demo.pcm not found, waiting...
demo.pcm not found, waiting...
demo.pcm not found, waiting...
demo.pcm not found, waiting...
demo.pcm not found, waiting...
demo.pcm not found, waiting...
demo.pcm not found, waiting...
demo.pcm not found, waiting...
demo.pcm not found, waiting...
demo.pcm not found, waiting...
demo.pcm not found, waiting...
demo.pcm not found, waiting...
demo.pcm not found, waiting...
demo.pcm not found, waiting...
demo.pcm not found, waiting...
demo.pcm not found, waiting...
demo.pcm not found, waiting...
demo.pcm not found, waiting...
demo.pcm not found, waiting...
demo.pcm not found, waiting...
demo.pcm not found, waiting...
demo.pcm not found, waiting...
demo.pcm not found, waiting...
demo.pcm not found, waiting...
demo.pcm not found, waiting...
demo.pcm not found, waiting...
demo.pcm not found, waiting...
demo.pcm not found, waiting...
demo.pcm not found, waiting...
demo.pcm not found, waiting...
demo.pcm not found, waiting...
demo.pcm not found, waiting...
demo.pcm not found, waiting...
demo.pcm not found, waiting...
demo.pcm not found, waiting...
demo.pcm not found, waiting...
demo.pcm not found, waiting...
demo.pcm not found, waiting...
demo.pcm not found, waiting...
demo.pcm not found, waiting...
demo.pcm not found, waiting...
demo.pcm not found, waiting...
demo.pcm not found, waiting...
demo.pcm not found, waiting...
demo.pcm not found, waiting...
demo.pcm not found, waiting...
demo.pcm not found, waiting...
demo.pcm not found, waiting...
demo.pcm not found, waiting...
demo.pcm not found, waiting...
demo.pcm not found, waiting...
demo.pcm not found, waiting...
demo.pcm not found, waiting...
demo.pcm not found, waiting...
demo.pcm not found, waiting...
demo.pcm not found, waiting...
demo.pcm not found, waiting...
demo.pcm not found, waiting...
demo.pcm not found, waiting...
demo.pcm not found, waiting...
demo.pcm not found, waiting...
demo.pcm not found, waiting...
demo.pcm not found, waiting...
demo.pcm not found, waiting...
demo.pcm not found, waiting...
demo.pcm not found, waiting...
demo.pcm not found, waiting...
demo.pcm not found, waiting...
demo.pcm not found, waiting...
demo.pcm not found, waiting...
demo.pcm not found, waiting...
demo.pcm not found, waiting...
demo.pcm not found, waiting...
demo.pcm not found, waiting...
demo.pcm not found, waiting...
demo.pcm not found, waiting...
demo.pcm not found, waiting...
demo.pcm not found, waiting...
demo.pcm not found, waiting...
demo.pcm not found, waiting...
demo.pcm not found, waiting...
demo.pcm not found, waiting...
demo.pcm not found, waiting...
demo.pcm not found, waiting...
demo.pcm not found, waiting...
demo.pcm not found, waiting...
demo.pcm not found, waiting...
demo.pcm not found, waiting...
demo.pcm not found, waiting...
demo.pcm not found, waiting...
demo.pcm not found, waiting...
demo.pcm not found, waiting...
demo.pcm not found, waiting...
demo.pcm not found, waiting...
demo.pcm not found, waiting...
demo.pcm not found, waiting...
demo.pcm not found, waiting...
demo.pcm not found, waiting...
demo.pcm not found, waiting...
demo.pcm not found, waiting...
demo.pcm not found, waiting...
demo.pcm not found, waiting...
demo.pcm not found, waiting...
demo.pcm not found, waiting...
demo.pcm not found, waiting...
demo.pcm not found, waiting...
demo.pcm not found, waiting...
demo.pcm not found, waiting...
demo.pcm not found, waiting...
demo.pcm not found, waiting...
demo.pcm not found, waiting...
demo.pcm not found, waiting...
demo.pcm not found, waiting...
demo.pcm not found, waiting...
demo.pcm not found, waiting...
demo.pcm not found, waiting...
demo.pcm not found, waiting...
demo.pcm not found, waiting...
demo.pcm not found, waiting...
demo.pcm not found, waiting...
demo.pcm not found, waiting...
demo.pcm not found, waiting...
demo.pcm not found, waiting...
demo.pcm not found, waiting...
demo.pcm not found, waiting...
demo.pcm not found, waiting...
demo.pcm not found, waiting...
demo.pcm not found, waiting...
demo.pcm not found, waiting...
demo.pcm not found, waiting...
demo.pcm not found, waiting...
demo.pcm not found, waiting...
demo.pcm not found, waiting...
demo.pcm not found, waiting...
demo.pcm not found, waiting...
demo.pcm not found, waiting...
demo.pcm not found, waiting...
demo.pcm not found, waiting...
demo.pcm not found, waiting...
demo.pcm not found, waiting...
demo.pcm not found, waiting...
demo.pcm not found, waiting...
demo.pcm not found, waiting...
demo.pcm not found, waiting...
demo.pcm not found, waiting...
demo.pcm not found, waiting...
demo.pcm not found, waiting...
demo.pcm not found, waiting...
demo.pcm not found, waiting...
demo.pcm not found, waiting...
demo.pcm not found, waiting...
demo.pcm not found, waiting...
demo.pcm not found, waiting...
demo.pcm not found, waiting...
demo.pcm not found, waiting...
demo.pcm not found, waiting...
demo.pcm not found, waiting...
demo.pcm not found, waiting...
demo.pcm not found, waiting...
demo.pcm not found, waiting...
demo.pcm not found, waiting...
demo.pcm not found, waiting...
demo.pcm not found, waiting...
demo.pcm not found, waiting...
demo.pcm not found, waiting...
demo.pcm not found, waiting...
demo.pcm not found, waiting...
demo.pcm not found, waiting...
demo.pcm not found, waiting...
demo.pcm not found, waiting...
demo.pcm not found, waiting...
demo.pcm not found, waiting...
demo.pcm not found, waiting...
demo.pcm not found, waiting...
demo.pcm not found, waiting...
demo.pcm not found, waiting...
demo.pcm not found, waiting...
demo.pcm not found, waiting...
demo.pcm not found, waiting...
demo.pcm not found, waiting...
demo.pcm not found, waiting...
demo.pcm not found, waiting...
demo.pcm not found, waiting...
demo.pcm not found, waiting...
demo.pcm not found, waiting...
demo.pcm not found, waiting...
demo.pcm not found, waiting...
demo.pcm not found, waiting...
demo.pcm not found, waiting...
demo.pcm not found, waiting...
demo.pcm not found, waiting...
demo.pcm not found, waiting...
demo.pcm not found, waiting...
demo.pcm not found, waiting...
demo.pcm not found, waiting...
demo.pcm not found, waiting...
demo.pcm not found, waiting...
demo.pcm not found, waiting...
demo.pcm not found, waiting...
demo.pcm not found, waiting...
demo.pcm not found, waiting...
demo.pcm not found, waiting...
demo.pcm not found, waiting...
demo.pcm not found, waiting...
demo.pcm not found, waiting...
demo.pcm not found, waiting...
demo.pcm not found, waiting...
demo.pcm not found, waiting...
demo.pcm not found, waiting...
demo.pcm not found, waiting...
demo.pcm not found, waiting...
demo.pcm not found, waiting...
demo.pcm not found, waiting...
demo.pcm not found, waiting...
demo.pcm not found, waiting...
demo.pcm not found, waiting...
demo.pcm not found, waiting...
demo.pcm not found, waiting...
demo.pcm not found, waiting...
demo.pcm not found, waiting...
demo.pcm not found, waiting...
demo.pcm not found, waiting...
demo.pcm not found, waiting...
demo.pcm not found, waiting...
demo.pcm not found, waiting...
demo.pcm not found, waiting...
demo.pcm not found, waiting...
demo.pcm not found, waiting...
demo.pcm not found, waiting...
demo.pcm not found, waiting...
demo.pcm not found, waiting...
demo.pcm not found, waiting...
demo.pcm not found, waiting...
demo.pcm not found, waiting...
demo.pcm not found, waiting...
demo.pcm not found, waiting...
demo.pcm not found, waiting...
demo.pcm not found, waiting...
demo.pcm not found, waiting...
demo.pcm not found, waiting...
demo.pcm not found, waiting...
demo.pcm not found, waiting...
demo.pcm not found, waiting...
demo.pcm not found, waiting...
demo.pcm not found, waiting...
demo.pcm not found, waiting...
demo.pcm not found, waiting...
demo.pcm not found, waiting...
demo.pcm not found, waiting...
demo.pcm not found, waiting...
demo.pcm not found, waiting...
demo.pcm not found, waiting...
demo.pcm not found, waiting...
demo.pcm not found, waiting...
demo.pcm not found, waiting...
demo.pcm not found, waiting...
demo.pcm not found, waiting...
demo.pcm not found, waiting...
demo.pcm not found, waiting...
demo.pcm not found, waiting...
demo.pcm not found, waiting...
demo.pcm not found, waiting...
demo.pcm not found, waiting...
demo.pcm not found, waiting...
demo.pcm not found, waiting...
demo.pcm not found, waiting...
demo.pcm not found, waiting...
demo.pcm not found, waiting...
demo.pcm not found, waiting...
demo.pcm not found, waiting...
demo.pcm not found, waiting...
demo.pcm not found, waiting...
demo.pcm not found, waiting...
demo.pcm not found, waiting...
demo.pcm not found, waiting...
demo.pcm not found, waiting...
demo.pcm not found, waiting...
demo.pcm not found, waiting...
demo.pcm not found, waiting...
demo.pcm not found, waiting...
demo.pcm not found, waiting...
demo.pcm not found, waiting...
demo.pcm not found, waiting...
demo.pcm not found, waiting...
demo.pcm not found, waiting...
demo.pcm not found, waiting...
demo.pcm not found, waiting...
demo.pcm not found, waiting...
demo.pcm not found, waiting...
demo.pcm not found, waiting...
demo.pcm not found, waiting...
demo.pcm not found, waiting...
demo.pcm not found, waiting...
demo.pcm not found, waiting...
demo.pcm not found, waiting...
demo.pcm not found, waiting...
demo.pcm not found, waiting...
demo.pcm not found, waiting...
demo.pcm not found, waiting...
demo.pcm not found, waiting...
demo.pcm not found, waiting...
demo.pcm not found, waiting...
demo.pcm not found, waiting...
demo.pcm not found, waiting...
demo.pcm not found, waiting...
demo.pcm not found, waiting...
demo.pcm not found, waiting...
demo.pcm not found, waiting...
demo.pcm not found, waiting...
demo.pcm not found, waiting...
demo.pcm not found, waiting...
demo.pcm not found, waiting...
demo.pcm not found, waiting...
demo.pcm not found, waiting...
demo.pcm not found, waiting...
demo.pcm not found, waiting...
demo.pcm not found, waiting...
demo.pcm not found, waiting...
demo.pcm not found, waiting...
demo.pcm not found, waiting...
demo.pcm not found, waiting...
demo.pcm not found, waiting...
demo.pcm not found, waiting...
demo.pcm not found, waiting...
demo.pcm not found, waiting...
demo.pcm not found, waiting...
demo.pcm not found, waiting...
demo.pcm not found, waiting...
demo.pcm not found, waiting...
demo.pcm not found, waiting...
demo.pcm not found, waiting...
demo.pcm not found, waiting...
demo.pcm not found, waiting...
demo.pcm not found, waiting...
demo.pcm not found, waiting...
demo.pcm not found, waiting...
demo.pcm not found, waiting...
demo.pcm not found, waiting...
demo.pcm not found, waiting...
demo.pcm not found, waiting...
demo.pcm not found, waiting...
demo.pcm not found, waiting...
demo.pcm not found, waiting...
demo.pcm not found, waiting...
demo.pcm not found, waiting...
demo.pcm not found, waiting...
demo.pcm not found, waiting...
demo.pcm not found, waiting...
demo.pcm not found, waiting...
demo.pcm not found, waiting...
demo.pcm not found, waiting...
demo.pcm not found, waiting...
demo.pcm not found, waiting...
demo.pcm not found, waiting...
demo.pcm not found, waiting...
demo.pcm not found, waiting...
demo.pcm not found, waiting...
demo.pcm not found, waiting...
demo.pcm not found, waiting...
demo.pcm not found, waiting...
demo.pcm not found, waiting...
demo.pcm not found, waiting...
demo.pcm not found, waiting...
demo.pcm not found, waiting...
demo.pcm not found, waiting...
demo.pcm not found, waiting...
demo.pcm not found, waiting...
demo.pcm not found, waiting...
demo.pcm not found, waiting...
demo.pcm not found, waiting...
demo.pcm not found, waiting...
demo.pcm not found, waiting...
demo.pcm not found, waiting...
demo.pcm not found, waiting...
demo.pcm not found, waiting...
demo.pcm not found, waiting...
demo.pcm not found, waiting...
demo.pcm not found, waiting...
demo.pcm not found, waiting...
demo.pcm not found, waiting...
demo.pcm not found, waiting...
demo.pcm not found, waiting...
demo.pcm not found, waiting...
demo.pcm not found, waiting...
demo.pcm not found, waiting...
demo.pcm not found, waiting...
demo.pcm not found, waiting...
demo.pcm not found, waiting...
demo.pcm not found, waiting...
demo.pcm not found, waiting...
demo.pcm not found, waiting...
demo.pcm not found, waiting...
demo.pcm not found, waiting...
demo.pcm not found, waiting...
demo.pcm not found, waiting...
demo.pcm not found, waiting...
demo.pcm not found, waiting...
demo.pcm not found, waiting...
demo.pcm not found, waiting...
demo.pcm not found, waiting...
demo.pcm not found, waiting...
demo.pcm not found, waiting...
demo.pcm not found, waiting...
demo.pcm not found, waiting...
demo.pcm not found, waiting...
demo.pcm not found, waiting...
demo.pcm not found, waiting...
demo.pcm not found, waiting...
demo.pcm not found, waiting...
demo.pcm not found, waiting...
demo.pcm not found, waiting...
demo.pcm not found, waiting...
demo.pcm not found, waiting...
demo.pcm not found, waiting...
demo.pcm not found, waiting...
demo.pcm not found, waiting...
demo.pcm not found, waiting...
demo.pcm not found, waiting...
demo.pcm not found, waiting...
demo.pcm not found, waiting...
demo.pcm not found, waiting...
demo.pcm not found, waiting...
demo.pcm not found, waiting...
demo.pcm not found, waiting...
demo.pcm not found, waiting...
demo.pcm not found, waiting...
demo.pcm not found, waiting...
demo.pcm not found, waiting...
demo.pcm not found, waiting...
demo.pcm not found, waiting...
demo.pcm not found, waiting...
demo.pcm not found, waiting...
demo.pcm not found, waiting...
demo.pcm not found, waiting...
demo.pcm not found, waiting...
demo.pcm not found, waiting...
demo.pcm not found, waiting...
demo.pcm not found, waiting...
demo.pcm not found, waiting...
demo.pcm not found, waiting...
demo.pcm not found, waiting...
demo.pcm not found, waiting...
demo.pcm not found, waiting...
demo.pcm not found, waiting...
demo.pcm not found, waiting...
demo.pcm not found, waiting...
demo.pcm not found, waiting...
demo.pcm not found, waiting...
demo.pcm not found, waiting...
demo.pcm not found, waiting...
demo.pcm not found, waiting...
demo.pcm not found, waiting...
demo.pcm not found, waiting...
demo.pcm not found, waiting...
demo.pcm not found, waiting...
demo.pcm not found, waiting...
demo.pcm not found, waiting...
demo.pcm not found, waiting...
demo.pcm not found, waiting...
demo.pcm not found, waiting...
demo.pcm not found, waiting...
demo.pcm not found, waiting...
demo.pcm not found, waiting...
demo.pcm not found, waiting...
demo.pcm not found, waiting...
demo.pcm not found, waiting...
demo.pcm not found, waiting...
demo.pcm not found, waiting...
demo.pcm not found, waiting...
demo.pcm not found, waiting...
demo.pcm not found, waiting...
demo.pcm not found, waiting...
demo.pcm not found, waiting...
demo.pcm not found, waiting...
demo.pcm not found, waiting...
demo.pcm not found, waiting...
demo.pcm not found, waiting...
demo.pcm not found, waiting...
demo.pcm not found, waiting...
demo.pcm not found, waiting...
demo.pcm not found, waiting...
demo.pcm not found, waiting...
demo.pcm not found, waiting...
demo.pcm not found, waiting...
demo.pcm not found, waiting...
demo.pcm not found, waiting...
demo.pcm not found, waiting...
demo.pcm not found, waiting...
demo.pcm not found, waiting...
demo.pcm not found, waiting...
demo.pcm not found, waiting...
demo.pcm not found, waiting...
demo.pcm not found, waiting...
demo.pcm not found, waiting...
demo.pcm not found, waiting...
demo.pcm not found, waiting...
demo.pcm not found, waiting...
demo.pcm not found, waiting...
demo.pcm not found, waiting...
demo.pcm not found, waiting...
demo.pcm not found, waiting...
demo.pcm not found, waiting...
demo.pcm not found, waiting...
demo.pcm not found, waiting...
demo.pcm not found, waiting...
demo.pcm not found, waiting...
demo.pcm not found, waiting...
demo.pcm not found, waiting...
demo.pcm not found, waiting...
demo.pcm not found, waiting...
demo.pcm not found, waiting...
demo.pcm not found, waiting...
demo.pcm not found, waiting...
demo.pcm not found, waiting...
demo.pcm not found, waiting...
demo.pcm not found, waiting...
demo.pcm not found, waiting...
demo.pcm not found, waiting...
demo.pcm not found, waiting...
demo.pcm not found, waiting...
demo.pcm not found, waiting...
demo.pcm not found, waiting...
demo.pcm not found, waiting...
demo.pcm not found, waiting...
demo.pcm not found, waiting...
demo.pcm not found, waiting...
demo.pcm not found, waiting...
demo.pcm not found, waiting...
demo.pcm not found, waiting...
demo.pcm not found, waiting...
demo.pcm not found, waiting...
demo.pcm not found, waiting...
demo.pcm not found, waiting...
demo.pcm not found, waiting...
demo.pcm not found, waiting...
demo.pcm not found, waiting...
demo.pcm not found, waiting...
demo.pcm not found, waiting...
demo.pcm not found, waiting...
demo.pcm not found, waiting...
demo.pcm not found, waiting...
demo.pcm not found, waiting...
demo.pcm not found, waiting...
demo.pcm not found, waiting...
demo.pcm not found, waiting...
demo.pcm not found, waiting...
demo.pcm not found, waiting...
demo.pcm not found, waiting...
demo.pcm not found, waiting...
demo.pcm not found, waiting...
demo.pcm not found, waiting...
demo.pcm not found, waiting...
demo.pcm not found, waiting...
demo.pcm not found, waiting...
demo.pcm not found, waiting...
demo.pcm not found, waiting...
demo.pcm not found, waiting...
demo.pcm not found, waiting...
demo.pcm not found, waiting...
demo.pcm not found, waiting...
demo.pcm not found, waiting...
demo.pcm not found, waiting...
demo.pcm not found, waiting...
demo.pcm not found, waiting...
demo.pcm not found, waiting...
demo.pcm not found, waiting...
demo.pcm not found, waiting...
demo.pcm not found, waiting...
demo.pcm not found, waiting...
demo.pcm not found, waiting...
demo.pcm not found, waiting...
demo.pcm not found, waiting...
demo.pcm not found, waiting...
demo.pcm not found, waiting...
demo.pcm not found, waiting...
demo.pcm not found, waiting...
demo.pcm not found, waiting...
demo.pcm not found, waiting...
demo.pcm not found, waiting...
demo.pcm not found, waiting...
demo.pcm not found, waiting...
demo.pcm not found, waiting...
demo.pcm not found, waiting...
demo.pcm not found, waiting...
demo.pcm not found, waiting...
demo.pcm not found, waiting...
demo.pcm not found, waiting...
demo.pcm not found, waiting...
demo.pcm not found, waiting...
demo.pcm not found, waiting...
demo.pcm not found, waiting...
demo.pcm not found, waiting...
demo.pcm not found, waiting...
demo.pcm not found, waiting...
demo.pcm not found, waiting...
demo.pcm not found, waiting...
demo.pcm not found, waiting...
demo.pcm not found, waiting...
demo.pcm not found, waiting...
demo.pcm not found, waiting...
demo.pcm not found, waiting...
demo.pcm not found, waiting...
demo.pcm not found, waiting...
demo.pcm not found, waiting...
demo.pcm not found, waiting...
demo.pcm not found, waiting...
demo.pcm not found, waiting...
demo.pcm not found, waiting...
demo.pcm not found, waiting...
demo.pcm not found, waiting...
demo.pcm not found, waiting...
demo.pcm not found, waiting...
demo.pcm not found, waiting...
demo.pcm not found, waiting...
demo.pcm not found, waiting...
demo.pcm not found, waiting...
demo.pcm not found, waiting...
demo.pcm not found, waiting...
demo.pcm not found, waiting...
demo.pcm not found, waiting...
demo.pcm not found, waiting...
demo.pcm not found, waiting...
demo.pcm not found, waiting...
demo.pcm not found, waiting...
demo.pcm not found, waiting...
demo.pcm not found, waiting...
demo.pcm not found, waiting...
demo.pcm not found, waiting...
demo.pcm not found, waiting...
demo.pcm not found, waiting...
demo.pcm not found, waiting...
demo.pcm not found, waiting...
demo.pcm not found, waiting...
demo.pcm not found, waiting...
demo.pcm not found, waiting...
demo.pcm not found, waiting...
demo.pcm not found, waiting...
demo.pcm not found, waiting...
demo.pcm not found, waiting...
demo.pcm not found, waiting...
demo.pcm not found, waiting...
demo.pcm not found, waiting...
demo.pcm not found, waiting...
demo.pcm not found, waiting...
demo.pcm not found, waiting...
demo.pcm not found, waiting...
demo.pcm not found, waiting...
demo.pcm not found, waiting...
demo.pcm not found, waiting...
demo.pcm not found, waiting...
demo.pcm not found, waiting...
demo.pcm not found, waiting...
demo.pcm not found, waiting...
demo.pcm not found, waiting...
demo.pcm not found, waiting...
demo.pcm not found, waiting...
demo.pcm not found, waiting...
demo.pcm not found, waiting...
demo.pcm not found, waiting...
demo.pcm not found, waiting...
demo.pcm not found, waiting...
demo.pcm not found, waiting...
demo.pcm not found, waiting...
demo.pcm not found, waiting...
demo.pcm not found, waiting...
demo.pcm not found, waiting...
demo.pcm not found, waiting...
demo.pcm not found, waiting...
demo.pcm not found, waiting...
demo.pcm not found, waiting...
demo.pcm not found, waiting...
demo.pcm not found, waiting...
demo.pcm not found, waiting...
demo.pcm not found, waiting...
demo.pcm not found, waiting...
demo.pcm not found, waiting...
demo.pcm not found, waiting...
demo.pcm not found, waiting...
demo.pcm not found, waiting...
demo.pcm not found, waiting...
demo.pcm not found, waiting...
demo.pcm not found, waiting...
demo.pcm not found, waiting...
demo.pcm not found, waiting...
demo.pcm not found, waiting...
demo.pcm not found, waiting...
demo.pcm not found, waiting...
demo.pcm not found, waiting...
demo.pcm not found, waiting...
demo.pcm not found, waiting...
demo.pcm not found, waiting...
demo.pcm not found, waiting...
demo.pcm not found, waiting...
demo.pcm not found, waiting...
demo.pcm not found, waiting...
demo.pcm not found, waiting...
demo.pcm not found, waiting...
demo.pcm not found, waiting...
demo.pcm not found, waiting...
demo.pcm not found, waiting...
demo.pcm not found, waiting...
demo.pcm not found, waiting...
demo.pcm not found, waiting...
demo.pcm not found, waiting...
demo.pcm not found, waiting...
demo.pcm not found, waiting...
demo.pcm not found, waiting...
demo.pcm not found, waiting...
demo.pcm not found, waiting...
demo.pcm not found, waiting...
demo.pcm not found, waiting...
demo.pcm not found, waiting...
demo.pcm not found, waiting...
demo.pcm not found, waiting...
demo.pcm not found, waiting...
demo.pcm not found, waiting...
demo.pcm not found, waiting...
demo.pcm not found, waiting...
demo.pcm not found, waiting...
demo.pcm not found, waiting...
demo.pcm not found, waiting...
demo.pcm not found, waiting...
demo.pcm not found, waiting...
demo.pcm not found, waiting...
demo.pcm not found, waiting...
demo.pcm not found, waiting...
demo.pcm not found, waiting...
demo.pcm not found, waiting...
demo.pcm not found, waiting...
demo.pcm not found, waiting...
demo.pcm not found, waiting...
demo.pcm not found, waiting...
demo.pcm not found, waiting...
demo.pcm not found, waiting...
demo.pcm not found, waiting...
demo.pcm not found, waiting...
demo.pcm not found, waiting...
demo.pcm not found, waiting...
demo.pcm not found, waiting...
demo.pcm not found, waiting...
demo.pcm not found, waiting...
demo.pcm not found, waiting...
demo.pcm not found, waiting...
demo.pcm not found, waiting...
demo.pcm not found, waiting...
demo.pcm not found, waiting...
demo.pcm not found, waiting...
demo.pcm not found, waiting...
demo.pcm not found, waiting...
demo.pcm not found, waiting...
demo.pcm not found, waiting...
demo.pcm not found, waiting...
demo.pcm not found, waiting...
demo.pcm not found, waiting...
demo.pcm not found, waiting...
demo.pcm not found, waiting...
demo.pcm not found, waiting...
demo.pcm not found, waiting...
demo.pcm not found, waiting...
demo.pcm not found, waiting...
demo.pcm not found, waiting...
demo.pcm not found, waiting...
demo.pcm not found, waiting...
demo.pcm not found, waiting...
demo.pcm not found, waiting...
demo.pcm not found, waiting...
demo.pcm not found, waiting...
demo.pcm not found, waiting...
demo.pcm not found, waiting...
demo.pcm not found, waiting...
demo.pcm not found, waiting...
demo.pcm not found, waiting...
demo.pcm not found, waiting...
demo.pcm not found, waiting...
demo.pcm not found, waiting...
demo.pcm not found, waiting...
demo.pcm not found, waiting...
demo.pcm not found, waiting...
demo.pcm not found, waiting...
demo.pcm not found, waiting...
demo.pcm not found, waiting...
demo.pcm not found, waiting...
demo.pcm not found, waiting...
demo.pcm not found, waiting...
demo.pcm not found, waiting...
demo.pcm not found, waiting...
demo.pcm not found, waiting...
demo.pcm not found, waiting...
demo.pcm not found, waiting...
demo.pcm not found, waiting...
demo.pcm not found, waiting...
demo.pcm not found, waiting...
demo.pcm not found, waiting...
demo.pcm not found, waiting...
demo.pcm not found, waiting...
demo.pcm not found, waiting...
demo.pcm not found, waiting...
demo.pcm not found, waiting...
demo.pcm not found, waiting...
demo.pcm not found, waiting...
demo.pcm not found, waiting...
demo.pcm not found, waiting...
demo.pcm not found, waiting...
demo.pcm not found, waiting...
demo.pcm not found, waiting...
demo.pcm not found, waiting...
demo.pcm not found, waiting...
demo.pcm not found, waiting...
demo.pcm not found, waiting...
demo.pcm not found, waiting...
demo.pcm not found, waiting...
demo.pcm not found, waiting...
demo.pcm not found, waiting...
demo.pcm not found, waiting...
demo.pcm not found, waiting...
demo.pcm not found, waiting...
demo.pcm not found, waiting...
demo.pcm not found, waiting...
demo.pcm not found, waiting...
demo.pcm not found, waiting...
demo.pcm not found, waiting...
demo.pcm not found, waiting...
demo.pcm not found, waiting...
demo.pcm not found, waiting...
demo.pcm not found, waiting...
demo.pcm not found, waiting...
demo.pcm not found, waiting...
demo.pcm not found, waiting...
demo.pcm not found, waiting...
demo.pcm not found, waiting...
demo.pcm not found, waiting...
demo.pcm not found, waiting...
demo.pcm not found, waiting...
demo.pcm not found, waiting...
demo.pcm not found, waiting...
demo.pcm not found, waiting...
demo.pcm not found, waiting...
demo.pcm not found, waiting...
demo.pcm not found, waiting...
demo.pcm not found, waiting...
demo.pcm not found, waiting...
demo.pcm not found, waiting...
demo.pcm not found, waiting...
demo.pcm not found, waiting...
demo.pcm not found, waiting...
demo.pcm not found, waiting...
demo.pcm not found, waiting...
demo.pcm not found, waiting...
demo.pcm not found, waiting...
demo.pcm not found, waiting...
demo.pcm not found, waiting...
demo.pcm not found, waiting...
demo.pcm not found, waiting...
demo.pcm not found, waiting...
demo.pcm not found, waiting...
demo.pcm not found, waiting...
demo.pcm not found, waiting...
demo.pcm not found, waiting...
demo.pcm not found, waiting...
demo.pcm not found, waiting...
demo.pcm not found, waiting...
demo.pcm not found, waiting...
demo.pcm not found, waiting...
demo.pcm not found, waiting...
demo.pcm not found, waiting...
demo.pcm not found, waiting...
demo.pcm not found, waiting...
demo.pcm not found, waiting...
demo.pcm not found, waiting...
demo.pcm not found, waiting...
demo.pcm not found, waiting...
demo.pcm not found, waiting...
demo.pcm not found, waiting...
demo.pcm not found, waiting...
demo.pcm not found, waiting...
demo.pcm not found, waiting...
demo.pcm not found, waiting...
demo.pcm not found, waiting...
demo.pcm not found, waiting...
demo.pcm not found, waiting...
demo.pcm not found, waiting...
demo.pcm not found, waiting...
demo.pcm not found, waiting...
demo.pcm not found, waiting...
demo.pcm not found, waiting...
demo.pcm not found, waiting...
demo.pcm not found, waiting...
demo.pcm not found, waiting...
demo.pcm not found, waiting...
demo.pcm not found, waiting...
demo.pcm not found, waiting...
demo.pcm not found, waiting...
demo.pcm not found, waiting...
demo.pcm not found, waiting...
demo.pcm not found, waiting...
demo.pcm not found, waiting...
demo.pcm not found, waiting...
demo.pcm not found, waiting...
demo.pcm not found, waiting...
demo.pcm not found, waiting...
demo.pcm not found, waiting...
demo.pcm not found, waiting...
demo.pcm not found, waiting...
demo.pcm not found, waiting...
demo.pcm not found, waiting...
demo.pcm not found, waiting...
demo.pcm not found, waiting...
demo.pcm not found, waiting...
demo.pcm not found, waiting...
demo.pcm not found, waiting...
demo.pcm not found, waiting...
demo.pcm not found, waiting...
demo.pcm not found, waiting...
demo.pcm not found, waiting...
demo.pcm not found, waiting...
demo.pcm not found, waiting...
demo.pcm not found, waiting...
demo.pcm not found, waiting...
demo.pcm not found, waiting...
demo.pcm not found, waiting...
demo.pcm not found, waiting...
demo.pcm not found, waiting...
demo.pcm not found, waiting...
demo.pcm not found, waiting...
demo.pcm not found, waiting...
demo.pcm not found, waiting...
demo.pcm not found, waiting...
demo.pcm not found, waiting...
demo.pcm not found, waiting...
demo.pcm not found, waiting...
demo.pcm not found, waiting...
demo.pcm not found, waiting...
demo.pcm not found, waiting...
demo.pcm not found, waiting...
demo.pcm not found, waiting...
demo.pcm not found, waiting...
demo.pcm not found, waiting...
demo.pcm not found, waiting...
demo.pcm not found, waiting...
demo.pcm not found, waiting...
demo.pcm not found, waiting...
demo.pcm not found, waiting...
demo.pcm not found, waiting...
demo.pcm not found, waiting...
demo.pcm not found, waiting...
demo.pcm not found, waiting...
demo.pcm not found, waiting...
demo.pcm not found, waiting...
demo.pcm not found, waiting...
demo.pcm not found, waiting...
demo.pcm not found, waiting...
demo.pcm not found, waiting...
demo.pcm not found, waiting...
demo.pcm not found, waiting...
demo.pcm not found, waiting...
demo.pcm not found, waiting...
demo.pcm not found, waiting...
demo.pcm not found, waiting...
demo.pcm not found, waiting...
demo.pcm not found, waiting...
demo.pcm not found, waiting...
demo.pcm not found, waiting...
demo.pcm not found, waiting...
demo.pcm not found, waiting...
demo.pcm not found, waiting...
demo.pcm not found, waiting...
demo.pcm not found, waiting...
demo.pcm not found, waiting...
demo.pcm not found, waiting...
demo.pcm not found, waiting...
demo.pcm not found, waiting...
demo.pcm not found, waiting...
demo.pcm not found, waiting...
demo.pcm not found, waiting...
demo.pcm not found, waiting...
demo.pcm not found, waiting...
demo.pcm not found, waiting...
demo.pcm not found, waiting...
demo.pcm not found, waiting...
demo.pcm not found, waiting...
demo.pcm not found, waiting...
demo.pcm not found, waiting...
demo.pcm not found, waiting...
demo.pcm not found, waiting...
demo.pcm not found, waiting...
demo.pcm not found, waiting...
demo.pcm not found, waiting...
demo.pcm not found, waiting...
demo.pcm not found, waiting...
demo.pcm not found, waiting...
demo.pcm not found, waiting...
demo.pcm not found, waiting...
demo.pcm not found, waiting...
demo.pcm not found, waiting...
demo.pcm not found, waiting...
demo.pcm not found, waiting...
demo.pcm not found, waiting...
demo.pcm not found, waiting...
demo.pcm not found, waiting...
demo.pcm not found, waiting...
demo.pcm not found, waiting...
demo.pcm not found, waiting...
demo.pcm not found, waiting...
demo.pcm not found, waiting...
demo.pcm not found, waiting...
demo.pcm not found, waiting...
demo.pcm not found, waiting...
demo.pcm not found, waiting...
demo.pcm not found, waiting...
demo.pcm not found, waiting...
demo.pcm not found, waiting...
demo.pcm not found, waiting...
demo.pcm not found, waiting...
demo.pcm not found, waiting...
demo.pcm not found, waiting...
demo.pcm not found, waiting...
demo.pcm not found, waiting...
demo.pcm not found, waiting...
demo.pcm not found, waiting...
demo.pcm not found, waiting...
demo.pcm not found, waiting...
demo.pcm not found, waiting...
demo.pcm not found, waiting...
demo.pcm not found, waiting...
demo.pcm not found, waiting...
demo.pcm not found, waiting...
demo.pcm not found, waiting...
demo.pcm not found, waiting...
demo.pcm not found, waiting...
demo.pcm not found, waiting...
demo.pcm not found, waiting...
demo.pcm not found, waiting...
demo.pcm not found, waiting...
demo.pcm not found, waiting...
demo.pcm not found, waiting...
demo.pcm not found, waiting...
demo.pcm not found, waiting...
demo.pcm not found, waiting...
demo.pcm not found, waiting...
demo.pcm not found, waiting...
demo.pcm not found, waiting...
demo.pcm not found, waiting...
demo.pcm not found, waiting...
demo.pcm not found, waiting...
demo.pcm not found, waiting...
demo.pcm not found, waiting...
demo.pcm not found, waiting...
demo.pcm not found, waiting...
demo.pcm not found, waiting...
demo.pcm not found, waiting...
demo.pcm not found, waiting...
demo.pcm not found, waiting...
demo.pcm not found, waiting...
demo.pcm not found, waiting...
demo.pcm not found, waiting...
demo.pcm not found, waiting...
demo.pcm not found, waiting...
demo.pcm not found, waiting...
demo.pcm not found, waiting...
demo.pcm not found, waiting...
demo.pcm not found, waiting...
demo.pcm not found, waiting...
demo.pcm not found, waiting...
demo.pcm not found, waiting...
demo.pcm not found, waiting...
demo.pcm not found, waiting...
demo.pcm not found, waiting...
demo.pcm not found, waiting...
demo.pcm not found, waiting...
demo.pcm not found, waiting...
demo.pcm not found, waiting...
demo.pcm not found, waiting...
demo.pcm not found, waiting...
demo.pcm not found, waiting...
demo.pcm not found, waiting...
demo.pcm not found, waiting...
demo.pcm not found, waiting...
demo.pcm not found, waiting...
demo.pcm not found, waiting...
demo.pcm not found, waiting...
demo.pcm not found, waiting...
demo.pcm not found, waiting...
demo.pcm not found, waiting...
demo.pcm not found, waiting...
demo.pcm not found, waiting...
demo.pcm not found, waiting...
demo.pcm not found, waiting...
demo.pcm not found, waiting...
demo.pcm not found, waiting...
demo.pcm not found, waiting...
demo.pcm not found, waiting...
demo.pcm not found, waiting...
demo.pcm not found, waiting...
demo.pcm not found, waiting...
demo.pcm not found, waiting...
demo.pcm not found, waiting...
demo.pcm not found, waiting...
demo.pcm not found, waiting...
demo.pcm not found, waiting...
demo.pcm not found, waiting...
demo.pcm not found, waiting...
demo.pcm not found, waiting...
demo.pcm not found, waiting...
demo.pcm not found, waiting...
demo.pcm not found, waiting...
demo.pcm not found, waiting...
demo.pcm not found, waiting...
demo.pcm not found, waiting...
demo.pcm not found, waiting...
demo.pcm not found, waiting...
demo.pcm not found, waiting...
demo.pcm not found, waiting...
demo.pcm not found, waiting...
demo.pcm not found, waiting...
demo.pcm not found, waiting...
demo.pcm not found, waiting...
demo.pcm not found, waiting...
demo.pcm not found, waiting...
demo.pcm not found, waiting...
demo.pcm not found, waiting...
demo.pcm not found, waiting...
demo.pcm not found, waiting...
demo.pcm not found, waiting...
demo.pcm not found, waiting...
demo.pcm not found, waiting...
demo.pcm not found, waiting...
demo.pcm not found, waiting...
demo.pcm not found, waiting...
demo.pcm not found, waiting...
demo.pcm not found, waiting...
demo.pcm not found, waiting...
demo.pcm not found, waiting...
demo.pcm not found, waiting...
demo.pcm not found, waiting...
demo.pcm not found, waiting...
demo.pcm not found, waiting...
demo.pcm not found, waiting...
demo.pcm not found, waiting...
demo.pcm not found, waiting...
demo.pcm not found, waiting...
demo.pcm not found, waiting...
demo.pcm not found, waiting...
demo.pcm not found, waiting...
demo.pcm not found, waiting...
demo.pcm not found, waiting...
demo.pcm not found, waiting...
demo.pcm not found, waiting...
demo.pcm not found, waiting...
demo.pcm not found, waiting...
demo.pcm not found, waiting...
demo.pcm not found, waiting...
demo.pcm not found, waiting...
demo.pcm not found, waiting...
demo.pcm not found, waiting...
demo.pcm not found, waiting...
demo.pcm not found, waiting...
demo.pcm not found, waiting...
demo.pcm not found, waiting...
demo.pcm not found, waiting...
demo.pcm not found, waiting...
demo.pcm not found, waiting...
demo.pcm not found, waiting...
demo.pcm not found, waiting...
demo.pcm not found, waiting...
demo.pcm not found, waiting...
demo.pcm not found, waiting...
demo.pcm not found, waiting...
demo.pcm not found, waiting...
demo.pcm not found, waiting...
demo.pcm not found, waiting...
demo.pcm not found, waiting...
demo.pcm not found, waiting...
demo.pcm not found, waiting...
demo.pcm not found, waiting...
demo.pcm not found, waiting...
demo.pcm not found, waiting...
demo.pcm not found, waiting...
demo.pcm not found, waiting...
demo.pcm not found, waiting...
demo.pcm not found, waiting...
demo.pcm not found, waiting...
demo.pcm not found, waiting...
demo.pcm not found, waiting...
demo.pcm not found, waiting...
demo.pcm not found, waiting...
demo.pcm not found, waiting...
demo.pcm not found, waiting...
demo.pcm not found, waiting...
demo.pcm not found, waiting...
demo.pcm not found, waiting...
demo.pcm not found, waiting...
demo.pcm not found, waiting...
demo.pcm not found, waiting...
demo.pcm not found, waiting...
demo.pcm not found, waiting...
demo.pcm not found, waiting...
demo.pcm not found, waiting...
demo.pcm not found, waiting...
demo.pcm not found, waiting...
demo.pcm not found, waiting...
demo.pcm not found, waiting...
demo.pcm not found, waiting...
demo.pcm not found, waiting...
demo.pcm not found, waiting...
demo.pcm not found, waiting...
demo.pcm not found, waiting...
demo.pcm not found, waiting...
demo.pcm not found, waiting...
demo.pcm not found, waiting...
demo.pcm not found, waiting...
demo.pcm not found, waiting...
demo.pcm not found, waiting...
demo.pcm not found, waiting...
demo.pcm not found, waiting...
demo.pcm not found, waiting...
demo.pcm not found, waiting...
demo.pcm not found, waiting...
demo.pcm not found, waiting...
demo.pcm not found, waiting...
demo.pcm not found, waiting...
demo.pcm not found, waiting...
demo.pcm not found, waiting...
demo.pcm not found, waiting...
demo.pcm not found, waiting...
demo.pcm not found, waiting...
demo.pcm not found, waiting...
demo.pcm not found, waiting...
demo.pcm not found, waiting...
demo.pcm not found, waiting...
demo.pcm not found, waiting...
demo.pcm not found, waiting...
demo.pcm not found, waiting...
demo.pcm not found, waiting...
demo.pcm not found, waiting...
demo.pcm not found, waiting...
demo.pcm not found, waiting...
demo.pcm not found, waiting...
demo.pcm not found, waiting...
demo.pcm not found, waiting...
demo.pcm not found, waiting...
demo.pcm not found, waiting...
demo.pcm not found, waiting...
demo.pcm not found, waiting...
demo.pcm not found, waiting...
demo.pcm not found, waiting...
demo.pcm not found, waiting...
demo.pcm not found, waiting...
demo.pcm not found, waiting...
demo.pcm not found, waiting...
demo.pcm not found, waiting...
demo.pcm not found, waiting...
demo.pcm not found, waiting...
demo.pcm not found, waiting...
demo.pcm not found, waiting...
demo.pcm not found, waiting...
demo.pcm not found, waiting...
demo.pcm not found, waiting...
demo.pcm not found, waiting...
demo.pcm not found, waiting...
demo.pcm not found, waiting...
demo.pcm not found, waiting...
demo.pcm not found, waiting...
demo.pcm not found, waiting...
demo.pcm not found, waiting...
demo.pcm not found, waiting...
demo.pcm not found, waiting...
demo.pcm not found, waiting...
demo.pcm not found, waiting...
demo.pcm not found, waiting...
demo.pcm not found, waiting...
demo.pcm not found, waiting...
demo.pcm not found, waiting...
demo.pcm not found, waiting...
demo.pcm not found, waiting...
demo.pcm not found, waiting...
demo.pcm not found, waiting...
demo.pcm not found, waiting...
demo.pcm not found, waiting...
demo.pcm not found, waiting...
demo.pcm not found, waiting...
demo.pcm not found, waiting...
demo.pcm not found, waiting...
demo.pcm not found, waiting...
demo.pcm not found, waiting...
demo.pcm not found, waiting...
demo.pcm not found, waiting...
demo.pcm not found, waiting...
demo.pcm not found, waiting...
demo.pcm not found, waiting...
demo.pcm not found, waiting...
demo.pcm not found, waiting...
demo.pcm not found, waiting...
demo.pcm not found, waiting...
demo.pcm not found, waiting...
demo.pcm not found, waiting...
demo.pcm not found, waiting...
demo.pcm not found, waiting...
demo.pcm not found, waiting...
demo.pcm not found, waiting...
demo.pcm not found, waiting...
demo.pcm not found, waiting...
demo.pcm not found, waiting...
demo.pcm not found, waiting...
demo.pcm not found, waiting...
demo.pcm not found, waiting...
demo.pcm not found, waiting...
demo.pcm not found, waiting...
demo.pcm not found, waiting...
demo.pcm not found, waiting...
demo.pcm not found, waiting...
demo.pcm not found, waiting...
demo.pcm not found, waiting...
demo.pcm not found, waiting...
demo.pcm not found, waiting...
demo.pcm not found, waiting...
demo.pcm not found, waiting...
demo.pcm not found, waiting...
demo.pcm not found, waiting...
demo.pcm not found, waiting...
demo.pcm not found, waiting...
demo.pcm not found, waiting...
demo.pcm not found, waiting...
demo.pcm not found, waiting...
demo.pcm not found, waiting...
demo.pcm not found, waiting...
demo.pcm not found, waiting...
demo.pcm not found, waiting...
demo.pcm not found, waiting...
demo.pcm not found, waiting...
demo.pcm not found, waiting...
demo.pcm not found, waiting...
demo.pcm not found, waiting...
demo.pcm not found, waiting...
demo.pcm not found, waiting...
demo.pcm not found, waiting...
demo.pcm not found, waiting...
demo.pcm not found, waiting...
demo.pcm not found, waiting...
demo.pcm not found, waiting...
demo.pcm not found, waiting...
demo.pcm not found, waiting...
demo.pcm not found, waiting...
demo.pcm not found, waiting...
demo.pcm not found, waiting...
demo.pcm not found, waiting...
demo.pcm not found, waiting...
demo.pcm not found, waiting...
demo.pcm not found, waiting...
demo.pcm not found, waiting...
demo.pcm not found, waiting...
demo.pcm not found, waiting...
demo.pcm not found, waiting...
demo.pcm not found, waiting...
demo.pcm not found, waiting...
demo.pcm not found, waiting...
demo.pcm not found, waiting...
demo.pcm not found, waiting...
demo.pcm not found, waiting...
demo.pcm not found, waiting...
demo.pcm not found, waiting...
demo.pcm not found, waiting...
demo.pcm not found, waiting...
demo.pcm not found, waiting...
demo.pcm not found, waiting...
demo.pcm not found, waiting...
demo.pcm not found, waiting...
demo.pcm not found, waiting...
demo.pcm not found, waiting...
demo.pcm not found, waiting...
demo.pcm not found, waiting...
demo.pcm not found, waiting...
demo.pcm not found, waiting...
demo.pcm not found, waiting...
demo.pcm not found, waiting...
demo.pcm not found, waiting...
demo.pcm not found, waiting...
demo.pcm not found, waiting...
demo.pcm not found, waiting...
demo.pcm not found, waiting...
demo.pcm not found, waiting...
demo.pcm not found, waiting...
demo.pcm not found, waiting...
demo.pcm not found, waiting...
demo.pcm not found, waiting...
demo.pcm not found, waiting...
demo.pcm not found, waiting...
demo.pcm not found, waiting...
demo.pcm not found, waiting...
demo.pcm not found, waiting...
demo.pcm not found, waiting...
demo.pcm not found, waiting...
demo.pcm not found, waiting...
demo.pcm not found, waiting...
demo.pcm not found, waiting...
demo.pcm not found, waiting...
demo.pcm not found, waiting...
demo.pcm not found, waiting...
demo.pcm not found, waiting...
demo.pcm not found, waiting...
demo.pcm not found, waiting...
demo.pcm not found, waiting...
demo.pcm not found, waiting...
demo.pcm not found, waiting...
demo.pcm not found, waiting...
demo.pcm not found, waiting...
demo.pcm not found, waiting...
demo.pcm not found, waiting...
demo.pcm not found, waiting...
demo.pcm not found, waiting...
demo.pcm not found, waiting...
demo.pcm not found, waiting...
demo.pcm not found, waiting...
demo.pcm not found, waiting...
demo.pcm not found, waiting...
demo.pcm not found, waiting...
demo.pcm not found, waiting...
demo.pcm not found, waiting...
demo.pcm not found, waiting...
demo.pcm not found, waiting...
demo.pcm not found, waiting...
demo.pcm not found, waiting...
demo.pcm not found, waiting...
demo.pcm not found, waiting...
demo.pcm not found, waiting...
demo.pcm not found, waiting...
demo.pcm not found, waiting...
demo.pcm not found, waiting...
demo.pcm not found, waiting...
demo.pcm not found, waiting...
demo.pcm not found, waiting...
demo.pcm not found, waiting...
demo.pcm not found, waiting...
demo.pcm not found, waiting...
demo.pcm not found, waiting...
demo.pcm not found, waiting...
demo.pcm not found, waiting...
demo.pcm not found, waiting...
demo.pcm not found, waiting...
demo.pcm not found, waiting...
demo.pcm not found, waiting...
demo.pcm not found, waiting...
demo.pcm not found, waiting...
demo.pcm not found, waiting...
demo.pcm not found, waiting...
demo.pcm not found, waiting...
demo.pcm not found, waiting...
demo.pcm not found, waiting...
demo.pcm not found, waiting...
demo.pcm not found, waiting...
demo.pcm not found, waiting...
demo.pcm not found, waiting...
demo.pcm not found, waiting...
demo.pcm not found, waiting...
demo.pcm not found, waiting...
demo.pcm not found, waiting...
demo.pcm not found, waiting...
demo.pcm not found, waiting...
demo.pcm not found, waiting...
demo.pcm not found, waiting...
demo.pcm not found, waiting...
demo.pcm not found, waiting...
demo.pcm not found, waiting...
demo.pcm not found, waiting...
demo.pcm not found, waiting...
demo.pcm not found, waiting...
demo.pcm not found, waiting...
demo.pcm not found, waiting...
demo.pcm not found, waiting...
demo.pcm not found, waiting...
demo.pcm not found, waiting...
demo.pcm not found, waiting...
demo.pcm not found, waiting...
demo.pcm not found, waiting...
demo.pcm not found, waiting...
demo.pcm not found, waiting...
demo.pcm not found, waiting...
demo.pcm not found, waiting...
demo.pcm not found, waiting...
demo.pcm not found, waiting...
demo.pcm not found, waiting...
demo.pcm not found, waiting...
demo.pcm not found, waiting...
demo.pcm not found, waiting...
demo.pcm not found, waiting...
demo.pcm not found, waiting...
demo.pcm not found, waiting...
demo.pcm not found, waiting...
demo.pcm not found, waiting...
demo.pcm not found, waiting...
demo.pcm not found, waiting...
demo.pcm not found, waiting...
demo.pcm not found, waiting...
demo.pcm not found, waiting...
demo.pcm not found, waiting...
demo.pcm not found, waiting...
demo.pcm not found, waiting...
demo.pcm not found, waiting...
demo.pcm not found, waiting...
demo.pcm not found, waiting...
demo.pcm not found, waiting...
demo.pcm not found, waiting...
demo.pcm not found, waiting...
demo.pcm not found, waiting...
demo.pcm not found, waiting...
demo.pcm not found, waiting...
demo.pcm not found, waiting...
demo.pcm not found, waiting...
demo.pcm not found, waiting...
demo.pcm not found, waiting...
demo.pcm not found, waiting...
demo.pcm not found, waiting...
demo.pcm not found, waiting...
demo.pcm not found, waiting...
demo.pcm not found, waiting...
demo.pcm not found, waiting...
demo.pcm not found, waiting...
demo.pcm not found, waiting...
demo.pcm not found, waiting...
demo.pcm not found, waiting...
demo.pcm not found, waiting...
demo.pcm not found, waiting...
demo.pcm not found, waiting...
demo.pcm not found, waiting...
demo.pcm not found, waiting...
demo.pcm not found, waiting...
demo.pcm not found, waiting...
demo.pcm not found, waiting...
demo.pcm not found, waiting...
demo.pcm not found, waiting...
demo.pcm not found, waiting...
demo.pcm not found, waiting...
demo.pcm not found, waiting...
demo.pcm not found, waiting...
demo.pcm not found, waiting...
demo.pcm not found, waiting...
demo.pcm not found, waiting...
demo.pcm not found, waiting...
demo.pcm not found, waiting...
demo.pcm not found, waiting...
demo.pcm not found, waiting...
demo.pcm not found, waiting...
demo.pcm not found, waiting...
demo.pcm not found, waiting...
demo.pcm not found, waiting...
demo.pcm not found, waiting...
demo.pcm not found, waiting...
demo.pcm not found, waiting...
demo.pcm not found, waiting...
demo.pcm not found, waiting...
demo.pcm not found, waiting...
demo.pcm not found, waiting...
demo.pcm not found, waiting...
demo.pcm not found, waiting...
demo.pcm not found, waiting...
demo.pcm not found, waiting...
demo.pcm not found, waiting...
demo.pcm not found, waiting...
demo.pcm not found, waiting...
demo.pcm not found, waiting...
demo.pcm not found, waiting...
demo.pcm not found, waiting...
demo.pcm not found, waiting...
demo.pcm not found, waiting...
demo.pcm not found, waiting...
demo.pcm not found, waiting...
demo.pcm not found, waiting...
demo.pcm not found, waiting...
demo.pcm not found, waiting...
demo.pcm not found, waiting...
demo.pcm not found, waiting...
demo.pcm not found, waiting...
demo.pcm not found, waiting...
demo.pcm not found, waiting...
demo.pcm not found, waiting...
demo.pcm not found, waiting...
demo.pcm not found, waiting...
demo.pcm not found, waiting...
demo.pcm not found, waiting...
demo.pcm not found, waiting...
demo.pcm not found, waiting...
demo.pcm not found, waiting...
demo.pcm not found, waiting...
demo.pcm not found, waiting...
demo.pcm not found, waiting...
demo.pcm not found, waiting...
demo.pcm not found, waiting...
demo.pcm not found, waiting...
demo.pcm not found, waiting...
demo.pcm not found, waiting...
demo.pcm not found, waiting...
demo.pcm not found, waiting...
demo.pcm not found, waiting...
demo.pcm not found, waiting...
demo.pcm not found, waiting...
demo.pcm not found, waiting...
demo.pcm not found, waiting...
demo.pcm not found, waiting...
demo.pcm not found, waiting...
demo.pcm not found, waiting...
demo.pcm not found, waiting...
demo.pcm not found, waiting...
demo.pcm not found, waiting...
demo.pcm not found, waiting...
demo.pcm not found, waiting...
demo.pcm not found, waiting...
demo.pcm not found, waiting...
demo.pcm not found, waiting...
demo.pcm not found, waiting...
demo.pcm not found, waiting...
demo.pcm not found, waiting...
demo.pcm not found, waiting...
demo.pcm not found, waiting...
demo.pcm not found, waiting...
demo.pcm not found, waiting...
demo.pcm not found, waiting...
demo.pcm not found, waiting...
demo.pcm not found, waiting...
demo.pcm not found, waiting...
demo.pcm not found, waiting...
demo.pcm not found, waiting...
demo.pcm not found, waiting...
demo.pcm not found, waiting...
demo.pcm not found, waiting...
demo.pcm not found, waiting...
demo.pcm not found, waiting...
demo.pcm not found, waiting...
demo.pcm not found, waiting...
demo.pcm not found, waiting...
demo.pcm not found, waiting...
demo.pcm not found, waiting...
demo.pcm not found, waiting...
demo.pcm not found, waiting...
demo.pcm not found, waiting...
demo.pcm not found, waiting...
demo.pcm not found, waiting...
demo.pcm not found, waiting...
demo.pcm not found, waiting...
demo.pcm not found, waiting...
demo.pcm not found, waiting...
demo.pcm not found, waiting...
demo.pcm not found, waiting...
demo.pcm not found, waiting...
demo.pcm not found, waiting...
demo.pcm not found, waiting...
demo.pcm not found, waiting...
demo.pcm not found, waiting...
demo.pcm not found, waiting...
demo.pcm not found, waiting...
demo.pcm not found, waiting...
demo.pcm not found, waiting...
demo.pcm not found, waiting...
demo.pcm not found, waiting...
demo.pcm not found, waiting...
demo.pcm not found, waiting...
demo.pcm not found, waiting...
demo.pcm not found, waiting...
demo.pcm not found, waiting...
demo.pcm not found, waiting...
demo.pcm not found, waiting...
demo.pcm not found, waiting...
demo.pcm not found, waiting...
demo.pcm not found, waiting...
demo.pcm not found, waiting...
demo.pcm not found, waiting...
demo.pcm not found, waiting...
demo.pcm not found, waiting...
demo.pcm not found, waiting...
demo.pcm not found, waiting...
demo.pcm not found, waiting...
demo.pcm not found, waiting...
demo.pcm not found, waiting...
demo.pcm not found, waiting...
demo.pcm not found, waiting...
demo.pcm not found, waiting...
demo.pcm not found, waiting...
demo.pcm not found, waiting...
demo.pcm not found, waiting...
demo.pcm not found, waiting...
demo.pcm not found, waiting...
demo.pcm not found, waiting...
demo.pcm not found, waiting...
demo.pcm not found, waiting...
demo.pcm not found, waiting...
demo.pcm not found, waiting...
demo.pcm not found, waiting...
demo.pcm not found, waiting...
demo.pcm not found, waiting...
demo.pcm not found, waiting...
demo.pcm not found, waiting...
demo.pcm not found, waiting...
demo.pcm not found, waiting...
demo.pcm not found, waiting...
demo.pcm not found, waiting...
demo.pcm not found, waiting...
demo.pcm not found, waiting...
demo.pcm not found, waiting...
demo.pcm not found, waiting...
demo.pcm not found, waiting...
demo.pcm not found, waiting...
demo.pcm not found, waiting...
demo.pcm not found, waiting...
demo.pcm not found, waiting...
demo.pcm not found, waiting...
demo.pcm not found, waiting...
demo.pcm not found, waiting...
demo.pcm not found, waiting...
demo.pcm not found, waiting...
demo.pcm not found, waiting...
demo.pcm not found, waiting...
demo.pcm not found, waiting...
demo.pcm not found, waiting...
demo.pcm not found, waiting...
demo.pcm not found, waiting...
demo.pcm not found, waiting...
demo.pcm not found, waiting...
demo.pcm not found, waiting...
demo.pcm not found, waiting...
demo.pcm not found, waiting...
demo.pcm not found, waiting...
demo.pcm not found, waiting...
demo.pcm not found, waiting...
demo.pcm not found, waiting...
demo.pcm not found, waiting...
demo.pcm not found, waiting...
demo.pcm not found, waiting...
demo.pcm not found, waiting...
demo.pcm not found, waiting...
demo.pcm not found, waiting...
demo.pcm not found, waiting...
demo.pcm not found, waiting...
demo.pcm not found, waiting...
demo.pcm not found, waiting...
demo.pcm not found, waiting...
demo.pcm not found, waiting...
demo.pcm not found, waiting...
demo.pcm not found, waiting...
demo.pcm not found, waiting...
demo.pcm not found, waiting...
demo.pcm not found, waiting...
demo.pcm not found, waiting...
demo.pcm not found, waiting...
demo.pcm not found, waiting...
demo.pcm not found, waiting...
demo.pcm not found, waiting...
demo.pcm not found, waiting...
demo.pcm not found, waiting...
demo.pcm not found, waiting...
demo.pcm not found, waiting...
demo.pcm not found, waiting...
demo.pcm not found, waiting...
demo.pcm not found, waiting...
demo.pcm not found, waiting...
demo.pcm not found, waiting...
demo.pcm not found, waiting...
demo.pcm not found, waiting...
demo.pcm not found, waiting...
demo.pcm not found, waiting...
demo.pcm not found, waiting...
demo.pcm not found, waiting...
demo.pcm not found, waiting...
demo.pcm not found, waiting...
demo.pcm not found, waiting...
demo.pcm not found, waiting...
demo.pcm not found, waiting...
demo.pcm not found, waiting...
demo.pcm not found, waiting...
demo.pcm not found, waiting...
demo.pcm not found, waiting...
demo.pcm not found, waiting...
demo.pcm not found, waiting...
demo.pcm not found, waiting...
demo.pcm not found, waiting...
demo.pcm not found, waiting...
demo.pcm not found, waiting...
demo.pcm not found, waiting...
demo.pcm not found, waiting...
demo.pcm not found, waiting...
demo.pcm not found, waiting...
demo.pcm not found, waiting...
demo.pcm not found, waiting...
demo.pcm not found, waiting...
demo.pcm not found, waiting...
demo.pcm not found, waiting...
demo.pcm not found, waiting...
demo.pcm not found, waiting...
demo.pcm not found, waiting...
demo.pcm not found, waiting...
demo.pcm not found, waiting...
demo.pcm not found, waiting...
demo.pcm not found, waiting...
demo.pcm not found, waiting...
demo.pcm not found, waiting...
demo.pcm not found, waiting...
demo.pcm not found, waiting...
demo.pcm not found, waiting...
demo.pcm not found, waiting...
demo.pcm not found, waiting...
demo.pcm not found, waiting...
demo.pcm not found, waiting...
demo.pcm not found, waiting...
demo.pcm not found, waiting...
demo.pcm not found, waiting...
demo.pcm not found, waiting...
demo.pcm not found, waiting...
demo.pcm not found, waiting...
demo.pcm not found, waiting...
demo.pcm not found, waiting...
demo.pcm not found, waiting...
demo.pcm not found, waiting...
demo.pcm not found, waiting...
demo.pcm not found, waiting...
demo.pcm not found, waiting...
demo.pcm not found, waiting...
demo.pcm not found, waiting...
demo.pcm not found, waiting...
demo.pcm not found, waiting...
demo.pcm not found, waiting...
demo.pcm not found, waiting...
demo.pcm not found, waiting...
demo.pcm not found, waiting...
demo.pcm not found, waiting...
demo.pcm not found, waiting...
demo.pcm not found, waiting...
demo.pcm not found, waiting...
demo.pcm not found, waiting...
demo.pcm not found, waiting...
demo.pcm not found, waiting...
demo.pcm not found, waiting...
demo.pcm not found, waiting...
demo.pcm not found, waiting...
demo.pcm not found, waiting...
demo.pcm not found, waiting...
demo.pcm not found, waiting...
demo.pcm not found, waiting...
demo.pcm not found, waiting...
demo.pcm not found, waiting...
demo.pcm not found, waiting...
demo.pcm not found, waiting...
demo.pcm not found, waiting...
demo.pcm not found, waiting...
demo.pcm not found, waiting...
demo.pcm not found, waiting...
demo.pcm not found, waiting...
demo.pcm not found, waiting...
demo.pcm not found, waiting...
demo.pcm not found, waiting...
demo.pcm not found, waiting...
demo.pcm not found, waiting...
demo.pcm not found, waiting...
demo.pcm not found, waiting...
demo.pcm not found, waiting...
demo.pcm not found, waiting...
demo.pcm not found, waiting...
demo.pcm not found, waiting...
demo.pcm not found, waiting...
demo.pcm not found, waiting...
demo.pcm not found, waiting...
demo.pcm not found, waiting...
demo.pcm not found, waiting...
demo.pcm not found, waiting...
demo.pcm not found, waiting...
demo.pcm not found, waiting...
demo.pcm not found, waiting...
demo.pcm not found, waiting...
demo.pcm not found, waiting...
demo.pcm not found, waiting...
demo.pcm not found, waiting...
demo.pcm not found, waiting...
demo.pcm not found, waiting...
demo.pcm not found, waiting...
demo.pcm not found, waiting...
demo.pcm not found, waiting...
demo.pcm not found, waiting...
demo.pcm not found, waiting...
demo.pcm not found, waiting...
demo.pcm not found, waiting...
demo.pcm not found, waiting...
demo.pcm not found, waiting...
demo.pcm not found, waiting...
demo.pcm not found, waiting...
demo.pcm not found, waiting...
demo.pcm not found, waiting...
demo.pcm not found, waiting...
demo.pcm not found, waiting...
demo.pcm not found, waiting...
demo.pcm not found, waiting...
demo.pcm not found, waiting...
demo.pcm not found, waiting...
demo.pcm not found, waiting...
demo.pcm not found, waiting...
demo.pcm not found, waiting...
demo.pcm not found, waiting...
demo.pcm not found, waiting...
demo.pcm not found, waiting...
demo.pcm not found, waiting...
demo.pcm not found, waiting...
demo.pcm not found, waiting...
demo.pcm not found, waiting...
demo.pcm not found, waiting...
demo.pcm not found, waiting...
demo.pcm not found, waiting...
demo.pcm not found, waiting...
demo.pcm not found, waiting...
demo.pcm not found, waiting...
demo.pcm not found, waiting...
demo.pcm not found, waiting...
demo.pcm not found, waiting...
demo.pcm not found, waiting...
demo.pcm not found, waiting...
demo.pcm not found, waiting...
demo.pcm not found, waiting...
demo.pcm not found, waiting...
demo.pcm not found, waiting...
demo.pcm not found, waiting...
demo.pcm not found, waiting...
demo.pcm not found, waiting...
demo.pcm not found, waiting...
demo.pcm not found, waiting...
demo.pcm not found, waiting...
demo.pcm not found, waiting...
demo.pcm not found, waiting...
demo.pcm not found, waiting...
demo.pcm not found, waiting...
demo.pcm not found, waiting...
demo.pcm not found, waiting...
demo.pcm not found, waiting...
demo.pcm not found, waiting...
demo.pcm not found, waiting...
demo.pcm not found, waiting...
demo.pcm not found, waiting...
demo.pcm not found, waiting...
demo.pcm not found, waiting...
demo.pcm not found, waiting...
demo.pcm not found, waiting...
demo.pcm not found, waiting...
demo.pcm not found, waiting...
demo.pcm not found, waiting...
demo.pcm not found, waiting...
demo.pcm not found, waiting...
demo.pcm not found, waiting...
demo.pcm not found, waiting...
demo.pcm not found, waiting...
demo.pcm not found, waiting...
demo.pcm not found, waiting...
demo.pcm not found, waiting...
demo.pcm not found, waiting...
demo.pcm not found, waiting...
demo.pcm not found, waiting...
demo.pcm not found, waiting...
demo.pcm not found, waiting...
demo.pcm not found, waiting...
demo.pcm not found, waiting...
demo.pcm not found, waiting...
demo.pcm not found, waiting...
demo.pcm not found, waiting...
demo.pcm not found, waiting...
demo.pcm not found, waiting...
demo.pcm not found, waiting...
demo.pcm not found, waiting...
demo.pcm not found, waiting...
demo.pcm not found, waiting...
demo.pcm not found, waiting...
demo.pcm not found, waiting...
demo.pcm not found, waiting...
demo.pcm not found, waiting...
demo.pcm not found, waiting...
demo.pcm not found, waiting...
demo.pcm not found, waiting...
demo.pcm not found, waiting...
demo.pcm not found, waiting...
demo.pcm not found, waiting...
demo.pcm not found, waiting...
demo.pcm not found, waiting...
demo.pcm not found, waiting...
demo.pcm not found, waiting...
demo.pcm not found, waiting...
demo.pcm not found, waiting...
demo.pcm not found, waiting...
demo.pcm not found, waiting...
demo.pcm not found, waiting...
demo.pcm not found, waiting...
demo.pcm not found, waiting...
demo.pcm not found, waiting...
demo.pcm not found, waiting...
demo.pcm not found, waiting...
demo.pcm not found, waiting...
demo.pcm not found, waiting...
demo.pcm not found, waiting...
demo.pcm not found, waiting...
demo.pcm not found, waiting...
demo.pcm not found, waiting...
demo.pcm not found, waiting...
demo.pcm not found, waiting...
demo.pcm not found, waiting...
demo.pcm not found, waiting...
demo.pcm not found, waiting...
demo.pcm not found, waiting...
demo.pcm not found, waiting...
demo.pcm not found, waiting...
demo.pcm not found, waiting...
demo.pcm not found, waiting...
demo.pcm not found, waiting...
demo.pcm not found, waiting...
demo.pcm not found, waiting...
demo.pcm not found, waiting...
demo.pcm not found, waiting...
demo.pcm not found, waiting...
demo.pcm not found, waiting...
demo.pcm not found, waiting...
demo.pcm not found, waiting...
demo.pcm not found, waiting...
demo.pcm not found, waiting...
demo.pcm not found, waiting...
demo.pcm not found, waiting...
demo.pcm not found, waiting...
demo.pcm not found, waiting...
demo.pcm not found, waiting...
demo.pcm not found, waiting...
demo.pcm not found, waiting...
demo.pcm not found, waiting...
demo.pcm not found, waiting...
demo.pcm not found, waiting...
demo.pcm not found, waiting...
demo.pcm not found, waiting...
demo.pcm not found, waiting...
demo.pcm not found, waiting...
demo.pcm not found, waiting...
demo.pcm not found, waiting...
demo.pcm not found, waiting...
demo.pcm not found, waiting...
demo.pcm not found, waiting...
demo.pcm not found, waiting...
demo.pcm not found, waiting...
demo.pcm not found, waiting...
demo.pcm not found, waiting...
demo.pcm not found, waiting...
demo.pcm not found, waiting...
demo.pcm not found, waiting...
demo.pcm not found, waiting...
demo.pcm not found, waiting...
demo.pcm not found, waiting...
demo.pcm not found, waiting...
demo.pcm not found, waiting...
demo.pcm not found, waiting...
demo.pcm not found, waiting...
demo.pcm not found, waiting...
demo.pcm not found, waiting...
demo.pcm not found, waiting...
demo.pcm not found, waiting...
demo.pcm not found, waiting...
demo.pcm not found, waiting...
demo.pcm not found, waiting...
demo.pcm not found, waiting...
demo.pcm not found, waiting...
demo.pcm not found, waiting...
demo.pcm not found, waiting...
demo.pcm not found, waiting...
demo.pcm not found, waiting...
demo.pcm not found, waiting...
demo.pcm not found, waiting...
demo.pcm not found, waiting...
demo.pcm not found, waiting...
demo.pcm not found, waiting...
demo.pcm not found, waiting...
demo.pcm not found, waiting...
demo.pcm not found, waiting...
demo.pcm not found, waiting...
demo.pcm not found, waiting...
demo.pcm not found, waiting...
demo.pcm not found, waiting...
demo.pcm not found, waiting...
demo.pcm not found, waiting...
demo.pcm not found, waiting...
demo.pcm not found, waiting...
demo.pcm not found, waiting...
demo.pcm not found, waiting...
demo.pcm not found, waiting...
demo.pcm not found, waiting...
demo.pcm not found, waiting...
demo.pcm not found, waiting...
demo.pcm not found, waiting...
demo.pcm not found, waiting...
demo.pcm not found, waiting...
demo.pcm not found, waiting...
demo.pcm not found, waiting...
demo.pcm not found, waiting...
demo.pcm not found, waiting...
demo.pcm not found, waiting...
demo.pcm not found, waiting...
demo.pcm not found, waiting...
demo.pcm not found, waiting...
demo.pcm not found, waiting...
demo.pcm not found, waiting...
demo.pcm not found, waiting...
demo.pcm not found, waiting...
demo.pcm not found, waiting...
demo.pcm not found, waiting...
demo.pcm not found, waiting...
demo.pcm not found, waiting...
demo.pcm not found, waiting...
demo.pcm not found, waiting...
demo.pcm not found, waiting...
demo.pcm not found, waiting...
demo.pcm not found, waiting...
demo.pcm not found, waiting...
demo.pcm not found, waiting...
demo.pcm not found, waiting...
demo.pcm not found, waiting...
demo.pcm not found, waiting...
demo.pcm not found, waiting...
demo.pcm not found, waiting...
demo.pcm not found, waiting...
demo.pcm not found, waiting...
demo.pcm not found, waiting...
demo.pcm not found, waiting...
demo.pcm not found, waiting...
demo.pcm not found, waiting...
demo.pcm not found, waiting...
demo.pcm not found, waiting...
demo.pcm not found, waiting...
demo.pcm not found, waiting...
demo.pcm not found, waiting...
demo.pcm not found, waiting...
demo.pcm not found, waiting...
demo.pcm not found, waiting...
demo.pcm not found, waiting...
demo.pcm not found, waiting...
demo.pcm not found, waiting...
demo.pcm not found, waiting...
demo.pcm not found, waiting...
demo.pcm not found, waiting...
demo.pcm not found, waiting...
demo.pcm not found, waiting...
demo.pcm not found, waiting...
demo.pcm not found, waiting...
demo.pcm not found, waiting...
demo.pcm not found, waiting...
demo.pcm not found, waiting...
demo.pcm not found, waiting...
demo.pcm not found, waiting...
demo.pcm not found, waiting...
demo.pcm not found, waiting...
demo.pcm not found, waiting...
demo.pcm not found, waiting...
demo.pcm not found, waiting...
demo.pcm not found, waiting...
demo.pcm not found, waiting...
demo.pcm not found, waiting...
demo.pcm not found, waiting...
demo.pcm not found, waiting...
demo.pcm not found, waiting...
demo.pcm not found, waiting...
demo.pcm not found, waiting...
demo.pcm not found, waiting...
demo.pcm not found, waiting...
demo.pcm not found, waiting...
demo.pcm not found, waiting...
demo.pcm not found, waiting...
demo.pcm not found, waiting...
demo.pcm not found, waiting...
demo.pcm not found, waiting...
demo.pcm not found, waiting...
demo.pcm not found, waiting...
demo.pcm not found, waiting...
demo.pcm not found, waiting...
demo.pcm not found, waiting...
demo.pcm not found, waiting...
demo.pcm not found, waiting...
demo.pcm not found, waiting...
demo.pcm not found, waiting...
demo.pcm not found, waiting...
demo.pcm not found, waiting...
demo.pcm not found, waiting...
demo.pcm not found, waiting...
demo.pcm not found, waiting...
demo.pcm not found, waiting...
demo.pcm not found, waiting...
demo.pcm not found, waiting...
demo.pcm not found, waiting...
demo.pcm not found, waiting...
demo.pcm not found, waiting...
demo.pcm not found, waiting...
demo.pcm not found, waiting...
demo.pcm not found, waiting...
demo.pcm not found, waiting...
demo.pcm not found, waiting...
demo.pcm not found, waiting...
demo.pcm not found, waiting...
demo.pcm not found, waiting...
demo.pcm not found, waiting...
demo.pcm not found, waiting...
demo.pcm not found, waiting...
demo.pcm not found, waiting...
demo.pcm not found, waiting...
demo.pcm not found, waiting...
demo.pcm not found, waiting...
demo.pcm not found, waiting...
demo.pcm not found, waiting...
demo.pcm not found, waiting...
demo.pcm not found, waiting...
demo.pcm not found, waiting...
demo.pcm not found, waiting...
demo.pcm not found, waiting...
demo.pcm not found, waiting...
demo.pcm not found, waiting...
demo.pcm not found, waiting...
demo.pcm not found, waiting...
demo.pcm not found, waiting...
demo.pcm not found, waiting...
demo.pcm not found, waiting...
demo.pcm not found, waiting...
demo.pcm not found, waiting...
demo.pcm not found, waiting...
demo.pcm not found, waiting...
demo.pcm not found, waiting...
demo.pcm not found, waiting...
demo.pcm not found, waiting...
demo.pcm not found, waiting...
demo.pcm not found, waiting...
demo.pcm not found, waiting...
demo.pcm not found, waiting...
demo.pcm not found, waiting...
demo.pcm not found, waiting...
demo.pcm not found, waiting...
demo.pcm not found, waiting...
demo.pcm not found, waiting...
demo.pcm not found, waiting...
demo.pcm not found, waiting...
demo.pcm not found, waiting...
demo.pcm not found, waiting...
demo.pcm not found, waiting...
demo.pcm not found, waiting...
demo.pcm not found, waiting...
demo.pcm not found, waiting...
demo.pcm not found, waiting...
demo.pcm not found, waiting...
demo.pcm not found, waiting...
demo.pcm not found, waiting...
demo.pcm not found, waiting...
demo.pcm not found, waiting...
demo.pcm not found, waiting...
demo.pcm not found, waiting...
demo.pcm not found, waiting...
demo.pcm not found, waiting...
demo.pcm not found, waiting...
demo.pcm not found, waiting...
demo.pcm not found, waiting...
demo.pcm not found, waiting...
demo.pcm not found, waiting...
demo.pcm not found, waiting...
demo.pcm not found, waiting...
demo.pcm not found, waiting...
demo.pcm not found, waiting...
demo.pcm not found, waiting...
demo.pcm not found, waiting...
demo.pcm not found, waiting...
demo.pcm not found, waiting...
demo.pcm not found, waiting...
demo.pcm not found, waiting...
demo.pcm not found, waiting...
demo.pcm not found, waiting...
demo.pcm not found, waiting...
demo.pcm not found, waiting...
demo.pcm not found, waiting...
demo.pcm not found, waiting...
demo.pcm not found, waiting...
demo.pcm not found, waiting...
demo.pcm not found, waiting...
demo.pcm not found, waiting...
demo.pcm not found, waiting...
demo.pcm not found, waiting...
demo.pcm not found, waiting...
demo.pcm not found, waiting...
demo.pcm not found, waiting...
demo.pcm not found, waiting...
demo.pcm not found, waiting...
demo.pcm not found, waiting...
demo.pcm not found, waiting...
demo.pcm not found, waiting...
demo.pcm not found, waiting...
demo.pcm not found, waiting...
demo.pcm not found, waiting...
demo.pcm not found, waiting...
demo.pcm not found, waiting...
demo.pcm not found, waiting...
demo.pcm not found, waiting...
demo.pcm not found, waiting...
demo.pcm not found, waiting...
demo.pcm not found, waiting...
demo.pcm not found, waiting...
demo.pcm not found, waiting...
demo.pcm not found, waiting...
demo.pcm not found, waiting...
demo.pcm not found, waiting...
demo.pcm not found, waiting...
demo.pcm not found, waiting...
demo.pcm not found, waiting...
demo.pcm not found, waiting...
demo.pcm not found, waiting...
demo.pcm not found, waiting...
demo.pcm not found, waiting...
demo.pcm not found, waiting...
demo.pcm not found, waiting...
demo.pcm not found, waiting...
demo.pcm not found, waiting...
demo.pcm not found, waiting...
demo.pcm not found, waiting...
demo.pcm not found, waiting...
demo.pcm not found, waiting...
demo.pcm not found, waiting...
demo.pcm not found, waiting...
demo.pcm not found, waiting...
demo.pcm not found, waiting...
demo.pcm not found, waiting...
demo.pcm not found, waiting...
demo.pcm not found, waiting...
demo.pcm not found, waiting...
demo.pcm not found, waiting...
demo.pcm not found, waiting...
demo.pcm not found, waiting...
demo.pcm not found, waiting...
demo.pcm not found, waiting...
demo.pcm not found, waiting...
demo.pcm not found, waiting...
demo.pcm not found, waiting...
demo.pcm not found, waiting...
demo.pcm not found, waiting...
demo.pcm not found, waiting...
demo.pcm not found, waiting...
demo.pcm not found, waiting...
demo.pcm not found, waiting...
demo.pcm not found, waiting...
demo.pcm not found, waiting...
demo.pcm not found, waiting...
demo.pcm not found, waiting...
demo.pcm not found, waiting...
demo.pcm not found, waiting...
demo.pcm not found, waiting...
demo.pcm not found, waiting...
demo.pcm not found, waiting...
demo.pcm not found, waiting...
demo.pcm not found, waiting...
demo.pcm not found, waiting...
demo.pcm not found, waiting...
demo.pcm not found, waiting...
demo.pcm not found, waiting...
demo.pcm not found, waiting...
demo.pcm not found, waiting...
demo.pcm not found, waiting...
demo.pcm not found, waiting...
demo.pcm not found, waiting...
demo.pcm not found, waiting...
demo.pcm not found, waiting...
demo.pcm not found, waiting...
demo.pcm not found, waiting...
demo.pcm not found, waiting...
demo.pcm not found, waiting...
demo.pcm not found, waiting...
demo.pcm not found, waiting...
demo.pcm not found, waiting...
demo.pcm not found, waiting...
demo.pcm not found, waiting...
demo.pcm not found, waiting...
demo.pcm not found, waiting...
demo.pcm not found, waiting...
demo.pcm not found, waiting...
demo.pcm not found, waiting...
demo.pcm not found, waiting...
demo.pcm not found, waiting...
demo.pcm not found, waiting...
demo.pcm not found, waiting...
demo.pcm not found, waiting...
demo.pcm not found, waiting...
demo.pcm not found, waiting...
demo.pcm not found, waiting...
demo.pcm not found, waiting...
demo.pcm not found, waiting...
demo.pcm not found, waiting...
demo.pcm not found, waiting...
demo.pcm not found, waiting...
demo.pcm not found, waiting...
demo.pcm not found, waiting...
demo.pcm not found, waiting...
demo.pcm not found, waiting...
demo.pcm not found, waiting...
demo.pcm not found, waiting...
demo.pcm not found, waiting...
demo.pcm not found, waiting...
demo.pcm not found, waiting...
demo.pcm not found, waiting...
demo.pcm not found, waiting...
demo.pcm not found, waiting...
demo.pcm not found, waiting...
demo.pcm not found, waiting...
demo.pcm not found, waiting...
demo.pcm not found, waiting...
demo.pcm not found, waiting...
demo.pcm not found, waiting...
demo.pcm not found, waiting...
demo.pcm not found, waiting...
demo.pcm not found, waiting...
demo.pcm not found, waiting...
demo.pcm not found, waiting...
demo.pcm not found, waiting...
demo.pcm not found, waiting...
demo.pcm not found, waiting...
demo.pcm not found, waiting...
demo.pcm not found, waiting...
demo.pcm not found, waiting...
demo.pcm not found, waiting...
demo.pcm not found, waiting...
demo.pcm not found, waiting...
demo.pcm not found, waiting...
demo.pcm not found, waiting...
demo.pcm not found, waiting...
demo.pcm not found, waiting...
demo.pcm not found, waiting...
demo.pcm not found, waiting...
demo.pcm not found, waiting...
demo.pcm not found, waiting...
demo.pcm not found, waiting...
demo.pcm not found, waiting...
demo.pcm not found, waiting...
demo.pcm not found, waiting...
demo.pcm not found, waiting...
demo.pcm not found, waiting...
demo.pcm not found, waiting...
demo.pcm not found, waiting...
demo.pcm not found, waiting...
demo.pcm not found, waiting...
demo.pcm not found, waiting...
demo.pcm not found, waiting...
demo.pcm not found, waiting...
demo.pcm not found, waiting...
demo.pcm not found, waiting...
demo.pcm not found, waiting...
demo.pcm not found, waiting...
demo.pcm not found, waiting...
demo.pcm not found, waiting...
demo.pcm not found, waiting...
demo.pcm not found, waiting...
demo.pcm not found, waiting...
demo.pcm not found, waiting...
demo.pcm not found, waiting...
demo.pcm not found, waiting...
demo.pcm not found, waiting...
demo.pcm not found, waiting...
demo.pcm not found, waiting...
demo.pcm not found, waiting...
demo.pcm not found, waiting...
demo.pcm not found, waiting...
demo.pcm not found, waiting...
demo.pcm not found, waiting...
demo.pcm not found, waiting...
demo.pcm not found, waiting...
demo.pcm not found, waiting...
demo.pcm not found, waiting...
demo.pcm not found, waiting...
demo.pcm not found, waiting...
demo.pcm not found, waiting...
demo.pcm not found, waiting...
demo.pcm not found, waiting...
demo.pcm not found, waiting...
demo.pcm not found, waiting...
demo.pcm not found, waiting...
demo.pcm not found, waiting...
demo.pcm not found, waiting...
demo.pcm not found, waiting...
demo.pcm not found, waiting...
demo.pcm not found, waiting...
demo.pcm not found, waiting...
demo.pcm not found, waiting...
demo.pcm not found, waiting...
demo.pcm not found, waiting...
demo.pcm not found, waiting...
demo.pcm not found, waiting...
demo.pcm not found, waiting...
demo.pcm not found, waiting...
demo.pcm not found, waiting...
demo.pcm not found, waiting...
demo.pcm not found, waiting...
demo.pcm not found, waiting...
demo.pcm not found, waiting...
demo.pcm not found, waiting...
demo.pcm not found, waiting...
demo.pcm not found, waiting...
demo.pcm not found, waiting...
demo.pcm not found, waiting...
demo.pcm not found, waiting...
demo.pcm not found, waiting...
demo.pcm not found, waiting...
demo.pcm not found, waiting...
demo.pcm not found, waiting...
demo.pcm not found, waiting...
demo.pcm not found, waiting...
demo.pcm not found, waiting...
demo.pcm not found, waiting...
demo.pcm not found, waiting...
demo.pcm not found, waiting...
demo.pcm not found, waiting...
demo.pcm not found, waiting...
demo.pcm not found, waiting...
demo.pcm not found, waiting...
demo.pcm not found, waiting...
demo.pcm not found, waiting...
demo.pcm not found, waiting...
demo.pcm not found, waiting...
demo.pcm not found, waiting...
demo.pcm not found, waiting...
demo.pcm not found, waiting...
demo.pcm not found, waiting...
demo.pcm not found, waiting...
demo.pcm not found, waiting...
demo.pcm not found, waiting...
demo.pcm not found, waiting...
demo.pcm not found, waiting...
demo.pcm not found, waiting...
demo.pcm not found, waiting...
demo.pcm not found, waiting...
demo.pcm not found, waiting...
demo.pcm not found, waiting...
demo.pcm not found, waiting...
demo.pcm not found, waiting...
demo.pcm not found, waiting...
demo.pcm not found, waiting...
demo.pcm not found, waiting...
demo.pcm not found, waiting...
demo.pcm not found, waiting...
demo.pcm not found, waiting...
demo.pcm not found, waiting...
demo.pcm not found, waiting...
demo.pcm not found, waiting...
demo.pcm not found, waiting...
demo.pcm not found, waiting...
demo.pcm not found, waiting...
demo.pcm not found, waiting...
demo.pcm not found, waiting...
demo.pcm not found, waiting...
demo.pcm not found, waiting...
demo.pcm not found, waiting...
demo.pcm not found, waiting...
demo.pcm not found, waiting...
demo.pcm not found, waiting...
demo.pcm not found, waiting...
demo.pcm not found, waiting...
demo.pcm not found, waiting...
demo.pcm not found, waiting...
demo.pcm not found, waiting...
demo.pcm not found, waiting...
demo.pcm not found, waiting...
demo.pcm not found, waiting...
demo.pcm not found, waiting...
demo.pcm not found, waiting...
demo.pcm not found, waiting...
demo.pcm not found, waiting...
demo.pcm not found, waiting...
demo.pcm not found, waiting...
demo.pcm not found, waiting...
demo.pcm not found, waiting...
demo.pcm not found, waiting...
demo.pcm not found, waiting...
demo.pcm not found, waiting...
demo.pcm not found, waiting...
demo.pcm not found, waiting...
demo.pcm not found, waiting...
demo.pcm not found, waiting...
demo.pcm not found, waiting...
demo.pcm not found, waiting...
demo.pcm not found, waiting...
demo.pcm not found, waiting...
demo.pcm not found, waiting...
demo.pcm not found, waiting...
demo.pcm not found, waiting...
demo.pcm not found, waiting...
demo.pcm not found, waiting...
demo.pcm not found, waiting...
demo.pcm not found, waiting...
demo.pcm not found, waiting...
demo.pcm not found, waiting...
demo.pcm not found, waiting...
demo.pcm not found, waiting...
demo.pcm not found, waiting...
demo.pcm not found, waiting...
demo.pcm not found, waiting...
demo.pcm not found, waiting...
demo.pcm not found, waiting...
demo.pcm not found, waiting...
demo.pcm not found, waiting...
demo.pcm not found, waiting...
demo.pcm not found, waiting...
demo.pcm not found, waiting...
demo.pcm not found, waiting...
demo.pcm not found, waiting...
demo.pcm not found, waiting...
demo.pcm not found, waiting...
demo.pcm not found, waiting...
demo.pcm not found, waiting...
demo.pcm not found, waiting...
demo.pcm not found, waiting...
demo.pcm not found, waiting...
demo.pcm not found, waiting...
demo.pcm not found, waiting...
demo.pcm not found, waiting...
demo.pcm not found, waiting...
demo.pcm not found, waiting...
demo.pcm not found, waiting...
demo.pcm not found, waiting...
demo.pcm not found, waiting...
demo.pcm not found, waiting...
demo.pcm not found, waiting...
demo.pcm not found, waiting...
demo.pcm not found, waiting...
demo.pcm not found, waiting...
demo.pcm not found, waiting...
demo.pcm not found, waiting...
demo.pcm not found, waiting...
demo.pcm not found, waiting...
demo.pcm not found, waiting...
demo.pcm not found, waiting...
demo.pcm not found, waiting...
demo.pcm not found, waiting...
demo.pcm not found, waiting...
demo.pcm not found, waiting...
demo.pcm not found, waiting...
demo.pcm not found, waiting...
demo.pcm not found, waiting...
demo.pcm not found, waiting...
demo.pcm not found, waiting...
demo.pcm not found, waiting...
demo.pcm not found, waiting...
demo.pcm not found, waiting...
demo.pcm not found, waiting...
demo.pcm not found, waiting...
demo.pcm not found, waiting...
demo.pcm not found, waiting...
demo.pcm not found, waiting...
demo.pcm not found, waiting...
demo.pcm not found, waiting...
demo.pcm not found, waiting...
demo.pcm not found, waiting...
demo.pcm not found, waiting...
demo.pcm not found, waiting...
demo.pcm not found, waiting...
demo.pcm not found, waiting...
demo.pcm not found, waiting...
demo.pcm not found, waiting...
demo.pcm not found, waiting...
demo.pcm not found, waiting...
demo.pcm not found, waiting...
demo.pcm not found, waiting...
demo.pcm not found, waiting...
demo.pcm not found, waiting...
demo.pcm not found, waiting...
demo.pcm not found, waiting...
demo.pcm not found, waiting...
demo.pcm not found, waiting...
demo.pcm not found, waiting...
demo.pcm not found, waiting...
demo.pcm not found, waiting...
demo.pcm not found, waiting...
demo.pcm not found, waiting...
demo.pcm not found, waiting...
demo.pcm not found, waiting...
demo.pcm not found, waiting...
demo.pcm not found, waiting...
demo.pcm not found, waiting...
demo.pcm not found, waiting...
demo.pcm not found, waiting...
demo.pcm not found, waiting...
demo.pcm not found, waiting...
demo.pcm not found, waiting...
demo.pcm not found, waiting...
demo.pcm not found, waiting...
demo.pcm not found, waiting...
demo.pcm not found, waiting...
demo.pcm not found, waiting...
demo.pcm not found, waiting...
demo.pcm not found, waiting...
demo.pcm not found, waiting...
demo.pcm not found, waiting...
demo.pcm not found, waiting...
demo.pcm not found, waiting...
demo.pcm not found, waiting...
demo.pcm not found, waiting...
demo.pcm not found, waiting...
demo.pcm not found, waiting...
demo.pcm not found, waiting...
demo.pcm not found, waiting...
demo.pcm not found, waiting...
demo.pcm not found, waiting...
demo.pcm not found, waiting...
demo.pcm not found, waiting...
demo.pcm not found, waiting...
demo.pcm not found, waiting...
demo.pcm not found, waiting...
demo.pcm not found, waiting...
demo.pcm not found, waiting...
demo.pcm not found, waiting...
demo.pcm not found, waiting...
demo.pcm not found, waiting...
demo.pcm not found, waiting...
demo.pcm not found, waiting...
demo.pcm not found, waiting...
demo.pcm not found, waiting...
demo.pcm not found, waiting...
demo.pcm not found, waiting...
demo.pcm not found, waiting...
demo.pcm not found, waiting...
demo.pcm not found, waiting...
demo.pcm not found, waiting...
demo.pcm not found, waiting...
demo.pcm not found, waiting...
demo.pcm not found, waiting...
demo.pcm not found, waiting...
demo.pcm not found, waiting...
demo.pcm not found, waiting...
demo.pcm not found, waiting...
demo.pcm not found, waiting...
demo.pcm not found, waiting...
demo.pcm not found, waiting...
demo.pcm not found, waiting...
demo.pcm not found, waiting...
demo.pcm not found, waiting...
demo.pcm not found, waiting...
demo.pcm not found, waiting...
demo.pcm not found, waiting...
demo.pcm not found, waiting...
demo.pcm not found, waiting...
demo.pcm not found, waiting...
demo.pcm not found, waiting...
demo.pcm not found, waiting...
demo.pcm not found, waiting...
demo.pcm not found, waiting...
demo.pcm not found, waiting...
demo.pcm not found, waiting...
demo.pcm not found, waiting...
demo.pcm not found, waiting...
demo.pcm not found, waiting...
demo.pcm not found, waiting...
demo.pcm not found, waiting...
demo.pcm not found, waiting...
demo.pcm not found, waiting...
demo.pcm not found, waiting...
demo.pcm not found, waiting...
demo.pcm not found, waiting...
demo.pcm not found, waiting...
demo.pcm not found, waiting...
demo.pcm not found, waiting...
demo.pcm not found, waiting...
demo.pcm not found, waiting...
demo.pcm not found, waiting...
demo.pcm not found, waiting...
demo.pcm not found, waiting...
demo.pcm not found, waiting...
demo.pcm not found, waiting...
demo.pcm not found, waiting...
demo.pcm not found, waiting...
demo.pcm not found, waiting...
demo.pcm not found, waiting...
demo.pcm not found, waiting...
demo.pcm not found, waiting...
demo.pcm not found, waiting...
demo.pcm not found, waiting...
demo.pcm not found, waiting...
demo.pcm not found, waiting...
demo.pcm not found, waiting...
demo.pcm not found, waiting...
demo.pcm not found, waiting...
demo.pcm not found, waiting...
demo.pcm not found, waiting...
demo.pcm not found, waiting...
demo.pcm not found, waiting...
demo.pcm not found, waiting...
demo.pcm not found, waiting...
demo.pcm not found, waiting...
demo.pcm not found, waiting...
demo.pcm not found, waiting...
demo.pcm not found, waiting...
demo.pcm not found, waiting...
demo.pcm not found, waiting...
demo.pcm not found, waiting...
demo.pcm not found, waiting...
demo.pcm not found, waiting...
demo.pcm not found, waiting...
demo.pcm not found, waiting...
demo.pcm not found, waiting...
demo.pcm not found, waiting...
demo.pcm not found, waiting...
demo.pcm not found, waiting...
demo.pcm not found, waiting...
demo.pcm not found, waiting...
demo.pcm not found, waiting...
demo.pcm not found, waiting...
demo.pcm not found, waiting...
demo.pcm not found, waiting...
demo.pcm not found, waiting...
demo.pcm not found, waiting...
demo.pcm not found, waiting...
demo.pcm not found, waiting...
demo.pcm not found, waiting...
demo.pcm not found, waiting...
demo.pcm not found, waiting...
demo.pcm not found, waiting...
demo.pcm not found, waiting...
demo.pcm not found, waiting...
demo.pcm not found, waiting...
demo.pcm not found, waiting...
demo.pcm not found, waiting...
demo.pcm not found, waiting...
demo.pcm not found, waiting...
demo.pcm not found, waiting...
demo.pcm not found, waiting...
demo.pcm not found, waiting...
demo.pcm not found, waiting...
demo.pcm not found, waiting...
demo.pcm not found, waiting...
demo.pcm not found, waiting...
demo.pcm not found, waiting...
demo.pcm not found, waiting...
demo.pcm not found, waiting...
demo.pcm not found, waiting...
demo.pcm not found, waiting...
demo.pcm not found, waiting...
demo.pcm not found, waiting...
demo.pcm not found, waiting...
demo.pcm not found, waiting...
demo.pcm not found, waiting...
demo.pcm not found, waiting...
demo.pcm not found, waiting...
demo.pcm not found, waiting...
demo.pcm not found, waiting...
demo.pcm not found, waiting...
demo.pcm not found, waiting...
demo.pcm not found, waiting...
demo.pcm not found, waiting...
demo.pcm not found, waiting...
demo.pcm not found, waiting...
demo.pcm not found, waiting...
demo.pcm not found, waiting...
demo.pcm not found, waiting...
demo.pcm not found, waiting...
demo.pcm not found, waiting...
demo.pcm not found, waiting...
demo.pcm not found, waiting...
demo.pcm not found, waiting...
demo.pcm not found, waiting...
demo.pcm not found, waiting...
demo.pcm not found, waiting...
demo.pcm not found, waiting...
demo.pcm not found, waiting...
demo.pcm not found, waiting...
demo.pcm not found, waiting...
demo.pcm not found, waiting...
demo.pcm not found, waiting...
demo.pcm not found, waiting...
demo.pcm not found, waiting...
demo.pcm not found, waiting...
demo.pcm not found, waiting...
demo.pcm not found, waiting...
demo.pcm not found, waiting...
demo.pcm not found, waiting...
demo.pcm not found, waiting...
demo.pcm not found, waiting...
demo.pcm not found, waiting...
demo.pcm not found, waiting...
demo.pcm not found, waiting...
demo.pcm not found, waiting...
demo.pcm not found, waiting...
demo.pcm not found, waiting...
demo.pcm not found, waiting...
demo.pcm not found, waiting...
demo.pcm not found, waiting...
demo.pcm not found, waiting...
demo.pcm not found, waiting...
demo.pcm not found, waiting...
demo.pcm not found, waiting...
demo.pcm not found, waiting...
demo.pcm not found, waiting...
demo.pcm not found, waiting...
demo.pcm not found, waiting...
demo.pcm not found, waiting...
demo.pcm not found, waiting...
demo.pcm not found, waiting...
demo.pcm not found, waiting...
demo.pcm not found, waiting...
demo.pcm not found, waiting...
demo.pcm not found, waiting...
demo.pcm not found, waiting...
demo.pcm not found, waiting...
demo.pcm not found, waiting...
demo.pcm not found, waiting...
demo.pcm not found, waiting...
demo.pcm not found, waiting...
demo.pcm not found, waiting...
demo.pcm not found, waiting...
demo.pcm not found, waiting...
demo.pcm not found, waiting...
demo.pcm not found, waiting...
demo.pcm not found, waiting...
demo.pcm not found, waiting...
demo.pcm not found, waiting...
demo.pcm not found, waiting...
demo.pcm not found, waiting...
demo.pcm not found, waiting...
demo.pcm not found, waiting...
demo.pcm not found, waiting...
demo.pcm not found, waiting...
demo.pcm not found, waiting...
demo.pcm not found, waiting...
demo.pcm not found, waiting...
demo.pcm not found, waiting...
demo.pcm not found, waiting...
demo.pcm not found, waiting...
demo.pcm not found, waiting...
demo.pcm not found, waiting...
demo.pcm not found, waiting...
demo.pcm not found, waiting...
demo.pcm not found, waiting...
demo.pcm not found, waiting...
demo.pcm not found, waiting...
demo.pcm not found, waiting...
demo.pcm not found, waiting...
demo.pcm not found, waiting...
demo.pcm not found, waiting...
demo.pcm not found, waiting...
demo.pcm not found, waiting...
demo.pcm not found, waiting...
demo.pcm not found, waiting...
demo.pcm not found, waiting...
demo.pcm not found, waiting...
demo.pcm not found, waiting...
demo.pcm not found, waiting...
demo.pcm not found, waiting...
demo.pcm not found, waiting...
demo.pcm not found, waiting...
demo.pcm not found, waiting...
demo.pcm not found, waiting...
demo.pcm not found, waiting...
demo.pcm not found, waiting...
demo.pcm not found, waiting...
demo.pcm not found, waiting...
demo.pcm not found, waiting...
demo.pcm not found, waiting...
demo.pcm not found, waiting...
demo.pcm not found, waiting...
demo.pcm not found, waiting...
demo.pcm not found, waiting...
demo.pcm not found, waiting...
demo.pcm not found, waiting...
demo.pcm not found, waiting...
demo.pcm not found, waiting...
demo.pcm not found, waiting...
demo.pcm not found, waiting...
demo.pcm not found, waiting...
demo.pcm not found, waiting...
demo.pcm not found, waiting...
demo.pcm not found, waiting...
demo.pcm not found, waiting...
demo.pcm not found, waiting...
demo.pcm not found, waiting...
demo.pcm not found, waiting...
demo.pcm not found, waiting...
demo.pcm not found, waiting...
demo.pcm not found, waiting...
demo.pcm not found, waiting...
demo.pcm not found, waiting...
demo.pcm not found, waiting...
demo.pcm not found, waiting...
demo.pcm not found, waiting...
demo.pcm not found, waiting...
demo.pcm not found, waiting...
demo.pcm not found, waiting...
demo.pcm not found, waiting...
demo.pcm not found, waiting...
demo.pcm not found, waiting...
demo.pcm not found, waiting...
demo.pcm not found, waiting...
demo.pcm not found, waiting...
demo.pcm not found, waiting...
demo.pcm not found, waiting...
demo.pcm not found, waiting...
demo.pcm not found, waiting...
demo.pcm not found, waiting...
demo.pcm not found, waiting...
demo.pcm not found, waiting...
demo.pcm not found, waiting...
demo.pcm not found, waiting...
demo.pcm not found, waiting...
demo.pcm not found, waiting...
demo.pcm not found, waiting...
demo.pcm not found, waiting...
demo.pcm not found, waiting...
demo.pcm not found, waiting...
demo.pcm not found, waiting...
demo.pcm not found, waiting...
demo.pcm not found, waiting...
demo.pcm not found, waiting...
demo.pcm not found, waiting...
demo.pcm not found, waiting...
demo.pcm not found, waiting...
demo.pcm not found, waiting...
demo.pcm not found, waiting...
demo.pcm not found, waiting...
demo.pcm not found, waiting...
demo.pcm not found, waiting...
demo.pcm not found, waiting...
demo.pcm not found, waiting...
demo.pcm not found, waiting...
demo.pcm not found, waiting...
demo.pcm not found, waiting...
demo.pcm not found, waiting...
demo.pcm not found, waiting...
demo.pcm not found, waiting...
demo.pcm not found, waiting...
demo.pcm not found, waiting...
demo.pcm not found, waiting...
demo.pcm not found, waiting...
demo.pcm not found, waiting...
demo.pcm not found, waiting...
demo.pcm not found, waiting...
demo.pcm not found, waiting...
demo.pcm not found, waiting...
demo.pcm not found, waiting...
demo.pcm not found, waiting...
demo.pcm not found, waiting...
demo.pcm not found, waiting...
demo.pcm not found, waiting...
demo.pcm not found, waiting...
demo.pcm not found, waiting...
demo.pcm not found, waiting...
demo.pcm not found, waiting...
demo.pcm not found, waiting...
demo.pcm not found, waiting...
demo.pcm not found, waiting...
demo.pcm not found, waiting...
demo.pcm not found, waiting...
demo.pcm not found, waiting...
demo.pcm not found, waiting...
demo.pcm not found, waiting...
demo.pcm not found, waiting...
demo.pcm not found, waiting...
demo.pcm not found, waiting...
demo.pcm not found, waiting...
demo.pcm not found, waiting...
demo.pcm not found, waiting...
demo.pcm not found, waiting...
demo.pcm not found, waiting...
demo.pcm not found, waiting...
demo.pcm not found, waiting...
demo.pcm not found, waiting...
demo.pcm not found, waiting...
demo.pcm not found, waiting...
demo.pcm not found, waiting...
demo.pcm not found, waiting...
demo.pcm not found, waiting...
demo.pcm not found, waiting...
demo.pcm not found, waiting...
demo.pcm not found, waiting...
demo.pcm not found, waiting...
demo.pcm not found, waiting...
demo.pcm not found, waiting...
demo.pcm not found, waiting...
demo.pcm not found, waiting...
demo.pcm not found, waiting...
demo.pcm not found, waiting...
demo.pcm not found, waiting...
demo.pcm not found, waiting...
demo.pcm not found, waiting...
demo.pcm not found, waiting...
demo.pcm not found, waiting...
demo.pcm not found, waiting...
demo.pcm not found, waiting...
demo.pcm not found, waiting...
demo.pcm not found, waiting...
demo.pcm not found, waiting...
demo.pcm not found, waiting...
demo.pcm not found, waiting...
demo.pcm not found, waiting...
demo.pcm not found, waiting...
demo.pcm not found, waiting...
demo.pcm not found, waiting...
demo.pcm not found, waiting...
demo.pcm not found, waiting...
demo.pcm not found, waiting...
demo.pcm not found, waiting...
demo.pcm not found, waiting...
demo.pcm not found, waiting...
demo.pcm not found, waiting...
demo.pcm not found, waiting...
demo.pcm not found, waiting...
demo.pcm not found, waiting...
demo.pcm not found, waiting...
demo.pcm not found, waiting...
demo.pcm not found, waiting...
demo.pcm not found, waiting...
demo.pcm not found, waiting...
demo.pcm not found, waiting...
demo.pcm not found, waiting...
demo.pcm not found, waiting...
demo.pcm not found, waiting...
demo.pcm not found, waiting...
demo.pcm not found, waiting...
demo.pcm not found, waiting...
demo.pcm not found, waiting...
demo.pcm not found, waiting...
demo.pcm not found, waiting...
demo.pcm not found, waiting...
demo.pcm not found, waiting...
demo.pcm not found, waiting...
demo.pcm not found, waiting...
demo.pcm not found, waiting...
demo.pcm not found, waiting...
demo.pcm not found, waiting...
demo.pcm not found, waiting...
demo.pcm not found, waiting...
demo.pcm not found, waiting...
demo.pcm not found, waiting...
demo.pcm not found, waiting...
demo.pcm not found, waiting...
demo.pcm not found, waiting...
demo.pcm not found, waiting...
demo.pcm not found, waiting...
demo.pcm not found, waiting...
demo.pcm not found, waiting...
demo.pcm not found, waiting...
demo.pcm not found, waiting...
demo.pcm not found, waiting...
demo.pcm not found, waiting...
demo.pcm not found, waiting...
demo.pcm not found, waiting...
demo.pcm not found, waiting...
demo.pcm not found, waiting...
demo.pcm not found, waiting...
demo.pcm not found, waiting...
demo.pcm not found, waiting...
demo.pcm not found, waiting...
demo.pcm not found, waiting...
demo.pcm not found, waiting...
demo.pcm not found, waiting...
demo.pcm not found, waiting...
demo.pcm not found, waiting...
demo.pcm not found, waiting...
demo.pcm not found, waiting...
demo.pcm not found, waiting...
demo.pcm not found, waiting...
demo.pcm not found, waiting...
demo.pcm not found, waiting...
demo.pcm not found, waiting...
demo.pcm not found, waiting...
demo.pcm not found, waiting...
demo.pcm not found, waiting...
demo.pcm not found, waiting...
demo.pcm not found, waiting...
demo.pcm not found, waiting...
demo.pcm not found, waiting...
demo.pcm not found, waiting...
demo.pcm not found, waiting...
demo.pcm not found, waiting...
demo.pcm not found, waiting...
demo.pcm not found, waiting...
demo.pcm not found, waiting...
demo.pcm not found, waiting...
demo.pcm not found, waiting...
demo.pcm not found, waiting...
demo.pcm not found, waiting...
demo.pcm not found, waiting...
demo.pcm not found, waiting...
demo.pcm not found, waiting...
demo.pcm not found, waiting...
demo.pcm not found, waiting...
demo.pcm not found, waiting...
demo.pcm not found, waiting...
demo.pcm not found, waiting...
demo.pcm not found, waiting...
demo.pcm not found, waiting...
demo.pcm not found, waiting...
demo.pcm not found, waiting...
demo.pcm not found, waiting...
demo.pcm not found, waiting...
demo.pcm not found, waiting...
demo.pcm not found, waiting...
demo.pcm not found, waiting...
demo.pcm not found, waiting...
demo.pcm not found, waiting...
demo.pcm not found, waiting...
demo.pcm not found, waiting...
demo.pcm not found, waiting...
demo.pcm not found, waiting...
demo.pcm not found, waiting...
demo.pcm not found, waiting...
demo.pcm not found, waiting...
demo.pcm not found, waiting...
demo.pcm not found, waiting...
demo.pcm not found, waiting...
demo.pcm not found, waiting...
demo.pcm not found, waiting...
demo.pcm not found, waiting...
demo.pcm not found, waiting...
demo.pcm not found, waiting...
demo.pcm not found, waiting...
demo.pcm not found, waiting...
demo.pcm not found, waiting...
demo.pcm not found, waiting...
demo.pcm not found, waiting...
demo.pcm not found, waiting...
demo.pcm not found, waiting...
demo.pcm not found, waiting...
demo.pcm not found, waiting...
demo.pcm not found, waiting...
demo.pcm not found, waiting...
demo.pcm not found, waiting...
demo.pcm not found, waiting...
demo.pcm not found, waiting...
demo.pcm not found, waiting...
demo.pcm not found, waiting...
demo.pcm not found, waiting...
demo.pcm not found, waiting...
demo.pcm not found, waiting...
demo.pcm not found, waiting...
demo.pcm not found, waiting...
demo.pcm not found, waiting...
demo.pcm not found, waiting...
demo.pcm not found, waiting...
demo.pcm not found, waiting...
demo.pcm not found, waiting...
demo.pcm not found, waiting...
demo.pcm not found, waiting...
demo.pcm not found, waiting...
demo.pcm not found, waiting...
demo.pcm not found, waiting...
demo.pcm not found, waiting...
demo.pcm not found, waiting...
demo.pcm not found, waiting...
demo.pcm not found, waiting...
demo.pcm not found, waiting...
demo.pcm not found, waiting...
demo.pcm not found, waiting...
demo.pcm not found, waiting...
demo.pcm not found, waiting...
demo.pcm not found, waiting...
demo.pcm not found, waiting...
demo.pcm not found, waiting...
demo.pcm not found, waiting...
demo.pcm not found, waiting...
demo.pcm not found, waiting...
demo.pcm not found, waiting...
demo.pcm not found, waiting...
demo.pcm not found, waiting...
demo.pcm not found, waiting...
demo.pcm not found, waiting...
demo.pcm not found, waiting...
demo.pcm not found, waiting...
demo.pcm not found, waiting...
demo.pcm not found, waiting...
demo.pcm not found, waiting...
demo.pcm not found, waiting...
demo.pcm not found, waiting...
demo.pcm not found, waiting...
demo.pcm not found, waiting...
demo.pcm not found, waiting...
demo.pcm not found, waiting...
demo.pcm not found, waiting...
demo.pcm not found, waiting...
demo.pcm not found, waiting...
demo.pcm not found, waiting...
demo.pcm not found, waiting...
demo.pcm not found, waiting...
demo.pcm not found, waiting...
demo.pcm not found, waiting...
demo.pcm not found, waiting...
demo.pcm not found, waiting...
demo.pcm not found, waiting...
demo.pcm not found, waiting...
demo.pcm not found, waiting...
demo.pcm not found, waiting...
demo.pcm not found, waiting...
demo.pcm not found, waiting...
demo.pcm not found, waiting...
demo.pcm not found, waiting...
demo.pcm not found, waiting...
demo.pcm not found, waiting...
demo.pcm not found, waiting...
demo.pcm not found, waiting...
demo.pcm not found, waiting...
demo.pcm not found, waiting...
demo.pcm not found, waiting...
demo.pcm not found, waiting...
demo.pcm not found, waiting...
demo.pcm not found, waiting...
demo.pcm not found, waiting...
demo.pcm not found, waiting...
demo.pcm not found, waiting...
demo.pcm not found, waiting...
demo.pcm not found, waiting...
demo.pcm not found, waiting...
demo.pcm not found, waiting...
demo.pcm not found, waiting...
demo.pcm not found, waiting...
demo.pcm not found, waiting...
demo.pcm not found, waiting...
demo.pcm not found, waiting...
demo.pcm not found, waiting...
demo.pcm not found, waiting...
demo.pcm not found, waiting...
demo.pcm not found, waiting...
demo.pcm not found, waiting...
demo.pcm not found, waiting...
demo.pcm not found, waiting...
demo.pcm not found, waiting...
demo.pcm not found, waiting...
demo.pcm not found, waiting...
demo.pcm not found, waiting...
demo.pcm not found, waiting...
demo.pcm not found, waiting...
demo.pcm not found, waiting...
demo.pcm not found, waiting...
demo.pcm not found, waiting...
demo.pcm not found, waiting...
demo.pcm not found, waiting...
demo.pcm not found, waiting...
demo.pcm not found, waiting...
demo.pcm not found, waiting...
demo.pcm not found, waiting...
demo.pcm not found, waiting...
demo.pcm not found, waiting...
demo.pcm not found, waiting...
demo.pcm not found, waiting...
demo.pcm not found, waiting...
demo.pcm not found, waiting...
demo.pcm not found, waiting...
demo.pcm not found, waiting...
demo.pcm not found, waiting...
demo.pcm not found, waiting...
demo.pcm not found, waiting...
demo.pcm not found, waiting...
demo.pcm not found, waiting...
demo.pcm not found, waiting...
demo.pcm not found, waiting...
demo.pcm not found, waiting...
demo.pcm not found, waiting...
demo.pcm not found, waiting...
demo.pcm not found, waiting...
demo.pcm not found, waiting...
demo.pcm not found, waiting...
demo.pcm not found, waiting...
demo.pcm not found, waiting...
demo.pcm not found, waiting...
demo.pcm not found, waiting...
demo.pcm not found, waiting...
demo.pcm not found, waiting...
demo.pcm not found, waiting...
demo.pcm not found, waiting...
demo.pcm not found, waiting...
demo.pcm not found, waiting...
demo.pcm not found, waiting...
demo.pcm not found, waiting...
demo.pcm not found, waiting...
demo.pcm not found, waiting...
demo.pcm not found, waiting...
demo.pcm not found, waiting...
demo.pcm not found, waiting...
demo.pcm not found, waiting...
demo.pcm not found, waiting...
demo.pcm not found, waiting...
demo.pcm not found, waiting...
demo.pcm not found, waiting...
demo.pcm not found, waiting...
demo.pcm not found, waiting...
demo.pcm not found, waiting...
demo.pcm not found, waiting...
demo.pcm not found, waiting...
demo.pcm not found, waiting...
demo.pcm not found, waiting...
demo.pcm not found, waiting...
demo.pcm not found, waiting...
demo.pcm not found, waiting...
demo.pcm not found, waiting...
demo.pcm not found, waiting...
demo.pcm not found, waiting...
demo.pcm not found, waiting...
demo.pcm not found, waiting...
demo.pcm not found, waiting...
demo.pcm not found, waiting...
demo.pcm not found, waiting...
demo.pcm not found, waiting...
demo.pcm not found, waiting...
demo.pcm not found, waiting...
demo.pcm not found, waiting...
demo.pcm not found, waiting...
demo.pcm not found, waiting...
demo.pcm not found, waiting...
demo.pcm not found, waiting...
demo.pcm not found, waiting...
demo.pcm not found, waiting...
demo.pcm not found, waiting...
demo.pcm not found, waiting...
demo.pcm not found, waiting...
demo.pcm not found, waiting...
demo.pcm not found, waiting...
demo.pcm not found, waiting...
demo.pcm not found, waiting...
demo.pcm not found, waiting...
demo.pcm not found, waiting...
demo.pcm not found, waiting...
demo.pcm not found, waiting...
demo.pcm not found, waiting...
demo.pcm not found, waiting...
demo.pcm not found, waiting...
demo.pcm not found, waiting...
demo.pcm not found, waiting...
demo.pcm not found, waiting...
demo.pcm not found, waiting...
demo.pcm not found, waiting...
demo.pcm not found, waiting...
demo.pcm not found, waiting...
demo.pcm not found, waiting...
demo.pcm not found, waiting...
demo.pcm not found, waiting...
demo.pcm not found, waiting...
demo.pcm not found, waiting...
demo.pcm not found, waiting...
demo.pcm not found, waiting...
demo.pcm not found, waiting...
demo.pcm not found, waiting...
demo.pcm not found, waiting...
demo.pcm not found, waiting...
demo.pcm not found, waiting...
demo.pcm not found, waiting...
demo.pcm not found, waiting...
demo.pcm not found, waiting...
demo.pcm not found, waiting...
demo.pcm not found, waiting...
demo.pcm not found, waiting...
demo.pcm not found, waiting...
demo.pcm not found, waiting...
demo.pcm not found, waiting...
demo.pcm not found, waiting...
demo.pcm not found, waiting...
demo.pcm not found, waiting...
demo.pcm not found, waiting...
demo.pcm not found, waiting...
demo.pcm not found, waiting...
demo.pcm not found, waiting...
demo.pcm not found, waiting...
demo.pcm not found, waiting...
demo.pcm not found, waiting...
demo.pcm not found, waiting...
demo.pcm not found, waiting...
demo.pcm not found, waiting...
demo.pcm not found, waiting...
demo.pcm not found, waiting...
demo.pcm not found, waiting...
demo.pcm not found, waiting...
demo.pcm not found, waiting...
demo.pcm not found, waiting...
demo.pcm not found, waiting...
demo.pcm not found, waiting...
demo.pcm not found, waiting...
demo.pcm not found, waiting...
demo.pcm not found, waiting...
demo.pcm not found, waiting...
demo.pcm not found, waiting...
demo.pcm not found, waiting...
demo.pcm not found, waiting...
demo.pcm not found, waiting...
demo.pcm not found, waiting...
demo.pcm not found, waiting...
demo.pcm not found, waiting...
demo.pcm not found, waiting...
demo.pcm not found, waiting...
demo.pcm not found, waiting...
demo.pcm not found, waiting...
demo.pcm not found, waiting...
demo.pcm not found, waiting...
demo.pcm not found, waiting...
demo.pcm not found, waiting...
demo.pcm not found, waiting...
demo.pcm not found, waiting...
demo.pcm not found, waiting...
demo.pcm not found, waiting...
demo.pcm not found, waiting...
demo.pcm not found, waiting...
demo.pcm not found, waiting...
demo.pcm not found, waiting...
demo.pcm not found, waiting...
demo.pcm not found, waiting...
demo.pcm not found, waiting...
demo.pcm not found, waiting...
demo.pcm not found, waiting...
demo.pcm not found, waiting...
demo.pcm not found, waiting...
demo.pcm not found, waiting...
demo.pcm not found, waiting...
demo.pcm not found, waiting...
demo.pcm not found, waiting...
demo.pcm not found, waiting...
demo.pcm not found, waiting...
demo.pcm not found, waiting...
demo.pcm not found, waiting...
demo.pcm not found, waiting...
demo.pcm not found, waiting...
demo.pcm not found, waiting...
demo.pcm not found, waiting...
demo.pcm not found, waiting...
demo.pcm not found, waiting...
demo.pcm not found, waiting...
demo.pcm not found, waiting...
demo.pcm not found, waiting...
demo.pcm not found, waiting...
demo.pcm not found, waiting...
demo.pcm not found, waiting...
demo.pcm not found, waiting...
demo.pcm not found, waiting...
demo.pcm not found, waiting...
demo.pcm not found, waiting...
demo.pcm not found, waiting...
demo.pcm not found, waiting...
demo.pcm not found, waiting...
demo.pcm not found, waiting...
demo.pcm not found, waiting...
demo.pcm not found, waiting...
demo.pcm not found, waiting...
demo.pcm not found, waiting...
demo.pcm not found, waiting...
demo.pcm not found, waiting...
demo.pcm not found, waiting...
demo.pcm not found, waiting...
demo.pcm not found, waiting...
demo.pcm not found, waiting...
demo.pcm not found, waiting...
demo.pcm not found, waiting...
demo.pcm not found, waiting...
demo.pcm not found, waiting...
demo.pcm not found, waiting...
demo.pcm not found, waiting...
demo.pcm not found, waiting...
demo.pcm not found, waiting...
demo.pcm not found, waiting...
demo.pcm not found, waiting...
demo.pcm not found, waiting...
demo.pcm not found, waiting...
demo.pcm not found, waiting...
demo.pcm not found, waiting...
demo.pcm not found, waiting...
demo.pcm not found, waiting...
demo.pcm not found, waiting...
demo.pcm not found, waiting...
demo.pcm not found, waiting...
demo.pcm not found, waiting...
demo.pcm not found, waiting...
demo.pcm not found, waiting...
demo.pcm not found, waiting...
demo.pcm not found, waiting...
demo.pcm not found, waiting...
demo.pcm not found, waiting...
demo.pcm not found, waiting...
demo.pcm not found, waiting...
demo.pcm not found, waiting...
demo.pcm not found, waiting...
demo.pcm not found, waiting...
demo.pcm not found, waiting...
demo.pcm not found, waiting...
demo.pcm not found, waiting...
demo.pcm not found, waiting...
demo.pcm not found, waiting...
demo.pcm not found, waiting...
demo.pcm not found, waiting...
demo.pcm not found, waiting...
demo.pcm not found, waiting...
demo.pcm not found, waiting...
demo.pcm not found, waiting...
demo.pcm not found, waiting...
demo.pcm not found, waiting...
demo.pcm not found, waiting...
demo.pcm not found, waiting...
demo.pcm not found, waiting...
demo.pcm not found, waiting...
demo.pcm not found, waiting...
demo.pcm not found, waiting...
demo.pcm not found, waiting...
demo.pcm not found, waiting...
demo.pcm not found, waiting...
demo.pcm not found, waiting...
demo.pcm not found, waiting...
demo.pcm not found, waiting...
demo.pcm not found, waiting...
demo.pcm not found, waiting...
demo.pcm not found, waiting...
demo.pcm not found, waiting...
demo.pcm not found, waiting...
demo.pcm not found, waiting...
demo.pcm not found, waiting...
demo.pcm not found, waiting...
demo.pcm not found, waiting...
demo.pcm not found, waiting...
demo.pcm not found, waiting...
demo.pcm not found, waiting...
demo.pcm not found, waiting...
demo.pcm not found, waiting...
demo.pcm not found, waiting...
demo.pcm not found, waiting...
demo.pcm not found, waiting...
demo.pcm not found, waiting...
demo.pcm not found, waiting...
demo.pcm not found, waiting...
demo.pcm not found, waiting...
demo.pcm not found, waiting...
demo.pcm not found, waiting...
demo.pcm not found, waiting...
demo.pcm not found, waiting...
demo.pcm not found, waiting...
demo.pcm not found, waiting...
demo.pcm not found, waiting...
demo.pcm not found, waiting...
demo.pcm not found, waiting...
demo.pcm not found, waiting...
demo.pcm not found, waiting...
demo.pcm not found, waiting...
demo.pcm not found, waiting...
demo.pcm not found, waiting...
demo.pcm not found, waiting...
demo.pcm not found, waiting...
demo.pcm not found, waiting...
demo.pcm not found, waiting...
demo.pcm not found, waiting...
demo.pcm not found, waiting...
demo.pcm not found, waiting...
demo.pcm not found, waiting...
demo.pcm not found, waiting...
demo.pcm not found, waiting...
demo.pcm not found, waiting...
demo.pcm not found, waiting...
demo.pcm not found, waiting...
demo.pcm not found, waiting...
demo.pcm not found, waiting...
demo.pcm not found, waiting...
demo.pcm not found, waiting...
demo.pcm not found, waiting...
demo.pcm not found, waiting...
demo.pcm not found, waiting...
demo.pcm not found, waiting...
demo.pcm not found, waiting...
demo.pcm not found, waiting...
demo.pcm not found, waiting...
demo.pcm not found, waiting...
demo.pcm not found, waiting...
demo.pcm not found, waiting...
demo.pcm not found, waiting...
demo.pcm not found, waiting...
demo.pcm not found, waiting...
demo.pcm not found, waiting...
demo.pcm not found, waiting...
demo.pcm not found, waiting...
demo.pcm not found, waiting...
demo.pcm not found, waiting...
demo.pcm not found, waiting...
demo.pcm not found, waiting...
demo.pcm not found, waiting...
demo.pcm not found, waiting...
demo.pcm not found, waiting...
demo.pcm not found, waiting...
demo.pcm not found, waiting...
demo.pcm not found, waiting...
demo.pcm not found, waiting...
demo.pcm not found, waiting...
demo.pcm not found, waiting...
demo.pcm not found, waiting...
demo.pcm not found, waiting...
demo.pcm not found, waiting...
demo.pcm not found, waiting...
demo.pcm not found, waiting...
demo.pcm not found, waiting...
demo.pcm not found, waiting...
demo.pcm not found, waiting...
demo.pcm not found, waiting...
demo.pcm not found, waiting...
demo.pcm not found, waiting...
demo.pcm not found, waiting...
demo.pcm not found, waiting...
demo.pcm not found, waiting...
demo.pcm not found, waiting...
demo.pcm not found, waiting...
demo.pcm not found, waiting...
demo.pcm not found, waiting...
demo.pcm not found, waiting...
demo.pcm not found, waiting...
demo.pcm not found, waiting...
demo.pcm not found, waiting...
demo.pcm not found, waiting...
demo.pcm not found, waiting...
demo.pcm not found, waiting...
demo.pcm not found, waiting...
demo.pcm not found, waiting...
demo.pcm not found, waiting...
demo.pcm not found, waiting...
demo.pcm not found, waiting...
demo.pcm not found, waiting...
demo.pcm not found, waiting...
demo.pcm not found, waiting...
demo.pcm not found, waiting...
demo.pcm not found, waiting...
demo.pcm not found, waiting...
demo.pcm not found, waiting...
demo.pcm not found, waiting...
demo.pcm not found, waiting...
demo.pcm not found, waiting...
demo.pcm not found, waiting...
demo.pcm not found, waiting...
demo.pcm not found, waiting...
demo.pcm not found, waiting...
demo.pcm not found, waiting...
demo.pcm not found, waiting...
demo.pcm not found, waiting...
demo.pcm not found, waiting...
demo.pcm not found, waiting...
demo.pcm not found, waiting...
demo.pcm not found, waiting...
demo.pcm not found, waiting...
demo.pcm not found, waiting...
demo.pcm not found, waiting...
demo.pcm not found, waiting...
demo.pcm not found, waiting...
demo.pcm not found, waiting...
demo.pcm not found, waiting...
demo.pcm not found, waiting...
demo.pcm not found, waiting...
demo.pcm not found, waiting...
demo.pcm not found, waiting...
demo.pcm not found, waiting...
demo.pcm not found, waiting...
demo.pcm not found, waiting...
demo.pcm not found, waiting...
demo.pcm not found, waiting...
demo.pcm not found, waiting...
demo.pcm not found, waiting...
demo.pcm not found, waiting...
demo.pcm not found, waiting...
demo.pcm not found, waiting...
demo.pcm not found, waiting...
demo.pcm not found, waiting...
demo.pcm not found, waiting...
demo.pcm not found, waiting...
demo.pcm not found, waiting...
demo.pcm not found, waiting...
demo.pcm not found, waiting...
demo.pcm not found, waiting...
demo.pcm not found, waiting...
demo.pcm not found, waiting...
demo.pcm not found, waiting...
demo.pcm not found, waiting...
demo.pcm not found, waiting...
demo.pcm not found, waiting...
demo.pcm not found, waiting...
demo.pcm not found, waiting...
demo.pcm not found, waiting...
demo.pcm not found, waiting...
demo.pcm not found, waiting...
demo.pcm not found, waiting...
demo.pcm not found, waiting...
demo.pcm not found, waiting...
demo.pcm not found, waiting...
demo.pcm not found, waiting...
demo.pcm not found, waiting...
demo.pcm not found, waiting...
demo.pcm not found, waiting...
demo.pcm not found, waiting...
demo.pcm not found, waiting...
demo.pcm not found, waiting...
demo.pcm not found, waiting...
demo.pcm not found, waiting...
demo.pcm not found, waiting...
demo.pcm not found, waiting...
demo.pcm not found, waiting...
demo.pcm not found, waiting...
demo.pcm not found, waiting...
demo.pcm not found, waiting...
demo.pcm not found, waiting...
demo.pcm not found, waiting...
demo.pcm not found, waiting...
demo.pcm not found, waiting...
demo.pcm not found, waiting...
demo.pcm not found, waiting...
demo.pcm not found, waiting...
demo.pcm not found, waiting...
demo.pcm not found, waiting...
demo.pcm not found, waiting...
demo.pcm not found, waiting...
demo.pcm not found, waiting...
demo.pcm not found, waiting...
demo.pcm not found, waiting...
demo.pcm not found, waiting...
demo.pcm not found, waiting...
demo.pcm not found, waiting...
demo.pcm not found, waiting...
demo.pcm not found, waiting...
demo.pcm not found, waiting...
demo.pcm not found, waiting...
demo.pcm not found, waiting...
demo.pcm not found, waiting...
demo.pcm not found, waiting...
demo.pcm not found, waiting...
demo.pcm not found, waiting...
demo.pcm not found, waiting...
demo.pcm not found, waiting...
demo.pcm not found, waiting...
demo.pcm not found, waiting...
demo.pcm not found, waiting...
demo.pcm not found, waiting...
demo.pcm not found, waiting...
demo.pcm not found, waiting...
demo.pcm not found, waiting...
demo.pcm not found, waiting...
demo.pcm not found, waiting...
demo.pcm not found, waiting...
demo.pcm not found, waiting...
demo.pcm not found, waiting...
demo.pcm not found, waiting...
demo.pcm not found, waiting...
demo.pcm not found, waiting...
demo.pcm not found, waiting...
demo.pcm not found, waiting...
demo.pcm not found, waiting...
demo.pcm not found, waiting...
demo.pcm not found, waiting...
demo.pcm not found, waiting...
demo.pcm not found, waiting...
demo.pcm not found, waiting...
demo.pcm not found, waiting...
demo.pcm not found, waiting...
demo.pcm not found, waiting...
demo.pcm not found, waiting...
demo.pcm not found, waiting...
demo.pcm not found, waiting...
demo.pcm not found, waiting...
demo.pcm not found, waiting...
demo.pcm not found, waiting...
demo.pcm not found, waiting...
demo.pcm not found, waiting...
demo.pcm not found, waiting...
demo.pcm not found, waiting...
demo.pcm not found, waiting...
demo.pcm not found, waiting...
demo.pcm not found, waiting...
demo.pcm not found, waiting...
demo.pcm not found, waiting...
demo.pcm not found, waiting...
demo.pcm not found, waiting...
demo.pcm not found, waiting...
demo.pcm not found, waiting...
demo.pcm not found, waiting...
demo.pcm not found, waiting...
demo.pcm not found, waiting...
demo.pcm not found, waiting...
demo.pcm not found, waiting...
demo.pcm not found, waiting...
demo.pcm not found, waiting...
demo.pcm not found, waiting...
demo.pcm not found, waiting...
demo.pcm not found, waiting...
demo.pcm not found, waiting...
demo.pcm not found, waiting...
demo.pcm not found, waiting...
demo.pcm not found, waiting...
demo.pcm not found, waiting...
demo.pcm not found, waiting...
demo.pcm not found, waiting...
demo.pcm not found, waiting...
demo.pcm not found, waiting...
demo.pcm not found, waiting...
demo.pcm not found, waiting...
demo.pcm not found, waiting...
demo.pcm not found, waiting...
demo.pcm not found, waiting...
demo.pcm not found, waiting...
demo.pcm not found, waiting...
demo.pcm not found, waiting...
demo.pcm not found, waiting...
demo.pcm not found, waiting...
demo.pcm not found, waiting...
demo.pcm not found, waiting...
demo.pcm not found, waiting...
demo.pcm not found, waiting...
demo.pcm not found, waiting...
demo.pcm not found, waiting...
demo.pcm not found, waiting...
demo.pcm not found, waiting...
demo.pcm not found, waiting...
demo.pcm not found, waiting...
demo.pcm not found, waiting...
demo.pcm not found, waiting...
demo.pcm not found, waiting...
demo.pcm not found, waiting...
demo.pcm not found, waiting...
demo.pcm not found, waiting...
demo.pcm not found, waiting...
demo.pcm not found, waiting...
demo.pcm not found, waiting...
demo.pcm not found, waiting...
demo.pcm not found, waiting...
demo.pcm not found, waiting...
demo.pcm not found, waiting...
demo.pcm not found, waiting...
demo.pcm not found, waiting...
demo.pcm not found, waiting...
demo.pcm not found, waiting...
demo.pcm not found, waiting...
demo.pcm not found, waiting...
demo.pcm not found, waiting...
demo.pcm not found, waiting...
demo.pcm not found, waiting...
demo.pcm not found, waiting...
demo.pcm not found, waiting...
demo.pcm not found, waiting...
demo.pcm not found, waiting...
demo.pcm not found, waiting...
demo.pcm not found, waiting...
demo.pcm not found, waiting...
demo.pcm not found, waiting...
demo.pcm not found, waiting...
demo.pcm not found, waiting...
demo.pcm not found, waiting...
demo.pcm not found, waiting...
demo.pcm not found, waiting...
demo.pcm not found, waiting...
demo.pcm not found, waiting...
demo.pcm not found, waiting...
demo.pcm not found, waiting...
demo.pcm not found, waiting...
demo.pcm not found, waiting...
demo.pcm not found, waiting...
demo.pcm not found, waiting...
demo.pcm not found, waiting...
demo.pcm not found, waiting...
demo.pcm not found, waiting...
demo.pcm not found, waiting...
demo.pcm not found, waiting...
demo.pcm not found, waiting...
demo.pcm not found, waiting...
demo.pcm not found, waiting...
demo.pcm not found, waiting...
demo.pcm not found, waiting...
demo.pcm not found, waiting...
demo.pcm not found, waiting...
demo.pcm not found, waiting...
demo.pcm not found, waiting...
demo.pcm not found, waiting...
demo.pcm not found, waiting...
demo.pcm not found, waiting...
demo.pcm not found, waiting...
demo.pcm not found, waiting...
demo.pcm not found, waiting...
demo.pcm not found, waiting...
demo.pcm not found, waiting...
demo.pcm not found, waiting...
demo.pcm not found, waiting...
demo.pcm not found, waiting...
demo.pcm not found, waiting...
demo.pcm not found, waiting...
demo.pcm not found, waiting...
demo.pcm not found, waiting...
demo.pcm not found, waiting...
demo.pcm not found, waiting...
demo.pcm not found, waiting...
demo.pcm not found, waiting...
demo.pcm not found, waiting...
demo.pcm not found, waiting...
demo.pcm not found, waiting...
demo.pcm not found, waiting...
demo.pcm not found, waiting...
demo.pcm not found, waiting...
demo.pcm not found, waiting...
demo.pcm not found, waiting...
demo.pcm not found, waiting...
demo.pcm not found, waiting...
demo.pcm not found, waiting...
demo.pcm not found, waiting...
demo.pcm not found, waiting...
demo.pcm not found, waiting...
demo.pcm not found, waiting...
demo.pcm not found, waiting...
demo.pcm not found, waiting...
demo.pcm not found, waiting...
demo.pcm not found, waiting...
demo.pcm not found, waiting...
demo.pcm not found, waiting...
demo.pcm not found, waiting...
demo.pcm not found, waiting...
demo.pcm not found, waiting...
demo.pcm not found, waiting...
demo.pcm not found, waiting...
demo.pcm not found, waiting...
demo.pcm not found, waiting...
demo.pcm not found, waiting...
demo.pcm not found, waiting...
demo.pcm not found, waiting...
demo.pcm not found, waiting...
demo.pcm not found, waiting...
demo.pcm not found, waiting...
demo.pcm not found, waiting...
demo.pcm not found, waiting...
demo.pcm not found, waiting...
demo.pcm not found, waiting...
demo.pcm not found, waiting...
demo.pcm not found, waiting...
demo.pcm not found, waiting...
demo.pcm not found, waiting...
demo.pcm not found, waiting...
demo.pcm not found, waiting...
demo.pcm not found, waiting...
demo.pcm not found, waiting...
demo.pcm not found, waiting...
demo.pcm not found, waiting...
demo.pcm not found, waiting...
demo.pcm not found, waiting...
demo.pcm not found, waiting...
demo.pcm not found, waiting...
demo.pcm not found, waiting...
demo.pcm not found, waiting...
demo.pcm not found, waiting...
demo.pcm not found, waiting...
demo.pcm not found, waiting...
demo.pcm not found, waiting...
demo.pcm not found, waiting...
demo.pcm not found, waiting...
demo.pcm not found, waiting...
demo.pcm not found, waiting...
demo.pcm not found, waiting...
demo.pcm not found, waiting...
demo.pcm not found, waiting...
demo.pcm not found, waiting...
demo.pcm not found, waiting...
demo.pcm not found, waiting...
demo.pcm not found, waiting...
demo.pcm not found, waiting...
demo.pcm not found, waiting...
demo.pcm not found, waiting...
demo.pcm not found, waiting...
demo.pcm not found, waiting...
demo.pcm not found, waiting...
demo.pcm not found, waiting...
demo.pcm not found, waiting...
demo.pcm not found, waiting...
demo.pcm not found, waiting...
demo.pcm not found, waiting...
demo.pcm not found, waiting...
demo.pcm not found, waiting...
demo.pcm not found, waiting...
demo.pcm not found, waiting...
demo.pcm not found, waiting...
demo.pcm not found, waiting...
demo.pcm not found, waiting...
demo.pcm not found, waiting...
demo.pcm not found, waiting...
demo.pcm not found, waiting...
demo.pcm not found, waiting...
demo.pcm not found, waiting...
demo.pcm not found, waiting...
demo.pcm not found, waiting...
demo.pcm not found, waiting...
demo.pcm not found, waiting...
demo.pcm not found, waiting...
demo.pcm not found, waiting...
demo.pcm not found, waiting...
demo.pcm not found, waiting...
demo.pcm not found, waiting...
demo.pcm not found, waiting...
demo.pcm not found, waiting...
demo.pcm not found, waiting...
demo.pcm not found, waiting...
demo.pcm not found, waiting...
demo.pcm not found, waiting...
demo.pcm not found, waiting...
demo.pcm not found, waiting...
demo.pcm not found, waiting...
demo.pcm not found, waiting...
demo.pcm not found, waiting...
demo.pcm not found, waiting...
demo.pcm not found, waiting...
demo.pcm not found, waiting...
demo.pcm not found, waiting...
demo.pcm not found, waiting...
demo.pcm not found, waiting...
demo.pcm not found, waiting...
demo.pcm not found, waiting...
demo.pcm not found, waiting...
demo.pcm not found, waiting...
demo.pcm not found, waiting...
demo.pcm not found, waiting...
demo.pcm not found, waiting...
demo.pcm not found, waiting...
demo.pcm not found, waiting...
demo.pcm not found, waiting...
demo.pcm not found, waiting...
demo.pcm not found, waiting...
demo.pcm not found, waiting...
demo.pcm not found, waiting...
demo.pcm not found, waiting...
demo.pcm not found, waiting...
demo.pcm not found, waiting...
demo.pcm not found, waiting...
demo.pcm not found, waiting...
demo.pcm not found, waiting...
demo.pcm not found, waiting...
demo.pcm not found, waiting...
demo.pcm not found, waiting...
demo.pcm not found, waiting...
demo.pcm not found, waiting...
demo.pcm not found, waiting...
demo.pcm not found, waiting...
demo.pcm not found, waiting...
demo.pcm not found, waiting...
demo.pcm not found, waiting...
demo.pcm not found, waiting...
demo.pcm not found, waiting...
demo.pcm not found, waiting...
demo.pcm not found, waiting...
demo.pcm not found, waiting...
demo.pcm not found, waiting...
demo.pcm not found, waiting...
demo.pcm not found, waiting...
demo.pcm not found, waiting...
demo.pcm not found, waiting...
demo.pcm not found, waiting...
demo.pcm not found, waiting...
demo.pcm not found, waiting...
demo.pcm not found, waiting...
demo.pcm not found, waiting...
demo.pcm not found, waiting...
demo.pcm not found, waiting...
demo.pcm not found, waiting...
demo.pcm not found, waiting...
demo.pcm not found, waiting...
demo.pcm not found, waiting...
demo.pcm not found, waiting...
demo.pcm not found, waiting...
demo.pcm not found, waiting...
demo.pcm not found, waiting...
demo.pcm not found, waiting...
demo.pcm not found, waiting...
demo.pcm not found, waiting...
demo.pcm not found, waiting...
demo.pcm not found, waiting...
demo.pcm not found, waiting...
demo.pcm not found, waiting...
demo.pcm not found, waiting...
demo.pcm not found, waiting...
demo.pcm not found, waiting...
demo.pcm not found, waiting...
demo.pcm not found, waiting...
demo.pcm not found, waiting...
demo.pcm not found, waiting...
demo.pcm not found, waiting...
demo.pcm not found, waiting...
demo.pcm not found, waiting...
demo.pcm not found, waiting...
demo.pcm not found, waiting...
demo.pcm not found, waiting...
demo.pcm not found, waiting...
demo.pcm not found, waiting...
demo.pcm not found, waiting...
demo.pcm not found, waiting...
demo.pcm not found, waiting...
demo.pcm not found, waiting...
demo.pcm not found, waiting...
demo.pcm not found, waiting...
demo.pcm not found, waiting...
demo.pcm not found, waiting...
demo.pcm not found, waiting...
demo.pcm not found, waiting...
demo.pcm not found, waiting...
demo.pcm not found, waiting...
demo.pcm not found, waiting...
demo.pcm not found, waiting...
demo.pcm not found, waiting...
demo.pcm not found, waiting...
demo.pcm not found, waiting...
demo.pcm not found, waiting...
demo.pcm not found, waiting...
demo.pcm not found, waiting...
demo.pcm not found, waiting...
demo.pcm not found, waiting...
demo.pcm not found, waiting...
demo.pcm not found, waiting...
demo.pcm not found, waiting...
demo.pcm not found, waiting...
demo.pcm not found, waiting...
demo.pcm not found, waiting...
demo.pcm not found, waiting...
demo.pcm not found, waiting...
demo.pcm not found, waiting...
demo.pcm not found, waiting...
demo.pcm not found, waiting...
demo.pcm not found, waiting...
demo.pcm not found, waiting...
demo.pcm not found, waiting...
demo.pcm not found, waiting...
demo.pcm not found, waiting...
demo.pcm not found, waiting...
demo.pcm not found, waiting...
demo.pcm not found, waiting...
demo.pcm not found, waiting...
demo.pcm not found, waiting...
demo.pcm not found, waiting...
demo.pcm not found, waiting...
demo.pcm not found, waiting...
demo.pcm not found, waiting...
demo.pcm not found, waiting...
demo.pcm not found, waiting...
demo.pcm not found, waiting...
demo.pcm not found, waiting...
demo.pcm not found, waiting...
demo.pcm not found, waiting...
demo.pcm not found, waiting...
demo.pcm not found, waiting...
demo.pcm not found, waiting...
demo.pcm not found, waiting...
demo.pcm not found, waiting...
demo.pcm not found, waiting...
demo.pcm not found, waiting...
demo.pcm not found, waiting...
demo.pcm not found, waiting...
demo.pcm not found, waiting...
demo.pcm not found, waiting...
demo.pcm not found, waiting...
demo.pcm not found, waiting...
demo.pcm not found, waiting...
demo.pcm not found, waiting...
demo.pcm not found, waiting...
demo.pcm not found, waiting...
demo.pcm not found, waiting...
demo.pcm not found, waiting...
demo.pcm not found, waiting...
demo.pcm not found, waiting...
demo.pcm not found, waiting...
demo.pcm not found, waiting...
demo.pcm not found, waiting...
demo.pcm not found, waiting...
demo.pcm not found, waiting...
demo.pcm not found, waiting...
demo.pcm not found, waiting...
demo.pcm not found, waiting...
demo.pcm not found, waiting...
demo.pcm not found, waiting...
demo.pcm not found, waiting...
demo.pcm not found, waiting...
demo.pcm not found, waiting...
demo.pcm not found, waiting...
demo.pcm not found, waiting...
demo.pcm not found, waiting...
demo.pcm not found, waiting...
demo.pcm not found, waiting...
demo.pcm not found, waiting...
demo.pcm not found, waiting...
demo.pcm not found, waiting...
demo.pcm not found, waiting...
demo.pcm not found, waiting...
demo.pcm not found, waiting...
demo.pcm not found, waiting...
demo.pcm not found, waiting...
demo.pcm not found, waiting...
demo.pcm not found, waiting...
demo.pcm not found, waiting...
demo.pcm not found, waiting...
demo.pcm not found, waiting...
demo.pcm not found, waiting...
demo.pcm not found, waiting...
demo.pcm not found, waiting...
demo.pcm not found, waiting...
demo.pcm not found, waiting...
demo.pcm not found, waiting...
demo.pcm not found, waiting...
demo.pcm not found, waiting...
demo.pcm not found, waiting...
demo.pcm not found, waiting...
demo.pcm not found, waiting...
demo.pcm not found, waiting...
demo.pcm not found, waiting...
demo.pcm not found, waiting...
demo.pcm not found, waiting...
demo.pcm not found, waiting...
demo.pcm not found, waiting...
demo.pcm not found, waiting...
demo.pcm not found, waiting...
demo.pcm not found, waiting...
demo.pcm not found, waiting...
demo.pcm not found, waiting...
demo.pcm not found, waiting...
demo.pcm not found, waiting...
demo.pcm not found, waiting...
demo.pcm not found, waiting...
demo.pcm not found, waiting...
demo.pcm not found, waiting...
demo.pcm not found, waiting...
demo.pcm not found, waiting...
demo.pcm not found, waiting...
demo.pcm not found, waiting...
demo.pcm not found, waiting...
demo.pcm not found, waiting...
demo.pcm not found, waiting...
demo.pcm not found, waiting...
demo.pcm not found, waiting...
demo.pcm not found, waiting...
demo.pcm not found, waiting...
demo.pcm not found, waiting...
demo.pcm not found, waiting...
demo.pcm not found, waiting...
demo.pcm not found, waiting...
demo.pcm not found, waiting...
demo.pcm not found, waiting...
demo.pcm not found, waiting...
demo.pcm not found, waiting...
demo.pcm not found, waiting...
demo.pcm not found, waiting...
demo.pcm not found, waiting...
demo.pcm not found, waiting...
demo.pcm not found, waiting...
demo.pcm not found, waiting...
demo.pcm not found, waiting...
demo.pcm not found, waiting...
demo.pcm not found, waiting...
demo.pcm not found, waiting...
demo.pcm not found, waiting...
demo.pcm not found, waiting...
demo.pcm not found, waiting...
demo.pcm not found, waiting...
demo.pcm not found, waiting...
demo.pcm not found, waiting...
demo.pcm not found, waiting...
demo.pcm not found, waiting...
demo.pcm not found, waiting...
demo.pcm not found, waiting...
demo.pcm not found, waiting...
demo.pcm not found, waiting...
demo.pcm not found, waiting...
demo.pcm not found, waiting...
demo.pcm not found, waiting...
demo.pcm not found, waiting...
demo.pcm not found, waiting...
demo.pcm not found, waiting...
demo.pcm not found, waiting...
demo.pcm not found, waiting...
demo.pcm not found, waiting...
demo.pcm not found, waiting...
demo.pcm not found, waiting...
demo.pcm not found, waiting...
demo.pcm not found, waiting...
demo.pcm not found, waiting...
demo.pcm not found, waiting...
demo.pcm not found, waiting...
demo.pcm not found, waiting...
demo.pcm not found, waiting...
demo.pcm not found, waiting...
demo.pcm not found, waiting...
demo.pcm not found, waiting...
demo.pcm not found, waiting...
demo.pcm not found, waiting...
demo.pcm not found, waiting...
demo.pcm not found, waiting...
demo.pcm not found, waiting...
demo.pcm not found, waiting...
demo.pcm not found, waiting...
demo.pcm not found, waiting...
demo.pcm not found, waiting...
demo.pcm not found, waiting...
demo.pcm not found, waiting...
demo.pcm not found, waiting...
demo.pcm not found, waiting...
demo.pcm not found, waiting...
demo.pcm not found, waiting...
demo.pcm not found, waiting...
demo.pcm not found, waiting...
demo.pcm not found, waiting...
demo.pcm not found, waiting...
demo.pcm not found, waiting...
demo.pcm not found, waiting...
demo.pcm not found, waiting...
demo.pcm not found, waiting...
demo.pcm not found, waiting...
demo.pcm not found, waiting...
demo.pcm not found, waiting...
demo.pcm not found, waiting...
demo.pcm not found, waiting...
demo.pcm not found, waiting...
demo.pcm not found, waiting...
demo.pcm not found, waiting...
demo.pcm not found, waiting...
demo.pcm not found, waiting...
demo.pcm not found, waiting...
demo.pcm not found, waiting...
demo.pcm not found, waiting...
demo.pcm not found, waiting...
demo.pcm not found, waiting...
demo.pcm not found, waiting...
demo.pcm not found, waiting...
demo.pcm not found, waiting...
demo.pcm not found, waiting...
demo.pcm not found, waiting...
demo.pcm not found, waiting...
demo.pcm not found, waiting...
demo.pcm not found, waiting...
demo.pcm not found, waiting...
demo.pcm not found, waiting...
demo.pcm not found, waiting...
demo.pcm not found, waiting...
demo.pcm not found, waiting...
demo.pcm not found, waiting...
demo.pcm not found, waiting...
demo.pcm not found, waiting...
demo.pcm not found, waiting...
demo.pcm not found, waiting...
demo.pcm not found, waiting...
demo.pcm not found, waiting...
demo.pcm not found, waiting...
demo.pcm not found, waiting...
demo.pcm not found, waiting...
demo.pcm not found, waiting...
demo.pcm not found, waiting...
demo.pcm not found, waiting...
demo.pcm not found, waiting...
demo.pcm not found, waiting...
demo.pcm not found, waiting...
demo.pcm not found, waiting...
demo.pcm not found, waiting...
demo.pcm not found, waiting...
demo.pcm not found, waiting...
demo.pcm not found, waiting...
demo.pcm not found, waiting...
demo.pcm not found, waiting...
demo.pcm not found, waiting...
demo.pcm not found, waiting...
demo.pcm not found, waiting...
demo.pcm not found, waiting...
demo.pcm not found, waiting...
demo.pcm not found, waiting...
demo.pcm not found, waiting...
demo.pcm not found, waiting...
demo.pcm not found, waiting...
demo.pcm not found, waiting...
demo.pcm not found, waiting...
demo.pcm not found, waiting...
demo.pcm not found, waiting...
demo.pcm not found, waiting...
demo.pcm not found, waiting...
demo.pcm not found, waiting...
demo.pcm not found, waiting...
demo.pcm not found, waiting...
demo.pcm not found, waiting...
demo.pcm not found, waiting...
demo.pcm not found, waiting...
demo.pcm not found, waiting...
demo.pcm not found, waiting...
demo.pcm not found, waiting...
demo.pcm not found, waiting...
demo.pcm not found, waiting...
demo.pcm not found, waiting...
demo.pcm not found, waiting...
demo.pcm not found, waiting...
demo.pcm not found, waiting...
demo.pcm not found, waiting...
demo.pcm not found, waiting...
demo.pcm not found, waiting...
demo.pcm not found, waiting...
demo.pcm not found, waiting...
demo.pcm not found, waiting...
demo.pcm not found, waiting...
demo.pcm not found, waiting...
demo.pcm not found, waiting...
demo.pcm not found, waiting...
demo.pcm not found, waiting...
demo.pcm not found, waiting...
demo.pcm not found, waiting...
demo.pcm not found, waiting...
demo.pcm not found, waiting...
demo.pcm not found, waiting...
demo.pcm not found, waiting...
demo.pcm not found, waiting...
demo.pcm not found, waiting...
demo.pcm not found, waiting...
demo.pcm not found, waiting...
demo.pcm not found, waiting...
demo.pcm not found, waiting...
demo.pcm not found, waiting...
demo.pcm not found, waiting...
demo.pcm not found, waiting...
demo.pcm not found, waiting...
demo.pcm not found, waiting...
demo.pcm not found, waiting...
demo.pcm not found, waiting...
demo.pcm not found, waiting...
demo.pcm not found, waiting...
demo.pcm not found, waiting...
demo.pcm not found, waiting...
demo.pcm not found, waiting...
demo.pcm not found, waiting...
demo.pcm not found, waiting...
demo.pcm not found, waiting...
demo.pcm not found, waiting...
demo.pcm not found, waiting...
demo.pcm not found, waiting...
demo.pcm not found, waiting...
demo.pcm not found, waiting...
demo.pcm not found, waiting...
demo.pcm not found, waiting...
demo.pcm not found, waiting...
demo.pcm not found, waiting...
demo.pcm not found, waiting...
demo.pcm not found, waiting...
demo.pcm not found, waiting...
demo.pcm not found, waiting...
demo.pcm not found, waiting...
demo.pcm not found, waiting...
demo.pcm not found, waiting...
demo.pcm not found, waiting...
demo.pcm not found, waiting...
demo.pcm not found, waiting...
demo.pcm not found, waiting...
demo.pcm not found, waiting...
demo.pcm not found, waiting...
demo.pcm not found, waiting...
demo.pcm not found, waiting...
demo.pcm not found, waiting...
demo.pcm not found, waiting...
demo.pcm not found, waiting...
demo.pcm not found, waiting...
demo.pcm not found, waiting...
demo.pcm not found, waiting...
demo.pcm not found, waiting...
demo.pcm not found, waiting...
demo.pcm not found, waiting...
demo.pcm not found, waiting...
demo.pcm not found, waiting...
demo.pcm not found, waiting...
demo.pcm not found, waiting...
demo.pcm not found, waiting...
demo.pcm not found, waiting...
demo.pcm not found, waiting...
demo.pcm not found, waiting...
demo.pcm not found, waiting...
demo.pcm not found, waiting...
demo.pcm not found, waiting...
demo.pcm not found, waiting...
demo.pcm not found, waiting...
demo.pcm not found, waiting...
demo.pcm not found, waiting...
demo.pcm not found, waiting...
demo.pcm not found, waiting...
demo.pcm not found, waiting...
demo.pcm not found, waiting...
demo.pcm not found, waiting...
demo.pcm not found, waiting...
demo.pcm not found, waiting...
demo.pcm not found, waiting...
demo.pcm not found, waiting...
demo.pcm not found, waiting...
demo.pcm not found, waiting...
demo.pcm not found, waiting...
demo.pcm not found, waiting...
demo.pcm not found, waiting...
demo.pcm not found, waiting...
demo.pcm not found, waiting...
demo.pcm not found, waiting...
demo.pcm not found, waiting...
demo.pcm not found, waiting...
demo.pcm not found, waiting...
demo.pcm not found, waiting...
demo.pcm not found, waiting...
demo.pcm not found, waiting...
demo.pcm not found, waiting...
demo.pcm not found, waiting...
demo.pcm not found, waiting...
demo.pcm not found, waiting...
demo.pcm not found, waiting...
demo.pcm not found, waiting...
demo.pcm not found, waiting...
demo.pcm not found, waiting...
demo.pcm not found, waiting...
demo.pcm not found, waiting...
demo.pcm not found, waiting...
demo.pcm not found, waiting...
demo.pcm not found, waiting...
demo.pcm not found, waiting...
demo.pcm not found, waiting...
demo.pcm not found, waiting...
demo.pcm not found, waiting...
demo.pcm not found, waiting...
demo.pcm not found, waiting...
demo.pcm not found, waiting...
demo.pcm not found, waiting...
demo.pcm not found, waiting...
demo.pcm not found, waiting...
demo.pcm not found, waiting...
demo.pcm not found, waiting...
demo.pcm not found, waiting...
demo.pcm not found, waiting...
demo.pcm not found, waiting...
demo.pcm not found, waiting...
demo.pcm not found, waiting...
demo.pcm not found, waiting...
demo.pcm not found, waiting...
demo.pcm not found, waiting...
demo.pcm not found, waiting...
demo.pcm not found, waiting...
demo.pcm not found, waiting...
demo.pcm not found, waiting...
demo.pcm not found, waiting...
demo.pcm not found, waiting...
demo.pcm not found, waiting...
demo.pcm not found, waiting...
demo.pcm not found, waiting...
demo.pcm not found, waiting...
demo.pcm not found, waiting...
demo.pcm not found, waiting...
demo.pcm not found, waiting...
demo.pcm not found, waiting...
demo.pcm not found, waiting...
demo.pcm not found, waiting...
demo.pcm not found, waiting...
demo.pcm not found, waiting...
demo.pcm not found, waiting...
demo.pcm not found, waiting...
demo.pcm not found, waiting...
demo.pcm not found, waiting...
demo.pcm not found, waiting...
demo.pcm not found, waiting...
demo.pcm not found, waiting...
demo.pcm not found, waiting...
demo.pcm not found, waiting...
demo.pcm not found, waiting...
demo.pcm not found, waiting...
demo.pcm not found, waiting...
demo.pcm not found, waiting...
demo.pcm not found, waiting...
demo.pcm not found, waiting...
demo.pcm not found, waiting...
demo.pcm not found, waiting...
demo.pcm not found, waiting...
demo.pcm not found, waiting...
demo.pcm not found, waiting...
demo.pcm not found, waiting...
demo.pcm not found, waiting...
demo.pcm not found, waiting...
demo.pcm not found, waiting...
demo.pcm not found, waiting...
demo.pcm not found, waiting...
demo.pcm not found, waiting...
demo.pcm not found, waiting...
demo.pcm not found, waiting...
demo.pcm not found, waiting...
demo.pcm not found, waiting...
demo.pcm not found, waiting...
demo.pcm not found, waiting...
demo.pcm not found, waiting...
demo.pcm not found, waiting...
demo.pcm not found, waiting...
demo.pcm not found, waiting...
demo.pcm not found, waiting...
demo.pcm not found, waiting...
demo.pcm not found, waiting...
demo.pcm not found, waiting...
demo.pcm not found, waiting...
demo.pcm not found, waiting...
demo.pcm not found, waiting...
demo.pcm not found, waiting...
demo.pcm not found, waiting...
demo.pcm not found, waiting...
demo.pcm not found, waiting...
demo.pcm not found, waiting...
demo.pcm not found, waiting...
demo.pcm not found, waiting...
demo.pcm not found, waiting...
demo.pcm not found, waiting...
demo.pcm not found, waiting...
demo.pcm not found, waiting...
demo.pcm not found, waiting...
demo.pcm not found, waiting...
demo.pcm not found, waiting...
demo.pcm not found, waiting...
demo.pcm not found, waiting...
demo.pcm not found, waiting...
demo.pcm not found, waiting...
demo.pcm not found, waiting...
demo.pcm not found, waiting...
demo.pcm not found, waiting...
demo.pcm not found, waiting...
demo.pcm not found, waiting...
demo.pcm not found, waiting...
demo.pcm not found, waiting...
demo.pcm not found, waiting...
demo.pcm not found, waiting...
demo.pcm not found, waiting...
demo.pcm not found, waiting...
demo.pcm not found, waiting...
demo.pcm not found, waiting...
demo.pcm not found, waiting...
demo.pcm not found, waiting...
demo.pcm not found, waiting...
demo.pcm not found, waiting...
demo.pcm not found, waiting...
demo.pcm not found, waiting...
demo.pcm not found, waiting...
demo.pcm not found, waiting...
demo.pcm not found, waiting...
demo.pcm not found, waiting...
demo.pcm not found, waiting...
demo.pcm not found, waiting...
demo.pcm not found, waiting...
demo.pcm not found, waiting...
demo.pcm not found, waiting...
demo.pcm not found, waiting...
demo.pcm not found, waiting...
demo.pcm not found, waiting...
demo.pcm not found, waiting...
demo.pcm not found, waiting...
demo.pcm not found, waiting...
demo.pcm not found, waiting...
demo.pcm not found, waiting...
demo.pcm not found, waiting...
demo.pcm not found, waiting...
demo.pcm not found, waiting...
demo.pcm not found, waiting...
demo.pcm not found, waiting...
demo.pcm not found, waiting...
demo.pcm not found, waiting...
demo.pcm not found, waiting...
demo.pcm not found, waiting...
demo.pcm not found, waiting...
demo.pcm not found, waiting...
demo.pcm not found, waiting...
demo.pcm not found, waiting...
demo.pcm not found, waiting...
demo.pcm not found, waiting...
demo.pcm not found, waiting...
demo.pcm not found, waiting...
demo.pcm not found, waiting...
demo.pcm not found, waiting...
demo.pcm not found, waiting...
demo.pcm not found, waiting...
demo.pcm not found, waiting...
demo.pcm not found, waiting...
demo.pcm not found, waiting...
demo.pcm not found, waiting...
demo.pcm not found, waiting...
demo.pcm not found, waiting...
demo.pcm not found, waiting...
demo.pcm not found, waiting...
demo.pcm not found, waiting...
demo.pcm not found, waiting...
demo.pcm not found, waiting...
demo.pcm not found, waiting...
demo.pcm not found, waiting...
demo.pcm not found, waiting...
demo.pcm not found, waiting...
demo.pcm not found, waiting...
demo.pcm not found, waiting...
demo.pcm not found, waiting...
demo.pcm not found, waiting...
demo.pcm not found, waiting...
demo.pcm not found, waiting...
demo.pcm not found, waiting...
demo.pcm not found, waiting...
demo.pcm not found, waiting...
demo.pcm not found, waiting...
demo.pcm not found, waiting...
demo.pcm not found, waiting...
demo.pcm not found, waiting...
demo.pcm not found, waiting...
demo.pcm not found, waiting...
demo.pcm not found, waiting...
demo.pcm not found, waiting...
demo.pcm not found, waiting...
demo.pcm not found, waiting...
demo.pcm not found, waiting...
demo.pcm not found, waiting...
demo.pcm not found, waiting...
demo.pcm not found, waiting...
demo.pcm not found, waiting...
demo.pcm not found, waiting...
demo.pcm not found, waiting...
demo.pcm not found, waiting...
demo.pcm not found, waiting...
demo.pcm not found, waiting...
demo.pcm not found, waiting...
demo.pcm not found, waiting...
demo.pcm not found, waiting...
demo.pcm not found, waiting...
demo.pcm not found, waiting...
demo.pcm not found, waiting...
demo.pcm not found, waiting...
demo.pcm not found, waiting...
demo.pcm not found, waiting...
demo.pcm not found, waiting...
demo.pcm not found, waiting...
demo.pcm not found, waiting...
demo.pcm not found, waiting...
demo.pcm not found, waiting...
demo.pcm not found, waiting...
demo.pcm not found, waiting...
demo.pcm not found, waiting...
demo.pcm not found, waiting...
demo.pcm not found, waiting...
demo.pcm not found, waiting...
demo.pcm not found, waiting...
demo.pcm not found, waiting...
demo.pcm not found, waiting...
demo.pcm not found, waiting...
demo.pcm not found, waiting...
demo.pcm not found, waiting...
demo.pcm not found, waiting...
demo.pcm not found, waiting...
demo.pcm not found, waiting...
demo.pcm not found, waiting...
demo.pcm not found, waiting...
demo.pcm not found, waiting...
demo.pcm not found, waiting...
demo.pcm not found, waiting...
demo.pcm not found, waiting...
demo.pcm not found, waiting...
demo.pcm not found, waiting...
demo.pcm not found, waiting...
demo.pcm not found, waiting...
demo.pcm not found, waiting...
demo.pcm not found, waiting...
demo.pcm not found, waiting...
demo.pcm not found, waiting...
demo.pcm not found, waiting...
demo.pcm not found, waiting...
demo.pcm not found, waiting...
demo.pcm not found, waiting...
demo.pcm not found, waiting...
demo.pcm not found, waiting...
demo.pcm not found, waiting...
demo.pcm not found, waiting...
demo.pcm not found, waiting...
demo.pcm not found, waiting...
demo.pcm not found, waiting...
demo.pcm not found, waiting...
demo.pcm not found, waiting...
demo.pcm not found, waiting...
demo.pcm not found, waiting...
demo.pcm not found, waiting...
demo.pcm not found, waiting...
demo.pcm not found, waiting...
demo.pcm not found, waiting...
demo.pcm not found, waiting...
demo.pcm not found, waiting...
demo.pcm not found, waiting...
demo.pcm not found, waiting...
demo.pcm not found, waiting...
demo.pcm not found, waiting...
demo.pcm not found, waiting...
demo.pcm not found, waiting...
demo.pcm not found, waiting...
demo.pcm not found, waiting...
demo.pcm not found, waiting...
demo.pcm not found, waiting...
demo.pcm not found, waiting...
demo.pcm not found, waiting...
demo.pcm not found, waiting...
demo.pcm not found, waiting...
demo.pcm not found, waiting...
demo.pcm not found, waiting...
demo.pcm not found, waiting...
demo.pcm not found, waiting...
demo.pcm not found, waiting...
demo.pcm not found, waiting...
demo.pcm not found, waiting...
demo.pcm not found, waiting...
demo.pcm not found, waiting...
demo.pcm not found, waiting...
demo.pcm not found, waiting...
demo.pcm not found, waiting...
demo.pcm not found, waiting...
demo.pcm not found, waiting...
demo.pcm not found, waiting...
demo.pcm not found, waiting...
demo.pcm not found, waiting...
demo.pcm not found, waiting...
demo.pcm not found, waiting...
demo.pcm not found, waiting...
demo.pcm not found, waiting...
demo.pcm not found, waiting...
demo.pcm not found, waiting...
demo.pcm not found, waiting...
demo.pcm not found, waiting...
demo.pcm not found, waiting...
demo.pcm not found, waiting...
demo.pcm not found, waiting...
demo.pcm not found, waiting...
demo.pcm not found, waiting...
demo.pcm not found, waiting...
demo.pcm not found, waiting...
demo.pcm not found, waiting...
demo.pcm not found, waiting...
demo.pcm not found, waiting...
demo.pcm not found, waiting...
demo.pcm not found, waiting...
demo.pcm not found, waiting...
demo.pcm not found, waiting...
demo.pcm not found, waiting...
demo.pcm not found, waiting...
demo.pcm not found, waiting...
demo.pcm not found, waiting...
demo.pcm not found, waiting...
demo.pcm not found, waiting...
demo.pcm not found, waiting...
demo.pcm not found, waiting...
demo.pcm not found, waiting...
demo.pcm not found, waiting...
demo.pcm not found, waiting...
demo.pcm not found, waiting...
demo.pcm not found, waiting...
demo.pcm not found, waiting...
demo.pcm not found, waiting...
demo.pcm not found, waiting...
demo.pcm not found, waiting...
demo.pcm not found, waiting...
demo.pcm not found, waiting...
demo.pcm not found, waiting...
demo.pcm not found, waiting...
demo.pcm not found, waiting...
demo.pcm not found, waiting...
demo.pcm not found, waiting...
demo.pcm not found, waiting...
demo.pcm not found, waiting...
demo.pcm not found, waiting...
demo.pcm not found, waiting...
demo.pcm not found, waiting...
demo.pcm not found, waiting...
demo.pcm not found, waiting...
demo.pcm not found, waiting...
demo.pcm not found, waiting...
demo.pcm not found, waiting...
demo.pcm not found, waiting...
demo.pcm not found, waiting...
demo.pcm not found, waiting...
demo.pcm not found, waiting...
demo.pcm not found, waiting...
demo.pcm not found, waiting...
demo.pcm not found, waiting...
demo.pcm not found, waiting...
demo.pcm not found, waiting...
demo.pcm not found, waiting...
demo.pcm not found, waiting...
demo.pcm not found, waiting...
demo.pcm not found, waiting...
demo.pcm not found, waiting...
demo.pcm not found, waiting...
demo.pcm not found, waiting...
demo.pcm not found, waiting...
demo.pcm not found, waiting...
demo.pcm not found, waiting...
demo.pcm not found, waiting...
demo.pcm not found, waiting...
demo.pcm not found, waiting...
demo.pcm not found, waiting...
demo.pcm not found, waiting...
demo.pcm not found, waiting...
demo.pcm not found, waiting...
demo.pcm not found, waiting...
demo.pcm not found, waiting...
demo.pcm not found, waiting...
demo.pcm not found, waiting...
demo.pcm not found, waiting...
demo.pcm not found, waiting...
demo.pcm not found, waiting...
demo.pcm not found, waiting...
demo.pcm not found, waiting...
demo.pcm not found, waiting...
demo.pcm not found, waiting...
demo.pcm not found, waiting...
demo.pcm not found, waiting...
demo.pcm not found, waiting...
demo.pcm not found, waiting...
demo.pcm not found, waiting...
demo.pcm not found, waiting...
demo.pcm not found, waiting...
demo.pcm not found, waiting...
demo.pcm not found, waiting...
demo.pcm not found, waiting...
demo.pcm not found, waiting...
demo.pcm not found, waiting...
demo.pcm not found, waiting...
demo.pcm not found, waiting...
demo.pcm not found, waiting...
demo.pcm not found, waiting...
demo.pcm not found, waiting...
demo.pcm not found, waiting...
demo.pcm not found, waiting...
demo.pcm not found, waiting...
demo.pcm not found, waiting...
demo.pcm not found, waiting...
demo.pcm not found, waiting...
demo.pcm not found, waiting...
demo.pcm not found, waiting...
demo.pcm not found, waiting...
demo.pcm not found, waiting...
demo.pcm not found, waiting...
demo.pcm not found, waiting...
demo.pcm not found, waiting...
demo.pcm not found, waiting...
demo.pcm not found, waiting...
demo.pcm not found, waiting...
demo.pcm not found, waiting...
demo.pcm not found, waiting...
demo.pcm not found, waiting...
demo.pcm not found, waiting...
demo.pcm not found, waiting...
demo.pcm not found, waiting...
demo.pcm not found, waiting...
demo.pcm not found, waiting...
demo.pcm not found, waiting...
demo.pcm not found, waiting...
demo.pcm not found, waiting...
demo.pcm not found, waiting...
demo.pcm not found, waiting...
demo.pcm not found, waiting...
demo.pcm not found, waiting...
demo.pcm not found, waiting...
demo.pcm not found, waiting...
demo.pcm not found, waiting...
demo.pcm not found, waiting...
demo.pcm not found, waiting...
demo.pcm not found, waiting...
demo.pcm not found, waiting...
demo.pcm not found, waiting...
demo.pcm not found, waiting...
demo.pcm not found, waiting...
demo.pcm not found, waiting...
demo.pcm not found, waiting...
demo.pcm not found, waiting...
demo.pcm not found, waiting...
demo.pcm not found, waiting...
demo.pcm not found, waiting...
demo.pcm not found, waiting...
demo.pcm not found, waiting...
demo.pcm not found, waiting...
demo.pcm not found, waiting...
demo.pcm not found, waiting...
demo.pcm not found, waiting...
demo.pcm not found, waiting...
demo.pcm not found, waiting...
demo.pcm not found, waiting...
demo.pcm not found, waiting...
demo.pcm not found, waiting...
demo.pcm not found, waiting...
demo.pcm not found, waiting...
demo.pcm not found, waiting...
demo.pcm not found, waiting...
demo.pcm not found, waiting...
demo.pcm not found, waiting...
demo.pcm not found, waiting...
demo.pcm not found, waiting...
demo.pcm not found, waiting...
demo.pcm not found, waiting...
demo.pcm not found, waiting...
demo.pcm not found, waiting...
demo.pcm not found, waiting...
demo.pcm not found, waiting...
demo.pcm not found, waiting...
demo.pcm not found, waiting...
demo.pcm not found, waiting...
demo.pcm not found, waiting...
demo.pcm not found, waiting...
demo.pcm not found, waiting...
demo.pcm not found, waiting...
demo.pcm not found, waiting...
demo.pcm not found, waiting...
demo.pcm not found, waiting...
demo.pcm not found, waiting...
demo.pcm not found, waiting...
demo.pcm not found, waiting...
demo.pcm not found, waiting...
demo.pcm not found, waiting...
demo.pcm not found, waiting...
demo.pcm not found, waiting...
demo.pcm not found, waiting...
demo.pcm not found, waiting...
demo.pcm not found, waiting...
demo.pcm not found, waiting...
demo.pcm not found, waiting...
demo.pcm not found, waiting...
demo.pcm not found, waiting...
demo.pcm not found, waiting...
demo.pcm not found, waiting...
demo.pcm not found, waiting...
demo.pcm not found, waiting...
demo.pcm not found, waiting...
demo.pcm not found, waiting...
demo.pcm not found, waiting...
demo.pcm not found, waiting...
demo.pcm not found, waiting...
demo.pcm not found, waiting...
demo.pcm not found, waiting...
demo.pcm not found, waiting...
demo.pcm not found, waiting...
demo.pcm not found, waiting...
demo.pcm not found, waiting...
demo.pcm not found, waiting...
demo.pcm not found, waiting...
demo.pcm not found, waiting...
demo.pcm not found, waiting...
demo.pcm not found, waiting...
demo.pcm not found, waiting...
demo.pcm not found, waiting...
demo.pcm not found, waiting...
demo.pcm not found, waiting...
demo.pcm not found, waiting...
demo.pcm not found, waiting...
demo.pcm not found, waiting...
demo.pcm not found, waiting...
demo.pcm not found, waiting...
demo.pcm not found, waiting...
demo.pcm not found, waiting...
demo.pcm not found, waiting...
demo.pcm not found, waiting...
demo.pcm not found, waiting...
demo.pcm not found, waiting...
demo.pcm not found, waiting...
demo.pcm not found, waiting...
demo.pcm not found, waiting...
demo.pcm not found, waiting...
demo.pcm not found, waiting...
demo.pcm not found, waiting...
demo.pcm not found, waiting...
demo.pcm not found, waiting...
demo.pcm not found, waiting...
demo.pcm not found, waiting...
demo.pcm not found, waiting...
demo.pcm not found, waiting...
demo.pcm not found, waiting...
demo.pcm not found, waiting...
demo.pcm not found, waiting...
demo.pcm not found, waiting...
demo.pcm not found, waiting...
demo.pcm not found, waiting...
demo.pcm not found, waiting...
demo.pcm not found, waiting...
demo.pcm not found, waiting...
demo.pcm not found, waiting...
demo.pcm not found, waiting...
demo.pcm not found, waiting...
demo.pcm not found, waiting...
demo.pcm not found, waiting...
demo.pcm not found, waiting...
demo.pcm not found, waiting...
demo.pcm not found, waiting...
demo.pcm not found, waiting...
demo.pcm not found, waiting...
demo.pcm not found, waiting...
demo.pcm not found, waiting...
demo.pcm not found, waiting...
demo.pcm not found, waiting...
demo.pcm not found, waiting...
demo.pcm not found, waiting...
demo.pcm not found, waiting...
demo.pcm not found, waiting...
demo.pcm not found, waiting...
demo.pcm not found, waiting...
demo.pcm not found, waiting...
demo.pcm not found, waiting...
demo.pcm not found, waiting...
demo.pcm not found, waiting...
demo.pcm not found, waiting...
demo.pcm not found, waiting...
demo.pcm not found, waiting...
demo.pcm not found, waiting...
demo.pcm not found, waiting...
demo.pcm not found, waiting...
demo.pcm not found, waiting...
demo.pcm not found, waiting...
demo.pcm not found, waiting...
demo.pcm not found, waiting...
demo.pcm not found, waiting...
demo.pcm not found, waiting...
demo.pcm not found, waiting...
demo.pcm not found, waiting...
demo.pcm not found, waiting...
demo.pcm not found, waiting...
demo.pcm not found, waiting...
demo.pcm not found, waiting...
demo.pcm not found, waiting...
demo.pcm not found, waiting...
demo.pcm not found, waiting...
demo.pcm not found, waiting...
demo.pcm not found, waiting...
demo.pcm not found, waiting...
demo.pcm not found, waiting...
demo.pcm not found, waiting...
demo.pcm not found, waiting...
demo.pcm not found, waiting...
demo.pcm not found, waiting...
demo.pcm not found, waiting...
demo.pcm not found, waiting...
demo.pcm not found, waiting...
demo.pcm not found, waiting...
demo.pcm not found, waiting...
demo.pcm not found, waiting...
demo.pcm not found, waiting...
demo.pcm not found, waiting...
demo.pcm not found, waiting...
demo.pcm not found, waiting...
demo.pcm not found, waiting...
demo.pcm not found, waiting...
demo.pcm not found, waiting...
demo.pcm not found, waiting...
demo.pcm not found, waiting...
demo.pcm not found, waiting...
demo.pcm not found, waiting...
demo.pcm not found, waiting...
demo.pcm not found, waiting...
demo.pcm not found, waiting...
demo.pcm not found, waiting...
demo.pcm not found, waiting...
demo.pcm not found, waiting...
demo.pcm not found, waiting...
demo.pcm not found, waiting...
demo.pcm not found, waiting...
demo.pcm not found, waiting...
demo.pcm not found, waiting...
demo.pcm not found, waiting...
demo.pcm not found, waiting...
demo.pcm not found, waiting...
demo.pcm not found, waiting...
demo.pcm not found, waiting...
demo.pcm not found, waiting...
demo.pcm not found, waiting...
demo.pcm not found, waiting...
demo.pcm not found, waiting...
demo.pcm not found, waiting...
demo.pcm not found, waiting...
demo.pcm not found, waiting...
demo.pcm not found, waiting...
demo.pcm not found, waiting...
demo.pcm not found, waiting...
demo.pcm not found, waiting...
demo.pcm not found, waiting...
demo.pcm not found, waiting...
demo.pcm not found, waiting...
demo.pcm not found, waiting...
demo.pcm not found, waiting...
demo.pcm not found, waiting...
demo.pcm not found, waiting...
demo.pcm not found, waiting...
demo.pcm not found, waiting...
demo.pcm not found, waiting...
demo.pcm not found, waiting...
demo.pcm not found, waiting...
demo.pcm not found, waiting...
demo.pcm not found, waiting...
demo.pcm not found, waiting...
demo.pcm not found, waiting...
demo.pcm not found, waiting...
demo.pcm not found, waiting...
demo.pcm not found, waiting...
demo.pcm not found, waiting...
demo.pcm not found, waiting...
demo.pcm not found, waiting...
demo.pcm not found, waiting...
demo.pcm not found, waiting...
demo.pcm not found, waiting...
demo.pcm not found, waiting...
demo.pcm not found, waiting...
demo.pcm not found, waiting...
demo.pcm not found, waiting...
demo.pcm not found, waiting...
demo.pcm not found, waiting...
demo.pcm not found, waiting...
demo.pcm not found, waiting...
demo.pcm not found, waiting...
demo.pcm not found, waiting...
demo.pcm not found, waiting...
demo.pcm not found, waiting...
demo.pcm not found, waiting...
demo.pcm not found, waiting...
demo.pcm not found, waiting...
demo.pcm not found, waiting...
demo.pcm not found, waiting...
demo.pcm not found, waiting...
demo.pcm not found, waiting...
demo.pcm not found, waiting...
demo.pcm not found, waiting...
demo.pcm not found, waiting...
demo.pcm not found, waiting...
demo.pcm not found, waiting...
demo.pcm not found, waiting...
demo.pcm not found, waiting...
demo.pcm not found, waiting...
demo.pcm not found, waiting...
demo.pcm not found, waiting...
demo.pcm not found, waiting...
demo.pcm not found, waiting...
demo.pcm not found, waiting...
demo.pcm not found, waiting...
demo.pcm not found, waiting...
demo.pcm not found, waiting...
demo.pcm not found, waiting...
demo.pcm not found, waiting...
demo.pcm not found, waiting...
demo.pcm not found, waiting...
demo.pcm not found, waiting...
demo.pcm not found, waiting...
demo.pcm not found, waiting...
demo.pcm not found, waiting...
demo.pcm not found, waiting...
demo.pcm not found, waiting...
demo.pcm not found, waiting...
demo.pcm not found, waiting...
demo.pcm not found, waiting...
demo.pcm not found, waiting...
demo.pcm not found, waiting...
demo.pcm not found, waiting...
demo.pcm not found, waiting...
demo.pcm not found, waiting...
demo.pcm not found, waiting...
demo.pcm not found, waiting...
demo.pcm not found, waiting...
demo.pcm not found, waiting...
demo.pcm not found, waiting...
demo.pcm not found, waiting...
demo.pcm not found, waiting...
demo.pcm not found, waiting...
demo.pcm not found, waiting...
demo.pcm not found, waiting...
demo.pcm not found, waiting...
demo.pcm not found, waiting...
demo.pcm not found, waiting...
demo.pcm not found, waiting...
demo.pcm not found, waiting...
demo.pcm not found, waiting...
demo.pcm not found, waiting...
demo.pcm not found, waiting...
demo.pcm not found, waiting...
demo.pcm not found, waiting...
demo.pcm not found, waiting...
demo.pcm not found, waiting...
demo.pcm not found, waiting...
demo.pcm not found, waiting...
demo.pcm not found, waiting...
demo.pcm not found, waiting...
demo.pcm not found, waiting...
demo.pcm not found, waiting...
demo.pcm not found, waiting...
demo.pcm not found, waiting...
demo.pcm not found, waiting...
demo.pcm not found, waiting...
demo.pcm not found, waiting...
demo.pcm not found, waiting...
demo.pcm not found, waiting...
demo.pcm not found, waiting...
demo.pcm not found, waiting...
demo.pcm not found, waiting...
demo.pcm not found, waiting...
demo.pcm not found, waiting...
demo.pcm not found, waiting...
demo.pcm not found, waiting...
demo.pcm not found, waiting...
demo.pcm not found, waiting...
demo.pcm not found, waiting...
demo.pcm not found, waiting...
demo.pcm not found, waiting...
demo.pcm not found, waiting...
demo.pcm not found, waiting...
demo.pcm not found, waiting...
demo.pcm not found, waiting...
demo.pcm not found, waiting...
demo.pcm not found, waiting...
demo.pcm not found, waiting...
demo.pcm not found, waiting...
demo.pcm not found, waiting...
demo.pcm not found, waiting...
demo.pcm not found, waiting...
demo.pcm not found, waiting...
demo.pcm not found, waiting...
demo.pcm not found, waiting...
demo.pcm not found, waiting...
demo.pcm not found, waiting...
demo.pcm not found, waiting...
demo.pcm not found, waiting...
demo.pcm not found, waiting...
demo.pcm not found, waiting...
demo.pcm not found, waiting...
demo.pcm not found, waiting...
demo.pcm not found, waiting...
demo.pcm not found, waiting...
demo.pcm not found, waiting...
demo.pcm not found, waiting...
demo.pcm not found, waiting...
demo.pcm not found, waiting...
demo.pcm not found, waiting...
demo.pcm not found, waiting...
demo.pcm not found, waiting...
demo.pcm not found, waiting...
demo.pcm not found, waiting...
demo.pcm not found, waiting...
demo.pcm not found, waiting...
demo.pcm not found, waiting...
demo.pcm not found, waiting...
demo.pcm not found, waiting...
demo.pcm not found, waiting...
demo.pcm not found, waiting...
demo.pcm not found, waiting...
demo.pcm not found, waiting...
demo.pcm not found, waiting...
demo.pcm not found, waiting...
demo.pcm not found, waiting...
demo.pcm not found, waiting...
demo.pcm not found, waiting...
demo.pcm not found, waiting...
demo.pcm not found, waiting...
demo.pcm not found, waiting...
demo.pcm not found, waiting...
demo.pcm not found, waiting...
demo.pcm not found, waiting...
demo.pcm not found, waiting...
demo.pcm not found, waiting...
demo.pcm not found, waiting...
demo.pcm not found, waiting...
demo.pcm not found, waiting...
demo.pcm not found, waiting...
demo.pcm not found, waiting...
demo.pcm not found, waiting...
demo.pcm not found, waiting...
demo.pcm not found, waiting...
demo.pcm not found, waiting...
demo.pcm not found, waiting...
demo.pcm not found, waiting...
demo.pcm not found, waiting...
demo.pcm not found, waiting...
demo.pcm not found, waiting...
demo.pcm not found, waiting...
demo.pcm not found, waiting...
demo.pcm not found, waiting...
demo.pcm not found, waiting...
demo.pcm not found, waiting...
demo.pcm not found, waiting...
demo.pcm not found, waiting...
demo.pcm not found, waiting...
demo.pcm not found, waiting...
demo.pcm not found, waiting...
demo.pcm not found, waiting...
demo.pcm not found, waiting...
demo.pcm not found, waiting...
demo.pcm not found, waiting...
demo.pcm not found, waiting...
demo.pcm not found, waiting...
demo.pcm not found, waiting...
demo.pcm not found, waiting...
demo.pcm not found, waiting...
demo.pcm not found, waiting...
demo.pcm not found, waiting...
demo.pcm not found, waiting...
demo.pcm not found, waiting...
demo.pcm not found, waiting...
demo.pcm not found, waiting...
demo.pcm not found, waiting...
demo.pcm not found, waiting...
demo.pcm not found, waiting...
demo.pcm not found, waiting...
demo.pcm not found, waiting...
demo.pcm not found, waiting...
demo.pcm not found, waiting...
demo.pcm not found, waiting...
demo.pcm not found, waiting...
demo.pcm not found, waiting...
demo.pcm not found, waiting...
demo.pcm not found, waiting...
demo.pcm not found, waiting...
demo.pcm not found, waiting...
demo.pcm not found, waiting...
demo.pcm not found, waiting...
demo.pcm not found, waiting...
demo.pcm not found, waiting...
demo.pcm not found, waiting...
demo.pcm not found, waiting...
demo.pcm not found, waiting...
demo.pcm not found, waiting...
demo.pcm not found, waiting...
demo.pcm not found, waiting...
demo.pcm not found, waiting...
demo.pcm not found, waiting...
demo.pcm not found, waiting...
demo.pcm not found, waiting...
demo.pcm not found, waiting...
demo.pcm not found, waiting...
demo.pcm not found, waiting...
demo.pcm not found, waiting...
demo.pcm not found, waiting...
demo.pcm not found, waiting...
demo.pcm not found, waiting...
demo.pcm not found, waiting...
demo.pcm not found, waiting...
demo.pcm not found, waiting...
demo.pcm not found, waiting...
demo.pcm not found, waiting...
demo.pcm not found, waiting...
demo.pcm not found, waiting...
demo.pcm not found, waiting...
demo.pcm not found, waiting...
demo.pcm not found, waiting...
demo.pcm not found, waiting...
demo.pcm not found, waiting...
demo.pcm not found, waiting...
demo.pcm not found, waiting...
demo.pcm not found, waiting...
demo.pcm not found, waiting...
demo.pcm not found, waiting...
demo.pcm not found, waiting...
demo.pcm not found, waiting...
demo.pcm not found, waiting...
demo.pcm not found, waiting...
demo.pcm not found, waiting...
demo.pcm not found, waiting...
demo.pcm not found, waiting...
demo.pcm not found, waiting...
demo.pcm not found, waiting...
demo.pcm not found, waiting...
demo.pcm not found, waiting...
demo.pcm not found, waiting...
demo.pcm not found, waiting...
demo.pcm not found, waiting...
demo.pcm not found, waiting...
demo.pcm not found, waiting...
demo.pcm not found, waiting...
demo.pcm not found, waiting...
demo.pcm not found, waiting...
demo.pcm not found, waiting...
demo.pcm not found, waiting...
demo.pcm not found, waiting...
demo.pcm not found, waiting...
demo.pcm not found, waiting...
demo.pcm not found, waiting...
demo.pcm not found, waiting...
demo.pcm not found, waiting...
demo.pcm not found, waiting...
demo.pcm not found, waiting...
demo.pcm not found, waiting...
demo.pcm not found, waiting...
demo.pcm not found, waiting...
demo.pcm not found, waiting...
demo.pcm not found, waiting...
demo.pcm not found, waiting...
demo.pcm not found, waiting...
demo.pcm not found, waiting...
demo.pcm not found, waiting...
demo.pcm not found, waiting...
demo.pcm not found, waiting...
demo.pcm not found, waiting...
demo.pcm not found, waiting...
demo.pcm not found, waiting...
demo.pcm not found, waiting...
demo.pcm not found, waiting...
demo.pcm not found, waiting...
demo.pcm not found, waiting...
demo.pcm not found, waiting...
demo.pcm not found, waiting...
demo.pcm not found, waiting...
demo.pcm not found, waiting...
demo.pcm not found, waiting...
demo.pcm not found, waiting...
demo.pcm not found, waiting...
demo.pcm not found, waiting...
demo.pcm not found, waiting...
demo.pcm not found, waiting...
demo.pcm not found, waiting...
demo.pcm not found, waiting...
demo.pcm not found, waiting...
demo.pcm not found, waiting...
demo.pcm not found, waiting...
demo.pcm not found, waiting...
demo.pcm not found, waiting...
demo.pcm not found, waiting...
demo.pcm not found, waiting...
demo.pcm not found, waiting...
demo.pcm not found, waiting...
demo.pcm not found, waiting...
demo.pcm not found, waiting...
demo.pcm not found, waiting...
demo.pcm not found, waiting...
demo.pcm not found, waiting...
demo.pcm not found, waiting...
demo.pcm not found, waiting...
demo.pcm not found, waiting...
demo.pcm not found, waiting...
demo.pcm not found, waiting...
demo.pcm not found, waiting...
demo.pcm not found, waiting...
demo.pcm not found, waiting...
demo.pcm not found, waiting...
demo.pcm not found, waiting...
demo.pcm not found, waiting...
demo.pcm not found, waiting...
demo.pcm not found, waiting...
demo.pcm not found, waiting...
demo.pcm not found, waiting...
demo.pcm not found, waiting...
demo.pcm not found, waiting...
demo.pcm not found, waiting...
demo.pcm not found, waiting...
demo.pcm not found, waiting...
demo.pcm not found, waiting...
demo.pcm not found, waiting...
demo.pcm not found, waiting...
demo.pcm not found, waiting...
demo.pcm not found, waiting...
demo.pcm not found, waiting...
demo.pcm not found, waiting...
demo.pcm not found, waiting...
demo.pcm not found, waiting...
demo.pcm not found, waiting...
demo.pcm not found, waiting...
demo.pcm not found, waiting...
demo.pcm not found, waiting...
demo.pcm not found, waiting...
demo.pcm not found, waiting...
demo.pcm not found, waiting...
demo.pcm not found, waiting...
demo.pcm not found, waiting...
demo.pcm not found, waiting...
demo.pcm not found, waiting...
demo.pcm not found, waiting...
demo.pcm not found, waiting...
demo.pcm not found, waiting...
demo.pcm not found, waiting...
demo.pcm not found, waiting...
demo.pcm not found, waiting...
demo.pcm not found, waiting...
demo.pcm not found, waiting...
demo.pcm not found, waiting...
demo.pcm not found, waiting...
demo.pcm not found, waiting...
demo.pcm not found, waiting...
demo.pcm not found, waiting...
demo.pcm not found, waiting...
demo.pcm not found, waiting...
demo.pcm not found, waiting...
demo.pcm not found, waiting...
demo.pcm not found, waiting...
demo.pcm not found, waiting...
demo.pcm not found, waiting...
demo.pcm not found, waiting...
demo.pcm not found, waiting...
demo.pcm not found, waiting...
demo.pcm not found, waiting...
demo.pcm not found, waiting...
demo.pcm not found, waiting...
demo.pcm not found, waiting...
demo.pcm not found, waiting...
demo.pcm not found, waiting...
demo.pcm not found, waiting...
demo.pcm not found, waiting...
demo.pcm not found, waiting...
demo.pcm not found, waiting...
demo.pcm not found, waiting...
demo.pcm not found, waiting...
demo.pcm not found, waiting...
demo.pcm not found, waiting...
demo.pcm not found, waiting...
demo.pcm not found, waiting...
demo.pcm not found, waiting...
demo.pcm not found, waiting...
demo.pcm not found, waiting...
demo.pcm not found, waiting...
demo.pcm not found, waiting...
demo.pcm not found, waiting...
demo.pcm not found, waiting...
demo.pcm not found, waiting...
demo.pcm not found, waiting...
demo.pcm not found, waiting...
demo.pcm not found, waiting...
demo.pcm not found, waiting...
demo.pcm not found, waiting...
demo.pcm not found, waiting...
demo.pcm not found, waiting...
demo.pcm not found, waiting...
demo.pcm not found, waiting...
demo.pcm not found, waiting...
demo.pcm not found, waiting...
demo.pcm not found, waiting...
demo.pcm not found, waiting...
demo.pcm not found, waiting...
demo.pcm not found, waiting...
demo.pcm not found, waiting...
demo.pcm not found, waiting...
demo.pcm not found, waiting...
demo.pcm not found, waiting...
demo.pcm not found, waiting...
demo.pcm not found, waiting...
demo.pcm not found, waiting...
demo.pcm not found, waiting...
demo.pcm not found, waiting...
demo.pcm not found, waiting...
demo.pcm not found, waiting...
demo.pcm not found, waiting...
demo.pcm not found, waiting...
demo.pcm not found, waiting...
demo.pcm not found, waiting...
demo.pcm not found, waiting...
demo.pcm not found, waiting...
demo.pcm not found, waiting...
demo.pcm not found, waiting...
demo.pcm not found, waiting...
demo.pcm not found, waiting...
demo.pcm not found, waiting...
demo.pcm not found, waiting...
demo.pcm not found, waiting...
demo.pcm not found, waiting...
demo.pcm not found, waiting...
demo.pcm not found, waiting...
demo.pcm not found, waiting...
demo.pcm not found, waiting...
demo.pcm not found, waiting...
demo.pcm not found, waiting...
demo.pcm not found, waiting...
demo.pcm not found, waiting...
demo.pcm not found, waiting...
demo.pcm not found, waiting...
demo.pcm not found, waiting...
demo.pcm not found, waiting...
demo.pcm not found, waiting...
demo.pcm not found, waiting...
demo.pcm not found, waiting...
demo.pcm not found, waiting...
demo.pcm not found, waiting...
demo.pcm not found, waiting...
demo.pcm not found, waiting...
demo.pcm not found, waiting...
demo.pcm not found, waiting...
demo.pcm not found, waiting...
demo.pcm not found, waiting...
demo.pcm not found, waiting...
demo.pcm not found, waiting...
demo.pcm not found, waiting...
demo.pcm not found, waiting...
demo.pcm not found, waiting...
demo.pcm not found, waiting...
demo.pcm not found, waiting...
demo.pcm not found, waiting...
demo.pcm not found, waiting...
demo.pcm not found, waiting...
demo.pcm not found, waiting...
demo.pcm not found, waiting...
demo.pcm not found, waiting...
demo.pcm not found, waiting...
demo.pcm not found, waiting...
demo.pcm not found, waiting...
demo.pcm not found, waiting...
demo.pcm not found, waiting...
demo.pcm not found, waiting...
demo.pcm not found, waiting...
demo.pcm not found, waiting...
demo.pcm not found, waiting...
demo.pcm not found, waiting...
demo.pcm not found, waiting...
demo.pcm not found, waiting...
demo.pcm not found, waiting...
demo.pcm not found, waiting...
demo.pcm not found, waiting...
demo.pcm not found, waiting...
demo.pcm not found, waiting...
demo.pcm not found, waiting...
demo.pcm not found, waiting...
demo.pcm not found, waiting...
demo.pcm not found, waiting...
demo.pcm not found, waiting...
demo.pcm not found, waiting...
demo.pcm not found, waiting...
demo.pcm not found, waiting...
demo.pcm not found, waiting...
demo.pcm not found, waiting...
demo.pcm not found, waiting...
demo.pcm not found, waiting...
demo.pcm not found, waiting...
demo.pcm not found, waiting...
demo.pcm not found, waiting...
demo.pcm not found, waiting...
demo.pcm not found, waiting...
demo.pcm not found, waiting...
demo.pcm not found, waiting...
demo.pcm not found, waiting...
demo.pcm not found, waiting...
demo.pcm not found, waiting...
demo.pcm not found, waiting...
demo.pcm not found, waiting...
demo.pcm not found, waiting...
demo.pcm not found, waiting...
demo.pcm not found, waiting...
demo.pcm not found, waiting...
demo.pcm not found, waiting...
demo.pcm not found, waiting...
demo.pcm not found, waiting...
demo.pcm not found, waiting...
demo.pcm not found, waiting...
demo.pcm not found, waiting...
demo.pcm not found, waiting...
demo.pcm not found, waiting...
demo.pcm not found, waiting...
demo.pcm not found, waiting...
demo.pcm not found, waiting...
demo.pcm not found, waiting...
demo.pcm not found, waiting...
demo.pcm not found, waiting...
demo.pcm not found, waiting...
demo.pcm not found, waiting...
demo.pcm not found, waiting...
demo.pcm not found, waiting...
demo.pcm not found, waiting...
demo.pcm not found, waiting...
demo.pcm not found, waiting...
demo.pcm not found, waiting...
demo.pcm not found, waiting...
demo.pcm not found, waiting...
demo.pcm not found, waiting...
demo.pcm not found, waiting...
demo.pcm not found, waiting...
demo.pcm not found, waiting...
demo.pcm not found, waiting...
demo.pcm not found, waiting...
demo.pcm not found, waiting...
demo.pcm not found, waiting...
demo.pcm not found, waiting...
demo.pcm not found, waiting...
demo.pcm not found, waiting...
demo.pcm not found, waiting...
demo.pcm not found, waiting...
demo.pcm not found, waiting...
demo.pcm not found, waiting...
demo.pcm not found, waiting...
demo.pcm not found, waiting...
demo.pcm not found, waiting...
demo.pcm not found, waiting...
demo.pcm not found, waiting...
demo.pcm not found, waiting...
demo.pcm not found, waiting...
demo.pcm not found, waiting...
demo.pcm not found, waiting...
demo.pcm not found, waiting...
demo.pcm not found, waiting...
demo.pcm not found, waiting...
demo.pcm not found, waiting...
demo.pcm not found, waiting...
demo.pcm not found, waiting...
demo.pcm not found, waiting...
demo.pcm not found, waiting...
demo.pcm not found, waiting...
demo.pcm not found, waiting...
demo.pcm not found, waiting...
demo.pcm not found, waiting...
demo.pcm not found, waiting...
demo.pcm not found, waiting...
demo.pcm not found, waiting...
demo.pcm not found, waiting...
demo.pcm not found, waiting...
demo.pcm not found, waiting...
demo.pcm not found, waiting...
demo.pcm not found, waiting...
demo.pcm not found, waiting...
demo.pcm not found, waiting...
demo.pcm not found, waiting...
demo.pcm not found, waiting...
demo.pcm not found, waiting...
demo.pcm not found, waiting...
demo.pcm not found, waiting...
demo.pcm not found, waiting...
demo.pcm not found, waiting...
demo.pcm not found, waiting...
demo.pcm not found, waiting...
demo.pcm not found, waiting...
demo.pcm not found, waiting...
demo.pcm not found, waiting...
demo.pcm not found, waiting...
demo.pcm not found, waiting...
demo.pcm not found, waiting...
demo.pcm not found, waiting...
demo.pcm not found, waiting...
demo.pcm not found, waiting...
demo.pcm not found, waiting...
demo.pcm not found, waiting...
demo.pcm not found, waiting...
demo.pcm not found, waiting...
demo.pcm not found, waiting...
demo.pcm not found, waiting...
demo.pcm not found, waiting...
demo.pcm not found, waiting...
demo.pcm not found, waiting...
demo.pcm not found, waiting...
demo.pcm not found, waiting...
demo.pcm not found, waiting...
demo.pcm not found, waiting...
demo.pcm not found, waiting...
demo.pcm not found, waiting...
demo.pcm not found, waiting...
demo.pcm not found, waiting...
demo.pcm not found, waiting...
demo.pcm not found, waiting...
demo.pcm not found, waiting...
demo.pcm not found, waiting...
demo.pcm not found, waiting...
demo.pcm not found, waiting...
demo.pcm not found, waiting...
demo.pcm not found, waiting...
demo.pcm not found, waiting...
demo.pcm not found, waiting...
demo.pcm not found, waiting...
demo.pcm not found, waiting...
demo.pcm not found, waiting...
demo.pcm not found, waiting...
demo.pcm not found, waiting...
demo.pcm not found, waiting...
demo.pcm not found, waiting...
demo.pcm not found, waiting...
demo.pcm not found, waiting...
demo.pcm not found, waiting...
demo.pcm not found, waiting...
demo.pcm not found, waiting...
demo.pcm not found, waiting...
demo.pcm not found, waiting...
demo.pcm not found, waiting...
demo.pcm not found, waiting...
demo.pcm not found, waiting...
demo.pcm not found, waiting...
demo.pcm not found, waiting...
demo.pcm not found, waiting...
demo.pcm not found, waiting...
demo.pcm not found, waiting...
demo.pcm not found, waiting...
demo.pcm not found, waiting...
demo.pcm not found, waiting...
demo.pcm not found, waiting...
demo.pcm not found, waiting...
demo.pcm not found, waiting...
demo.pcm not found, waiting...
demo.pcm not found, waiting...
demo.pcm not found, waiting...
demo.pcm not found, waiting...
demo.pcm not found, waiting...
demo.pcm not found, waiting...
demo.pcm not found, waiting...
demo.pcm not found, waiting...
demo.pcm not found, waiting...
demo.pcm not found, waiting...
demo.pcm not found, waiting...
demo.pcm not found, waiting...
demo.pcm not found, waiting...
demo.pcm not found, waiting...
demo.pcm not found, waiting...
demo.pcm not found, waiting...
demo.pcm not found, waiting...
demo.pcm not found, waiting...
demo.pcm not found, waiting...
demo.pcm not found, waiting...
demo.pcm not found, waiting...
demo.pcm not found, waiting...
demo.pcm not found, waiting...
demo.pcm not found, waiting...
demo.pcm not found, waiting...
demo.pcm not found, waiting...
demo.pcm not found, waiting...
demo.pcm not found, waiting...
demo.pcm not found, waiting...
demo.pcm not found, waiting...
demo.pcm not found, waiting...
demo.pcm not found, waiting...
demo.pcm not found, waiting...
demo.pcm not found, waiting...
demo.pcm not found, waiting...
demo.pcm not found, waiting...
demo.pcm not found, waiting...
demo.pcm not found, waiting...
demo.pcm not found, waiting...
demo.pcm not found, waiting...
demo.pcm not found, waiting...
demo.pcm not found, waiting...
demo.pcm not found, waiting...
demo.pcm not found, waiting...
demo.pcm not found, waiting...
demo.pcm not found, waiting...
demo.pcm not found, waiting...
demo.pcm not found, waiting...
demo.pcm not found, waiting...
demo.pcm not found, waiting...
demo.pcm not found, waiting...
demo.pcm not found, waiting...
demo.pcm not found, waiting...
demo.pcm not found, waiting...
demo.pcm not found, waiting...
demo.pcm not found, waiting...
demo.pcm not found, waiting...
demo.pcm not found, waiting...
demo.pcm not found, waiting...
demo.pcm not found, waiting...
demo.pcm not found, waiting...
demo.pcm not found, waiting...
demo.pcm not found, waiting...
demo.pcm not found, waiting...
demo.pcm not found, waiting...
demo.pcm not found, waiting...
demo.pcm not found, waiting...
demo.pcm not found, waiting...
demo.pcm not found, waiting...
demo.pcm not found, waiting...
demo.pcm not found, waiting...
demo.pcm not found, waiting...
demo.pcm not found, waiting...
demo.pcm not found, waiting...
demo.pcm not found, waiting...
demo.pcm not found, waiting...
demo.pcm not found, waiting...
demo.pcm not found, waiting...
demo.pcm not found, waiting...
demo.pcm not found, waiting...
demo.pcm not found, waiting...
demo.pcm not found, waiting...
demo.pcm not found, waiting...
demo.pcm not found, waiting...
demo.pcm not found, waiting...
demo.pcm not found, waiting...
demo.pcm not found, waiting...
demo.pcm not found, waiting...
demo.pcm not found, waiting...
demo.pcm not found, waiting...
demo.pcm not found, waiting...
demo.pcm not found, waiting...
demo.pcm not found, waiting...
demo.pcm not found, waiting...
demo.pcm not found, waiting...
demo.pcm not found, waiting...
demo.pcm not found, waiting...
demo.pcm not found, waiting...
demo.pcm not found, waiting...
demo.pcm not found, waiting...
demo.pcm not found, waiting...
demo.pcm not found, waiting...
demo.pcm not found, waiting...
demo.pcm not found, waiting...
demo.pcm not found, waiting...
demo.pcm not found, waiting...
demo.pcm not found, waiting...
demo.pcm not found, waiting...
demo.pcm not found, waiting...
demo.pcm not found, waiting...
demo.pcm not found, waiting...
demo.pcm not found, waiting...
demo.pcm not found, waiting...
demo.pcm not found, waiting...
demo.pcm not found, waiting...
demo.pcm not found, waiting...
demo.pcm not found, waiting...
demo.pcm not found, waiting...
demo.pcm not found, waiting...
demo.pcm not found, waiting...
demo.pcm not found, waiting...
demo.pcm not found, waiting...
demo.pcm not found, waiting...
demo.pcm not found, waiting...
demo.pcm not found, waiting...
demo.pcm not found, waiting...
demo.pcm not found, waiting...
demo.pcm not found, waiting...
demo.pcm not found, waiting...
demo.pcm not found, waiting...
demo.pcm not found, waiting...
demo.pcm not found, waiting...
demo.pcm not found, waiting...
demo.pcm not found, waiting...
demo.pcm not found, waiting...
demo.pcm not found, waiting...
demo.pcm not found, waiting...
demo.pcm not found, waiting...
demo.pcm not found, waiting...
demo.pcm not found, waiting...
demo.pcm not found, waiting...
demo.pcm not found, waiting...
demo.pcm not found, waiting...
demo.pcm not found, waiting...
demo.pcm not found, waiting...
demo.pcm not found, waiting...
demo.pcm not found, waiting...
demo.pcm not found, waiting...
demo.pcm not found, waiting...
demo.pcm not found, waiting...
demo.pcm not found, waiting...
demo.pcm not found, waiting...
demo.pcm not found, waiting...
demo.pcm not found, waiting...
demo.pcm not found, waiting...
demo.pcm not found, waiting...
demo.pcm not found, waiting...
demo.pcm not found, waiting...
demo.pcm not found, waiting...
demo.pcm not found, waiting...
demo.pcm not found, waiting...
demo.pcm not found, waiting...
demo.pcm not found, waiting...
demo.pcm not found, waiting...
demo.pcm not found, waiting...
demo.pcm not found, waiting...
demo.pcm not found, waiting...
demo.pcm not found, waiting...
demo.pcm not found, waiting...
demo.pcm not found, waiting...
demo.pcm not found, waiting...
demo.pcm not found, waiting...
demo.pcm not found, waiting...
demo.pcm not found, waiting...
demo.pcm not found, waiting...
demo.pcm not found, waiting...
demo.pcm not found, waiting...
demo.pcm not found, waiting...
demo.pcm not found, waiting...
demo.pcm not found, waiting...
demo.pcm not found, waiting...
demo.pcm not found, waiting...
demo.pcm not found, waiting...
demo.pcm not found, waiting...
demo.pcm not found, waiting...
demo.pcm not found, waiting...
demo.pcm not found, waiting...
demo.pcm not found, waiting...
demo.pcm not found, waiting...
demo.pcm not found, waiting...
demo.pcm not found, waiting...
demo.pcm not found, waiting...
demo.pcm not found, waiting...
demo.pcm not found, waiting...
demo.pcm not found, waiting...
demo.pcm not found, waiting...
demo.pcm not found, waiting...
demo.pcm not found, waiting...
demo.pcm not found, waiting...
demo.pcm not found, waiting...
demo.pcm not found, waiting...
demo.pcm not found, waiting...
demo.pcm not found, waiting...
demo.pcm not found, waiting...
demo.pcm not found, waiting...
demo.pcm not found, waiting...
demo.pcm not found, waiting...
demo.pcm not found, waiting...
demo.pcm not found, waiting...
demo.pcm not found, waiting...
demo.pcm not found, waiting...
demo.pcm not found, waiting...
demo.pcm not found, waiting...
demo.pcm not found, waiting...
demo.pcm not found, waiting...
demo.pcm not found, waiting...
demo.pcm not found, waiting...
demo.pcm not found, waiting...
demo.pcm not found, waiting...
demo.pcm not found, waiting...
demo.pcm not found, waiting...
demo.pcm not found, waiting...
demo.pcm not found, waiting...
demo.pcm not found, waiting...
demo.pcm not found, waiting...
demo.pcm not found, waiting...
demo.pcm not found, waiting...
demo.pcm not found, waiting...
demo.pcm not found, waiting...
demo.pcm not found, waiting...
demo.pcm not found, waiting...
demo.pcm not found, waiting...
demo.pcm not found, waiting...
demo.pcm not found, waiting...
demo.pcm not found, waiting...
demo.pcm not found, waiting...
demo.pcm not found, waiting...
demo.pcm not found, waiting...
demo.pcm not found, waiting...
demo.pcm not found, waiting...
demo.pcm not found, waiting...
demo.pcm not found, waiting...
demo.pcm not found, waiting...
demo.pcm not found, waiting...
demo.pcm not found, waiting...
demo.pcm not found, waiting...
demo.pcm not found, waiting...
demo.pcm not found, waiting...
demo.pcm not found, waiting...
demo.pcm not found, waiting...
demo.pcm not found, waiting...
demo.pcm not found, waiting...
demo.pcm not found, waiting...
demo.pcm not found, waiting...
demo.pcm not found, waiting...
demo.pcm not found, waiting...
demo.pcm not found, waiting...
demo.pcm not found, waiting...
demo.pcm not found, waiting...
demo.pcm not found, waiting...
demo.pcm not found, waiting...
demo.pcm not found, waiting...
demo.pcm not found, waiting...
demo.pcm not found, waiting...
demo.pcm not found, waiting...
demo.pcm not found, waiting...
demo.pcm not found, waiting...
demo.pcm not found, waiting...
demo.pcm not found, waiting...
demo.pcm not found, waiting...
demo.pcm not found, waiting...
demo.pcm not found, waiting...
demo.pcm not found, waiting...
demo.pcm not found, waiting...
demo.pcm not found, waiting...
demo.pcm not found, waiting...
demo.pcm not found, waiting...
demo.pcm not found, waiting...
demo.pcm not found, waiting...
demo.pcm not found, waiting...
demo.pcm not found, waiting...
demo.pcm not found, waiting...
demo.pcm not found, waiting...
demo.pcm not found, waiting...
demo.pcm not found, waiting...
demo.pcm not found, waiting...
demo.pcm not found, waiting...
demo.pcm not found, waiting...
demo.pcm not found, waiting...
demo.pcm not found, waiting...
demo.pcm not found, waiting...
demo.pcm not found, waiting...
demo.pcm not found, waiting...
demo.pcm not found, waiting...
demo.pcm not found, waiting...
demo.pcm not found, waiting...
demo.pcm not found, waiting...
demo.pcm not found, waiting...
demo.pcm not found, waiting...
demo.pcm not found, waiting...
demo.pcm not found, waiting...
demo.pcm not found, waiting...
demo.pcm not found, waiting...
demo.pcm not found, waiting...
demo.pcm not found, waiting...
demo.pcm not found, waiting...
demo.pcm not found, waiting...
demo.pcm not found, waiting...
demo.pcm not found, waiting...
demo.pcm not found, waiting...
demo.pcm not found, waiting...
demo.pcm not found, waiting...
demo.pcm not found, waiting...
demo.pcm not found, waiting...
demo.pcm not found, waiting...
demo.pcm not found, waiting...
demo.pcm not found, waiting...
demo.pcm not found, waiting...
demo.pcm not found, waiting...
demo.pcm not found, waiting...
demo.pcm not found, waiting...
demo.pcm not found, waiting...
demo.pcm not found, waiting...
demo.pcm not found, waiting...
demo.pcm not found, waiting...
demo.pcm not found, waiting...
demo.pcm not found, waiting...
demo.pcm not found, waiting...
demo.pcm not found, waiting...
demo.pcm not found, waiting...
demo.pcm not found, waiting...
demo.pcm not found, waiting...
demo.pcm not found, waiting...
demo.pcm not found, waiting...
demo.pcm not found, waiting...
demo.pcm not found, waiting...
demo.pcm not found, waiting...
demo.pcm not found, waiting...
demo.pcm not found, waiting...
demo.pcm not found, waiting...
demo.pcm not found, waiting...
demo.pcm not found, waiting...
demo.pcm not found, waiting...
demo.pcm not found, waiting...
demo.pcm not found, waiting...
demo.pcm not found, waiting...
demo.pcm not found, waiting...
demo.pcm not found, waiting...
demo.pcm not found, waiting...
demo.pcm not found, waiting...
demo.pcm not found, waiting...
demo.pcm not found, waiting...
demo.pcm not found, waiting...
demo.pcm not found, waiting...
demo.pcm not found, waiting...
demo.pcm not found, waiting...
demo.pcm not found, waiting...
demo.pcm not found, waiting...
demo.pcm not found, waiting...
demo.pcm not found, waiting...
demo.pcm not found, waiting...
demo.pcm not found, waiting...
demo.pcm not found, waiting...
demo.pcm not found, waiting...
demo.pcm not found, waiting...
demo.pcm not found, waiting...
demo.pcm not found, waiting...
demo.pcm not found, waiting...
demo.pcm not found, waiting...
demo.pcm not found, waiting...
demo.pcm not found, waiting...
demo.pcm not found, waiting...
demo.pcm not found, waiting...
demo.pcm not found, waiting...
demo.pcm not found, waiting...
demo.pcm not found, waiting...
demo.pcm not found, waiting...
demo.pcm not found, waiting...
demo.pcm not found, waiting...
demo.pcm not found, waiting...
demo.pcm not found, waiting...
demo.pcm not found, waiting...
demo.pcm not found, waiting...
demo.pcm not found, waiting...
demo.pcm not found, waiting...
demo.pcm not found, waiting...
demo.pcm not found, waiting...
demo.pcm not found, waiting...
demo.pcm not found, waiting...
demo.pcm not found, waiting...
demo.pcm not found, waiting...
demo.pcm not found, waiting...
demo.pcm not found, waiting...
demo.pcm not found, waiting...
demo.pcm not found, waiting...
demo.pcm not found, waiting...
demo.pcm not found, waiting...
demo.pcm not found, waiting...
demo.pcm not found, waiting...
demo.pcm not found, waiting...
demo.pcm not found, waiting...
demo.pcm not found, waiting...
demo.pcm not found, waiting...
demo.pcm not found, waiting...
demo.pcm not found, waiting...
demo.pcm not found, waiting...
demo.pcm not found, waiting...
demo.pcm not found, waiting...
demo.pcm not found, waiting...
demo.pcm not found, waiting...
demo.pcm not found, waiting...
demo.pcm not found, waiting...
demo.pcm not found, waiting...
demo.pcm not found, waiting...
demo.pcm not found, waiting...
demo.pcm not found, waiting...
demo.pcm not found, waiting...
demo.pcm not found, waiting...
demo.pcm not found, waiting...
demo.pcm not found, waiting...
demo.pcm not found, waiting...
demo.pcm not found, waiting...
demo.pcm not found, waiting...
demo.pcm not found, waiting...
demo.pcm not found, waiting...
demo.pcm not found, waiting...
demo.pcm not found, waiting...
demo.pcm not found, waiting...
demo.pcm not found, waiting...
demo.pcm not found, waiting...
demo.pcm not found, waiting...
demo.pcm not found, waiting...
demo.pcm not found, waiting...
demo.pcm not found, waiting...
demo.pcm not found, waiting...
demo.pcm not found, waiting...
demo.pcm not found, waiting...
demo.pcm not found, waiting...
demo.pcm not found, waiting...
demo.pcm not found, waiting...
demo.pcm not found, waiting...
demo.pcm not found, waiting...
demo.pcm not found, waiting...
demo.pcm not found, waiting...
demo.pcm not found, waiting...
demo.pcm not found, waiting...
demo.pcm not found, waiting...
demo.pcm not found, waiting...
demo.pcm not found, waiting...
demo.pcm not found, waiting...
demo.pcm not found, waiting...
demo.pcm not found, waiting...
demo.pcm not found, waiting...
demo.pcm not found, waiting...
demo.pcm not found, waiting...
demo.pcm not found, waiting...
demo.pcm not found, waiting...
demo.pcm not found, waiting...
demo.pcm not found, waiting...
demo.pcm not found, waiting...
demo.pcm not found, waiting...
demo.pcm not found, waiting...
demo.pcm not found, waiting...
demo.pcm not found, waiting...
demo.pcm not found, waiting...
demo.pcm not found, waiting...
demo.pcm not found, waiting...
demo.pcm not found, waiting...
demo.pcm not found, waiting...
demo.pcm not found, waiting...
demo.pcm not found, waiting...
demo.pcm not found, waiting...
demo.pcm not found, waiting...
demo.pcm not found, waiting...
demo.pcm not found, waiting...
demo.pcm not found, waiting...
demo.pcm not found, waiting...
demo.pcm not found, waiting...
demo.pcm not found, waiting...
demo.pcm not found, waiting...
demo.pcm not found, waiting...
demo.pcm not found, waiting...
demo.pcm not found, waiting...
demo.pcm not found, waiting...
demo.pcm not found, waiting...
demo.pcm not found, waiting...
demo.pcm not found, waiting...
demo.pcm not found, waiting...
demo.pcm not found, waiting...
demo.pcm not found, waiting...
demo.pcm not found, waiting...
demo.pcm not found, waiting...
demo.pcm not found, waiting...
demo.pcm not found, waiting...
demo.pcm not found, waiting...
demo.pcm not found, waiting...
demo.pcm not found, waiting...
demo.pcm not found, waiting...
demo.pcm not found, waiting...
demo.pcm not found, waiting...
demo.pcm not found, waiting...
demo.pcm not found, waiting...
demo.pcm not found, waiting...
demo.pcm not found, waiting...
demo.pcm not found, waiting...
demo.pcm not found, waiting...
demo.pcm not found, waiting...
demo.pcm not found, waiting...
demo.pcm not found, waiting...
demo.pcm not found, waiting...
demo.pcm not found, waiting...
demo.pcm not found, waiting...
demo.pcm not found, waiting...
demo.pcm not found, waiting...
demo.pcm not found, waiting...
demo.pcm not found, waiting...
demo.pcm not found, waiting...
demo.pcm not found, waiting...
demo.pcm not found, waiting...
demo.pcm not found, waiting...
demo.pcm not found, waiting...
demo.pcm not found, waiting...
demo.pcm not found, waiting...
demo.pcm not found, waiting...
demo.pcm not found, waiting...
demo.pcm not found, waiting...
demo.pcm not found, waiting...
demo.pcm not found, waiting...
demo.pcm not found, waiting...
demo.pcm not found, waiting...
demo.pcm not found, waiting...
demo.pcm not found, waiting...
demo.pcm not found, waiting...
demo.pcm not found, waiting...
demo.pcm not found, waiting...
demo.pcm not found, waiting...
demo.pcm not found, waiting...
demo.pcm not found, waiting...
demo.pcm not found, waiting...
demo.pcm not found, waiting...
demo.pcm not found, waiting...
demo.pcm not found, waiting...
demo.pcm not found, waiting...
demo.pcm not found, waiting...
demo.pcm not found, waiting...
demo.pcm not found, waiting...
demo.pcm not found, waiting...
demo.pcm not found, waiting...
demo.pcm not found, waiting...
demo.pcm not found, waiting...
demo.pcm not found, waiting...
demo.pcm not found, waiting...
demo.pcm not found, waiting...
demo.pcm not found, waiting...
demo.pcm not found, waiting...
demo.pcm not found, waiting...
demo.pcm not found, waiting...
demo.pcm not found, waiting...
demo.pcm not found, waiting...
demo.pcm not found, waiting...
demo.pcm not found, waiting...
demo.pcm not found, waiting...
demo.pcm not found, waiting...
demo.pcm not found, waiting...
demo.pcm not found, waiting...
demo.pcm not found, waiting...
demo.pcm not found, waiting...
demo.pcm not found, waiting...
demo.pcm not found, waiting...
demo.pcm not found, waiting...
demo.pcm not found, waiting...
demo.pcm not found, waiting...
demo.pcm not found, waiting...
demo.pcm not found, waiting...
demo.pcm not found, waiting...
demo.pcm not found, waiting...
demo.pcm not found, waiting...
demo.pcm not found, waiting...
demo.pcm not found, waiting...
demo.pcm not found, waiting...
demo.pcm not found, waiting...
demo.pcm not found, waiting...
demo.pcm not found, waiting...
demo.pcm not found, waiting...
demo.pcm not found, waiting...
demo.pcm not found, waiting...
demo.pcm not found, waiting...
demo.pcm not found, waiting...
demo.pcm not found, waiting...
demo.pcm not found, waiting...
demo.pcm not found, waiting...
demo.pcm not found, waiting...
demo.pcm not found, waiting...
demo.pcm not found, waiting...
demo.pcm not found, waiting...
demo.pcm not found, waiting...
demo.pcm not found, waiting...
demo.pcm not found, waiting...
demo.pcm not found, waiting...
demo.pcm not found, waiting...
demo.pcm not found, waiting...
demo.pcm not found, waiting...
demo.pcm not found, waiting...
demo.pcm not found, waiting...
demo.pcm not found, waiting...
demo.pcm not found, waiting...
demo.pcm not found, waiting...
demo.pcm not found, waiting...
demo.pcm not found, waiting...
demo.pcm not found, waiting...
demo.pcm not found, waiting...
demo.pcm not found, waiting...
demo.pcm not found, waiting...
demo.pcm not found, waiting...
demo.pcm not found, waiting...
demo.pcm not found, waiting...
demo.pcm not found, waiting...
demo.pcm not found, waiting...
demo.pcm not found, waiting...
demo.pcm not found, waiting...
demo.pcm not found, waiting...
demo.pcm not found, waiting...
demo.pcm not found, waiting...
demo.pcm not found, waiting...
demo.pcm not found, waiting...
demo.pcm not found, waiting...
demo.pcm not found, waiting...
demo.pcm not found, waiting...
demo.pcm not found, waiting...
demo.pcm not found, waiting...
demo.pcm not found, waiting...
demo.pcm not found, waiting...
demo.pcm not found, waiting...
demo.pcm not found, waiting...
demo.pcm not found, waiting...
demo.pcm not found, waiting...
demo.pcm not found, waiting...
demo.pcm not found, waiting...
demo.pcm not found, waiting...
demo.pcm not found, waiting...
demo.pcm not found, waiting...
demo.pcm not found, waiting...
demo.pcm not found, waiting...
demo.pcm not found, waiting...
demo.pcm not found, waiting...
demo.pcm not found, waiting...
demo.pcm not found, waiting...
demo.pcm not found, waiting...
demo.pcm not found, waiting...
demo.pcm not found, waiting...
demo.pcm not found, waiting...
demo.pcm not found, waiting...
demo.pcm not found, waiting...
demo.pcm not found, waiting...
demo.pcm not found, waiting...
demo.pcm not found, waiting...
demo.pcm not found, waiting...
demo.pcm not found, waiting...
demo.pcm not found, waiting...
demo.pcm not found, waiting...
demo.pcm not found, waiting...
demo.pcm not found, waiting...
demo.pcm not found, waiting...
demo.pcm not found, waiting...
demo.pcm not found, waiting...
demo.pcm not found, waiting...
demo.pcm not found, waiting...
demo.pcm not found, waiting...
demo.pcm not found, waiting...
demo.pcm not found, waiting...
demo.pcm not found, waiting...
demo.pcm not found, waiting...
demo.pcm not found, waiting...
demo.pcm not found, waiting...
demo.pcm not found, waiting...
demo.pcm not found, waiting...
demo.pcm not found, waiting...
demo.pcm not found, waiting...
demo.pcm not found, waiting...
demo.pcm not found, waiting...
demo.pcm not found, waiting...
demo.pcm not found, waiting...
demo.pcm not found, waiting...
demo.pcm not found, waiting...
demo.pcm not found, waiting...
demo.pcm not found, waiting...
demo.pcm not found, waiting...
demo.pcm not found, waiting...
demo.pcm not found, waiting...
demo.pcm not found, waiting...
demo.pcm not found, waiting...
demo.pcm not found, waiting...
demo.pcm not found, waiting...
demo.pcm not found, waiting...
demo.pcm not found, waiting...
demo.pcm not found, waiting...
demo.pcm not found, waiting...
demo.pcm not found, waiting...
demo.pcm not found, waiting...
demo.pcm not found, waiting...
demo.pcm not found, waiting...
demo.pcm not found, waiting...
demo.pcm not found, waiting...
demo.pcm not found, waiting...
demo.pcm not found, waiting...
demo.pcm not found, waiting...
demo.pcm not found, waiting...
demo.pcm not found, waiting...
demo.pcm not found, waiting...
demo.pcm not found, waiting...
demo.pcm not found, waiting...
demo.pcm not found, waiting...
demo.pcm not found, waiting...
demo.pcm not found, waiting...
demo.pcm not found, waiting...
demo.pcm not found, waiting...
demo.pcm not found, waiting...
demo.pcm not found, waiting...
demo.pcm not found, waiting...
demo.pcm not found, waiting...
demo.pcm not found, waiting...
demo.pcm not found, waiting...
demo.pcm not found, waiting...
demo.pcm not found, waiting...
demo.pcm not found, waiting...
demo.pcm not found, waiting...
demo.pcm not found, waiting...
demo.pcm not found, waiting...
demo.pcm not found, waiting...
demo.pcm not found, waiting...
demo.pcm not found, waiting...
demo.pcm not found, waiting...
demo.pcm not found, waiting...
demo.pcm not found, waiting...
demo.pcm not found, waiting...
demo.pcm not found, waiting...
demo.pcm not found, waiting...
demo.pcm not found, waiting...
demo.pcm not found, waiting...
demo.pcm not found, waiting...
demo.pcm not found, waiting...
demo.pcm not found, waiting...
demo.pcm not found, waiting...
demo.pcm not found, waiting...
demo.pcm not found, waiting...
demo.pcm not found, waiting...
demo.pcm not found, waiting...
demo.pcm not found, waiting...
demo.pcm not found, waiting...
demo.pcm not found, waiting...
demo.pcm not found, waiting...
demo.pcm not found, waiting...
demo.pcm not found, waiting...
demo.pcm not found, waiting...
demo.pcm not found, waiting...
demo.pcm not found, waiting...
demo.pcm not found, waiting...
demo.pcm not found, waiting...
demo.pcm not found, waiting...
demo.pcm not found, waiting...
demo.pcm not found, waiting...
demo.pcm not found, waiting...
demo.pcm not found, waiting...
demo.pcm not found, waiting...
demo.pcm not found, waiting...
demo.pcm not found, waiting...
demo.pcm not found, waiting...
demo.pcm not found, waiting...
demo.pcm not found, waiting...
demo.pcm not found, waiting...
demo.pcm not found, waiting...
demo.pcm not found, waiting...
demo.pcm not found, waiting...
demo.pcm not found, waiting...
demo.pcm not found, waiting...
demo.pcm not found, waiting...
demo.pcm not found, waiting...
demo.pcm not found, waiting...
demo.pcm not found, waiting...
demo.pcm not found, waiting...
demo.pcm not found, waiting...
demo.pcm not found, waiting...
demo.pcm not found, waiting...
demo.pcm not found, waiting...
demo.pcm not found, waiting...
demo.pcm not found, waiting...
demo.pcm not found, waiting...
demo.pcm not found, waiting...
demo.pcm not found, waiting...
demo.pcm not found, waiting...
demo.pcm not found, waiting...
demo.pcm not found, waiting...
demo.pcm not found, waiting...
demo.pcm not found, waiting...
demo.pcm not found, waiting...
demo.pcm not found, waiting...
demo.pcm not found, waiting...
demo.pcm not found, waiting...
demo.pcm not found, waiting...
demo.pcm not found, waiting...
demo.pcm not found, waiting...
demo.pcm not found, waiting...
demo.pcm not found, waiting...
demo.pcm not found, waiting...
demo.pcm not found, waiting...
demo.pcm not found, waiting...
demo.pcm not found, waiting...
demo.pcm not found, waiting...
demo.pcm not found, waiting...
demo.pcm not found, waiting...
demo.pcm not found, waiting...
demo.pcm not found, waiting...
demo.pcm not found, waiting...
demo.pcm not found, waiting...
demo.pcm not found, waiting...
demo.pcm not found, waiting...
demo.pcm not found, waiting...
demo.pcm not found, waiting...
demo.pcm not found, waiting...
demo.pcm not found, waiting...
demo.pcm not found, waiting...
demo.pcm not found, waiting...
demo.pcm not found, waiting...
demo.pcm not found, waiting...
demo.pcm not found, waiting...
demo.pcm not found, waiting...
demo.pcm not found, waiting...
demo.pcm not found, waiting...
demo.pcm not found, waiting...
demo.pcm not found, waiting...
demo.pcm not found, waiting...
demo.pcm not found, waiting...
demo.pcm not found, waiting...
demo.pcm not found, waiting...
demo.pcm not found, waiting...
demo.pcm not found, waiting...
demo.pcm not found, waiting...
demo.pcm not found, waiting...
demo.pcm not found, waiting...
demo.pcm not found, waiting...
demo.pcm not found, waiting...
demo.pcm not found, waiting...
demo.pcm not found, waiting...
demo.pcm not found, waiting...
demo.pcm not found, waiting...
demo.pcm not found, waiting...
demo.pcm not found, waiting...
demo.pcm not found, waiting...
demo.pcm not found, waiting...
demo.pcm not found, waiting...
demo.pcm not found, waiting...
demo.pcm not found, waiting...
demo.pcm not found, waiting...
demo.pcm not found, waiting...
demo.pcm not found, waiting...
demo.pcm not found, waiting...
demo.pcm not found, waiting...
demo.pcm not found, waiting...
demo.pcm not found, waiting...
demo.pcm not found, waiting...
demo.pcm not found, waiting...
demo.pcm not found, waiting...
demo.pcm not found, waiting...
demo.pcm not found, waiting...
demo.pcm not found, waiting...
demo.pcm not found, waiting...
demo.pcm not found, waiting...
demo.pcm not found, waiting...
demo.pcm not found, waiting...
demo.pcm not found, waiting...
demo.pcm not found, waiting...
demo.pcm not found, waiting...
demo.pcm not found, waiting...
demo.pcm not found, waiting...
demo.pcm not found, waiting...
demo.pcm not found, waiting...
demo.pcm not found, waiting...
demo.pcm not found, waiting...
demo.pcm not found, waiting...
demo.pcm not found, waiting...
demo.pcm not found, waiting...
demo.pcm not found, waiting...
demo.pcm not found, waiting...
demo.pcm not found, waiting...
demo.pcm not found, waiting...
demo.pcm not found, waiting...
demo.pcm not found, waiting...
demo.pcm not found, waiting...
demo.pcm not found, waiting...
demo.pcm not found, waiting...
demo.pcm not found, waiting...
demo.pcm not found, waiting...
demo.pcm not found, waiting...
demo.pcm not found, waiting...
demo.pcm not found, waiting...
demo.pcm not found, waiting...
demo.pcm not found, waiting...
demo.pcm not found, waiting...
demo.pcm not found, waiting...
demo.pcm not found, waiting...
demo.pcm not found, waiting...
demo.pcm not found, waiting...
demo.pcm not found, waiting...
demo.pcm not found, waiting...
demo.pcm not found, waiting...
demo.pcm not found, waiting...
demo.pcm not found, waiting...
demo.pcm not found, waiting...
demo.pcm not found, waiting...
demo.pcm not found, waiting...
demo.pcm not found, waiting...
demo.pcm not found, waiting...
demo.pcm not found, waiting...
demo.pcm not found, waiting...
demo.pcm not found, waiting...
demo.pcm not found, waiting...
demo.pcm not found, waiting...
demo.pcm not found, waiting...
demo.pcm not found, waiting...
demo.pcm not found, waiting...
demo.pcm not found, waiting...
demo.pcm not found, waiting...
demo.pcm not found, waiting...
demo.pcm not found, waiting...
demo.pcm not found, waiting...
demo.pcm not found, waiting...
demo.pcm not found, waiting...
demo.pcm not found, waiting...
demo.pcm not found, waiting...
demo.pcm not found, waiting...
demo.pcm not found, waiting...
demo.pcm not found, waiting...
demo.pcm not found, waiting...
demo.pcm not found, waiting...
demo.pcm not found, waiting...
demo.pcm not found, waiting...
demo.pcm not found, waiting...
demo.pcm not found, waiting...
demo.pcm not found, waiting...
demo.pcm not found, waiting...
demo.pcm not found, waiting...
demo.pcm not found, waiting...
demo.pcm not found, waiting...
demo.pcm not found, waiting...
demo.pcm not found, waiting...
demo.pcm not found, waiting...
demo.pcm not found, waiting...
demo.pcm not found, waiting...
demo.pcm not found, waiting...
demo.pcm not found, waiting...
demo.pcm not found, waiting...
demo.pcm not found, waiting...
demo.pcm not found, waiting...
demo.pcm not found, waiting...
demo.pcm not found, waiting...
demo.pcm not found, waiting...
demo.pcm not found, waiting...
demo.pcm not found, waiting...
demo.pcm not found, waiting...
demo.pcm not found, waiting...
demo.pcm not found, waiting...
demo.pcm not found, waiting...
demo.pcm not found, waiting...
demo.pcm not found, waiting...
demo.pcm not found, waiting...
demo.pcm not found, waiting...
demo.pcm not found, waiting...
demo.pcm not found, waiting...
demo.pcm not found, waiting...
demo.pcm not found, waiting...
demo.pcm not found, waiting...
demo.pcm not found, waiting...
demo.pcm not found, waiting...
demo.pcm not found, waiting...
demo.pcm not found, waiting...
demo.pcm not found, waiting...
demo.pcm not found, waiting...
demo.pcm not found, waiting...
demo.pcm not found, waiting...
demo.pcm not found, waiting...
demo.pcm not found, waiting...
demo.pcm not found, waiting...
demo.pcm not found, waiting...
demo.pcm not found, waiting...
demo.pcm not found, waiting...
demo.pcm not found, waiting...
demo.pcm not found, waiting...
demo.pcm not found, waiting...
demo.pcm not found, waiting...
demo.pcm not found, waiting...
demo.pcm not found, waiting...
demo.pcm not found, waiting...
demo.pcm not found, waiting...
demo.pcm not found, waiting...
demo.pcm not found, waiting...
demo.pcm not found, waiting...
demo.pcm not found, waiting...
demo.pcm not found, waiting...
demo.pcm not found, waiting...
demo.pcm not found, waiting...
demo.pcm not found, waiting...
demo.pcm not found, waiting...
demo.pcm not found, waiting...
demo.pcm not found, waiting...
demo.pcm not found, waiting...
demo.pcm not found, waiting...
demo.pcm not found, waiting...
demo.pcm not found, waiting...
demo.pcm not found, waiting...
demo.pcm not found, waiting...
demo.pcm not found, waiting...
demo.pcm not found, waiting...
demo.pcm not found, waiting...
demo.pcm not found, waiting...
demo.pcm not found, waiting...
demo.pcm not found, waiting...
demo.pcm not found, waiting...
demo.pcm not found, waiting...
demo.pcm not found, waiting...
demo.pcm not found, waiting...
demo.pcm not found, waiting...
demo.pcm not found, waiting...
demo.pcm not found, waiting...
demo.pcm not found, waiting...
demo.pcm not found, waiting...
demo.pcm not found, waiting...
demo.pcm not found, waiting...
demo.pcm not found, waiting...
demo.pcm not found, waiting...
demo.pcm not found, waiting...
demo.pcm not found, waiting...
demo.pcm not found, waiting...
demo.pcm not found, waiting...
demo.pcm not found, waiting...
demo.pcm not found, waiting...
demo.pcm not found, waiting...
demo.pcm not found, waiting...
demo.pcm not found, waiting...
demo.pcm not found, waiting...
demo.pcm not found, waiting...
demo.pcm not found, waiting...
demo.pcm not found, waiting...
demo.pcm not found, waiting...
demo.pcm not found, waiting...
demo.pcm not found, waiting...
demo.pcm not found, waiting...
demo.pcm not found, waiting...
demo.pcm not found, waiting...
demo.pcm not found, waiting...
demo.pcm not found, waiting...
demo.pcm not found, waiting...
demo.pcm not found, waiting...
demo.pcm not found, waiting...
demo.pcm not found, waiting...
demo.pcm not found, waiting...
demo.pcm not found, waiting...
demo.pcm not found, waiting...
demo.pcm not found, waiting...
demo.pcm not found, waiting...
demo.pcm not found, waiting...
demo.pcm not found, waiting...
demo.pcm not found, waiting...
demo.pcm not found, waiting...
demo.pcm not found, waiting...
demo.pcm not found, waiting...
demo.pcm not found, waiting...
demo.pcm not found, waiting...
demo.pcm not found, waiting...
demo.pcm not found, waiting...
demo.pcm not found, waiting...
demo.pcm not found, waiting...
demo.pcm not found, waiting...
demo.pcm not found, waiting...
demo.pcm not found, waiting...
demo.pcm not found, waiting...
demo.pcm not found, waiting...
demo.pcm not found, waiting...
demo.pcm not found, waiting...
demo.pcm not found, waiting...
demo.pcm not found, waiting...
demo.pcm not found, waiting...
demo.pcm not found, waiting...
demo.pcm not found, waiting...
demo.pcm not found, waiting...
demo.pcm not found, waiting...
demo.pcm not found, waiting...
demo.pcm not found, waiting...
demo.pcm not found, waiting...
demo.pcm not found, waiting...
demo.pcm not found, waiting...
demo.pcm not found, waiting...
demo.pcm not found, waiting...
demo.pcm not found, waiting...
demo.pcm not found, waiting...
demo.pcm not found, waiting...
demo.pcm not found, waiting...
demo.pcm not found, waiting...
demo.pcm not found, waiting...
demo.pcm not found, waiting...
demo.pcm not found, waiting...
demo.pcm not found, waiting...
demo.pcm not found, waiting...
demo.pcm not found, waiting...
demo.pcm not found, waiting...
demo.pcm not found, waiting...
demo.pcm not found, waiting...
demo.pcm not found, waiting...
demo.pcm not found, waiting...
demo.pcm not found, waiting...
demo.pcm not found, waiting...
demo.pcm not found, waiting...
demo.pcm not found, waiting...
demo.pcm not found, waiting...
demo.pcm not found, waiting...
demo.pcm not found, waiting...
demo.pcm not found, waiting...
demo.pcm not found, waiting...
demo.pcm not found, waiting...
demo.pcm not found, waiting...
demo.pcm not found, waiting...
demo.pcm not found, waiting...
demo.pcm not found, waiting...
demo.pcm not found, waiting...
demo.pcm not found, waiting...
demo.pcm not found, waiting...
demo.pcm not found, waiting...
demo.pcm not found, waiting...
demo.pcm not found, waiting...
demo.pcm not found, waiting...
demo.pcm not found, waiting...
demo.pcm not found, waiting...
demo.pcm not found, waiting...
demo.pcm not found, waiting...
demo.pcm not found, waiting...
demo.pcm not found, waiting...
demo.pcm not found, waiting...
demo.pcm not found, waiting...
demo.pcm not found, waiting...
demo.pcm not found, waiting...
demo.pcm not found, waiting...
demo.pcm not found, waiting...
demo.pcm not found, waiting...
demo.pcm not found, waiting...
demo.pcm not found, waiting...
demo.pcm not found, waiting...
demo.pcm not found, waiting...
demo.pcm not found, waiting...
demo.pcm not found, waiting...
demo.pcm not found, waiting...
demo.pcm not found, waiting...
demo.pcm not found, waiting...
demo.pcm not found, waiting...
demo.pcm not found, waiting...
demo.pcm not found, waiting...
demo.pcm not found, waiting...
demo.pcm not found, waiting...
demo.pcm not found, waiting...
demo.pcm not found, waiting...
demo.pcm not found, waiting...
demo.pcm not found, waiting...
demo.pcm not found, waiting...
demo.pcm not found, waiting...
demo.pcm not found, waiting...
demo.pcm not found, waiting...
demo.pcm not found, waiting...
demo.pcm not found, waiting...
demo.pcm not found, waiting...
demo.pcm not found, waiting...
demo.pcm not found, waiting...
demo.pcm not found, waiting...
demo.pcm not found, waiting...
demo.pcm not found, waiting...
demo.pcm not found, waiting...
demo.pcm not found, waiting...
demo.pcm not found, waiting...
demo.pcm not found, waiting...
demo.pcm not found, waiting...
demo.pcm not found, waiting...
demo.pcm not found, waiting...
demo.pcm not found, waiting...
demo.pcm not found, waiting...
demo.pcm not found, waiting...
demo.pcm not found, waiting...
demo.pcm not found, waiting...
demo.pcm not found, waiting...
demo.pcm not found, waiting...
demo.pcm not found, waiting...
demo.pcm not found, waiting...
demo.pcm not found, waiting...
demo.pcm not found, waiting...
demo.pcm not found, waiting...
demo.pcm not found, waiting...
demo.pcm not found, waiting...
demo.pcm not found, waiting...
demo.pcm not found, waiting...
demo.pcm not found, waiting...
demo.pcm not found, waiting...
demo.pcm not found, waiting...
demo.pcm not found, waiting...
demo.pcm not found, waiting...
demo.pcm not found, waiting...
demo.pcm not found, waiting...
demo.pcm not found, waiting...
demo.pcm not found, waiting...
demo.pcm not found, waiting...
demo.pcm not found, waiting...
demo.pcm not found, waiting...
demo.pcm not found, waiting...
demo.pcm not found, waiting...
demo.pcm not found, waiting...
demo.pcm not found, waiting...
demo.pcm not found, waiting...
demo.pcm not found, waiting...
demo.pcm not found, waiting...
demo.pcm not found, waiting...
demo.pcm not found, waiting...
demo.pcm not found, waiting...
demo.pcm not found, waiting...
demo.pcm not found, waiting...
demo.pcm not found, waiting...
demo.pcm not found, waiting...
demo.pcm not found, waiting...
demo.pcm not found, waiting...
demo.pcm not found, waiting...
demo.pcm not found, waiting...
demo.pcm not found, waiting...
demo.pcm not found, waiting...
demo.pcm not found, waiting...
demo.pcm not found, waiting...
demo.pcm not found, waiting...
demo.pcm not found, waiting...
demo.pcm not found, waiting...
demo.pcm not found, waiting...
demo.pcm not found, waiting...
demo.pcm not found, waiting...
demo.pcm not found, waiting...
demo.pcm not found, waiting...
demo.pcm not found, waiting...
demo.pcm not found, waiting...
demo.pcm not found, waiting...
demo.pcm not found, waiting...
demo.pcm not found, waiting...
demo.pcm not found, waiting...
demo.pcm not found, waiting...
demo.pcm not found, waiting...
demo.pcm not found, waiting...
demo.pcm not found, waiting...
demo.pcm not found, waiting...
demo.pcm not found, waiting...
demo.pcm not found, waiting...
demo.pcm not found, waiting...
demo.pcm not found, waiting...
demo.pcm not found, waiting...
demo.pcm not found, waiting...
demo.pcm not found, waiting...
demo.pcm not found, waiting...
demo.pcm not found, waiting...
demo.pcm not found, waiting...
demo.pcm not found, waiting...
demo.pcm not found, waiting...
demo.pcm not found, waiting...
demo.pcm not found, waiting...
demo.pcm not found, waiting...
demo.pcm not found, waiting...
demo.pcm not found, waiting...
demo.pcm not found, waiting...
demo.pcm not found, waiting...
demo.pcm not found, waiting...
demo.pcm not found, waiting...
demo.pcm not found, waiting...
demo.pcm not found, waiting...
demo.pcm not found, waiting...
demo.pcm not found, waiting...
demo.pcm not found, waiting...
demo.pcm not found, waiting...
demo.pcm not found, waiting...
demo.pcm not found, waiting...
demo.pcm not found, waiting...
demo.pcm not found, waiting...
demo.pcm not found, waiting...
demo.pcm not found, waiting...
demo.pcm not found, waiting...
demo.pcm not found, waiting...
demo.pcm not found, waiting...
demo.pcm not found, waiting...
demo.pcm not found, waiting...
demo.pcm not found, waiting...
demo.pcm not found, waiting...
demo.pcm not found, waiting...
demo.pcm not found, waiting...
demo.pcm not found, waiting...
demo.pcm not found, waiting...
demo.pcm not found, waiting...
demo.pcm not found, waiting...
demo.pcm not found, waiting...
demo.pcm not found, waiting...
demo.pcm not found, waiting...
demo.pcm not found, waiting...
demo.pcm not found, waiting...
demo.pcm not found, waiting...
demo.pcm not found, waiting...
demo.pcm not found, waiting...
demo.pcm not found, waiting...
demo.pcm not found, waiting...
demo.pcm not found, waiting...
demo.pcm not found, waiting...
demo.pcm not found, waiting...
demo.pcm not found, waiting...
demo.pcm not found, waiting...
demo.pcm not found, waiting...
demo.pcm not found, waiting...
demo.pcm not found, waiting...
demo.pcm not found, waiting...
demo.pcm not found, waiting...
demo.pcm not found, waiting...
demo.pcm not found, waiting...
demo.pcm not found, waiting...
demo.pcm not found, waiting...
demo.pcm not found, waiting...
demo.pcm not found, waiting...
demo.pcm not found, waiting...
demo.pcm not found, waiting...
demo.pcm not found, waiting...
demo.pcm not found, waiting...
demo.pcm not found, waiting...
demo.pcm not found, waiting...
demo.pcm not found, waiting...
demo.pcm not found, waiting...
demo.pcm not found, waiting...
demo.pcm not found, waiting...
demo.pcm not found, waiting...
demo.pcm not found, waiting...
demo.pcm not found, waiting...
demo.pcm not found, waiting...
demo.pcm not found, waiting...
demo.pcm not found, waiting...
demo.pcm not found, waiting...
demo.pcm not found, waiting...
demo.pcm not found, waiting...
demo.pcm not found, waiting...
demo.pcm not found, waiting...
demo.pcm not found, waiting...
demo.pcm not found, waiting...
demo.pcm not found, waiting...
demo.pcm not found, waiting...
demo.pcm not found, waiting...
demo.pcm not found, waiting...
demo.pcm not found, waiting...
demo.pcm not found, waiting...
demo.pcm not found, waiting...
demo.pcm not found, waiting...
demo.pcm not found, waiting...
demo.pcm not found, waiting...
demo.pcm not found, waiting...
demo.pcm not found, waiting...
demo.pcm not found, waiting...
demo.pcm not found, waiting...
demo.pcm not found, waiting...
demo.pcm not found, waiting...
demo.pcm not found, waiting...
demo.pcm not found, waiting...
demo.pcm not found, waiting...
demo.pcm not found, waiting...
demo.pcm not found, waiting...
demo.pcm not found, waiting...
demo.pcm not found, waiting...
demo.pcm not found, waiting...
demo.pcm not found, waiting...
demo.pcm not found, waiting...
demo.pcm not found, waiting...
demo.pcm not found, waiting...
demo.pcm not found, waiting...
demo.pcm not found, waiting...
demo.pcm not found, waiting...
demo.pcm not found, waiting...
demo.pcm not found, waiting...
demo.pcm not found, waiting...
demo.pcm not found, waiting...
demo.pcm not found, waiting...
demo.pcm not found, waiting...
demo.pcm not found, waiting...
demo.pcm not found, waiting...
demo.pcm not found, waiting...
demo.pcm not found, waiting...
demo.pcm not found, waiting...
demo.pcm not found, waiting...
demo.pcm not found, waiting...
demo.pcm not found, waiting...
demo.pcm not found, waiting...
demo.pcm not found, waiting...
demo.pcm not found, waiting...
demo.pcm not found, waiting...
demo.pcm not found, waiting...
demo.pcm not found, waiting...
demo.pcm not found, waiting...
demo.pcm not found, waiting...
demo.pcm not found, waiting...
demo.pcm not found, waiting...
demo.pcm not found, waiting...
demo.pcm not found, waiting...
demo.pcm not found, waiting...
demo.pcm not found, waiting...
demo.pcm not found, waiting...
demo.pcm not found, waiting...
demo.pcm not found, waiting...
demo.pcm not found, waiting...
demo.pcm not found, waiting...
demo.pcm not found, waiting...
demo.pcm not found, waiting...
demo.pcm not found, waiting...
demo.pcm not found, waiting...
demo.pcm not found, waiting...
demo.pcm not found, waiting...
demo.pcm not found, waiting...
demo.pcm not found, waiting...
demo.pcm not found, waiting...
demo.pcm not found, waiting...
demo.pcm not found, waiting...
demo.pcm not found, waiting...
demo.pcm not found, waiting...
demo.pcm not found, waiting...
demo.pcm not found, waiting...
demo.pcm not found, waiting...
demo.pcm not found, waiting...
demo.pcm not found, waiting...
demo.pcm not found, waiting...
demo.pcm not found, waiting...
demo.pcm not found, waiting...
demo.pcm not found, waiting...
demo.pcm not found, waiting...
demo.pcm not found, waiting...
demo.pcm not found, waiting...
demo.pcm not found, waiting...
demo.pcm not found, waiting...
demo.pcm not found, waiting...
demo.pcm not found, waiting...
demo.pcm not found, waiting...
demo.pcm not found, waiting...
demo.pcm not found, waiting...
demo.pcm not found, waiting...
demo.pcm not found, waiting...
demo.pcm not found, waiting...
demo.pcm not found, waiting...
demo.pcm not found, waiting...
demo.pcm not found, waiting...
demo.pcm not found, waiting...
demo.pcm not found, waiting...
demo.pcm not found, waiting...
demo.pcm not found, waiting...
demo.pcm not found, waiting...
demo.pcm not found, waiting...
demo.pcm not found, waiting...
demo.pcm not found, waiting...
demo.pcm not found, waiting...
demo.pcm not found, waiting...
demo.pcm not found, waiting...
demo.pcm not found, waiting...
demo.pcm not found, waiting...
demo.pcm not found, waiting...
demo.pcm not found, waiting...
demo.pcm not found, waiting...
demo.pcm not found, waiting...
demo.pcm not found, waiting...
demo.pcm not found, waiting...
demo.pcm not found, waiting...
demo.pcm not found, waiting...
demo.pcm not found, waiting...
demo.pcm not found, waiting...
demo.pcm not found, waiting...
demo.pcm not found, waiting...
demo.pcm not found, waiting...
demo.pcm not found, waiting...
demo.pcm not found, waiting...
demo.pcm not found, waiting...
demo.pcm not found, waiting...
demo.pcm not found, waiting...
demo.pcm not found, waiting...
demo.pcm not found, waiting...
demo.pcm not found, waiting...
demo.pcm not found, waiting...
demo.pcm not found, waiting...
demo.pcm not found, waiting...
demo.pcm not found, waiting...
demo.pcm not found, waiting...
demo.pcm not found, waiting...
demo.pcm not found, waiting...
demo.pcm not found, waiting...
demo.pcm not found, waiting...
demo.pcm not found, waiting...
demo.pcm not found, waiting...
demo.pcm not found, waiting...
demo.pcm not found, waiting...
demo.pcm not found, waiting...
demo.pcm not found, waiting...
demo.pcm not found, waiting...
demo.pcm not found, waiting...
demo.pcm not found, waiting...
demo.pcm not found, waiting...
demo.pcm not found, waiting...
demo.pcm not found, waiting...
demo.pcm not found, waiting...
demo.pcm not found, waiting...
demo.pcm not found, waiting...
demo.pcm not found, waiting...
demo.pcm not found, waiting...
demo.pcm not found, waiting...
demo.pcm not found, waiting...
demo.pcm not found, waiting...
demo.pcm not found, waiting...
demo.pcm not found, waiting...
demo.pcm not found, waiting...
demo.pcm not found, waiting...
demo.pcm not found, waiting...
demo.pcm not found, waiting...
demo.pcm not found, waiting...
demo.pcm not found, waiting...
demo.pcm not found, waiting...
demo.pcm not found, waiting...
demo.pcm not found, waiting...
demo.pcm not found, waiting...
demo.pcm not found, waiting...
demo.pcm not found, waiting...
demo.pcm not found, waiting...
demo.pcm not found, waiting...
demo.pcm not found, waiting...
demo.pcm not found, waiting...
demo.pcm not found, waiting...
demo.pcm not found, waiting...
demo.pcm not found, waiting...
demo.pcm not found, waiting...
demo.pcm not found, waiting...
demo.pcm not found, waiting...
demo.pcm not found, waiting...
demo.pcm not found, waiting...
demo.pcm not found, waiting...
demo.pcm not found, waiting...
demo.pcm not found, waiting...
demo.pcm not found, waiting...
demo.pcm not found, waiting...
demo.pcm not found, waiting...
demo.pcm not found, waiting...
demo.pcm not found, waiting...
demo.pcm not found, waiting...
demo.pcm not found, waiting...
demo.pcm not found, waiting...
demo.pcm not found, waiting...
demo.pcm not found, waiting...
demo.pcm not found, waiting...
demo.pcm not found, waiting...
demo.pcm not found, waiting...
demo.pcm not found, waiting...
demo.pcm not found, waiting...
demo.pcm not found, waiting...
demo.pcm not found, waiting...
demo.pcm not found, waiting...
demo.pcm not found, waiting...
demo.pcm not found, waiting...
demo.pcm not found, waiting...
demo.pcm not found, waiting...
demo.pcm not found, waiting...
demo.pcm not found, waiting...
demo.pcm not found, waiting...
demo.pcm not found, waiting...
demo.pcm not found, waiting...
demo.pcm not found, waiting...
demo.pcm not found, waiting...
demo.pcm not found, waiting...
demo.pcm not found, waiting...
demo.pcm not found, waiting...
demo.pcm not found, waiting...
demo.pcm not found, waiting...
demo.pcm not found, waiting...
demo.pcm not found, waiting...
demo.pcm not found, waiting...
demo.pcm not found, waiting...
demo.pcm not found, waiting...
demo.pcm not found, waiting...
demo.pcm not found, waiting...
demo.pcm not found, waiting...
demo.pcm not found, waiting...
demo.pcm not found, waiting...
demo.pcm not found, waiting...
demo.pcm not found, waiting...
demo.pcm not found, waiting...
demo.pcm not found, waiting...
demo.pcm not found, waiting...
demo.pcm not found, waiting...
demo.pcm not found, waiting...
demo.pcm not found, waiting...
demo.pcm not found, waiting...
demo.pcm not found, waiting...
demo.pcm not found, waiting...
demo.pcm not found, waiting...
demo.pcm not found, waiting...
demo.pcm not found, waiting...
demo.pcm not found, waiting...
demo.pcm not found, waiting...
demo.pcm not found, waiting...
demo.pcm not found, waiting...
demo.pcm not found, waiting...
demo.pcm not found, waiting...
demo.pcm not found, waiting...
demo.pcm not found, waiting...
demo.pcm not found, waiting...
demo.pcm not found, waiting...
demo.pcm not found, waiting...
demo.pcm not found, waiting...
demo.pcm not found, waiting...
demo.pcm not found, waiting...
demo.pcm not found, waiting...
demo.pcm not found, waiting...
demo.pcm not found, waiting...
demo.pcm not found, waiting...
demo.pcm not found, waiting...
demo.pcm not found, waiting...
demo.pcm not found, waiting...
demo.pcm not found, waiting...
demo.pcm not found, waiting...
demo.pcm not found, waiting...
demo.pcm not found, waiting...
demo.pcm not found, waiting...
demo.pcm not found, waiting...
demo.pcm not found, waiting...
demo.pcm not found, waiting...
demo.pcm not found, waiting...
demo.pcm not found, waiting...
demo.pcm not found, waiting...
demo.pcm not found, waiting...
demo.pcm not found, waiting...
demo.pcm not found, waiting...
demo.pcm not found, waiting...
demo.pcm not found, waiting...
demo.pcm not found, waiting...
demo.pcm not found, waiting...
demo.pcm not found, waiting...
demo.pcm not found, waiting...
demo.pcm not found, waiting...
demo.pcm not found, waiting...
demo.pcm not found, waiting...
demo.pcm not found, waiting...
demo.pcm not found, waiting...
demo.pcm not found, waiting...
demo.pcm not found, waiting...
demo.pcm not found, waiting...
demo.pcm not found, waiting...
demo.pcm not found, waiting...
demo.pcm not found, waiting...
demo.pcm not found, waiting...
demo.pcm not found, waiting...
demo.pcm not found, waiting...
demo.pcm not found, waiting...
demo.pcm not found, waiting...
demo.pcm not found, waiting...
demo.pcm not found, waiting...
demo.pcm not found, waiting...
demo.pcm not found, waiting...
demo.pcm not found, waiting...
demo.pcm not found, waiting...
demo.pcm not found, waiting...
demo.pcm not found, waiting...
demo.pcm not found, waiting...
demo.pcm not found, waiting...
demo.pcm not found, waiting...
demo.pcm not found, waiting...
demo.pcm not found, waiting...
demo.pcm not found, waiting...
demo.pcm not found, waiting...
demo.pcm not found, waiting...
demo.pcm not found, waiting...
demo.pcm not found, waiting...
demo.pcm not found, waiting...
demo.pcm not found, waiting...
demo.pcm not found, waiting...
demo.pcm not found, waiting...
demo.pcm not found, waiting...
demo.pcm not found, waiting...
demo.pcm not found, waiting...
demo.pcm not found, waiting...
demo.pcm not found, waiting...
demo.pcm not found, waiting...
demo.pcm not found, waiting...
demo.pcm not found, waiting...
demo.pcm not found, waiting...
demo.pcm not found, waiting...
demo.pcm not found, waiting...
demo.pcm not found, waiting...
demo.pcm not found, waiting...
demo.pcm not found, waiting...
demo.pcm not found, waiting...
demo.pcm not found, waiting...
demo.pcm not found, waiting...
demo.pcm not found, waiting...
demo.pcm not found, waiting...
demo.pcm not found, waiting...
demo.pcm not found, waiting...
demo.pcm not found, waiting...
demo.pcm not found, waiting...
demo.pcm not found, waiting...
demo.pcm not found, waiting...
demo.pcm not found, waiting...
demo.pcm not found, waiting...
demo.pcm not found, waiting...
demo.pcm not found, waiting...
demo.pcm not found, waiting...
demo.pcm not found, waiting...
demo.pcm not found, waiting...
demo.pcm not found, waiting...
demo.pcm not found, waiting...
demo.pcm not found, waiting...
demo.pcm not found, waiting...
demo.pcm not found, waiting...
demo.pcm not found, waiting...
demo.pcm not found, waiting...
demo.pcm not found, waiting...
demo.pcm not found, waiting...
demo.pcm not found, waiting...
demo.pcm not found, waiting...
demo.pcm not found, waiting...
demo.pcm not found, waiting...
demo.pcm not found, waiting...
demo.pcm not found, waiting...
demo.pcm not found, waiting...
demo.pcm not found, waiting...
demo.pcm not found, waiting...
demo.pcm not found, waiting...
demo.pcm not found, waiting...
demo.pcm not found, waiting...
demo.pcm not found, waiting...
demo.pcm not found, waiting...
demo.pcm not found, waiting...
demo.pcm not found, waiting...
demo.pcm not found, waiting...
demo.pcm not found, waiting...
demo.pcm not found, waiting...
demo.pcm not found, waiting...
demo.pcm not found, waiting...
demo.pcm not found, waiting...
demo.pcm not found, waiting...
demo.pcm not found, waiting...
demo.pcm not found, waiting...
demo.pcm not found, waiting...
demo.pcm not found, waiting...
demo.pcm not found, waiting...
demo.pcm not found, waiting...
demo.pcm not found, waiting...
demo.pcm not found, waiting...
demo.pcm not found, waiting...
demo.pcm not found, waiting...
demo.pcm not found, waiting...
demo.pcm not found, waiting...
demo.pcm not found, waiting...
demo.pcm not found, waiting...
demo.pcm not found, waiting...
demo.pcm not found, waiting...
demo.pcm not found, waiting...
demo.pcm not found, waiting...
demo.pcm not found, waiting...
demo.pcm not found, waiting...
demo.pcm not found, waiting...
demo.pcm not found, waiting...
demo.pcm not found, waiting...
demo.pcm not found, waiting...
demo.pcm not found, waiting...
demo.pcm not found, waiting...
demo.pcm not found, waiting...
demo.pcm not found, waiting...
demo.pcm not found, waiting...
demo.pcm not found, waiting...
demo.pcm not found, waiting...
demo.pcm not found, waiting...
demo.pcm not found, waiting...
demo.pcm not found, waiting...
demo.pcm not found, waiting...
demo.pcm not found, waiting...
demo.pcm not found, waiting...
demo.pcm not found, waiting...
demo.pcm not found, waiting...
demo.pcm not found, waiting...
demo.pcm not found, waiting...
demo.pcm not found, waiting...
demo.pcm not found, waiting...
demo.pcm not found, waiting...
demo.pcm not found, waiting...
demo.pcm not found, waiting...
demo.pcm not found, waiting...
demo.pcm not found, waiting...
demo.pcm not found, waiting...
demo.pcm not found, waiting...
demo.pcm not found, waiting...
demo.pcm not found, waiting...
demo.pcm not found, waiting...
demo.pcm not found, waiting...
demo.pcm not found, waiting...
demo.pcm not found, waiting...
demo.pcm not found, waiting...
demo.pcm not found, waiting...
demo.pcm not found, waiting...
demo.pcm not found, waiting...
demo.pcm not found, waiting...
demo.pcm not found, waiting...
demo.pcm not found, waiting...
demo.pcm not found, waiting...
demo.pcm not found, waiting...
demo.pcm not found, waiting...
demo.pcm not found, waiting...
demo.pcm not found, waiting...
demo.pcm not found, waiting...
demo.pcm not found, waiting...
demo.pcm not found, waiting...
demo.pcm not found, waiting...
demo.pcm not found, waiting...
demo.pcm not found, waiting...
demo.pcm not found, waiting...
demo.pcm not found, waiting...
demo.pcm not found, waiting...
demo.pcm not found, waiting...
demo.pcm not found, waiting...
demo.pcm not found, waiting...
demo.pcm not found, waiting...
demo.pcm not found, waiting...
demo.pcm not found, waiting...
demo.pcm not found, waiting...
demo.pcm not found, waiting...
demo.pcm not found, waiting...
demo.pcm not found, waiting...
demo.pcm not found, waiting...
demo.pcm not found, waiting...
demo.pcm not found, waiting...
demo.pcm not found, waiting...
demo.pcm not found, waiting...
demo.pcm not found, waiting...
demo.pcm not found, waiting...
demo.pcm not found, waiting...
demo.pcm not found, waiting...
demo.pcm not found, waiting...
demo.pcm not found, waiting...
demo.pcm not found, waiting...
demo.pcm not found, waiting...
demo.pcm not found, waiting...
demo.pcm not found, waiting...
demo.pcm not found, waiting...
demo.pcm not found, waiting...
demo.pcm not found, waiting...
demo.pcm not found, waiting...
demo.pcm not found, waiting...
demo.pcm not found, waiting...
demo.pcm not found, waiting...
demo.pcm not found, waiting...
demo.pcm not found, waiting...
demo.pcm not found, waiting...
demo.pcm not found, waiting...
demo.pcm not found, waiting...
demo.pcm not found, waiting...
demo.pcm not found, waiting...
demo.pcm not found, waiting...
demo.pcm not found, waiting...
demo.pcm not found, waiting...
demo.pcm not found, waiting...
demo.pcm not found, waiting...
demo.pcm not found, waiting...
demo.pcm not found, waiting...
demo.pcm not found, waiting...
demo.pcm not found, waiting...
demo.pcm not found, waiting...
demo.pcm not found, waiting...
demo.pcm not found, waiting...
demo.pcm not found, waiting...
demo.pcm not found, waiting...
demo.pcm not found, waiting...
demo.pcm not found, waiting...
demo.pcm not found, waiting...
demo.pcm not found, waiting...
demo.pcm not found, waiting...
demo.pcm not found, waiting...
demo.pcm not found, waiting...
demo.pcm not found, waiting...
demo.pcm not found, waiting...
demo.pcm not found, waiting...
demo.pcm not found, waiting...
demo.pcm not found, waiting...
demo.pcm not found, waiting...
demo.pcm not found, waiting...
demo.pcm not found, waiting...
demo.pcm not found, waiting...
demo.pcm not found, waiting...
demo.pcm not found, waiting...
demo.pcm not found, waiting...
demo.pcm not found, waiting...
demo.pcm not found, waiting...
demo.pcm not found, waiting...
demo.pcm not found, waiting...
demo.pcm not found, waiting...
demo.pcm not found, waiting...
demo.pcm not found, waiting...
demo.pcm not found, waiting...
demo.pcm not found, waiting...
demo.pcm not found, waiting...
demo.pcm not found, waiting...
demo.pcm not found, waiting...
demo.pcm not found, waiting...
demo.pcm not found, waiting...
demo.pcm not found, waiting...
demo.pcm not found, waiting...
demo.pcm not found, waiting...
demo.pcm not found, waiting...
demo.pcm not found, waiting...
demo.pcm not found, waiting...
demo.pcm not found, waiting...
demo.pcm not found, waiting...
demo.pcm not found, waiting...
demo.pcm not found, waiting...
demo.pcm not found, waiting...
demo.pcm not found, waiting...
demo.pcm not found, waiting...
demo.pcm not found, waiting...
demo.pcm not found, waiting...
demo.pcm not found, waiting...
demo.pcm not found, waiting...
demo.pcm not found, waiting...
demo.pcm not found, waiting...
demo.pcm not found, waiting...
demo.pcm not found, waiting...
demo.pcm not found, waiting...
demo.pcm not found, waiting...
demo.pcm not found, waiting...
demo.pcm not found, waiting...
demo.pcm not found, waiting...
demo.pcm not found, waiting...
demo.pcm not found, waiting...
demo.pcm not found, waiting...
demo.pcm not found, waiting...
demo.pcm not found, waiting...
demo.pcm not found, waiting...
demo.pcm not found, waiting...
demo.pcm not found, waiting...
demo.pcm not found, waiting...
demo.pcm not found, waiting...
demo.pcm not found, waiting...
demo.pcm not found, waiting...
demo.pcm not found, waiting...
demo.pcm not found, waiting...
demo.pcm not found, waiting...
demo.pcm not found, waiting...
demo.pcm not found, waiting...
demo.pcm not found, waiting...
demo.pcm not found, waiting...
demo.pcm not found, waiting...
demo.pcm not found, waiting...
demo.pcm not found, waiting...
demo.pcm not found, waiting...
demo.pcm not found, waiting...
demo.pcm not found, waiting...
demo.pcm not found, waiting...
demo.pcm not found, waiting...
demo.pcm not found, waiting...
demo.pcm not found, waiting...
demo.pcm not found, waiting...
demo.pcm not found, waiting...
demo.pcm not found, waiting...
demo.pcm not found, waiting...
demo.pcm not found, waiting...
demo.pcm not found, waiting...
demo.pcm not found, waiting...
demo.pcm not found, waiting...
demo.pcm not found, waiting...
demo.pcm not found, waiting...
demo.pcm not found, waiting...
demo.pcm not found, waiting...
demo.pcm not found, waiting...
demo.pcm not found, waiting...
demo.pcm not found, waiting...
demo.pcm not found, waiting...
demo.pcm not found, waiting...
demo.pcm not found, waiting...
demo.pcm not found, waiting...
demo.pcm not found, waiting...
demo.pcm not found, waiting...
demo.pcm not found, waiting...
demo.pcm not found, waiting...
demo.pcm not found, waiting...
demo.pcm not found, waiting...
demo.pcm not found, waiting...
demo.pcm not found, waiting...
demo.pcm not found, waiting...
demo.pcm not found, waiting...
demo.pcm not found, waiting...
demo.pcm not found, waiting...
demo.pcm not found, waiting...
demo.pcm not found, waiting...
demo.pcm not found, waiting...
demo.pcm not found, waiting...
demo.pcm not found, waiting...
demo.pcm not found, waiting...
demo.pcm not found, waiting...
demo.pcm not found, waiting...
demo.pcm not found, waiting...
demo.pcm not found, waiting...
demo.pcm not found, waiting...
demo.pcm not found, waiting...
demo.pcm not found, waiting...
demo.pcm not found, waiting...
demo.pcm not found, waiting...
demo.pcm not found, waiting...
demo.pcm not found, waiting...
demo.pcm not found, waiting...
demo.pcm not found, waiting...
demo.pcm not found, waiting...
demo.pcm not found, waiting...
demo.pcm not found, waiting...
demo.pcm not found, waiting...
demo.pcm not found, waiting...
demo.pcm not found, waiting...
demo.pcm not found, waiting...
demo.pcm not found, waiting...
demo.pcm not found, waiting...
demo.pcm not found, waiting...
demo.pcm not found, waiting...
demo.pcm not found, waiting...
demo.pcm not found, waiting...
demo.pcm not found, waiting...
demo.pcm not found, waiting...
demo.pcm not found, waiting...
demo.pcm not found, waiting...
demo.pcm not found, waiting...
demo.pcm not found, waiting...
demo.pcm not found, waiting...
demo.pcm not found, waiting...
demo.pcm not found, waiting...
demo.pcm not found, waiting...
demo.pcm not found, waiting...
demo.pcm not found, waiting...
demo.pcm not found, waiting...
demo.pcm not found, waiting...
demo.pcm not found, waiting...
demo.pcm not found, waiting...
demo.pcm not found, waiting...
demo.pcm not found, waiting...
demo.pcm not found, waiting...
demo.pcm not found, waiting...
demo.pcm not found, waiting...
demo.pcm not found, waiting...
demo.pcm not found, waiting...
demo.pcm not found, waiting...
demo.pcm not found, waiting...
demo.pcm not found, waiting...
demo.pcm not found, waiting...
demo.pcm not found, waiting...
demo.pcm not found, waiting...
demo.pcm not found, waiting...
demo.pcm not found, waiting...
demo.pcm not found, waiting...
demo.pcm not found, waiting...
demo.pcm not found, waiting...
demo.pcm not found, waiting...
demo.pcm not found, waiting...
demo.pcm not found, waiting...
demo.pcm not found, waiting...
demo.pcm not found, waiting...
demo.pcm not found, waiting...
demo.pcm not found, waiting...
demo.pcm not found, waiting...
demo.pcm not found, waiting...
demo.pcm not found, waiting...
demo.pcm not found, waiting...
demo.pcm not found, waiting...
demo.pcm not found, waiting...
demo.pcm not found, waiting...
demo.pcm not found, waiting...
demo.pcm not found, waiting...
demo.pcm not found, waiting...
demo.pcm not found, waiting...
demo.pcm not found, waiting...
demo.pcm not found, waiting...
demo.pcm not found, waiting...
demo.pcm not found, waiting...
demo.pcm not found, waiting...
demo.pcm not found, waiting...
demo.pcm not found, waiting...
demo.pcm not found, waiting...
demo.pcm not found, waiting...
demo.pcm not found, waiting...
demo.pcm not found, waiting...
demo.pcm not found, waiting...
demo.pcm not found, waiting...
demo.pcm not found, waiting...
demo.pcm not found, waiting...
demo.pcm not found, waiting...
demo.pcm not found, waiting...
demo.pcm not found, waiting...
demo.pcm not found, waiting...
demo.pcm not found, waiting...
demo.pcm not found, waiting...
demo.pcm not found, waiting...
demo.pcm not found, waiting...
demo.pcm not found, waiting...
demo.pcm not found, waiting...
demo.pcm not found, waiting...
demo.pcm not found, waiting...
demo.pcm not found, waiting...
demo.pcm not found, waiting...
demo.pcm not found, waiting...
demo.pcm not found, waiting...
demo.pcm not found, waiting...
demo.pcm not found, waiting...
demo.pcm not found, waiting...
demo.pcm not found, waiting...
demo.pcm not found, waiting...
demo.pcm not found, waiting...
demo.pcm not found, waiting...
demo.pcm not found, waiting...
demo.pcm not found, waiting...
demo.pcm not found, waiting...
demo.pcm not found, waiting...
demo.pcm not found, waiting...
demo.pcm not found, waiting...
demo.pcm not found, waiting...
demo.pcm not found, waiting...
demo.pcm not found, waiting...
demo.pcm not found, waiting...
demo.pcm not found, waiting...
demo.pcm not found, waiting...
demo.pcm not found, waiting...
demo.pcm not found, waiting...
demo.pcm not found, waiting...
demo.pcm not found, waiting...
demo.pcm not found, waiting...
demo.pcm not found, waiting...
demo.pcm not found, waiting...
demo.pcm not found, waiting...
demo.pcm not found, waiting...
demo.pcm not found, waiting...
demo.pcm not found, waiting...
demo.pcm not found, waiting...
demo.pcm not found, waiting...
demo.pcm not found, waiting...
demo.pcm not found, waiting...
demo.pcm not found, waiting...
demo.pcm not found, waiting...
demo.pcm not found, waiting...
demo.pcm not found, waiting...
demo.pcm not found, waiting...
demo.pcm not found, waiting...
demo.pcm not found, waiting...
demo.pcm not found, waiting...
demo.pcm not found, waiting...
demo.pcm not found, waiting...
demo.pcm not found, waiting...
demo.pcm not found, waiting...
demo.pcm not found, waiting...
demo.pcm not found, waiting...
demo.pcm not found, waiting...
demo.pcm not found, waiting...
demo.pcm not found, waiting...
demo.pcm not found, waiting...
demo.pcm not found, waiting...
demo.pcm not found, waiting...
demo.pcm not found, waiting...
demo.pcm not found, waiting...
demo.pcm not found, waiting...
demo.pcm not found, waiting...
demo.pcm not found, waiting...
demo.pcm not found, waiting...
demo.pcm not found, waiting...
demo.pcm not found, waiting...
demo.pcm not found, waiting...
demo.pcm not found, waiting...
demo.pcm not found, waiting...
demo.pcm not found, waiting...
demo.pcm not found, waiting...
demo.pcm not found, waiting...
demo.pcm not found, waiting...
demo.pcm not found, waiting...
demo.pcm not found, waiting...
demo.pcm not found, waiting...
demo.pcm not found, waiting...
demo.pcm not found, waiting...
demo.pcm not found, waiting...
demo.pcm not found, waiting...
demo.pcm not found, waiting...
demo.pcm not found, waiting...
demo.pcm not found, waiting...
demo.pcm not found, waiting...
demo.pcm not found, waiting...
demo.pcm not found, waiting...
demo.pcm not found, waiting...
demo.pcm not found, waiting...
demo.pcm not found, waiting...
demo.pcm not found, waiting...
demo.pcm not found, waiting...
demo.pcm not found, waiting...
demo.pcm not found, waiting...
demo.pcm not found, waiting...
demo.pcm not found, waiting...
demo.pcm not found, waiting...
demo.pcm not found, waiting...
demo.pcm not found, waiting...
demo.pcm not found, waiting...
demo.pcm not found, waiting...
demo.pcm not found, waiting...
demo.pcm not found, waiting...
demo.pcm not found, waiting...
demo.pcm not found, waiting...
demo.pcm not found, waiting...
demo.pcm not found, waiting...
demo.pcm not found, waiting...
demo.pcm not found, waiting...
demo.pcm not found, waiting...
demo.pcm not found, waiting...
demo.pcm not found, waiting...
demo.pcm not found, waiting...
demo.pcm not found, waiting...
demo.pcm not found, waiting...
demo.pcm not found, waiting...
demo.pcm not found, waiting...
demo.pcm not found, waiting...
demo.pcm not found, waiting...
demo.pcm not found, waiting...
demo.pcm not found, waiting...
demo.pcm not found, waiting...
demo.pcm not found, waiting...
demo.pcm not found, waiting...
demo.pcm not found, waiting...
demo.pcm not found, waiting...
demo.pcm not found, waiting...
demo.pcm not found, waiting...
demo.pcm not found, waiting...
demo.pcm not found, waiting...
demo.pcm not found, waiting...
demo.pcm not found, waiting...
demo.pcm not found, waiting...
demo.pcm not found, waiting...
demo.pcm not found, waiting...
demo.pcm not found, waiting...
demo.pcm not found, waiting...
demo.pcm not found, waiting...
demo.pcm not found, waiting...
demo.pcm not found, waiting...
demo.pcm not found, waiting...
demo.pcm not found, waiting...
demo.pcm not found, waiting...
demo.pcm not found, waiting...
demo.pcm not found, waiting...
demo.pcm not found, waiting...
demo.pcm not found, waiting...
demo.pcm not found, waiting...
demo.pcm not found, waiting...
demo.pcm not found, waiting...
demo.pcm not found, waiting...
demo.pcm not found, waiting...
demo.pcm not found, waiting...
demo.pcm not found, waiting...
demo.pcm not found, waiting...
demo.pcm not found, waiting...
demo.pcm not found, waiting...
demo.pcm not found, waiting...
demo.pcm not found, waiting...
demo.pcm not found, waiting...
demo.pcm not found, waiting...
demo.pcm not found, waiting...
demo.pcm not found, waiting...
demo.pcm not found, waiting...
demo.pcm not found, waiting...
demo.pcm not found, waiting...
demo.pcm not found, waiting...
demo.pcm not found, waiting...
demo.pcm not found, waiting...
demo.pcm not found, waiting...
demo.pcm not found, waiting...
demo.pcm not found, waiting...
demo.pcm not found, waiting...
demo.pcm not found, waiting...
demo.pcm not found, waiting...
demo.pcm not found, waiting...
demo.pcm not found, waiting...
demo.pcm not found, waiting...
demo.pcm not found, waiting...
demo.pcm not found, waiting...
demo.pcm not found, waiting...
demo.pcm not found, waiting...
demo.pcm not found, waiting...
demo.pcm not found, waiting...
demo.pcm not found, waiting...
demo.pcm not found, waiting...
demo.pcm not found, waiting...
demo.pcm not found, waiting...
demo.pcm not found, waiting...
demo.pcm not found, waiting...
demo.pcm not found, waiting...
demo.pcm not found, waiting...
demo.pcm not found, waiting...
demo.pcm not found, waiting...
demo.pcm not found, waiting...
demo.pcm not found, waiting...
demo.pcm not found, waiting...
demo.pcm not found, waiting...
demo.pcm not found, waiting...
demo.pcm not found, waiting...
demo.pcm not found, waiting...
demo.pcm not found, waiting...
demo.pcm not found, waiting...
demo.pcm not found, waiting...
demo.pcm not found, waiting...
demo.pcm not found, waiting...
demo.pcm not found, waiting...
demo.pcm not found, waiting...
demo.pcm not found, waiting...
demo.pcm not found, waiting...
demo.pcm not found, waiting...
demo.pcm not found, waiting...
demo.pcm not found, waiting...
demo.pcm not found, waiting...
demo.pcm not found, waiting...
demo.pcm not found, waiting...
demo.pcm not found, waiting...
demo.pcm not found, waiting...
demo.pcm not found, waiting...
demo.pcm not found, waiting...
demo.pcm not found, waiting...
demo.pcm not found, waiting...
demo.pcm not found, waiting...
demo.pcm not found, waiting...
demo.pcm not found, waiting...
demo.pcm not found, waiting...
demo.pcm not found, waiting...
demo.pcm not found, waiting...
demo.pcm not found, waiting...
demo.pcm not found, waiting...
demo.pcm not found, waiting...
demo.pcm not found, waiting...
demo.pcm not found, waiting...
demo.pcm not found, waiting...
demo.pcm not found, waiting...
demo.pcm not found, waiting...
demo.pcm not found, waiting...
demo.pcm not found, waiting...
demo.pcm not found, waiting...
demo.pcm not found, waiting...
demo.pcm not found, waiting...
demo.pcm not found, waiting...
demo.pcm not found, waiting...
demo.pcm not found, waiting...
demo.pcm not found, waiting...
demo.pcm not found, waiting...
demo.pcm not found, waiting...
demo.pcm not found, waiting...
demo.pcm not found, waiting...
demo.pcm not found, waiting...
demo.pcm not found, waiting...
demo.pcm not found, waiting...
demo.pcm not found, waiting...
demo.pcm not found, waiting...
demo.pcm not found, waiting...
demo.pcm not found, waiting...
demo.pcm not found, waiting...
demo.pcm not found, waiting...
demo.pcm not found, waiting...
demo.pcm not found, waiting...
demo.pcm not found, waiting...
demo.pcm not found, waiting...
demo.pcm not found, waiting...
demo.pcm not found, waiting...
demo.pcm not found, waiting...
demo.pcm not found, waiting...
demo.pcm not found, waiting...
demo.pcm not found, waiting...
demo.pcm not found, waiting...
demo.pcm not found, waiting...
demo.pcm not found, waiting...
demo.pcm not found, waiting...
demo.pcm not found, waiting...
demo.pcm not found, waiting...
demo.pcm not found, waiting...
demo.pcm not found, waiting...
demo.pcm not found, waiting...
demo.pcm not found, waiting...
demo.pcm not found, waiting...
demo.pcm not found, waiting...
demo.pcm not found, waiting...
demo.pcm not found, waiting...
demo.pcm not found, waiting...
demo.pcm not found, waiting...
demo.pcm not found, waiting...
demo.pcm not found, waiting...
demo.pcm not found, waiting...
demo.pcm not found, waiting...
demo.pcm not found, waiting...
demo.pcm not found, waiting...
demo.pcm not found, waiting...
demo.pcm not found, waiting...
demo.pcm not found, waiting...
demo.pcm not found, waiting...
demo.pcm not found, waiting...
demo.pcm not found, waiting...
demo.pcm not found, waiting...
demo.pcm not found, waiting...
demo.pcm not found, waiting...
demo.pcm not found, waiting...
demo.pcm not found, waiting...
demo.pcm not found, waiting...
demo.pcm not found, waiting...
demo.pcm not found, waiting...
demo.pcm not found, waiting...
demo.pcm not found, waiting...
demo.pcm not found, waiting...
demo.pcm not found, waiting...
demo.pcm not found, waiting...
demo.pcm not found, waiting...
demo.pcm not found, waiting...
demo.pcm not found, waiting...
demo.pcm not found, waiting...
demo.pcm not found, waiting...
demo.pcm not found, waiting...
demo.pcm not found, waiting...
demo.pcm not found, waiting...
demo.pcm not found, waiting...
demo.pcm not found, waiting...
demo.pcm not found, waiting...
demo.pcm not found, waiting...
demo.pcm not found, waiting...
demo.pcm not found, waiting...
demo.pcm not found, waiting...
demo.pcm not found, waiting...
demo.pcm not found, waiting...
demo.pcm not found, waiting...
demo.pcm not found, waiting...
demo.pcm not found, waiting...
demo.pcm not found, waiting...
demo.pcm not found, waiting...
demo.pcm not found, waiting...
demo.pcm not found, waiting...
demo.pcm not found, waiting...
demo.pcm not found, waiting...
demo.pcm not found, waiting...
demo.pcm not found, waiting...
demo.pcm not found, waiting...
demo.pcm not found, waiting...
demo.pcm not found, waiting...
demo.pcm not found, waiting...
demo.pcm not found, waiting...
demo.pcm not found, waiting...
demo.pcm not found, waiting...
demo.pcm not found, waiting...
demo.pcm not found, waiting...
demo.pcm not found, waiting...
demo.pcm not found, waiting...
demo.pcm not found, waiting...
demo.pcm not found, waiting...
demo.pcm not found, waiting...
demo.pcm not found, waiting...
demo.pcm not found, waiting...
demo.pcm not found, waiting...
demo.pcm not found, waiting...
demo.pcm not found, waiting...
demo.pcm not found, waiting...
demo.pcm not found, waiting...
demo.pcm not found, waiting...
demo.pcm not found, waiting...
demo.pcm not found, waiting...
demo.pcm not found, waiting...
demo.pcm not found, waiting...
demo.pcm not found, waiting...
demo.pcm not found, waiting...
demo.pcm not found, waiting...
demo.pcm not found, waiting...
demo.pcm not found, waiting...
demo.pcm not found, waiting...
demo.pcm not found, waiting...
demo.pcm not found, waiting...
demo.pcm not found, waiting...
demo.pcm not found, waiting...
demo.pcm not found, waiting...
demo.pcm not found, waiting...
demo.pcm not found, waiting...
demo.pcm not found, waiting...
demo.pcm not found, waiting...
demo.pcm not found, waiting...
demo.pcm not found, waiting...
demo.pcm not found, waiting...
demo.pcm not found, waiting...
demo.pcm not found, waiting...
demo.pcm not found, waiting...
demo.pcm not found, waiting...
demo.pcm not found, waiting...
demo.pcm not found, waiting...
demo.pcm not found, waiting...
demo.pcm not found, waiting...
demo.pcm not found, waiting...
demo.pcm not found, waiting...
demo.pcm not found, waiting...
demo.pcm not found, waiting...
demo.pcm not found, waiting...
demo.pcm not found, waiting...
demo.pcm not found, waiting...
demo.pcm not found, waiting...
demo.pcm not found, waiting...
demo.pcm not found, waiting...
demo.pcm not found, waiting...
demo.pcm not found, waiting...
demo.pcm not found, waiting...
demo.pcm not found, waiting...
demo.pcm not found, waiting...
demo.pcm not found, waiting...
demo.pcm not found, waiting...
demo.pcm not found, waiting...
demo.pcm not found, waiting...
demo.pcm not found, waiting...
demo.pcm not found, waiting...
demo.pcm not found, waiting...
demo.pcm not found, waiting...
demo.pcm not found, waiting...
demo.pcm not found, waiting...
demo.pcm not found, waiting...
demo.pcm not found, waiting...
demo.pcm not found, waiting...
demo.pcm not found, waiting...
demo.pcm not found, waiting...
demo.pcm not found, waiting...
demo.pcm not found, waiting...
demo.pcm not found, waiting...
demo.pcm not found, waiting...
demo.pcm not found, waiting...
demo.pcm not found, waiting...
demo.pcm not found, waiting...
demo.pcm not found, waiting...
demo.pcm not found, waiting...
demo.pcm not found, waiting...
demo.pcm not found, waiting...
demo.pcm not found, waiting...
demo.pcm not found, waiting...
demo.pcm not found, waiting...
demo.pcm not found, waiting...
demo.pcm not found, waiting...
demo.pcm not found, waiting...
demo.pcm not found, waiting...
demo.pcm not found, waiting...
demo.pcm not found, waiting...
demo.pcm not found, waiting...
demo.pcm not found, waiting...
demo.pcm not found, waiting...
demo.pcm not found, waiting...
demo.pcm not found, waiting...
demo.pcm not found, waiting...
demo.pcm not found, waiting...
demo.pcm not found, waiting...
demo.pcm not found, waiting...
demo.pcm not found, waiting...
demo.pcm not found, waiting...
demo.pcm not found, waiting...
demo.pcm not found, waiting...
demo.pcm not found, waiting...
demo.pcm not found, waiting...
demo.pcm not found, waiting...
demo.pcm not found, waiting...
demo.pcm not found, waiting...
demo.pcm not found, waiting...
demo.pcm not found, waiting...
demo.pcm not found, waiting...
demo.pcm not found, waiting...
demo.pcm not found, waiting...
demo.pcm not found, waiting...
demo.pcm not found, waiting...
demo.pcm not found, waiting...
demo.pcm not found, waiting...
demo.pcm not found, waiting...
demo.pcm not found, waiting...
demo.pcm not found, waiting...
demo.pcm not found, waiting...
demo.pcm not found, waiting...
demo.pcm not found, waiting...
demo.pcm not found, waiting...
demo.pcm not found, waiting...
demo.pcm not found, waiting...
demo.pcm not found, waiting...
demo.pcm not found, waiting...
demo.pcm not found, waiting...
demo.pcm not found, waiting...
demo.pcm not found, waiting...
demo.pcm not found, waiting...
demo.pcm not found, waiting...
demo.pcm not found, waiting...
demo.pcm not found, waiting...
demo.pcm not found, waiting...
demo.pcm not found, waiting...
demo.pcm not found, waiting...
demo.pcm not found, waiting...
demo.pcm not found, waiting...
demo.pcm not found, waiting...
demo.pcm not found, waiting...
demo.pcm not found, waiting...
demo.pcm not found, waiting...
demo.pcm not found, waiting...
demo.pcm not found, waiting...
demo.pcm not found, waiting...
demo.pcm not found, waiting...
demo.pcm not found, waiting...
demo.pcm not found, waiting...
demo.pcm not found, waiting...
demo.pcm not found, waiting...
demo.pcm not found, waiting...
demo.pcm not found, waiting...
demo.pcm not found, waiting...
demo.pcm not found, waiting...
demo.pcm not found, waiting...
demo.pcm not found, waiting...
demo.pcm not found, waiting...
demo.pcm not found, waiting...
demo.pcm not found, waiting...
demo.pcm not found, waiting...
demo.pcm not found, waiting...
demo.pcm not found, waiting...
demo.pcm not found, waiting...
demo.pcm not found, waiting...
demo.pcm not found, waiting...
demo.pcm not found, waiting...
demo.pcm not found, waiting...
demo.pcm not found, waiting...
demo.pcm not found, waiting...
demo.pcm not found, waiting...
demo.pcm not found, waiting...
demo.pcm not found, waiting...
demo.pcm not found, waiting...
demo.pcm not found, waiting...
demo.pcm not found, waiting...
demo.pcm not found, waiting...
demo.pcm not found, waiting...
demo.pcm not found, waiting...
demo.pcm not found, waiting...
demo.pcm not found, waiting...
demo.pcm not found, waiting...
demo.pcm not found, waiting...
demo.pcm not found, waiting...
demo.pcm not found, waiting...
demo.pcm not found, waiting...
demo.pcm not found, waiting...
demo.pcm not found, waiting...
demo.pcm not found, waiting...
demo.pcm not found, waiting...
demo.pcm not found, waiting...
demo.pcm not found, waiting...
demo.pcm not found, waiting...
demo.pcm not found, waiting...
demo.pcm not found, waiting...
demo.pcm not found, waiting...
demo.pcm not found, waiting...
demo.pcm not found, waiting...
demo.pcm not found, waiting...
demo.pcm not found, waiting...
demo.pcm not found, waiting...
demo.pcm not found, waiting...
demo.pcm not found, waiting...
demo.pcm not found, waiting...
demo.pcm not found, waiting...
demo.pcm not found, waiting...
demo.pcm not found, waiting...
demo.pcm not found, waiting...
demo.pcm not found, waiting...
demo.pcm not found, waiting...
demo.pcm not found, waiting...
demo.pcm not found, waiting...
demo.pcm not found, waiting...
demo.pcm not found, waiting...
demo.pcm not found, waiting...
demo.pcm not found, waiting...
demo.pcm not found, waiting...
demo.pcm not found, waiting...
demo.pcm not found, waiting...
demo.pcm not found, waiting...
demo.pcm not found, waiting...
demo.pcm not found, waiting...
demo.pcm not found, waiting...
demo.pcm not found, waiting...
demo.pcm not found, waiting...
demo.pcm not found, waiting...
demo.pcm not found, waiting...
demo.pcm not found, waiting...
demo.pcm not found, waiting...
demo.pcm not found, waiting...
demo.pcm not found, waiting...
demo.pcm not found, waiting...
demo.pcm not found, waiting...
demo.pcm not found, waiting...
demo.pcm not found, waiting...
demo.pcm not found, waiting...
demo.pcm not found, waiting...
demo.pcm not found, waiting...
demo.pcm not found, waiting...
demo.pcm not found, waiting...
demo.pcm not found, waiting...
demo.pcm not found, waiting...
demo.pcm not found, waiting...
demo.pcm not found, waiting...
demo.pcm not found, waiting...
demo.pcm not found, waiting...
demo.pcm not found, waiting...
demo.pcm not found, waiting...
demo.pcm not found, waiting...
demo.pcm not found, waiting...
demo.pcm not found, waiting...
demo.pcm not found, waiting...
demo.pcm not found, waiting...
demo.pcm not found, waiting...
demo.pcm not found, waiting...
demo.pcm not found, waiting...
demo.pcm not found, waiting...
demo.pcm not found, waiting...
demo.pcm not found, waiting...
demo.pcm not found, waiting...
demo.pcm not found, waiting...
demo.pcm not found, waiting...
demo.pcm not found, waiting...
demo.pcm not found, waiting...
demo.pcm not found, waiting...
demo.pcm not found, waiting...
demo.pcm not found, waiting...
demo.pcm not found, waiting...
demo.pcm not found, waiting...
demo.pcm not found, waiting...
demo.pcm not found, waiting...
demo.pcm not found, waiting...
demo.pcm not found, waiting...
demo.pcm not found, waiting...
demo.pcm not found, waiting...
demo.pcm not found, waiting...
demo.pcm not found, waiting...
demo.pcm not found, waiting...
demo.pcm not found, waiting...
demo.pcm not found, waiting...
demo.pcm not found, waiting...
demo.pcm not found, waiting...
demo.pcm not found, waiting...
demo.pcm not found, waiting...
demo.pcm not found, waiting...
demo.pcm not found, waiting...
demo.pcm not found, waiting...
demo.pcm not found, waiting...
demo.pcm not found, waiting...
demo.pcm not found, waiting...
demo.pcm not found, waiting...
demo.pcm not found, waiting...
demo.pcm not found, waiting...
demo.pcm not found, waiting...
demo.pcm not found, waiting...
demo.pcm not found, waiting...
demo.pcm not found, waiting...
demo.pcm not found, waiting...
demo.pcm not found, waiting...
demo.pcm not found, waiting...
demo.pcm not found, waiting...
demo.pcm not found, waiting...
demo.pcm not found, waiting...
demo.pcm not found, waiting...
demo.pcm not found, waiting...
demo.pcm not found, waiting...
demo.pcm not found, waiting...
demo.pcm not found, waiting...
demo.pcm not found, waiting...
demo.pcm not found, waiting...
demo.pcm not found, waiting...
demo.pcm not found, waiting...
demo.pcm not found, waiting...
demo.pcm not found, waiting...
demo.pcm not found, waiting...
demo.pcm not found, waiting...
demo.pcm not found, waiting...
demo.pcm not found, waiting...
demo.pcm not found, waiting...
demo.pcm not found, waiting...
demo.pcm not found, waiting...
demo.pcm not found, waiting...
demo.pcm not found, waiting...
demo.pcm not found, waiting...
demo.pcm not found, waiting...
demo.pcm not found, waiting...
demo.pcm not found, waiting...
demo.pcm not found, waiting...
demo.pcm not found, waiting...
demo.pcm not found, waiting...
demo.pcm not found, waiting...
demo.pcm not found, waiting...
demo.pcm not found, waiting...
demo.pcm not found, waiting...
demo.pcm not found, waiting...
demo.pcm not found, waiting...
demo.pcm not found, waiting...
demo.pcm not found, waiting...
demo.pcm not found, waiting...
demo.pcm not found, waiting...
demo.pcm not found, waiting...
demo.pcm not found, waiting...
demo.pcm not found, waiting...
demo.pcm not found, waiting...
demo.pcm not found, waiting...
demo.pcm not found, waiting...
demo.pcm not found, waiting...
demo.pcm not found, waiting...
demo.pcm not found, waiting...
demo.pcm not found, waiting...
demo.pcm not found, waiting...
demo.pcm not found, waiting...
demo.pcm not found, waiting...
demo.pcm not found, waiting...
demo.pcm not found, waiting...
demo.pcm not found, waiting...
demo.pcm not found, waiting...
demo.pcm not found, waiting...
demo.pcm not found, waiting...
demo.pcm not found, waiting...
demo.pcm not found, waiting...
demo.pcm not found, waiting...
demo.pcm not found, waiting...
demo.pcm not found, waiting...
demo.pcm not found, waiting...
demo.pcm not found, waiting...
demo.pcm not found, waiting...
demo.pcm not found, waiting...
demo.pcm not found, waiting...
demo.pcm not found, waiting...
demo.pcm not found, waiting...
demo.pcm not found, waiting...
demo.pcm not found, waiting...
demo.pcm not found, waiting...
demo.pcm not found, waiting...
demo.pcm not found, waiting...
demo.pcm not found, waiting...
demo.pcm not found, waiting...
demo.pcm not found, waiting...
demo.pcm not found, waiting...
demo.pcm not found, waiting...
demo.pcm not found, waiting...
demo.pcm not found, waiting...
demo.pcm not found, waiting...
demo.pcm not found, waiting...
demo.pcm not found, waiting...
demo.pcm not found, waiting...
demo.pcm not found, waiting...
demo.pcm not found, waiting...
demo.pcm not found, waiting...
demo.pcm not found, waiting...
demo.pcm not found, waiting...
demo.pcm not found, waiting...
demo.pcm not found, waiting...
demo.pcm not found, waiting...
demo.pcm not found, waiting...
demo.pcm not found, waiting...
demo.pcm not found, waiting...
demo.pcm not found, waiting...
demo.pcm not found, waiting...
demo.pcm not found, waiting...
demo.pcm not found, waiting...
demo.pcm not found, waiting...
demo.pcm not found, waiting...
demo.pcm not found, waiting...
demo.pcm not found, waiting...
demo.pcm not found, waiting...
demo.pcm not found, waiting...
demo.pcm not found, waiting...
demo.pcm not found, waiting...
demo.pcm not found, waiting...
demo.pcm not found, waiting...
demo.pcm not found, waiting...
demo.pcm not found, waiting...
demo.pcm not found, waiting...
demo.pcm not found, waiting...
demo.pcm not found, waiting...
demo.pcm not found, waiting...
demo.pcm not found, waiting...
demo.pcm not found, waiting...
demo.pcm not found, waiting...
demo.pcm not found, waiting...
demo.pcm not found, waiting...
demo.pcm not found, waiting...
demo.pcm not found, waiting...
demo.pcm not found, waiting...
demo.pcm not found, waiting...
demo.pcm not found, waiting...
demo.pcm not found, waiting...
demo.pcm not found, waiting...
demo.pcm not found, waiting...
demo.pcm not found, waiting...
demo.pcm not found, waiting...
demo.pcm not found, waiting...
demo.pcm not found, waiting...
demo.pcm not found, waiting...
demo.pcm not found, waiting...
demo.pcm not found, waiting...
demo.pcm not found, waiting...
demo.pcm not found, waiting...
demo.pcm not found, waiting...
demo.pcm not found, waiting...
demo.pcm not found, waiting...
demo.pcm not found, waiting...
demo.pcm not found, waiting...
demo.pcm not found, waiting...
demo.pcm not found, waiting...
demo.pcm not found, waiting...
demo.pcm not found, waiting...
demo.pcm not found, waiting...
demo.pcm not found, waiting...
demo.pcm not found, waiting...
demo.pcm not found, waiting...
demo.pcm not found, waiting...
demo.pcm not found, waiting...
demo.pcm not found, waiting...
demo.pcm not found, waiting...
demo.pcm not found, waiting...
demo.pcm not found, waiting...
demo.pcm not found, waiting...
demo.pcm not found, waiting...
demo.pcm not found, waiting...
demo.pcm not found, waiting...
demo.pcm not found, waiting...
demo.pcm not found, waiting...
demo.pcm not found, waiting...
demo.pcm not found, waiting...
demo.pcm not found, waiting...
demo.pcm not found, waiting...
demo.pcm not found, waiting...
demo.pcm not found, waiting...
demo.pcm not found, waiting...
demo.pcm not found, waiting...
demo.pcm not found, waiting...
demo.pcm not found, waiting...
demo.pcm not found, waiting...
demo.pcm not found, waiting...
demo.pcm not found, waiting...
demo.pcm not found, waiting...
demo.pcm not found, waiting...
demo.pcm not found, waiting...
demo.pcm not found, waiting...
demo.pcm not found, waiting...
demo.pcm not found, waiting...
demo.pcm not found, waiting...
demo.pcm not found, waiting...
demo.pcm not found, waiting...
demo.pcm not found, waiting...
demo.pcm not found, waiting...
demo.pcm not found, waiting...
demo.pcm not found, waiting...
demo.pcm not found, waiting...
demo.pcm not found, waiting...
demo.pcm not found, waiting...
demo.pcm not found, waiting...
demo.pcm not found, waiting...
demo.pcm not found, waiting...
demo.pcm not found, waiting...
demo.pcm not found, waiting...
demo.pcm not found, waiting...
demo.pcm not found, waiting...
demo.pcm not found, waiting...
demo.pcm not found, waiting...
demo.pcm not found, waiting...
demo.pcm not found, waiting...
demo.pcm not found, waiting...
demo.pcm not found, waiting...
demo.pcm not found, waiting...
demo.pcm not found, waiting...
demo.pcm not found, waiting...
demo.pcm not found, waiting...
demo.pcm not found, waiting...
demo.pcm not found, waiting...
demo.pcm not found, waiting...
demo.pcm not found, waiting...
demo.pcm not found, waiting...
demo.pcm not found, waiting...
demo.pcm not found, waiting...
demo.pcm not found, waiting...
demo.pcm not found, waiting...
demo.pcm not found, waiting...
demo.pcm not found, waiting...
demo.pcm not found, waiting...
demo.pcm not found, waiting...
demo.pcm not found, waiting...
demo.pcm not found, waiting...
demo.pcm not found, waiting...
demo.pcm not found, waiting...
demo.pcm not found, waiting...
demo.pcm not found, waiting...
demo.pcm not found, waiting...
demo.pcm not found, waiting...
demo.pcm not found, waiting...
demo.pcm not found, waiting...
demo.pcm not found, waiting...
demo.pcm not found, waiting...
demo.pcm not found, waiting...
demo.pcm not found, waiting...
demo.pcm not found, waiting...
demo.pcm not found, waiting...
demo.pcm not found, waiting...
demo.pcm not found, waiting...
demo.pcm not found, waiting...
demo.pcm not found, waiting...
demo.pcm not found, waiting...
demo.pcm not found, waiting...
demo.pcm not found, waiting...
demo.pcm not found, waiting...
demo.pcm not found, waiting...
demo.pcm not found, waiting...
demo.pcm not found, waiting...
demo.pcm not found, waiting...
demo.pcm not found, waiting...
demo.pcm not found, waiting...
demo.pcm not found, waiting...
demo.pcm not found, waiting...
demo.pcm not found, waiting...
demo.pcm not found, waiting...
demo.pcm not found, waiting...
demo.pcm not found, waiting...
demo.pcm not found, waiting...
demo.pcm not found, waiting...
demo.pcm not found, waiting...
demo.pcm not found, waiting...
demo.pcm not found, waiting...
demo.pcm not found, waiting...
demo.pcm not found, waiting...
demo.pcm not found, waiting...
demo.pcm not found, waiting...
demo.pcm not found, waiting...
demo.pcm not found, waiting...
demo.pcm not found, waiting...
demo.pcm not found, waiting...
demo.pcm not found, waiting...
demo.pcm not found, waiting...
demo.pcm not found, waiting...
demo.pcm not found, waiting...
demo.pcm not found, waiting...
demo.pcm not found, waiting...
demo.pcm not found, waiting...
demo.pcm not found, waiting...
demo.pcm not found, waiting...
demo.pcm not found, waiting...
demo.pcm not found, waiting...
demo.pcm not found, waiting...
demo.pcm not found, waiting...
demo.pcm not found, waiting...
demo.pcm not found, waiting...
demo.pcm not found, waiting...
demo.pcm not found, waiting...
demo.pcm not found, waiting...
demo.pcm not found, waiting...
demo.pcm not found, waiting...
demo.pcm not found, waiting...
demo.pcm not found, waiting...
demo.pcm not found, waiting...
demo.pcm not found, waiting...
demo.pcm not found, waiting...
demo.pcm not found, waiting...
demo.pcm not found, waiting...
demo.pcm not found, waiting...
demo.pcm not found, waiting...
demo.pcm not found, waiting...
demo.pcm not found, waiting...
demo.pcm not found, waiting...
demo.pcm not found, waiting...
demo.pcm not found, waiting...
demo.pcm not found, waiting...
demo.pcm not found, waiting...
demo.pcm not found, waiting...
demo.pcm not found, waiting...
demo.pcm not found, waiting...
demo.pcm not found, waiting...
demo.pcm not found, waiting...
demo.pcm not found, waiting...
demo.pcm not found, waiting...
demo.pcm not found, waiting...
demo.pcm not found, waiting...
demo.pcm not found, waiting...
demo.pcm not found, waiting...
demo.pcm not found, waiting...
demo.pcm not found, waiting...
demo.pcm not found, waiting...
demo.pcm not found, waiting...
demo.pcm not found, waiting...
demo.pcm not found, waiting...
demo.pcm not found, waiting...
demo.pcm not found, waiting...
demo.pcm not found, waiting...
demo.pcm not found, waiting...
demo.pcm not found, waiting...
demo.pcm not found, waiting...
demo.pcm not found, waiting...
demo.pcm not found, waiting...
demo.pcm not found, waiting...
demo.pcm not found, waiting...
demo.pcm not found, waiting...
demo.pcm not found, waiting...
demo.pcm not found, waiting...
demo.pcm not found, waiting...
demo.pcm not found, waiting...
demo.pcm not found, waiting...
demo.pcm not found, waiting...
demo.pcm not found, waiting...
demo.pcm not found, waiting...
demo.pcm not found, waiting...
demo.pcm not found, waiting...
demo.pcm not found, waiting...
demo.pcm not found, waiting...
demo.pcm not found, waiting...
demo.pcm not found, waiting...
demo.pcm not found, waiting...
demo.pcm not found, waiting...
demo.pcm not found, waiting...
demo.pcm not found, waiting...
demo.pcm not found, waiting...
demo.pcm not found, waiting...
demo.pcm not found, waiting...
demo.pcm not found, waiting...
demo.pcm not found, waiting...
demo.pcm not found, waiting...
demo.pcm not found, waiting...
demo.pcm not found, waiting...
demo.pcm not found, waiting...
demo.pcm not found, waiting...
demo.pcm not found, waiting...
demo.pcm not found, waiting...
demo.pcm not found, waiting...
demo.pcm not found, waiting...
demo.pcm not found, waiting...
demo.pcm not found, waiting...
demo.pcm not found, waiting...
demo.pcm not found, waiting...
demo.pcm not found, waiting...
demo.pcm not found, waiting...
demo.pcm not found, waiting...
demo.pcm not found, waiting...
demo.pcm not found, waiting...
demo.pcm not found, waiting...
demo.pcm not found, waiting...
demo.pcm not found, waiting...
demo.pcm not found, waiting...
demo.pcm not found, waiting...
demo.pcm not found, waiting...
demo.pcm not found, waiting...
demo.pcm not found, waiting...
demo.pcm not found, waiting...
demo.pcm not found, waiting...
demo.pcm not found, waiting...
demo.pcm not found, waiting...
demo.pcm not found, waiting...
demo.pcm not found, waiting...
demo.pcm not found, waiting...
demo.pcm not found, waiting...
demo.pcm not found, waiting...
demo.pcm not found, waiting...
demo.pcm not found, waiting...
demo.pcm not found, waiting...
demo.pcm not found, waiting...
demo.pcm not found, waiting...
demo.pcm not found, waiting...
demo.pcm not found, waiting...
demo.pcm not found, waiting...
demo.pcm not found, waiting...
demo.pcm not found, waiting...
demo.pcm not found, waiting...
demo.pcm not found, waiting...
demo.pcm not found, waiting...
demo.pcm not found, waiting...
demo.pcm not found, waiting...
demo.pcm not found, waiting...
demo.pcm not found, waiting...
demo.pcm not found, waiting...
demo.pcm not found, waiting...
demo.pcm not found, waiting...
demo.pcm not found, waiting...
demo.pcm not found, waiting...
demo.pcm not found, waiting...
demo.pcm not found, waiting...
demo.pcm not found, waiting...
demo.pcm not found, waiting...
demo.pcm not found, waiting...
demo.pcm not found, waiting...
demo.pcm not found, waiting...
demo.pcm not found, waiting...
demo.pcm not found, waiting...
demo.pcm not found, waiting...
demo.pcm not found, waiting...
demo.pcm not found, waiting...
demo.pcm not found, waiting...
demo.pcm not found, waiting...
demo.pcm not found, waiting...
demo.pcm not found, waiting...
demo.pcm not found, waiting...
demo.pcm not found, waiting...
demo.pcm not found, waiting...
demo.pcm not found, waiting...
demo.pcm not found, waiting...
demo.pcm not found, waiting...
demo.pcm not found, waiting...
demo.pcm not found, waiting...
demo.pcm not found, waiting...
demo.pcm not found, waiting...
demo.pcm not found, waiting...
demo.pcm not found, waiting...
demo.pcm not found, waiting...
demo.pcm not found, waiting...
demo.pcm not found, waiting...
demo.pcm not found, waiting...
demo.pcm not found, waiting...
demo.pcm not found, waiting...
demo.pcm not found, waiting...
demo.pcm not found, waiting...
demo.pcm not found, waiting...
demo.pcm not found, waiting...
demo.pcm not found, waiting...
demo.pcm not found, waiting...
demo.pcm not found, waiting...
demo.pcm not found, waiting...
demo.pcm not found, waiting...
demo.pcm not found, waiting...
demo.pcm not found, waiting...
demo.pcm not found, waiting...
demo.pcm not found, waiting...
demo.pcm not found, waiting...
demo.pcm not found, waiting...
demo.pcm not found, waiting...
demo.pcm not found, waiting...
demo.pcm not found, waiting...
demo.pcm not found, waiting...
demo.pcm not found, waiting...
demo.pcm not found, waiting...
demo.pcm not found, waiting...
demo.pcm not found, waiting...
demo.pcm not found, waiting...
demo.pcm not found, waiting...
demo.pcm not found, waiting...
demo.pcm not found, waiting...
demo.pcm not found, waiting...
demo.pcm not found, waiting...
demo.pcm not found, waiting...
demo.pcm not found, waiting...
demo.pcm not found, waiting...
demo.pcm not found, waiting...
demo.pcm not found, waiting...
demo.pcm not found, waiting...
demo.pcm not found, waiting...
demo.pcm not found, waiting...
demo.pcm not found, waiting...
demo.pcm not found, waiting...
demo.pcm not found, waiting...
demo.pcm not found, waiting...
demo.pcm not found, waiting...
demo.pcm not found, waiting...
demo.pcm not found, waiting...
demo.pcm not found, waiting...
demo.pcm not found, waiting...
demo.pcm not found, waiting...
demo.pcm not found, waiting...
demo.pcm not found, waiting...
demo.pcm not found, waiting...
demo.pcm not found, waiting...
demo.pcm not found, waiting...
demo.pcm not found, waiting...
demo.pcm not found, waiting...
demo.pcm not found, waiting...
demo.pcm not found, waiting...
demo.pcm not found, waiting...
demo.pcm not found, waiting...
demo.pcm not found, waiting...
demo.pcm not found, waiting...
demo.pcm not found, waiting...
demo.pcm not found, waiting...
demo.pcm not found, waiting...
demo.pcm not found, waiting...
demo.pcm not found, waiting...
demo.pcm not found, waiting...
demo.pcm not found, waiting...
demo.pcm not found, waiting...
demo.pcm not found, waiting...
demo.pcm not found, waiting...
demo.pcm not found, waiting...
demo.pcm not found, waiting...
demo.pcm not found, waiting...
demo.pcm not found, waiting...
demo.pcm not found, waiting...
demo.pcm not found, waiting...
demo.pcm not found, waiting...
demo.pcm not found, waiting...
demo.pcm not found, waiting...
demo.pcm not found, waiting...
demo.pcm not found, waiting...
demo.pcm not found, waiting...
demo.pcm not found, waiting...
demo.pcm not found, waiting...
demo.pcm not found, waiting...
demo.pcm not found, waiting...
demo.pcm not found, waiting...
demo.pcm not found, waiting...
demo.pcm not found, waiting...
demo.pcm not found, waiting...
demo.pcm not found, waiting...
demo.pcm not found, waiting...
demo.pcm not found, waiting...
demo.pcm not found, waiting...
demo.pcm not found, waiting...
demo.pcm not found, waiting...
demo.pcm not found, waiting...
demo.pcm not found, waiting...
demo.pcm not found, waiting...
demo.pcm not found, waiting...
demo.pcm not found, waiting...
demo.pcm not found, waiting...
demo.pcm not found, waiting...
demo.pcm not found, waiting...
demo.pcm not found, waiting...
demo.pcm not found, waiting...
demo.pcm not found, waiting...
demo.pcm not found, waiting...
demo.pcm not found, waiting...
demo.pcm not found, waiting...
demo.pcm not found, waiting...
demo.pcm not found, waiting...
demo.pcm not found, waiting...
demo.pcm not found, waiting...
demo.pcm not found, waiting...
demo.pcm not found, waiting...
demo.pcm not found, waiting...
demo.pcm not found, waiting...
demo.pcm not found, waiting...
demo.pcm not found, waiting...
demo.pcm not found, waiting...
demo.pcm not found, waiting...
demo.pcm not found, waiting...
demo.pcm not found, waiting...
demo.pcm not found, waiting...
demo.pcm not found, waiting...
demo.pcm not found, waiting...
demo.pcm not found, waiting...
demo.pcm not found, waiting...
demo.pcm not found, waiting...
demo.pcm not found, waiting...
demo.pcm not found, waiting...
demo.pcm not found, waiting...
demo.pcm not found, waiting...
demo.pcm not found, waiting...
demo.pcm not found, waiting...
demo.pcm not found, waiting...
demo.pcm not found, waiting...
demo.pcm not found, waiting...
demo.pcm not found, waiting...
demo.pcm not found, waiting...
demo.pcm not found, waiting...
demo.pcm not found, waiting...
demo.pcm not found, waiting...
demo.pcm not found, waiting...
demo.pcm not found, waiting...
demo.pcm not found, waiting...
demo.pcm not found, waiting...
demo.pcm not found, waiting...
demo.pcm not found, waiting...
demo.pcm not found, waiting...
demo.pcm not found, waiting...
demo.pcm not found, waiting...
demo.pcm not found, waiting...
demo.pcm not found, waiting...
demo.pcm not found, waiting...
demo.pcm not found, waiting...
demo.pcm not found, waiting...
demo.pcm not found, waiting...
demo.pcm not found, waiting...
demo.pcm not found, waiting...
demo.pcm not found, waiting...
demo.pcm not found, waiting...
demo.pcm not found, waiting...
demo.pcm not found, waiting...
demo.pcm not found, waiting...
demo.pcm not found, waiting...
demo.pcm not found, waiting...
demo.pcm not found, waiting...
demo.pcm not found, waiting...
demo.pcm not found, waiting...
demo.pcm not found, waiting...
demo.pcm not found, waiting...
demo.pcm not found, waiting...
demo.pcm not found, waiting...
demo.pcm not found, waiting...
demo.pcm not found, waiting...
demo.pcm not found, waiting...
demo.pcm not found, waiting...
demo.pcm not found, waiting...
demo.pcm not found, waiting...
demo.pcm not found, waiting...
demo.pcm not found, waiting...
demo.pcm not found, waiting...
demo.pcm not found, waiting...
demo.pcm not found, waiting...
demo.pcm not found, waiting...
demo.pcm not found, waiting...
demo.pcm not found, waiting...
demo.pcm not found, waiting...
demo.pcm not found, waiting...
demo.pcm not found, waiting...
demo.pcm not found, waiting...
demo.pcm not found, waiting...
demo.pcm not found, waiting...
demo.pcm not found, waiting...
demo.pcm not found, waiting...
demo.pcm not found, waiting...
demo.pcm not found, waiting...
demo.pcm not found, waiting...
demo.pcm not found, waiting...
demo.pcm not found, waiting...
demo.pcm not found, waiting...
demo.pcm not found, waiting...
demo.pcm not found, waiting...
demo.pcm not found, waiting...
demo.pcm not found, waiting...
demo.pcm not found, waiting...
demo.pcm not found, waiting...
demo.pcm not found, waiting...
demo.pcm not found, waiting...
demo.pcm not found, waiting...
demo.pcm not found, waiting...
demo.pcm not found, waiting...
demo.pcm not found, waiting...
demo.pcm not found, waiting...
demo.pcm not found, waiting...
demo.pcm not found, waiting...
demo.pcm not found, waiting...
demo.pcm not found, waiting...
demo.pcm not found, waiting...
demo.pcm not found, waiting...
demo.pcm not found, waiting...
demo.pcm not found, waiting...
demo.pcm not found, waiting...
demo.pcm not found, waiting...
demo.pcm not found, waiting...
demo.pcm not found, waiting...
demo.pcm not found, waiting...
demo.pcm not found, waiting...
demo.pcm not found, waiting...
demo.pcm not found, waiting...
demo.pcm not found, waiting...
demo.pcm not found, waiting...
demo.pcm not found, waiting...
demo.pcm not found, waiting...
demo.pcm not found, waiting...
demo.pcm not found, waiting...
demo.pcm not found, waiting...
demo.pcm not found, waiting...
demo.pcm not found, waiting...
demo.pcm not found, waiting...
demo.pcm not found, waiting...
demo.pcm not found, waiting...
demo.pcm not found, waiting...
demo.pcm not found, waiting...
demo.pcm not found, waiting...
demo.pcm not found, waiting...
demo.pcm not found, waiting...
demo.pcm not found, waiting...
demo.pcm not found, waiting...
demo.pcm not found, waiting...
demo.pcm not found, waiting...
demo.pcm not found, waiting...
demo.pcm not found, waiting...
demo.pcm not found, waiting...
demo.pcm not found, waiting...
demo.pcm not found, waiting...
demo.pcm not found, waiting...
demo.pcm not found, waiting...
demo.pcm not found, waiting...
demo.pcm not found, waiting...
demo.pcm not found, waiting...
demo.pcm not found, waiting...
demo.pcm not found, waiting...
demo.pcm not found, waiting...
demo.pcm not found, waiting...
demo.pcm not found, waiting...
demo.pcm not found, waiting...
demo.pcm not found, waiting...
demo.pcm not found, waiting...
demo.pcm not found, waiting...
demo.pcm not found, waiting...
demo.pcm not found, waiting...
demo.pcm not found, waiting...
demo.pcm not found, waiting...
demo.pcm not found, waiting...
demo.pcm not found, waiting...
demo.pcm not found, waiting...
demo.pcm not found, waiting...
demo.pcm not found, waiting...
demo.pcm not found, waiting...
demo.pcm not found, waiting...
demo.pcm not found, waiting...
demo.pcm not found, waiting...
demo.pcm not found, waiting...
demo.pcm not found, waiting...
demo.pcm not found, waiting...
demo.pcm not found, waiting...
demo.pcm not found, waiting...
demo.pcm not found, waiting...
demo.pcm not found, waiting...
demo.pcm not found, waiting...
demo.pcm not found, waiting...
demo.pcm not found, waiting...
demo.pcm not found, waiting...
demo.pcm not found, waiting...
demo.pcm not found, waiting...
demo.pcm not found, waiting...
demo.pcm not found, waiting...
demo.pcm not found, waiting...
demo.pcm not found, waiting...
demo.pcm not found, waiting...
demo.pcm not found, waiting...
demo.pcm not found, waiting...
demo.pcm not found, waiting...
demo.pcm not found, waiting...
demo.pcm not found, waiting...
demo.pcm not found, waiting...
demo.pcm not found, waiting...
demo.pcm not found, waiting...
demo.pcm not found, waiting...
demo.pcm not found, waiting...
demo.pcm not found, waiting...
demo.pcm not found, waiting...
demo.pcm not found, waiting...
demo.pcm not found, waiting...
demo.pcm not found, waiting...
demo.pcm not found, waiting...
demo.pcm not found, waiting...
demo.pcm not found, waiting...
demo.pcm not found, waiting...
demo.pcm not found, waiting...
demo.pcm not found, waiting...
demo.pcm not found, waiting...
demo.pcm not found, waiting...
demo.pcm not found, waiting...
demo.pcm not found, waiting...
demo.pcm not found, waiting...
demo.pcm not found, waiting...
demo.pcm not found, waiting...
demo.pcm not found, waiting...
demo.pcm not found, waiting...
demo.pcm not found, waiting...
demo.pcm not found, waiting...
demo.pcm not found, waiting...
demo.pcm not found, waiting...
demo.pcm not found, waiting...
demo.pcm not found, waiting...
demo.pcm not found, waiting...
demo.pcm not found, waiting...
demo.pcm not found, waiting...
demo.pcm not found, waiting...
demo.pcm not found, waiting...
demo.pcm not found, waiting...
demo.pcm not found, waiting...
demo.pcm not found, waiting...
demo.pcm not found, waiting...
demo.pcm not found, waiting...
demo.pcm not found, waiting...
demo.pcm not found, waiting...
demo.pcm not found, waiting...
demo.pcm not found, waiting...
demo.pcm not found, waiting...
demo.pcm not found, waiting...
demo.pcm not found, waiting...
demo.pcm not found, waiting...
demo.pcm not found, waiting...
demo.pcm not found, waiting...
demo.pcm not found, waiting...
demo.pcm not found, waiting...
demo.pcm not found, waiting...
demo.pcm not found, waiting...
demo.pcm not found, waiting...
demo.pcm not found, waiting...
demo.pcm not found, waiting...
demo.pcm not found, waiting...
demo.pcm not found, waiting...
demo.pcm not found, waiting...
demo.pcm not found, waiting...
demo.pcm not found, waiting...
demo.pcm not found, waiting...
demo.pcm not found, waiting...
demo.pcm not found, waiting...
demo.pcm not found, waiting...
demo.pcm not found, waiting...
demo.pcm not found, waiting...
demo.pcm not found, waiting...
demo.pcm not found, waiting...
demo.pcm not found, waiting...
demo.pcm not found, waiting...
demo.pcm not found, waiting...
demo.pcm not found, waiting...
demo.pcm not found, waiting...
demo.pcm not found, waiting...
demo.pcm not found, waiting...
demo.pcm not found, waiting...
demo.pcm not found, waiting...
demo.pcm not found, waiting...
demo.pcm not found, waiting...
demo.pcm not found, waiting...
demo.pcm not found, waiting...
demo.pcm not found, waiting...
demo.pcm not found, waiting...
demo.pcm not found, waiting...
demo.pcm not found, waiting...
demo.pcm not found, waiting...
demo.pcm not found, waiting...
demo.pcm not found, waiting...
demo.pcm not found, waiting...
demo.pcm not found, waiting...
demo.pcm not found, waiting...
demo.pcm not found, waiting...
demo.pcm not found, waiting...
demo.pcm not found, waiting...
demo.pcm not found, waiting...
demo.pcm not found, waiting...
demo.pcm not found, waiting...
demo.pcm not found, waiting...
demo.pcm not found, waiting...
demo.pcm not found, waiting...
demo.pcm not found, waiting...
demo.pcm not found, waiting...
demo.pcm not found, waiting...
demo.pcm not found, waiting...
demo.pcm not found, waiting...
demo.pcm not found, waiting...
demo.pcm not found, waiting...
demo.pcm not found, waiting...
demo.pcm not found, waiting...
demo.pcm not found, waiting...
demo.pcm not found, waiting...
demo.pcm not found, waiting...
demo.pcm not found, waiting...
demo.pcm not found, waiting...
demo.pcm not found, waiting...
demo.pcm not found, waiting...
demo.pcm not found, waiting...
demo.pcm not found, waiting...
demo.pcm not found, waiting...
demo.pcm not found, waiting...
demo.pcm not found, waiting...
demo.pcm not found, waiting...
demo.pcm not found, waiting...
demo.pcm not found, waiting...
demo.pcm not found, waiting...
demo.pcm not found, waiting...
demo.pcm not found, waiting...
demo.pcm not found, waiting...
demo.pcm not found, waiting...
demo.pcm not found, waiting...
demo.pcm not found, waiting...
demo.pcm not found, waiting...
demo.pcm not found, waiting...
demo.pcm not found, waiting...
demo.pcm not found, waiting...
demo.pcm not found, waiting...
demo.pcm not found, waiting...
demo.pcm not found, waiting...
demo.pcm not found, waiting...
demo.pcm not found, waiting...
demo.pcm not found, waiting...
demo.pcm not found, waiting...
demo.pcm not found, waiting...
demo.pcm not found, waiting...
demo.pcm not found, waiting...
demo.pcm not found, waiting...
demo.pcm not found, waiting...
demo.pcm not found, waiting...
demo.pcm not found, waiting...
demo.pcm not found, waiting...
demo.pcm not found, waiting...
demo.pcm not found, waiting...
demo.pcm not found, waiting...
demo.pcm not found, waiting...
demo.pcm not found, waiting...
demo.pcm not found, waiting...
demo.pcm not found, waiting...
demo.pcm not found, waiting...
demo.pcm not found, waiting...
demo.pcm not found, waiting...
demo.pcm not found, waiting...
demo.pcm not found, waiting...
demo.pcm not found, waiting...
demo.pcm not found, waiting...
demo.pcm not found, waiting...
demo.pcm not found, waiting...
demo.pcm not found, waiting...
demo.pcm not found, waiting...
demo.pcm not found, waiting...
demo.pcm not found, waiting...
demo.pcm not found, waiting...
demo.pcm not found, waiting...
demo.pcm not found, waiting...
demo.pcm not found, waiting...
demo.pcm not found, waiting...
demo.pcm not found, waiting...
demo.pcm not found, waiting...
demo.pcm not found, waiting...
demo.pcm not found, waiting...
demo.pcm not found, waiting...
demo.pcm not found, waiting...
demo.pcm not found, waiting...
demo.pcm not found, waiting...
demo.pcm not found, waiting...
demo.pcm not found, waiting...
demo.pcm not found, waiting...
demo.pcm not found, waiting...
demo.pcm not found, waiting...
demo.pcm not found, waiting...
demo.pcm not found, waiting...
demo.pcm not found, waiting...
demo.pcm not found, waiting...
demo.pcm not found, waiting...
demo.pcm not found, waiting...
demo.pcm not found, waiting...
demo.pcm not found, waiting...
demo.pcm not found, waiting...
demo.pcm not found, waiting...
demo.pcm not found, waiting...
demo.pcm not found, waiting...
demo.pcm not found, waiting...
demo.pcm not found, waiting...
demo.pcm not found, waiting...
demo.pcm not found, waiting...
demo.pcm not found, waiting...
demo.pcm not found, waiting...
demo.pcm not found, waiting...
demo.pcm not found, waiting...
demo.pcm not found, waiting...
demo.pcm not found, waiting...
demo.pcm not found, waiting...
demo.pcm not found, waiting...
demo.pcm not found, waiting...
demo.pcm not found, waiting...
demo.pcm not found, waiting...
demo.pcm not found, waiting...
demo.pcm not found, waiting...
demo.pcm not found, waiting...
demo.pcm not found, waiting...
demo.pcm not found, waiting...
demo.pcm not found, waiting...
demo.pcm not found, waiting...
demo.pcm not found, waiting...
demo.pcm not found, waiting...
demo.pcm not found, waiting...
demo.pcm not found, waiting...
demo.pcm not found, waiting...
demo.pcm not found, waiting...
demo.pcm not found, waiting...
demo.pcm not found, waiting...
demo.pcm not found, waiting...
demo.pcm not found, waiting...
demo.pcm not found, waiting...
demo.pcm not found, waiting...
demo.pcm not found, waiting...
demo.pcm not found, waiting...
demo.pcm not found, waiting...
demo.pcm not found, waiting...
demo.pcm not found, waiting...
demo.pcm not found, waiting...
demo.pcm not found, waiting...
demo.pcm not found, waiting...
demo.pcm not found, waiting...
demo.pcm not found, waiting...
demo.pcm not found, waiting...
demo.pcm not found, waiting...
demo.pcm not found, waiting...
demo.pcm not found, waiting...
demo.pcm not found, waiting...
demo.pcm not found, waiting...
demo.pcm not found, waiting...
demo.pcm not found, waiting...
demo.pcm not found, waiting...
demo.pcm not found, waiting...
demo.pcm not found, waiting...
demo.pcm not found, waiting...
demo.pcm not found, waiting...
demo.pcm not found, waiting...
demo.pcm not found, waiting...
demo.pcm not found, waiting...
demo.pcm not found, waiting...
demo.pcm not found, waiting...
demo.pcm not found, waiting...
demo.pcm not found, waiting...
demo.pcm not found, waiting...
demo.pcm not found, waiting...
demo.pcm not found, waiting...
demo.pcm not found, waiting...
demo.pcm not found, waiting...
demo.pcm not found, waiting...
demo.pcm not found, waiting...
demo.pcm not found, waiting...
demo.pcm not found, waiting...
demo.pcm not found, waiting...
demo.pcm not found, waiting...
demo.pcm not found, waiting...
demo.pcm not found, waiting...
demo.pcm not found, waiting...
demo.pcm not found, waiting...
demo.pcm not found, waiting...
demo.pcm not found, waiting...
demo.pcm not found, waiting...
demo.pcm not found, waiting...
demo.pcm not found, waiting...
demo.pcm not found, waiting...
demo.pcm not found, waiting...
demo.pcm not found, waiting...
demo.pcm not found, waiting...
demo.pcm not found, waiting...
demo.pcm not found, waiting...
demo.pcm not found, waiting...
demo.pcm not found, waiting...
demo.pcm not found, waiting...
demo.pcm not found, waiting...
demo.pcm not found, waiting...
demo.pcm not found, waiting...
demo.pcm not found, waiting...
demo.pcm not found, waiting...
demo.pcm not found, waiting...
demo.pcm not found, waiting...
demo.pcm not found, waiting...
demo.pcm not found, waiting...
demo.pcm not found, waiting...
demo.pcm not found, waiting...
demo.pcm not found, waiting...
demo.pcm not found, waiting...
demo.pcm not found, waiting...
demo.pcm not found, waiting...
demo.pcm not found, waiting...
demo.pcm not found, waiting...
demo.pcm not found, waiting...
demo.pcm not found, waiting...
demo.pcm not found, waiting...
demo.pcm not found, waiting...
demo.pcm not found, waiting...
demo.pcm not found, waiting...
demo.pcm not found, waiting...
demo.pcm not found, waiting...
demo.pcm not found, waiting...
demo.pcm not found, waiting...
demo.pcm not found, waiting...
demo.pcm not found, waiting...
demo.pcm not found, waiting...
demo.pcm not found, waiting...
demo.pcm not found, waiting...
demo.pcm not found, waiting...
demo.pcm not found, waiting...
demo.pcm not found, waiting...
demo.pcm not found, waiting...
demo.pcm not found, waiting...
demo.pcm not found, waiting...
demo.pcm not found, waiting...
demo.pcm not found, waiting...
demo.pcm not found, waiting...
demo.pcm not found, waiting...
demo.pcm not found, waiting...
demo.pcm not found, waiting...
demo.pcm not found, waiting...
demo.pcm not found, waiting...
demo.pcm not found, waiting...
demo.pcm not found, waiting...
demo.pcm not found, waiting...
demo.pcm not found, waiting...
demo.pcm not found, waiting...
demo.pcm not found, waiting...
demo.pcm not found, waiting...
demo.pcm not found, waiting...
demo.pcm not found, waiting...
demo.pcm not found, waiting...
demo.pcm not found, waiting...
demo.pcm not found, waiting...
demo.pcm not found, waiting...
demo.pcm not found, waiting...
demo.pcm not found, waiting...
demo.pcm not found, waiting...
demo.pcm not found, waiting...
demo.pcm not found, waiting...
demo.pcm not found, waiting...
demo.pcm not found, waiting...
demo.pcm not found, waiting...
demo.pcm not found, waiting...
demo.pcm not found, waiting...
demo.pcm not found, waiting...
demo.pcm not found, waiting...
demo.pcm not found, waiting...
demo.pcm not found, waiting...
demo.pcm not found, waiting...
demo.pcm not found, waiting...
demo.pcm not found, waiting...
demo.pcm not found, waiting...
demo.pcm not found, waiting...
demo.pcm not found, waiting...
demo.pcm not found, waiting...
demo.pcm not found, waiting...
demo.pcm not found, waiting...
demo.pcm not found, waiting...
demo.pcm not found, waiting...
demo.pcm not found, waiting...
demo.pcm not found, waiting...
demo.pcm not found, waiting...
demo.pcm not found, waiting...
demo.pcm not found, waiting...
demo.pcm not found, waiting...
demo.pcm not found, waiting...
demo.pcm not found, waiting...
demo.pcm not found, waiting...
demo.pcm not found, waiting...
demo.pcm not found, waiting...
demo.pcm not found, waiting...
demo.pcm not found, waiting...
demo.pcm not found, waiting...
demo.pcm not found, waiting...
demo.pcm not found, waiting...
demo.pcm not found, waiting...
demo.pcm not found, waiting...
demo.pcm not found, waiting...
demo.pcm not found, waiting...
demo.pcm not found, waiting...
demo.pcm not found, waiting...
demo.pcm not found, waiting...
demo.pcm not found, waiting...
demo.pcm not found, waiting...
demo.pcm not found, waiting...
demo.pcm not found, waiting...
demo.pcm not found, waiting...
demo.pcm not found, waiting...
demo.pcm not found, waiting...
demo.pcm not found, waiting...
demo.pcm not found, waiting...
demo.pcm not found, waiting...
demo.pcm not found, waiting...
demo.pcm not found, waiting...
demo.pcm not found, waiting...
demo.pcm not found, waiting...
demo.pcm not found, waiting...
demo.pcm not found, waiting...
demo.pcm not found, waiting...
demo.pcm not found, waiting...
demo.pcm not found, waiting...
demo.pcm not found, waiting...
demo.pcm not found, waiting...
demo.pcm not found, waiting...
demo.pcm not found, waiting...
demo.pcm not found, waiting...
demo.pcm not found, waiting...
demo.pcm not found, waiting...
demo.pcm not found, waiting...
demo.pcm not found, waiting...
demo.pcm not found, waiting...
demo.pcm not found, waiting...
demo.pcm not found, waiting...
demo.pcm not found, waiting...
demo.pcm not found, waiting...
demo.pcm not found, waiting...
demo.pcm not found, waiting...
demo.pcm not found, waiting...
demo.pcm not found, waiting...
demo.pcm not found, waiting...
demo.pcm not found, waiting...
demo.pcm not found, waiting...
demo.pcm not found, waiting...
demo.pcm not found, waiting...
demo.pcm not found, waiting...
demo.pcm not found, waiting...
demo.pcm not found, waiting...
demo.pcm not found, waiting...
demo.pcm not found, waiting...
demo.pcm not found, waiting...
demo.pcm not found, waiting...
demo.pcm not found, waiting...
demo.pcm not found, waiting...
demo.pcm not found, waiting...
demo.pcm not found, waiting...
demo.pcm not found, waiting...
demo.pcm not found, waiting...
demo.pcm not found, waiting...
demo.pcm not found, waiting...
demo.pcm not found, waiting...
demo.pcm not found, waiting...
demo.pcm not found, waiting...
demo.pcm not found, waiting...
demo.pcm not found, waiting...
demo.pcm not found, waiting...
demo.pcm not found, waiting...
demo.pcm not found, waiting...
demo.pcm not found, waiting...
demo.pcm not found, waiting...
demo.pcm not found, waiting...
demo.pcm not found, waiting...
demo.pcm not found, waiting...
demo.pcm not found, waiting...
demo.pcm not found, waiting...
demo.pcm not found, waiting...
demo.pcm not found, waiting...
demo.pcm not found, waiting...
demo.pcm not found, waiting...
demo.pcm not found, waiting...
demo.pcm not found, waiting...
demo.pcm not found, waiting...
demo.pcm not found, waiting...
demo.pcm not found, waiting...
demo.pcm not found, waiting...
demo.pcm not found, waiting...
demo.pcm not found, waiting...
demo.pcm not found, waiting...
demo.pcm not found, waiting...
demo.pcm not found, waiting...
demo.pcm not found, waiting...
demo.pcm not found, waiting...
demo.pcm not found, waiting...
demo.pcm not found, waiting...
demo.pcm not found, waiting...
demo.pcm not found, waiting...
demo.pcm not found, waiting...
demo.pcm not found, waiting...
demo.pcm not found, waiting...
demo.pcm not found, waiting...
demo.pcm not found, waiting...
demo.pcm not found, waiting...
demo.pcm not found, waiting...
demo.pcm not found, waiting...
demo.pcm not found, waiting...
demo.pcm not found, waiting...
demo.pcm not found, waiting...
demo.pcm not found, waiting...
demo.pcm not found, waiting...
demo.pcm not found, waiting...
demo.pcm not found, waiting...
demo.pcm not found, waiting...
demo.pcm not found, waiting...
demo.pcm not found, waiting...
demo.pcm not found, waiting...
demo.pcm not found, waiting...
demo.pcm not found, waiting...
demo.pcm not found, waiting...
demo.pcm not found, waiting...
demo.pcm not found, waiting...
demo.pcm not found, waiting...
demo.pcm not found, waiting...
demo.pcm not found, waiting...
demo.pcm not found, waiting...
demo.pcm not found, waiting...
demo.pcm not found, waiting...
demo.pcm not found, waiting...
demo.pcm not found, waiting...
demo.pcm not found, waiting...
demo.pcm not found, waiting...
demo.pcm not found, waiting...
demo.pcm not found, waiting...
demo.pcm not found, waiting...
demo.pcm not found, waiting...
demo.pcm not found, waiting...
demo.pcm not found, waiting...
demo.pcm not found, waiting...
demo.pcm not found, waiting...
demo.pcm not found, waiting...
demo.pcm not found, waiting...
demo.pcm not found, waiting...
demo.pcm not found, waiting...
demo.pcm not found, waiting...
demo.pcm not found, waiting...
demo.pcm not found, waiting...
demo.pcm not found, waiting...
demo.pcm not found, waiting...
demo.pcm not found, waiting...
demo.pcm not found, waiting...
demo.pcm not found, waiting...
demo.pcm not found, waiting...
demo.pcm not found, waiting...
demo.pcm not found, waiting...
demo.pcm not found, waiting...
demo.pcm not found, waiting...
demo.pcm not found, waiting...
demo.pcm not found, waiting...
demo.pcm not found, waiting...
demo.pcm not found, waiting...
demo.pcm not found, waiting...
demo.pcm not found, waiting...
demo.pcm not found, waiting...
demo.pcm not found, waiting...
demo.pcm not found, waiting...
demo.pcm not found, waiting...
demo.pcm not found, waiting...
demo.pcm not found, waiting...
demo.pcm not found, waiting...
demo.pcm not found, waiting...
demo.pcm not found, waiting...
demo.pcm not found, waiting...
demo.pcm not found, waiting...
demo.pcm not found, waiting...
demo.pcm not found, waiting...
demo.pcm not found, waiting...
demo.pcm not found, waiting...
demo.pcm not found, waiting...
demo.pcm not found, waiting...
demo.pcm not found, waiting...
demo.pcm not found, waiting...
demo.pcm not found, waiting...
demo.pcm not found, waiting...
demo.pcm not found, waiting...
demo.pcm not found, waiting...
demo.pcm not found, waiting...
demo.pcm not found, waiting...
demo.pcm not found, waiting...
demo.pcm not found, waiting...
demo.pcm not found, waiting...
demo.pcm not found, waiting...
demo.pcm not found, waiting...
demo.pcm not found, waiting...
demo.pcm not found, waiting...
demo.pcm not found, waiting...
demo.pcm not found, waiting...
demo.pcm not found, waiting...
demo.pcm not found, waiting...
demo.pcm not found, waiting...
demo.pcm not found, waiting...
demo.pcm not found, waiting...
demo.pcm not found, waiting...
demo.pcm not found, waiting...
demo.pcm not found, waiting...
demo.pcm not found, waiting...
demo.pcm not found, waiting...
demo.pcm not found, waiting...
demo.pcm not found, waiting...
demo.pcm not found, waiting...
demo.pcm not found, waiting...
demo.pcm not found, waiting...
demo.pcm not found, waiting...
demo.pcm not found, waiting...
demo.pcm not found, waiting...
demo.pcm not found, waiting...
demo.pcm not found, waiting...
demo.pcm not found, waiting...
demo.pcm not found, waiting...
demo.pcm not found, waiting...
demo.pcm not found, waiting...
demo.pcm not found, waiting...
demo.pcm not found, waiting...
demo.pcm not found, waiting...
demo.pcm not found, waiting...
demo.pcm not found, waiting...
demo.pcm not found, waiting...
demo.pcm not found, waiting...
demo.pcm not found, waiting...
demo.pcm not found, waiting...
demo.pcm not found, waiting...
demo.pcm not found, waiting...
demo.pcm not found, waiting...
demo.pcm not found, waiting...
demo.pcm not found, waiting...
demo.pcm not found, waiting...
demo.pcm not found, waiting...
demo.pcm not found, waiting...
demo.pcm not found, waiting...
demo.pcm not found, waiting...
demo.pcm not found, waiting...
demo.pcm not found, waiting...
demo.pcm not found, waiting...
demo.pcm not found, waiting...
demo.pcm not found, waiting...
demo.pcm not found, waiting...
demo.pcm not found, waiting...
demo.pcm not found, waiting...
demo.pcm not found, waiting...
demo.pcm not found, waiting...
demo.pcm not found, waiting...
demo.pcm not found, waiting...
demo.pcm not found, waiting...
demo.pcm not found, waiting...
demo.pcm not found, waiting...
demo.pcm not found, waiting...
demo.pcm not found, waiting...
demo.pcm not found, waiting...
demo.pcm not found, waiting...
demo.pcm not found, waiting...
demo.pcm not found, waiting...
demo.pcm not found, waiting...
demo.pcm not found, waiting...
demo.pcm not found, waiting...
demo.pcm not found, waiting...
demo.pcm not found, waiting...
demo.pcm not found, waiting...
demo.pcm not found, waiting...
demo.pcm not found, waiting...
demo.pcm not found, waiting...
demo.pcm not found, waiting...
demo.pcm not found, waiting...
demo.pcm not found, waiting...
demo.pcm not found, waiting...
demo.pcm not found, waiting...
demo.pcm not found, waiting...
demo.pcm not found, waiting...
demo.pcm not found, waiting...
demo.pcm not found, waiting...
demo.pcm not found, waiting...
demo.pcm not found, waiting...
demo.pcm not found, waiting...
demo.pcm not found, waiting...
demo.pcm not found, waiting...
demo.pcm not found, waiting...
demo.pcm not found, waiting...
demo.pcm not found, waiting...
demo.pcm not found, waiting...
demo.pcm not found, waiting...
demo.pcm not found, waiting...
demo.pcm not found, waiting...
demo.pcm not found, waiting...
demo.pcm not found, waiting...
demo.pcm not found, waiting...
demo.pcm not found, waiting...
demo.pcm not found, waiting...
demo.pcm not found, waiting...
demo.pcm not found, waiting...
demo.pcm not found, waiting...
demo.pcm not found, waiting...
demo.pcm not found, waiting...
demo.pcm not found, waiting...
demo.pcm not found, waiting...
demo.pcm not found, waiting...
demo.pcm not found, waiting...
demo.pcm not found, waiting...
demo.pcm not found, waiting...
demo.pcm not found, waiting...
demo.pcm not found, waiting...
demo.pcm not found, waiting...
demo.pcm not found, waiting...
demo.pcm not found, waiting...
demo.pcm not found, waiting...
demo.pcm not found, waiting...
demo.pcm not found, waiting...
demo.pcm not found, waiting...
demo.pcm not found, waiting...
demo.pcm not found, waiting...
demo.pcm not found, waiting...
demo.pcm not found, waiting...
demo.pcm not found, waiting...
demo.pcm not found, waiting...
demo.pcm not found, waiting...
demo.pcm not found, waiting...
demo.pcm not found, waiting...
demo.pcm not found, waiting...
demo.pcm not found, waiting...
demo.pcm not found, waiting...
demo.pcm not found, waiting...
demo.pcm not found, waiting...
demo.pcm not found, waiting...
demo.pcm not found, waiting...
demo.pcm not found, waiting...
demo.pcm not found, waiting...
demo.pcm not found, waiting...
demo.pcm not found, waiting...
demo.pcm not found, waiting...
demo.pcm not found, waiting...
demo.pcm not found, waiting...
demo.pcm not found, waiting...
demo.pcm not found, waiting...
demo.pcm not found, waiting...
demo.pcm not found, waiting...
demo.pcm not found, waiting...
demo.pcm not found, waiting...
demo.pcm not found, waiting...
demo.pcm not found, waiting...
demo.pcm not found, waiting...
demo.pcm not found, waiting...
demo.pcm not found, waiting...
demo.pcm not found, waiting...
demo.pcm not found, waiting...
demo.pcm not found, waiting...
demo.pcm not found, waiting...
demo.pcm not found, waiting...
demo.pcm not found, waiting...
demo.pcm not found, waiting...
demo.pcm not found, waiting...
demo.pcm not found, waiting...
demo.pcm not found, waiting...
demo.pcm not found, waiting...
demo.pcm not found, waiting...
demo.pcm not found, waiting...
demo.pcm not found, waiting...
demo.pcm not found, waiting...
demo.pcm not found, waiting...
demo.pcm not found, waiting...
demo.pcm not found, waiting...
demo.pcm not found, waiting...
demo.pcm not found, waiting...
demo.pcm not found, waiting...
demo.pcm not found, waiting...
demo.pcm not found, waiting...
demo.pcm not found, waiting...
demo.pcm not found, waiting...
demo.pcm not found, waiting...
demo.pcm not found, waiting...
demo.pcm not found, waiting...
demo.pcm not found, waiting...
demo.pcm not found, waiting...
demo.pcm not found, waiting...
demo.pcm not found, waiting...
demo.pcm not found, waiting...
demo.pcm not found, waiting...
demo.pcm not found, waiting...
demo.pcm not found, waiting...
demo.pcm not found, waiting...
demo.pcm not found, waiting...
demo.pcm not found, waiting...
demo.pcm not found, waiting...
demo.pcm not found, waiting...
demo.pcm not found, waiting...
demo.pcm not found, waiting...
demo.pcm not found, waiting...
demo.pcm not found, waiting...
demo.pcm not found, waiting...
demo.pcm not found, waiting...
demo.pcm not found, waiting...
demo.pcm not found, waiting...
demo.pcm not found, waiting...
demo.pcm not found, waiting...
demo.pcm not found, waiting...
demo.pcm not found, waiting...
demo.pcm not found, waiting...
demo.pcm not found, waiting...
demo.pcm not found, waiting...
demo.pcm not found, waiting...
demo.pcm not found, waiting...
demo.pcm not found, waiting...
demo.pcm not found, waiting...
demo.pcm not found, waiting...
demo.pcm not found, waiting...
demo.pcm not found, waiting...
demo.pcm not found, waiting...
demo.pcm not found, waiting...
demo.pcm not found, waiting...
demo.pcm not found, waiting...
demo.pcm not found, waiting...
demo.pcm not found, waiting...
demo.pcm not found, waiting...
demo.pcm not found, waiting...
demo.pcm not found, waiting...
demo.pcm not found, waiting...
demo.pcm not found, waiting...
demo.pcm not found, waiting...
demo.pcm not found, waiting...
demo.pcm not found, waiting...
demo.pcm not found, waiting...
demo.pcm not found, waiting...
demo.pcm not found, waiting...
demo.pcm not found, waiting...
demo.pcm not found, waiting...
demo.pcm not found, waiting...
demo.pcm not found, waiting...
demo.pcm not found, waiting...
demo.pcm not found, waiting...
demo.pcm not found, waiting...
demo.pcm not found, waiting...
demo.pcm not found, waiting...
demo.pcm not found, waiting...
demo.pcm not found, waiting...
demo.pcm not found, waiting...
demo.pcm not found, waiting...
demo.pcm not found, waiting...
demo.pcm not found, waiting...
demo.pcm not found, waiting...
demo.pcm not found, waiting...
demo.pcm not found, waiting...
demo.pcm not found, waiting...
demo.pcm not found, waiting...
demo.pcm not found, waiting...
demo.pcm not found, waiting...
demo.pcm not found, waiting...
demo.pcm not found, waiting...
demo.pcm not found, waiting...
demo.pcm not found, waiting...
demo.pcm not found, waiting...
demo.pcm not found, waiting...
demo.pcm not found, waiting...
demo.pcm not found, waiting...
demo.pcm not found, waiting...
demo.pcm not found, waiting...
demo.pcm not found, waiting...
demo.pcm not found, waiting...
demo.pcm not found, waiting...
demo.pcm not found, waiting...
demo.pcm not found, waiting...
demo.pcm not found, waiting...
demo.pcm not found, waiting...
demo.pcm not found, waiting...
demo.pcm not found, waiting...
demo.pcm not found, waiting...
demo.pcm not found, waiting...
demo.pcm not found, waiting...
demo.pcm not found, waiting...
demo.pcm not found, waiting...
demo.pcm not found, waiting...
demo.pcm not found, waiting...
demo.pcm not found, waiting...
demo.pcm not found, waiting...
demo.pcm not found, waiting...
demo.pcm not found, waiting...
demo.pcm not found, waiting...
demo.pcm not found, waiting...
demo.pcm not found, waiting...
demo.pcm not found, waiting...
demo.pcm not found, waiting...
demo.pcm not found, waiting...
demo.pcm not found, waiting...
demo.pcm not found, waiting...
demo.pcm not found, waiting...
demo.pcm not found, waiting...
demo.pcm not found, waiting...
demo.pcm not found, waiting...
demo.pcm not found, waiting...
demo.pcm not found, waiting...
demo.pcm not found, waiting...
demo.pcm not found, waiting...
demo.pcm not found, waiting...
demo.pcm not found, waiting...
demo.pcm not found, waiting...
demo.pcm not found, waiting...
demo.pcm not found, waiting...
demo.pcm not found, waiting...
demo.pcm not found, waiting...
demo.pcm not found, waiting...
demo.pcm not found, waiting...
demo.pcm not found, waiting...
demo.pcm not found, waiting...
demo.pcm not found, waiting...
demo.pcm not found, waiting...
demo.pcm not found, waiting...
demo.pcm not found, waiting...
demo.pcm not found, waiting...
demo.pcm not found, waiting...
demo.pcm not found, waiting...
demo.pcm not found, waiting...
demo.pcm not found, waiting...
demo.pcm not found, waiting...
demo.pcm not found, waiting...
demo.pcm not found, waiting...
demo.pcm not found, waiting...
demo.pcm not found, waiting...
demo.pcm not found, waiting...
demo.pcm not found, waiting...
demo.pcm not found, waiting...
demo.pcm not found, waiting...
demo.pcm not found, waiting...
demo.pcm not found, waiting...
demo.pcm not found, waiting...
demo.pcm not found, waiting...
demo.pcm not found, waiting...
demo.pcm not found, waiting...
demo.pcm not found, waiting...
demo.pcm not found, waiting...
demo.pcm not found, waiting...
demo.pcm not found, waiting...
demo.pcm not found, waiting...
demo.pcm not found, waiting...
demo.pcm not found, waiting...
demo.pcm not found, waiting...
demo.pcm not found, waiting...
demo.pcm not found, waiting...
demo.pcm not found, waiting...
demo.pcm not found, waiting...
demo.pcm not found, waiting...
demo.pcm not found, waiting...
demo.pcm not found, waiting...
demo.pcm not found, waiting...
demo.pcm not found, waiting...
demo.pcm not found, waiting...
demo.pcm not found, waiting...
demo.pcm not found, waiting...
demo.pcm not found, waiting...
demo.pcm not found, waiting...
demo.pcm not found, waiting...
demo.pcm not found, waiting...
demo.pcm not found, waiting...
demo.pcm not found, waiting...
demo.pcm not found, waiting...
demo.pcm not found, waiting...
demo.pcm not found, waiting...
demo.pcm not found, waiting...
demo.pcm not found, waiting...
demo.pcm not found, waiting...
demo.pcm not found, waiting...
demo.pcm not found, waiting...
demo.pcm not found, waiting...
demo.pcm not found, waiting...
demo.pcm not found, waiting...
demo.pcm not found, waiting...
demo.pcm not found, waiting...
demo.pcm not found, waiting...
demo.pcm not found, waiting...
demo.pcm not found, waiting...
demo.pcm not found, waiting...
demo.pcm not found, waiting...
demo.pcm not found, waiting...
demo.pcm not found, waiting...
demo.pcm not found, waiting...
demo.pcm not found, waiting...
demo.pcm not found, waiting...
demo.pcm not found, waiting...
demo.pcm not found, waiting...
demo.pcm not found, waiting...
demo.pcm not found, waiting...
demo.pcm not found, waiting...
demo.pcm not found, waiting...
demo.pcm not found, waiting...
demo.pcm not found, waiting...
demo.pcm not found, waiting...
demo.pcm not found, waiting...
demo.pcm not found, waiting...
demo.pcm not found, waiting...
demo.pcm not found, waiting...
demo.pcm not found, waiting...
demo.pcm not found, waiting...
demo.pcm not found, waiting...
demo.pcm not found, waiting...
demo.pcm not found, waiting...
demo.pcm not found, waiting...
demo.pcm not found, waiting...
demo.pcm not found, waiting...
demo.pcm not found, waiting...
demo.pcm not found, waiting...
demo.pcm not found, waiting...
demo.pcm not found, waiting...
demo.pcm not found, waiting...
demo.pcm not found, waiting...
demo.pcm not found, waiting...
demo.pcm not found, waiting...
demo.pcm not found, waiting...
demo.pcm not found, waiting...
demo.pcm not found, waiting...
demo.pcm not found, waiting...
demo.pcm not found, waiting...
demo.pcm not found, waiting...
demo.pcm not found, waiting...
demo.pcm not found, waiting...
demo.pcm not found, waiting...
demo.pcm not found, waiting...
demo.pcm not found, waiting...
demo.pcm not found, waiting...
demo.pcm not found, waiting...
demo.pcm not found, waiting...
demo.pcm not found, waiting...
demo.pcm not found, waiting...
demo.pcm not found, waiting...
demo.pcm not found, waiting...
demo.pcm not found, waiting...
demo.pcm not found, waiting...
demo.pcm not found, waiting...
demo.pcm not found, waiting...
demo.pcm not found, waiting...
demo.pcm not found, waiting...
demo.pcm not found, waiting...
demo.pcm not found, waiting...
demo.pcm not found, waiting...
demo.pcm not found, waiting...
demo.pcm not found, waiting...
demo.pcm not found, waiting...
demo.pcm not found, waiting...
demo.pcm not found, waiting...
demo.pcm not found, waiting...
demo.pcm not found, waiting...
demo.pcm not found, waiting...
demo.pcm not found, waiting...
demo.pcm not found, waiting...
demo.pcm not found, waiting...
demo.pcm not found, waiting...
demo.pcm not found, waiting...
demo.pcm not found, waiting...
demo.pcm not found, waiting...
demo.pcm not found, waiting...
demo.pcm not found, waiting...
demo.pcm not found, waiting...
demo.pcm not found, waiting...
demo.pcm not found, waiting...
demo.pcm not found, waiting...
demo.pcm not found, waiting...
demo.pcm not found, waiting...
demo.pcm not found, waiting...
demo.pcm not found, waiting...
demo.pcm not found, waiting...
demo.pcm not found, waiting...
demo.pcm not found, waiting...
demo.pcm not found, waiting...
demo.pcm not found, waiting...
demo.pcm not found, waiting...
demo.pcm not found, waiting...
demo.pcm not found, waiting...
demo.pcm not found, waiting...
demo.pcm not found, waiting...
demo.pcm not found, waiting...
demo.pcm not found, waiting...
demo.pcm not found, waiting...
demo.pcm not found, waiting...
demo.pcm not found, waiting...
demo.pcm not found, waiting...
demo.pcm not found, waiting...
demo.pcm not found, waiting...
demo.pcm not found, waiting...
demo.pcm not found, waiting...
demo.pcm not found, waiting...
demo.pcm not found, waiting...
demo.pcm not found, waiting...
demo.pcm not found, waiting...
demo.pcm not found, waiting...
demo.pcm not found, waiting...
demo.pcm not found, waiting...
demo.pcm not found, waiting...
demo.pcm not found, waiting...
demo.pcm not found, waiting...
demo.pcm not found, waiting...
demo.pcm not found, waiting...
demo.pcm not found, waiting...
demo.pcm not found, waiting...
demo.pcm not found, waiting...
demo.pcm not found, waiting...
demo.pcm not found, waiting...
demo.pcm not found, waiting...
demo.pcm not found, waiting...
demo.pcm not found, waiting...
demo.pcm not found, waiting...
demo.pcm not found, waiting...
demo.pcm not found, waiting...
demo.pcm not found, waiting...
demo.pcm not found, waiting...
demo.pcm not found, waiting...
demo.pcm not found, waiting...
demo.pcm not found, waiting...
demo.pcm not found, waiting...
demo.pcm not found, waiting...
demo.pcm not found, waiting...
demo.pcm not found, waiting...
demo.pcm not found, waiting...
demo.pcm not found, waiting...
demo.pcm not found, waiting...
demo.pcm not found, waiting...
demo.pcm not found, waiting...
demo.pcm not found, waiting...
demo.pcm not found, waiting...
demo.pcm not found, waiting...
demo.pcm not found, waiting...
demo.pcm not found, waiting...
demo.pcm not found, waiting...
demo.pcm not found, waiting...
demo.pcm not found, waiting...
demo.pcm not found, waiting...
demo.pcm not found, waiting...
demo.pcm not found, waiting...
demo.pcm not found, waiting...
demo.pcm not found, waiting...
demo.pcm not found, waiting...
demo.pcm not found, waiting...
demo.pcm not found, waiting...
demo.pcm not found, waiting...
demo.pcm not found, waiting...
demo.pcm not found, waiting...
demo.pcm not found, waiting...
demo.pcm not found, waiting...
demo.pcm not found, waiting...
demo.pcm not found, waiting...
demo.pcm not found, waiting...
demo.pcm not found, waiting...
demo.pcm not found, waiting...
demo.pcm not found, waiting...
demo.pcm not found, waiting...
demo.pcm not found, waiting...
demo.pcm not found, waiting...
demo.pcm not found, waiting...
demo.pcm not found, waiting...
demo.pcm not found, waiting...
demo.pcm not found, waiting...
demo.pcm not found, waiting...
demo.pcm not found, waiting...
demo.pcm not found, waiting...
demo.pcm not found, waiting...
demo.pcm not found, waiting...
demo.pcm not found, waiting...
demo.pcm not found, waiting...
demo.pcm not found, waiting...
demo.pcm not found, waiting...
demo.pcm not found, waiting...
demo.pcm not found, waiting...
demo.pcm not found, waiting...
demo.pcm not found, waiting...
demo.pcm not found, waiting...
demo.pcm not found, waiting...
demo.pcm not found, waiting...
demo.pcm not found, waiting...
demo.pcm not found, waiting...
demo.pcm not found, waiting...
demo.pcm not found, waiting...
demo.pcm not found, waiting...
demo.pcm not found, waiting...
demo.pcm not found, waiting...
demo.pcm not found, waiting...
demo.pcm not found, waiting...
demo.pcm not found, waiting...
demo.pcm not found, waiting...
demo.pcm not found, waiting...
demo.pcm not found, waiting...
demo.pcm not found, waiting...
demo.pcm not found, waiting...
demo.pcm not found, waiting...
demo.pcm not found, waiting...
demo.pcm not found, waiting...
demo.pcm not found, waiting...
demo.pcm not found, waiting...
demo.pcm not found, waiting...
demo.pcm not found, waiting...
demo.pcm not found, waiting...
demo.pcm not found, waiting...
demo.pcm not found, waiting...
demo.pcm not found, waiting...
demo.pcm not found, waiting...
demo.pcm not found, waiting...
demo.pcm not found, waiting...
demo.pcm not found, waiting...
demo.pcm not found, waiting...
demo.pcm not found, waiting...
demo.pcm not found, waiting...
demo.pcm not found, waiting...
demo.pcm not found, waiting...
demo.pcm not found, waiting...
demo.pcm not found, waiting...
demo.pcm not found, waiting...
demo.pcm not found, waiting...
demo.pcm not found, waiting...
demo.pcm not found, waiting...
demo.pcm not found, waiting...
demo.pcm not found, waiting...
demo.pcm not found, waiting...
demo.pcm not found, waiting...
demo.pcm not found, waiting...
demo.pcm not found, waiting...
demo.pcm not found, waiting...
demo.pcm not found, waiting...
demo.pcm not found, waiting...
demo.pcm not found, waiting...
demo.pcm not found, waiting...
demo.pcm not found, waiting...
demo.pcm not found, waiting...
demo.pcm not found, waiting...
demo.pcm not found, waiting...
demo.pcm not found, waiting...
demo.pcm not found, waiting...
demo.pcm not found, waiting...
demo.pcm not found, waiting...
demo.pcm not found, waiting...
demo.pcm not found, waiting...
demo.pcm not found, waiting...
demo.pcm not found, waiting...
demo.pcm not found, waiting...
demo.pcm not found, waiting...
demo.pcm not found, waiting...
demo.pcm not found, waiting...
demo.pcm not found, waiting...
demo.pcm not found, waiting...
demo.pcm not found, waiting...
demo.pcm not found, waiting...
demo.pcm not found, waiting...
demo.pcm not found, waiting...
demo.pcm not found, waiting...
demo.pcm not found, waiting...
demo.pcm not found, waiting...
demo.pcm not found, waiting...
demo.pcm not found, waiting...
demo.pcm not found, waiting...
demo.pcm not found, waiting...
demo.pcm not found, waiting...
demo.pcm not found, waiting...
demo.pcm not found, waiting...
demo.pcm not found, waiting...
demo.pcm not found, waiting...
demo.pcm not found, waiting...
demo.pcm not found, waiting...
demo.pcm not found, waiting...
demo.pcm not found, waiting...
demo.pcm not found, waiting...
demo.pcm not found, waiting...
demo.pcm not found, waiting...
demo.pcm not found, waiting...
demo.pcm not found, waiting...
demo.pcm not found, waiting...
demo.pcm not found, waiting...
demo.pcm not found, waiting...
demo.pcm not found, waiting...
demo.pcm not found, waiting...
demo.pcm not found, waiting...
demo.pcm not found, waiting...
demo.pcm not found, waiting...
demo.pcm not found, waiting...
demo.pcm not found, waiting...
demo.pcm not found, waiting...
demo.pcm not found, waiting...
demo.pcm not found, waiting...
demo.pcm not found, waiting...
demo.pcm not found, waiting...
demo.pcm not found, waiting...
demo.pcm not found, waiting...
demo.pcm not found, waiting...
demo.pcm not found, waiting...
demo.pcm not found, waiting...
demo.pcm not found, waiting...
demo.pcm not found, waiting...
demo.pcm not found, waiting...
demo.pcm not found, waiting...
demo.pcm not found, waiting...
demo.pcm not found, waiting...
demo.pcm not found, waiting...
demo.pcm not found, waiting...
demo.pcm not found, waiting...
demo.pcm not found, waiting...
demo.pcm not found, waiting...
demo.pcm not found, waiting...
demo.pcm not found, waiting...
demo.pcm not found, waiting...
demo.pcm not found, waiting...
demo.pcm not found, waiting...
demo.pcm not found, waiting...
demo.pcm not found, waiting...
demo.pcm not found, waiting...
demo.pcm not found, waiting...
demo.pcm not found, waiting...
demo.pcm not found, waiting...
demo.pcm not found, waiting...
demo.pcm not found, waiting...
demo.pcm not found, waiting...
demo.pcm not found, waiting...
demo.pcm not found, waiting...
demo.pcm not found, waiting...
demo.pcm not found, waiting...
demo.pcm not found, waiting...
demo.pcm not found, waiting...
demo.pcm not found, waiting...
demo.pcm not found, waiting...
demo.pcm not found, waiting...
demo.pcm not found, waiting...
demo.pcm not found, waiting...
demo.pcm not found, waiting...
demo.pcm not found, waiting...
demo.pcm not found, waiting...
demo.pcm not found, waiting...
demo.pcm not found, waiting...
demo.pcm not found, waiting...
demo.pcm not found, waiting...
demo.pcm not found, waiting...
demo.pcm not found, waiting...
demo.pcm not found, waiting...
demo.pcm not found, waiting...
demo.pcm not found, waiting...
demo.pcm not found, waiting...
demo.pcm not found, waiting...
demo.pcm not found, waiting...
demo.pcm not found, waiting...
demo.pcm not found, waiting...
demo.pcm not found, waiting...
demo.pcm not found, waiting...
demo.pcm not found, waiting...
demo.pcm not found, waiting...
demo.pcm not found, waiting...
demo.pcm not found, waiting...
demo.pcm not found, waiting...
demo.pcm not found, waiting...
demo.pcm not found, waiting...
demo.pcm not found, waiting...
demo.pcm not found, waiting...
demo.pcm not found, waiting...
demo.pcm not found, waiting...
demo.pcm not found, waiting...
demo.pcm not found, waiting...
demo.pcm not found, waiting...
demo.pcm not found, waiting...
demo.pcm not found, waiting...
demo.pcm not found, waiting...
demo.pcm not found, waiting...
demo.pcm not found, waiting...
demo.pcm not found, waiting...
demo.pcm not found, waiting...
demo.pcm not found, waiting...
demo.pcm not found, waiting...
demo.pcm not found, waiting...
demo.pcm not found, waiting...
demo.pcm not found, waiting...
demo.pcm not found, waiting...
demo.pcm not found, waiting...
demo.pcm not found, waiting...
demo.pcm not found, waiting...
demo.pcm not found, waiting...
demo.pcm not found, waiting...
demo.pcm not found, waiting...
demo.pcm not found, waiting...
demo.pcm not found, waiting...
demo.pcm not found, waiting...
demo.pcm not found, waiting...
demo.pcm not found, waiting...
demo.pcm not found, waiting...
demo.pcm not found, waiting...
demo.pcm not found, waiting...
demo.pcm not found, waiting...
demo.pcm not found, waiting...
demo.pcm not found, waiting...
demo.pcm not found, waiting...
demo.pcm not found, waiting...
demo.pcm not found, waiting...
demo.pcm not found, waiting...
demo.pcm not found, waiting...
demo.pcm not found, waiting...
demo.pcm not found, waiting...
demo.pcm not found, waiting...
demo.pcm not found, waiting...
demo.pcm not found, waiting...
demo.pcm not found, waiting...
demo.pcm not found, waiting...
demo.pcm not found, waiting...
demo.pcm not found, waiting...
demo.pcm not found, waiting...
demo.pcm not found, waiting...
demo.pcm not found, waiting...
demo.pcm not found, waiting...
demo.pcm not found, waiting...
demo.pcm not found, waiting...
demo.pcm not found, waiting...
demo.pcm not found, waiting...
demo.pcm not found, waiting...
demo.pcm not found, waiting...
demo.pcm not found, waiting...
demo.pcm not found, waiting...
demo.pcm not found, waiting...
demo.pcm not found, waiting...
demo.pcm not found, waiting...
demo.pcm not found, waiting...
demo.pcm not found, waiting...
demo.pcm not found, waiting...
demo.pcm not found, waiting...
demo.pcm not found, waiting...
demo.pcm not found, waiting...
demo.pcm not found, waiting...
demo.pcm not found, waiting...
demo.pcm not found, waiting...
demo.pcm not found, waiting...
demo.pcm not found, waiting...
demo.pcm not found, waiting...
demo.pcm not found, waiting...
demo.pcm not found, waiting...
demo.pcm not found, waiting...
demo.pcm not found, waiting...
demo.pcm not found, waiting...
demo.pcm not found, waiting...
demo.pcm not found, waiting...
demo.pcm not found, waiting...
demo.pcm not found, waiting...
demo.pcm not found, waiting...
demo.pcm not found, waiting...
demo.pcm not found, waiting...
demo.pcm not found, waiting...
demo.pcm not found, waiting...
demo.pcm not found, waiting...
demo.pcm not found, waiting...
demo.pcm not found, waiting...
demo.pcm not found, waiting...
demo.pcm not found, waiting...
demo.pcm not found, waiting...
demo.pcm not found, waiting...
demo.pcm not found, waiting...
demo.pcm not found, waiting...
demo.pcm not found, waiting...
demo.pcm not found, waiting...
demo.pcm not found, waiting...
demo.pcm not found, waiting...
demo.pcm not found, waiting...
demo.pcm not found, waiting...
demo.pcm not found, waiting...
demo.pcm not found, waiting...
demo.pcm not found, waiting...
demo.pcm not found, waiting...
demo.pcm not found, waiting...
demo.pcm not found, waiting...
demo.pcm not found, waiting...
demo.pcm not found, waiting...
demo.pcm not found, waiting...
demo.pcm not found, waiting...
demo.pcm not found, waiting...
demo.pcm not found, waiting...
demo.pcm not found, waiting...
demo.pcm not found, waiting...
demo.pcm not found, waiting...
demo.pcm not found, waiting...
demo.pcm not found, waiting...
demo.pcm not found, waiting...
demo.pcm not found, waiting...
demo.pcm not found, waiting...
demo.pcm not found, waiting...
demo.pcm not found, waiting...
demo.pcm not found, waiting...
demo.pcm not found, waiting...
demo.pcm not found, waiting...
demo.pcm not found, waiting...
demo.pcm not found, waiting...
demo.pcm not found, waiting...
demo.pcm not found, waiting...
demo.pcm not found, waiting...
demo.pcm not found, waiting...
demo.pcm not found, waiting...
demo.pcm not found, waiting...
demo.pcm not found, waiting...
demo.pcm not found, waiting...
demo.pcm not found, waiting...
demo.pcm not found, waiting...
demo.pcm not found, waiting...
demo.pcm not found, waiting...
demo.pcm not found, waiting...
demo.pcm not found, waiting...
demo.pcm not found, waiting...
demo.pcm not found, waiting...
demo.pcm not found, waiting...
demo.pcm not found, waiting...
demo.pcm not found, waiting...
demo.pcm not found, waiting...
demo.pcm not found, waiting...
demo.pcm not found, waiting...
demo.pcm not found, waiting...
demo.pcm not found, waiting...
demo.pcm not found, waiting...
demo.pcm not found, waiting...
demo.pcm not found, waiting...
demo.pcm not found, waiting...
demo.pcm not found, waiting...
demo.pcm not found, waiting...
demo.pcm not found, waiting...
demo.pcm not found, waiting...
demo.pcm not found, waiting...
demo.pcm not found, waiting...
demo.pcm not found, waiting...
demo.pcm not found, waiting...
demo.pcm not found, waiting...
demo.pcm not found, waiting...
demo.pcm not found, waiting...
demo.pcm not found, waiting...
demo.pcm not found, waiting...
demo.pcm not found, waiting...
demo.pcm not found, waiting...
demo.pcm not found, waiting...
demo.pcm not found, waiting...
demo.pcm not found, waiting...
demo.pcm not found, waiting...
demo.pcm not found, waiting...
demo.pcm not found, waiting...
demo.pcm not found, waiting...
demo.pcm not found, waiting...
demo.pcm not found, waiting...
demo.pcm not found, waiting...
demo.pcm not found, waiting...
demo.pcm not found, waiting...
demo.pcm not found, waiting...
demo.pcm not found, waiting...
demo.pcm not found, waiting...
demo.pcm not found, waiting...
demo.pcm not found, waiting...
demo.pcm not found, waiting...
demo.pcm not found, waiting...
demo.pcm not found, waiting...
demo.pcm not found, waiting...
demo.pcm not found, waiting...
demo.pcm not found, waiting...
demo.pcm not found, waiting...
demo.pcm not found, waiting...
demo.pcm not found, waiting...
demo.pcm not found, waiting...
demo.pcm not found, waiting...
demo.pcm not found, waiting...
demo.pcm not found, waiting...
demo.pcm not found, waiting...
demo.pcm not found, waiting...
demo.pcm not found, waiting...
demo.pcm not found, waiting...
demo.pcm not found, waiting...
demo.pcm not found, waiting...
demo.pcm not found, waiting...
demo.pcm not found, waiting...
demo.pcm not found, waiting...
demo.pcm not found, waiting...
demo.pcm not found, waiting...
demo.pcm not found, waiting...
demo.pcm not found, waiting...
demo.pcm not found, waiting...
demo.pcm not found, waiting...
demo.pcm not found, waiting...
demo.pcm not found, waiting...
demo.pcm not found, waiting...
demo.pcm not found, waiting...
demo.pcm not found, waiting...
demo.pcm not found, waiting...
demo.pcm not found, waiting...
demo.pcm not found, waiting...
demo.pcm not found, waiting...
demo.pcm not found, waiting...
demo.pcm not found, waiting...
demo.pcm not found, waiting...
demo.pcm not found, waiting...
demo.pcm not found, waiting...
demo.pcm not found, waiting...
demo.pcm not found, waiting...
demo.pcm not found, waiting...
demo.pcm not found, waiting...
demo.pcm not found, waiting...
demo.pcm not found, waiting...
demo.pcm not found, waiting...
demo.pcm not found, waiting...
demo.pcm not found, waiting...
demo.pcm not found, waiting...
demo.pcm not found, waiting...
demo.pcm not found, waiting...
demo.pcm not found, waiting...
demo.pcm not found, waiting...
demo.pcm not found, waiting...
demo.pcm not found, waiting...
demo.pcm not found, waiting...
demo.pcm not found, waiting...
demo.pcm not found, waiting...
demo.pcm not found, waiting...
demo.pcm not found, waiting...
demo.pcm not found, waiting...
demo.pcm not found, waiting...
demo.pcm not found, waiting...
demo.pcm not found, waiting...
demo.pcm not found, waiting...
demo.pcm not found, waiting...
demo.pcm not found, waiting...
demo.pcm not found, waiting...
demo.pcm not found, waiting...
demo.pcm not found, waiting...
demo.pcm not found, waiting...
demo.pcm not found, waiting...
demo.pcm not found, waiting...
demo.pcm not found, waiting...
demo.pcm not found, waiting...
demo.pcm not found, waiting...
demo.pcm not found, waiting...
demo.pcm not found, waiting...
demo.pcm not found, waiting...
demo.pcm not found, waiting...
demo.pcm not found, waiting...
demo.pcm not found, waiting...
demo.pcm not found, waiting...
demo.pcm not found, waiting...
demo.pcm not found, waiting...
demo.pcm not found, waiting...
demo.pcm not found, waiting...
demo.pcm not found, waiting...
demo.pcm not found, waiting...
demo.pcm not found, waiting...
demo.pcm not found, waiting...
demo.pcm not found, waiting...
demo.pcm not found, waiting...
demo.pcm not found, waiting...
demo.pcm not found, waiting...
demo.pcm not found, waiting...
demo.pcm not found, waiting...
demo.pcm not found, waiting...
demo.pcm not found, waiting...
demo.pcm not found, waiting...
demo.pcm not found, waiting...
demo.pcm not found, waiting...
demo.pcm not found, waiting...
demo.pcm not found, waiting...
demo.pcm not found, waiting...
demo.pcm not found, waiting...
demo.pcm not found, waiting...
demo.pcm not found, waiting...
demo.pcm not found, waiting...
demo.pcm not found, waiting...
demo.pcm not found, waiting...
demo.pcm not found, waiting...
demo.pcm not found, waiting...
demo.pcm not found, waiting...
demo.pcm not found, waiting...
demo.pcm not found, waiting...
demo.pcm not found, waiting...
demo.pcm not found, waiting...
demo.pcm not found, waiting...
demo.pcm not found, waiting...
demo.pcm not found, waiting...
demo.pcm not found, waiting...
demo.pcm not found, waiting...
demo.pcm not found, waiting...
demo.pcm not found, waiting...
demo.pcm not found, waiting...
demo.pcm not found, waiting...
demo.pcm not found, waiting...
demo.pcm not found, waiting...
demo.pcm not found, waiting...
demo.pcm not found, waiting...
demo.pcm not found, waiting...
demo.pcm not found, waiting...
demo.pcm not found, waiting...
demo.pcm not found, waiting...
demo.pcm not found, waiting...
demo.pcm not found, waiting...
demo.pcm not found, waiting...
demo.pcm not found, waiting...
demo.pcm not found, waiting...
demo.pcm not found, waiting...
demo.pcm not found, waiting...
demo.pcm not found, waiting...
demo.pcm not found, waiting...
demo.pcm not found, waiting...
demo.pcm not found, waiting...
demo.pcm not found, waiting...
demo.pcm not found, waiting...
demo.pcm not found, waiting...
demo.pcm not found, waiting...
demo.pcm not found, waiting...
demo.pcm not found, waiting...
demo.pcm not found, waiting...
demo.pcm not found, waiting...
demo.pcm not found, waiting...
demo.pcm not found, waiting...
demo.pcm not found, waiting...
demo.pcm not found, waiting...
demo.pcm not found, waiting...
demo.pcm not found, waiting...
demo.pcm not found, waiting...
demo.pcm not found, waiting...
demo.pcm not found, waiting...
demo.pcm not found, waiting...
demo.pcm not found, waiting...
demo.pcm not found, waiting...
demo.pcm not found, waiting...
demo.pcm not found, waiting...
demo.pcm not found, waiting...
demo.pcm not found, waiting...
demo.pcm not found, waiting...
demo.pcm not found, waiting...
demo.pcm not found, waiting...
demo.pcm not found, waiting...
demo.pcm not found, waiting...
demo.pcm not found, waiting...
demo.pcm not found, waiting...
demo.pcm not found, waiting...
demo.pcm not found, waiting...
demo.pcm not found, waiting...
demo.pcm not found, waiting...
demo.pcm not found, waiting...
demo.pcm not found, waiting...
demo.pcm not found, waiting...
demo.pcm not found, waiting...
demo.pcm not found, waiting...
demo.pcm not found, waiting...
demo.pcm not found, waiting...
demo.pcm not found, waiting...
demo.pcm not found, waiting...
demo.pcm not found, waiting...
demo.pcm not found, waiting...
demo.pcm not found, waiting...
demo.pcm not found, waiting...
demo.pcm not found, waiting...
demo.pcm not found, waiting...
demo.pcm not found, waiting...
demo.pcm not found, waiting...
demo.pcm not found, waiting...
demo.pcm not found, waiting...
demo.pcm not found, waiting...
demo.pcm not found, waiting...
demo.pcm not found, waiting...
demo.pcm not found, waiting...
demo.pcm not found, waiting...
demo.pcm not found, waiting...
demo.pcm not found, waiting...
demo.pcm not found, waiting...
demo.pcm not found, waiting...
demo.pcm not found, waiting...
demo.pcm not found, waiting...
demo.pcm not found, waiting...
demo.pcm not found, waiting...
demo.pcm not found, waiting...
demo.pcm not found, waiting...
demo.pcm not found, waiting...
demo.pcm not found, waiting...
demo.pcm not found, waiting...
demo.pcm not found, waiting...
demo.pcm not found, waiting...
demo.pcm not found, waiting...
demo.pcm not found, waiting...
demo.pcm not found, waiting...
demo.pcm not found, waiting...
demo.pcm not found, waiting...
demo.pcm not found, waiting...
demo.pcm not found, waiting...
demo.pcm not found, waiting...
demo.pcm not found, waiting...
demo.pcm not found, waiting...
demo.pcm not found, waiting...
demo.pcm not found, waiting...
demo.pcm not found, waiting...
demo.pcm not found, waiting...
demo.pcm not found, waiting...
demo.pcm not found, waiting...
demo.pcm not found, waiting...
demo.pcm not found, waiting...
demo.pcm not found, waiting...
demo.pcm not found, waiting...
demo.pcm not found, waiting...
demo.pcm not found, waiting...
demo.pcm not found, waiting...
demo.pcm not found, waiting...
demo.pcm not found, waiting...
demo.pcm not found, waiting...
demo.pcm not found, waiting...
demo.pcm not found, waiting...
demo.pcm not found, waiting...
demo.pcm not found, waiting...
demo.pcm not found, waiting...
demo.pcm not found, waiting...
demo.pcm not found, waiting...
demo.pcm not found, waiting...
demo.pcm not found, waiting...
demo.pcm not found, waiting...
demo.pcm not found, waiting...
demo.pcm not found, waiting...
demo.pcm not found, waiting...
demo.pcm not found, waiting...
demo.pcm not found, waiting...
demo.pcm not found, waiting...
demo.pcm not found, waiting...
demo.pcm not found, waiting...
demo.pcm not found, waiting...
demo.pcm not found, waiting...
demo.pcm not found, waiting...
demo.pcm not found, waiting...
demo.pcm not found, waiting...
demo.pcm not found, waiting...
demo.pcm not found, waiting...
demo.pcm not found, waiting...
demo.pcm not found, waiting...
demo.pcm not found, waiting...
demo.pcm not found, waiting...
demo.pcm not found, waiting...
demo.pcm not found, waiting...
demo.pcm not found, waiting...
demo.pcm not found, waiting...
demo.pcm not found, waiting...
demo.pcm not found, waiting...
demo.pcm not found, waiting...
demo.pcm not found, waiting...
demo.pcm not found, waiting...
demo.pcm not found, waiting...
demo.pcm not found, waiting...
demo.pcm not found, waiting...
demo.pcm not found, waiting...
demo.pcm not found, waiting...
demo.pcm not found, waiting...
demo.pcm not found, waiting...
demo.pcm not found, waiting...
demo.pcm not found, waiting...
demo.pcm not found, waiting...
demo.pcm not found, waiting...
demo.pcm not found, waiting...
demo.pcm not found, waiting...
demo.pcm not found, waiting...
demo.pcm not found, waiting...
demo.pcm not found, waiting...
demo.pcm not found, waiting...
demo.pcm not found, waiting...
demo.pcm not found, waiting...
demo.pcm not found, waiting...
demo.pcm not found, waiting...
demo.pcm not found, waiting...
demo.pcm not found, waiting...
demo.pcm not found, waiting...
demo.pcm not found, waiting...
demo.pcm not found, waiting...
demo.pcm not found, waiting...
demo.pcm not found, waiting...
demo.pcm not found, waiting...
demo.pcm not found, waiting...
demo.pcm not found, waiting...
demo.pcm not found, waiting...
demo.pcm not found, waiting...
demo.pcm not found, waiting...
demo.pcm not found, waiting...
demo.pcm not found, waiting...
demo.pcm not found, waiting...
demo.pcm not found, waiting...
demo.pcm not found, waiting...
demo.pcm not found, waiting...
demo.pcm not found, waiting...
demo.pcm not found, waiting...
demo.pcm not found, waiting...
demo.pcm not found, waiting...
demo.pcm not found, waiting...
demo.pcm not found, waiting...
demo.pcm not found, waiting...
demo.pcm not found, waiting...
demo.pcm not found, waiting...
demo.pcm not found, waiting...
demo.pcm not found, waiting...
demo.pcm not found, waiting...
demo.pcm not found, waiting...
demo.pcm not found, waiting...
demo.pcm not found, waiting...
demo.pcm not found, waiting...
demo.pcm not found, waiting...
demo.pcm not found, waiting...
demo.pcm not found, waiting...
demo.pcm not found, waiting...
demo.pcm not found, waiting...
demo.pcm not found, waiting...
demo.pcm not found, waiting...
demo.pcm not found, waiting...
demo.pcm not found, waiting...
demo.pcm not found, waiting...
demo.pcm not found, waiting...
demo.pcm not found, waiting...
demo.pcm not found, waiting...
demo.pcm not found, waiting...
demo.pcm not found, waiting...
demo.pcm not found, waiting...
demo.pcm not found, waiting...
demo.pcm not found, waiting...
demo.pcm not found, waiting...
demo.pcm not found, waiting...
demo.pcm not found, waiting...
demo.pcm not found, waiting...
demo.pcm not found, waiting...
demo.pcm not found, waiting...
demo.pcm not found, waiting...
demo.pcm not found, waiting...
demo.pcm not found, waiting...
demo.pcm not found, waiting...
demo.pcm not found, waiting...
demo.pcm not found, waiting...
demo.pcm not found, waiting...
demo.pcm not found, waiting...
demo.pcm not found, waiting...
demo.pcm not found, waiting...
demo.pcm not found, waiting...
demo.pcm not found, waiting...
demo.pcm not found, waiting...
demo.pcm not found, waiting...
demo.pcm not found, waiting...
demo.pcm not found, waiting...
demo.pcm not found, waiting...
demo.pcm not found, waiting...
demo.pcm not found, waiting...
demo.pcm not found, waiting...
demo.pcm not found, waiting...
demo.pcm not found, waiting...
demo.pcm not found, waiting...
demo.pcm not found, waiting...
demo.pcm not found, waiting...
demo.pcm not found, waiting...
demo.pcm not found, waiting...
demo.pcm not found, waiting...
demo.pcm not found, waiting...
demo.pcm not found, waiting...
demo.pcm not found, waiting...
demo.pcm not found, waiting...
demo.pcm not found, waiting...
demo.pcm not found, waiting...
demo.pcm not found, waiting...
demo.pcm not found, waiting...
demo.pcm not found, waiting...
demo.pcm not found, waiting...
demo.pcm not found, waiting...
demo.pcm not found, waiting...
demo.pcm not found, waiting...
demo.pcm not found, waiting...
demo.pcm not found, waiting...
demo.pcm not found, waiting...
demo.pcm not found, waiting...
demo.pcm not found, waiting...
demo.pcm not found, waiting...
demo.pcm not found, waiting...
demo.pcm not found, waiting...
demo.pcm not found, waiting...
demo.pcm not found, waiting...
demo.pcm not found, waiting...
demo.pcm not found, waiting...
demo.pcm not found, waiting...
demo.pcm not found, waiting...
demo.pcm not found, waiting...
demo.pcm not found, waiting...
demo.pcm not found, waiting...
demo.pcm not found, waiting...
demo.pcm not found, waiting...
demo.pcm not found, waiting...
demo.pcm not found, waiting...
demo.pcm not found, waiting...
demo.pcm not found, waiting...
demo.pcm not found, waiting...
demo.pcm not found, waiting...
demo.pcm not found, waiting...
demo.pcm not found, waiting...
demo.pcm not found, waiting...
demo.pcm not found, waiting...
demo.pcm not found, waiting...
demo.pcm not found, waiting...
demo.pcm not found, waiting...
demo.pcm not found, waiting...
demo.pcm not found, waiting...
demo.pcm not found, waiting...
demo.pcm not found, waiting...
demo.pcm not found, waiting...
demo.pcm not found, waiting...
demo.pcm not found, waiting...
demo.pcm not found, waiting...
demo.pcm not found, waiting...
demo.pcm not found, waiting...
demo.pcm not found, waiting...
demo.pcm not found, waiting...
demo.pcm not found, waiting...
demo.pcm not found, waiting...
demo.pcm not found, waiting...
demo.pcm not found, waiting...
demo.pcm not found, waiting...
demo.pcm not found, waiting...
demo.pcm not found, waiting...
demo.pcm not found, waiting...
demo.pcm not found, waiting...
demo.pcm not found, waiting...
demo.pcm not found, waiting...
demo.pcm not found, waiting...
demo.pcm not found, waiting...
demo.pcm not found, waiting...
demo.pcm not found, waiting...
demo.pcm not found, waiting...
demo.pcm not found, waiting...
demo.pcm not found, waiting...
demo.pcm not found, waiting...
demo.pcm not found, waiting...
demo.pcm not found, waiting...
demo.pcm not found, waiting...
demo.pcm not found, waiting...
demo.pcm not found, waiting...
demo.pcm not found, waiting...
demo.pcm not found, waiting...
demo.pcm not found, waiting...
demo.pcm not found, waiting...
demo.pcm not found, waiting...
demo.pcm not found, waiting...
demo.pcm not found, waiting...
demo.pcm not found, waiting...
demo.pcm not found, waiting...
demo.pcm not found, waiting...
demo.pcm not found, waiting...
demo.pcm not found, waiting...
demo.pcm not found, waiting...
demo.pcm not found, waiting...
demo.pcm not found, waiting...
demo.pcm not found, waiting...
demo.pcm not found, waiting...
demo.pcm not found, waiting...
demo.pcm not found, waiting...
demo.pcm not found, waiting...
demo.pcm not found, waiting...
demo.pcm not found, waiting...
demo.pcm not found, waiting...
demo.pcm not found, waiting...
demo.pcm not found, waiting...
demo.pcm not found, waiting...
demo.pcm not found, waiting...
demo.pcm not found, waiting...
demo.pcm not found, waiting...
demo.pcm not found, waiting...
demo.pcm not found, waiting...
demo.pcm not found, waiting...
demo.pcm not found, waiting...
demo.pcm not found, waiting...
demo.pcm not found, waiting...
demo.pcm not found, waiting...
demo.pcm not found, waiting...
demo.pcm not found, waiting...
demo.pcm not found, waiting...
demo.pcm not found, waiting...
demo.pcm not found, waiting...
demo.pcm not found, waiting...
demo.pcm not found, waiting...
demo.pcm not found, waiting...
demo.pcm not found, waiting...
demo.pcm not found, waiting...
demo.pcm not found, waiting...
demo.pcm not found, waiting...
demo.pcm not found, waiting...
demo.pcm not found, waiting...
demo.pcm not found, waiting...
demo.pcm not found, waiting...
demo.pcm not found, waiting...
demo.pcm not found, waiting...
demo.pcm not found, waiting...
demo.pcm not found, waiting...
demo.pcm not found, waiting...
demo.pcm not found, waiting...
demo.pcm not found, waiting...
demo.pcm not found, waiting...
demo.pcm not found, waiting...
demo.pcm not found, waiting...
demo.pcm not found, waiting...
demo.pcm not found, waiting...
demo.pcm not found, waiting...
demo.pcm not found, waiting...
demo.pcm not found, waiting...
demo.pcm not found, waiting...
demo.pcm not found, waiting...
demo.pcm not found, waiting...
demo.pcm not found, waiting...
demo.pcm not found, waiting...
demo.pcm not found, waiting...
demo.pcm not found, waiting...
demo.pcm not found, waiting...
demo.pcm not found, waiting...
demo.pcm not found, waiting...
demo.pcm not found, waiting...
demo.pcm not found, waiting...
demo.pcm not found, waiting...
demo.pcm not found, waiting...
demo.pcm not found, waiting...
demo.pcm not found, waiting...
demo.pcm not found, waiting...
demo.pcm not found, waiting...
demo.pcm not found, waiting...
demo.pcm not found, waiting...
demo.pcm not found, waiting...
demo.pcm not found, waiting...
demo.pcm not found, waiting...
demo.pcm not found, waiting...
demo.pcm not found, waiting...
demo.pcm not found, waiting...
demo.pcm not found, waiting...
demo.pcm not found, waiting...
demo.pcm not found, waiting...
demo.pcm not found, waiting...
demo.pcm not found, waiting...
demo.pcm not found, waiting...
demo.pcm not found, waiting...
demo.pcm not found, waiting...
demo.pcm not found, waiting...
demo.pcm not found, waiting...
demo.pcm not found, waiting...
demo.pcm not found, waiting...
demo.pcm not found, waiting...
demo.pcm not found, waiting...
demo.pcm not found, waiting...
demo.pcm not found, waiting...
demo.pcm not found, waiting...
demo.pcm not found, waiting...
demo.pcm not found, waiting...
demo.pcm not found, waiting...
demo.pcm not found, waiting...
demo.pcm not found, waiting...
demo.pcm not found, waiting...
demo.pcm not found, waiting...
demo.pcm not found, waiting...
demo.pcm not found, waiting...
demo.pcm not found, waiting...
demo.pcm not found, waiting...
demo.pcm not found, waiting...
demo.pcm not found, waiting...
demo.pcm not found, waiting...
demo.pcm not found, waiting...
demo.pcm not found, waiting...
demo.pcm not found, waiting...
demo.pcm not found, waiting...
demo.pcm not found, waiting...
demo.pcm not found, waiting...
demo.pcm not found, waiting...
demo.pcm not found, waiting...
demo.pcm not found, waiting...
demo.pcm not found, waiting...
demo.pcm not found, waiting...
demo.pcm not found, waiting...
demo.pcm not found, waiting...
demo.pcm not found, waiting...
demo.pcm not found, waiting...
demo.pcm not found, waiting...
demo.pcm not found, waiting...
demo.pcm not found, waiting...
demo.pcm not found, waiting...
demo.pcm not found, waiting...
demo.pcm not found, waiting...
demo.pcm not found, waiting...
demo.pcm not found, waiting...
demo.pcm not found, waiting...
demo.pcm not found, waiting...
demo.pcm not found, waiting...
demo.pcm not found, waiting...
demo.pcm not found, waiting...
demo.pcm not found, waiting...
demo.pcm not found, waiting...
demo.pcm not found, waiting...
demo.pcm not found, waiting...
demo.pcm not found, waiting...
demo.pcm not found, waiting...
demo.pcm not found, waiting...
demo.pcm not found, waiting...
demo.pcm not found, waiting...
demo.pcm not found, waiting...
demo.pcm not found, waiting...
demo.pcm not found, waiting...
demo.pcm not found, waiting...
demo.pcm not found, waiting...
demo.pcm not found, waiting...
demo.pcm not found, waiting...
demo.pcm not found, waiting...
demo.pcm not found, waiting...
demo.pcm not found, waiting...
demo.pcm not found, waiting...
demo.pcm not found, waiting...
demo.pcm not found, waiting...
demo.pcm not found, waiting...
demo.pcm not found, waiting...
demo.pcm not found, waiting...
demo.pcm not found, waiting...
demo.pcm not found, waiting...
demo.pcm not found, waiting...
demo.pcm not found, waiting...
demo.pcm not found, waiting...
demo.pcm not found, waiting...
demo.pcm not found, waiting...
demo.pcm not found, waiting...
demo.pcm not found, waiting...
demo.pcm not found, waiting...
demo.pcm not found, waiting...
demo.pcm not found, waiting...
demo.pcm not found, waiting...
demo.pcm not found, waiting...
demo.pcm not found, waiting...
demo.pcm not found, waiting...
demo.pcm not found, waiting...
demo.pcm not found, waiting...
demo.pcm not found, waiting...
demo.pcm not found, waiting...
demo.pcm not found, waiting...
demo.pcm not found, waiting...
demo.pcm not found, waiting...
demo.pcm not found, waiting...
demo.pcm not found, waiting...
demo.pcm not found, waiting...
demo.pcm not found, waiting...
demo.pcm not found, waiting...
demo.pcm not found, waiting...
demo.pcm not found, waiting...
demo.pcm not found, waiting...
demo.pcm not found, waiting...
demo.pcm not found, waiting...
demo.pcm not found, waiting...
demo.pcm not found, waiting...
demo.pcm not found, waiting...
demo.pcm not found, waiting...
demo.pcm not found, waiting...
demo.pcm not found, waiting...
demo.pcm not found, waiting...
demo.pcm not found, waiting...
demo.pcm not found, waiting...
demo.pcm not found, waiting...
demo.pcm not found, waiting...
demo.pcm not found, waiting...
demo.pcm not found, waiting...
demo.pcm not found, waiting...
demo.pcm not found, waiting...
demo.pcm not found, waiting...
demo.pcm not found, waiting...
demo.pcm not found, waiting...
demo.pcm not found, waiting...
demo.pcm not found, waiting...
demo.pcm not found, waiting...
demo.pcm not found, waiting...
demo.pcm not found, waiting...
demo.pcm not found, waiting...
demo.pcm not found, waiting...
demo.pcm not found, waiting...
demo.pcm not found, waiting...
demo.pcm not found, waiting...
demo.pcm not found, waiting...
demo.pcm not found, waiting...
demo.pcm not found, waiting...
demo.pcm not found, waiting...
demo.pcm not found, waiting...
demo.pcm not found, waiting...
demo.pcm not found, waiting...
demo.pcm not found, waiting...
demo.pcm not found, waiting...
demo.pcm not found, waiting...
demo.pcm not found, waiting...
demo.pcm not found, waiting...
demo.pcm not found, waiting...
demo.pcm not found, waiting...
demo.pcm not found, waiting...
demo.pcm not found, waiting...
demo.pcm not found, waiting...
demo.pcm not found, waiting...
demo.pcm not found, waiting...
demo.pcm not found, waiting...
demo.pcm not found, waiting...
demo.pcm not found, waiting...
demo.pcm not found, waiting...
demo.pcm not found, waiting...
demo.pcm not found, waiting...
demo.pcm not found, waiting...
demo.pcm not found, waiting...
demo.pcm not found, waiting...
demo.pcm not found, waiting...
demo.pcm not found, waiting...
demo.pcm not found, waiting...
demo.pcm not found, waiting...
demo.pcm not found, waiting...
demo.pcm not found, waiting...
demo.pcm not found, waiting...
demo.pcm not found, waiting...
demo.pcm not found, waiting...
demo.pcm not found, waiting...
demo.pcm not found, waiting...
demo.pcm not found, waiting...
demo.pcm not found, waiting...
demo.pcm not found, waiting...
demo.pcm not found, waiting...
demo.pcm not found, waiting...
demo.pcm not found, waiting...
demo.pcm not found, waiting...
demo.pcm not found, waiting...
demo.pcm not found, waiting...
demo.pcm not found, waiting...
demo.pcm not found, waiting...
demo.pcm not found, waiting...
demo.pcm not found, waiting...
demo.pcm not found, waiting...
demo.pcm not found, waiting...
demo.pcm not found, waiting...
demo.pcm not found, waiting...
demo.pcm not found, waiting...
demo.pcm not found, waiting...
demo.pcm not found, waiting...
demo.pcm not found, waiting...
demo.pcm not found, waiting...
demo.pcm not found, waiting...
demo.pcm not found, waiting...
demo.pcm not found, waiting...
demo.pcm not found, waiting...
demo.pcm not found, waiting...
demo.pcm not found, waiting...
demo.pcm not found, waiting...
demo.pcm not found, waiting...
demo.pcm not found, waiting...
demo.pcm not found, waiting...
demo.pcm not found, waiting...
demo.pcm not found, waiting...
demo.pcm not found, waiting...
demo.pcm not found, waiting...
demo.pcm not found, waiting...
demo.pcm not found, waiting...
demo.pcm not found, waiting...
demo.pcm not found, waiting...
demo.pcm not found, waiting...
demo.pcm not found, waiting...
demo.pcm not found, waiting...
demo.pcm not found, waiting...
demo.pcm not found, waiting...
demo.pcm not found, waiting...
demo.pcm not found, waiting...
demo.pcm not found, waiting...
demo.pcm not found, waiting...
demo.pcm not found, waiting...
demo.pcm not found, waiting...
demo.pcm not found, waiting...
demo.pcm not found, waiting...
demo.pcm not found, waiting...
demo.pcm not found, waiting...
demo.pcm not found, waiting...
demo.pcm not found, waiting...
demo.pcm not found, waiting...
demo.pcm not found, waiting...
demo.pcm not found, waiting...
demo.pcm not found, waiting...
demo.pcm not found, waiting...
demo.pcm not found, waiting...
demo.pcm not found, waiting...
demo.pcm not found, waiting...
demo.pcm not found, waiting...
demo.pcm not found, waiting...
demo.pcm not found, waiting...
demo.pcm not found, waiting...
demo.pcm not found, waiting...
demo.pcm not found, waiting...
demo.pcm not found, waiting...
demo.pcm not found, waiting...
demo.pcm not found, waiting...
demo.pcm not found, waiting...
demo.pcm not found, waiting...
demo.pcm not found, waiting...
demo.pcm not found, waiting...
demo.pcm not found, waiting...
demo.pcm not found, waiting...
demo.pcm not found, waiting...
demo.pcm not found, waiting...
demo.pcm not found, waiting...
demo.pcm not found, waiting...
demo.pcm not found, waiting...
demo.pcm not found, waiting...
demo.pcm not found, waiting...
demo.pcm not found, waiting...
demo.pcm not found, waiting...
demo.pcm not found, waiting...
demo.pcm not found, waiting...
demo.pcm not found, waiting...
demo.pcm not found, waiting...
demo.pcm not found, waiting...
demo.pcm not found, waiting...
demo.pcm not found, waiting...
demo.pcm not found, waiting...
demo.pcm not found, waiting...
demo.pcm not found, waiting...
demo.pcm not found, waiting...
demo.pcm not found, waiting...
demo.pcm not found, waiting...
demo.pcm not found, waiting...
demo.pcm not found, waiting...
demo.pcm not found, waiting...
demo.pcm not found, waiting...
demo.pcm not found, waiting...
demo.pcm not found, waiting...
demo.pcm not found, waiting...
demo.pcm not found, waiting...
demo.pcm not found, waiting...
demo.pcm not found, waiting...
demo.pcm not found, waiting...
demo.pcm not found, waiting...
demo.pcm not found, waiting...
demo.pcm not found, waiting...
demo.pcm not found, waiting...
demo.pcm not found, waiting...
demo.pcm not found, waiting...
demo.pcm not found, waiting...
demo.pcm not found, waiting...
demo.pcm not found, waiting...
demo.pcm not found, waiting...
demo.pcm not found, waiting...
demo.pcm not found, waiting...
demo.pcm not found, waiting...
demo.pcm not found, waiting...
demo.pcm not found, waiting...
demo.pcm not found, waiting...
demo.pcm not found, waiting...
demo.pcm not found, waiting...
demo.pcm not found, waiting...
demo.pcm not found, waiting...
demo.pcm not found, waiting...
demo.pcm not found, waiting...
demo.pcm not found, waiting...
demo.pcm not found, waiting...
demo.pcm not found, waiting...
demo.pcm not found, waiting...
demo.pcm not found, waiting...
demo.pcm not found, waiting...
demo.pcm not found, waiting...
demo.pcm not found, waiting...
demo.pcm not found, waiting...
demo.pcm not found, waiting...
demo.pcm not found, waiting...
demo.pcm not found, waiting...
demo.pcm not found, waiting...
demo.pcm not found, waiting...
demo.pcm not found, waiting...
demo.pcm not found, waiting...
demo.pcm not found, waiting...
demo.pcm not found, waiting...
demo.pcm not found, waiting...
demo.pcm not found, waiting...
demo.pcm not found, waiting...
demo.pcm not found, waiting...
demo.pcm not found, waiting...
demo.pcm not found, waiting...
demo.pcm not found, waiting...
demo.pcm not found, waiting...
demo.pcm not found, waiting...
demo.pcm not found, waiting...
demo.pcm not found, waiting...
demo.pcm not found, waiting...
demo.pcm not found, waiting...
demo.pcm not found, waiting...
demo.pcm not found, waiting...
demo.pcm not found, waiting...
demo.pcm not found, waiting...
demo.pcm not found, waiting...
demo.pcm not found, waiting...
demo.pcm not found, waiting...
demo.pcm not found, waiting...
demo.pcm not found, waiting...
demo.pcm not found, waiting...
demo.pcm not found, waiting...
demo.pcm not found, waiting...
demo.pcm not found, waiting...
demo.pcm not found, waiting...
demo.pcm not found, waiting...
demo.pcm not found, waiting...
demo.pcm not found, waiting...
demo.pcm not found, waiting...
demo.pcm not found, waiting...
demo.pcm not found, waiting...
demo.pcm not found, waiting...
demo.pcm not found, waiting...
demo.pcm not found, waiting...
demo.pcm not found, waiting...
demo.pcm not found, waiting...
demo.pcm not found, waiting...
demo.pcm not found, waiting...
demo.pcm not found, waiting...
demo.pcm not found, waiting...
demo.pcm not found, waiting...
demo.pcm not found, waiting...
demo.pcm not found, waiting...
demo.pcm not found, waiting...
demo.pcm not found, waiting...
demo.pcm not found, waiting...
demo.pcm not found, waiting...
demo.pcm not found, waiting...
demo.pcm not found, waiting...
demo.pcm not found, waiting...
demo.pcm not found, waiting...
demo.pcm not found, waiting...
demo.pcm not found, waiting...
demo.pcm not found, waiting...
demo.pcm not found, waiting...
demo.pcm not found, waiting...
demo.pcm not found, waiting...
demo.pcm not found, waiting...
demo.pcm not found, waiting...
demo.pcm not found, waiting...
demo.pcm not found, waiting...
demo.pcm not found, waiting...
demo.pcm not found, waiting...
demo.pcm not found, waiting...
demo.pcm not found, waiting...
demo.pcm not found, waiting...
demo.pcm not found, waiting...
demo.pcm not found, waiting...
demo.pcm not found, waiting...
demo.pcm not found, waiting...
demo.pcm not found, waiting...
demo.pcm not found, waiting...
demo.pcm not found, waiting...
demo.pcm not found, waiting...
demo.pcm not found, waiting...
demo.pcm not found, waiting...
demo.pcm not found, waiting...
demo.pcm not found, waiting...
demo.pcm not found, waiting...
demo.pcm not found, waiting...
demo.pcm not found, waiting...
demo.pcm not found, waiting...
demo.pcm not found, waiting...
demo.pcm not found, waiting...
demo.pcm not found, waiting...
demo.pcm not found, waiting...
demo.pcm not found, waiting...
demo.pcm not found, waiting...
demo.pcm not found, waiting...
demo.pcm not found, waiting...
demo.pcm not found, waiting...
demo.pcm not found, waiting...
demo.pcm not found, waiting...
demo.pcm not found, waiting...
demo.pcm not found, waiting...
demo.pcm not found, waiting...
demo.pcm not found, waiting...
demo.pcm not found, waiting...
demo.pcm not found, waiting...
demo.pcm not found, waiting...
demo.pcm not found, waiting...
demo.pcm not found, waiting...
demo.pcm not found, waiting...
demo.pcm not found, waiting...
demo.pcm not found, waiting...
demo.pcm not found, waiting...
demo.pcm not found, waiting...
demo.pcm not found, waiting...
demo.pcm not found, waiting...
demo.pcm not found, waiting...
demo.pcm not found, waiting...
demo.pcm not found, waiting...
demo.pcm not found, waiting...
demo.pcm not found, waiting...
demo.pcm not found, waiting...
demo.pcm not found, waiting...
demo.pcm not found, waiting...
demo.pcm not found, waiting...
demo.pcm not found, waiting...
demo.pcm not found, waiting...
demo.pcm not found, waiting...
demo.pcm not found, waiting...
demo.pcm not found, waiting...
demo.pcm not found, waiting...
demo.pcm not found, waiting...
demo.pcm not found, waiting...
demo.pcm not found, waiting...
demo.pcm not found, waiting...
demo.pcm not found, waiting...
demo.pcm not found, waiting...
demo.pcm not found, waiting...
demo.pcm not found, waiting...
demo.pcm not found, waiting...
demo.pcm not found, waiting...
demo.pcm not found, waiting...
demo.pcm not found, waiting...
demo.pcm not found, waiting...
demo.pcm not found, waiting...
demo.pcm not found, waiting...
demo.pcm not found, waiting...
demo.pcm not found, waiting...
demo.pcm not found, waiting...
demo.pcm not found, waiting...
demo.pcm not found, waiting...
demo.pcm not found, waiting...
demo.pcm not found, waiting...
demo.pcm not found, waiting...
demo.pcm not found, waiting...
demo.pcm not found, waiting...
demo.pcm not found, waiting...
demo.pcm not found, waiting...
demo.pcm not found, waiting...
demo.pcm not found, waiting...
demo.pcm not found, waiting...
demo.pcm not found, waiting...
demo.pcm not found, waiting...
demo.pcm not found, waiting...
demo.pcm not found, waiting...
demo.pcm not found, waiting...
demo.pcm not found, waiting...
demo.pcm not found, waiting...
demo.pcm not found, waiting...
demo.pcm not found, waiting...
demo.pcm not found, waiting...
demo.pcm not found, waiting...
demo.pcm not found, waiting...
demo.pcm not found, waiting...
demo.pcm not found, waiting...
demo.pcm not found, waiting...
demo.pcm not found, waiting...
demo.pcm not found, waiting...
demo.pcm not found, waiting...
demo.pcm not found, waiting...
demo.pcm not found, waiting...
demo.pcm not found, waiting...
demo.pcm not found, waiting...
demo.pcm not found, waiting...
demo.pcm not found, waiting...
demo.pcm not found, waiting...
demo.pcm not found, waiting...
demo.pcm not found, waiting...
demo.pcm not found, waiting...
demo.pcm not found, waiting...
demo.pcm not found, waiting...
demo.pcm not found, waiting...
demo.pcm not found, waiting...
demo.pcm not found, waiting...
demo.pcm not found, waiting...
demo.pcm not found, waiting...
demo.pcm not found, waiting...
demo.pcm not found, waiting...
demo.pcm not found, waiting...
demo.pcm not found, waiting...
demo.pcm not found, waiting...
demo.pcm not found, waiting...
demo.pcm not found, waiting...
demo.pcm not found, waiting...
demo.pcm not found, waiting...
demo.pcm not found, waiting...
demo.pcm not found, waiting...
demo.pcm not found, waiting...
demo.pcm not found, waiting...
demo.pcm not found, waiting...
demo.pcm not found, waiting...
demo.pcm not found, waiting...
demo.pcm not found, waiting...
demo.pcm not found, waiting...
demo.pcm not found, waiting...
demo.pcm not found, waiting...
demo.pcm not found, waiting...
demo.pcm not found, waiting...
demo.pcm not found, waiting...
demo.pcm not found, waiting...
demo.pcm not found, waiting...
demo.pcm not found, waiting...
demo.pcm not found, waiting...
demo.pcm not found, waiting...
demo.pcm not found, waiting...
demo.pcm not found, waiting...
demo.pcm not found, waiting...
demo.pcm not found, waiting...
demo.pcm not found, waiting...
demo.pcm not found, waiting...
demo.pcm not found, waiting...
demo.pcm not found, waiting...
demo.pcm not found, waiting...
demo.pcm not found, waiting...
demo.pcm not found, waiting...
demo.pcm not found, waiting...
demo.pcm not found, waiting...
demo.pcm not found, waiting...
demo.pcm not found, waiting...
demo.pcm not found, waiting...
demo.pcm not found, waiting...
demo.pcm not found, waiting...
demo.pcm not found, waiting...
demo.pcm not found, waiting...
demo.pcm not found, waiting...
demo.pcm not found, waiting...
demo.pcm not found, waiting...
demo.pcm not found, waiting...
demo.pcm not found, waiting...
demo.pcm not found, waiting...
demo.pcm not found, waiting...
demo.pcm not found, waiting...
demo.pcm not found, waiting...
demo.pcm not found, waiting...
demo.pcm not found, waiting...
demo.pcm not found, waiting...
demo.pcm not found, waiting...
demo.pcm not found, waiting...
demo.pcm not found, waiting...
demo.pcm not found, waiting...
demo.pcm not found, waiting...
demo.pcm not found, waiting...
demo.pcm not found, waiting...
demo.pcm not found, waiting...
demo.pcm not found, waiting...
demo.pcm not found, waiting...
demo.pcm not found, waiting...
demo.pcm not found, waiting...
demo.pcm not found, waiting...
demo.pcm not found, waiting...
demo.pcm not found, waiting...
demo.pcm not found, waiting...
demo.pcm not found, waiting...
demo.pcm not found, waiting...
demo.pcm not found, waiting...
demo.pcm not found, waiting...
demo.pcm not found, waiting...
demo.pcm not found, waiting...
demo.pcm not found, waiting...
demo.pcm not found, waiting...
demo.pcm not found, waiting...
demo.pcm not found, waiting...
demo.pcm not found, waiting...
demo.pcm not found, waiting...
demo.pcm not found, waiting...
demo.pcm not found, waiting...
demo.pcm not found, waiting...
demo.pcm not found, waiting...
demo.pcm not found, waiting...
demo.pcm not found, waiting...
demo.pcm not found, waiting...
demo.pcm not found, waiting...
demo.pcm not found, waiting...
demo.pcm not found, waiting...
demo.pcm not found, waiting...
demo.pcm not found, waiting...
demo.pcm not found, waiting...
demo.pcm not found, waiting...
demo.pcm not found, waiting...
demo.pcm not found, waiting...
demo.pcm not found, waiting...
demo.pcm not found, waiting...
demo.pcm not found, waiting...
demo.pcm not found, waiting...
demo.pcm not found, waiting...
demo.pcm not found, waiting...
demo.pcm not found, waiting...
demo.pcm not found, waiting...
demo.pcm not found, waiting...
demo.pcm not found, waiting...
demo.pcm not found, waiting...
demo.pcm not found, waiting...
demo.pcm not found, waiting...
demo.pcm not found, waiting...
demo.pcm not found, waiting...
demo.pcm not found, waiting...
demo.pcm not found, waiting...
demo.pcm not found, waiting...
demo.pcm not found, waiting...
demo.pcm not found, waiting...
demo.pcm not found, waiting...
demo.pcm not found, waiting...
demo.pcm not found, waiting...
demo.pcm not found, waiting...
demo.pcm not found, waiting...
demo.pcm not found, waiting...
demo.pcm not found, waiting...
demo.pcm not found, waiting...
demo.pcm not found, waiting...
demo.pcm not found, waiting...
demo.pcm not found, waiting...
demo.pcm not found, waiting...
demo.pcm not found, waiting...
demo.pcm not found, waiting...
demo.pcm not found, waiting...
demo.pcm not found, waiting...
demo.pcm not found, waiting...
demo.pcm not found, waiting...
demo.pcm not found, waiting...
demo.pcm not found, waiting...
demo.pcm not found, waiting...
demo.pcm not found, waiting...
demo.pcm not found, waiting...
demo.pcm not found, waiting...
demo.pcm not found, waiting...
demo.pcm not found, waiting...
demo.pcm not found, waiting...
demo.pcm not found, waiting...
demo.pcm not found, waiting...
demo.pcm not found, waiting...
demo.pcm not found, waiting...
demo.pcm not found, waiting...
demo.pcm not found, waiting...
demo.pcm not found, waiting...
demo.pcm not found, waiting...
demo.pcm not found, waiting...
demo.pcm not found, waiting...
demo.pcm not found, waiting...
demo.pcm not found, waiting...
demo.pcm not found, waiting...
demo.pcm not found, waiting...
demo.pcm not found, waiting...
demo.pcm not found, waiting...
demo.pcm not found, waiting...
demo.pcm not found, waiting...
demo.pcm not found, waiting...
demo.pcm not found, waiting...
demo.pcm not found, waiting...
demo.pcm not found, waiting...
demo.pcm not found, waiting...
demo.pcm not found, waiting...
demo.pcm not found, waiting...
demo.pcm not found, waiting...
demo.pcm not found, waiting...
demo.pcm not found, waiting...
demo.pcm not found, waiting...
demo.pcm not found, waiting...
demo.pcm not found, waiting...
demo.pcm not found, waiting...
demo.pcm not found, waiting...
demo.pcm not found, waiting...
demo.pcm not found, waiting...
demo.pcm not found, waiting...
demo.pcm not found, waiting...
demo.pcm not found, waiting...
demo.pcm not found, waiting...
demo.pcm not found, waiting...
demo.pcm not found, waiting...
demo.pcm not found, waiting...
demo.pcm not found, waiting...
demo.pcm not found, waiting...
demo.pcm not found, waiting...
demo.pcm not found, waiting...
demo.pcm not found, waiting...
demo.pcm not found, waiting...
demo.pcm not found, waiting...
demo.pcm not found, waiting...
demo.pcm not found, waiting...
demo.pcm not found, waiting...
demo.pcm not found, waiting...
demo.pcm not found, waiting...
demo.pcm not found, waiting...
demo.pcm not found, waiting...
demo.pcm not found, waiting...
demo.pcm not found, waiting...
demo.pcm not found, waiting...
demo.pcm not found, waiting...
demo.pcm not found, waiting...
demo.pcm not found, waiting...
demo.pcm not found, waiting...
demo.pcm not found, waiting...
demo.pcm not found, waiting...
demo.pcm not found, waiting...
demo.pcm not found, waiting...
demo.pcm not found, waiting...
demo.pcm not found, waiting...
demo.pcm not found, waiting...
demo.pcm not found, waiting...
demo.pcm not found, waiting...
demo.pcm not found, waiting...
demo.pcm not found, waiting...
demo.pcm not found, waiting...
demo.pcm not found, waiting...
demo.pcm not found, waiting...
demo.pcm not found, waiting...
demo.pcm not found, waiting...
demo.pcm not found, waiting...
demo.pcm not found, waiting...
demo.pcm not found, waiting...
demo.pcm not found, waiting...
demo.pcm not found, waiting...
demo.pcm not found, waiting...
demo.pcm not found, waiting...
demo.pcm not found, waiting...
demo.pcm not found, waiting...
demo.pcm not found, waiting...
demo.pcm not found, waiting...
demo.pcm not found, waiting...
demo.pcm not found, waiting...
demo.pcm not found, waiting...
demo.pcm not found, waiting...
demo.pcm not found, waiting...
demo.pcm not found, waiting...
demo.pcm not found, waiting...
demo.pcm not found, waiting...
demo.pcm not found, waiting...
demo.pcm not found, waiting...
demo.pcm not found, waiting...
demo.pcm not found, waiting...
demo.pcm not found, waiting...
demo.pcm not found, waiting...
demo.pcm not found, waiting...
demo.pcm not found, waiting...
demo.pcm not found, waiting...
demo.pcm not found, waiting...
demo.pcm not found, waiting...
demo.pcm not found, waiting...
demo.pcm not found, waiting...
demo.pcm not found, waiting...
demo.pcm not found, waiting...
demo.pcm not found, waiting...
demo.pcm not found, waiting...
demo.pcm not found, waiting...
demo.pcm not found, waiting...
demo.pcm not found, waiting...
demo.pcm not found, waiting...
demo.pcm not found, waiting...
demo.pcm not found, waiting...
demo.pcm not found, waiting...
demo.pcm not found, waiting...
demo.pcm not found, waiting...
demo.pcm not found, waiting...
demo.pcm not found, waiting...
demo.pcm not found, waiting...
demo.pcm not found, waiting...
demo.pcm not found, waiting...
demo.pcm not found, waiting...
demo.pcm not found, waiting...
demo.pcm not found, waiting...
demo.pcm not found, waiting...
demo.pcm not found, waiting...
demo.pcm not found, waiting...
demo.pcm not found, waiting...
demo.pcm not found, waiting...
demo.pcm not found, waiting...
demo.pcm not found, waiting...
demo.pcm not found, waiting...
demo.pcm not found, waiting...
demo.pcm not found, waiting...
demo.pcm not found, waiting...
demo.pcm not found, waiting...
demo.pcm not found, waiting...
demo.pcm not found, waiting...
demo.pcm not found, waiting...
demo.pcm not found, waiting...
demo.pcm not found, waiting...
demo.pcm not found, waiting...
demo.pcm not found, waiting...
demo.pcm not found, waiting...
demo.pcm not found, waiting...
demo.pcm not found, waiting...
demo.pcm not found, waiting...
demo.pcm not found, waiting...
demo.pcm not found, waiting...
demo.pcm not found, waiting...
demo.pcm not found, waiting...
demo.pcm not found, waiting...
demo.pcm not found, waiting...
demo.pcm not found, waiting...
demo.pcm not found, waiting...
demo.pcm not found, waiting...
demo.pcm not found, waiting...
demo.pcm not found, waiting...
demo.pcm not found, waiting...
demo.pcm not found, waiting...
demo.pcm not found, waiting...
demo.pcm not found, waiting...
demo.pcm not found, waiting...
demo.pcm not found, waiting...
demo.pcm not found, waiting...
demo.pcm not found, waiting...
demo.pcm not found, waiting...
demo.pcm not found, waiting...
demo.pcm not found, waiting...
demo.pcm not found, waiting...
demo.pcm not found, waiting...
demo.pcm not found, waiting...
demo.pcm not found, waiting...
demo.pcm not found, waiting...
demo.pcm not found, waiting...
demo.pcm not found, waiting...
demo.pcm not found, waiting...
demo.pcm not found, waiting...
demo.pcm not found, waiting...
demo.pcm not found, waiting...
demo.pcm not found, waiting...
demo.pcm not found, waiting...
demo.pcm not found, waiting...
demo.pcm not found, waiting...
demo.pcm not found, waiting...
demo.pcm not found, waiting...
demo.pcm not found, waiting...
demo.pcm not found, waiting...
demo.pcm not found, waiting...
demo.pcm not found, waiting...
demo.pcm not found, waiting...
demo.pcm not found, waiting...
demo.pcm not found, waiting...
demo.pcm not found, waiting...
demo.pcm not found, waiting...
demo.pcm not found, waiting...
demo.pcm not found, waiting...
demo.pcm not found, waiting...
demo.pcm not found, waiting...
demo.pcm not found, waiting...
demo.pcm not found, waiting...
demo.pcm not found, waiting...
demo.pcm not found, waiting...
demo.pcm not found, waiting...
demo.pcm not found, waiting...
demo.pcm not found, waiting...
demo.pcm not found, waiting...
demo.pcm not found, waiting...
demo.pcm not found, waiting...
demo.pcm not found, waiting...
demo.pcm not found, waiting...
demo.pcm not found, waiting...
demo.pcm not found, waiting...
demo.pcm not found, waiting...
demo.pcm not found, waiting...
demo.pcm not found, waiting...
demo.pcm not found, waiting...
demo.pcm not found, waiting...
demo.pcm not found, waiting...
demo.pcm not found, waiting...
demo.pcm not found, waiting...
demo.pcm not found, waiting...
demo.pcm not found, waiting...
demo.pcm not found, waiting...
demo.pcm not found, waiting...
demo.pcm not found, waiting...
demo.pcm not found, waiting...
demo.pcm not found, waiting...
demo.pcm not found, waiting...
demo.pcm not found, waiting...
demo.pcm not found, waiting...
demo.pcm not found, waiting...
demo.pcm not found, waiting...
demo.pcm not found, waiting...
demo.pcm not found, waiting...
demo.pcm not found, waiting...
demo.pcm not found, waiting...
demo.pcm not found, waiting...
demo.pcm not found, waiting...
demo.pcm not found, waiting...
demo.pcm not found, waiting...
demo.pcm not found, waiting...
demo.pcm not found, waiting...
demo.pcm not found, waiting...
demo.pcm not found, waiting...
demo.pcm not found, waiting...
demo.pcm not found, waiting...
demo.pcm not found, waiting...
demo.pcm not found, waiting...
demo.pcm not found, waiting...
demo.pcm not found, waiting...
demo.pcm not found, waiting...
demo.pcm not found, waiting...
demo.pcm not found, waiting...
demo.pcm not found, waiting...
demo.pcm not found, waiting...
demo.pcm not found, waiting...
demo.pcm not found, waiting...
demo.pcm not found, waiting...
demo.pcm not found, waiting...
demo.pcm not found, waiting...
demo.pcm not found, waiting...
demo.pcm not found, waiting...
demo.pcm not found, waiting...
demo.pcm not found, waiting...
demo.pcm not found, waiting...
demo.pcm not found, waiting...
demo.pcm not found, waiting...
demo.pcm not found, waiting...
demo.pcm not found, waiting...
demo.pcm not found, waiting...
demo.pcm not found, waiting...
demo.pcm not found, waiting...
demo.pcm not found, waiting...
demo.pcm not found, waiting...
demo.pcm not found, waiting...
demo.pcm not found, waiting...
demo.pcm not found, waiting...
demo.pcm not found, waiting...
demo.pcm not found, waiting...
demo.pcm not found, waiting...
demo.pcm not found, waiting...
demo.pcm not found, waiting...
demo.pcm not found, waiting...
demo.pcm not found, waiting...
demo.pcm not found, waiting...
demo.pcm not found, waiting...
demo.pcm not found, waiting...
demo.pcm not found, waiting...
demo.pcm not found, waiting...
demo.pcm not found, waiting...
demo.pcm not found, waiting...
demo.pcm not found, waiting...
demo.pcm not found, waiting...
demo.pcm not found, waiting...
demo.pcm not found, waiting...
demo.pcm not found, waiting...
demo.pcm not found, waiting...
demo.pcm not found, waiting...
demo.pcm not found, waiting...
demo.pcm not found, waiting...
demo.pcm not found, waiting...
demo.pcm not found, waiting...
demo.pcm not found, waiting...
demo.pcm not found, waiting...
demo.pcm not found, waiting...
demo.pcm not found, waiting...
demo.pcm not found, waiting...
demo.pcm not found, waiting...
demo.pcm not found, waiting...
demo.pcm not found, waiting...
demo.pcm not found, waiting...
demo.pcm not found, waiting...
demo.pcm not found, waiting...
demo.pcm not found, waiting...
demo.pcm not found, waiting...
demo.pcm not found, waiting...
demo.pcm not found, waiting...
demo.pcm not found, waiting...
demo.pcm not found, waiting...
demo.pcm not found, waiting...
demo.pcm not found, waiting...
demo.pcm not found, waiting...
demo.pcm not found, waiting...
demo.pcm not found, waiting...
demo.pcm not found, waiting...
demo.pcm not found, waiting...
demo.pcm not found, waiting...
demo.pcm not found, waiting...
demo.pcm not found, waiting...
demo.pcm not found, waiting...
demo.pcm not found, waiting...
demo.pcm not found, waiting...
demo.pcm not found, waiting...
demo.pcm not found, waiting...
demo.pcm not found, waiting...
demo.pcm not found, waiting...
demo.pcm not found, waiting...
demo.pcm not found, waiting...
demo.pcm not found, waiting...
demo.pcm not found, waiting...
demo.pcm not found, waiting...
demo.pcm not found, waiting...
demo.pcm not found, waiting...
demo.pcm not found, waiting...
demo.pcm not found, waiting...
demo.pcm not found, waiting...
demo.pcm not found, waiting...
demo.pcm not found, waiting...
demo.pcm not found, waiting...
demo.pcm not found, waiting...
demo.pcm not found, waiting...
demo.pcm not found, waiting...
demo.pcm not found, waiting...
demo.pcm not found, waiting...
demo.pcm not found, waiting...
demo.pcm not found, waiting...
demo.pcm not found, waiting...
demo.pcm not found, waiting...
demo.pcm not found, waiting...
demo.pcm not found, waiting...
demo.pcm not found, waiting...
demo.pcm not found, waiting...
demo.pcm not found, waiting...
demo.pcm not found, waiting...
demo.pcm not found, waiting...
demo.pcm not found, waiting...
demo.pcm not found, waiting...
demo.pcm not found, waiting...
demo.pcm not found, waiting...
demo.pcm not found, waiting...
demo.pcm not found, waiting...
demo.pcm not found, waiting...
demo.pcm not found, waiting...
demo.pcm not found, waiting...
demo.pcm not found, waiting...
demo.pcm not found, waiting...
demo.pcm not found, waiting...
demo.pcm not found, waiting...
demo.pcm not found, waiting...
demo.pcm not found, waiting...
demo.pcm not found, waiting...
demo.pcm not found, waiting...
demo.pcm not found, waiting...
demo.pcm not found, waiting...
demo.pcm not found, waiting...
demo.pcm not found, waiting...
demo.pcm not found, waiting...
demo.pcm not found, waiting...
demo.pcm not found, waiting...
demo.pcm not found, waiting...
demo.pcm not found, waiting...
demo.pcm not found, waiting...
demo.pcm not found, waiting...
demo.pcm not found, waiting...
demo.pcm not found, waiting...
demo.pcm not found, waiting...
demo.pcm not found, waiting...
demo.pcm not found, waiting...
demo.pcm not found, waiting...
demo.pcm not found, waiting...
demo.pcm not found, waiting...
demo.pcm not found, waiting...
demo.pcm not found, waiting...
demo.pcm not found, waiting...
demo.pcm not found, waiting...
demo.pcm not found, waiting...
demo.pcm not found, waiting...
demo.pcm not found, waiting...
demo.pcm not found, waiting...
demo.pcm not found, waiting...
demo.pcm not found, waiting...
demo.pcm not found, waiting...
demo.pcm not found, waiting...
demo.pcm not found, waiting...
demo.pcm not found, waiting...
demo.pcm not found, waiting...
demo.pcm not found, waiting...
demo.pcm not found, waiting...
demo.pcm not found, waiting...
demo.pcm not found, waiting...
demo.pcm not found, waiting...
demo.pcm not found, waiting...
demo.pcm not found, waiting...
demo.pcm not found, waiting...
demo.pcm not found, waiting...
demo.pcm not found, waiting...
demo.pcm not found, waiting...
demo.pcm not found, waiting...
demo.pcm not found, waiting...
demo.pcm not found, waiting...
demo.pcm not found, waiting...
demo.pcm not found, waiting...
demo.pcm not found, waiting...
demo.pcm not found, waiting...
demo.pcm not found, waiting...
demo.pcm not found, waiting...
demo.pcm not found, waiting...
demo.pcm not found, waiting...
demo.pcm not found, waiting...
demo.pcm not found, waiting...
demo.pcm not found, waiting...
demo.pcm not found, waiting...
demo.pcm not found, waiting...
demo.pcm not found, waiting...
demo.pcm not found, waiting...
demo.pcm not found, waiting...
demo.pcm not found, waiting...
demo.pcm not found, waiting...
demo.pcm not found, waiting...
demo.pcm not found, waiting...
demo.pcm not found, waiting...
demo.pcm not found, waiting...
demo.pcm not found, waiting...
demo.pcm not found, waiting...
demo.pcm not found, waiting...
demo.pcm not found, waiting...
demo.pcm not found, waiting...
demo.pcm not found, waiting...
demo.pcm not found, waiting...
demo.pcm not found, waiting...
demo.pcm not found, waiting...
demo.pcm not found, waiting...
demo.pcm not found, waiting...
demo.pcm not found, waiting...
demo.pcm not found, waiting...
demo.pcm not found, waiting...
demo.pcm not found, waiting...
demo.pcm not found, waiting...
demo.pcm not found, waiting...
demo.pcm not found, waiting...
demo.pcm not found, waiting...
demo.pcm not found, waiting...
demo.pcm not found, waiting...
demo.pcm not found, waiting...
demo.pcm not found, waiting...
demo.pcm not found, waiting...
demo.pcm not found, waiting...
demo.pcm not found, waiting...
demo.pcm not found, waiting...
demo.pcm not found, waiting...
demo.pcm not found, waiting...
demo.pcm not found, waiting...
demo.pcm not found, waiting...
demo.pcm not found, waiting...
demo.pcm not found, waiting...
demo.pcm not found, waiting...
demo.pcm not found, waiting...
demo.pcm not found, waiting...
demo.pcm not found, waiting...
demo.pcm not found, waiting...
demo.pcm not found, waiting...
demo.pcm not found, waiting...
demo.pcm not found, waiting...
demo.pcm not found, waiting...
demo.pcm not found, waiting...
demo.pcm not found, waiting...
demo.pcm not found, waiting...
demo.pcm not found, waiting...
demo.pcm not found, waiting...
demo.pcm not found, waiting...
demo.pcm not found, waiting...
demo.pcm not found, waiting...
demo.pcm not found, waiting...
demo.pcm not found, waiting...
demo.pcm not found, waiting...
demo.pcm not found, waiting...
demo.pcm not found, waiting...
demo.pcm not found, waiting...
demo.pcm not found, waiting...
demo.pcm not found, waiting...
demo.pcm not found, waiting...
demo.pcm not found, waiting...
demo.pcm not found, waiting...
demo.pcm not found, waiting...
demo.pcm not found, waiting...
demo.pcm not found, waiting...
demo.pcm not found, waiting...
demo.pcm not found, waiting...
demo.pcm not found, waiting...
demo.pcm not found, waiting...
demo.pcm not found, waiting...
demo.pcm not found, waiting...
demo.pcm not found, waiting...
demo.pcm not found, waiting...
demo.pcm not found, waiting...
demo.pcm not found, waiting...
demo.pcm not found, waiting...
demo.pcm not found, waiting...
demo.pcm not found, waiting...
demo.pcm not found, waiting...
demo.pcm not found, waiting...
demo.pcm not found, waiting...
demo.pcm not found, waiting...
demo.pcm not found, waiting...
demo.pcm not found, waiting...
demo.pcm not found, waiting...
demo.pcm not found, waiting...
demo.pcm not found, waiting...
demo.pcm not found, waiting...
demo.pcm not found, waiting...
demo.pcm not found, waiting...
demo.pcm not found, waiting...
demo.pcm not found, waiting...
demo.pcm not found, waiting...
demo.pcm not found, waiting...
demo.pcm not found, waiting...
demo.pcm not found, waiting...
demo.pcm not found, waiting...
demo.pcm not found, waiting...
demo.pcm not found, waiting...
demo.pcm not found, waiting...
demo.pcm not found, waiting...
demo.pcm not found, waiting...
demo.pcm not found, waiting...
demo.pcm not found, waiting...
demo.pcm not found, waiting...
demo.pcm not found, waiting...
demo.pcm not found, waiting...
demo.pcm not found, waiting...
demo.pcm not found, waiting...
demo.pcm not found, waiting...
demo.pcm not found, waiting...
demo.pcm not found, waiting...
demo.pcm not found, waiting...
demo.pcm not found, waiting...
demo.pcm not found, waiting...
demo.pcm not found, waiting...
demo.pcm not found, waiting...
demo.pcm not found, waiting...
demo.pcm not found, waiting...
demo.pcm not found, waiting...
demo.pcm not found, waiting...
demo.pcm not found, waiting...
demo.pcm not found, waiting...
demo.pcm not found, waiting...
demo.pcm not found, waiting...
demo.pcm not found, waiting...
demo.pcm not found, waiting...
demo.pcm not found, waiting...
demo.pcm not found, waiting...
demo.pcm not found, waiting...
demo.pcm not found, waiting...
demo.pcm not found, waiting...
demo.pcm not found, waiting...
demo.pcm not found, waiting...
demo.pcm not found, waiting...
demo.pcm not found, waiting...
demo.pcm not found, waiting...
demo.pcm not found, waiting...
demo.pcm not found, waiting...
demo.pcm not found, waiting...
demo.pcm not found, waiting...
demo.pcm not found, waiting...
demo.pcm not found, waiting...
demo.pcm not found, waiting...
demo.pcm not found, waiting...
demo.pcm not found, waiting...
demo.pcm not found, waiting...
demo.pcm not found, waiting...
demo.pcm not found, waiting...
demo.pcm not found, waiting...
demo.pcm not found, waiting...
demo.pcm not found, waiting...
demo.pcm not found, waiting...
demo.pcm not found, waiting...
demo.pcm not found, waiting...
demo.pcm not found, waiting...
demo.pcm not found, waiting...
demo.pcm not found, waiting...
demo.pcm not found, waiting...
demo.pcm not found, waiting...
demo.pcm not found, waiting...
demo.pcm not found, waiting...
demo.pcm not found, waiting...
demo.pcm not found, waiting...
demo.pcm not found, waiting...
demo.pcm not found, waiting...
demo.pcm not found, waiting...
demo.pcm not found, waiting...
demo.pcm not found, waiting...
demo.pcm not found, waiting...
demo.pcm not found, waiting...
demo.pcm not found, waiting...
demo.pcm not found, waiting...
demo.pcm not found, waiting...
demo.pcm not found, waiting...
demo.pcm not found, waiting...
demo.pcm not found, waiting...
demo.pcm not found, waiting...
demo.pcm not found, waiting...
demo.pcm not found, waiting...
demo.pcm not found, waiting...
demo.pcm not found, waiting...
demo.pcm not found, waiting...
demo.pcm not found, waiting...
demo.pcm not found, waiting...
demo.pcm not found, waiting...
demo.pcm not found, waiting...
demo.pcm not found, waiting...
demo.pcm not found, waiting...
demo.pcm not found, waiting...
demo.pcm not found, waiting...
demo.pcm not found, waiting...
demo.pcm not found, waiting...
demo.pcm not found, waiting...
demo.pcm not found, waiting...
demo.pcm not found, waiting...
demo.pcm not found, waiting...
demo.pcm not found, waiting...
demo.pcm not found, waiting...
demo.pcm not found, waiting...
demo.pcm not found, waiting...
demo.pcm not found, waiting...
demo.pcm not found, waiting...
demo.pcm not found, waiting...
demo.pcm not found, waiting...
demo.pcm not found, waiting...
demo.pcm not found, waiting...
demo.pcm not found, waiting...
demo.pcm not found, waiting...
demo.pcm not found, waiting...
demo.pcm not found, waiting...
demo.pcm not found, waiting...
demo.pcm not found, waiting...
demo.pcm not found, waiting...
demo.pcm not found, waiting...
demo.pcm not found, waiting...
demo.pcm not found, waiting...
demo.pcm not found, waiting...
demo.pcm not found, waiting...
demo.pcm not found, waiting...
demo.pcm not found, waiting...
demo.pcm not found, waiting...
demo.pcm not found, waiting...
demo.pcm not found, waiting...
demo.pcm not found, waiting...
demo.pcm not found, waiting...
demo.pcm not found, waiting...
demo.pcm not found, waiting...
demo.pcm not found, waiting...
demo.pcm not found, waiting...
demo.pcm not found, waiting...
demo.pcm not found, waiting...
demo.pcm not found, waiting...
demo.pcm not found, waiting...
demo.pcm not found, waiting...
demo.pcm not found, waiting...
demo.pcm not found, waiting...
demo.pcm not found, waiting...
demo.pcm not found, waiting...
demo.pcm not found, waiting...
demo.pcm not found, waiting...
demo.pcm not found, waiting...
demo.pcm not found, waiting...
demo.pcm not found, waiting...
demo.pcm not found, waiting...
demo.pcm not found, waiting...
demo.pcm not found, waiting...
demo.pcm not found, waiting...
demo.pcm not found, waiting...
demo.pcm not found, waiting...
demo.pcm not found, waiting...
demo.pcm not found, waiting...
demo.pcm not found, waiting...
demo.pcm not found, waiting...
demo.pcm not found, waiting...
demo.pcm not found, waiting...
demo.pcm not found, waiting...
demo.pcm not found, waiting...
demo.pcm not found, waiting...
demo.pcm not found, waiting...
demo.pcm not found, waiting...
demo.pcm not found, waiting...
demo.pcm not found, waiting...
demo.pcm not found, waiting...
demo.pcm not found, waiting...
demo.pcm not found, waiting...
demo.pcm not found, waiting...
demo.pcm not found, waiting...
demo.pcm not found, waiting...
demo.pcm not found, waiting...
demo.pcm not found, waiting...
demo.pcm not found, waiting...
demo.pcm not found, waiting...
demo.pcm not found, waiting...
demo.pcm not found, waiting...
demo.pcm not found, waiting...
demo.pcm not found, waiting...
demo.pcm not found, waiting...
demo.pcm not found, waiting...
demo.pcm not found, waiting...
demo.pcm not found, waiting...
demo.pcm not found, waiting...
demo.pcm not found, waiting...
demo.pcm not found, waiting...
demo.pcm not found, waiting...
demo.pcm not found, waiting...
demo.pcm not found, waiting...
demo.pcm not found, waiting...
demo.pcm not found, waiting...
demo.pcm not found, waiting...
demo.pcm not found, waiting...
demo.pcm not found, waiting...
demo.pcm not found, waiting...
demo.pcm not found, waiting...
demo.pcm not found, waiting...
demo.pcm not found, waiting...
demo.pcm not found, waiting...
demo.pcm not found, waiting...
demo.pcm not found, waiting...
demo.pcm not found, waiting...
demo.pcm not found, waiting...
demo.pcm not found, waiting...
demo.pcm not found, waiting...
demo.pcm not found, waiting...
demo.pcm not found, waiting...
demo.pcm not found, waiting...
demo.pcm not found, waiting...
demo.pcm not found, waiting...
demo.pcm not found, waiting...
demo.pcm not found, waiting...
demo.pcm not found, waiting...
demo.pcm not found, waiting...
demo.pcm not found, waiting...
demo.pcm not found, waiting...
demo.pcm not found, waiting...
demo.pcm not found, waiting...
demo.pcm not found, waiting...
demo.pcm not found, waiting...
demo.pcm not found, waiting...
demo.pcm not found, waiting...
demo.pcm not found, waiting...
demo.pcm not found, waiting...
demo.pcm not found, waiting...
demo.pcm not found, waiting...
demo.pcm not found, waiting...
demo.pcm not found, waiting...
demo.pcm not found, waiting...
demo.pcm not found, waiting...
demo.pcm not found, waiting...
demo.pcm not found, waiting...
demo.pcm not found, waiting...
demo.pcm not found, waiting...
demo.pcm not found, waiting...
demo.pcm not found, waiting...
demo.pcm not found, waiting...
demo.pcm not found, waiting...
demo.pcm not found, waiting...
demo.pcm not found, waiting...
demo.pcm not found, waiting...
demo.pcm not found, waiting...
demo.pcm not found, waiting...
demo.pcm not found, waiting...
demo.pcm not found, waiting...
demo.pcm not found, waiting...
demo.pcm not found, waiting...
demo.pcm not found, waiting...
demo.pcm not found, waiting...
demo.pcm not found, waiting...
demo.pcm not found, waiting...
demo.pcm not found, waiting...
demo.pcm not found, waiting...
demo.pcm not found, waiting...
demo.pcm not found, waiting...
demo.pcm not found, waiting...
demo.pcm not found, waiting...
demo.pcm not found, waiting...
demo.pcm not found, waiting...
demo.pcm not found, waiting...
demo.pcm not found, waiting...
demo.pcm not found, waiting...
demo.pcm not found, waiting...
demo.pcm not found, waiting...
demo.pcm not found, waiting...
demo.pcm not found, waiting...
demo.pcm not found, waiting...
demo.pcm not found, waiting...
demo.pcm not found, waiting...
demo.pcm not found, waiting...
demo.pcm not found, waiting...
demo.pcm not found, waiting...
demo.pcm not found, waiting...
demo.pcm not found, waiting...
demo.pcm not found, waiting...
demo.pcm not found, waiting...
demo.pcm not found, waiting...
demo.pcm not found, waiting...
demo.pcm not found, waiting...
demo.pcm not found, waiting...
demo.pcm not found, waiting...
demo.pcm not found, waiting...
demo.pcm not found, waiting...
demo.pcm not found, waiting...
demo.pcm not found, waiting...
demo.pcm not found, waiting...
demo.pcm not found, waiting...
demo.pcm not found, waiting...
demo.pcm not found, waiting...
demo.pcm not found, waiting...
demo.pcm not found, waiting...
demo.pcm not found, waiting...
demo.pcm not found, waiting...
demo.pcm not found, waiting...
demo.pcm not found, waiting...
demo.pcm not found, waiting...
demo.pcm not found, waiting...
demo.pcm not found, waiting...
demo.pcm not found, waiting...
demo.pcm not found, waiting...
demo.pcm not found, waiting...
demo.pcm not found, waiting...
demo.pcm not found, waiting...
demo.pcm not found, waiting...
demo.pcm not found, waiting...
demo.pcm not found, waiting...
demo.pcm not found, waiting...
demo.pcm not found, waiting...
demo.pcm not found, waiting...
demo.pcm not found, waiting...
demo.pcm not found, waiting...
demo.pcm not found, waiting...
demo.pcm not found, waiting...
demo.pcm not found, waiting...
demo.pcm not found, waiting...
demo.pcm not found, waiting...
demo.pcm not found, waiting...
demo.pcm not found, waiting...
demo.pcm not found, waiting...
demo.pcm not found, waiting...
demo.pcm not found, waiting...
demo.pcm not found, waiting...
demo.pcm not found, waiting...
demo.pcm not found, waiting...
demo.pcm not found, waiting...
demo.pcm not found, waiting...
demo.pcm not found, waiting...
demo.pcm not found, waiting...
demo.pcm not found, waiting...
demo.pcm not found, waiting...
demo.pcm not found, waiting...
demo.pcm not found, waiting...
demo.pcm not found, waiting...
demo.pcm not found, waiting...
demo.pcm not found, waiting...
demo.pcm not found, waiting...
demo.pcm not found, waiting...
demo.pcm not found, waiting...
demo.pcm not found, waiting...
demo.pcm not found, waiting...
demo.pcm not found, waiting...
demo.pcm not found, waiting...
demo.pcm not found, waiting...
demo.pcm not found, waiting...
demo.pcm not found, waiting...
demo.pcm not found, waiting...
demo.pcm not found, waiting...
demo.pcm not found, waiting...
demo.pcm not found, waiting...
demo.pcm not found, waiting...
demo.pcm not found, waiting...
demo.pcm not found, waiting...
demo.pcm not found, waiting...
demo.pcm not found, waiting...
demo.pcm not found, waiting...
demo.pcm not found, waiting...
demo.pcm not found, waiting...
demo.pcm not found, waiting...
demo.pcm not found, waiting...
demo.pcm not found, waiting...
demo.pcm not found, waiting...
demo.pcm not found, waiting...
demo.pcm not found, waiting...
demo.pcm not found, waiting...
demo.pcm not found, waiting...
demo.pcm not found, waiting...
demo.pcm not found, waiting...
demo.pcm not found, waiting...
demo.pcm not found, waiting...
demo.pcm not found, waiting...
demo.pcm not found, waiting...
demo.pcm not found, waiting...
demo.pcm not found, waiting...
demo.pcm not found, waiting...
demo.pcm not found, waiting...
demo.pcm not found, waiting...
demo.pcm not found, waiting...
demo.pcm not found, waiting...
demo.pcm not found, waiting...
demo.pcm not found, waiting...
demo.pcm not found, waiting...
demo.pcm not found, waiting...
demo.pcm not found, waiting...
demo.pcm not found, waiting...
demo.pcm not found, waiting...
demo.pcm not found, waiting...
demo.pcm not found, waiting...
demo.pcm not found, waiting...
demo.pcm not found, waiting...
demo.pcm not found, waiting...
demo.pcm not found, waiting...
demo.pcm not found, waiting...
demo.pcm not found, waiting...
demo.pcm not found, waiting...
demo.pcm not found, waiting...
demo.pcm not found, waiting...
demo.pcm not found, waiting...
demo.pcm not found, waiting...
demo.pcm not found, waiting...
demo.pcm not found, waiting...
demo.pcm not found, waiting...
demo.pcm not found, waiting...
demo.pcm not found, waiting...
demo.pcm not found, waiting...
demo.pcm not found, waiting...
demo.pcm not found, waiting...
demo.pcm not found, waiting...
demo.pcm not found, waiting...
demo.pcm not found, waiting...
demo.pcm not found, waiting...
demo.pcm not found, waiting...
demo.pcm not found, waiting...
demo.pcm not found, waiting...
demo.pcm not found, waiting...
demo.pcm not found, waiting...
demo.pcm not found, waiting...
demo.pcm not found, waiting...
demo.pcm not found, waiting...
demo.pcm not found, waiting...
demo.pcm not found, waiting...
demo.pcm not found, waiting...
demo.pcm not found, waiting...
demo.pcm not found, waiting...
demo.pcm not found, waiting...
demo.pcm not found, waiting...
demo.pcm not found, waiting...
demo.pcm not found, waiting...
demo.pcm not found, waiting...
demo.pcm not found, waiting...
demo.pcm not found, waiting...
demo.pcm not found, waiting...
demo.pcm not found, waiting...
demo.pcm not found, waiting...
demo.pcm not found, waiting...
demo.pcm not found, waiting...
demo.pcm not found, waiting...
demo.pcm not found, waiting...
demo.pcm not found, waiting...
demo.pcm not found, waiting...
demo.pcm not found, waiting...
demo.pcm not found, waiting...
demo.pcm not found, waiting...
demo.pcm not found, waiting...
demo.pcm not found, waiting...
demo.pcm not found, waiting...
demo.pcm not found, waiting...
demo.pcm not found, waiting...
demo.pcm not found, waiting...
demo.pcm not found, waiting...
demo.pcm not found, waiting...
demo.pcm not found, waiting...
demo.pcm not found, waiting...
demo.pcm not found, waiting...
demo.pcm not found, waiting...
demo.pcm not found, waiting...
demo.pcm not found, waiting...
demo.pcm not found, waiting...
demo.pcm not found, waiting...
demo.pcm not found, waiting...
demo.pcm not found, waiting...
demo.pcm not found, waiting...
demo.pcm not found, waiting...
demo.pcm not found, waiting...
demo.pcm not found, waiting...
demo.pcm not found, waiting...
demo.pcm not found, waiting...
demo.pcm not found, waiting...
demo.pcm not found, waiting...
demo.pcm not found, waiting...
demo.pcm not found, waiting...
demo.pcm not found, waiting...
demo.pcm not found, waiting...
demo.pcm not found, waiting...
demo.pcm not found, waiting...
demo.pcm not found, waiting...
demo.pcm not found, waiting...
demo.pcm not found, waiting...
demo.pcm not found, waiting...
demo.pcm not found, waiting...
demo.pcm not found, waiting...
demo.pcm not found, waiting...
demo.pcm not found, waiting...
demo.pcm not found, waiting...
demo.pcm not found, waiting...
demo.pcm not found, waiting...
demo.pcm not found, waiting...
demo.pcm not found, waiting...
demo.pcm not found, waiting...
demo.pcm not found, waiting...
demo.pcm not found, waiting...
demo.pcm not found, waiting...
demo.pcm not found, waiting...
demo.pcm not found, waiting...
demo.pcm not found, waiting...
demo.pcm not found, waiting...
demo.pcm not found, waiting...
demo.pcm not found, waiting...
demo.pcm not found, waiting...
demo.pcm not found, waiting...
demo.pcm not found, waiting...
demo.pcm not found, waiting...
demo.pcm not found, waiting...
demo.pcm not found, waiting...
demo.pcm not found, waiting...
demo.pcm not found, waiting...
demo.pcm not found, waiting...
demo.pcm not found, waiting...
demo.pcm not found, waiting...
demo.pcm not found, waiting...
demo.pcm not found, waiting...
demo.pcm not found, waiting...
demo.pcm not found, waiting...
demo.pcm not found, waiting...
demo.pcm not found, waiting...
demo.pcm not found, waiting...
demo.pcm not found, waiting...
demo.pcm not found, waiting...
demo.pcm not found, waiting...
demo.pcm not found, waiting...
demo.pcm not found, waiting...
demo.pcm not found, waiting...
demo.pcm not found, waiting...
demo.pcm not found, waiting...
demo.pcm not found, waiting...
demo.pcm not found, waiting...
demo.pcm not found, waiting...
demo.pcm not found, waiting...
demo.pcm not found, waiting...
demo.pcm not found, waiting...
demo.pcm not found, waiting...
demo.pcm not found, waiting...
demo.pcm not found, waiting...
demo.pcm not found, waiting...
demo.pcm not found, waiting...
demo.pcm not found, waiting...
demo.pcm not found, waiting...
demo.pcm not found, waiting...
demo.pcm not found, waiting...
demo.pcm not found, waiting...
demo.pcm not found, waiting...
demo.pcm not found, waiting...
demo.pcm not found, waiting...
demo.pcm not found, waiting...
demo.pcm not found, waiting...
demo.pcm not found, waiting...
demo.pcm not found, waiting...
demo.pcm not found, waiting...
demo.pcm not found, waiting...
demo.pcm not found, waiting...
demo.pcm not found, waiting...
demo.pcm not found, waiting...
demo.pcm not found, waiting...
demo.pcm not found, waiting...
demo.pcm not found, waiting...
demo.pcm not found, waiting...
demo.pcm not found, waiting...
demo.pcm not found, waiting...
demo.pcm not found, waiting...
demo.pcm not found, waiting...
demo.pcm not found, waiting...
demo.pcm not found, waiting...
demo.pcm not found, waiting...
demo.pcm not found, waiting...
demo.pcm not found, waiting...
demo.pcm not found, waiting...
demo.pcm not found, waiting...
demo.pcm not found, waiting...
demo.pcm not found, waiting...
demo.pcm not found, waiting...
demo.pcm not found, waiting...
demo.pcm not found, waiting...
demo.pcm not found, waiting...
demo.pcm not found, waiting...
demo.pcm not found, waiting...
demo.pcm not found, waiting...
demo.pcm not found, waiting...
demo.pcm not found, waiting...
demo.pcm not found, waiting...
demo.pcm not found, waiting...
demo.pcm not found, waiting...
demo.pcm not found, waiting...
demo.pcm not found, waiting...
demo.pcm not found, waiting...
demo.pcm not found, waiting...
demo.pcm not found, waiting...
demo.pcm not found, waiting...
demo.pcm not found, waiting...
demo.pcm not found, waiting...
demo.pcm not found, waiting...
demo.pcm not found, waiting...
demo.pcm not found, waiting...
demo.pcm not found, waiting...
demo.pcm not found, waiting...
demo.pcm not found, waiting...
demo.pcm not found, waiting...
demo.pcm not found, waiting...
demo.pcm not found, waiting...
demo.pcm not found, waiting...
demo.pcm not found, waiting...
demo.pcm not found, waiting...
demo.pcm not found, waiting...
demo.pcm not found, waiting...
demo.pcm not found, waiting...
demo.pcm not found, waiting...
demo.pcm not found, waiting...
demo.pcm not found, waiting...
demo.pcm not found, waiting...
demo.pcm not found, waiting...
demo.pcm not found, waiting...
demo.pcm not found, waiting...
demo.pcm not found, waiting...
demo.pcm not found, waiting...
demo.pcm not found, waiting...
demo.pcm not found, waiting...
demo.pcm not found, waiting...
demo.pcm not found, waiting...
demo.pcm not found, waiting...
demo.pcm not found, waiting...
demo.pcm not found, waiting...
demo.pcm not found, waiting...
demo.pcm not found, waiting...
demo.pcm not found, waiting...
demo.pcm not found, waiting...
demo.pcm not found, waiting...
demo.pcm not found, waiting...
demo.pcm not found, waiting...
demo.pcm not found, waiting...
demo.pcm not found, waiting...
demo.pcm not found, waiting...
demo.pcm not found, waiting...
demo.pcm not found, waiting...
demo.pcm not found, waiting...
demo.pcm not found, waiting...
demo.pcm not found, waiting...
demo.pcm not found, waiting...
demo.pcm not found, waiting...
demo.pcm not found, waiting...
demo.pcm not found, waiting...
demo.pcm not found, waiting...
demo.pcm not found, waiting...
demo.pcm not found, waiting...
demo.pcm not found, waiting...
demo.pcm not found, waiting...
demo.pcm not found, waiting...
demo.pcm not found, waiting...
demo.pcm not found, waiting...
demo.pcm not found, waiting...
demo.pcm not found, waiting...
demo.pcm not found, waiting...
demo.pcm not found, waiting...
demo.pcm not found, waiting...
demo.pcm not found, waiting...
demo.pcm not found, waiting...
demo.pcm not found, waiting...
demo.pcm not found, waiting...
demo.pcm not found, waiting...
demo.pcm not found, waiting...
demo.pcm not found, waiting...
demo.pcm not found, waiting...
demo.pcm not found, waiting...
demo.pcm not found, waiting...
demo.pcm not found, waiting...
demo.pcm not found, waiting...
demo.pcm not found, waiting...
demo.pcm not found, waiting...
demo.pcm not found, waiting...
demo.pcm not found, waiting...
demo.pcm not found, waiting...
demo.pcm not found, waiting...
demo.pcm not found, waiting...
demo.pcm not found, waiting...
demo.pcm not found, waiting...
demo.pcm not found, waiting...
demo.pcm not found, waiting...
demo.pcm not found, waiting...
demo.pcm not found, waiting...
demo.pcm not found, waiting...
demo.pcm not found, waiting...
demo.pcm not found, waiting...
demo.pcm not found, waiting...
demo.pcm not found, waiting...
demo.pcm not found, waiting...
demo.pcm not found, waiting...
demo.pcm not found, waiting...
demo.pcm not found, waiting...
demo.pcm not found, waiting...
demo.pcm not found, waiting...
demo.pcm not found, waiting...
demo.pcm not found, waiting...
demo.pcm not found, waiting...
demo.pcm not found, waiting...
demo.pcm not found, waiting...
demo.pcm not found, waiting...
demo.pcm not found, waiting...
demo.pcm not found, waiting...
demo.pcm not found, waiting...
demo.pcm not found, waiting...
demo.pcm not found, waiting...
demo.pcm not found, waiting...
demo.pcm not found, waiting...
demo.pcm not found, waiting...
demo.pcm not found, waiting...
demo.pcm not found, waiting...
demo.pcm not found, waiting...
demo.pcm not found, waiting...
demo.pcm not found, waiting...
demo.pcm not found, waiting...
demo.pcm not found, waiting...
demo.pcm not found, waiting...
demo.pcm not found, waiting...
demo.pcm not found, waiting...
demo.pcm not found, waiting...
demo.pcm not found, waiting...
demo.pcm not found, waiting...
demo.pcm not found, waiting...
demo.pcm not found, waiting...
demo.pcm not found, waiting...
demo.pcm not found, waiting...
demo.pcm not found, waiting...
demo.pcm not found, waiting...
demo.pcm not found, waiting...
demo.pcm not found, waiting...
demo.pcm not found, waiting...
demo.pcm not found, waiting...
demo.pcm not found, waiting...
demo.pcm not found, waiting...
demo.pcm not found, waiting...
demo.pcm not found, waiting...
demo.pcm not found, waiting...
demo.pcm not found, waiting...
demo.pcm not found, waiting...
demo.pcm not found, waiting...
demo.pcm not found, waiting...
demo.pcm not found, waiting...
demo.pcm not found, waiting...
demo.pcm not found, waiting...
demo.pcm not found, waiting...
demo.pcm not found, waiting...
demo.pcm not found, waiting...
demo.pcm not found, waiting...
demo.pcm not found, waiting...
demo.pcm not found, waiting...
demo.pcm not found, waiting...
demo.pcm not found, waiting...
demo.pcm not found, waiting...
demo.pcm not found, waiting...
demo.pcm not found, waiting...
demo.pcm not found, waiting...
demo.pcm not found, waiting...
demo.pcm not found, waiting...
demo.pcm not found, waiting...
demo.pcm not found, waiting...
demo.pcm not found, waiting...
demo.pcm not found, waiting...
demo.pcm not found, waiting...
demo.pcm not found, waiting...
demo.pcm not found, waiting...
demo.pcm not found, waiting...
demo.pcm not found, waiting...
demo.pcm not found, waiting...
demo.pcm not found, waiting...
demo.pcm not found, waiting...
demo.pcm not found, waiting...
demo.pcm not found, waiting...
demo.pcm not found, waiting...
demo.pcm not found, waiting...
demo.pcm not found, waiting...
demo.pcm not found, waiting...
demo.pcm not found, waiting...
demo.pcm not found, waiting...
demo.pcm not found, waiting...
demo.pcm not found, waiting...
demo.pcm not found, waiting...
demo.pcm not found, waiting...
demo.pcm not found, waiting...
demo.pcm not found, waiting...
demo.pcm not found, waiting...
demo.pcm not found, waiting...
demo.pcm not found, waiting...
demo.pcm not found, waiting...
demo.pcm not found, waiting...
demo.pcm not found, waiting...
demo.pcm not found, waiting...
demo.pcm not found, waiting...
demo.pcm not found, waiting...
demo.pcm not found, waiting...
demo.pcm not found, waiting...
demo.pcm not found, waiting...
demo.pcm not found, waiting...
demo.pcm not found, waiting...
demo.pcm not found, waiting...
demo.pcm not found, waiting...
demo.pcm not found, waiting...
demo.pcm not found, waiting...
demo.pcm not found, waiting...
demo.pcm not found, waiting...
demo.pcm not found, waiting...
demo.pcm not found, waiting...
demo.pcm not found, waiting...
demo.pcm not found, waiting...
demo.pcm not found, waiting...
demo.pcm not found, waiting...
demo.pcm not found, waiting...
demo.pcm not found, waiting...
demo.pcm not found, waiting...
demo.pcm not found, waiting...
demo.pcm not found, waiting...
demo.pcm not found, waiting...
demo.pcm not found, waiting...
demo.pcm not found, waiting...
demo.pcm not found, waiting...
demo.pcm not found, waiting...
demo.pcm not found, waiting...
demo.pcm not found, waiting...
demo.pcm not found, waiting...
demo.pcm not found, waiting...
demo.pcm not found, waiting...
demo.pcm not found, waiting...
demo.pcm not found, waiting...
demo.pcm not found, waiting...
demo.pcm not found, waiting...
demo.pcm not found, waiting...
demo.pcm not found, waiting...
demo.pcm not found, waiting...
demo.pcm not found, waiting...
demo.pcm not found, waiting...
demo.pcm not found, waiting...
demo.pcm not found, waiting...
demo.pcm not found, waiting...
demo.pcm not found, waiting...
demo.pcm not found, waiting...
demo.pcm not found, waiting...
demo.pcm not found, waiting...
demo.pcm not found, waiting...
demo.pcm not found, waiting...
demo.pcm not found, waiting...
demo.pcm not found, waiting...
demo.pcm not found, waiting...
demo.pcm not found, waiting...
demo.pcm not found, waiting...
demo.pcm not found, waiting...
demo.pcm not found, waiting...
demo.pcm not found, waiting...
demo.pcm not found, waiting...
demo.pcm not found, waiting...
demo.pcm not found, waiting...
demo.pcm not found, waiting...
demo.pcm not found, waiting...
demo.pcm not found, waiting...
demo.pcm not found, waiting...
demo.pcm not found, waiting...
demo.pcm not found, waiting...
demo.pcm not found, waiting...
demo.pcm not found, waiting...
demo.pcm not found, waiting...
demo.pcm not found, waiting...
demo.pcm not found, waiting...
demo.pcm not found, waiting...
demo.pcm not found, waiting...
demo.pcm not found, waiting...
demo.pcm not found, waiting...
demo.pcm not found, waiting...
demo.pcm not found, waiting...
demo.pcm not found, waiting...
demo.pcm not found, waiting...
demo.pcm not found, waiting...
demo.pcm not found, waiting...
demo.pcm not found, waiting...
demo.pcm not found, waiting...
demo.pcm not found, waiting...
demo.pcm not found, waiting...
demo.pcm not found, waiting...
demo.pcm not found, waiting...
demo.pcm not found, waiting...
demo.pcm not found, waiting...
demo.pcm not found, waiting...
demo.pcm not found, waiting...
demo.pcm not found, waiting...
demo.pcm not found, waiting...
demo.pcm not found, waiting...
demo.pcm not found, waiting...
demo.pcm not found, waiting...
demo.pcm not found, waiting...
demo.pcm not found, waiting...
demo.pcm not found, waiting...
demo.pcm not found, waiting...
demo.pcm not found, waiting...
demo.pcm not found, waiting...
demo.pcm not found, waiting...
demo.pcm not found, waiting...
demo.pcm not found, waiting...
demo.pcm not found, waiting...
demo.pcm not found, waiting...
demo.pcm not found, waiting...
demo.pcm not found, waiting...
demo.pcm not found, waiting...
demo.pcm not found, waiting...
demo.pcm not found, waiting...
demo.pcm not found, waiting...
demo.pcm not found, waiting...
demo.pcm not found, waiting...
demo.pcm not found, waiting...
demo.pcm not found, waiting...
demo.pcm not found, waiting...
demo.pcm not found, waiting...
demo.pcm not found, waiting...
demo.pcm not found, waiting...
demo.pcm not found, waiting...
demo.pcm not found, waiting...
demo.pcm not found, waiting...
demo.pcm not found, waiting...
demo.pcm not found, waiting...
demo.pcm not found, waiting...
demo.pcm not found, waiting...
demo.pcm not found, waiting...
demo.pcm not found, waiting...
demo.pcm not found, waiting...
demo.pcm not found, waiting...
demo.pcm not found, waiting...
demo.pcm not found, waiting...
demo.pcm not found, waiting...
demo.pcm not found, waiting...
demo.pcm not found, waiting...
demo.pcm not found, waiting...
demo.pcm not found, waiting...
demo.pcm not found, waiting...
demo.pcm not found, waiting...
demo.pcm not found, waiting...
demo.pcm not found, waiting...
demo.pcm not found, waiting...
demo.pcm not found, waiting...
demo.pcm not found, waiting...
demo.pcm not found, waiting...
demo.pcm not found, waiting...
demo.pcm not found, waiting...
demo.pcm not found, waiting...
demo.pcm not found, waiting...
demo.pcm not found, waiting...
demo.pcm not found, waiting...
demo.pcm not found, waiting...
demo.pcm not found, waiting...
demo.pcm not found, waiting...
demo.pcm not found, waiting...
demo.pcm not found, waiting...
demo.pcm not found, waiting...
demo.pcm not found, waiting...
demo.pcm not found, waiting...
demo.pcm not found, waiting...
demo.pcm not found, waiting...
demo.pcm not found, waiting...
demo.pcm not found, waiting...
demo.pcm not found, waiting...
demo.pcm not found, waiting...
demo.pcm not found, waiting...
demo.pcm not found, waiting...
demo.pcm not found, waiting...
demo.pcm not found, waiting...
demo.pcm not found, waiting...
demo.pcm not found, waiting...
demo.pcm not found, waiting...
demo.pcm not found, waiting...
demo.pcm not found, waiting...
demo.pcm not found, waiting...
demo.pcm not found, waiting...
demo.pcm not found, waiting...
demo.pcm not found, waiting...
demo.pcm not found, waiting...
demo.pcm not found, waiting...
demo.pcm not found, waiting...
demo.pcm not found, waiting...
demo.pcm not found, waiting...
demo.pcm not found, waiting...
demo.pcm not found, waiting...
demo.pcm not found, waiting...
demo.pcm not found, waiting...
demo.pcm not found, waiting...
demo.pcm not found, waiting...
demo.pcm not found, waiting...
demo.pcm not found, waiting...
demo.pcm not found, waiting...
demo.pcm not found, waiting...
demo.pcm not found, waiting...
demo.pcm not found, waiting...
demo.pcm not found, waiting...
demo.pcm not found, waiting...
demo.pcm not found, waiting...
demo.pcm not found, waiting...
demo.pcm not found, waiting...
demo.pcm not found, waiting...
demo.pcm not found, waiting...
demo.pcm not found, waiting...
demo.pcm not found, waiting...
demo.pcm not found, waiting...
demo.pcm not found, waiting...
demo.pcm not found, waiting...
demo.pcm not found, waiting...
demo.pcm not found, waiting...
demo.pcm not found, waiting...
demo.pcm not found, waiting...
demo.pcm not found, waiting...
demo.pcm not found, waiting...
demo.pcm not found, waiting...
demo.pcm not found, waiting...
demo.pcm not found, waiting...
demo.pcm not found, waiting...
demo.pcm not found, waiting...
demo.pcm not found, waiting...
demo.pcm not found, waiting...
demo.pcm not found, waiting...
demo.pcm not found, waiting...
demo.pcm not found, waiting...
demo.pcm not found, waiting...
demo.pcm not found, waiting...
demo.pcm not found, waiting...
demo.pcm not found, waiting...
demo.pcm not found, waiting...
demo.pcm not found, waiting...
demo.pcm not found, waiting...
demo.pcm not found, waiting...
demo.pcm not found, waiting...
demo.pcm not found, waiting...
demo.pcm not found, waiting...
demo.pcm not found, waiting...
demo.pcm not found, waiting...
demo.pcm not found, waiting...
demo.pcm not found, waiting...
demo.pcm not found, waiting...
demo.pcm not found, waiting...
demo.pcm not found, waiting...
demo.pcm not found, waiting...
demo.pcm not found, waiting...
demo.pcm not found, waiting...
demo.pcm not found, waiting...
demo.pcm not found, waiting...
demo.pcm not found, waiting...
demo.pcm not found, waiting...
demo.pcm not found, waiting...
demo.pcm not found, waiting...
demo.pcm not found, waiting...
demo.pcm not found, waiting...
demo.pcm not found, waiting...
demo.pcm not found, waiting...
demo.pcm not found, waiting...
demo.pcm not found, waiting...
demo.pcm not found, waiting...
demo.pcm not found, waiting...
demo.pcm not found, waiting...
demo.pcm not found, waiting...
demo.pcm not found, waiting...
demo.pcm not found, waiting...
demo.pcm not found, waiting...
demo.pcm not found, waiting...
demo.pcm not found, waiting...
demo.pcm not found, waiting...
demo.pcm not found, waiting...
demo.pcm not found, waiting...
demo.pcm not found, waiting...
demo.pcm not found, waiting...
demo.pcm not found, waiting...
demo.pcm not found, waiting...
demo.pcm not found, waiting...
demo.pcm not found, waiting...
demo.pcm not found, waiting...
demo.pcm not found, waiting...
demo.pcm not found, waiting...
demo.pcm not found, waiting...
demo.pcm not found, waiting...
demo.pcm not found, waiting...
demo.pcm not found, waiting...
demo.pcm not found, waiting...
demo.pcm not found, waiting...
demo.pcm not found, waiting...
demo.pcm not found, waiting...
demo.pcm not found, waiting...
demo.pcm not found, waiting...
demo.pcm not found, waiting...
demo.pcm not found, waiting...
demo.pcm not found, waiting...
demo.pcm not found, waiting...
demo.pcm not found, waiting...
demo.pcm not found, waiting...
demo.pcm not found, waiting...
demo.pcm not found, waiting...
demo.pcm not found, waiting...
demo.pcm not found, waiting...
demo.pcm not found, waiting...
demo.pcm not found, waiting...
demo.pcm not found, waiting...
demo.pcm not found, waiting...
demo.pcm not found, waiting...
demo.pcm not found, waiting...
demo.pcm not found, waiting...
demo.pcm not found, waiting...
demo.pcm not found, waiting...
demo.pcm not found, waiting...
demo.pcm not found, waiting...
demo.pcm not found, waiting...
demo.pcm not found, waiting...
demo.pcm not found, waiting...
demo.pcm not found, waiting...
demo.pcm not found, waiting...
demo.pcm not found, waiting...
demo.pcm not found, waiting...
demo.pcm not found, waiting...
demo.pcm not found, waiting...
demo.pcm not found, waiting...
demo.pcm not found, waiting...
demo.pcm not found, waiting...
demo.pcm not found, waiting...
demo.pcm not found, waiting...
demo.pcm not found, waiting...
demo.pcm not found, waiting...
demo.pcm not found, waiting...
demo.pcm not found, waiting...
demo.pcm not found, waiting...
demo.pcm not found, waiting...
demo.pcm not found, waiting...
demo.pcm not found, waiting...
demo.pcm not found, waiting...
demo.pcm not found, waiting...
demo.pcm not found, waiting...
demo.pcm not found, waiting...
demo.pcm not found, waiting...
demo.pcm not found, waiting...
demo.pcm not found, waiting...
demo.pcm not found, waiting...
demo.pcm not found, waiting...
demo.pcm not found, waiting...
demo.pcm not found, waiting...
demo.pcm not found, waiting...
demo.pcm not found, waiting...
demo.pcm not found, waiting...
demo.pcm not found, waiting...
demo.pcm not found, waiting...
demo.pcm not found, waiting...
demo.pcm not found, waiting...
demo.pcm not found, waiting...
demo.pcm not found, waiting...
demo.pcm not found, waiting...
demo.pcm not found, waiting...
demo.pcm not found, waiting...
demo.pcm not found, waiting...
demo.pcm not found, waiting...
demo.pcm not found, waiting...
demo.pcm not found, waiting...
demo.pcm not found, waiting...
demo.pcm not found, waiting...
demo.pcm not found, waiting...
demo.pcm not found, waiting...
demo.pcm not found, waiting...
demo.pcm not found, waiting...
demo.pcm not found, waiting...
demo.pcm not found, waiting...
demo.pcm not found, waiting...
demo.pcm not found, waiting...
demo.pcm not found, waiting...
demo.pcm not found, waiting...
demo.pcm not found, waiting...
demo.pcm not found, waiting...
demo.pcm not found, waiting...
demo.pcm not found, waiting...
demo.pcm not found, waiting...
demo.pcm not found, waiting...
demo.pcm not found, waiting...
demo.pcm not found, waiting...
demo.pcm not found, waiting...
demo.pcm not found, waiting...
demo.pcm not found, waiting...
demo.pcm not found, waiting...
demo.pcm not found, waiting...
demo.pcm not found, waiting...
demo.pcm not found, waiting...
demo.pcm not found, waiting...
demo.pcm not found, waiting...
demo.pcm not found, waiting...
demo.pcm not found, waiting...
demo.pcm not found, waiting...
demo.pcm not found, waiting...
demo.pcm not found, waiting...
demo.pcm not found, waiting...
demo.pcm not found, waiting...
demo.pcm not found, waiting...
demo.pcm not found, waiting...
demo.pcm not found, waiting...
demo.pcm not found, waiting...
demo.pcm not found, waiting...
demo.pcm not found, waiting...
demo.pcm not found, waiting...
demo.pcm not found, waiting...
demo.pcm not found, waiting...
demo.pcm not found, waiting...
demo.pcm not found, waiting...
demo.pcm not found, waiting...
demo.pcm not found, waiting...
demo.pcm not found, waiting...
demo.pcm not found, waiting...
demo.pcm not found, waiting...
demo.pcm not found, waiting...
demo.pcm not found, waiting...
demo.pcm not found, waiting...
demo.pcm not found, waiting...
demo.pcm not found, waiting...
demo.pcm not found, waiting...
demo.pcm not found, waiting...
demo.pcm not found, waiting...
demo.pcm not found, waiting...
demo.pcm not found, waiting...
demo.pcm not found, waiting...
demo.pcm not found, waiting...
demo.pcm not found, waiting...
demo.pcm not found, waiting...
demo.pcm not found, waiting...
demo.pcm not found, waiting...
demo.pcm not found, waiting...
demo.pcm not found, waiting...
demo.pcm not found, waiting...
demo.pcm not found, waiting...
demo.pcm not found, waiting...
demo.pcm not found, waiting...
demo.pcm not found, waiting...
demo.pcm not found, waiting...
demo.pcm not found, waiting...
demo.pcm not found, waiting...
demo.pcm not found, waiting...
demo.pcm not found, waiting...
demo.pcm not found, waiting...
demo.pcm not found, waiting...
demo.pcm not found, waiting...
demo.pcm not found, waiting...
demo.pcm not found, waiting...
demo.pcm not found, waiting...
demo.pcm not found, waiting...
demo.pcm not found, waiting...
demo.pcm not found, waiting...
demo.pcm not found, waiting...
demo.pcm not found, waiting...
demo.pcm not found, waiting...
demo.pcm not found, waiting...
demo.pcm not found, waiting...
demo.pcm not found, waiting...
demo.pcm not found, waiting...
demo.pcm not found, waiting...
demo.pcm not found, waiting...
demo.pcm not found, waiting...
demo.pcm not found, waiting...
demo.pcm not found, waiting...
demo.pcm not found, waiting...
demo.pcm not found, waiting...
demo.pcm not found, waiting...
demo.pcm not found, waiting...
demo.pcm not found, waiting...
demo.pcm not found, waiting...
demo.pcm not found, waiting...
demo.pcm not found, waiting...
demo.pcm not found, waiting...
demo.pcm not found, waiting...
demo.pcm not found, waiting...
demo.pcm not found, waiting...
demo.pcm not found, waiting...
demo.pcm not found, waiting...
demo.pcm not found, waiting...
demo.pcm not found, waiting...
demo.pcm not found, waiting...
demo.pcm not found, waiting...
demo.pcm not found, waiting...
demo.pcm not found, waiting...
demo.pcm not found, waiting...
demo.pcm not found, waiting...
demo.pcm not found, waiting...
demo.pcm not found, waiting...
demo.pcm not found, waiting...
demo.pcm not found, waiting...
demo.pcm not found, waiting...
demo.pcm not found, waiting...
demo.pcm not found, waiting...
demo.pcm not found, waiting...
demo.pcm not found, waiting...
demo.pcm not found, waiting...
demo.pcm not found, waiting...
demo.pcm not found, waiting...
demo.pcm not found, waiting...
demo.pcm not found, waiting...
demo.pcm not found, waiting...
demo.pcm not found, waiting...
demo.pcm not found, waiting...
demo.pcm not found, waiting...
demo.pcm not found, waiting...
demo.pcm not found, waiting...
demo.pcm not found, waiting...
demo.pcm not found, waiting...
demo.pcm not found, waiting...
demo.pcm not found, waiting...
demo.pcm not found, waiting...
demo.pcm not found, waiting...
demo.pcm not found, waiting...
demo.pcm not found, waiting...
demo.pcm not found, waiting...
demo.pcm not found, waiting...
demo.pcm not found, waiting...
demo.pcm not found, waiting...
demo.pcm not found, waiting...
demo.pcm not found, waiting...
demo.pcm not found, waiting...
demo.pcm not found, waiting...
demo.pcm not found, waiting...
demo.pcm not found, waiting...
demo.pcm not found, waiting...
demo.pcm not found, waiting...
demo.pcm not found, waiting...
demo.pcm not found, waiting...
demo.pcm not found, waiting...
demo.pcm not found, waiting...
demo.pcm not found, waiting...
demo.pcm not found, waiting...
demo.pcm not found, waiting...
demo.pcm not found, waiting...
demo.pcm not found, waiting...
demo.pcm not found, waiting...
demo.pcm not found, waiting...
demo.pcm not found, waiting...
demo.pcm not found, waiting...
demo.pcm not found, waiting...
demo.pcm not found, waiting...
demo.pcm not found, waiting...
demo.pcm not found, waiting...
demo.pcm not found, waiting...
demo.pcm not found, waiting...
demo.pcm not found, waiting...
demo.pcm not found, waiting...
demo.pcm not found, waiting...
demo.pcm not found, waiting...
demo.pcm not found, waiting...
demo.pcm not found, waiting...
demo.pcm not found, waiting...
demo.pcm not found, waiting...
demo.pcm not found, waiting...
demo.pcm not found, waiting...
demo.pcm not found, waiting...
demo.pcm not found, waiting...
demo.pcm not found, waiting...
demo.pcm not found, waiting...
demo.pcm not found, waiting...
demo.pcm not found, waiting...
demo.pcm not found, waiting...
demo.pcm not found, waiting...
demo.pcm not found, waiting...
demo.pcm not found, waiting...
demo.pcm not found, waiting...
demo.pcm not found, waiting...
demo.pcm not found, waiting...
demo.pcm not found, waiting...
demo.pcm not found, waiting...
demo.pcm not found, waiting...
demo.pcm not found, waiting...
demo.pcm not found, waiting...
demo.pcm not found, waiting...
demo.pcm not found, waiting...
demo.pcm not found, waiting...
demo.pcm not found, waiting...
demo.pcm not found, waiting...
demo.pcm not found, waiting...
demo.pcm not found, waiting...
demo.pcm not found, waiting...
demo.pcm not found, waiting...
demo.pcm not found, waiting...
demo.pcm not found, waiting...
demo.pcm not found, waiting...
demo.pcm not found, waiting...
demo.pcm not found, waiting...
demo.pcm not found, waiting...
demo.pcm not found, waiting...
demo.pcm not found, waiting...
demo.pcm not found, waiting...
demo.pcm not found, waiting...
demo.pcm not found, waiting...
demo.pcm not found, waiting...
demo.pcm not found, waiting...
demo.pcm not found, waiting...
demo.pcm not found, waiting...
demo.pcm not found, waiting...
demo.pcm not found, waiting...
demo.pcm not found, waiting...
demo.pcm not found, waiting...
demo.pcm not found, waiting...
demo.pcm not found, waiting...
demo.pcm not found, waiting...
demo.pcm not found, waiting...
demo.pcm not found, waiting...
demo.pcm not found, waiting...
demo.pcm not found, waiting...
demo.pcm not found, waiting...
demo.pcm not found, waiting...
demo.pcm not found, waiting...
demo.pcm not found, waiting...
demo.pcm not found, waiting...
demo.pcm not found, waiting...
demo.pcm not found, waiting...
demo.pcm not found, waiting...
demo.pcm not found, waiting...
demo.pcm not found, waiting...
demo.pcm not found, waiting...
demo.pcm not found, waiting...
demo.pcm not found, waiting...
demo.pcm not found, waiting...
demo.pcm not found, waiting...
demo.pcm not found, waiting...
demo.pcm not found, waiting...
demo.pcm not found, waiting...
demo.pcm not found, waiting...
demo.pcm not found, waiting...
demo.pcm not found, waiting...
demo.pcm not found, waiting...
demo.pcm not found, waiting...
demo.pcm not found, waiting...
demo.pcm not found, waiting...
demo.pcm not found, waiting...
demo.pcm not found, waiting...
demo.pcm not found, waiting...
demo.pcm not found, waiting...
demo.pcm not found, waiting...
demo.pcm not found, waiting...
demo.pcm not found, waiting...
demo.pcm not found, waiting...
demo.pcm not found, waiting...
demo.pcm not found, waiting...
demo.pcm not found, waiting...
demo.pcm not found, waiting...
demo.pcm not found, waiting...
demo.pcm not found, waiting...
demo.pcm not found, waiting...
demo.pcm not found, waiting...
demo.pcm not found, waiting...
demo.pcm not found, waiting...
demo.pcm not found, waiting...
demo.pcm not found, waiting...
demo.pcm not found, waiting...
demo.pcm not found, waiting...
demo.pcm not found, waiting...
demo.pcm not found, waiting...
demo.pcm not found, waiting...
demo.pcm not found, waiting...
demo.pcm not found, waiting...
demo.pcm not found, waiting...
demo.pcm not found, waiting...
demo.pcm not found, waiting...
demo.pcm not found, waiting...
demo.pcm not found, waiting...
demo.pcm not found, waiting...
demo.pcm not found, waiting...
demo.pcm not found, waiting...
demo.pcm not found, waiting...
demo.pcm not found, waiting...
demo.pcm not found, waiting...
demo.pcm not found, waiting...
demo.pcm not found, waiting...
demo.pcm not found, waiting...
demo.pcm not found, waiting...
demo.pcm not found, waiting...
demo.pcm not found, waiting...
demo.pcm not found, waiting...
demo.pcm not found, waiting...
demo.pcm not found, waiting...
demo.pcm not found, waiting...
demo.pcm not found, waiting...
demo.pcm not found, waiting...
demo.pcm not found, waiting...
demo.pcm not found, waiting...
demo.pcm not found, waiting...
demo.pcm not found, waiting...
demo.pcm not found, waiting...
demo.pcm not found, waiting...
demo.pcm not found, waiting...
demo.pcm not found, waiting...
demo.pcm not found, waiting...
demo.pcm not found, waiting...
demo.pcm not found, waiting...
demo.pcm not found, waiting...
demo.pcm not found, waiting...
demo.pcm not found, waiting...
demo.pcm not found, waiting...
demo.pcm not found, waiting...
demo.pcm not found, waiting...
demo.pcm not found, waiting...
demo.pcm not found, waiting...
demo.pcm not found, waiting...
demo.pcm not found, waiting...
demo.pcm not found, waiting...
demo.pcm not found, waiting...
demo.pcm not found, waiting...
demo.pcm not found, waiting...
demo.pcm not found, waiting...
demo.pcm not found, waiting...
demo.pcm not found, waiting...
demo.pcm not found, waiting...
demo.pcm not found, waiting...
demo.pcm not found, waiting...
demo.pcm not found, waiting...
demo.pcm not found, waiting...
demo.pcm not found, waiting...
demo.pcm not found, waiting...
demo.pcm not found, waiting...
demo.pcm not found, waiting...
demo.pcm not found, waiting...
demo.pcm not found, waiting...
demo.pcm not found, waiting...
demo.pcm not found, waiting...
demo.pcm not found, waiting...
demo.pcm not found, waiting...
demo.pcm not found, waiting...
demo.pcm not found, waiting...
demo.pcm not found, waiting...
demo.pcm not found, waiting...
demo.pcm not found, waiting...
demo.pcm not found, waiting...
demo.pcm not found, waiting...
demo.pcm not found, waiting...
demo.pcm not found, waiting...
demo.pcm not found, waiting...
demo.pcm not found, waiting...
demo.pcm not found, waiting...
demo.pcm not found, waiting...
demo.pcm not found, waiting...
demo.pcm not found, waiting...
demo.pcm not found, waiting...
demo.pcm not found, waiting...
demo.pcm not found, waiting...
demo.pcm not found, waiting...
demo.pcm not found, waiting...
demo.pcm not found, waiting...
demo.pcm not found, waiting...
demo.pcm not found, waiting...
demo.pcm not found, waiting...
demo.pcm not found, waiting...
demo.pcm not found, waiting...
demo.pcm not found, waiting...
demo.pcm not found, waiting...
demo.pcm not found, waiting...
demo.pcm not found, waiting...
demo.pcm not found, waiting...
demo.pcm not found, waiting...
demo.pcm not found, waiting...
demo.pcm not found, waiting...
demo.pcm not found, waiting...
demo.pcm not found, waiting...
demo.pcm not found, waiting...
demo.pcm not found, waiting...
demo.pcm not found, waiting...
demo.pcm not found, waiting...
demo.pcm not found, waiting...
demo.pcm not found, waiting...
demo.pcm not found, waiting...
demo.pcm not found, waiting...
demo.pcm not found, waiting...
demo.pcm not found, waiting...
demo.pcm not found, waiting...
demo.pcm not found, waiting...
demo.pcm not found, waiting...
demo.pcm not found, waiting...
demo.pcm not found, waiting...
demo.pcm not found, waiting...
demo.pcm not found, waiting...
demo.pcm not found, waiting...
demo.pcm not found, waiting...
demo.pcm not found, waiting...
demo.pcm not found, waiting...
demo.pcm not found, waiting...
demo.pcm not found, waiting...
demo.pcm not found, waiting...
demo.pcm not found, waiting...
demo.pcm not found, waiting...
demo.pcm not found, waiting...
demo.pcm not found, waiting...
demo.pcm not found, waiting...
demo.pcm not found, waiting...
demo.pcm not found, waiting...
demo.pcm not found, waiting...
demo.pcm not found, waiting...
demo.pcm not found, waiting...
demo.pcm not found, waiting...
demo.pcm not found, waiting...
demo.pcm not found, waiting...
demo.pcm not found, waiting...
demo.pcm not found, waiting...
demo.pcm not found, waiting...
demo.pcm not found, waiting...
demo.pcm not found, waiting...
demo.pcm not found, waiting...
demo.pcm not found, waiting...
demo.pcm not found, waiting...
demo.pcm not found, waiting...
demo.pcm not found, waiting...
demo.pcm not found, waiting...
demo.pcm not found, waiting...
demo.pcm not found, waiting...
demo.pcm not found, waiting...
demo.pcm not found, waiting...
demo.pcm not found, waiting...
demo.pcm not found, waiting...
demo.pcm not found, waiting...
demo.pcm not found, waiting...
demo.pcm not found, waiting...
demo.pcm not found, waiting...
demo.pcm not found, waiting...
demo.pcm not found, waiting...
demo.pcm not found, waiting...
demo.pcm not found, waiting...
demo.pcm not found, waiting...
demo.pcm not found, waiting...
demo.pcm not found, waiting...
demo.pcm not found, waiting...
demo.pcm not found, waiting...
demo.pcm not found, waiting...
demo.pcm not found, waiting...
demo.pcm not found, waiting...
demo.pcm not found, waiting...
demo.pcm not found, waiting...
demo.pcm not found, waiting...
demo.pcm not found, waiting...
demo.pcm not found, waiting...
demo.pcm not found, waiting...
demo.pcm not found, waiting...
demo.pcm not found, waiting...
demo.pcm not found, waiting...
demo.pcm not found, waiting...
demo.pcm not found, waiting...
demo.pcm not found, waiting...
demo.pcm not found, waiting...
demo.pcm not found, waiting...
demo.pcm not found, waiting...
demo.pcm not found, waiting...
demo.pcm not found, waiting...
demo.pcm not found, waiting...
demo.pcm not found, waiting...
demo.pcm not found, waiting...
demo.pcm not found, waiting...
demo.pcm not found, waiting...
demo.pcm not found, waiting...
demo.pcm not found, waiting...
demo.pcm not found, waiting...
demo.pcm not found, waiting...
demo.pcm not found, waiting...
demo.pcm not found, waiting...
demo.pcm not found, waiting...
demo.pcm not found, waiting...
demo.pcm not found, waiting...
demo.pcm not found, waiting...
demo.pcm not found, waiting...
demo.pcm not found, waiting...
demo.pcm not found, waiting...
demo.pcm not found, waiting...
demo.pcm not found, waiting...
demo.pcm not found, waiting...
demo.pcm not found, waiting...
demo.pcm not found, waiting...
demo.pcm not found, waiting...
demo.pcm not found, waiting...
demo.pcm not found, waiting...
demo.pcm not found, waiting...
demo.pcm not found, waiting...
demo.pcm not found, waiting...
demo.pcm not found, waiting...
demo.pcm not found, waiting...
demo.pcm not found, waiting...
demo.pcm not found, waiting...
demo.pcm not found, waiting...
demo.pcm not found, waiting...
demo.pcm not found, waiting...
demo.pcm not found, waiting...
demo.pcm not found, waiting...
demo.pcm not found, waiting...
demo.pcm not found, waiting...
demo.pcm not found, waiting...
demo.pcm not found, waiting...
demo.pcm not found, waiting...
demo.pcm not found, waiting...
demo.pcm not found, waiting...
demo.pcm not found, waiting...
demo.pcm not found, waiting...
demo.pcm not found, waiting...
demo.pcm not found, waiting...
demo.pcm not found, waiting...
demo.pcm not found, waiting...
demo.pcm not found, waiting...
demo.pcm not found, waiting...
demo.pcm not found, waiting...
demo.pcm not found, waiting...
demo.pcm not found, waiting...
demo.pcm not found, waiting...
demo.pcm not found, waiting...
demo.pcm not found, waiting...
demo.pcm not found, waiting...
demo.pcm not found, waiting...
demo.pcm not found, waiting...
demo.pcm not found, waiting...
demo.pcm not found, waiting...
demo.pcm not found, waiting...
demo.pcm not found, waiting...
demo.pcm not found, waiting...
demo.pcm not found, waiting...
demo.pcm not found, waiting...
demo.pcm not found, waiting...
demo.pcm not found, waiting...
demo.pcm not found, waiting...
demo.pcm not found, waiting...
demo.pcm not found, waiting...
demo.pcm not found, waiting...
demo.pcm not found, waiting...
demo.pcm not found, waiting...
demo.pcm not found, waiting...
demo.pcm not found, waiting...
demo.pcm not found, waiting...
demo.pcm not found, waiting...
demo.pcm not found, waiting...
demo.pcm not found, waiting...
demo.pcm not found, waiting...
demo.pcm not found, waiting...
demo.pcm not found, waiting...
demo.pcm not found, waiting...
demo.pcm not found, waiting...
demo.pcm not found, waiting...
demo.pcm not found, waiting...
demo.pcm not found, waiting...
demo.pcm not found, waiting...
demo.pcm not found, waiting...
demo.pcm not found, waiting...
demo.pcm not found, waiting...
demo.pcm not found, waiting...
demo.pcm not found, waiting...
demo.pcm not found, waiting...
demo.pcm not found, waiting...
demo.pcm not found, waiting...
demo.pcm not found, waiting...
demo.pcm not found, waiting...
demo.pcm not found, waiting...
demo.pcm not found, waiting...
demo.pcm not found, waiting...
demo.pcm not found, waiting...
demo.pcm not found, waiting...
demo.pcm not found, waiting...
demo.pcm not found, waiting...
demo.pcm not found, waiting...
demo.pcm not found, waiting...
demo.pcm not found, waiting...
demo.pcm not found, waiting...
demo.pcm not found, waiting...
demo.pcm not found, waiting...
demo.pcm not found, waiting...
demo.pcm not found, waiting...
demo.pcm not found, waiting...
demo.pcm not found, waiting...
demo.pcm not found, waiting...
demo.pcm not found, waiting...
demo.pcm not found, waiting...
demo.pcm not found, waiting...
demo.pcm not found, waiting...
demo.pcm not found, waiting...
demo.pcm not found, waiting...
demo.pcm not found, waiting...
demo.pcm not found, waiting...
demo.pcm not found, waiting...
demo.pcm not found, waiting...
demo.pcm not found, waiting...
demo.pcm not found, waiting...
demo.pcm not found, waiting...
demo.pcm not found, waiting...
demo.pcm not found, waiting...
demo.pcm not found, waiting...
demo.pcm not found, waiting...
demo.pcm not found, waiting...
demo.pcm not found, waiting...
demo.pcm not found, waiting...
demo.pcm not found, waiting...
demo.pcm not found, waiting...
demo.pcm not found, waiting...
demo.pcm not found, waiting...
demo.pcm not found, waiting...
demo.pcm not found, waiting...
demo.pcm not found, waiting...
demo.pcm not found, waiting...
demo.pcm not found, waiting...
demo.pcm not found, waiting...
demo.pcm not found, waiting...
demo.pcm not found, waiting...
demo.pcm not found, waiting...
demo.pcm not found, waiting...
demo.pcm not found, waiting...
demo.pcm not found, waiting...
demo.pcm not found, waiting...
demo.pcm not found, waiting...
demo.pcm not found, waiting...
demo.pcm not found, waiting...
demo.pcm not found, waiting...
demo.pcm not found, waiting...
demo.pcm not found, waiting...
demo.pcm not found, waiting...
demo.pcm not found, waiting...
demo.pcm not found, waiting...
demo.pcm not found, waiting...
demo.pcm not found, waiting...
demo.pcm not found, waiting...
demo.pcm not found, waiting...
demo.pcm not found, waiting...
demo.pcm not found, waiting...
demo.pcm not found, waiting...
demo.pcm not found, waiting...
demo.pcm not found, waiting...
demo.pcm not found, waiting...
demo.pcm not found, waiting...
demo.pcm not found, waiting...
demo.pcm not found, waiting...
demo.pcm not found, waiting...
demo.pcm not found, waiting...
demo.pcm not found, waiting...
demo.pcm not found, waiting...
demo.pcm not found, waiting...
demo.pcm not found, waiting...
demo.pcm not found, waiting...
demo.pcm not found, waiting...
demo.pcm not found, waiting...
demo.pcm not found, waiting...
demo.pcm not found, waiting...
demo.pcm not found, waiting...
demo.pcm not found, waiting...
demo.pcm not found, waiting...
demo.pcm not found, waiting...
demo.pcm not found, waiting...
demo.pcm not found, waiting...
demo.pcm not found, waiting...
demo.pcm not found, waiting...
demo.pcm not found, waiting...
demo.pcm not found, waiting...
demo.pcm not found, waiting...
demo.pcm not found, waiting...
demo.pcm not found, waiting...
demo.pcm not found, waiting...
demo.pcm not found, waiting...
demo.pcm not found, waiting...
demo.pcm not found, waiting...
demo.pcm not found, waiting...
demo.pcm not found, waiting...
demo.pcm not found, waiting...
demo.pcm not found, waiting...
demo.pcm not found, waiting...
demo.pcm not found, waiting...
demo.pcm not found, waiting...
demo.pcm not found, waiting...
demo.pcm not found, waiting...
demo.pcm not found, waiting...
demo.pcm not found, waiting...
demo.pcm not found, waiting...
demo.pcm not found, waiting...
demo.pcm not found, waiting...
demo.pcm not found, waiting...
demo.pcm not found, waiting...
demo.pcm not found, waiting...
demo.pcm not found, waiting...
demo.pcm not found, waiting...
demo.pcm not found, waiting...
demo.pcm not found, waiting...
demo.pcm not found, waiting...
demo.pcm not found, waiting...
demo.pcm not found, waiting...
demo.pcm not found, waiting...
demo.pcm not found, waiting...
demo.pcm not found, waiting...
demo.pcm not found, waiting...
demo.pcm not found, waiting...
demo.pcm not found, waiting...
demo.pcm not found, waiting...
demo.pcm not found, waiting...
demo.pcm not found, waiting...
demo.pcm not found, waiting...
demo.pcm not found, waiting...
demo.pcm not found, waiting...
demo.pcm not found, waiting...
demo.pcm not found, waiting...
demo.pcm not found, waiting...
demo.pcm not found, waiting...
demo.pcm not found, waiting...
demo.pcm not found, waiting...
demo.pcm not found, waiting...
demo.pcm not found, waiting...
demo.pcm not found, waiting...
demo.pcm not found, waiting...
demo.pcm not found, waiting...
demo.pcm not found, waiting...
demo.pcm not found, waiting...
demo.pcm not found, waiting...
demo.pcm not found, waiting...
demo.pcm not found, waiting...
demo.pcm not found, waiting...
demo.pcm not found, waiting...
demo.pcm not found, waiting...
demo.pcm not found, waiting...
demo.pcm not found, waiting...
demo.pcm not found, waiting...
demo.pcm not found, waiting...
demo.pcm not found, waiting...
demo.pcm not found, waiting...
demo.pcm not found, waiting...
demo.pcm not found, waiting...
demo.pcm not found, waiting...
demo.pcm not found, waiting...
demo.pcm not found, waiting...
demo.pcm not found, waiting...
demo.pcm not found, waiting...
demo.pcm not found, waiting...
demo.pcm not found, waiting...
demo.pcm not found, waiting...
demo.pcm not found, waiting...
demo.pcm not found, waiting...
demo.pcm not found, waiting...
demo.pcm not found, waiting...
demo.pcm not found, waiting...
demo.pcm not found, waiting...
demo.pcm not found, waiting...
demo.pcm not found, waiting...
demo.pcm not found, waiting...
demo.pcm not found, waiting...
demo.pcm not found, waiting...
demo.pcm not found, waiting...
demo.pcm not found, waiting...
demo.pcm not found, waiting...
demo.pcm not found, waiting...
demo.pcm not found, waiting...
demo.pcm not found, waiting...
demo.pcm not found, waiting...
demo.pcm not found, waiting...
demo.pcm not found, waiting...
demo.pcm not found, waiting...
demo.pcm not found, waiting...
demo.pcm not found, waiting...
demo.pcm not found, waiting...
demo.pcm not found, waiting...
demo.pcm not found, waiting...
demo.pcm not found, waiting...
demo.pcm not found, waiting...
demo.pcm not found, waiting...
demo.pcm not found, waiting...
demo.pcm not found, waiting...
demo.pcm not found, waiting...
demo.pcm not found, waiting...
demo.pcm not found, waiting...
demo.pcm not found, waiting...
demo.pcm not found, waiting...
demo.pcm not found, waiting...
demo.pcm not found, waiting...
demo.pcm not found, waiting...
demo.pcm not found, waiting...
demo.pcm not found, waiting...
demo.pcm not found, waiting...
demo.pcm not found, waiting...
demo.pcm not found, waiting...
demo.pcm not found, waiting...
demo.pcm not found, waiting...
demo.pcm not found, waiting...
demo.pcm not found, waiting...
demo.pcm not found, waiting...
demo.pcm not found, waiting...
demo.pcm not found, waiting...
demo.pcm not found, waiting...
demo.pcm not found, waiting...
demo.pcm not found, waiting...
demo.pcm not found, waiting...
demo.pcm not found, waiting...
demo.pcm not found, waiting...
demo.pcm not found, waiting...
demo.pcm not found, waiting...
demo.pcm not found, waiting...
demo.pcm not found, waiting...
demo.pcm not found, waiting...
demo.pcm not found, waiting...
demo.pcm not found, waiting...
demo.pcm not found, waiting...
demo.pcm not found, waiting...
demo.pcm not found, waiting...
demo.pcm not found, waiting...
demo.pcm not found, waiting...
demo.pcm not found, waiting...
demo.pcm not found, waiting...
demo.pcm not found, waiting...
demo.pcm not found, waiting...
demo.pcm not found, waiting...
demo.pcm not found, waiting...
demo.pcm not found, waiting...
demo.pcm not found, waiting...
demo.pcm not found, waiting...
demo.pcm not found, waiting...
demo.pcm not found, waiting...
demo.pcm not found, waiting...
demo.pcm not found, waiting...
demo.pcm not found, waiting...
demo.pcm not found, waiting...
demo.pcm not found, waiting...
demo.pcm not found, waiting...
demo.pcm not found, waiting...
demo.pcm not found, waiting...
demo.pcm not found, waiting...
demo.pcm not found, waiting...
demo.pcm not found, waiting...
demo.pcm not found, waiting...
demo.pcm not found, waiting...
demo.pcm not found, waiting...
demo.pcm not found, waiting...
demo.pcm not found, waiting...
demo.pcm not found, waiting...
demo.pcm not found, waiting...
demo.pcm not found, waiting...
demo.pcm not found, waiting...
demo.pcm not found, waiting...
demo.pcm not found, waiting...
demo.pcm not found, waiting...
demo.pcm not found, waiting...
demo.pcm not found, waiting...
demo.pcm not found, waiting...
demo.pcm not found, waiting...
demo.pcm not found, waiting...
demo.pcm not found, waiting...
demo.pcm not found, waiting...
demo.pcm not found, waiting...
demo.pcm not found, waiting...
demo.pcm not found, waiting...
demo.pcm not found, waiting...
demo.pcm not found, waiting...
demo.pcm not found, waiting...
demo.pcm not found, waiting...
demo.pcm not found, waiting...
demo.pcm not found, waiting...
demo.pcm not found, waiting...
demo.pcm not found, waiting...
demo.pcm not found, waiting...
demo.pcm not found, waiting...
demo.pcm not found, waiting...
demo.pcm not found, waiting...
demo.pcm not found, waiting...
demo.pcm not found, waiting...
demo.pcm not found, waiting...
demo.pcm not found, waiting...
demo.pcm not found, waiting...
demo.pcm not found, waiting...
demo.pcm not found, waiting...
demo.pcm not found, waiting...
demo.pcm not found, waiting...
demo.pcm not found, waiting...
demo.pcm not found, waiting...
demo.pcm not found, waiting...
demo.pcm not found, waiting...
demo.pcm not found, waiting...
demo.pcm not found, waiting...
demo.pcm not found, waiting...
demo.pcm not found, waiting...
demo.pcm not found, waiting...
demo.pcm not found, waiting...
demo.pcm not found, waiting...
demo.pcm not found, waiting...
demo.pcm not found, waiting...
demo.pcm not found, waiting...
demo.pcm not found, waiting...
demo.pcm not found, waiting...
demo.pcm not found, waiting...
demo.pcm not found, waiting...
demo.pcm not found, waiting...
demo.pcm not found, waiting...
demo.pcm not found, waiting...
demo.pcm not found, waiting...
demo.pcm not found, waiting...
demo.pcm not found, waiting...
demo.pcm not found, waiting...
demo.pcm not found, waiting...
demo.pcm not found, waiting...
demo.pcm not found, waiting...
demo.pcm not found, waiting...
demo.pcm not found, waiting...
demo.pcm not found, waiting...
demo.pcm not found, waiting...
demo.pcm not found, waiting...
demo.pcm not found, waiting...
demo.pcm not found, waiting...
demo.pcm not found, waiting...
demo.pcm not found, waiting...
demo.pcm not found, waiting...
demo.pcm not found, waiting...
demo.pcm not found, waiting...
demo.pcm not found, waiting...
demo.pcm not found, waiting...
demo.pcm not found, waiting...
demo.pcm not found, waiting...
demo.pcm not found, waiting...
demo.pcm not found, waiting...
demo.pcm not found, waiting...
demo.pcm not found, waiting...
demo.pcm not found, waiting...
demo.pcm not found, waiting...
demo.pcm not found, waiting...
demo.pcm not found, waiting...
demo.pcm not found, waiting...
demo.pcm not found, waiting...
demo.pcm not found, waiting...
demo.pcm not found, waiting...
demo.pcm not found, waiting...
demo.pcm not found, waiting...
demo.pcm not found, waiting...
demo.pcm not found, waiting...
demo.pcm not found, waiting...
demo.pcm not found, waiting...
demo.pcm not found, waiting...
demo.pcm not found, waiting...
demo.pcm not found, waiting...
demo.pcm not found, waiting...
demo.pcm not found, waiting...
demo.pcm not found, waiting...
demo.pcm not found, waiting...
demo.pcm not found, waiting...
demo.pcm not found, waiting...
demo.pcm not found, waiting...
demo.pcm not found, waiting...
demo.pcm not found, waiting...
demo.pcm not found, waiting...
demo.pcm not found, waiting...
demo.pcm not found, waiting...
demo.pcm not found, waiting...
demo.pcm not found, waiting...
demo.pcm not found, waiting...
demo.pcm not found, waiting...
demo.pcm not found, waiting...
demo.pcm not found, waiting...
demo.pcm not found, waiting...
demo.pcm not found, waiting...
demo.pcm not found, waiting...
demo.pcm not found, waiting...
demo.pcm not found, waiting...
demo.pcm not found, waiting...
demo.pcm not found, waiting...
demo.pcm not found, waiting...
demo.pcm not found, waiting...
demo.pcm not found, waiting...
demo.pcm not found, waiting...
demo.pcm not found, waiting...
demo.pcm not found, waiting...
demo.pcm not found, waiting...
demo.pcm not found, waiting...
demo.pcm not found, waiting...
demo.pcm not found, waiting...
demo.pcm not found, waiting...
demo.pcm not found, waiting...
demo.pcm not found, waiting...
demo.pcm not found, waiting...
demo.pcm not found, waiting...
demo.pcm not found, waiting...
demo.pcm not found, waiting...
demo.pcm not found, waiting...
demo.pcm not found, waiting...
demo.pcm not found, waiting...
demo.pcm not found, waiting...
demo.pcm not found, waiting...
demo.pcm not found, waiting...
demo.pcm not found, waiting...
demo.pcm not found, waiting...
demo.pcm not found, waiting...
demo.pcm not found, waiting...
demo.pcm not found, waiting...
demo.pcm not found, waiting...
demo.pcm not found, waiting...
demo.pcm not found, waiting...
demo.pcm not found, waiting...
demo.pcm not found, waiting...
demo.pcm not found, waiting...
demo.pcm not found, waiting...
demo.pcm not found, waiting...
demo.pcm not found, waiting...
demo.pcm not found, waiting...
demo.pcm not found, waiting...
demo.pcm not found, waiting...
demo.pcm not found, waiting...
demo.pcm not found, waiting...
demo.pcm not found, waiting...
demo.pcm not found, waiting...
demo.pcm not found, waiting...
demo.pcm not found, waiting...
demo.pcm not found, waiting...
demo.pcm not found, waiting...
demo.pcm not found, waiting...
demo.pcm not found, waiting...
demo.pcm not found, waiting...
demo.pcm not found, waiting...
demo.pcm not found, waiting...
demo.pcm not found, waiting...
demo.pcm not found, waiting...
demo.pcm not found, waiting...
demo.pcm not found, waiting...
demo.pcm not found, waiting...
demo.pcm not found, waiting...
demo.pcm not found, waiting...
demo.pcm not found, waiting...
demo.pcm not found, waiting...
demo.pcm not found, waiting...
demo.pcm not found, waiting...
demo.pcm not found, waiting...
demo.pcm not found, waiting...
demo.pcm not found, waiting...
demo.pcm not found, waiting...
demo.pcm not found, waiting...
demo.pcm not found, waiting...
demo.pcm not found, waiting...
demo.pcm not found, waiting...
demo.pcm not found, waiting...
demo.pcm not found, waiting...
demo.pcm not found, waiting...
demo.pcm not found, waiting...
demo.pcm not found, waiting...
demo.pcm not found, waiting...
demo.pcm not found, waiting...
demo.pcm not found, waiting...
demo.pcm not found, waiting...
demo.pcm not found, waiting...
demo.pcm not found, waiting...
demo.pcm not found, waiting...
demo.pcm not found, waiting...
demo.pcm not found, waiting...
demo.pcm not found, waiting...
demo.pcm not found, waiting...
demo.pcm not found, waiting...
demo.pcm not found, waiting...
demo.pcm not found, waiting...
demo.pcm not found, waiting...
demo.pcm not found, waiting...
demo.pcm not found, waiting...
demo.pcm not found, waiting...
demo.pcm not found, waiting...
demo.pcm not found, waiting...
demo.pcm not found, waiting...
demo.pcm not found, waiting...
demo.pcm not found, waiting...
demo.pcm not found, waiting...
demo.pcm not found, waiting...
demo.pcm not found, waiting...
demo.pcm not found, waiting...
demo.pcm not found, waiting...
demo.pcm not found, waiting...
demo.pcm not found, waiting...
demo.pcm not found, waiting...
demo.pcm not found, waiting...
demo.pcm not found, waiting...
demo.pcm not found, waiting...
demo.pcm not found, waiting...
demo.pcm not found, waiting...
demo.pcm not found, waiting...
demo.pcm not found, waiting...
demo.pcm not found, waiting...
demo.pcm not found, waiting...
demo.pcm not found, waiting...
demo.pcm not found, waiting...
demo.pcm not found, waiting...
demo.pcm not found, waiting...
demo.pcm not found, waiting...
demo.pcm not found, waiting...
demo.pcm not found, waiting...
demo.pcm not found, waiting...
demo.pcm not found, waiting...
demo.pcm not found, waiting...
demo.pcm not found, waiting...
demo.pcm not found, waiting...
demo.pcm not found, waiting...
demo.pcm not found, waiting...
demo.pcm not found, waiting...
demo.pcm not found, waiting...
demo.pcm not found, waiting...
demo.pcm not found, waiting...
demo.pcm not found, waiting...
demo.pcm not found, waiting...
demo.pcm not found, waiting...
demo.pcm not found, waiting...
demo.pcm not found, waiting...
demo.pcm not found, waiting...
demo.pcm not found, waiting...
demo.pcm not found, waiting...
demo.pcm not found, waiting...
demo.pcm not found, waiting...
demo.pcm not found, waiting...
demo.pcm not found, waiting...
demo.pcm not found, waiting...
demo.pcm not found, waiting...
demo.pcm not found, waiting...
demo.pcm not found, waiting...
demo.pcm not found, waiting...
demo.pcm not found, waiting...
demo.pcm not found, waiting...
demo.pcm not found, waiting...
demo.pcm not found, waiting...
demo.pcm not found, waiting...
demo.pcm not found, waiting...
demo.pcm not found, waiting...
demo.pcm not found, waiting...
demo.pcm not found, waiting...
demo.pcm not found, waiting...
demo.pcm not found, waiting...
demo.pcm not found, waiting...
demo.pcm not found, waiting...
demo.pcm not found, waiting...
demo.pcm not found, waiting...
demo.pcm not found, waiting...
demo.pcm not found, waiting...
demo.pcm not found, waiting...
demo.pcm not found, waiting...
demo.pcm not found, waiting...
demo.pcm not found, waiting...
demo.pcm not found, waiting...
demo.pcm not found, waiting...
demo.pcm not found, waiting...
demo.pcm not found, waiting...
demo.pcm not found, waiting...
demo.pcm not found, waiting...
demo.pcm not found, waiting...
demo.pcm not found, waiting...
demo.pcm not found, waiting...
demo.pcm not found, waiting...
demo.pcm not found, waiting...
demo.pcm not found, waiting...
demo.pcm not found, waiting...
demo.pcm not found, waiting...
demo.pcm not found, waiting...
demo.pcm not found, waiting...
demo.pcm not found, waiting...
demo.pcm not found, waiting...
demo.pcm not found, waiting...
demo.pcm not found, waiting...
demo.pcm not found, waiting...
demo.pcm not found, waiting...
demo.pcm not found, waiting...
demo.pcm not found, waiting...
demo.pcm not found, waiting...
demo.pcm not found, waiting...
demo.pcm not found, waiting...
demo.pcm not found, waiting...
demo.pcm not found, waiting...
demo.pcm not found, waiting...
demo.pcm not found, waiting...
demo.pcm not found, waiting...
demo.pcm not found, waiting...
demo.pcm not found, waiting...
demo.pcm not found, waiting...
demo.pcm not found, waiting...
demo.pcm not found, waiting...
demo.pcm not found, waiting...
demo.pcm not found, waiting...
demo.pcm not found, waiting...
demo.pcm not found, waiting...
demo.pcm not found, waiting...
demo.pcm not found, waiting...
demo.pcm not found, waiting...
demo.pcm not found, waiting...
demo.pcm not found, waiting...
demo.pcm not found, waiting...
demo.pcm not found, waiting...
demo.pcm not found, waiting...
demo.pcm not found, waiting...
demo.pcm not found, waiting...
demo.pcm not found, waiting...
demo.pcm not found, waiting...
demo.pcm not found, waiting...
demo.pcm not found, waiting...
demo.pcm not found, waiting...
demo.pcm not found, waiting...
demo.pcm not found, waiting...
demo.pcm not found, waiting...
demo.pcm not found, waiting...
demo.pcm not found, waiting...
demo.pcm not found, waiting...
demo.pcm not found, waiting...
demo.pcm not found, waiting...
demo.pcm not found, waiting...
demo.pcm not found, waiting...
demo.pcm not found, waiting...
demo.pcm not found, waiting...
demo.pcm not found, waiting...
demo.pcm not found, waiting...
demo.pcm not found, waiting...
demo.pcm not found, waiting...
demo.pcm not found, waiting...
demo.pcm not found, waiting...
demo.pcm not found, waiting...
demo.pcm not found, waiting...
demo.pcm not found, waiting...
demo.pcm not found, waiting...
demo.pcm not found, waiting...
demo.pcm not found, waiting...
demo.pcm not found, waiting...
demo.pcm not found, waiting...
demo.pcm not found, waiting...
demo.pcm not found, waiting...
demo.pcm not found, waiting...
demo.pcm not found, waiting...
demo.pcm not found, waiting...
demo.pcm not found, waiting...
demo.pcm not found, waiting...
demo.pcm not found, waiting...
demo.pcm not found, waiting...
demo.pcm not found, waiting...
demo.pcm not found, waiting...
demo.pcm not found, waiting...
demo.pcm not found, waiting...
demo.pcm not found, waiting...
demo.pcm not found, waiting...
demo.pcm not found, waiting...
demo.pcm not found, waiting...
demo.pcm not found, waiting...
demo.pcm not found, waiting...
demo.pcm not found, waiting...
demo.pcm not found, waiting...
demo.pcm not found, waiting...
demo.pcm not found, waiting...
demo.pcm not found, waiting...
demo.pcm not found, waiting...
demo.pcm not found, waiting...
demo.pcm not found, waiting...
demo.pcm not found, waiting...
demo.pcm not found, waiting...
demo.pcm not found, waiting...
demo.pcm not found, waiting...
demo.pcm not found, waiting...
demo.pcm not found, waiting...
demo.pcm not found, waiting...
demo.pcm not found, waiting...
demo.pcm not found, waiting...
demo.pcm not found, waiting...
demo.pcm not found, waiting...
demo.pcm not found, waiting...
demo.pcm not found, waiting...
demo.pcm not found, waiting...
demo.pcm not found, waiting...
demo.pcm not found, waiting...
demo.pcm not found, waiting...
demo.pcm not found, waiting...
demo.pcm not found, waiting...
demo.pcm not found, waiting...
demo.pcm not found, waiting...
demo.pcm not found, waiting...
demo.pcm not found, waiting...
demo.pcm not found, waiting...
demo.pcm not found, waiting...
demo.pcm not found, waiting...
demo.pcm not found, waiting...
demo.pcm not found, waiting...
demo.pcm not found, waiting...
demo.pcm not found, waiting...
demo.pcm not found, waiting...
demo.pcm not found, waiting...
demo.pcm not found, waiting...
demo.pcm not found, waiting...
demo.pcm not found, waiting...
demo.pcm not found, waiting...
demo.pcm not found, waiting...
demo.pcm not found, waiting...
demo.pcm not found, waiting...
demo.pcm not found, waiting...
demo.pcm not found, waiting...
demo.pcm not found, waiting...
demo.pcm not found, waiting...
demo.pcm not found, waiting...
demo.pcm not found, waiting...
demo.pcm not found, waiting...
demo.pcm not found, waiting...
demo.pcm not found, waiting...
demo.pcm not found, waiting...
demo.pcm not found, waiting...
demo.pcm not found, waiting...
demo.pcm not found, waiting...
demo.pcm not found, waiting...
demo.pcm not found, waiting...
demo.pcm not found, waiting...
demo.pcm not found, waiting...
demo.pcm not found, waiting...
demo.pcm not found, waiting...
demo.pcm not found, waiting...
demo.pcm not found, waiting...
demo.pcm not found, waiting...
demo.pcm not found, waiting...
demo.pcm not found, waiting...
demo.pcm not found, waiting...
demo.pcm not found, waiting...
demo.pcm not found, waiting...
demo.pcm not found, waiting...
demo.pcm not found, waiting...
demo.pcm not found, waiting...
demo.pcm not found, waiting...
demo.pcm not found, waiting...
demo.pcm not found, waiting...
demo.pcm not found, waiting...
demo.pcm not found, waiting...
demo.pcm not found, waiting...
demo.pcm not found, waiting...
demo.pcm not found, waiting...
demo.pcm not found, waiting...
demo.pcm not found, waiting...
demo.pcm not found, waiting...
demo.pcm not found, waiting...
demo.pcm not found, waiting...
demo.pcm not found, waiting...
demo.pcm not found, waiting...
demo.pcm not found, waiting...
demo.pcm not found, waiting...
demo.pcm not found, waiting...
demo.pcm not found, waiting...
demo.pcm not found, waiting...
demo.pcm not found, waiting...
demo.pcm not found, waiting...
demo.pcm not found, waiting...
demo.pcm not found, waiting...
demo.pcm not found, waiting...
demo.pcm not found, waiting...
demo.pcm not found, waiting...
demo.pcm not found, waiting...
demo.pcm not found, waiting...
demo.pcm not found, waiting...
demo.pcm not found, waiting...
demo.pcm not found, waiting...
demo.pcm not found, waiting...
demo.pcm not found, waiting...
demo.pcm not found, waiting...
demo.pcm not found, waiting...
demo.pcm not found, waiting...
demo.pcm not found, waiting...
demo.pcm not found, waiting...
demo.pcm not found, waiting...
demo.pcm not found, waiting...
demo.pcm not found, waiting...
demo.pcm not found, waiting...
demo.pcm not found, waiting...
demo.pcm not found, waiting...
demo.pcm not found, waiting...
demo.pcm not found, waiting...
demo.pcm not found, waiting...
demo.pcm not found, waiting...
demo.pcm not found, waiting...
demo.pcm not found, waiting...
demo.pcm not found, waiting...
demo.pcm not found, waiting...
demo.pcm not found, waiting...
demo.pcm not found, waiting...
demo.pcm not found, waiting...
demo.pcm not found, waiting...
demo.pcm not found, waiting...
demo.pcm not found, waiting...
demo.pcm not found, waiting...
demo.pcm not found, waiting...
demo.pcm not found, waiting...
demo.pcm not found, waiting...
demo.pcm not found, waiting...
demo.pcm not found, waiting...
demo.pcm not found, waiting...
demo.pcm not found, waiting...
demo.pcm not found, waiting...
demo.pcm not found, waiting...
demo.pcm not found, waiting...
demo.pcm not found, waiting...
demo.pcm not found, waiting...
demo.pcm not found, waiting...
demo.pcm not found, waiting...
demo.pcm not found, waiting...
demo.pcm not found, waiting...
demo.pcm not found, waiting...
demo.pcm not found, waiting...
demo.pcm not found, waiting...
demo.pcm not found, waiting...
demo.pcm not found, waiting...
demo.pcm not found, waiting...
demo.pcm not found, waiting...
demo.pcm not found, waiting...
demo.pcm not found, waiting...
demo.pcm not found, waiting...
demo.pcm not found, waiting...
demo.pcm not found, waiting...
demo.pcm not found, waiting...
demo.pcm not found, waiting...
demo.pcm not found, waiting...
demo.pcm not found, waiting...
demo.pcm not found, waiting...
demo.pcm not found, waiting...
demo.pcm not found, waiting...
demo.pcm not found, waiting...
demo.pcm not found, waiting...
demo.pcm not found, waiting...
demo.pcm not found, waiting...
demo.pcm not found, waiting...
demo.pcm not found, waiting...
demo.pcm not found, waiting...
demo.pcm not found, waiting...
demo.pcm not found, waiting...
demo.pcm not found, waiting...
demo.pcm not found, waiting...
demo.pcm not found, waiting...
demo.pcm not found, waiting...
demo.pcm not found, waiting...
demo.pcm not found, waiting...
demo.pcm not found, waiting...
demo.pcm not found, waiting...
demo.pcm not found, waiting...
demo.pcm not found, waiting...
demo.pcm not found, waiting...
demo.pcm not found, waiting...
demo.pcm not found, waiting...
demo.pcm not found, waiting...
demo.pcm not found, waiting...
demo.pcm not found, waiting...
demo.pcm not found, waiting...
demo.pcm not found, waiting...
demo.pcm not found, waiting...
demo.pcm not found, waiting...
demo.pcm not found, waiting...
demo.pcm not found, waiting...
demo.pcm not found, waiting...
demo.pcm not found, waiting...
demo.pcm not found, waiting...
demo.pcm not found, waiting...
demo.pcm not found, waiting...
demo.pcm not found, waiting...
demo.pcm not found, waiting...
demo.pcm not found, waiting...
demo.pcm not found, waiting...
demo.pcm not found, waiting...
demo.pcm not found, waiting...
demo.pcm not found, waiting...
demo.pcm not found, waiting...
demo.pcm not found, waiting...
demo.pcm not found, waiting...
demo.pcm not found, waiting...
demo.pcm not found, waiting...
demo.pcm not found, waiting...
demo.pcm not found, waiting...
demo.pcm not found, waiting...
demo.pcm not found, waiting...
demo.pcm not found, waiting...
demo.pcm not found, waiting...
demo.pcm not found, waiting...
demo.pcm not found, waiting...
demo.pcm not found, waiting...
demo.pcm not found, waiting...
demo.pcm not found, waiting...
demo.pcm not found, waiting...
demo.pcm not found, waiting...
demo.pcm not found, waiting...
demo.pcm not found, waiting...
demo.pcm not found, waiting...
demo.pcm not found, waiting...
demo.pcm not found, waiting...
demo.pcm not found, waiting...
demo.pcm not found, waiting...
demo.pcm not found, waiting...
demo.pcm not found, waiting...
demo.pcm not found, waiting...
demo.pcm not found, waiting...
demo.pcm not found, waiting...
demo.pcm not found, waiting...
demo.pcm not found, waiting...
demo.pcm not found, waiting...
demo.pcm not found, waiting...
demo.pcm not found, waiting...
demo.pcm not found, waiting...
demo.pcm not found, waiting...
demo.pcm not found, waiting...
demo.pcm not found, waiting...
demo.pcm not found, waiting...
demo.pcm not found, waiting...
demo.pcm not found, waiting...
demo.pcm not found, waiting...
demo.pcm not found, waiting...
demo.pcm not found, waiting...
demo.pcm not found, waiting...
demo.pcm not found, waiting...
demo.pcm not found, waiting...
demo.pcm not found, waiting...
demo.pcm not found, waiting...
demo.pcm not found, waiting...
demo.pcm not found, waiting...
demo.pcm not found, waiting...
demo.pcm not found, waiting...
demo.pcm not found, waiting...
demo.pcm not found, waiting...
demo.pcm not found, waiting...
demo.pcm not found, waiting...
demo.pcm not found, waiting...
demo.pcm not found, waiting...
demo.pcm not found, waiting...
demo.pcm not found, waiting...
demo.pcm not found, waiting...
demo.pcm not found, waiting...
demo.pcm not found, waiting...
demo.pcm not found, waiting...
demo.pcm not found, waiting...
demo.pcm not found, waiting...
demo.pcm not found, waiting...
demo.pcm not found, waiting...
demo.pcm not found, waiting...
demo.pcm not found, waiting...
demo.pcm not found, waiting...
demo.pcm not found, waiting...
demo.pcm not found, waiting...
demo.pcm not found, waiting...
demo.pcm not found, waiting...
demo.pcm not found, waiting...
demo.pcm not found, waiting...
demo.pcm not found, waiting...
demo.pcm not found, waiting...
demo.pcm not found, waiting...
demo.pcm not found, waiting...
demo.pcm not found, waiting...
demo.pcm not found, waiting...
demo.pcm not found, waiting...
demo.pcm not found, waiting...
demo.pcm not found, waiting...
demo.pcm not found, waiting...
demo.pcm not found, waiting...
demo.pcm not found, waiting...
demo.pcm not found, waiting...
demo.pcm not found, waiting...
demo.pcm not found, waiting...
demo.pcm not found, waiting...
demo.pcm not found, waiting...
demo.pcm not found, waiting...
demo.pcm not found, waiting...
demo.pcm not found, waiting...
demo.pcm not found, waiting...
demo.pcm not found, waiting...
demo.pcm not found, waiting...
demo.pcm not found, waiting...
demo.pcm not found, waiting...
demo.pcm not found, waiting...
demo.pcm not found, waiting...
demo.pcm not found, waiting...
demo.pcm not found, waiting...
demo.pcm not found, waiting...
demo.pcm not found, waiting...
demo.pcm not found, waiting...
demo.pcm not found, waiting...
demo.pcm not found, waiting...
demo.pcm not found, waiting...
demo.pcm not found, waiting...
demo.pcm not found, waiting...
demo.pcm not found, waiting...
demo.pcm not found, waiting...
demo.pcm not found, waiting...
demo.pcm not found, waiting...
demo.pcm not found, waiting...
demo.pcm not found, waiting...
demo.pcm not found, waiting...
demo.pcm not found, waiting...
demo.pcm not found, waiting...
demo.pcm not found, waiting...
demo.pcm not found, waiting...
demo.pcm not found, waiting...
demo.pcm not found, waiting...
demo.pcm not found, waiting...
demo.pcm not found, waiting...
demo.pcm not found, waiting...
demo.pcm not found, waiting...
demo.pcm not found, waiting...
demo.pcm not found, waiting...
demo.pcm not found, waiting...
demo.pcm not found, waiting...
demo.pcm not found, waiting...
demo.pcm not found, waiting...
demo.pcm not found, waiting...
demo.pcm not found, waiting...
demo.pcm not found, waiting...
demo.pcm not found, waiting...
demo.pcm not found, waiting...
demo.pcm not found, waiting...
demo.pcm not found, waiting...
demo.pcm not found, waiting...
demo.pcm not found, waiting...
demo.pcm not found, waiting...
demo.pcm not found, waiting...
demo.pcm not found, waiting...
demo.pcm not found, waiting...
demo.pcm not found, waiting...
demo.pcm not found, waiting...
demo.pcm not found, waiting...
demo.pcm not found, waiting...
demo.pcm not found, waiting...
demo.pcm not found, waiting...
demo.pcm not found, waiting...
demo.pcm not found, waiting...
demo.pcm not found, waiting...
demo.pcm not found, waiting...
demo.pcm not found, waiting...
demo.pcm not found, waiting...
demo.pcm not found, waiting...
demo.pcm not found, waiting...
demo.pcm not found, waiting...
demo.pcm not found, waiting...
demo.pcm not found, waiting...
demo.pcm not found, waiting...
demo.pcm not found, waiting...
demo.pcm not found, waiting...
demo.pcm not found, waiting...
demo.pcm not found, waiting...
demo.pcm not found, waiting...
demo.pcm not found, waiting...
demo.pcm not found, waiting...
demo.pcm not found, waiting...
demo.pcm not found, waiting...
demo.pcm not found, waiting...
demo.pcm not found, waiting...
demo.pcm not found, waiting...
demo.pcm not found, waiting...
demo.pcm not found, waiting...
demo.pcm not found, waiting...
demo.pcm not found, waiting...
demo.pcm not found, waiting...
demo.pcm not found, waiting...
demo.pcm not found, waiting...
demo.pcm not found, waiting...
demo.pcm not found, waiting...
demo.pcm not found, waiting...
demo.pcm not found, waiting...
demo.pcm not found, waiting...
demo.pcm not found, waiting...
demo.pcm not found, waiting...
demo.pcm not found, waiting...
demo.pcm not found, waiting...
demo.pcm not found, waiting...
demo.pcm not found, waiting...
demo.pcm not found, waiting...
demo.pcm not found, waiting...
demo.pcm not found, waiting...
demo.pcm not found, waiting...
demo.pcm not found, waiting...
demo.pcm not found, waiting...
demo.pcm not found, waiting...
demo.pcm not found, waiting...
demo.pcm not found, waiting...
demo.pcm not found, waiting...
demo.pcm not found, waiting...
demo.pcm not found, waiting...
demo.pcm not found, waiting...
demo.pcm not found, waiting...
demo.pcm not found, waiting...
demo.pcm not found, waiting...
demo.pcm not found, waiting...
demo.pcm not found, waiting...
demo.pcm not found, waiting...
demo.pcm not found, waiting...
demo.pcm not found, waiting...
demo.pcm not found, waiting...
demo.pcm not found, waiting...
demo.pcm not found, waiting...
demo.pcm not found, waiting...
demo.pcm not found, waiting...
demo.pcm not found, waiting...
demo.pcm not found, waiting...
demo.pcm not found, waiting...
demo.pcm not found, waiting...
demo.pcm not found, waiting...
demo.pcm not found, waiting...
demo.pcm not found, waiting...
demo.pcm not found, waiting...
demo.pcm not found, waiting...
demo.pcm not found, waiting...
demo.pcm not found, waiting...
demo.pcm not found, waiting...
demo.pcm not found, waiting...
demo.pcm not found, waiting...
demo.pcm not found, waiting...
demo.pcm not found, waiting...
demo.pcm not found, waiting...
demo.pcm not found, waiting...
demo.pcm not found, waiting...
demo.pcm not found, waiting...
demo.pcm not found, waiting...
demo.pcm not found, waiting...
demo.pcm not found, waiting...
demo.pcm not found, waiting...
demo.pcm not found, waiting...
demo.pcm not found, waiting...
demo.pcm not found, waiting...
demo.pcm not found, waiting...
demo.pcm not found, waiting...
demo.pcm not found, waiting...
demo.pcm not found, waiting...
demo.pcm not found, waiting...
demo.pcm not found, waiting...
demo.pcm not found, waiting...
demo.pcm not found, waiting...
demo.pcm not found, waiting...
demo.pcm not found, waiting...
demo.pcm not found, waiting...
demo.pcm not found, waiting...
demo.pcm not found, waiting...
demo.pcm not found, waiting...
demo.pcm not found, waiting...
demo.pcm not found, waiting...
demo.pcm not found, waiting...
demo.pcm not found, waiting...
demo.pcm not found, waiting...
demo.pcm not found, waiting...
demo.pcm not found, waiting...
demo.pcm not found, waiting...
demo.pcm not found, waiting...
demo.pcm not found, waiting...
demo.pcm not found, waiting...
demo.pcm not found, waiting...
demo.pcm not found, waiting...
demo.pcm not found, waiting...
demo.pcm not found, waiting...
demo.pcm not found, waiting...
demo.pcm not found, waiting...
demo.pcm not found, waiting...
demo.pcm not found, waiting...
demo.pcm not found, waiting...
demo.pcm not found, waiting...
demo.pcm not found, waiting...
demo.pcm not found, waiting...
demo.pcm not found, waiting...
demo.pcm not found, waiting...
demo.pcm not found, waiting...
demo.pcm not found, waiting...
demo.pcm not found, waiting...
demo.pcm not found, waiting...
demo.pcm not found, waiting...
demo.pcm not found, waiting...
demo.pcm not found, waiting...
demo.pcm not found, waiting...
demo.pcm not found, waiting...
demo.pcm not found, waiting...
demo.pcm not found, waiting...
demo.pcm not found, waiting...
demo.pcm not found, waiting...
demo.pcm not found, waiting...
demo.pcm not found, waiting...
demo.pcm not found, waiting...
demo.pcm not found, waiting...
demo.pcm not found, waiting...
demo.pcm not found, waiting...
demo.pcm not found, waiting...
demo.pcm not found, waiting...
demo.pcm not found, waiting...
demo.pcm not found, waiting...
demo.pcm not found, waiting...
demo.pcm not found, waiting...
demo.pcm not found, waiting...
demo.pcm not found, waiting...
demo.pcm not found, waiting...
demo.pcm not found, waiting...
demo.pcm not found, waiting...
demo.pcm not found, waiting...
demo.pcm not found, waiting...
demo.pcm not found, waiting...
demo.pcm not found, waiting...
demo.pcm not found, waiting...
demo.pcm not found, waiting...
demo.pcm not found, waiting...
demo.pcm not found, waiting...
demo.pcm not found, waiting...
demo.pcm not found, waiting...
demo.pcm not found, waiting...
demo.pcm not found, waiting...
demo.pcm not found, waiting...
demo.pcm not found, waiting...
demo.pcm not found, waiting...
demo.pcm not found, waiting...
demo.pcm not found, waiting...
demo.pcm not found, waiting...
demo.pcm not found, waiting...
demo.pcm not found, waiting...
demo.pcm not found, waiting...
demo.pcm not found, waiting...
demo.pcm not found, waiting...
demo.pcm not found, waiting...
demo.pcm not found, waiting...
demo.pcm not found, waiting...
demo.pcm not found, waiting...
demo.pcm not found, waiting...
demo.pcm not found, waiting...
demo.pcm not found, waiting...
demo.pcm not found, waiting...
demo.pcm not found, waiting...
demo.pcm not found, waiting...
demo.pcm not found, waiting...
demo.pcm not found, waiting...
demo.pcm not found, waiting...
demo.pcm not found, waiting...
demo.pcm not found, waiting...
demo.pcm not found, waiting...
demo.pcm not found, waiting...
demo.pcm not found, waiting...
demo.pcm not found, waiting...
demo.pcm not found, waiting...
demo.pcm not found, waiting...
demo.pcm not found, waiting...
demo.pcm not found, waiting...
demo.pcm not found, waiting...
demo.pcm not found, waiting...
demo.pcm not found, waiting...
demo.pcm not found, waiting...
demo.pcm not found, waiting...
demo.pcm not found, waiting...
demo.pcm not found, waiting...
demo.pcm not found, waiting...
demo.pcm not found, waiting...
demo.pcm not found, waiting...
demo.pcm not found, waiting...
demo.pcm not found, waiting...
demo.pcm not found, waiting...
demo.pcm not found, waiting...
demo.pcm not found, waiting...
demo.pcm not found, waiting...
demo.pcm not found, waiting...
demo.pcm not found, waiting...
demo.pcm not found, waiting...
demo.pcm not found, waiting...
demo.pcm not found, waiting...
demo.pcm not found, waiting...
demo.pcm not found, waiting...
demo.pcm not found, waiting...
demo.pcm not found, waiting...
demo.pcm not found, waiting...
demo.pcm not found, waiting...
demo.pcm not found, waiting...
demo.pcm not found, waiting...
demo.pcm not found, waiting...
demo.pcm not found, waiting...
demo.pcm not found, waiting...
demo.pcm not found, waiting...
demo.pcm not found, waiting...
demo.pcm not found, waiting...
demo.pcm not found, waiting...
demo.pcm not found, waiting...
demo.pcm not found, waiting...
demo.pcm not found, waiting...
demo.pcm not found, waiting...
demo.pcm not found, waiting...
demo.pcm not found, waiting...
demo.pcm not found, waiting...
demo.pcm not found, waiting...
demo.pcm not found, waiting...
demo.pcm not found, waiting...
demo.pcm not found, waiting...
demo.pcm not found, waiting...
demo.pcm not found, waiting...
demo.pcm not found, waiting...
demo.pcm not found, waiting...
demo.pcm not found, waiting...
demo.pcm not found, waiting...
demo.pcm not found, waiting...
demo.pcm not found, waiting...
demo.pcm not found, waiting...
demo.pcm not found, waiting...
demo.pcm not found, waiting...
demo.pcm not found, waiting...
demo.pcm not found, waiting...
demo.pcm not found, waiting...
demo.pcm not found, waiting...
demo.pcm not found, waiting...
demo.pcm not found, waiting...
demo.pcm not found, waiting...
demo.pcm not found, waiting...
demo.pcm not found, waiting...
demo.pcm not found, waiting...
demo.pcm not found, waiting...
demo.pcm not found, waiting...
demo.pcm not found, waiting...
demo.pcm not found, waiting...
demo.pcm not found, waiting...
demo.pcm not found, waiting...
demo.pcm not found, waiting...
demo.pcm not found, waiting...
demo.pcm not found, waiting...
demo.pcm not found, waiting...
demo.pcm not found, waiting...
demo.pcm not found, waiting...
demo.pcm not found, waiting...
demo.pcm not found, waiting...
demo.pcm not found, waiting...
demo.pcm not found, waiting...
demo.pcm not found, waiting...
demo.pcm not found, waiting...
demo.pcm not found, waiting...
demo.pcm not found, waiting...
demo.pcm not found, waiting...
demo.pcm not found, waiting...
demo.pcm not found, waiting...
demo.pcm not found, waiting...
demo.pcm not found, waiting...
demo.pcm not found, waiting...
demo.pcm not found, waiting...
demo.pcm not found, waiting...
demo.pcm not found, waiting...
demo.pcm not found, waiting...
demo.pcm not found, waiting...
demo.pcm not found, waiting...
demo.pcm not found, waiting...
demo.pcm not found, waiting...
demo.pcm not found, waiting...
demo.pcm not found, waiting...
demo.pcm not found, waiting...
demo.pcm not found, waiting...
demo.pcm not found, waiting...
demo.pcm not found, waiting...
demo.pcm not found, waiting...
demo.pcm not found, waiting...
demo.pcm not found, waiting...
demo.pcm not found, waiting...
demo.pcm not found, waiting...
demo.pcm not found, waiting...
demo.pcm not found, waiting...
demo.pcm not found, waiting...
demo.pcm not found, waiting...
demo.pcm not found, waiting...
demo.pcm not found, waiting...
demo.pcm not found, waiting...
demo.pcm not found, waiting...
demo.pcm not found, waiting...
demo.pcm not found, waiting...
demo.pcm not found, waiting...
demo.pcm not found, waiting...
demo.pcm not found, waiting...
demo.pcm not found, waiting...
demo.pcm not found, waiting...
demo.pcm not found, waiting...
demo.pcm not found, waiting...
demo.pcm not found, waiting...
demo.pcm not found, waiting...
demo.pcm not found, waiting...
demo.pcm not found, waiting...
demo.pcm not found, waiting...
demo.pcm not found, waiting...
demo.pcm not found, waiting...
demo.pcm not found, waiting...
demo.pcm not found, waiting...
demo.pcm not found, waiting...
demo.pcm not found, waiting...
demo.pcm not found, waiting...
demo.pcm not found, waiting...
demo.pcm not found, waiting...
demo.pcm not found, waiting...
demo.pcm not found, waiting...
demo.pcm not found, waiting...
demo.pcm not found, waiting...
demo.pcm not found, waiting...
demo.pcm not found, waiting...
demo.pcm not found, waiting...
demo.pcm not found, waiting...
demo.pcm not found, waiting...
demo.pcm not found, waiting...
demo.pcm not found, waiting...
demo.pcm not found, waiting...
demo.pcm not found, waiting...
demo.pcm not found, waiting...
demo.pcm not found, waiting...
demo.pcm not found, waiting...
demo.pcm not found, waiting...
demo.pcm not found, waiting...
demo.pcm not found, waiting...
demo.pcm not found, waiting...
demo.pcm not found, waiting...
demo.pcm not found, waiting...
demo.pcm not found, waiting...
demo.pcm not found, waiting...
demo.pcm not found, waiting...
demo.pcm not found, waiting...
demo.pcm not found, waiting...
demo.pcm not found, waiting...
demo.pcm not found, waiting...
demo.pcm not found, waiting...
demo.pcm not found, waiting...
demo.pcm not found, waiting...
demo.pcm not found, waiting...
demo.pcm not found, waiting...
demo.pcm not found, waiting...
demo.pcm not found, waiting...
demo.pcm not found, waiting...
demo.pcm not found, waiting...
demo.pcm not found, waiting...
demo.pcm not found, waiting...
demo.pcm not found, waiting...
demo.pcm not found, waiting...
demo.pcm not found, waiting...
demo.pcm not found, waiting...
demo.pcm not found, waiting...
demo.pcm not found, waiting...
demo.pcm not found, waiting...
demo.pcm not found, waiting...
demo.pcm not found, waiting...
demo.pcm not found, waiting...
demo.pcm not found, waiting...
demo.pcm not found, waiting...
demo.pcm not found, waiting...
demo.pcm not found, waiting...
demo.pcm not found, waiting...
demo.pcm not found, waiting...
demo.pcm not found, waiting...
demo.pcm not found, waiting...
demo.pcm not found, waiting...
demo.pcm not found, waiting...
demo.pcm not found, waiting...
demo.pcm not found, waiting...
demo.pcm not found, waiting...
demo.pcm not found, waiting...
demo.pcm not found, waiting...
demo.pcm not found, waiting...
demo.pcm not found, waiting...
demo.pcm not found, waiting...
demo.pcm not found, waiting...
demo.pcm not found, waiting...
demo.pcm not found, waiting...
demo.pcm not found, waiting...
demo.pcm not found, waiting...
demo.pcm not found, waiting...
demo.pcm not found, waiting...
demo.pcm not found, waiting...
demo.pcm not found, waiting...
demo.pcm not found, waiting...
demo.pcm not found, waiting...
demo.pcm not found, waiting...
demo.pcm not found, waiting...
demo.pcm not found, waiting...
demo.pcm not found, waiting...
demo.pcm not found, waiting...
demo.pcm not found, waiting...
demo.pcm not found, waiting...
demo.pcm not found, waiting...
demo.pcm not found, waiting...
demo.pcm not found, waiting...
demo.pcm not found, waiting...
demo.pcm not found, waiting...
demo.pcm not found, waiting...
demo.pcm not found, waiting...
demo.pcm not found, waiting...
demo.pcm not found, waiting...
demo.pcm not found, waiting...
demo.pcm not found, waiting...
demo.pcm not found, waiting...
demo.pcm not found, waiting...
demo.pcm not found, waiting...
demo.pcm not found, waiting...
demo.pcm not found, waiting...
demo.pcm not found, waiting...
demo.pcm not found, waiting...
demo.pcm not found, waiting...
demo.pcm not found, waiting...
demo.pcm not found, waiting...
demo.pcm not found, waiting...
demo.pcm not found, waiting...
demo.pcm not found, waiting...
demo.pcm not found, waiting...
demo.pcm not found, waiting...
demo.pcm not found, waiting...
demo.pcm not found, waiting...
demo.pcm not found, waiting...
demo.pcm not found, waiting...
demo.pcm not found, waiting...
demo.pcm not found, waiting...
demo.pcm not found, waiting...
demo.pcm not found, waiting...
demo.pcm not found, waiting...
demo.pcm not found, waiting...
demo.pcm not found, waiting...
demo.pcm not found, waiting...
demo.pcm not found, waiting...
demo.pcm not found, waiting...
demo.pcm not found, waiting...
demo.pcm not found, waiting...
demo.pcm not found, waiting...
demo.pcm not found, waiting...
demo.pcm not found, waiting...
demo.pcm not found, waiting...
demo.pcm not found, waiting...
demo.pcm not found, waiting...
demo.pcm not found, waiting...
demo.pcm not found, waiting...
demo.pcm not found, waiting...
demo.pcm not found, waiting...
demo.pcm not found, waiting...
demo.pcm not found, waiting...
demo.pcm not found, waiting...
demo.pcm not found, waiting...
demo.pcm not found, waiting...
demo.pcm not found, waiting...
demo.pcm not found, waiting...
demo.pcm not found, waiting...
demo.pcm not found, waiting...
demo.pcm not found, waiting...
demo.pcm not found, waiting...
demo.pcm not found, waiting...
demo.pcm not found, waiting...
demo.pcm not found, waiting...
demo.pcm not found, waiting...
demo.pcm not found, waiting...
demo.pcm not found, waiting...
demo.pcm not found, waiting...
demo.pcm not found, waiting...
demo.pcm not found, waiting...
demo.pcm not found, waiting...
demo.pcm not found, waiting...
demo.pcm not found, waiting...
demo.pcm not found, waiting...
demo.pcm not found, waiting...
demo.pcm not found, waiting...
demo.pcm not found, waiting...
demo.pcm not found, waiting...
demo.pcm not found, waiting...
demo.pcm not found, waiting...
demo.pcm not found, waiting...
demo.pcm not found, waiting...
demo.pcm not found, waiting...
demo.pcm not found, waiting...
demo.pcm not found, waiting...
demo.pcm not found, waiting...
demo.pcm not found, waiting...
demo.pcm not found, waiting...
demo.pcm not found, waiting...
demo.pcm not found, waiting...
demo.pcm not found, waiting...
demo.pcm not found, waiting...
demo.pcm not found, waiting...
demo.pcm not found, waiting...
demo.pcm not found, waiting...
demo.pcm not found, waiting...
demo.pcm not found, waiting...
demo.pcm not found, waiting...
demo.pcm not found, waiting...
demo.pcm not found, waiting...
demo.pcm not found, waiting...
demo.pcm not found, waiting...
demo.pcm not found, waiting...
demo.pcm not found, waiting...
demo.pcm not found, waiting...
demo.pcm not found, waiting...
demo.pcm not found, waiting...
demo.pcm not found, waiting...
demo.pcm not found, waiting...
demo.pcm not found, waiting...
demo.pcm not found, waiting...
demo.pcm not found, waiting...
demo.pcm not found, waiting...
demo.pcm not found, waiting...
demo.pcm not found, waiting...
demo.pcm not found, waiting...
demo.pcm not found, waiting...
demo.pcm not found, waiting...
demo.pcm not found, waiting...
demo.pcm not found, waiting...
demo.pcm not found, waiting...
demo.pcm not found, waiting...
demo.pcm not found, waiting...
demo.pcm not found, waiting...
demo.pcm not found, waiting...
demo.pcm not found, waiting...
demo.pcm not found, waiting...
demo.pcm not found, waiting...
demo.pcm not found, waiting...
demo.pcm not found, waiting...
demo.pcm not found, waiting...
demo.pcm not found, waiting...
demo.pcm not found, waiting...
demo.pcm not found, waiting...
demo.pcm not found, waiting...
demo.pcm not found, waiting...
demo.pcm not found, waiting...
demo.pcm not found, waiting...
demo.pcm not found, waiting...
demo.pcm not found, waiting...
demo.pcm not found, waiting...
demo.pcm not found, waiting...
demo.pcm not found, waiting...
demo.pcm not found, waiting...
demo.pcm not found, waiting...
demo.pcm not found, waiting...
demo.pcm not found, waiting...
demo.pcm not found, waiting...
demo.pcm not found, waiting...
demo.pcm not found, waiting...
demo.pcm not found, waiting...
demo.pcm not found, waiting...
demo.pcm not found, waiting...
demo.pcm not found, waiting...
demo.pcm not found, waiting...
demo.pcm not found, waiting...
demo.pcm not found, waiting...
demo.pcm not found, waiting...
demo.pcm not found, waiting...
demo.pcm not found, waiting...
demo.pcm not found, waiting...
demo.pcm not found, waiting...
demo.pcm not found, waiting...
demo.pcm not found, waiting...
demo.pcm not found, waiting...
demo.pcm not found, waiting...
demo.pcm not found, waiting...
demo.pcm not found, waiting...
demo.pcm not found, waiting...
demo.pcm not found, waiting...
demo.pcm not found, waiting...
demo.pcm not found, waiting...
demo.pcm not found, waiting...
demo.pcm not found, waiting...
demo.pcm not found, waiting...
demo.pcm not found, waiting...
demo.pcm not found, waiting...
demo.pcm not found, waiting...
demo.pcm not found, waiting...
demo.pcm not found, waiting...
demo.pcm not found, waiting...
demo.pcm not found, waiting...
demo.pcm not found, waiting...
demo.pcm not found, waiting...
demo.pcm not found, waiting...
demo.pcm not found, waiting...
demo.pcm not found, waiting...
demo.pcm not found, waiting...
demo.pcm not found, waiting...
demo.pcm not found, waiting...
demo.pcm not found, waiting...
demo.pcm not found, waiting...
demo.pcm not found, waiting...
demo.pcm not found, waiting...
demo.pcm not found, waiting...
demo.pcm not found, waiting...
demo.pcm not found, waiting...
demo.pcm not found, waiting...
demo.pcm not found, waiting...
demo.pcm not found, waiting...
demo.pcm not found, waiting...
demo.pcm not found, waiting...
demo.pcm not found, waiting...
demo.pcm not found, waiting...
demo.pcm not found, waiting...
demo.pcm not found, waiting...
demo.pcm not found, waiting...
demo.pcm not found, waiting...
demo.pcm not found, waiting...
demo.pcm not found, waiting...
demo.pcm not found, waiting...
demo.pcm not found, waiting...
demo.pcm not found, waiting...
demo.pcm not found, waiting...
demo.pcm not found, waiting...
demo.pcm not found, waiting...
demo.pcm not found, waiting...
demo.pcm not found, waiting...
demo.pcm not found, waiting...
demo.pcm not found, waiting...
demo.pcm not found, waiting...
demo.pcm not found, waiting...
demo.pcm not found, waiting...
demo.pcm not found, waiting...
demo.pcm not found, waiting...
demo.pcm not found, waiting...
demo.pcm not found, waiting...
demo.pcm not found, waiting...
demo.pcm not found, waiting...
demo.pcm not found, waiting...
demo.pcm not found, waiting...
demo.pcm not found, waiting...
demo.pcm not found, waiting...
demo.pcm not found, waiting...
demo.pcm not found, waiting...
demo.pcm not found, waiting...
demo.pcm not found, waiting...
demo.pcm not found, waiting...
demo.pcm not found, waiting...
demo.pcm not found, waiting...
demo.pcm not found, waiting...
demo.pcm not found, waiting...
demo.pcm not found, waiting...
demo.pcm not found, waiting...
demo.pcm not found, waiting...
demo.pcm not found, waiting...
demo.pcm not found, waiting...
demo.pcm not found, waiting...
demo.pcm not found, waiting...
demo.pcm not found, waiting...
demo.pcm not found, waiting...
demo.pcm not found, waiting...
demo.pcm not found, waiting...
demo.pcm not found, waiting...
demo.pcm not found, waiting...
demo.pcm not found, waiting...
demo.pcm not found, waiting...
demo.pcm not found, waiting...
demo.pcm not found, waiting...
demo.pcm not found, waiting...
demo.pcm not found, waiting...
demo.pcm not found, waiting...
demo.pcm not found, waiting...
demo.pcm not found, waiting...
demo.pcm not found, waiting...
demo.pcm not found, waiting...
demo.pcm not found, waiting...
demo.pcm not found, waiting...
demo.pcm not found, waiting...
demo.pcm not found, waiting...
demo.pcm not found, waiting...
demo.pcm not found, waiting...
demo.pcm not found, waiting...
demo.pcm not found, waiting...
demo.pcm not found, waiting...
demo.pcm not found, waiting...
demo.pcm not found, waiting...
demo.pcm not found, waiting...
demo.pcm not found, waiting...
demo.pcm not found, waiting...
demo.pcm not found, waiting...
demo.pcm not found, waiting...
demo.pcm not found, waiting...
demo.pcm not found, waiting...
demo.pcm not found, waiting...
demo.pcm not found, waiting...
demo.pcm not found, waiting...
demo.pcm not found, waiting...
demo.pcm not found, waiting...
demo.pcm not found, waiting...
demo.pcm not found, waiting...
demo.pcm not found, waiting...
demo.pcm not found, waiting...
demo.pcm not found, waiting...
demo.pcm not found, waiting...
demo.pcm not found, waiting...
demo.pcm not found, waiting...
demo.pcm not found, waiting...
demo.pcm not found, waiting...
demo.pcm not found, waiting...
demo.pcm not found, waiting...
demo.pcm not found, waiting...
demo.pcm not found, waiting...
demo.pcm not found, waiting...
demo.pcm not found, waiting...
demo.pcm not found, waiting...
demo.pcm not found, waiting...
demo.pcm not found, waiting...
demo.pcm not found, waiting...
demo.pcm not found, waiting...
demo.pcm not found, waiting...
demo.pcm not found, waiting...
demo.pcm not found, waiting...
demo.pcm not found, waiting...
demo.pcm not found, waiting...
demo.pcm not found, waiting...
demo.pcm not found, waiting...
demo.pcm not found, waiting...
demo.pcm not found, waiting...
demo.pcm not found, waiting...
demo.pcm not found, waiting...
demo.pcm not found, waiting...
demo.pcm not found, waiting...
demo.pcm not found, waiting...
demo.pcm not found, waiting...
demo.pcm not found, waiting...
demo.pcm not found, waiting...
demo.pcm not found, waiting...
demo.pcm not found, waiting...
demo.pcm not found, waiting...
demo.pcm not found, waiting...
demo.pcm not found, waiting...
demo.pcm not found, waiting...
demo.pcm not found, waiting...
demo.pcm not found, waiting...
demo.pcm not found, waiting...
demo.pcm not found, waiting...
demo.pcm not found, waiting...
demo.pcm not found, waiting...
demo.pcm not found, waiting...
demo.pcm not found, waiting...
demo.pcm not found, waiting...
demo.pcm not found, waiting...
demo.pcm not found, waiting...
demo.pcm not found, waiting...
demo.pcm not found, waiting...
demo.pcm not found, waiting...
demo.pcm not found, waiting...
demo.pcm not found, waiting...
demo.pcm not found, waiting...
demo.pcm not found, waiting...
demo.pcm not found, waiting...
demo.pcm not found, waiting...
demo.pcm not found, waiting...
demo.pcm not found, waiting...
demo.pcm not found, waiting...
demo.pcm not found, waiting...
demo.pcm not found, waiting...
demo.pcm not found, waiting...
demo.pcm not found, waiting...
demo.pcm not found, waiting...
demo.pcm not found, waiting...
demo.pcm not found, waiting...
demo.pcm not found, waiting...
demo.pcm not found, waiting...
demo.pcm not found, waiting...
demo.pcm not found, waiting...
demo.pcm not found, waiting...
demo.pcm not found, waiting...
demo.pcm not found, waiting...
demo.pcm not found, waiting...
demo.pcm not found, waiting...
demo.pcm not found, waiting...
demo.pcm not found, waiting...
demo.pcm not found, waiting...
demo.pcm not found, waiting...
demo.pcm not found, waiting...
demo.pcm not found, waiting...
demo.pcm not found, waiting...
demo.pcm not found, waiting...
demo.pcm not found, waiting...
demo.pcm not found, waiting...
demo.pcm not found, waiting...
demo.pcm not found, waiting...
demo.pcm not found, waiting...
demo.pcm not found, waiting...
demo.pcm not found, waiting...
demo.pcm not found, waiting...
demo.pcm not found, waiting...
demo.pcm not found, waiting...
demo.pcm not found, waiting...
demo.pcm not found, waiting...
demo.pcm not found, waiting...
demo.pcm not found, waiting...
demo.pcm not found, waiting...
demo.pcm not found, waiting...
demo.pcm not found, waiting...
demo.pcm not found, waiting...
demo.pcm not found, waiting...
demo.pcm not found, waiting...
demo.pcm not found, waiting...
demo.pcm not found, waiting...
demo.pcm not found, waiting...
demo.pcm not found, waiting...
demo.pcm not found, waiting...
demo.pcm not found, waiting...
demo.pcm not found, waiting...
demo.pcm not found, waiting...
demo.pcm not found, waiting...
demo.pcm not found, waiting...
demo.pcm not found, waiting...
demo.pcm not found, waiting...
demo.pcm not found, waiting...
demo.pcm not found, waiting...
demo.pcm not found, waiting...
demo.pcm not found, waiting...
demo.pcm not found, waiting...
demo.pcm not found, waiting...
demo.pcm not found, waiting...
demo.pcm not found, waiting...
demo.pcm not found, waiting...
demo.pcm not found, waiting...
demo.pcm not found, waiting...
demo.pcm not found, waiting...
demo.pcm not found, waiting...
demo.pcm not found, waiting...
demo.pcm not found, waiting...
demo.pcm not found, waiting...
demo.pcm not found, waiting...
demo.pcm not found, waiting...
demo.pcm not found, waiting...
demo.pcm not found, waiting...
demo.pcm not found, waiting...
demo.pcm not found, waiting...
demo.pcm not found, waiting...
demo.pcm not found, waiting...
demo.pcm not found, waiting...
demo.pcm not found, waiting...
demo.pcm not found, waiting...
demo.pcm not found, waiting...
demo.pcm not found, waiting...
demo.pcm not found, waiting...
demo.pcm not found, waiting...
demo.pcm not found, waiting...
demo.pcm not found, waiting...
demo.pcm not found, waiting...
demo.pcm not found, waiting...
demo.pcm not found, waiting...
demo.pcm not found, waiting...
demo.pcm not found, waiting...
demo.pcm not found, waiting...
demo.pcm not found, waiting...
demo.pcm not found, waiting...
demo.pcm not found, waiting...
demo.pcm not found, waiting...
demo.pcm not found, waiting...
demo.pcm not found, waiting...
demo.pcm not found, waiting...
demo.pcm not found, waiting...
demo.pcm not found, waiting...
demo.pcm not found, waiting...
demo.pcm not found, waiting...
demo.pcm not found, waiting...
demo.pcm not found, waiting...
demo.pcm not found, waiting...
demo.pcm not found, waiting...
demo.pcm not found, waiting...
demo.pcm not found, waiting...
demo.pcm not found, waiting...
demo.pcm not found, waiting...
demo.pcm not found, waiting...
demo.pcm not found, waiting...
demo.pcm not found, waiting...
demo.pcm not found, waiting...
demo.pcm not found, waiting...
demo.pcm not found, waiting...
demo.pcm not found, waiting...
demo.pcm not found, waiting...
demo.pcm not found, waiting...
demo.pcm not found, waiting...
demo.pcm not found, waiting...
demo.pcm not found, waiting...
demo.pcm not found, waiting...
demo.pcm not found, waiting...
demo.pcm not found, waiting...
demo.pcm not found, waiting...
demo.pcm not found, waiting...
demo.pcm not found, waiting...
demo.pcm not found, waiting...
demo.pcm not found, waiting...
demo.pcm not found, waiting...
demo.pcm not found, waiting...
demo.pcm not found, waiting...
demo.pcm not found, waiting...
demo.pcm not found, waiting...
demo.pcm not found, waiting...
demo.pcm not found, waiting...
demo.pcm not found, waiting...
demo.pcm not found, waiting...
demo.pcm not found, waiting...
demo.pcm not found, waiting...
demo.pcm not found, waiting...
demo.pcm not found, waiting...
demo.pcm not found, waiting...
demo.pcm not found, waiting...
demo.pcm not found, waiting...
demo.pcm not found, waiting...
demo.pcm not found, waiting...
demo.pcm not found, waiting...
demo.pcm not found, waiting...
demo.pcm not found, waiting...
demo.pcm not found, waiting...
demo.pcm not found, waiting...
demo.pcm not found, waiting...
demo.pcm not found, waiting...
demo.pcm not found, waiting...
demo.pcm not found, waiting...
demo.pcm not found, waiting...
demo.pcm not found, waiting...
demo.pcm not found, waiting...
demo.pcm not found, waiting...
demo.pcm not found, waiting...
demo.pcm not found, waiting...
demo.pcm not found, waiting...
demo.pcm not found, waiting...
demo.pcm not found, waiting...
demo.pcm not found, waiting...
demo.pcm not found, waiting...
demo.pcm not found, waiting...
demo.pcm not found, waiting...
demo.pcm not found, waiting...
demo.pcm not found, waiting...
demo.pcm not found, waiting...
demo.pcm not found, waiting...
demo.pcm not found, waiting...
demo.pcm not found, waiting...
demo.pcm not found, waiting...
demo.pcm not found, waiting...
demo.pcm not found, waiting...
demo.pcm not found, waiting...
demo.pcm not found, waiting...
demo.pcm not found, waiting...
demo.pcm not found, waiting...
demo.pcm not found, waiting...
demo.pcm not found, waiting...
demo.pcm not found, waiting...
demo.pcm not found, waiting...
demo.pcm not found, waiting...
demo.pcm not found, waiting...
demo.pcm not found, waiting...
demo.pcm not found, waiting...
demo.pcm not found, waiting...
demo.pcm not found, waiting...
demo.pcm not found, waiting...
demo.pcm not found, waiting...
demo.pcm not found, waiting...
demo.pcm not found, waiting...
demo.pcm not found, waiting...
demo.pcm not found, waiting...
demo.pcm not found, waiting...
demo.pcm not found, waiting...
demo.pcm not found, waiting...
demo.pcm not found, waiting...
demo.pcm not found, waiting...
demo.pcm not found, waiting...
demo.pcm not found, waiting...
demo.pcm not found, waiting...
demo.pcm not found, waiting...
demo.pcm not found, waiting...
demo.pcm not found, waiting...
demo.pcm not found, waiting...
demo.pcm not found, waiting...
demo.pcm not found, waiting...
demo.pcm not found, waiting...
demo.pcm not found, waiting...
demo.pcm not found, waiting...
demo.pcm not found, waiting...
demo.pcm not found, waiting...
demo.pcm not found, waiting...
demo.pcm not found, waiting...
demo.pcm not found, waiting...
demo.pcm not found, waiting...
demo.pcm not found, waiting...
demo.pcm not found, waiting...
demo.pcm not found, waiting...
demo.pcm not found, waiting...
demo.pcm not found, waiting...
demo.pcm not found, waiting...
demo.pcm not found, waiting...
demo.pcm not found, waiting...
demo.pcm not found, waiting...
demo.pcm not found, waiting...
demo.pcm not found, waiting...
demo.pcm not found, waiting...
demo.pcm not found, waiting...
demo.pcm not found, waiting...
demo.pcm not found, waiting...
demo.pcm not found, waiting...
demo.pcm not found, waiting...
demo.pcm not found, waiting...
demo.pcm not found, waiting...
demo.pcm not found, waiting...
demo.pcm not found, waiting...
demo.pcm not found, waiting...
demo.pcm not found, waiting...
demo.pcm not found, waiting...
demo.pcm not found, waiting...
demo.pcm not found, waiting...
demo.pcm not found, waiting...
demo.pcm not found, waiting...
demo.pcm not found, waiting...
demo.pcm not found, waiting...
demo.pcm not found, waiting...
demo.pcm not found, waiting...
demo.pcm not found, waiting...
demo.pcm not found, waiting...
demo.pcm not found, waiting...
demo.pcm not found, waiting...
demo.pcm not found, waiting...
demo.pcm not found, waiting...
demo.pcm not found, waiting...
demo.pcm not found, waiting...
demo.pcm not found, waiting...
demo.pcm not found, waiting...
demo.pcm not found, waiting...
demo.pcm not found, waiting...
demo.pcm not found, waiting...
demo.pcm not found, waiting...
demo.pcm not found, waiting...
demo.pcm not found, waiting...
demo.pcm not found, waiting...
demo.pcm not found, waiting...
demo.pcm not found, waiting...
demo.pcm not found, waiting...
demo.pcm not found, waiting...
demo.pcm not found, waiting...
demo.pcm not found, waiting...
demo.pcm not found, waiting...
demo.pcm not found, waiting...
demo.pcm not found, waiting...
demo.pcm not found, waiting...
demo.pcm not found, waiting...
demo.pcm not found, waiting...
demo.pcm not found, waiting...
demo.pcm not found, waiting...
demo.pcm not found, waiting...
demo.pcm not found, waiting...
demo.pcm not found, waiting...
demo.pcm not found, waiting...
demo.pcm not found, waiting...
demo.pcm not found, waiting...
demo.pcm not found, waiting...
demo.pcm not found, waiting...
demo.pcm not found, waiting...
demo.pcm not found, waiting...
demo.pcm not found, waiting...
demo.pcm not found, waiting...
demo.pcm not found, waiting...
demo.pcm not found, waiting...
demo.pcm not found, waiting...
demo.pcm not found, waiting...
demo.pcm not found, waiting...
demo.pcm not found, waiting...
demo.pcm not found, waiting...
demo.pcm not found, waiting...
demo.pcm not found, waiting...
demo.pcm not found, waiting...
demo.pcm not found, waiting...
demo.pcm not found, waiting...
demo.pcm not found, waiting...
demo.pcm not found, waiting...
demo.pcm not found, waiting...
demo.pcm not found, waiting...
demo.pcm not found, waiting...
demo.pcm not found, waiting...
demo.pcm not found, waiting...
demo.pcm not found, waiting...
demo.pcm not found, waiting...
demo.pcm not found, waiting...
demo.pcm not found, waiting...
demo.pcm not found, waiting...
demo.pcm not found, waiting...
demo.pcm not found, waiting...
demo.pcm not found, waiting...
demo.pcm not found, waiting...
demo.pcm not found, waiting...
demo.pcm not found, waiting...
demo.pcm not found, waiting...
demo.pcm not found, waiting...
demo.pcm not found, waiting...
demo.pcm not found, waiting...
demo.pcm not found, waiting...
demo.pcm not found, waiting...
demo.pcm not found, waiting...
demo.pcm not found, waiting...
demo.pcm not found, waiting...
demo.pcm not found, waiting...
demo.pcm not found, waiting...
demo.pcm not found, waiting...
demo.pcm not found, waiting...
demo.pcm not found, waiting...
demo.pcm not found, waiting...
demo.pcm not found, waiting...
demo.pcm not found, waiting...
demo.pcm not found, waiting...
demo.pcm not found, waiting...
demo.pcm not found, waiting...
demo.pcm not found, waiting...
demo.pcm not found, waiting...
demo.pcm not found, waiting...
demo.pcm not found, waiting...
demo.pcm not found, waiting...
demo.pcm not found, waiting...
demo.pcm not found, waiting...
demo.pcm not found, waiting...
demo.pcm not found, waiting...
demo.pcm not found, waiting...
demo.pcm not found, waiting...
demo.pcm not found, waiting...
demo.pcm not found, waiting...
demo.pcm not found, waiting...
demo.pcm not found, waiting...
demo.pcm not found, waiting...
demo.pcm not found, waiting...
demo.pcm not found, waiting...
demo.pcm not found, waiting...
demo.pcm not found, waiting...
demo.pcm not found, waiting...
demo.pcm not found, waiting...
demo.pcm not found, waiting...
demo.pcm not found, waiting...
demo.pcm not found, waiting...
demo.pcm not found, waiting...
demo.pcm not found, waiting...
demo.pcm not found, waiting...
demo.pcm not found, waiting...
demo.pcm not found, waiting...
demo.pcm not found, waiting...
demo.pcm not found, waiting...
demo.pcm not found, waiting...
demo.pcm not found, waiting...
demo.pcm not found, waiting...
demo.pcm not found, waiting...
demo.pcm not found, waiting...
demo.pcm not found, waiting...
demo.pcm not found, waiting...
demo.pcm not found, waiting...
demo.pcm not found, waiting...
demo.pcm not found, waiting...
demo.pcm not found, waiting...
demo.pcm not found, waiting...
demo.pcm not found, waiting...
demo.pcm not found, waiting...
demo.pcm not found, waiting...
demo.pcm not found, waiting...
demo.pcm not found, waiting...
demo.pcm not found, waiting...
demo.pcm not found, waiting...
demo.pcm not found, waiting...
demo.pcm not found, waiting...
demo.pcm not found, waiting...
demo.pcm not found, waiting...
demo.pcm not found, waiting...
demo.pcm not found, waiting...
demo.pcm not found, waiting...
demo.pcm not found, waiting...
demo.pcm not found, waiting...
demo.pcm not found, waiting...
demo.pcm not found, waiting...
demo.pcm not found, waiting...
demo.pcm not found, waiting...
demo.pcm not found, waiting...
demo.pcm not found, waiting...
demo.pcm not found, waiting...
demo.pcm not found, waiting...
demo.pcm not found, waiting...
demo.pcm not found, waiting...
demo.pcm not found, waiting...
demo.pcm not found, waiting...
demo.pcm not found, waiting...
demo.pcm not found, waiting...
demo.pcm not found, waiting...
demo.pcm not found, waiting...
demo.pcm not found, waiting...
demo.pcm not found, waiting...
demo.pcm not found, waiting...
demo.pcm not found, waiting...
demo.pcm not found, waiting...
demo.pcm not found, waiting...
demo.pcm not found, waiting...
demo.pcm not found, waiting...
demo.pcm not found, waiting...
demo.pcm not found, waiting...
demo.pcm not found, waiting...
demo.pcm not found, waiting...
demo.pcm not found, waiting...
demo.pcm not found, waiting...
demo.pcm not found, waiting...
demo.pcm not found, waiting...
demo.pcm not found, waiting...
demo.pcm not found, waiting...
demo.pcm not found, waiting...
demo.pcm not found, waiting...
demo.pcm not found, waiting...
demo.pcm not found, waiting...
demo.pcm not found, waiting...
demo.pcm not found, waiting...
demo.pcm not found, waiting...
demo.pcm not found, waiting...
demo.pcm not found, waiting...
demo.pcm not found, waiting...
demo.pcm not found, waiting...
demo.pcm not found, waiting...
demo.pcm not found, waiting...
demo.pcm not found, waiting...
demo.pcm not found, waiting...
demo.pcm not found, waiting...
demo.pcm not found, waiting...
demo.pcm not found, waiting...
demo.pcm not found, waiting...
demo.pcm not found, waiting...
demo.pcm not found, waiting...
demo.pcm not found, waiting...
demo.pcm not found, waiting...
demo.pcm not found, waiting...
demo.pcm not found, waiting...
demo.pcm not found, waiting...
demo.pcm not found, waiting...
demo.pcm not found, waiting...
demo.pcm not found, waiting...
demo.pcm not found, waiting...
demo.pcm not found, waiting...
demo.pcm not found, waiting...
demo.pcm not found, waiting...
demo.pcm not found, waiting...
demo.pcm not found, waiting...
demo.pcm not found, waiting...
demo.pcm not found, waiting...
demo.pcm not found, waiting...
demo.pcm not found, waiting...
demo.pcm not found, waiting...
demo.pcm not found, waiting...
demo.pcm not found, waiting...
demo.pcm not found, waiting...
demo.pcm not found, waiting...
demo.pcm not found, waiting...
demo.pcm not found, waiting...
demo.pcm not found, waiting...
demo.pcm not found, waiting...
demo.pcm not found, waiting...
demo.pcm not found, waiting...
demo.pcm not found, waiting...
demo.pcm not found, waiting...
demo.pcm not found, waiting...
demo.pcm not found, waiting...
demo.pcm not found, waiting...
demo.pcm not found, waiting...
demo.pcm not found, waiting...
demo.pcm not found, waiting...
demo.pcm not found, waiting...
demo.pcm not found, waiting...
demo.pcm not found, waiting...
demo.pcm not found, waiting...
demo.pcm not found, waiting...
demo.pcm not found, waiting...
demo.pcm not found, waiting...
demo.pcm not found, waiting...
demo.pcm not found, waiting...
demo.pcm not found, waiting...
demo.pcm not found, waiting...
demo.pcm not found, waiting...
demo.pcm not found, waiting...
demo.pcm not found, waiting...
demo.pcm not found, waiting...
demo.pcm not found, waiting...
demo.pcm not found, waiting...
demo.pcm not found, waiting...
demo.pcm not found, waiting...
demo.pcm not found, waiting...
demo.pcm not found, waiting...
demo.pcm not found, waiting...
demo.pcm not found, waiting...
demo.pcm not found, waiting...
demo.pcm not found, waiting...
demo.pcm not found, waiting...
demo.pcm not found, waiting...
demo.pcm not found, waiting...
demo.pcm not found, waiting...
demo.pcm not found, waiting...
demo.pcm not found, waiting...
demo.pcm not found, waiting...
demo.pcm not found, waiting...
demo.pcm not found, waiting...
demo.pcm not found, waiting...
demo.pcm not found, waiting...
demo.pcm not found, waiting...
demo.pcm not found, waiting...
demo.pcm not found, waiting...
demo.pcm not found, waiting...
demo.pcm not found, waiting...
demo.pcm not found, waiting...
demo.pcm not found, waiting...
demo.pcm not found, waiting...
demo.pcm not found, waiting...
demo.pcm not found, waiting...
demo.pcm not found, waiting...
demo.pcm not found, waiting...
demo.pcm not found, waiting...
demo.pcm not found, waiting...
demo.pcm not found, waiting...
demo.pcm not found, waiting...
demo.pcm not found, waiting...
demo.pcm not found, waiting...
demo.pcm not found, waiting...
demo.pcm not found, waiting...
demo.pcm not found, waiting...
demo.pcm not found, waiting...
demo.pcm not found, waiting...
demo.pcm not found, waiting...
demo.pcm not found, waiting...
demo.pcm not found, waiting...
demo.pcm not found, waiting...
demo.pcm not found, waiting...
demo.pcm not found, waiting...
demo.pcm not found, waiting...
demo.pcm not found, waiting...
demo.pcm not found, waiting...
demo.pcm not found, waiting...
demo.pcm not found, waiting...
demo.pcm not found, waiting...
demo.pcm not found, waiting...
demo.pcm not found, waiting...
demo.pcm not found, waiting...
demo.pcm not found, waiting...
demo.pcm not found, waiting...
demo.pcm not found, waiting...
demo.pcm not found, waiting...
demo.pcm not found, waiting...
demo.pcm not found, waiting...
demo.pcm not found, waiting...
demo.pcm not found, waiting...
demo.pcm not found, waiting...
demo.pcm not found, waiting...
demo.pcm not found, waiting...
demo.pcm not found, waiting...
demo.pcm not found, waiting...
demo.pcm not found, waiting...
demo.pcm not found, waiting...
demo.pcm not found, waiting...
demo.pcm not found, waiting...
demo.pcm not found, waiting...
demo.pcm not found, waiting...
demo.pcm not found, waiting...
demo.pcm not found, waiting...
demo.pcm not found, waiting...
demo.pcm not found, waiting...
demo.pcm not found, waiting...
demo.pcm not found, waiting...
demo.pcm not found, waiting...
demo.pcm not found, waiting...
demo.pcm not found, waiting...
demo.pcm not found, waiting...
demo.pcm not found, waiting...
demo.pcm not found, waiting...
demo.pcm not found, waiting...
demo.pcm not found, waiting...
demo.pcm not found, waiting...
demo.pcm not found, waiting...
demo.pcm not found, waiting...
demo.pcm not found, waiting...
demo.pcm not found, waiting...
demo.pcm not found, waiting...
demo.pcm not found, waiting...
demo.pcm not found, waiting...
demo.pcm not found, waiting...
demo.pcm not found, waiting...
demo.pcm not found, waiting...
demo.pcm not found, waiting...
demo.pcm not found, waiting...
demo.pcm not found, waiting...
demo.pcm not found, waiting...
demo.pcm not found, waiting...
demo.pcm not found, waiting...
demo.pcm not found, waiting...
demo.pcm not found, waiting...
demo.pcm not found, waiting...
demo.pcm not found, waiting...
demo.pcm not found, waiting...
demo.pcm not found, waiting...
demo.pcm not found, waiting...
demo.pcm not found, waiting...
demo.pcm not found, waiting...
demo.pcm not found, waiting...
demo.pcm not found, waiting...
demo.pcm not found, waiting...
demo.pcm not found, waiting...
demo.pcm not found, waiting...
demo.pcm not found, waiting...
demo.pcm not found, waiting...
demo.pcm not found, waiting...
demo.pcm not found, waiting...
demo.pcm not found, waiting...
demo.pcm not found, waiting...
demo.pcm not found, waiting...
demo.pcm not found, waiting...
demo.pcm not found, waiting...
demo.pcm not found, waiting...
demo.pcm not found, waiting...
demo.pcm not found, waiting...
demo.pcm not found, waiting...
demo.pcm not found, waiting...
demo.pcm not found, waiting...
demo.pcm not found, waiting...
demo.pcm not found, waiting...
demo.pcm not found, waiting...
demo.pcm not found, waiting...
demo.pcm not found, waiting...
demo.pcm not found, waiting...
demo.pcm not found, waiting...
demo.pcm not found, waiting...
demo.pcm not found, waiting...
demo.pcm not found, waiting...
demo.pcm not found, waiting...
demo.pcm not found, waiting...
demo.pcm not found, waiting...
demo.pcm not found, waiting...
demo.pcm not found, waiting...
demo.pcm not found, waiting...
demo.pcm not found, waiting...
demo.pcm not found, waiting...
demo.pcm not found, waiting...
demo.pcm not found, waiting...
demo.pcm not found, waiting...
demo.pcm not found, waiting...
demo.pcm not found, waiting...
demo.pcm not found, waiting...
demo.pcm not found, waiting...
demo.pcm not found, waiting...
demo.pcm not found, waiting...
demo.pcm not found, waiting...
demo.pcm not found, waiting...
demo.pcm not found, waiting...
demo.pcm not found, waiting...
demo.pcm not found, waiting...
demo.pcm not found, waiting...
demo.pcm not found, waiting...
demo.pcm not found, waiting...
demo.pcm not found, waiting...
demo.pcm not found, waiting...
demo.pcm not found, waiting...
demo.pcm not found, waiting...
demo.pcm not found, waiting...
demo.pcm not found, waiting...
demo.pcm not found, waiting...
demo.pcm not found, waiting...
demo.pcm not found, waiting...
demo.pcm not found, waiting...
demo.pcm not found, waiting...
demo.pcm not found, waiting...
demo.pcm not found, waiting...
demo.pcm not found, waiting...
demo.pcm not found, waiting...
demo.pcm not found, waiting...
demo.pcm not found, waiting...
demo.pcm not found, waiting...
demo.pcm not found, waiting...
demo.pcm not found, waiting...
demo.pcm not found, waiting...
demo.pcm not found, waiting...
demo.pcm not found, waiting...
demo.pcm not found, waiting...
demo.pcm not found, waiting...
demo.pcm not found, waiting...
demo.pcm not found, waiting...
demo.pcm not found, waiting...
demo.pcm not found, waiting...
demo.pcm not found, waiting...
demo.pcm not found, waiting...
demo.pcm not found, waiting...
demo.pcm not found, waiting...
demo.pcm not found, waiting...
demo.pcm not found, waiting...
demo.pcm not found, waiting...
demo.pcm not found, waiting...
demo.pcm not found, waiting...
demo.pcm not found, waiting...
demo.pcm not found, waiting...
demo.pcm not found, waiting...
demo.pcm not found, waiting...
demo.pcm not found, waiting...
demo.pcm not found, waiting...
demo.pcm not found, waiting...
demo.pcm not found, waiting...
demo.pcm not found, waiting...
demo.pcm not found, waiting...
demo.pcm not found, waiting...
demo.pcm not found, waiting...
demo.pcm not found, waiting...
demo.pcm not found, waiting...
demo.pcm not found, waiting...
demo.pcm not found, waiting...
demo.pcm not found, waiting...
demo.pcm not found, waiting...
demo.pcm not found, waiting...
demo.pcm not found, waiting...
demo.pcm not found, waiting...
demo.pcm not found, waiting...
demo.pcm not found, waiting...
demo.pcm not found, waiting...
demo.pcm not found, waiting...
demo.pcm not found, waiting...
demo.pcm not found, waiting...
demo.pcm not found, waiting...
demo.pcm not found, waiting...
demo.pcm not found, waiting...
demo.pcm not found, waiting...
demo.pcm not found, waiting...
demo.pcm not found, waiting...
demo.pcm not found, waiting...
demo.pcm not found, waiting...
demo.pcm not found, waiting...
demo.pcm not found, waiting...
demo.pcm not found, waiting...
demo.pcm not found, waiting...
demo.pcm not found, waiting...
demo.pcm not found, waiting...
demo.pcm not found, waiting...
demo.pcm not found, waiting...
demo.pcm not found, waiting...
demo.pcm not found, waiting...
demo.pcm not found, waiting...
demo.pcm not found, waiting...
demo.pcm not found, waiting...
demo.pcm not found, waiting...
demo.pcm not found, waiting...
demo.pcm not found, waiting...
demo.pcm not found, waiting...
demo.pcm not found, waiting...
demo.pcm not found, waiting...
demo.pcm not found, waiting...
demo.pcm not found, waiting...
demo.pcm not found, waiting...
demo.pcm not found, waiting...
demo.pcm not found, waiting...
demo.pcm not found, waiting...
demo.pcm not found, waiting...
demo.pcm not found, waiting...
demo.pcm not found, waiting...
demo.pcm not found, waiting...
demo.pcm not found, waiting...
demo.pcm not found, waiting...
demo.pcm not found, waiting...
demo.pcm not found, waiting...
demo.pcm not found, waiting...
demo.pcm not found, waiting...
demo.pcm not found, waiting...
demo.pcm not found, waiting...
demo.pcm not found, waiting...
demo.pcm not found, waiting...
demo.pcm not found, waiting...
demo.pcm not found, waiting...
demo.pcm not found, waiting...
demo.pcm not found, waiting...
demo.pcm not found, waiting...
demo.pcm not found, waiting...
demo.pcm not found, waiting...
demo.pcm not found, waiting...
demo.pcm not found, waiting...
demo.pcm not found, waiting...
demo.pcm not found, waiting...
demo.pcm not found, waiting...
demo.pcm not found, waiting...
demo.pcm not found, waiting...
demo.pcm not found, waiting...
demo.pcm not found, waiting...
demo.pcm not found, waiting...
demo.pcm not found, waiting...
demo.pcm not found, waiting...
demo.pcm not found, waiting...
demo.pcm not found, waiting...
demo.pcm not found, waiting...
demo.pcm not found, waiting...
demo.pcm not found, waiting...
demo.pcm not found, waiting...
demo.pcm not found, waiting...
demo.pcm not found, waiting...
demo.pcm not found, waiting...
demo.pcm not found, waiting...
demo.pcm not found, waiting...
demo.pcm not found, waiting...
demo.pcm not found, waiting...
demo.pcm not found, waiting...
demo.pcm not found, waiting...
demo.pcm not found, waiting...
demo.pcm not found, waiting...
demo.pcm not found, waiting...
demo.pcm not found, waiting...
demo.pcm not found, waiting...
demo.pcm not found, waiting...
demo.pcm not found, waiting...
demo.pcm not found, waiting...
demo.pcm not found, waiting...
demo.pcm not found, waiting...
demo.pcm not found, waiting...
demo.pcm not found, waiting...
demo.pcm not found, waiting...
demo.pcm not found, waiting...
demo.pcm not found, waiting...
demo.pcm not found, waiting...
demo.pcm not found, waiting...
demo.pcm not found, waiting...
demo.pcm not found, waiting...
demo.pcm not found, waiting...
demo.pcm not found, waiting...
demo.pcm not found, waiting...
demo.pcm not found, waiting...
demo.pcm not found, waiting...
demo.pcm not found, waiting...
demo.pcm not found, waiting...
demo.pcm not found, waiting...
demo.pcm not found, waiting...
demo.pcm not found, waiting...
demo.pcm not found, waiting...
demo.pcm not found, waiting...
demo.pcm not found, waiting...
demo.pcm not found, waiting...
demo.pcm not found, waiting...
demo.pcm not found, waiting...
demo.pcm not found, waiting...
demo.pcm not found, waiting...
demo.pcm not found, waiting...
demo.pcm not found, waiting...
demo.pcm not found, waiting...
demo.pcm not found, waiting...
demo.pcm not found, waiting...
demo.pcm not found, waiting...
demo.pcm not found, waiting...
demo.pcm not found, waiting...
demo.pcm not found, waiting...
demo.pcm not found, waiting...
demo.pcm not found, waiting...
demo.pcm not found, waiting...
demo.pcm not found, waiting...
demo.pcm not found, waiting...
demo.pcm not found, waiting...
demo.pcm not found, waiting...
demo.pcm not found, waiting...
demo.pcm not found, waiting...
demo.pcm not found, waiting...
demo.pcm not found, waiting...
demo.pcm not found, waiting...
demo.pcm not found, waiting...
demo.pcm not found, waiting...
demo.pcm not found, waiting...
demo.pcm not found, waiting...
demo.pcm not found, waiting...
demo.pcm not found, waiting...
demo.pcm not found, waiting...
demo.pcm not found, waiting...
demo.pcm not found, waiting...
demo.pcm not found, waiting...
demo.pcm not found, waiting...
demo.pcm not found, waiting...
demo.pcm not found, waiting...
demo.pcm not found, waiting...
demo.pcm not found, waiting...
demo.pcm not found, waiting...
demo.pcm not found, waiting...
demo.pcm not found, waiting...
demo.pcm not found, waiting...
demo.pcm not found, waiting...
demo.pcm not found, waiting...
demo.pcm not found, waiting...
demo.pcm not found, waiting...
demo.pcm not found, waiting...
demo.pcm not found, waiting...
demo.pcm not found, waiting...
demo.pcm not found, waiting...
demo.pcm not found, waiting...
demo.pcm not found, waiting...
demo.pcm not found, waiting...
demo.pcm not found, waiting...
demo.pcm not found, waiting...
demo.pcm not found, waiting...
demo.pcm not found, waiting...
demo.pcm not found, waiting...
demo.pcm not found, waiting...
demo.pcm not found, waiting...
demo.pcm not found, waiting...
demo.pcm not found, waiting...
demo.pcm not found, waiting...
demo.pcm not found, waiting...
demo.pcm not found, waiting...
demo.pcm not found, waiting...
demo.pcm not found, waiting...
demo.pcm not found, waiting...
demo.pcm not found, waiting...
demo.pcm not found, waiting...
demo.pcm not found, waiting...
demo.pcm not found, waiting...
demo.pcm not found, waiting...
demo.pcm not found, waiting...
demo.pcm not found, waiting...
demo.pcm not found, waiting...
demo.pcm not found, waiting...
demo.pcm not found, waiting...
demo.pcm not found, waiting...
demo.pcm not found, waiting...
demo.pcm not found, waiting...
demo.pcm not found, waiting...
demo.pcm not found, waiting...
demo.pcm not found, waiting...
demo.pcm not found, waiting...
demo.pcm not found, waiting...
demo.pcm not found, waiting...
demo.pcm not found, waiting...
demo.pcm not found, waiting...
demo.pcm not found, waiting...
demo.pcm not found, waiting...
demo.pcm not found, waiting...
demo.pcm not found, waiting...
demo.pcm not found, waiting...
demo.pcm not found, waiting...
demo.pcm not found, waiting...
demo.pcm not found, waiting...
demo.pcm not found, waiting...
demo.pcm not found, waiting...
demo.pcm not found, waiting...
demo.pcm not found, waiting...
demo.pcm not found, waiting...
demo.pcm not found, waiting...
demo.pcm not found, waiting...
demo.pcm not found, waiting...
demo.pcm not found, waiting...
demo.pcm not found, waiting...
demo.pcm not found, waiting...
demo.pcm not found, waiting...
demo.pcm not found, waiting...
demo.pcm not found, waiting...
demo.pcm not found, waiting...
demo.pcm not found, waiting...
demo.pcm not found, waiting...
demo.pcm not found, waiting...
demo.pcm not found, waiting...
demo.pcm not found, waiting...
demo.pcm not found, waiting...
demo.pcm not found, waiting...
demo.pcm not found, waiting...
demo.pcm not found, waiting...
demo.pcm not found, waiting...
demo.pcm not found, waiting...
demo.pcm not found, waiting...
demo.pcm not found, waiting...
demo.pcm not found, waiting...
demo.pcm not found, waiting...
demo.pcm not found, waiting...
demo.pcm not found, waiting...
demo.pcm not found, waiting...
demo.pcm not found, waiting...
demo.pcm not found, waiting...
demo.pcm not found, waiting...
demo.pcm not found, waiting...
demo.pcm not found, waiting...
demo.pcm not found, waiting...
demo.pcm not found, waiting...
demo.pcm not found, waiting...
demo.pcm not found, waiting...
demo.pcm not found, waiting...
demo.pcm not found, waiting...
demo.pcm not found, waiting...
demo.pcm not found, waiting...
demo.pcm not found, waiting...
demo.pcm not found, waiting...
demo.pcm not found, waiting...
demo.pcm not found, waiting...
demo.pcm not found, waiting...
demo.pcm not found, waiting...
demo.pcm not found, waiting...
demo.pcm not found, waiting...
demo.pcm not found, waiting...
demo.pcm not found, waiting...
demo.pcm not found, waiting...
demo.pcm not found, waiting...
demo.pcm not found, waiting...
demo.pcm not found, waiting...
demo.pcm not found, waiting...
demo.pcm not found, waiting...
demo.pcm not found, waiting...
demo.pcm not found, waiting...
demo.pcm not found, waiting...
demo.pcm not found, waiting...
demo.pcm not found, waiting...
demo.pcm not found, waiting...
demo.pcm not found, waiting...
demo.pcm not found, waiting...
demo.pcm not found, waiting...
demo.pcm not found, waiting...
demo.pcm not found, waiting...
demo.pcm not found, waiting...
demo.pcm not found, waiting...
demo.pcm not found, waiting...
demo.pcm not found, waiting...
demo.pcm not found, waiting...
demo.pcm not found, waiting...
demo.pcm not found, waiting...
demo.pcm not found, waiting...
demo.pcm not found, waiting...
demo.pcm not found, waiting...
demo.pcm not found, waiting...
demo.pcm not found, waiting...
demo.pcm not found, waiting...
demo.pcm not found, waiting...
demo.pcm not found, waiting...
demo.pcm not found, waiting...
demo.pcm not found, waiting...
demo.pcm not found, waiting...
demo.pcm not found, waiting...
demo.pcm not found, waiting...
demo.pcm not found, waiting...
demo.pcm not found, waiting...
demo.pcm not found, waiting...
demo.pcm not found, waiting...
demo.pcm not found, waiting...
demo.pcm not found, waiting...
demo.pcm not found, waiting...
demo.pcm not found, waiting...
demo.pcm not found, waiting...
demo.pcm not found, waiting...
demo.pcm not found, waiting...
demo.pcm not found, waiting...
demo.pcm not found, waiting...
demo.pcm not found, waiting...
demo.pcm not found, waiting...
demo.pcm not found, waiting...
demo.pcm not found, waiting...
demo.pcm not found, waiting...
demo.pcm not found, waiting...
demo.pcm not found, waiting...
demo.pcm not found, waiting...
demo.pcm not found, waiting...
demo.pcm not found, waiting...
demo.pcm not found, waiting...
demo.pcm not found, waiting...
demo.pcm not found, waiting...
demo.pcm not found, waiting...
demo.pcm not found, waiting...
demo.pcm not found, waiting...
demo.pcm not found, waiting...
demo.pcm not found, waiting...
demo.pcm not found, waiting...
demo.pcm not found, waiting...
demo.pcm not found, waiting...
demo.pcm not found, waiting...
demo.pcm not found, waiting...
demo.pcm not found, waiting...
demo.pcm not found, waiting...
demo.pcm not found, waiting...
demo.pcm not found, waiting...
demo.pcm not found, waiting...
demo.pcm not found, waiting...
demo.pcm not found, waiting...
demo.pcm not found, waiting...
demo.pcm not found, waiting...
demo.pcm not found, waiting...
demo.pcm not found, waiting...
demo.pcm not found, waiting...
demo.pcm not found, waiting...
demo.pcm not found, waiting...
demo.pcm not found, waiting...
demo.pcm not found, waiting...
demo.pcm not found, waiting...
demo.pcm not found, waiting...
demo.pcm not found, waiting...
demo.pcm not found, waiting...
demo.pcm not found, waiting...
demo.pcm not found, waiting...
demo.pcm not found, waiting...
demo.pcm not found, waiting...
demo.pcm not found, waiting...
demo.pcm not found, waiting...
demo.pcm not found, waiting...
demo.pcm not found, waiting...
demo.pcm not found, waiting...
demo.pcm not found, waiting...
demo.pcm not found, waiting...
demo.pcm not found, waiting...
demo.pcm not found, waiting...
demo.pcm not found, waiting...
demo.pcm not found, waiting...
demo.pcm not found, waiting...
demo.pcm not found, waiting...
demo.pcm not found, waiting...
demo.pcm not found, waiting...
demo.pcm not found, waiting...
demo.pcm not found, waiting...
demo.pcm not found, waiting...
demo.pcm not found, waiting...
demo.pcm not found, waiting...
demo.pcm not found, waiting...
demo.pcm not found, waiting...
demo.pcm not found, waiting...
demo.pcm not found, waiting...
demo.pcm not found, waiting...
demo.pcm not found, waiting...
demo.pcm not found, waiting...
demo.pcm not found, waiting...
demo.pcm not found, waiting...
demo.pcm not found, waiting...
demo.pcm not found, waiting...
demo.pcm not found, waiting...
demo.pcm not found, waiting...
demo.pcm not found, waiting...
demo.pcm not found, waiting...
demo.pcm not found, waiting...
demo.pcm not found, waiting...
demo.pcm not found, waiting...
demo.pcm not found, waiting...
demo.pcm not found, waiting...
demo.pcm not found, waiting...
demo.pcm not found, waiting...
demo.pcm not found, waiting...
demo.pcm not found, waiting...
demo.pcm not found, waiting...
demo.pcm not found, waiting...
demo.pcm not found, waiting...
demo.pcm not found, waiting...
demo.pcm not found, waiting...
demo.pcm not found, waiting...
demo.pcm not found, waiting...
demo.pcm not found, waiting...
demo.pcm not found, waiting...
demo.pcm not found, waiting...
demo.pcm not found, waiting...
demo.pcm not found, waiting...
demo.pcm not found, waiting...
demo.pcm not found, waiting...
demo.pcm not found, waiting...
demo.pcm not found, waiting...
demo.pcm not found, waiting...
demo.pcm not found, waiting...
demo.pcm not found, waiting...
demo.pcm not found, waiting...
demo.pcm not found, waiting...
demo.pcm not found, waiting...
demo.pcm not found, waiting...
demo.pcm not found, waiting...
demo.pcm not found, waiting...
demo.pcm not found, waiting...
demo.pcm not found, waiting...
demo.pcm not found, waiting...
demo.pcm not found, waiting...
demo.pcm not found, waiting...
demo.pcm not found, waiting...
demo.pcm not found, waiting...
demo.pcm not found, waiting...
demo.pcm not found, waiting...
demo.pcm not found, waiting...
demo.pcm not found, waiting...
demo.pcm not found, waiting...
demo.pcm not found, waiting...
demo.pcm not found, waiting...
demo.pcm not found, waiting...
demo.pcm not found, waiting...
demo.pcm not found, waiting...
demo.pcm not found, waiting...
demo.pcm not found, waiting...
demo.pcm not found, waiting...
demo.pcm not found, waiting...
demo.pcm not found, waiting...
demo.pcm not found, waiting...
demo.pcm not found, waiting...
demo.pcm not found, waiting...
demo.pcm not found, waiting...
demo.pcm not found, waiting...
demo.pcm not found, waiting...
demo.pcm not found, waiting...
demo.pcm not found, waiting...
demo.pcm not found, waiting...
demo.pcm not found, waiting...
demo.pcm not found, waiting...
demo.pcm not found, waiting...
demo.pcm not found, waiting...
demo.pcm not found, waiting...
demo.pcm not found, waiting...
demo.pcm not found, waiting...
demo.pcm not found, waiting...
demo.pcm not found, waiting...
demo.pcm not found, waiting...
demo.pcm not found, waiting...
demo.pcm not found, waiting...
demo.pcm not found, waiting...
demo.pcm not found, waiting...
demo.pcm not found, waiting...
demo.pcm not found, waiting...
demo.pcm not found, waiting...
demo.pcm not found, waiting...
demo.pcm not found, waiting...
demo.pcm not found, waiting...
demo.pcm not found, waiting...
demo.pcm not found, waiting...
demo.pcm not found, waiting...
demo.pcm not found, waiting...
demo.pcm not found, waiting...
demo.pcm not found, waiting...
demo.pcm not found, waiting...
demo.pcm not found, waiting...
demo.pcm not found, waiting...
demo.pcm not found, waiting...
demo.pcm not found, waiting...
demo.pcm not found, waiting...
demo.pcm not found, waiting...
demo.pcm not found, waiting...
demo.pcm not found, waiting...
demo.pcm not found, waiting...
demo.pcm not found, waiting...
demo.pcm not found, waiting...
demo.pcm not found, waiting...
demo.pcm not found, waiting...
demo.pcm not found, waiting...
demo.pcm not found, waiting...
demo.pcm not found, waiting...
demo.pcm not found, waiting...
demo.pcm not found, waiting...
demo.pcm not found, waiting...
demo.pcm not found, waiting...
demo.pcm not found, waiting...
demo.pcm not found, waiting...
demo.pcm not found, waiting...
demo.pcm not found, waiting...
demo.pcm not found, waiting...
demo.pcm not found, waiting...
demo.pcm not found, waiting...
demo.pcm not found, waiting...
demo.pcm not found, waiting...
demo.pcm not found, waiting...
demo.pcm not found, waiting...
demo.pcm not found, waiting...
demo.pcm not found, waiting...
demo.pcm not found, waiting...
demo.pcm not found, waiting...
demo.pcm not found, waiting...
demo.pcm not found, waiting...
demo.pcm not found, waiting...
demo.pcm not found, waiting...
demo.pcm not found, waiting...
demo.pcm not found, waiting...
demo.pcm not found, waiting...
demo.pcm not found, waiting...
demo.pcm not found, waiting...
demo.pcm not found, waiting...
demo.pcm not found, waiting...
demo.pcm not found, waiting...
demo.pcm not found, waiting...
demo.pcm not found, waiting...
demo.pcm not found, waiting...
demo.pcm not found, waiting...
demo.pcm not found, waiting...
demo.pcm not found, waiting...
demo.pcm not found, waiting...
demo.pcm not found, waiting...
demo.pcm not found, waiting...
demo.pcm not found, waiting...
demo.pcm not found, waiting...
demo.pcm not found, waiting...
demo.pcm not found, waiting...
demo.pcm not found, waiting...
demo.pcm not found, waiting...
demo.pcm not found, waiting...
demo.pcm not found, waiting...
demo.pcm not found, waiting...
demo.pcm not found, waiting...
demo.pcm not found, waiting...
demo.pcm not found, waiting...
demo.pcm not found, waiting...
demo.pcm not found, waiting...
demo.pcm not found, waiting...
demo.pcm not found, waiting...
demo.pcm not found, waiting...
demo.pcm not found, waiting...
demo.pcm not found, waiting...
demo.pcm not found, waiting...
demo.pcm not found, waiting...
demo.pcm not found, waiting...
demo.pcm not found, waiting...
demo.pcm not found, waiting...
demo.pcm not found, waiting...
demo.pcm not found, waiting...
demo.pcm not found, waiting...
demo.pcm not found, waiting...
demo.pcm not found, waiting...
demo.pcm not found, waiting...
demo.pcm not found, waiting...
demo.pcm not found, waiting...
demo.pcm not found, waiting...
demo.pcm not found, waiting...
demo.pcm not found, waiting...
demo.pcm not found, waiting...
demo.pcm not found, waiting...
demo.pcm not found, waiting...
demo.pcm not found, waiting...
demo.pcm not found, waiting...
demo.pcm not found, waiting...
demo.pcm not found, waiting...
demo.pcm not found, waiting...
demo.pcm not found, waiting...
demo.pcm not found, waiting...
demo.pcm not found, waiting...
demo.pcm not found, waiting...
demo.pcm not found, waiting...
demo.pcm not found, waiting...
demo.pcm not found, waiting...
demo.pcm not found, waiting...
demo.pcm not found, waiting...
demo.pcm not found, waiting...
demo.pcm not found, waiting...
demo.pcm not found, waiting...
demo.pcm not found, waiting...
demo.pcm not found, waiting...
demo.pcm not found, waiting...
demo.pcm not found, waiting...
demo.pcm not found, waiting...
demo.pcm not found, waiting...
demo.pcm not found, waiting...
demo.pcm not found, waiting...
demo.pcm not found, waiting...
demo.pcm not found, waiting...
demo.pcm not found, waiting...
demo.pcm not found, waiting...
demo.pcm not found, waiting...
demo.pcm not found, waiting...
demo.pcm not found, waiting...
demo.pcm not found, waiting...
demo.pcm not found, waiting...
demo.pcm not found, waiting...
demo.pcm not found, waiting...
demo.pcm not found, waiting...
demo.pcm not found, waiting...
demo.pcm not found, waiting...
demo.pcm not found, waiting...
demo.pcm not found, waiting...
demo.pcm not found, waiting...
demo.pcm not found, waiting...
demo.pcm not found, waiting...
demo.pcm not found, waiting...
demo.pcm not found, waiting...
demo.pcm not found, waiting...
demo.pcm not found, waiting...
demo.pcm not found, waiting...
demo.pcm not found, waiting...
demo.pcm not found, waiting...
demo.pcm not found, waiting...
demo.pcm not found, waiting...
demo.pcm not found, waiting...
demo.pcm not found, waiting...
demo.pcm not found, waiting...
demo.pcm not found, waiting...
demo.pcm not found, waiting...
demo.pcm not found, waiting...
demo.pcm not found, waiting...
demo.pcm not found, waiting...
demo.pcm not found, waiting...
demo.pcm not found, waiting...
demo.pcm not found, waiting...
demo.pcm not found, waiting...
demo.pcm not found, waiting...
demo.pcm not found, waiting...
demo.pcm not found, waiting...
demo.pcm not found, waiting...
demo.pcm not found, waiting...
demo.pcm not found, waiting...
demo.pcm not found, waiting...
demo.pcm not found, waiting...
demo.pcm not found, waiting...
demo.pcm not found, waiting...
demo.pcm not found, waiting...
demo.pcm not found, waiting...
demo.pcm not found, waiting...
demo.pcm not found, waiting...
demo.pcm not found, waiting...
demo.pcm not found, waiting...
demo.pcm not found, waiting...
demo.pcm not found, waiting...
demo.pcm not found, waiting...
demo.pcm not found, waiting...
demo.pcm not found, waiting...
demo.pcm not found, waiting...
demo.pcm not found, waiting...
demo.pcm not found, waiting...
demo.pcm not found, waiting...
demo.pcm not found, waiting...
demo.pcm not found, waiting...
demo.pcm not found, waiting...
demo.pcm not found, waiting...
demo.pcm not found, waiting...
demo.pcm not found, waiting...
demo.pcm not found, waiting...
demo.pcm not found, waiting...
demo.pcm not found, waiting...
demo.pcm not found, waiting...
demo.pcm not found, waiting...
demo.pcm not found, waiting...
demo.pcm not found, waiting...
demo.pcm not found, waiting...
demo.pcm not found, waiting...
demo.pcm not found, waiting...
demo.pcm not found, waiting...
demo.pcm not found, waiting...
demo.pcm not found, waiting...
demo.pcm not found, waiting...
demo.pcm not found, waiting...
demo.pcm not found, waiting...
demo.pcm not found, waiting...
demo.pcm not found, waiting...
demo.pcm not found, waiting...
demo.pcm not found, waiting...
demo.pcm not found, waiting...
demo.pcm not found, waiting...
demo.pcm not found, waiting...
demo.pcm not found, waiting...
demo.pcm not found, waiting...
demo.pcm not found, waiting...
demo.pcm not found, waiting...
demo.pcm not found, waiting...
demo.pcm not found, waiting...
demo.pcm not found, waiting...
demo.pcm not found, waiting...
demo.pcm not found, waiting...
demo.pcm not found, waiting...
demo.pcm not found, waiting...
demo.pcm not found, waiting...
demo.pcm not found, waiting...
demo.pcm not found, waiting...
demo.pcm not found, waiting...
demo.pcm not found, waiting...
demo.pcm not found, waiting...
demo.pcm not found, waiting...
demo.pcm not found, waiting...
demo.pcm not found, waiting...
demo.pcm not found, waiting...
demo.pcm not found, waiting...
demo.pcm not found, waiting...
demo.pcm not found, waiting...
demo.pcm not found, waiting...
demo.pcm not found, waiting...
demo.pcm not found, waiting...
demo.pcm not found, waiting...
demo.pcm not found, waiting...
demo.pcm not found, waiting...
demo.pcm not found, waiting...
demo.pcm not found, waiting...
demo.pcm not found, waiting...
demo.pcm not found, waiting...
demo.pcm not found, waiting...
demo.pcm not found, waiting...
demo.pcm not found, waiting...
demo.pcm not found, waiting...
demo.pcm not found, waiting...
demo.pcm not found, waiting...
demo.pcm not found, waiting...
demo.pcm not found, waiting...
demo.pcm not found, waiting...
demo.pcm not found, waiting...
demo.pcm not found, waiting...
demo.pcm not found, waiting...
demo.pcm not found, waiting...
demo.pcm not found, waiting...
demo.pcm not found, waiting...
demo.pcm not found, waiting...
demo.pcm not found, waiting...
demo.pcm not found, waiting...
demo.pcm not found, waiting...
demo.pcm not found, waiting...
demo.pcm not found, waiting...
demo.pcm not found, waiting...
demo.pcm not found, waiting...
demo.pcm not found, waiting...
demo.pcm not found, waiting...
demo.pcm not found, waiting...
demo.pcm not found, waiting...
demo.pcm not found, waiting...
demo.pcm not found, waiting...
demo.pcm not found, waiting...
demo.pcm not found, waiting...
demo.pcm not found, waiting...
demo.pcm not found, waiting...
demo.pcm not found, waiting...
demo.pcm not found, waiting...
demo.pcm not found, waiting...
demo.pcm not found, waiting...
demo.pcm not found, waiting...
demo.pcm not found, waiting...
demo.pcm not found, waiting...
demo.pcm not found, waiting...
demo.pcm not found, waiting...
demo.pcm not found, waiting...
demo.pcm not found, waiting...
demo.pcm not found, waiting...
demo.pcm not found, waiting...
demo.pcm not found, waiting...
demo.pcm not found, waiting...
demo.pcm not found, waiting...
demo.pcm not found, waiting...
demo.pcm not found, waiting...
demo.pcm not found, waiting...
demo.pcm not found, waiting...
demo.pcm not found, waiting...
demo.pcm not found, waiting...
demo.pcm not found, waiting...
demo.pcm not found, waiting...
demo.pcm not found, waiting...
demo.pcm not found, waiting...
demo.pcm not found, waiting...
demo.pcm not found, waiting...
demo.pcm not found, waiting...
demo.pcm not found, waiting...
demo.pcm not found, waiting...
demo.pcm not found, waiting...
demo.pcm not found, waiting...
demo.pcm not found, waiting...
demo.pcm not found, waiting...
demo.pcm not found, waiting...
demo.pcm not found, waiting...
demo.pcm not found, waiting...
demo.pcm not found, waiting...
demo.pcm not found, waiting...
demo.pcm not found, waiting...
demo.pcm not found, waiting...
demo.pcm not found, waiting...
demo.pcm not found, waiting...
demo.pcm not found, waiting...
demo.pcm not found, waiting...
demo.pcm not found, waiting...
demo.pcm not found, waiting...
demo.pcm not found, waiting...
demo.pcm not found, waiting...
demo.pcm not found, waiting...
demo.pcm not found, waiting...
demo.pcm not found, waiting...
demo.pcm not found, waiting...
demo.pcm not found, waiting...
demo.pcm not found, waiting...
demo.pcm not found, waiting...
demo.pcm not found, waiting...
demo.pcm not found, waiting...
demo.pcm not found, waiting...
demo.pcm not found, waiting...
demo.pcm not found, waiting...
demo.pcm not found, waiting...
demo.pcm not found, waiting...
demo.pcm not found, waiting...
demo.pcm not found, waiting...
demo.pcm not found, waiting...
demo.pcm not found, waiting...
demo.pcm not found, waiting...
demo.pcm not found, waiting...
demo.pcm not found, waiting...
demo.pcm not found, waiting...
demo.pcm not found, waiting...
demo.pcm not found, waiting...
demo.pcm not found, waiting...
demo.pcm not found, waiting...
demo.pcm not found, waiting...
demo.pcm not found, waiting...
demo.pcm not found, waiting...
demo.pcm not found, waiting...
demo.pcm not found, waiting...
demo.pcm not found, waiting...
demo.pcm not found, waiting...
demo.pcm not found, waiting...
demo.pcm not found, waiting...
demo.pcm not found, waiting...
demo.pcm not found, waiting...
demo.pcm not found, waiting...
demo.pcm not found, waiting...
demo.pcm not found, waiting...
demo.pcm not found, waiting...
demo.pcm not found, waiting...
demo.pcm not found, waiting...
demo.pcm not found, waiting...
demo.pcm not found, waiting...
demo.pcm not found, waiting...
demo.pcm not found, waiting...
demo.pcm not found, waiting...
demo.pcm not found, waiting...
demo.pcm not found, waiting...
demo.pcm not found, waiting...
demo.pcm not found, waiting...
demo.pcm not found, waiting...
demo.pcm not found, waiting...
demo.pcm not found, waiting...
demo.pcm not found, waiting...
demo.pcm not found, waiting...
demo.pcm not found, waiting...
demo.pcm not found, waiting...
demo.pcm not found, waiting...
demo.pcm not found, waiting...
demo.pcm not found, waiting...
demo.pcm not found, waiting...
demo.pcm not found, waiting...
demo.pcm not found, waiting...
demo.pcm not found, waiting...
demo.pcm not found, waiting...
demo.pcm not found, waiting...
demo.pcm not found, waiting...
demo.pcm not found, waiting...
demo.pcm not found, waiting...
demo.pcm not found, waiting...
demo.pcm not found, waiting...
demo.pcm not found, waiting...
demo.pcm not found, waiting...
demo.pcm not found, waiting...
demo.pcm not found, waiting...
demo.pcm not found, waiting...
demo.pcm not found, waiting...
demo.pcm not found, waiting...
demo.pcm not found, waiting...
demo.pcm not found, waiting...
demo.pcm not found, waiting...
demo.pcm not found, waiting...
demo.pcm not found, waiting...
demo.pcm not found, waiting...
demo.pcm not found, waiting...
demo.pcm not found, waiting...
demo.pcm not found, waiting...
demo.pcm not found, waiting...
demo.pcm not found, waiting...
demo.pcm not found, waiting...
demo.pcm not found, waiting...
demo.pcm not found, waiting...
demo.pcm not found, waiting...
demo.pcm not found, waiting...
demo.pcm not found, waiting...
demo.pcm not found, waiting...
demo.pcm not found, waiting...
demo.pcm not found, waiting...
demo.pcm not found, waiting...
demo.pcm not found, waiting...
demo.pcm not found, waiting...
demo.pcm not found, waiting...
demo.pcm not found, waiting...
demo.pcm not found, waiting...
demo.pcm not found, waiting...
demo.pcm not found, waiting...
demo.pcm not found, waiting...
demo.pcm not found, waiting...
demo.pcm not found, waiting...
demo.pcm not found, waiting...
demo.pcm not found, waiting...
demo.pcm not found, waiting...
demo.pcm not found, waiting...
demo.pcm not found, waiting...
demo.pcm not found, waiting...
demo.pcm not found, waiting...
demo.pcm not found, waiting...
demo.pcm not found, waiting...
demo.pcm not found, waiting...
demo.pcm not found, waiting...
demo.pcm not found, waiting...
demo.pcm not found, waiting...
demo.pcm not found, waiting...
demo.pcm not found, waiting...
demo.pcm not found, waiting...
demo.pcm not found, waiting...
demo.pcm not found, waiting...
demo.pcm not found, waiting...
demo.pcm not found, waiting...
demo.pcm not found, waiting...
demo.pcm not found, waiting...
demo.pcm not found, waiting...
demo.pcm not found, waiting...
demo.pcm not found, waiting...
demo.pcm not found, waiting...
demo.pcm not found, waiting...
demo.pcm not found, waiting...
demo.pcm not found, waiting...
demo.pcm not found, waiting...
demo.pcm not found, waiting...
demo.pcm not found, waiting...
demo.pcm not found, waiting...
demo.pcm not found, waiting...
demo.pcm not found, waiting...
demo.pcm not found, waiting...
demo.pcm not found, waiting...
demo.pcm not found, waiting...
demo.pcm not found, waiting...
demo.pcm not found, waiting...
demo.pcm not found, waiting...
demo.pcm not found, waiting...
demo.pcm not found, waiting...
demo.pcm not found, waiting...
demo.pcm not found, waiting...
demo.pcm not found, waiting...
demo.pcm not found, waiting...
demo.pcm not found, waiting...
demo.pcm not found, waiting...
demo.pcm not found, waiting...
demo.pcm not found, waiting...
demo.pcm not found, waiting...
demo.pcm not found, waiting...
demo.pcm not found, waiting...
demo.pcm not found, waiting...
demo.pcm not found, waiting...
demo.pcm not found, waiting...
demo.pcm not found, waiting...
demo.pcm not found, waiting...
demo.pcm not found, waiting...
demo.pcm not found, waiting...
demo.pcm not found, waiting...
demo.pcm not found, waiting...
demo.pcm not found, waiting...
demo.pcm not found, waiting...
demo.pcm not found, waiting...
demo.pcm not found, waiting...
demo.pcm not found, waiting...
demo.pcm not found, waiting...
demo.pcm not found, waiting...
demo.pcm not found, waiting...
demo.pcm not found, waiting...
demo.pcm not found, waiting...
demo.pcm not found, waiting...
demo.pcm not found, waiting...
demo.pcm not found, waiting...
demo.pcm not found, waiting...
demo.pcm not found, waiting...
demo.pcm not found, waiting...
demo.pcm not found, waiting...
demo.pcm not found, waiting...
demo.pcm not found, waiting...
demo.pcm not found, waiting...
demo.pcm not found, waiting...
demo.pcm not found, waiting...
demo.pcm not found, waiting...
demo.pcm not found, waiting...
demo.pcm not found, waiting...
demo.pcm not found, waiting...
demo.pcm not found, waiting...
demo.pcm not found, waiting...
demo.pcm not found, waiting...
demo.pcm not found, waiting...
demo.pcm not found, waiting...
demo.pcm not found, waiting...
demo.pcm not found, waiting...
demo.pcm not found, waiting...
demo.pcm not found, waiting...
demo.pcm not found, waiting...
demo.pcm not found, waiting...
demo.pcm not found, waiting...
demo.pcm not found, waiting...
demo.pcm not found, waiting...
demo.pcm not found, waiting...
demo.pcm not found, waiting...
demo.pcm not found, waiting...
demo.pcm not found, waiting...
demo.pcm not found, waiting...
demo.pcm not found, waiting...
demo.pcm not found, waiting...
demo.pcm not found, waiting...
demo.pcm not found, waiting...
demo.pcm not found, waiting...
demo.pcm not found, waiting...
demo.pcm not found, waiting...
demo.pcm not found, waiting...
demo.pcm not found, waiting...
demo.pcm not found, waiting...
demo.pcm not found, waiting...
demo.pcm not found, waiting...
demo.pcm not found, waiting...
demo.pcm not found, waiting...
demo.pcm not found, waiting...
demo.pcm not found, waiting...
demo.pcm not found, waiting...
demo.pcm not found, waiting...
demo.pcm not found, waiting...
demo.pcm not found, waiting...
demo.pcm not found, waiting...
demo.pcm not found, waiting...
demo.pcm not found, waiting...
demo.pcm not found, waiting...
demo.pcm not found, waiting...
demo.pcm not found, waiting...
demo.pcm not found, waiting...
demo.pcm not found, waiting...
demo.pcm not found, waiting...
demo.pcm not found, waiting...
demo.pcm not found, waiting...
demo.pcm not found, waiting...
demo.pcm not found, waiting...
demo.pcm not found, waiting...
demo.pcm not found, waiting...
demo.pcm not found, waiting...
demo.pcm not found, waiting...
demo.pcm not found, waiting...
demo.pcm not found, waiting...
demo.pcm not found, waiting...
demo.pcm not found, waiting...
demo.pcm not found, waiting...
demo.pcm not found, waiting...
demo.pcm not found, waiting...
demo.pcm not found, waiting...
demo.pcm not found, waiting...
demo.pcm not found, waiting...
demo.pcm not found, waiting...
demo.pcm not found, waiting...
demo.pcm not found, waiting...
demo.pcm not found, waiting...
demo.pcm not found, waiting...
demo.pcm not found, waiting...
demo.pcm not found, waiting...
demo.pcm not found, waiting...
demo.pcm not found, waiting...
demo.pcm not found, waiting...
demo.pcm not found, waiting...
demo.pcm not found, waiting...
demo.pcm not found, waiting...
demo.pcm not found, waiting...
demo.pcm not found, waiting...
demo.pcm not found, waiting...
demo.pcm not found, waiting...
demo.pcm not found, waiting...
demo.pcm not found, waiting...
demo.pcm not found, waiting...
demo.pcm not found, waiting...
demo.pcm not found, waiting...
demo.pcm not found, waiting...
demo.pcm not found, waiting...
demo.pcm not found, waiting...
demo.pcm not found, waiting...
demo.pcm not found, waiting...
demo.pcm not found, waiting...
demo.pcm not found, waiting...
demo.pcm not found, waiting...
demo.pcm not found, waiting...
demo.pcm not found, waiting...
demo.pcm not found, waiting...
demo.pcm not found, waiting...
demo.pcm not found, waiting...
demo.pcm not found, waiting...
demo.pcm not found, waiting...
demo.pcm not found, waiting...
demo.pcm not found, waiting...
demo.pcm not found, waiting...
demo.pcm not found, waiting...
demo.pcm not found, waiting...
demo.pcm not found, waiting...
demo.pcm not found, waiting...
demo.pcm not found, waiting...
demo.pcm not found, waiting...
demo.pcm not found, waiting...
demo.pcm not found, waiting...
demo.pcm not found, waiting...
demo.pcm not found, waiting...
demo.pcm not found, waiting...
demo.pcm not found, waiting...
demo.pcm not found, waiting...
demo.pcm not found, waiting...
demo.pcm not found, waiting...
demo.pcm not found, waiting...
demo.pcm not found, waiting...
demo.pcm not found, waiting...
demo.pcm not found, waiting...
demo.pcm not found, waiting...
demo.pcm not found, waiting...
demo.pcm not found, waiting...
demo.pcm not found, waiting...
demo.pcm not found, waiting...
demo.pcm not found, waiting...
demo.pcm not found, waiting...
demo.pcm not found, waiting...
demo.pcm not found, waiting...
demo.pcm not found, waiting...
demo.pcm not found, waiting...
demo.pcm not found, waiting...
demo.pcm not found, waiting...
demo.pcm not found, waiting...
demo.pcm not found, waiting...
demo.pcm not found, waiting...
demo.pcm not found, waiting...
demo.pcm not found, waiting...
demo.pcm not found, waiting...
demo.pcm not found, waiting...
demo.pcm not found, waiting...
demo.pcm not found, waiting...
demo.pcm not found, waiting...
demo.pcm not found, waiting...
demo.pcm not found, waiting...
demo.pcm not found, waiting...
demo.pcm not found, waiting...
demo.pcm not found, waiting...
demo.pcm not found, waiting...
demo.pcm not found, waiting...
demo.pcm not found, waiting...
demo.pcm not found, waiting...
demo.pcm not found, waiting...
demo.pcm not found, waiting...
demo.pcm not found, waiting...
demo.pcm not found, waiting...
demo.pcm not found, waiting...
demo.pcm not found, waiting...
demo.pcm not found, waiting...
demo.pcm not found, waiting...
demo.pcm not found, waiting...
demo.pcm not found, waiting...
demo.pcm not found, waiting...
demo.pcm not found, waiting...
demo.pcm not found, waiting...
demo.pcm not found, waiting...
demo.pcm not found, waiting...
demo.pcm not found, waiting...
demo.pcm not found, waiting...
demo.pcm not found, waiting...
demo.pcm not found, waiting...
demo.pcm not found, waiting...
demo.pcm not found, waiting...
demo.pcm not found, waiting...
demo.pcm not found, waiting...
demo.pcm not found, waiting...
demo.pcm not found, waiting...
demo.pcm not found, waiting...
demo.pcm not found, waiting...
demo.pcm not found, waiting...
demo.pcm not found, waiting...
demo.pcm not found, waiting...
demo.pcm not found, waiting...
demo.pcm not found, waiting...
demo.pcm not found, waiting...
demo.pcm not found, waiting...
demo.pcm not found, waiting...
demo.pcm not found, waiting...
demo.pcm not found, waiting...
demo.pcm not found, waiting...
demo.pcm not found, waiting...
demo.pcm not found, waiting...
demo.pcm not found, waiting...
demo.pcm not found, waiting...
demo.pcm not found, waiting...
demo.pcm not found, waiting...
demo.pcm not found, waiting...
demo.pcm not found, waiting...
demo.pcm not found, waiting...
demo.pcm not found, waiting...
demo.pcm not found, waiting...
demo.pcm not found, waiting...
demo.pcm not found, waiting...
demo.pcm not found, waiting...
demo.pcm not found, waiting...
demo.pcm not found, waiting...
demo.pcm not found, waiting...
demo.pcm not found, waiting...
demo.pcm not found, waiting...
demo.pcm not found, waiting...
demo.pcm not found, waiting...
demo.pcm not found, waiting...
demo.pcm not found, waiting...
demo.pcm not found, waiting...
demo.pcm not found, waiting...
demo.pcm not found, waiting...
demo.pcm not found, waiting...
demo.pcm not found, waiting...
demo.pcm not found, waiting...
demo.pcm not found, waiting...
demo.pcm not found, waiting...
demo.pcm not found, waiting...
demo.pcm not found, waiting...
demo.pcm not found, waiting...
demo.pcm not found, waiting...
demo.pcm not found, waiting...
demo.pcm not found, waiting...
demo.pcm not found, waiting...
demo.pcm not found, waiting...
demo.pcm not found, waiting...
demo.pcm not found, waiting...
demo.pcm not found, waiting...
demo.pcm not found, waiting...
demo.pcm not found, waiting...
demo.pcm not found, waiting...
demo.pcm not found, waiting...
demo.pcm not found, waiting...
demo.pcm not found, waiting...
demo.pcm not found, waiting...
demo.pcm not found, waiting...
demo.pcm not found, waiting...
demo.pcm not found, waiting...
demo.pcm not found, waiting...
demo.pcm not found, waiting...
demo.pcm not found, waiting...
demo.pcm not found, waiting...
demo.pcm not found, waiting...
demo.pcm not found, waiting...
demo.pcm not found, waiting...
demo.pcm not found, waiting...
demo.pcm not found, waiting...
demo.pcm not found, waiting...
demo.pcm not found, waiting...
demo.pcm not found, waiting...
demo.pcm not found, waiting...
demo.pcm not found, waiting...
demo.pcm not found, waiting...
demo.pcm not found, waiting...
demo.pcm not found, waiting...
demo.pcm not found, waiting...
demo.pcm not found, waiting...
demo.pcm not found, waiting...
demo.pcm not found, waiting...
demo.pcm not found, waiting...
demo.pcm not found, waiting...
demo.pcm not found, waiting...
demo.pcm not found, waiting...
demo.pcm not found, waiting...
demo.pcm not found, waiting...
demo.pcm not found, waiting...
demo.pcm not found, waiting...
demo.pcm not found, waiting...
demo.pcm not found, waiting...
demo.pcm not found, waiting...
demo.pcm not found, waiting...
demo.pcm not found, waiting...
demo.pcm not found, waiting...
demo.pcm not found, waiting...
demo.pcm not found, waiting...
demo.pcm not found, waiting...
demo.pcm not found, waiting...
demo.pcm not found, waiting...
demo.pcm not found, waiting...
demo.pcm not found, waiting...
demo.pcm not found, waiting...
demo.pcm not found, waiting...
demo.pcm not found, waiting...
demo.pcm not found, waiting...
demo.pcm not found, waiting...
demo.pcm not found, waiting...
demo.pcm not found, waiting...
demo.pcm not found, waiting...
demo.pcm not found, waiting...
demo.pcm not found, waiting...
demo.pcm not found, waiting...
demo.pcm not found, waiting...
demo.pcm not found, waiting...
demo.pcm not found, waiting...
demo.pcm not found, waiting...
demo.pcm not found, waiting...
demo.pcm not found, waiting...
demo.pcm not found, waiting...
demo.pcm not found, waiting...
demo.pcm not found, waiting...
demo.pcm not found, waiting...
demo.pcm not found, waiting...
demo.pcm not found, waiting...
demo.pcm not found, waiting...
demo.pcm not found, waiting...
demo.pcm not found, waiting...
demo.pcm not found, waiting...
demo.pcm not found, waiting...
demo.pcm not found, waiting...
demo.pcm not found, waiting...
demo.pcm not found, waiting...
demo.pcm not found, waiting...
demo.pcm not found, waiting...
demo.pcm not found, waiting...
demo.pcm not found, waiting...
demo.pcm not found, waiting...
demo.pcm not found, waiting...
demo.pcm not found, waiting...
demo.pcm not found, waiting...
demo.pcm not found, waiting...
demo.pcm not found, waiting...
demo.pcm not found, waiting...
demo.pcm not found, waiting...
demo.pcm not found, waiting...
demo.pcm not found, waiting...
demo.pcm not found, waiting...
demo.pcm not found, waiting...
demo.pcm not found, waiting...
demo.pcm not found, waiting...
demo.pcm not found, waiting...
demo.pcm not found, waiting...
demo.pcm not found, waiting...
demo.pcm not found, waiting...
demo.pcm not found, waiting...
demo.pcm not found, waiting...
demo.pcm not found, waiting...
demo.pcm not found, waiting...
demo.pcm not found, waiting...
demo.pcm not found, waiting...
demo.pcm not found, waiting...
demo.pcm not found, waiting...
demo.pcm not found, waiting...
demo.pcm not found, waiting...
demo.pcm not found, waiting...
demo.pcm not found, waiting...
demo.pcm not found, waiting...
demo.pcm not found, waiting...
demo.pcm not found, waiting...
demo.pcm not found, waiting...
demo.pcm not found, waiting...
demo.pcm not found, waiting...
demo.pcm not found, waiting...
demo.pcm not found, waiting...
demo.pcm not found, waiting...
demo.pcm not found, waiting...
demo.pcm not found, waiting...
demo.pcm not found, waiting...
demo.pcm not found, waiting...
demo.pcm not found, waiting...
demo.pcm not found, waiting...
demo.pcm not found, waiting...
demo.pcm not found, waiting...
demo.pcm not found, waiting...
demo.pcm not found, waiting...
demo.pcm not found, waiting...
demo.pcm not found, waiting...
demo.pcm not found, waiting...
demo.pcm not found, waiting...
demo.pcm not found, waiting...
demo.pcm not found, waiting...
demo.pcm not found, waiting...
demo.pcm not found, waiting...
demo.pcm not found, waiting...
demo.pcm not found, waiting...
demo.pcm not found, waiting...
demo.pcm not found, waiting...
demo.pcm not found, waiting...
demo.pcm not found, waiting...
demo.pcm not found, waiting...
demo.pcm not found, waiting...
demo.pcm not found, waiting...
demo.pcm not found, waiting...
demo.pcm not found, waiting...
demo.pcm not found, waiting...
demo.pcm not found, waiting...
demo.pcm not found, waiting...
demo.pcm not found, waiting...
demo.pcm not found, waiting...
demo.pcm not found, waiting...
demo.pcm not found, waiting...
demo.pcm not found, waiting...
demo.pcm not found, waiting...
demo.pcm not found, waiting...
demo.pcm not found, waiting...
demo.pcm not found, waiting...
demo.pcm not found, waiting...
demo.pcm not found, waiting...
demo.pcm not found, waiting...
demo.pcm not found, waiting...
demo.pcm not found, waiting...
demo.pcm not found, waiting...
demo.pcm not found, waiting...
demo.pcm not found, waiting...
demo.pcm not found, waiting...
demo.pcm not found, waiting...
demo.pcm not found, waiting...
demo.pcm not found, waiting...
demo.pcm not found, waiting...
demo.pcm not found, waiting...
demo.pcm not found, waiting...
demo.pcm not found, waiting...
demo.pcm not found, waiting...
demo.pcm not found, waiting...
demo.pcm not found, waiting...
demo.pcm not found, waiting...
demo.pcm not found, waiting...
demo.pcm not found, waiting...
demo.pcm not found, waiting...
demo.pcm not found, waiting...
demo.pcm not found, waiting...
demo.pcm not found, waiting...
demo.pcm not found, waiting...
demo.pcm not found, waiting...
demo.pcm not found, waiting...
demo.pcm not found, waiting...
demo.pcm not found, waiting...
demo.pcm not found, waiting...
demo.pcm not found, waiting...
demo.pcm not found, waiting...
demo.pcm not found, waiting...
demo.pcm not found, waiting...
demo.pcm not found, waiting...
demo.pcm not found, waiting...
demo.pcm not found, waiting...
demo.pcm not found, waiting...
demo.pcm not found, waiting...
demo.pcm not found, waiting...
demo.pcm not found, waiting...
demo.pcm not found, waiting...
demo.pcm not found, waiting...
demo.pcm not found, waiting...
demo.pcm not found, waiting...
demo.pcm not found, waiting...
demo.pcm not found, waiting...
demo.pcm not found, waiting...
demo.pcm not found, waiting...
demo.pcm not found, waiting...
demo.pcm not found, waiting...
demo.pcm not found, waiting...
demo.pcm not found, waiting...
demo.pcm not found, waiting...
demo.pcm not found, waiting...
demo.pcm not found, waiting...
demo.pcm not found, waiting...
demo.pcm not found, waiting...
demo.pcm not found, waiting...
demo.pcm not found, waiting...
demo.pcm not found, waiting...
demo.pcm not found, waiting...
demo.pcm not found, waiting...
demo.pcm not found, waiting...
demo.pcm not found, waiting...
demo.pcm not found, waiting...
demo.pcm not found, waiting...
demo.pcm not found, waiting...
demo.pcm not found, waiting...
demo.pcm not found, waiting...
demo.pcm not found, waiting...
demo.pcm not found, waiting...
demo.pcm not found, waiting...
demo.pcm not found, waiting...
demo.pcm not found, waiting...
demo.pcm not found, waiting...
demo.pcm not found, waiting...
demo.pcm not found, waiting...
demo.pcm not found, waiting...
demo.pcm not found, waiting...
demo.pcm not found, waiting...
demo.pcm not found, waiting...
demo.pcm not found, waiting...
demo.pcm not found, waiting...
demo.pcm not found, waiting...
demo.pcm not found, waiting...
demo.pcm not found, waiting...
demo.pcm not found, waiting...
demo.pcm not found, waiting...
demo.pcm not found, waiting...
demo.pcm not found, waiting...
demo.pcm not found, waiting...
demo.pcm not found, waiting...
demo.pcm not found, waiting...
demo.pcm not found, waiting...
demo.pcm not found, waiting...
demo.pcm not found, waiting...
demo.pcm not found, waiting...
demo.pcm not found, waiting...
demo.pcm not found, waiting...
demo.pcm not found, waiting...
demo.pcm not found, waiting...
demo.pcm not found, waiting...
demo.pcm not found, waiting...
demo.pcm not found, waiting...
demo.pcm not found, waiting...
demo.pcm not found, waiting...
demo.pcm not found, waiting...
demo.pcm not found, waiting...
demo.pcm not found, waiting...
demo.pcm not found, waiting...
demo.pcm not found, waiting...
demo.pcm not found, waiting...
demo.pcm not found, waiting...
demo.pcm not found, waiting...
demo.pcm not found, waiting...
demo.pcm not found, waiting...
demo.pcm not found, waiting...
demo.pcm not found, waiting...
demo.pcm not found, waiting...
demo.pcm not found, waiting...
demo.pcm not found, waiting...
demo.pcm not found, waiting...
demo.pcm not found, waiting...
demo.pcm not found, waiting...
demo.pcm not found, waiting...
demo.pcm not found, waiting...
demo.pcm not found, waiting...
demo.pcm not found, waiting...
demo.pcm not found, waiting...
demo.pcm not found, waiting...
demo.pcm not found, waiting...
demo.pcm not found, waiting...
demo.pcm not found, waiting...
demo.pcm not found, waiting...
demo.pcm not found, waiting...
demo.pcm not found, waiting...
demo.pcm not found, waiting...
demo.pcm not found, waiting...
demo.pcm not found, waiting...
demo.pcm not found, waiting...
demo.pcm not found, waiting...
demo.pcm not found, waiting...
demo.pcm not found, waiting...
demo.pcm not found, waiting...
demo.pcm not found, waiting...
demo.pcm not found, waiting...
demo.pcm not found, waiting...
demo.pcm not found, waiting...
demo.pcm not found, waiting...
demo.pcm not found, waiting...
demo.pcm not found, waiting...
demo.pcm not found, waiting...
demo.pcm not found, waiting...
demo.pcm not found, waiting...
demo.pcm not found, waiting...
demo.pcm not found, waiting...
demo.pcm not found, waiting...
demo.pcm not found, waiting...
demo.pcm not found, waiting...
demo.pcm not found, waiting...
demo.pcm not found, waiting...
demo.pcm not found, waiting...
demo.pcm not found, waiting...
demo.pcm not found, waiting...
demo.pcm not found, waiting...
demo.pcm not found, waiting...
demo.pcm not found, waiting...
demo.pcm not found, waiting...
demo.pcm not found, waiting...
demo.pcm not found, waiting...
demo.pcm not found, waiting...
demo.pcm not found, waiting...
demo.pcm not found, waiting...
demo.pcm not found, waiting...
demo.pcm not found, waiting...
demo.pcm not found, waiting...
demo.pcm not found, waiting...
demo.pcm not found, waiting...
demo.pcm not found, waiting...
demo.pcm not found, waiting...
demo.pcm not found, waiting...
demo.pcm not found, waiting...
demo.pcm not found, waiting...
demo.pcm not found, waiting...
demo.pcm not found, waiting...
demo.pcm not found, waiting...
demo.pcm not found, waiting...
demo.pcm not found, waiting...
demo.pcm not found, waiting...
demo.pcm not found, waiting...
demo.pcm not found, waiting...
demo.pcm not found, waiting...
demo.pcm not found, waiting...
demo.pcm not found, waiting...
demo.pcm not found, waiting...
demo.pcm not found, waiting...
demo.pcm not found, waiting...
demo.pcm not found, waiting...
demo.pcm not found, waiting...
demo.pcm not found, waiting...
demo.pcm not found, waiting...
demo.pcm not found, waiting...
demo.pcm not found, waiting...
demo.pcm not found, waiting...
demo.pcm not found, waiting...
demo.pcm not found, waiting...
demo.pcm not found, waiting...
demo.pcm not found, waiting...
demo.pcm not found, waiting...
demo.pcm not found, waiting...
demo.pcm not found, waiting...
demo.pcm not found, waiting...
demo.pcm not found, waiting...
demo.pcm not found, waiting...
demo.pcm not found, waiting...
demo.pcm not found, waiting...
demo.pcm not found, waiting...
demo.pcm not found, waiting...
demo.pcm not found, waiting...
demo.pcm not found, waiting...
demo.pcm not found, waiting...
demo.pcm not found, waiting...
demo.pcm not found, waiting...
demo.pcm not found, waiting...
demo.pcm not found, waiting...
demo.pcm not found, waiting...
demo.pcm not found, waiting...
demo.pcm not found, waiting...
demo.pcm not found, waiting...
demo.pcm not found, waiting...
demo.pcm not found, waiting...
demo.pcm not found, waiting...
demo.pcm not found, waiting...
demo.pcm not found, waiting...
demo.pcm not found, waiting...
demo.pcm not found, waiting...
demo.pcm not found, waiting...
demo.pcm not found, waiting...
demo.pcm not found, waiting...
demo.pcm not found, waiting...
demo.pcm not found, waiting...
demo.pcm not found, waiting...
demo.pcm not found, waiting...
demo.pcm not found, waiting...
demo.pcm not found, waiting...
demo.pcm not found, waiting...
demo.pcm not found, waiting...
demo.pcm not found, waiting...
demo.pcm not found, waiting...
demo.pcm not found, waiting...
demo.pcm not found, waiting...
demo.pcm not found, waiting...
demo.pcm not found, waiting...
demo.pcm not found, waiting...
demo.pcm not found, waiting...
demo.pcm not found, waiting...
demo.pcm not found, waiting...
demo.pcm not found, waiting...
demo.pcm not found, waiting...
demo.pcm not found, waiting...
demo.pcm not found, waiting...
demo.pcm not found, waiting...
demo.pcm not found, waiting...
demo.pcm not found, waiting...
demo.pcm not found, waiting...
demo.pcm not found, waiting...
demo.pcm not found, waiting...
demo.pcm not found, waiting...
demo.pcm not found, waiting...
demo.pcm not found, waiting...
demo.pcm not found, waiting...
demo.pcm not found, waiting...
demo.pcm not found, waiting...
demo.pcm not found, waiting...
demo.pcm not found, waiting...
demo.pcm not found, waiting...
demo.pcm not found, waiting...
demo.pcm not found, waiting...
demo.pcm not found, waiting...
demo.pcm not found, waiting...
demo.pcm not found, waiting...
demo.pcm not found, waiting...
demo.pcm not found, waiting...
demo.pcm not found, waiting...
demo.pcm not found, waiting...
demo.pcm not found, waiting...
demo.pcm not found, waiting...
demo.pcm not found, waiting...
demo.pcm not found, waiting...
demo.pcm not found, waiting...
demo.pcm not found, waiting...
demo.pcm not found, waiting...
demo.pcm not found, waiting...
demo.pcm not found, waiting...
demo.pcm not found, waiting...
demo.pcm not found, waiting...
demo.pcm not found, waiting...
demo.pcm not found, waiting...
demo.pcm not found, waiting...
demo.pcm not found, waiting...
demo.pcm not found, waiting...
demo.pcm not found, waiting...
demo.pcm not found, waiting...
demo.pcm not found, waiting...
demo.pcm not found, waiting...
demo.pcm not found, waiting...
demo.pcm not found, waiting...
demo.pcm not found, waiting...
demo.pcm not found, waiting...
demo.pcm not found, waiting...
demo.pcm not found, waiting...
demo.pcm not found, waiting...
demo.pcm not found, waiting...
demo.pcm not found, waiting...
demo.pcm not found, waiting...
demo.pcm not found, waiting...
demo.pcm not found, waiting...
demo.pcm not found, waiting...
demo.pcm not found, waiting...
demo.pcm not found, waiting...
demo.pcm not found, waiting...
demo.pcm not found, waiting...
demo.pcm not found, waiting...
demo.pcm not found, waiting...
demo.pcm not found, waiting...
demo.pcm not found, waiting...
demo.pcm not found, waiting...
demo.pcm not found, waiting...
demo.pcm not found, waiting...
demo.pcm not found, waiting...
demo.pcm not found, waiting...
demo.pcm not found, waiting...
demo.pcm not found, waiting...
demo.pcm not found, waiting...
demo.pcm not found, waiting...
demo.pcm not found, waiting...
demo.pcm not found, waiting...
demo.pcm not found, waiting...
demo.pcm not found, waiting...
demo.pcm not found, waiting...
demo.pcm not found, waiting...
demo.pcm not found, waiting...
demo.pcm not found, waiting...
demo.pcm not found, waiting...
demo.pcm not found, waiting...
demo.pcm not found, waiting...
demo.pcm not found, waiting...
demo.pcm not found, waiting...
demo.pcm not found, waiting...
demo.pcm not found, waiting...
demo.pcm not found, waiting...
demo.pcm not found, waiting...
demo.pcm not found, waiting...
demo.pcm not found, waiting...
demo.pcm not found, waiting...
demo.pcm not found, waiting...
demo.pcm not found, waiting...
demo.pcm not found, waiting...
demo.pcm not found, waiting...
demo.pcm not found, waiting...
demo.pcm not found, waiting...
demo.pcm not found, waiting...
demo.pcm not found, waiting...
demo.pcm not found, waiting...
demo.pcm not found, waiting...
demo.pcm not found, waiting...
demo.pcm not found, waiting...
demo.pcm not found, waiting...
demo.pcm not found, waiting...
demo.pcm not found, waiting...
demo.pcm not found, waiting...
demo.pcm not found, waiting...
demo.pcm not found, waiting...
demo.pcm not found, waiting...
demo.pcm not found, waiting...
demo.pcm not found, waiting...
demo.pcm not found, waiting...
demo.pcm not found, waiting...
demo.pcm not found, waiting...
demo.pcm not found, waiting...
demo.pcm not found, waiting...
demo.pcm not found, waiting...
demo.pcm not found, waiting...
demo.pcm not found, waiting...
demo.pcm not found, waiting...
demo.pcm not found, waiting...
demo.pcm not found, waiting...
demo.pcm not found, waiting...
demo.pcm not found, waiting...
demo.pcm not found, waiting...
demo.pcm not found, waiting...
demo.pcm not found, waiting...
demo.pcm not found, waiting...
demo.pcm not found, waiting...
demo.pcm not found, waiting...
demo.pcm not found, waiting...
demo.pcm not found, waiting...
demo.pcm not found, waiting...
demo.pcm not found, waiting...
demo.pcm not found, waiting...
demo.pcm not found, waiting...
demo.pcm not found, waiting...
demo.pcm not found, waiting...
demo.pcm not found, waiting...
demo.pcm not found, waiting...
demo.pcm not found, waiting...
demo.pcm not found, waiting...
demo.pcm not found, waiting...
demo.pcm not found, waiting...
demo.pcm not found, waiting...
demo.pcm not found, waiting...
demo.pcm not found, waiting...
demo.pcm not found, waiting...
demo.pcm not found, waiting...
demo.pcm not found, waiting...
demo.pcm not found, waiting...
demo.pcm not found, waiting...
demo.pcm not found, waiting...
demo.pcm not found, waiting...
demo.pcm not found, waiting...
demo.pcm not found, waiting...
demo.pcm not found, waiting...
demo.pcm not found, waiting...
demo.pcm not found, waiting...
demo.pcm not found, waiting...
demo.pcm not found, waiting...
demo.pcm not found, waiting...
demo.pcm not found, waiting...
demo.pcm not found, waiting...
demo.pcm not found, waiting...
demo.pcm not found, waiting...
demo.pcm not found, waiting...
demo.pcm not found, waiting...
demo.pcm not found, waiting...
demo.pcm not found, waiting...
demo.pcm not found, waiting...
demo.pcm not found, waiting...
demo.pcm not found, waiting...
demo.pcm not found, waiting...
demo.pcm not found, waiting...
demo.pcm not found, waiting...
demo.pcm not found, waiting...
demo.pcm not found, waiting...
demo.pcm not found, waiting...
demo.pcm not found, waiting...
demo.pcm not found, waiting...
demo.pcm not found, waiting...
demo.pcm not found, waiting...
demo.pcm not found, waiting...
demo.pcm not found, waiting...
demo.pcm not found, waiting...
demo.pcm not found, waiting...
demo.pcm not found, waiting...
demo.pcm not found, waiting...
demo.pcm not found, waiting...
demo.pcm not found, waiting...
demo.pcm not found, waiting...
demo.pcm not found, waiting...
demo.pcm not found, waiting...
demo.pcm not found, waiting...
demo.pcm not found, waiting...
demo.pcm not found, waiting...
demo.pcm not found, waiting...
demo.pcm not found, waiting...
demo.pcm not found, waiting...
demo.pcm not found, waiting...
demo.pcm not found, waiting...
demo.pcm not found, waiting...
demo.pcm not found, waiting...
demo.pcm not found, waiting...
demo.pcm not found, waiting...
demo.pcm not found, waiting...
demo.pcm not found, waiting...
demo.pcm not found, waiting...
demo.pcm not found, waiting...
demo.pcm not found, waiting...
demo.pcm not found, waiting...
demo.pcm not found, waiting...
demo.pcm not found, waiting...
demo.pcm not found, waiting...
demo.pcm not found, waiting...
demo.pcm not found, waiting...
demo.pcm not found, waiting...
demo.pcm not found, waiting...
demo.pcm not found, waiting...
demo.pcm not found, waiting...
demo.pcm not found, waiting...
demo.pcm not found, waiting...
demo.pcm not found, waiting...
demo.pcm not found, waiting...
demo.pcm not found, waiting...
demo.pcm not found, waiting...
demo.pcm not found, waiting...
demo.pcm not found, waiting...
demo.pcm not found, waiting...
demo.pcm not found, waiting...
demo.pcm not found, waiting...
demo.pcm not found, waiting...
demo.pcm not found, waiting...
demo.pcm not found, waiting...
demo.pcm not found, waiting...
demo.pcm not found, waiting...
demo.pcm not found, waiting...
demo.pcm not found, waiting...
demo.pcm not found, waiting...
demo.pcm not found, waiting...
demo.pcm not found, waiting...
demo.pcm not found, waiting...
demo.pcm not found, waiting...
demo.pcm not found, waiting...
demo.pcm not found, waiting...
demo.pcm not found, waiting...
demo.pcm not found, waiting...
demo.pcm not found, waiting...
demo.pcm not found, waiting...
demo.pcm not found, waiting...
demo.pcm not found, waiting...
demo.pcm not found, waiting...
demo.pcm not found, waiting...
demo.pcm not found, waiting...
demo.pcm not found, waiting...
demo.pcm not found, waiting...
demo.pcm not found, waiting...
demo.pcm not found, waiting...
demo.pcm not found, waiting...
demo.pcm not found, waiting...
demo.pcm not found, waiting...
demo.pcm not found, waiting...
demo.pcm not found, waiting...
demo.pcm not found, waiting...
demo.pcm not found, waiting...
demo.pcm not found, waiting...
demo.pcm not found, waiting...
demo.pcm not found, waiting...
demo.pcm not found, waiting...
demo.pcm not found, waiting...
demo.pcm not found, waiting...
demo.pcm not found, waiting...
demo.pcm not found, waiting...
demo.pcm not found, waiting...
demo.pcm not found, waiting...
demo.pcm not found, waiting...
demo.pcm not found, waiting...
demo.pcm not found, waiting...
demo.pcm not found, waiting...
demo.pcm not found, waiting...
demo.pcm not found, waiting...
demo.pcm not found, waiting...
demo.pcm not found, waiting...
demo.pcm not found, waiting...
demo.pcm not found, waiting...
demo.pcm not found, waiting...
demo.pcm not found, waiting...
demo.pcm not found, waiting...
demo.pcm not found, waiting...
demo.pcm not found, waiting...
demo.pcm not found, waiting...
demo.pcm not found, waiting...
demo.pcm not found, waiting...
demo.pcm not found, waiting...
demo.pcm not found, waiting...
demo.pcm not found, waiting...
demo.pcm not found, waiting...
demo.pcm not found, waiting...
demo.pcm not found, waiting...
demo.pcm not found, waiting...
demo.pcm not found, waiting...
demo.pcm not found, waiting...
demo.pcm not found, waiting...
demo.pcm not found, waiting...
demo.pcm not found, waiting...
demo.pcm not found, waiting...
demo.pcm not found, waiting...
demo.pcm not found, waiting...
demo.pcm not found, waiting...
demo.pcm not found, waiting...
demo.pcm not found, waiting...
demo.pcm not found, waiting...
demo.pcm not found, waiting...
demo.pcm not found, waiting...
demo.pcm not found, waiting...
demo.pcm not found, waiting...
demo.pcm not found, waiting...
demo.pcm not found, waiting...
demo.pcm not found, waiting...
demo.pcm not found, waiting...
demo.pcm not found, waiting...
demo.pcm not found, waiting...
demo.pcm not found, waiting...
demo.pcm not found, waiting...
demo.pcm not found, waiting...
demo.pcm not found, waiting...
demo.pcm not found, waiting...
demo.pcm not found, waiting...
demo.pcm not found, waiting...
demo.pcm not found, waiting...
demo.pcm not found, waiting...
demo.pcm not found, waiting...
demo.pcm not found, waiting...
demo.pcm not found, waiting...
demo.pcm not found, waiting...
demo.pcm not found, waiting...
demo.pcm not found, waiting...
demo.pcm not found, waiting...
demo.pcm not found, waiting...
demo.pcm not found, waiting...
demo.pcm not found, waiting...
demo.pcm not found, waiting...
demo.pcm not found, waiting...
demo.pcm not found, waiting...
demo.pcm not found, waiting...
demo.pcm not found, waiting...
demo.pcm not found, waiting...
demo.pcm not found, waiting...
demo.pcm not found, waiting...
demo.pcm not found, waiting...
demo.pcm not found, waiting...
demo.pcm not found, waiting...
demo.pcm not found, waiting...
demo.pcm not found, waiting...
demo.pcm not found, waiting...
demo.pcm not found, waiting...
demo.pcm not found, waiting...
demo.pcm not found, waiting...
demo.pcm not found, waiting...
demo.pcm not found, waiting...
demo.pcm not found, waiting...
demo.pcm not found, waiting...
demo.pcm not found, waiting...
demo.pcm not found, waiting...
demo.pcm not found, waiting...
demo.pcm not found, waiting...
demo.pcm not found, waiting...
demo.pcm not found, waiting...
demo.pcm not found, waiting...
demo.pcm not found, waiting...
demo.pcm not found, waiting...
demo.pcm not found, waiting...
demo.pcm not found, waiting...
demo.pcm not found, waiting...
demo.pcm not found, waiting...
demo.pcm not found, waiting...
demo.pcm not found, waiting...
demo.pcm not found, waiting...
demo.pcm not found, waiting...
demo.pcm not found, waiting...
demo.pcm not found, waiting...
demo.pcm not found, waiting...
demo.pcm not found, waiting...
demo.pcm not found, waiting...
demo.pcm not found, waiting...
demo.pcm not found, waiting...
demo.pcm not found, waiting...
demo.pcm not found, waiting...
demo.pcm not found, waiting...
demo.pcm not found, waiting...
demo.pcm not found, waiting...
demo.pcm not found, waiting...
demo.pcm not found, waiting...
demo.pcm not found, waiting...
demo.pcm not found, waiting...
demo.pcm not found, waiting...
demo.pcm not found, waiting...
demo.pcm not found, waiting...
demo.pcm not found, waiting...
demo.pcm not found, waiting...
demo.pcm not found, waiting...
demo.pcm not found, waiting...
demo.pcm not found, waiting...
demo.pcm not found, waiting...
demo.pcm not found, waiting...
demo.pcm not found, waiting...
demo.pcm not found, waiting...
demo.pcm not found, waiting...
demo.pcm not found, waiting...
demo.pcm not found, waiting...
demo.pcm not found, waiting...
demo.pcm not found, waiting...
demo.pcm not found, waiting...
demo.pcm not found, waiting...
demo.pcm not found, waiting...
demo.pcm not found, waiting...
demo.pcm not found, waiting...
demo.pcm not found, waiting...
demo.pcm not found, waiting...
demo.pcm not found, waiting...
demo.pcm not found, waiting...
demo.pcm not found, waiting...
demo.pcm not found, waiting...
demo.pcm not found, waiting...
demo.pcm not found, waiting...
demo.pcm not found, waiting...
demo.pcm not found, waiting...
demo.pcm not found, waiting...
demo.pcm not found, waiting...
demo.pcm not found, waiting...
demo.pcm not found, waiting...
demo.pcm not found, waiting...
demo.pcm not found, waiting...
demo.pcm not found, waiting...
demo.pcm not found, waiting...
demo.pcm not found, waiting...
demo.pcm not found, waiting...
demo.pcm not found, waiting...
demo.pcm not found, waiting...
demo.pcm not found, waiting...
demo.pcm not found, waiting...
demo.pcm not found, waiting...
demo.pcm not found, waiting...
demo.pcm not found, waiting...
demo.pcm not found, waiting...
demo.pcm not found, waiting...
demo.pcm not found, waiting...
demo.pcm not found, waiting...
demo.pcm not found, waiting...
demo.pcm not found, waiting...
demo.pcm not found, waiting...
demo.pcm not found, waiting...
demo.pcm not found, waiting...
demo.pcm not found, waiting...
demo.pcm not found, waiting...
demo.pcm not found, waiting...
demo.pcm not found, waiting...
demo.pcm not found, waiting...
demo.pcm not found, waiting...
demo.pcm not found, waiting...
demo.pcm not found, waiting...
demo.pcm not found, waiting...
demo.pcm not found, waiting...
demo.pcm not found, waiting...
demo.pcm not found, waiting...
demo.pcm not found, waiting...
demo.pcm not found, waiting...
demo.pcm not found, waiting...
demo.pcm not found, waiting...
demo.pcm not found, waiting...
demo.pcm not found, waiting...
demo.pcm not found, waiting...
demo.pcm not found, waiting...
demo.pcm not found, waiting...
demo.pcm not found, waiting...
demo.pcm not found, waiting...
demo.pcm not found, waiting...
demo.pcm not found, waiting...
demo.pcm not found, waiting...
demo.pcm not found, waiting...
demo.pcm not found, waiting...
demo.pcm not found, waiting...
demo.pcm not found, waiting...
demo.pcm not found, waiting...
demo.pcm not found, waiting...
demo.pcm not found, waiting...
demo.pcm not found, waiting...
demo.pcm not found, waiting...
demo.pcm not found, waiting...
demo.pcm not found, waiting...
demo.pcm not found, waiting...
demo.pcm not found, waiting...
demo.pcm not found, waiting...
demo.pcm not found, waiting...
demo.pcm not found, waiting...
demo.pcm not found, waiting...
demo.pcm not found, waiting...
demo.pcm not found, waiting...
demo.pcm not found, waiting...
demo.pcm not found, waiting...
demo.pcm not found, waiting...
demo.pcm not found, waiting...
demo.pcm not found, waiting...
demo.pcm not found, waiting...
demo.pcm not found, waiting...
demo.pcm not found, waiting...
demo.pcm not found, waiting...
demo.pcm not found, waiting...
demo.pcm not found, waiting...
demo.pcm not found, waiting...
demo.pcm not found, waiting...
demo.pcm not found, waiting...
demo.pcm not found, waiting...
demo.pcm not found, waiting...
demo.pcm not found, waiting...
demo.pcm not found, waiting...
demo.pcm not found, waiting...
demo.pcm not found, waiting...
demo.pcm not found, waiting...
demo.pcm not found, waiting...
demo.pcm not found, waiting...
demo.pcm not found, waiting...
demo.pcm not found, waiting...
demo.pcm not found, waiting...
demo.pcm not found, waiting...
demo.pcm not found, waiting...
demo.pcm not found, waiting...
demo.pcm not found, waiting...
demo.pcm not found, waiting...
demo.pcm not found, waiting...
demo.pcm not found, waiting...
demo.pcm not found, waiting...
demo.pcm not found, waiting...
demo.pcm not found, waiting...
demo.pcm not found, waiting...
demo.pcm not found, waiting...
demo.pcm not found, waiting...
demo.pcm not found, waiting...
demo.pcm not found, waiting...
demo.pcm not found, waiting...
demo.pcm not found, waiting...
demo.pcm not found, waiting...
demo.pcm not found, waiting...
demo.pcm not found, waiting...
demo.pcm not found, waiting...
demo.pcm not found, waiting...
demo.pcm not found, waiting...
demo.pcm not found, waiting...
demo.pcm not found, waiting...
demo.pcm not found, waiting...
demo.pcm not found, waiting...
demo.pcm not found, waiting...
demo.pcm not found, waiting...
demo.pcm not found, waiting...
demo.pcm not found, waiting...
demo.pcm not found, waiting...
demo.pcm not found, waiting...
demo.pcm not found, waiting...
demo.pcm not found, waiting...
demo.pcm not found, waiting...
demo.pcm not found, waiting...
demo.pcm not found, waiting...
demo.pcm not found, waiting...
demo.pcm not found, waiting...
demo.pcm not found, waiting...
demo.pcm not found, waiting...
demo.pcm not found, waiting...
demo.pcm not found, waiting...
demo.pcm not found, waiting...
demo.pcm not found, waiting...
demo.pcm not found, waiting...
demo.pcm not found, waiting...
demo.pcm not found, waiting...
demo.pcm not found, waiting...
demo.pcm not found, waiting...
demo.pcm not found, waiting...
demo.pcm not found, waiting...
demo.pcm not found, waiting...
demo.pcm not found, waiting...
demo.pcm not found, waiting...
demo.pcm not found, waiting...
demo.pcm not found, waiting...
demo.pcm not found, waiting...
demo.pcm not found, waiting...
demo.pcm not found, waiting...
demo.pcm not found, waiting...
demo.pcm not found, waiting...
demo.pcm not found, waiting...
demo.pcm not found, waiting...
demo.pcm not found, waiting...
demo.pcm not found, waiting...
demo.pcm not found, waiting...
demo.pcm not found, waiting...
demo.pcm not found, waiting...
demo.pcm not found, waiting...
demo.pcm not found, waiting...
demo.pcm not found, waiting...
demo.pcm not found, waiting...
demo.pcm not found, waiting...
demo.pcm not found, waiting...
demo.pcm not found, waiting...
demo.pcm not found, waiting...
demo.pcm not found, waiting...
demo.pcm not found, waiting...
demo.pcm not found, waiting...
demo.pcm not found, waiting...
demo.pcm not found, waiting...
demo.pcm not found, waiting...
demo.pcm not found, waiting...
demo.pcm not found, waiting...
demo.pcm not found, waiting...
demo.pcm not found, waiting...
demo.pcm not found, waiting...
demo.pcm not found, waiting...
demo.pcm not found, waiting...
demo.pcm not found, waiting...
demo.pcm not found, waiting...
demo.pcm not found, waiting...
demo.pcm not found, waiting...
demo.pcm not found, waiting...
demo.pcm not found, waiting...
demo.pcm not found, waiting...
demo.pcm not found, waiting...
demo.pcm not found, waiting...
demo.pcm not found, waiting...
demo.pcm not found, waiting...
demo.pcm not found, waiting...
demo.pcm not found, waiting...
demo.pcm not found, waiting...
demo.pcm not found, waiting...
demo.pcm not found, waiting...
demo.pcm not found, waiting...
demo.pcm not found, waiting...
demo.pcm not found, waiting...
demo.pcm not found, waiting...
demo.pcm not found, waiting...
demo.pcm not found, waiting...
demo.pcm not found, waiting...
demo.pcm not found, waiting...
demo.pcm not found, waiting...
demo.pcm not found, waiting...
demo.pcm not found, waiting...
demo.pcm not found, waiting...
demo.pcm not found, waiting...
demo.pcm not found, waiting...
demo.pcm not found, waiting...
demo.pcm not found, waiting...
demo.pcm not found, waiting...
demo.pcm not found, waiting...
demo.pcm not found, waiting...
demo.pcm not found, waiting...
demo.pcm not found, waiting...
demo.pcm not found, waiting...
demo.pcm not found, waiting...
demo.pcm not found, waiting...
demo.pcm not found, waiting...
demo.pcm not found, waiting...
demo.pcm not found, waiting...
demo.pcm not found, waiting...
demo.pcm not found, waiting...
demo.pcm not found, waiting...
demo.pcm not found, waiting...
demo.pcm not found, waiting...
demo.pcm not found, waiting...
demo.pcm not found, waiting...
demo.pcm not found, waiting...
demo.pcm not found, waiting...
demo.pcm not found, waiting...
demo.pcm not found, waiting...
demo.pcm not found, waiting...
demo.pcm not found, waiting...
demo.pcm not found, waiting...
demo.pcm not found, waiting...
demo.pcm not found, waiting...
demo.pcm not found, waiting...
demo.pcm not found, waiting...
demo.pcm not found, waiting...
demo.pcm not found, waiting...
demo.pcm not found, waiting...
demo.pcm not found, waiting...
demo.pcm not found, waiting...
demo.pcm not found, waiting...
demo.pcm not found, waiting...
demo.pcm not found, waiting...
demo.pcm not found, waiting...
demo.pcm not found, waiting...
demo.pcm not found, waiting...
demo.pcm not found, waiting...
demo.pcm not found, waiting...
demo.pcm not found, waiting...
demo.pcm not found, waiting...
demo.pcm not found, waiting...
demo.pcm not found, waiting...
demo.pcm not found, waiting...
demo.pcm not found, waiting...
demo.pcm not found, waiting...
demo.pcm not found, waiting...
demo.pcm not found, waiting...
demo.pcm not found, waiting...
demo.pcm not found, waiting...
demo.pcm not found, waiting...
demo.pcm not found, waiting...
demo.pcm not found, waiting...
demo.pcm not found, waiting...
demo.pcm not found, waiting...
demo.pcm not found, waiting...
demo.pcm not found, waiting...
demo.pcm not found, waiting...
demo.pcm not found, waiting...
demo.pcm not found, waiting...
demo.pcm not found, waiting...
demo.pcm not found, waiting...
demo.pcm not found, waiting...
demo.pcm not found, waiting...
demo.pcm not found, waiting...
demo.pcm not found, waiting...
demo.pcm not found, waiting...
demo.pcm not found, waiting...
demo.pcm not found, waiting...
demo.pcm not found, waiting...
demo.pcm not found, waiting...
demo.pcm not found, waiting...
demo.pcm not found, waiting...
demo.pcm not found, waiting...
demo.pcm not found, waiting...
demo.pcm not found, waiting...
demo.pcm not found, waiting...
demo.pcm not found, waiting...
demo.pcm not found, waiting...
demo.pcm not found, waiting...
demo.pcm not found, waiting...
demo.pcm not found, waiting...
demo.pcm not found, waiting...
demo.pcm not found, waiting...
demo.pcm not found, waiting...
demo.pcm not found, waiting...
demo.pcm not found, waiting...
demo.pcm not found, waiting...
demo.pcm not found, waiting...
demo.pcm not found, waiting...
demo.pcm not found, waiting...
demo.pcm not found, waiting...
demo.pcm not found, waiting...
demo.pcm not found, waiting...
demo.pcm not found, waiting...
demo.pcm not found, waiting...
demo.pcm not found, waiting...
demo.pcm not found, waiting...
demo.pcm not found, waiting...
demo.pcm not found, waiting...
demo.pcm not found, waiting...
demo.pcm not found, waiting...
demo.pcm not found, waiting...
demo.pcm not found, waiting...
demo.pcm not found, waiting...
demo.pcm not found, waiting...
demo.pcm not found, waiting...
demo.pcm not found, waiting...
demo.pcm not found, waiting...
demo.pcm not found, waiting...
demo.pcm not found, waiting...
demo.pcm not found, waiting...
demo.pcm not found, waiting...
demo.pcm not found, waiting...
demo.pcm not found, waiting...
demo.pcm not found, waiting...
demo.pcm not found, waiting...
demo.pcm not found, waiting...
demo.pcm not found, waiting...
demo.pcm not found, waiting...
demo.pcm not found, waiting...
demo.pcm not found, waiting...
demo.pcm not found, waiting...
demo.pcm not found, waiting...
demo.pcm not found, waiting...
demo.pcm not found, waiting...
demo.pcm not found, waiting...
demo.pcm not found, waiting...
demo.pcm not found, waiting...
demo.pcm not found, waiting...
demo.pcm not found, waiting...
demo.pcm not found, waiting...
demo.pcm not found, waiting...
demo.pcm not found, waiting...
demo.pcm not found, waiting...
demo.pcm not found, waiting...
demo.pcm not found, waiting...
demo.pcm not found, waiting...
demo.pcm not found, waiting...
demo.pcm not found, waiting...
demo.pcm not found, waiting...
demo.pcm not found, waiting...
demo.pcm not found, waiting...
demo.pcm not found, waiting...
demo.pcm not found, waiting...
demo.pcm not found, waiting...
demo.pcm not found, waiting...
demo.pcm not found, waiting...
demo.pcm not found, waiting...
demo.pcm not found, waiting...
demo.pcm not found, waiting...
demo.pcm not found, waiting...
demo.pcm not found, waiting...
demo.pcm not found, waiting...
demo.pcm not found, waiting...
demo.pcm not found, waiting...
demo.pcm not found, waiting...
demo.pcm not found, waiting...
demo.pcm not found, waiting...
demo.pcm not found, waiting...
demo.pcm not found, waiting...
demo.pcm not found, waiting...
demo.pcm not found, waiting...
demo.pcm not found, waiting...
demo.pcm not found, waiting...
demo.pcm not found, waiting...
demo.pcm not found, waiting...
demo.pcm not found, waiting...
demo.pcm not found, waiting...
demo.pcm not found, waiting...
demo.pcm not found, waiting...
demo.pcm not found, waiting...
demo.pcm not found, waiting...
demo.pcm not found, waiting...
demo.pcm not found, waiting...
demo.pcm not found, waiting...
demo.pcm not found, waiting...
demo.pcm not found, waiting...
demo.pcm not found, waiting...
demo.pcm not found, waiting...
demo.pcm not found, waiting...
demo.pcm not found, waiting...
demo.pcm not found, waiting...
demo.pcm not found, waiting...
demo.pcm not found, waiting...
demo.pcm not found, waiting...
demo.pcm not found, waiting...
demo.pcm not found, waiting...
demo.pcm not found, waiting...
demo.pcm not found, waiting...
demo.pcm not found, waiting...
demo.pcm not found, waiting...
demo.pcm not found, waiting...
demo.pcm not found, waiting...
demo.pcm not found, waiting...
demo.pcm not found, waiting...
demo.pcm not found, waiting...
demo.pcm not found, waiting...
demo.pcm not found, waiting...
demo.pcm not found, waiting...
demo.pcm not found, waiting...
demo.pcm not found, waiting...
demo.pcm not found, waiting...
demo.pcm not found, waiting...
demo.pcm not found, waiting...
demo.pcm not found, waiting...
demo.pcm not found, waiting...
demo.pcm not found, waiting...
demo.pcm not found, waiting...
demo.pcm not found, waiting...
demo.pcm not found, waiting...
demo.pcm not found, waiting...
demo.pcm not found, waiting...
demo.pcm not found, waiting...
demo.pcm not found, waiting...
demo.pcm not found, waiting...
demo.pcm not found, waiting...
demo.pcm not found, waiting...
demo.pcm not found, waiting...
demo.pcm not found, waiting...
demo.pcm not found, waiting...
demo.pcm not found, waiting...
demo.pcm not found, waiting...
demo.pcm not found, waiting...
demo.pcm not found, waiting...
demo.pcm not found, waiting...
demo.pcm not found, waiting...
demo.pcm not found, waiting...
demo.pcm not found, waiting...
demo.pcm not found, waiting...
demo.pcm not found, waiting...
demo.pcm not found, waiting...
demo.pcm not found, waiting...
demo.pcm not found, waiting...
demo.pcm not found, waiting...
demo.pcm not found, waiting...
demo.pcm not found, waiting...
demo.pcm not found, waiting...
demo.pcm not found, waiting...
demo.pcm not found, waiting...
demo.pcm not found, waiting...
demo.pcm not found, waiting...
demo.pcm not found, waiting...
demo.pcm not found, waiting...
demo.pcm not found, waiting...
demo.pcm not found, waiting...
demo.pcm not found, waiting...
demo.pcm not found, waiting...
demo.pcm not found, waiting...
demo.pcm not found, waiting...
demo.pcm not found, waiting...
demo.pcm not found, waiting...
demo.pcm not found, waiting...
demo.pcm not found, waiting...
demo.pcm not found, waiting...
demo.pcm not found, waiting...
demo.pcm not found, waiting...
demo.pcm not found, waiting...
demo.pcm not found, waiting...
demo.pcm not found, waiting...
demo.pcm not found, waiting...
demo.pcm not found, waiting...
demo.pcm not found, waiting...
demo.pcm not found, waiting...
demo.pcm not found, waiting...
demo.pcm not found, waiting...
demo.pcm not found, waiting...
demo.pcm not found, waiting...
demo.pcm not found, waiting...
demo.pcm not found, waiting...
demo.pcm not found, waiting...
demo.pcm not found, waiting...
demo.pcm not found, waiting...
demo.pcm not found, waiting...
demo.pcm not found, waiting...
demo.pcm not found, waiting...
demo.pcm not found, waiting...
demo.pcm not found, waiting...
demo.pcm not found, waiting...
demo.pcm not found, waiting...
demo.pcm not found, waiting...
demo.pcm not found, waiting...
demo.pcm not found, waiting...
demo.pcm not found, waiting...
demo.pcm not found, waiting...
demo.pcm not found, waiting...
demo.pcm not found, waiting...
demo.pcm not found, waiting...
demo.pcm not found, waiting...
demo.pcm not found, waiting...
demo.pcm not found, waiting...
demo.pcm not found, waiting...
demo.pcm not found, waiting...
demo.pcm not found, waiting...
demo.pcm not found, waiting...
demo.pcm not found, waiting...
demo.pcm not found, waiting...
demo.pcm not found, waiting...
demo.pcm not found, waiting...
demo.pcm not found, waiting...
demo.pcm not found, waiting...
demo.pcm not found, waiting...
demo.pcm not found, waiting...
demo.pcm not found, waiting...
demo.pcm not found, waiting...
demo.pcm not found, waiting...
demo.pcm not found, waiting...
demo.pcm not found, waiting...
demo.pcm not found, waiting...
demo.pcm not found, waiting...
demo.pcm not found, waiting...
demo.pcm not found, waiting...
demo.pcm not found, waiting...
demo.pcm not found, waiting...
demo.pcm not found, waiting...
demo.pcm not found, waiting...
demo.pcm not found, waiting...
demo.pcm not found, waiting...
demo.pcm not found, waiting...
demo.pcm not found, waiting...
demo.pcm not found, waiting...
demo.pcm not found, waiting...
demo.pcm not found, waiting...
demo.pcm not found, waiting...
demo.pcm not found, waiting...
demo.pcm not found, waiting...
demo.pcm not found, waiting...
demo.pcm not found, waiting...
demo.pcm not found, waiting...
demo.pcm not found, waiting...
demo.pcm not found, waiting...
demo.pcm not found, waiting...
demo.pcm not found, waiting...
demo.pcm not found, waiting...
demo.pcm not found, waiting...
demo.pcm not found, waiting...
demo.pcm not found, waiting...
demo.pcm not found, waiting...
demo.pcm not found, waiting...
demo.pcm not found, waiting...
demo.pcm not found, waiting...
demo.pcm not found, waiting...
demo.pcm not found, waiting...
demo.pcm not found, waiting...
demo.pcm not found, waiting...
demo.pcm not found, waiting...
demo.pcm not found, waiting...
demo.pcm not found, waiting...
demo.pcm not found, waiting...
demo.pcm not found, waiting...
demo.pcm not found, waiting...
demo.pcm not found, waiting...
demo.pcm not found, waiting...
demo.pcm not found, waiting...
demo.pcm not found, waiting...
demo.pcm not found, waiting...
demo.pcm not found, waiting...
demo.pcm not found, waiting...
demo.pcm not found, waiting...
demo.pcm not found, waiting...
demo.pcm not found, waiting...
demo.pcm not found, waiting...
demo.pcm not found, waiting...
demo.pcm not found, waiting...
demo.pcm not found, waiting...
demo.pcm not found, waiting...
demo.pcm not found, waiting...
demo.pcm not found, waiting...
demo.pcm not found, waiting...
demo.pcm not found, waiting...
demo.pcm not found, waiting...
demo.pcm not found, waiting...
demo.pcm not found, waiting...
demo.pcm not found, waiting...
demo.pcm not found, waiting...
demo.pcm not found, waiting...
demo.pcm not found, waiting...
demo.pcm not found, waiting...
demo.pcm not found, waiting...
demo.pcm not found, waiting...
demo.pcm not found, waiting...
demo.pcm not found, waiting...
demo.pcm not found, waiting...
demo.pcm not found, waiting...
demo.pcm not found, waiting...
demo.pcm not found, waiting...
demo.pcm not found, waiting...
demo.pcm not found, waiting...
demo.pcm not found, waiting...
demo.pcm not found, waiting...
demo.pcm not found, waiting...
demo.pcm not found, waiting...
demo.pcm not found, waiting...
demo.pcm not found, waiting...
demo.pcm not found, waiting...
demo.pcm not found, waiting...
demo.pcm not found, waiting...
demo.pcm not found, waiting...
demo.pcm not found, waiting...
demo.pcm not found, waiting...
demo.pcm not found, waiting...
demo.pcm not found, waiting...
demo.pcm not found, waiting...
demo.pcm not found, waiting...
demo.pcm not found, waiting...
demo.pcm not found, waiting...
demo.pcm not found, waiting...
demo.pcm not found, waiting...
demo.pcm not found, waiting...
demo.pcm not found, waiting...
demo.pcm not found, waiting...
demo.pcm not found, waiting...
demo.pcm not found, waiting...
demo.pcm not found, waiting...
demo.pcm not found, waiting...
demo.pcm not found, waiting...
demo.pcm not found, waiting...
demo.pcm not found, waiting...
demo.pcm not found, waiting...
demo.pcm not found, waiting...
demo.pcm not found, waiting...
demo.pcm not found, waiting...
demo.pcm not found, waiting...
demo.pcm not found, waiting...
demo.pcm not found, waiting...
demo.pcm not found, waiting...
demo.pcm not found, waiting...
demo.pcm not found, waiting...
demo.pcm not found, waiting...
demo.pcm not found, waiting...
demo.pcm not found, waiting...
demo.pcm not found, waiting...
demo.pcm not found, waiting...
demo.pcm not found, waiting...
demo.pcm not found, waiting...
demo.pcm not found, waiting...
demo.pcm not found, waiting...
demo.pcm not found, waiting...
demo.pcm not found, waiting...
demo.pcm not found, waiting...
demo.pcm not found, waiting...
demo.pcm not found, waiting...
demo.pcm not found, waiting...
demo.pcm not found, waiting...
demo.pcm not found, waiting...
demo.pcm not found, waiting...
demo.pcm not found, waiting...
demo.pcm not found, waiting...
demo.pcm not found, waiting...
demo.pcm not found, waiting...
demo.pcm not found, waiting...
demo.pcm not found, waiting...
demo.pcm not found, waiting...
demo.pcm not found, waiting...
demo.pcm not found, waiting...
demo.pcm not found, waiting...
demo.pcm not found, waiting...
demo.pcm not found, waiting...
demo.pcm not found, waiting...
demo.pcm not found, waiting...
demo.pcm not found, waiting...
demo.pcm not found, waiting...
demo.pcm not found, waiting...
demo.pcm not found, waiting...
demo.pcm not found, waiting...
demo.pcm not found, waiting...
demo.pcm not found, waiting...
demo.pcm not found, waiting...
demo.pcm not found, waiting...
demo.pcm not found, waiting...
demo.pcm not found, waiting...
demo.pcm not found, waiting...
demo.pcm not found, waiting...
demo.pcm not found, waiting...
demo.pcm not found, waiting...
demo.pcm not found, waiting...
demo.pcm not found, waiting...
demo.pcm not found, waiting...
demo.pcm not found, waiting...
demo.pcm not found, waiting...
demo.pcm not found, waiting...
demo.pcm not found, waiting...
demo.pcm not found, waiting...
demo.pcm not found, waiting...
demo.pcm not found, waiting...
demo.pcm not found, waiting...
demo.pcm not found, waiting...
demo.pcm not found, waiting...
demo.pcm not found, waiting...
demo.pcm not found, waiting...
demo.pcm not found, waiting...
demo.pcm not found, waiting...
demo.pcm not found, waiting...
demo.pcm not found, waiting...
demo.pcm not found, waiting...
demo.pcm not found, waiting...
demo.pcm not found, waiting...
demo.pcm not found, waiting...
demo.pcm not found, waiting...
demo.pcm not found, waiting...
demo.pcm not found, waiting...
demo.pcm not found, waiting...
demo.pcm not found, waiting...
demo.pcm not found, waiting...
demo.pcm not found, waiting...
demo.pcm not found, waiting...
demo.pcm not found, waiting...
demo.pcm not found, waiting...
demo.pcm not found, waiting...
demo.pcm not found, waiting...
demo.pcm not found, waiting...
demo.pcm not found, waiting...
demo.pcm not found, waiting...
demo.pcm not found, waiting...
demo.pcm not found, waiting...
demo.pcm not found, waiting...
demo.pcm not found, waiting...
demo.pcm not found, waiting...
demo.pcm not found, waiting...
demo.pcm not found, waiting...
demo.pcm not found, waiting...
demo.pcm not found, waiting...
demo.pcm not found, waiting...
demo.pcm not found, waiting...
demo.pcm not found, waiting...
demo.pcm not found, waiting...
demo.pcm not found, waiting...
demo.pcm not found, waiting...
demo.pcm not found, waiting...
demo.pcm not found, waiting...
demo.pcm not found, waiting...
demo.pcm not found, waiting...
demo.pcm not found, waiting...
demo.pcm not found, waiting...
demo.pcm not found, waiting...
demo.pcm not found, waiting...
demo.pcm not found, waiting...
demo.pcm not found, waiting...
demo.pcm not found, waiting...
demo.pcm not found, waiting...
demo.pcm not found, waiting...
demo.pcm not found, waiting...
demo.pcm not found, waiting...
demo.pcm not found, waiting...
demo.pcm not found, waiting...
demo.pcm not found, waiting...
demo.pcm not found, waiting...
demo.pcm not found, waiting...
demo.pcm not found, waiting...
demo.pcm not found, waiting...
demo.pcm not found, waiting...
demo.pcm not found, waiting...
demo.pcm not found, waiting...
demo.pcm not found, waiting...
demo.pcm not found, waiting...
demo.pcm not found, waiting...
demo.pcm not found, waiting...
demo.pcm not found, waiting...
demo.pcm not found, waiting...
demo.pcm not found, waiting...
demo.pcm not found, waiting...
demo.pcm not found, waiting...
demo.pcm not found, waiting...
demo.pcm not found, waiting...
demo.pcm not found, waiting...
demo.pcm not found, waiting...
demo.pcm not found, waiting...
demo.pcm not found, waiting...
demo.pcm not found, waiting...
demo.pcm not found, waiting...
demo.pcm not found, waiting...
demo.pcm not found, waiting...
demo.pcm not found, waiting...
demo.pcm not found, waiting...
demo.pcm not found, waiting...
demo.pcm not found, waiting...
demo.pcm not found, waiting...
demo.pcm not found, waiting...
demo.pcm not found, waiting...
demo.pcm not found, waiting...
demo.pcm not found, waiting...
demo.pcm not found, waiting...
demo.pcm not found, waiting...
demo.pcm not found, waiting...
demo.pcm not found, waiting...
demo.pcm not found, waiting...
demo.pcm not found, waiting...
demo.pcm not found, waiting...
demo.pcm not found, waiting...
demo.pcm not found, waiting...
demo.pcm not found, waiting...
demo.pcm not found, waiting...
demo.pcm not found, waiting...
demo.pcm not found, waiting...
demo.pcm not found, waiting...
demo.pcm not found, waiting...
demo.pcm not found, waiting...
demo.pcm not found, waiting...
demo.pcm not found, waiting...
demo.pcm not found, waiting...
demo.pcm not found, waiting...
demo.pcm not found, waiting...
demo.pcm not found, waiting...
demo.pcm not found, waiting...
demo.pcm not found, waiting...
demo.pcm not found, waiting...
demo.pcm not found, waiting...
demo.pcm not found, waiting...
demo.pcm not found, waiting...
demo.pcm not found, waiting...
demo.pcm not found, waiting...
demo.pcm not found, waiting...
demo.pcm not found, waiting...
demo.pcm not found, waiting...
demo.pcm not found, waiting...
demo.pcm not found, waiting...
demo.pcm not found, waiting...
demo.pcm not found, waiting...
demo.pcm not found, waiting...
demo.pcm not found, waiting...
demo.pcm not found, waiting...
demo.pcm not found, waiting...
demo.pcm not found, waiting...
demo.pcm not found, waiting...
demo.pcm not found, waiting...
demo.pcm not found, waiting...
demo.pcm not found, waiting...
demo.pcm not found, waiting...
demo.pcm not found, waiting...
demo.pcm not found, waiting...
demo.pcm not found, waiting...
demo.pcm not found, waiting...
demo.pcm not found, waiting...
demo.pcm not found, waiting...
demo.pcm not found, waiting...
demo.pcm not found, waiting...
demo.pcm not found, waiting...
demo.pcm not found, waiting...
demo.pcm not found, waiting...
demo.pcm not found, waiting...
demo.pcm not found, waiting...
demo.pcm not found, waiting...
demo.pcm not found, waiting...
demo.pcm not found, waiting...
demo.pcm not found, waiting...
demo.pcm not found, waiting...
demo.pcm not found, waiting...
demo.pcm not found, waiting...
demo.pcm not found, waiting...
demo.pcm not found, waiting...
demo.pcm not found, waiting...
demo.pcm not found, waiting...
demo.pcm not found, waiting...
demo.pcm not found, waiting...
demo.pcm not found, waiting...
demo.pcm not found, waiting...
demo.pcm not found, waiting...
demo.pcm not found, waiting...
demo.pcm not found, waiting...
demo.pcm not found, waiting...
demo.pcm not found, waiting...
demo.pcm not found, waiting...
demo.pcm not found, waiting...
demo.pcm not found, waiting...
demo.pcm not found, waiting...
demo.pcm not found, waiting...
demo.pcm not found, waiting...
demo.pcm not found, waiting...
demo.pcm not found, waiting...
demo.pcm not found, waiting...
demo.pcm not found, waiting...
demo.pcm not found, waiting...
demo.pcm not found, waiting...
demo.pcm not found, waiting...
demo.pcm not found, waiting...
demo.pcm not found, waiting...
demo.pcm not found, waiting...
demo.pcm not found, waiting...
demo.pcm not found, waiting...
demo.pcm not found, waiting...
demo.pcm not found, waiting...
demo.pcm not found, waiting...
demo.pcm not found, waiting...
demo.pcm not found, waiting...
demo.pcm not found, waiting...
demo.pcm not found, waiting...
demo.pcm not found, waiting...
demo.pcm not found, waiting...
demo.pcm not found, waiting...
demo.pcm not found, waiting...
demo.pcm not found, waiting...
demo.pcm not found, waiting...
demo.pcm not found, waiting...
demo.pcm not found, waiting...
demo.pcm not found, waiting...
demo.pcm not found, waiting...
demo.pcm not found, waiting...
demo.pcm not found, waiting...
demo.pcm not found, waiting...
demo.pcm not found, waiting...
demo.pcm not found, waiting...
demo.pcm not found, waiting...
demo.pcm not found, waiting...
demo.pcm not found, waiting...
demo.pcm not found, waiting...
demo.pcm not found, waiting...
demo.pcm not found, waiting...
demo.pcm not found, waiting...
demo.pcm not found, waiting...
demo.pcm not found, waiting...
demo.pcm not found, waiting...
demo.pcm not found, waiting...
demo.pcm not found, waiting...
demo.pcm not found, waiting...
demo.pcm not found, waiting...
demo.pcm not found, waiting...
demo.pcm not found, waiting...
demo.pcm not found, waiting...
demo.pcm not found, waiting...
demo.pcm not found, waiting...
demo.pcm not found, waiting...
demo.pcm not found, waiting...
demo.pcm not found, waiting...
demo.pcm not found, waiting...
demo.pcm not found, waiting...
demo.pcm not found, waiting...
demo.pcm not found, waiting...
demo.pcm not found, waiting...
demo.pcm not found, waiting...
demo.pcm not found, waiting...
demo.pcm not found, waiting...
demo.pcm not found, waiting...
demo.pcm not found, waiting...
demo.pcm not found, waiting...
demo.pcm not found, waiting...
demo.pcm not found, waiting...
demo.pcm not found, waiting...
demo.pcm not found, waiting...
demo.pcm not found, waiting...
demo.pcm not found, waiting...
demo.pcm not found, waiting...
demo.pcm not found, waiting...
demo.pcm not found, waiting...
demo.pcm not found, waiting...
demo.pcm not found, waiting...
demo.pcm not found, waiting...
demo.pcm not found, waiting...
demo.pcm not found, waiting...
demo.pcm not found, waiting...
demo.pcm not found, waiting...
demo.pcm not found, waiting...
demo.pcm not found, waiting...
demo.pcm not found, waiting...
demo.pcm not found, waiting...
demo.pcm not found, waiting...
demo.pcm not found, waiting...
demo.pcm not found, waiting...
demo.pcm not found, waiting...
demo.pcm not found, waiting...
demo.pcm not found, waiting...
demo.pcm not found, waiting...
demo.pcm not found, waiting...
demo.pcm not found, waiting...
demo.pcm not found, waiting...
demo.pcm not found, waiting...
demo.pcm not found, waiting...
demo.pcm not found, waiting...
demo.pcm not found, waiting...
demo.pcm not found, waiting...
demo.pcm not found, waiting...
demo.pcm not found, waiting...
demo.pcm not found, waiting...
demo.pcm not found, waiting...
demo.pcm not found, waiting...
demo.pcm not found, waiting...
demo.pcm not found, waiting...
demo.pcm not found, waiting...
demo.pcm not found, waiting...
demo.pcm not found, waiting...
demo.pcm not found, waiting...
demo.pcm not found, waiting...
demo.pcm not found, waiting...
demo.pcm not found, waiting...
demo.pcm not found, waiting...
demo.pcm not found, waiting...
demo.pcm not found, waiting...
demo.pcm not found, waiting...
demo.pcm not found, waiting...
demo.pcm not found, waiting...
demo.pcm not found, waiting...
demo.pcm not found, waiting...
demo.pcm not found, waiting...
demo.pcm not found, waiting...
demo.pcm not found, waiting...
demo.pcm not found, waiting...
demo.pcm not found, waiting...
demo.pcm not found, waiting...
demo.pcm not found, waiting...
demo.pcm not found, waiting...
demo.pcm not found, waiting...
demo.pcm not found, waiting...
demo.pcm not found, waiting...
demo.pcm not found, waiting...
demo.pcm not found, waiting...
demo.pcm not found, waiting...
demo.pcm not found, waiting...
demo.pcm not found, waiting...
demo.pcm not found, waiting...
demo.pcm not found, waiting...
demo.pcm not found, waiting...
demo.pcm not found, waiting...
demo.pcm not found, waiting...
demo.pcm not found, waiting...
demo.pcm not found, waiting...
demo.pcm not found, waiting...
demo.pcm not found, waiting...
demo.pcm not found, waiting...
demo.pcm not found, waiting...
demo.pcm not found, waiting...
demo.pcm not found, waiting...
demo.pcm not found, waiting...
demo.pcm not found, waiting...
demo.pcm not found, waiting...
demo.pcm not found, waiting...
demo.pcm not found, waiting...
demo.pcm not found, waiting...
demo.pcm not found, waiting...
demo.pcm not found, waiting...
demo.pcm not found, waiting...
demo.pcm not found, waiting...
demo.pcm not found, waiting...
demo.pcm not found, waiting...
demo.pcm not found, waiting...
demo.pcm not found, waiting...
demo.pcm not found, waiting...
demo.pcm not found, waiting...
demo.pcm not found, waiting...
demo.pcm not found, waiting...
demo.pcm not found, waiting...
demo.pcm not found, waiting...
demo.pcm not found, waiting...
demo.pcm not found, waiting...
demo.pcm not found, waiting...
demo.pcm not found, waiting...
demo.pcm not found, waiting...
demo.pcm not found, waiting...
demo.pcm not found, waiting...
demo.pcm not found, waiting...
demo.pcm not found, waiting...
demo.pcm not found, waiting...
demo.pcm not found, waiting...
demo.pcm not found, waiting...
demo.pcm not found, waiting...
demo.pcm not found, waiting...
demo.pcm not found, waiting...
demo.pcm not found, waiting...
demo.pcm not found, waiting...
demo.pcm not found, waiting...
demo.pcm not found, waiting...
demo.pcm not found, waiting...
demo.pcm not found, waiting...
demo.pcm not found, waiting...
demo.pcm not found, waiting...
demo.pcm not found, waiting...
demo.pcm not found, waiting...
demo.pcm not found, waiting...
demo.pcm not found, waiting...
demo.pcm not found, waiting...
demo.pcm not found, waiting...
demo.pcm not found, waiting...
demo.pcm not found, waiting...
demo.pcm not found, waiting...
demo.pcm not found, waiting...
demo.pcm not found, waiting...
demo.pcm not found, waiting...
demo.pcm not found, waiting...
demo.pcm not found, waiting...
demo.pcm not found, waiting...
demo.pcm not found, waiting...
demo.pcm not found, waiting...
demo.pcm not found, waiting...
demo.pcm not found, waiting...
demo.pcm not found, waiting...
demo.pcm not found, waiting...
demo.pcm not found, waiting...
demo.pcm not found, waiting...
demo.pcm not found, waiting...
demo.pcm not found, waiting...
demo.pcm not found, waiting...
demo.pcm not found, waiting...
demo.pcm not found, waiting...
demo.pcm not found, waiting...
demo.pcm not found, waiting...
demo.pcm not found, waiting...
demo.pcm not found, waiting...
demo.pcm not found, waiting...
demo.pcm not found, waiting...
demo.pcm not found, waiting...
demo.pcm not found, waiting...
demo.pcm not found, waiting...
demo.pcm not found, waiting...
demo.pcm not found, waiting...
demo.pcm not found, waiting...
demo.pcm not found, waiting...
demo.pcm not found, waiting...
demo.pcm not found, waiting...
demo.pcm not found, waiting...
demo.pcm not found, waiting...
demo.pcm not found, waiting...
demo.pcm not found, waiting...
demo.pcm not found, waiting...
demo.pcm not found, waiting...
demo.pcm not found, waiting...
demo.pcm not found, waiting...
demo.pcm not found, waiting...
demo.pcm not found, waiting...
demo.pcm not found, waiting...
demo.pcm not found, waiting...
demo.pcm not found, waiting...
demo.pcm not found, waiting...
demo.pcm not found, waiting...
demo.pcm not found, waiting...
demo.pcm not found, waiting...
demo.pcm not found, waiting...
demo.pcm not found, waiting...
demo.pcm not found, waiting...
demo.pcm not found, waiting...
demo.pcm not found, waiting...
demo.pcm not found, waiting...
demo.pcm not found, waiting...
demo.pcm not found, waiting...
demo.pcm not found, waiting...
demo.pcm not found, waiting...
demo.pcm not found, waiting...
demo.pcm not found, waiting...
demo.pcm not found, waiting...
demo.pcm not found, waiting...
demo.pcm not found, waiting...
demo.pcm not found, waiting...
demo.pcm not found, waiting...
demo.pcm not found, waiting...
demo.pcm not found, waiting...
demo.pcm not found, waiting...
demo.pcm not found, waiting...
demo.pcm not found, waiting...
demo.pcm not found, waiting...
demo.pcm not found, waiting...
demo.pcm not found, waiting...
demo.pcm not found, waiting...
demo.pcm not found, waiting...
demo.pcm not found, waiting...
demo.pcm not found, waiting...
demo.pcm not found, waiting...
demo.pcm not found, waiting...
demo.pcm not found, waiting...
demo.pcm not found, waiting...
demo.pcm not found, waiting...
demo.pcm not found, waiting...
demo.pcm not found, waiting...
demo.pcm not found, waiting...
demo.pcm not found, waiting...
demo.pcm not found, waiting...
demo.pcm not found, waiting...
demo.pcm not found, waiting...
demo.pcm not found, waiting...
demo.pcm not found, waiting...
demo.pcm not found, waiting...
demo.pcm not found, waiting...
demo.pcm not found, waiting...
demo.pcm not found, waiting...
demo.pcm not found, waiting...
demo.pcm not found, waiting...
demo.pcm not found, waiting...
demo.pcm not found, waiting...
demo.pcm not found, waiting...
demo.pcm not found, waiting...
demo.pcm not found, waiting...
demo.pcm not found, waiting...
demo.pcm not found, waiting...
demo.pcm not found, waiting...
demo.pcm not found, waiting...
demo.pcm not found, waiting...
demo.pcm not found, waiting...
demo.pcm not found, waiting...
demo.pcm not found, waiting...
demo.pcm not found, waiting...
demo.pcm not found, waiting...
demo.pcm not found, waiting...
demo.pcm not found, waiting...
demo.pcm not found, waiting...
demo.pcm not found, waiting...
demo.pcm not found, waiting...
demo.pcm not found, waiting...
demo.pcm not found, waiting...
demo.pcm not found, waiting...
demo.pcm not found, waiting...
demo.pcm not found, waiting...
demo.pcm not found, waiting...
demo.pcm not found, waiting...
demo.pcm not found, waiting...
demo.pcm not found, waiting...
demo.pcm not found, waiting...
demo.pcm not found, waiting...
demo.pcm not found, waiting...
demo.pcm not found, waiting...
demo.pcm not found, waiting...
demo.pcm not found, waiting...
demo.pcm not found, waiting...
demo.pcm not found, waiting...
demo.pcm not found, waiting...
demo.pcm not found, waiting...
demo.pcm not found, waiting...
demo.pcm not found, waiting...
demo.pcm not found, waiting...
demo.pcm not found, waiting...
demo.pcm not found, waiting...
demo.pcm not found, waiting...
demo.pcm not found, waiting...
demo.pcm not found, waiting...
demo.pcm not found, waiting...
demo.pcm not found, waiting...
demo.pcm not found, waiting...
demo.pcm not found, waiting...
demo.pcm not found, waiting...
demo.pcm not found, waiting...
demo.pcm not found, waiting...
demo.pcm not found, waiting...
demo.pcm not found, waiting...
demo.pcm not found, waiting...
demo.pcm not found, waiting...
demo.pcm not found, waiting...
demo.pcm not found, waiting...
demo.pcm not found, waiting...
demo.pcm not found, waiting...
demo.pcm not found, waiting...
demo.pcm not found, waiting...
demo.pcm not found, waiting...
demo.pcm not found, waiting...
demo.pcm not found, waiting...
demo.pcm not found, waiting...
demo.pcm not found, waiting...
demo.pcm not found, waiting...
demo.pcm not found, waiting...
demo.pcm not found, waiting...
demo.pcm not found, waiting...
demo.pcm not found, waiting...
demo.pcm not found, waiting...
demo.pcm not found, waiting...
demo.pcm not found, waiting...
demo.pcm not found, waiting...
demo.pcm not found, waiting...
demo.pcm not found, waiting...
demo.pcm not found, waiting...
demo.pcm not found, waiting...
demo.pcm not found, waiting...
demo.pcm not found, waiting...
demo.pcm not found, waiting...
demo.pcm not found, waiting...
demo.pcm not found, waiting...
demo.pcm not found, waiting...
demo.pcm not found, waiting...
demo.pcm not found, waiting...
demo.pcm not found, waiting...
demo.pcm not found, waiting...
demo.pcm not found, waiting...
demo.pcm not found, waiting...
demo.pcm not found, waiting...
demo.pcm not found, waiting...
demo.pcm not found, waiting...
demo.pcm not found, waiting...
demo.pcm not found, waiting...
demo.pcm not found, waiting...
demo.pcm not found, waiting...
demo.pcm not found, waiting...
demo.pcm not found, waiting...
demo.pcm not found, waiting...
demo.pcm not found, waiting...
demo.pcm not found, waiting...
demo.pcm not found, waiting...
demo.pcm not found, waiting...
demo.pcm not found, waiting...
demo.pcm not found, waiting...
demo.pcm not found, waiting...
demo.pcm not found, waiting...
demo.pcm not found, waiting...
demo.pcm not found, waiting...
demo.pcm not found, waiting...
demo.pcm not found, waiting...
demo.pcm not found, waiting...
demo.pcm not found, waiting...
demo.pcm not found, waiting...
demo.pcm not found, waiting...
demo.pcm not found, waiting...
demo.pcm not found, waiting...
demo.pcm not found, waiting...
demo.pcm not found, waiting...
demo.pcm not found, waiting...
demo.pcm not found, waiting...
demo.pcm not found, waiting...
demo.pcm not found, waiting...
demo.pcm not found, waiting...
demo.pcm not found, waiting...
demo.pcm not found, waiting...
demo.pcm not found, waiting...
demo.pcm not found, waiting...
demo.pcm not found, waiting...
demo.pcm not found, waiting...
demo.pcm not found, waiting...
demo.pcm not found, waiting...
demo.pcm not found, waiting...
demo.pcm not found, waiting...
demo.pcm not found, waiting...
demo.pcm not found, waiting...
demo.pcm not found, waiting...
demo.pcm not found, waiting...
demo.pcm not found, waiting...
demo.pcm not found, waiting...
demo.pcm not found, waiting...
demo.pcm not found, waiting...
demo.pcm not found, waiting...
demo.pcm not found, waiting...
demo.pcm not found, waiting...
demo.pcm not found, waiting...
demo.pcm not found, waiting...
demo.pcm not found, waiting...
demo.pcm not found, waiting...
demo.pcm not found, waiting...
demo.pcm not found, waiting...
demo.pcm not found, waiting...
demo.pcm not found, waiting...
demo.pcm not found, waiting...
demo.pcm not found, waiting...
demo.pcm not found, waiting...
demo.pcm not found, waiting...
demo.pcm not found, waiting...
demo.pcm not found, waiting...
demo.pcm not found, waiting...
demo.pcm not found, waiting...
demo.pcm not found, waiting...
demo.pcm not found, waiting...
demo.pcm not found, waiting...
demo.pcm not found, waiting...
demo.pcm not found, waiting...
demo.pcm not found, waiting...
demo.pcm not found, waiting...
demo.pcm not found, waiting...
demo.pcm not found, waiting...
demo.pcm not found, waiting...
demo.pcm not found, waiting...
demo.pcm not found, waiting...
demo.pcm not found, waiting...
demo.pcm not found, waiting...
demo.pcm not found, waiting...
demo.pcm not found, waiting...
demo.pcm not found, waiting...
demo.pcm not found, waiting...
demo.pcm not found, waiting...
demo.pcm not found, waiting...
demo.pcm not found, waiting...
demo.pcm not found, waiting...
demo.pcm not found, waiting...
demo.pcm not found, waiting...
demo.pcm not found, waiting...
demo.pcm not found, waiting...
demo.pcm not found, waiting...
demo.pcm not found, waiting...
demo.pcm not found, waiting...
demo.pcm not found, waiting...
demo.pcm not found, waiting...
demo.pcm not found, waiting...
demo.pcm not found, waiting...
demo.pcm not found, waiting...
demo.pcm not found, waiting...
demo.pcm not found, waiting...
demo.pcm not found, waiting...
demo.pcm not found, waiting...
demo.pcm not found, waiting...
demo.pcm not found, waiting...
demo.pcm not found, waiting...
demo.pcm not found, waiting...
demo.pcm not found, waiting...
demo.pcm not found, waiting...
demo.pcm not found, waiting...
demo.pcm not found, waiting...
demo.pcm not found, waiting...
demo.pcm not found, waiting...
demo.pcm not found, waiting...
demo.pcm not found, waiting...
demo.pcm not found, waiting...
demo.pcm not found, waiting...
demo.pcm not found, waiting...
demo.pcm not found, waiting...
demo.pcm not found, waiting...
demo.pcm not found, waiting...
demo.pcm not found, waiting...
demo.pcm not found, waiting...
demo.pcm not found, waiting...
demo.pcm not found, waiting...
demo.pcm not found, waiting...
demo.pcm not found, waiting...
demo.pcm not found, waiting...
demo.pcm not found, waiting...
demo.pcm not found, waiting...
demo.pcm not found, waiting...
demo.pcm not found, waiting...
demo.pcm not found, waiting...
demo.pcm not found, waiting...
demo.pcm not found, waiting...
demo.pcm not found, waiting...
demo.pcm not found, waiting...
demo.pcm not found, waiting...
demo.pcm not found, waiting...
demo.pcm not found, waiting...
demo.pcm not found, waiting...
demo.pcm not found, waiting...
demo.pcm not found, waiting...
demo.pcm not found, waiting...
demo.pcm not found, waiting...
demo.pcm not found, waiting...
demo.pcm not found, waiting...
demo.pcm not found, waiting...
demo.pcm not found, waiting...
demo.pcm not found, waiting...
demo.pcm not found, waiting...
demo.pcm not found, waiting...
demo.pcm not found, waiting...
demo.pcm not found, waiting...
demo.pcm not found, waiting...
demo.pcm not found, waiting...
demo.pcm not found, waiting...
demo.pcm not found, waiting...
demo.pcm not found, waiting...
demo.pcm not found, waiting...
demo.pcm not found, waiting...
demo.pcm not found, waiting...
demo.pcm not found, waiting...
demo.pcm not found, waiting...
demo.pcm not found, waiting...
demo.pcm not found, waiting...
demo.pcm not found, waiting...
demo.pcm not found, waiting...
demo.pcm not found, waiting...
demo.pcm not found, waiting...
demo.pcm not found, waiting...
demo.pcm not found, waiting...
demo.pcm not found, waiting...
demo.pcm not found, waiting...
demo.pcm not found, waiting...
demo.pcm not found, waiting...
demo.pcm not found, waiting...
demo.pcm not found, waiting...
demo.pcm not found, waiting...
demo.pcm not found, waiting...
demo.pcm not found, waiting...
demo.pcm not found, waiting...
demo.pcm not found, waiting...
demo.pcm not found, waiting...
demo.pcm not found, waiting...
demo.pcm not found, waiting...
demo.pcm not found, waiting...
demo.pcm not found, waiting...
demo.pcm not found, waiting...
demo.pcm not found, waiting...
demo.pcm not found, waiting...
demo.pcm not found, waiting...
demo.pcm not found, waiting...
demo.pcm not found, waiting...
demo.pcm not found, waiting...
demo.pcm not found, waiting...
demo.pcm not found, waiting...
demo.pcm not found, waiting...
demo.pcm not found, waiting...
demo.pcm not found, waiting...
demo.pcm not found, waiting...
demo.pcm not found, waiting...
demo.pcm not found, waiting...
demo.pcm not found, waiting...
demo.pcm not found, waiting...
demo.pcm not found, waiting...
demo.pcm not found, waiting...
demo.pcm not found, waiting...
demo.pcm not found, waiting...
demo.pcm not found, waiting...
demo.pcm not found, waiting...
demo.pcm not found, waiting...
demo.pcm not found, waiting...
demo.pcm not found, waiting...
demo.pcm not found, waiting...
demo.pcm not found, waiting...
demo.pcm not found, waiting...
demo.pcm not found, waiting...
demo.pcm not found, waiting...
demo.pcm not found, waiting...
demo.pcm not found, waiting...
demo.pcm not found, waiting...
demo.pcm not found, waiting...
demo.pcm not found, waiting...
demo.pcm not found, waiting...
demo.pcm not found, waiting...
demo.pcm not found, waiting...
demo.pcm not found, waiting...
demo.pcm not found, waiting...
demo.pcm not found, waiting...
demo.pcm not found, waiting...
demo.pcm not found, waiting...
demo.pcm not found, waiting...
demo.pcm not found, waiting...
demo.pcm not found, waiting...
demo.pcm not found, waiting...
demo.pcm not found, waiting...
demo.pcm not found, waiting...
demo.pcm not found, waiting...
demo.pcm not found, waiting...
demo.pcm not found, waiting...
demo.pcm not found, waiting...
demo.pcm not found, waiting...
demo.pcm not found, waiting...
demo.pcm not found, waiting...
demo.pcm not found, waiting...
demo.pcm not found, waiting...
demo.pcm not found, waiting...
demo.pcm not found, waiting...
demo.pcm not found, waiting...
demo.pcm not found, waiting...
demo.pcm not found, waiting...
demo.pcm not found, waiting...
demo.pcm not found, waiting...
demo.pcm not found, waiting...
demo.pcm not found, waiting...
demo.pcm not found, waiting...
demo.pcm not found, waiting...
demo.pcm not found, waiting...
demo.pcm not found, waiting...
demo.pcm not found, waiting...
demo.pcm not found, waiting...
demo.pcm not found, waiting...
demo.pcm not found, waiting...
demo.pcm not found, waiting...
demo.pcm not found, waiting...
demo.pcm not found, waiting...
demo.pcm not found, waiting...
demo.pcm not found, waiting...
demo.pcm not found, waiting...
demo.pcm not found, waiting...
demo.pcm not found, waiting...
demo.pcm not found, waiting...
demo.pcm not found, waiting...
demo.pcm not found, waiting...
demo.pcm not found, waiting...
demo.pcm not found, waiting...
demo.pcm not found, waiting...
demo.pcm not found, waiting...
demo.pcm not found, waiting...
demo.pcm not found, waiting...
demo.pcm not found, waiting...
demo.pcm not found, waiting...
demo.pcm not found, waiting...
demo.pcm not found, waiting...
demo.pcm not found, waiting...
demo.pcm not found, waiting...
demo.pcm not found, waiting...
demo.pcm not found, waiting...
demo.pcm not found, waiting...
demo.pcm not found, waiting...
demo.pcm not found, waiting...
demo.pcm not found, waiting...
demo.pcm not found, waiting...
demo.pcm not found, waiting...
demo.pcm not found, waiting...
demo.pcm not found, waiting...
demo.pcm not found, waiting...
demo.pcm not found, waiting...
demo.pcm not found, waiting...
demo.pcm not found, waiting...
demo.pcm not found, waiting...
demo.pcm not found, waiting...
demo.pcm not found, waiting...
demo.pcm not found, waiting...
demo.pcm not found, waiting...
demo.pcm not found, waiting...
demo.pcm not found, waiting...
demo.pcm not found, waiting...
demo.pcm not found, waiting...
demo.pcm not found, waiting...
demo.pcm not found, waiting...
demo.pcm not found, waiting...
demo.pcm not found, waiting...
demo.pcm not found, waiting...
demo.pcm not found, waiting...
demo.pcm not found, waiting...
demo.pcm not found, waiting...
demo.pcm not found, waiting...
demo.pcm not found, waiting...
demo.pcm not found, waiting...
demo.pcm not found, waiting...
demo.pcm not found, waiting...
demo.pcm not found, waiting...
demo.pcm not found, waiting...
demo.pcm not found, waiting...
demo.pcm not found, waiting...
demo.pcm not found, waiting...
demo.pcm not found, waiting...
demo.pcm not found, waiting...
demo.pcm not found, waiting...
demo.pcm not found, waiting...
demo.pcm not found, waiting...
demo.pcm not found, waiting...
demo.pcm not found, waiting...
demo.pcm not found, waiting...
demo.pcm not found, waiting...
demo.pcm not found, waiting...
demo.pcm not found, waiting...
demo.pcm not found, waiting...
demo.pcm not found, waiting...
demo.pcm not found, waiting...
demo.pcm not found, waiting...
demo.pcm not found, waiting...
demo.pcm not found, waiting...
demo.pcm not found, waiting...
demo.pcm not found, waiting...
demo.pcm not found, waiting...
demo.pcm not found, waiting...
demo.pcm not found, waiting...
demo.pcm not found, waiting...
demo.pcm not found, waiting...
demo.pcm not found, waiting...
demo.pcm not found, waiting...
demo.pcm not found, waiting...
demo.pcm not found, waiting...
demo.pcm not found, waiting...
demo.pcm not found, waiting...
demo.pcm not found, waiting...
demo.pcm not found, waiting...
demo.pcm not found, waiting...
demo.pcm not found, waiting...
demo.pcm not found, waiting...
demo.pcm not found, waiting...
demo.pcm not found, waiting...
demo.pcm not found, waiting...
demo.pcm not found, waiting...
demo.pcm not found, waiting...
demo.pcm not found, waiting...
demo.pcm not found, waiting...
demo.pcm not found, waiting...
demo.pcm not found, waiting...
demo.pcm not found, waiting...
demo.pcm not found, waiting...
demo.pcm not found, waiting...
demo.pcm not found, waiting...
demo.pcm not found, waiting...
demo.pcm not found, waiting...
demo.pcm not found, waiting...
demo.pcm not found, waiting...
demo.pcm not found, waiting...
demo.pcm not found, waiting...
demo.pcm not found, waiting...
demo.pcm not found, waiting...
demo.pcm not found, waiting...
demo.pcm not found, waiting...
demo.pcm not found, waiting...
demo.pcm not found, waiting...
demo.pcm not found, waiting...
demo.pcm not found, waiting...
demo.pcm not found, waiting...
demo.pcm not found, waiting...
demo.pcm not found, waiting...
demo.pcm not found, waiting...
demo.pcm not found, waiting...
demo.pcm not found, waiting...
demo.pcm not found, waiting...
demo.pcm not found, waiting...
demo.pcm not found, waiting...
demo.pcm not found, waiting...
demo.pcm not found, waiting...
demo.pcm not found, waiting...
demo.pcm not found, waiting...
demo.pcm not found, waiting...
demo.pcm not found, waiting...
demo.pcm not found, waiting...
demo.pcm not found, waiting...
demo.pcm not found, waiting...
demo.pcm not found, waiting...
demo.pcm not found, waiting...
demo.pcm not found, waiting...
demo.pcm not found, waiting...
demo.pcm not found, waiting...
demo.pcm not found, waiting...
demo.pcm not found, waiting...
demo.pcm not found, waiting...
demo.pcm not found, waiting...
demo.pcm not found, waiting...
demo.pcm not found, waiting...
demo.pcm not found, waiting...
demo.pcm not found, waiting...
demo.pcm not found, waiting...
demo.pcm not found, waiting...
demo.pcm not found, waiting...
demo.pcm not found, waiting...
demo.pcm not found, waiting...
demo.pcm not found, waiting...
demo.pcm not found, waiting...
demo.pcm not found, waiting...
demo.pcm not found, waiting...
demo.pcm not found, waiting...
demo.pcm not found, waiting...
demo.pcm not found, waiting...
demo.pcm not found, waiting...
demo.pcm not found, waiting...
demo.pcm not found, waiting...
demo.pcm not found, waiting...
demo.pcm not found, waiting...
demo.pcm not found, waiting...
demo.pcm not found, waiting...
demo.pcm not found, waiting...
demo.pcm not found, waiting...
demo.pcm not found, waiting...
demo.pcm not found, waiting...
demo.pcm not found, waiting...
demo.pcm not found, waiting...
demo.pcm not found, waiting...
demo.pcm not found, waiting...
demo.pcm not found, waiting...
demo.pcm not found, waiting...
demo.pcm not found, waiting...
demo.pcm not found, waiting...
demo.pcm not found, waiting...
demo.pcm not found, waiting...
demo.pcm not found, waiting...
demo.pcm not found, waiting...
demo.pcm not found, waiting...
demo.pcm not found, waiting...
demo.pcm not found, waiting...
demo.pcm not found, waiting...
demo.pcm not found, waiting...
demo.pcm not found, waiting...
demo.pcm not found, waiting...
demo.pcm not found, waiting...
demo.pcm not found, waiting...
demo.pcm not found, waiting...
demo.pcm not found, waiting...
demo.pcm not found, waiting...
demo.pcm not found, waiting...
demo.pcm not found, waiting...
demo.pcm not found, waiting...
demo.pcm not found, waiting...
demo.pcm not found, waiting...
demo.pcm not found, waiting...
demo.pcm not found, waiting...
demo.pcm not found, waiting...
demo.pcm not found, waiting...
demo.pcm not found, waiting...
demo.pcm not found, waiting...
demo.pcm not found, waiting...
demo.pcm not found, waiting...
demo.pcm not found, waiting...
demo.pcm not found, waiting...
demo.pcm not found, waiting...
demo.pcm not found, waiting...
demo.pcm not found, waiting...
demo.pcm not found, waiting...
demo.pcm not found, waiting...
demo.pcm not found, waiting...
demo.pcm not found, waiting...
demo.pcm not found, waiting...
demo.pcm not found, waiting...
demo.pcm not found, waiting...
demo.pcm not found, waiting...
demo.pcm not found, waiting...
demo.pcm not found, waiting...
demo.pcm not found, waiting...
demo.pcm not found, waiting...
demo.pcm not found, waiting...
demo.pcm not found, waiting...
demo.pcm not found, waiting...
demo.pcm not found, waiting...
demo.pcm not found, waiting...
demo.pcm not found, waiting...
demo.pcm not found, waiting...
demo.pcm not found, waiting...
demo.pcm not found, waiting...
demo.pcm not found, waiting...
demo.pcm not found, waiting...
demo.pcm not found, waiting...
demo.pcm not found, waiting...
demo.pcm not found, waiting...
demo.pcm not found, waiting...
demo.pcm not found, waiting...
demo.pcm not found, waiting...
demo.pcm not found, waiting...
demo.pcm not found, waiting...
demo.pcm not found, waiting...
demo.pcm not found, waiting...
demo.pcm not found, waiting...
demo.pcm not found, waiting...
demo.pcm not found, waiting...
demo.pcm not found, waiting...
demo.pcm not found, waiting...
demo.pcm not found, waiting...
demo.pcm not found, waiting...
demo.pcm not found, waiting...
demo.pcm not found, waiting...
demo.pcm not found, waiting...
demo.pcm not found, waiting...
demo.pcm not found, waiting...
demo.pcm not found, waiting...
demo.pcm not found, waiting...
demo.pcm not found, waiting...
demo.pcm not found, waiting...
demo.pcm not found, waiting...
demo.pcm not found, waiting...
demo.pcm not found, waiting...
demo.pcm not found, waiting...
demo.pcm not found, waiting...
demo.pcm not found, waiting...
demo.pcm not found, waiting...
demo.pcm not found, waiting...
demo.pcm not found, waiting...
demo.pcm not found, waiting...
demo.pcm not found, waiting...
demo.pcm not found, waiting...
demo.pcm not found, waiting...
demo.pcm not found, waiting...
demo.pcm not found, waiting...
demo.pcm not found, waiting...
demo.pcm not found, waiting...
demo.pcm not found, waiting...
demo.pcm not found, waiting...
demo.pcm not found, waiting...
demo.pcm not found, waiting...
demo.pcm not found, waiting...
demo.pcm not found, waiting...
demo.pcm not found, waiting...
demo.pcm not found, waiting...
demo.pcm not found, waiting...
demo.pcm not found, waiting...
demo.pcm not found, waiting...
demo.pcm not found, waiting...
demo.pcm not found, waiting...
demo.pcm not found, waiting...
demo.pcm not found, waiting...
demo.pcm not found, waiting...
demo.pcm not found, waiting...
demo.pcm not found, waiting...
demo.pcm not found, waiting...
demo.pcm not found, waiting...
demo.pcm not found, waiting...
demo.pcm not found, waiting...
demo.pcm not found, waiting...
demo.pcm not found, waiting...
demo.pcm not found, waiting...
demo.pcm not found, waiting...
demo.pcm not found, waiting...
demo.pcm not found, waiting...
demo.pcm not found, waiting...
demo.pcm not found, waiting...
demo.pcm not found, waiting...
demo.pcm not found, waiting...
demo.pcm not found, waiting...
demo.pcm not found, waiting...
demo.pcm not found, waiting...
demo.pcm not found, waiting...
demo.pcm not found, waiting...
demo.pcm not found, waiting...
demo.pcm not found, waiting...
demo.pcm not found, waiting...
demo.pcm not found, waiting...
demo.pcm not found, waiting...
demo.pcm not found, waiting...
demo.pcm not found, waiting...
demo.pcm not found, waiting...
demo.pcm not found, waiting...
demo.pcm not found, waiting...
demo.pcm not found, waiting...
demo.pcm not found, waiting...
demo.pcm not found, waiting...
demo.pcm not found, waiting...
demo.pcm not found, waiting...
demo.pcm not found, waiting...
demo.pcm not found, waiting...
demo.pcm not found, waiting...
demo.pcm not found, waiting...
demo.pcm not found, waiting...
demo.pcm not found, waiting...
demo.pcm not found, waiting...
demo.pcm not found, waiting...
demo.pcm not found, waiting...
demo.pcm not found, waiting...
demo.pcm not found, waiting...
demo.pcm not found, waiting...
demo.pcm not found, waiting...
demo.pcm not found, waiting...
demo.pcm not found, waiting...
demo.pcm not found, waiting...
demo.pcm not found, waiting...
demo.pcm not found, waiting...
demo.pcm not found, waiting...
demo.pcm not found, waiting...
demo.pcm not found, waiting...
demo.pcm not found, waiting...
demo.pcm not found, waiting...
demo.pcm not found, waiting...
demo.pcm not found, waiting...
demo.pcm not found, waiting...
demo.pcm not found, waiting...
demo.pcm not found, waiting...
demo.pcm not found, waiting...
demo.pcm not found, waiting...
demo.pcm not found, waiting...
demo.pcm not found, waiting...
demo.pcm not found, waiting...
demo.pcm not found, waiting...
demo.pcm not found, waiting...
demo.pcm not found, waiting...
demo.pcm not found, waiting...
demo.pcm not found, waiting...
demo.pcm not found, waiting...
demo.pcm not found, waiting...
demo.pcm not found, waiting...
demo.pcm not found, waiting...
demo.pcm not found, waiting...
demo.pcm not found, waiting...
demo.pcm not found, waiting...
demo.pcm not found, waiting...
demo.pcm not found, waiting...
demo.pcm not found, waiting...
demo.pcm not found, waiting...
demo.pcm not found, waiting...
demo.pcm not found, waiting...
demo.pcm not found, waiting...
demo.pcm not found, waiting...
demo.pcm not found, waiting...
demo.pcm not found, waiting...
demo.pcm not found, waiting...
demo.pcm not found, waiting...
demo.pcm not found, waiting...
demo.pcm not found, waiting...
demo.pcm not found, waiting...
demo.pcm not found, waiting...
demo.pcm not found, waiting...
demo.pcm not found, waiting...
demo.pcm not found, waiting...
demo.pcm not found, waiting...
demo.pcm not found, waiting...
demo.pcm not found, waiting...
demo.pcm not found, waiting...
demo.pcm not found, waiting...
demo.pcm not found, waiting...
demo.pcm not found, waiting...
demo.pcm not found, waiting...
demo.pcm not found, waiting...
demo.pcm not found, waiting...
demo.pcm not found, waiting...
demo.pcm not found, waiting...
demo.pcm not found, waiting...
demo.pcm not found, waiting...
demo.pcm not found, waiting...
demo.pcm not found, waiting...
demo.pcm not found, waiting...
demo.pcm not found, waiting...
demo.pcm not found, waiting...
demo.pcm not found, waiting...
demo.pcm not found, waiting...
demo.pcm not found, waiting...
demo.pcm not found, waiting...
demo.pcm not found, waiting...
demo.pcm not found, waiting...
demo.pcm not found, waiting...
demo.pcm not found, waiting...
demo.pcm not found, waiting...
demo.pcm not found, waiting...
demo.pcm not found, waiting...
demo.pcm not found, waiting...
demo.pcm not found, waiting...
demo.pcm not found, waiting...
demo.pcm not found, waiting...
demo.pcm not found, waiting...
demo.pcm not found, waiting...
demo.pcm not found, waiting...
demo.pcm not found, waiting...
demo.pcm not found, waiting...
demo.pcm not found, waiting...
demo.pcm not found, waiting...
demo.pcm not found, waiting...
demo.pcm not found, waiting...
demo.pcm not found, waiting...
demo.pcm not found, waiting...
demo.pcm not found, waiting...
demo.pcm not found, waiting...
demo.pcm not found, waiting...
demo.pcm not found, waiting...
demo.pcm not found, waiting...
demo.pcm not found, waiting...
demo.pcm not found, waiting...
demo.pcm not found, waiting...
demo.pcm not found, waiting...
demo.pcm not found, waiting...
demo.pcm not found, waiting...
demo.pcm not found, waiting...
demo.pcm not found, waiting...
demo.pcm not found, waiting...
demo.pcm not found, waiting...
demo.pcm not found, waiting...
demo.pcm not found, waiting...
demo.pcm not found, waiting...
demo.pcm not found, waiting...
demo.pcm not found, waiting...
demo.pcm not found, waiting...
demo.pcm not found, waiting...
demo.pcm not found, waiting...
demo.pcm not found, waiting...
demo.pcm not found, waiting...
demo.pcm not found, waiting...
demo.pcm not found, waiting...
demo.pcm not found, waiting...
demo.pcm not found, waiting...
demo.pcm not found, waiting...
demo.pcm not found, waiting...
demo.pcm not found, waiting...
demo.pcm not found, waiting...
demo.pcm not found, waiting...
demo.pcm not found, waiting...
demo.pcm not found, waiting...
demo.pcm not found, waiting...
demo.pcm not found, waiting...
demo.pcm not found, waiting...
demo.pcm not found, waiting...
demo.pcm not found, waiting...
demo.pcm not found, waiting...
demo.pcm not found, waiting...
demo.pcm not found, waiting...
demo.pcm not found, waiting...
demo.pcm not found, waiting...
demo.pcm not found, waiting...
demo.pcm not found, waiting...
demo.pcm not found, waiting...
demo.pcm not found, waiting...
demo.pcm not found, waiting...
demo.pcm not found, waiting...
demo.pcm not found, waiting...
demo.pcm not found, waiting...
demo.pcm not found, waiting...
demo.pcm not found, waiting...
demo.pcm not found, waiting...
demo.pcm not found, waiting...
demo.pcm not found, waiting...
demo.pcm not found, waiting...
demo.pcm not found, waiting...
demo.pcm not found, waiting...
demo.pcm not found, waiting...
demo.pcm not found, waiting...
demo.pcm not found, waiting...
demo.pcm not found, waiting...
demo.pcm not found, waiting...
demo.pcm not found, waiting...
demo.pcm not found, waiting...
demo.pcm not found, waiting...
demo.pcm not found, waiting...
demo.pcm not found, waiting...
demo.pcm not found, waiting...
demo.pcm not found, waiting...
demo.pcm not found, waiting...
demo.pcm not found, waiting...
demo.pcm not found, waiting...
demo.pcm not found, waiting...
demo.pcm not found, waiting...
demo.pcm not found, waiting...
demo.pcm not found, waiting...
demo.pcm not found, waiting...
demo.pcm not found, waiting...
demo.pcm not found, waiting...
demo.pcm not found, waiting...
demo.pcm not found, waiting...
demo.pcm not found, waiting...
demo.pcm not found, waiting...
demo.pcm not found, waiting...
demo.pcm not found, waiting...
demo.pcm not found, waiting...
demo.pcm not found, waiting...
demo.pcm not found, waiting...
demo.pcm not found, waiting...
demo.pcm not found, waiting...
demo.pcm not found, waiting...
demo.pcm not found, waiting...
demo.pcm not found, waiting...
demo.pcm not found, waiting...
demo.pcm not found, waiting...
demo.pcm not found, waiting...
demo.pcm not found, waiting...
demo.pcm not found, waiting...
demo.pcm not found, waiting...
demo.pcm not found, waiting...
demo.pcm not found, waiting...
demo.pcm not found, waiting...
demo.pcm not found, waiting...
demo.pcm not found, waiting...
demo.pcm not found, waiting...
demo.pcm not found, waiting...
demo.pcm not found, waiting...
demo.pcm not found, waiting...
demo.pcm not found, waiting...
demo.pcm not found, waiting...
demo.pcm not found, waiting...
demo.pcm not found, waiting...
demo.pcm not found, waiting...
demo.pcm not found, waiting...
demo.pcm not found, waiting...
demo.pcm not found, waiting...
demo.pcm not found, waiting...
demo.pcm not found, waiting...
demo.pcm not found, waiting...
demo.pcm not found, waiting...
demo.pcm not found, waiting...
demo.pcm not found, waiting...
demo.pcm not found, waiting...
demo.pcm not found, waiting...
demo.pcm not found, waiting...
demo.pcm not found, waiting...
demo.pcm not found, waiting...
demo.pcm not found, waiting...
demo.pcm not found, waiting...
demo.pcm not found, waiting...
demo.pcm not found, waiting...
demo.pcm not found, waiting...
demo.pcm not found, waiting...
demo.pcm not found, waiting...
demo.pcm not found, waiting...
demo.pcm not found, waiting...
demo.pcm not found, waiting...
demo.pcm not found, waiting...
demo.pcm not found, waiting...
demo.pcm not found, waiting...
demo.pcm not found, waiting...
demo.pcm not found, waiting...
demo.pcm not found, waiting...
demo.pcm not found, waiting...
demo.pcm not found, waiting...
demo.pcm not found, waiting...
demo.pcm not found, waiting...
demo.pcm not found, waiting...
demo.pcm not found, waiting...
demo.pcm not found, waiting...
demo.pcm not found, waiting...
demo.pcm not found, waiting...
demo.pcm not found, waiting...
demo.pcm not found, waiting...
demo.pcm not found, waiting...
demo.pcm not found, waiting...
demo.pcm not found, waiting...
demo.pcm not found, waiting...
demo.pcm not found, waiting...
demo.pcm not found, waiting...
demo.pcm not found, waiting...
demo.pcm not found, waiting...
demo.pcm not found, waiting...
demo.pcm not found, waiting...
demo.pcm not found, waiting...
demo.pcm not found, waiting...
demo.pcm not found, waiting...
demo.pcm not found, waiting...
demo.pcm not found, waiting...
demo.pcm not found, waiting...
demo.pcm not found, waiting...
demo.pcm not found, waiting...
demo.pcm not found, waiting...
demo.pcm not found, waiting...
demo.pcm not found, waiting...
demo.pcm not found, waiting...
demo.pcm not found, waiting...
demo.pcm not found, waiting...
demo.pcm not found, waiting...
demo.pcm not found, waiting...
demo.pcm not found, waiting...
demo.pcm not found, waiting...
demo.pcm not found, waiting...
demo.pcm not found, waiting...
demo.pcm not found, waiting...
demo.pcm not found, waiting...
demo.pcm not found, waiting...
demo.pcm not found, waiting...
demo.pcm not found, waiting...
demo.pcm not found, waiting...
demo.pcm not found, waiting...
demo.pcm not found, waiting...
demo.pcm not found, waiting...
demo.pcm not found, waiting...
demo.pcm not found, waiting...
demo.pcm not found, waiting...
demo.pcm not found, waiting...
demo.pcm not found, waiting...
demo.pcm not found, waiting...
demo.pcm not found, waiting...
demo.pcm not found, waiting...
demo.pcm not found, waiting...
demo.pcm not found, waiting...
demo.pcm not found, waiting...
demo.pcm not found, waiting...
demo.pcm not found, waiting...
demo.pcm not found, waiting...
demo.pcm not found, waiting...
demo.pcm not found, waiting...
demo.pcm not found, waiting...
demo.pcm not found, waiting...
demo.pcm not found, waiting...
demo.pcm not found, waiting...
demo.pcm not found, waiting...
demo.pcm not found, waiting...
demo.pcm not found, waiting...
demo.pcm not found, waiting...
demo.pcm not found, waiting...
demo.pcm not found, waiting...
demo.pcm not found, waiting...
demo.pcm not found, waiting...
demo.pcm not found, waiting...
demo.pcm not found, waiting...
demo.pcm not found, waiting...
demo.pcm not found, waiting...
demo.pcm not found, waiting...
demo.pcm not found, waiting...
demo.pcm not found, waiting...
demo.pcm not found, waiting...
demo.pcm not found, waiting...
demo.pcm not found, waiting...
demo.pcm not found, waiting...
demo.pcm not found, waiting...
demo.pcm not found, waiting...
demo.pcm not found, waiting...
demo.pcm not found, waiting...
demo.pcm not found, waiting...
demo.pcm not found, waiting...
demo.pcm not found, waiting...
demo.pcm not found, waiting...
demo.pcm not found, waiting...
demo.pcm not found, waiting...
demo.pcm not found, waiting...
demo.pcm not found, waiting...
demo.pcm not found, waiting...
demo.pcm not found, waiting...
demo.pcm not found, waiting...
demo.pcm not found, waiting...
demo.pcm not found, waiting...
demo.pcm not found, waiting...
demo.pcm not found, waiting...
demo.pcm not found, waiting...
demo.pcm not found, waiting...
demo.pcm not found, waiting...
demo.pcm not found, waiting...
demo.pcm not found, waiting...
demo.pcm not found, waiting...
demo.pcm not found, waiting...
demo.pcm not found, waiting...
demo.pcm not found, waiting...
demo.pcm not found, waiting...
demo.pcm not found, waiting...
demo.pcm not found, waiting...
demo.pcm not found, waiting...
demo.pcm not found, waiting...
demo.pcm not found, waiting...
demo.pcm not found, waiting...
demo.pcm not found, waiting...
demo.pcm not found, waiting...
demo.pcm not found, waiting...
demo.pcm not found, waiting...
demo.pcm not found, waiting...
demo.pcm not found, waiting...
demo.pcm not found, waiting...
demo.pcm not found, waiting...
demo.pcm not found, waiting...
demo.pcm not found, waiting...
demo.pcm not found, waiting...
demo.pcm not found, waiting...
demo.pcm not found, waiting...
demo.pcm not found, waiting...
demo.pcm not found, waiting...
demo.pcm not found, waiting...
demo.pcm not found, waiting...
demo.pcm not found, waiting...
demo.pcm not found, waiting...
demo.pcm not found, waiting...
demo.pcm not found, waiting...
demo.pcm not found, waiting...
demo.pcm not found, waiting...
demo.pcm not found, waiting...
demo.pcm not found, waiting...
demo.pcm not found, waiting...
demo.pcm not found, waiting...
demo.pcm not found, waiting...
demo.pcm not found, waiting...
demo.pcm not found, waiting...
demo.pcm not found, waiting...
demo.pcm not found, waiting...
demo.pcm not found, waiting...
demo.pcm not found, waiting...
demo.pcm not found, waiting...
demo.pcm not found, waiting...
demo.pcm not found, waiting...
demo.pcm not found, waiting...
demo.pcm not found, waiting...
demo.pcm not found, waiting...
demo.pcm not found, waiting...
demo.pcm not found, waiting...
demo.pcm not found, waiting...
demo.pcm not found, waiting...
demo.pcm not found, waiting...
demo.pcm not found, waiting...
demo.pcm not found, waiting...
demo.pcm not found, waiting...
demo.pcm not found, waiting...
demo.pcm not found, waiting...
demo.pcm not found, waiting...
demo.pcm not found, waiting...
demo.pcm not found, waiting...
demo.pcm not found, waiting...
demo.pcm not found, waiting...
demo.pcm not found, waiting...
demo.pcm not found, waiting...
demo.pcm not found, waiting...
demo.pcm not found, waiting...
demo.pcm not found, waiting...
demo.pcm not found, waiting...
demo.pcm not found, waiting...
demo.pcm not found, waiting...
demo.pcm not found, waiting...
demo.pcm not found, waiting...
demo.pcm not found, waiting...
demo.pcm not found, waiting...
demo.pcm not found, waiting...
demo.pcm not found, waiting...
demo.pcm not found, waiting...
demo.pcm not found, waiting...
demo.pcm not found, waiting...
demo.pcm not found, waiting...
demo.pcm not found, waiting...
demo.pcm not found, waiting...
demo.pcm not found, waiting...
demo.pcm not found, waiting...
demo.pcm not found, waiting...
demo.pcm not found, waiting...
demo.pcm not found, waiting...
demo.pcm not found, waiting...
demo.pcm not found, waiting...
demo.pcm not found, waiting...
demo.pcm not found, waiting...
demo.pcm not found, waiting...
demo.pcm not found, waiting...
demo.pcm not found, waiting...
demo.pcm not found, waiting...
demo.pcm not found, waiting...
demo.pcm not found, waiting...
demo.pcm not found, waiting...
demo.pcm not found, waiting...
demo.pcm not found, waiting...
demo.pcm not found, waiting...
demo.pcm not found, waiting...
demo.pcm not found, waiting...
demo.pcm not found, waiting...
demo.pcm not found, waiting...
demo.pcm not found, waiting...
demo.pcm not found, waiting...
demo.pcm not found, waiting...
demo.pcm not found, waiting...
demo.pcm not found, waiting...
demo.pcm not found, waiting...
demo.pcm not found, waiting...
demo.pcm not found, waiting...
demo.pcm not found, waiting...
demo.pcm not found, waiting...
demo.pcm not found, waiting...
demo.pcm not found, waiting...
demo.pcm not found, waiting...
demo.pcm not found, waiting...
demo.pcm not found, waiting...
demo.pcm not found, waiting...
demo.pcm not found, waiting...
demo.pcm not found, waiting...
demo.pcm not found, waiting...
demo.pcm not found, waiting...
demo.pcm not found, waiting...
demo.pcm not found, waiting...
demo.pcm not found, waiting...
demo.pcm not found, waiting...
demo.pcm not found, waiting...
demo.pcm not found, waiting...
demo.pcm not found, waiting...
demo.pcm not found, waiting...
demo.pcm not found, waiting...
demo.pcm not found, waiting...
demo.pcm not found, waiting...
demo.pcm not found, waiting...
demo.pcm not found, waiting...
demo.pcm not found, waiting...
demo.pcm not found, waiting...
demo.pcm not found, waiting...
demo.pcm not found, waiting...
demo.pcm not found, waiting...
demo.pcm not found, waiting...
demo.pcm not found, waiting...
demo.pcm not found, waiting...
demo.pcm not found, waiting...
demo.pcm not found, waiting...
demo.pcm not found, waiting...
demo.pcm not found, waiting...
demo.pcm not found, waiting...
demo.pcm not found, waiting...
demo.pcm not found, waiting...
demo.pcm not found, waiting...
demo.pcm not found, waiting...
demo.pcm not found, waiting...
demo.pcm not found, waiting...
demo.pcm not found, waiting...
demo.pcm not found, waiting...
demo.pcm not found, waiting...
demo.pcm not found, waiting...
demo.pcm not found, waiting...
demo.pcm not found, waiting...
demo.pcm not found, waiting...
demo.pcm not found, waiting...
demo.pcm not found, waiting...
demo.pcm not found, waiting...
demo.pcm not found, waiting...
demo.pcm not found, waiting...
demo.pcm not found, waiting...
demo.pcm not found, waiting...
demo.pcm not found, waiting...
demo.pcm not found, waiting...
demo.pcm not found, waiting...
demo.pcm not found, waiting...
demo.pcm not found, waiting...
demo.pcm not found, waiting...
demo.pcm not found, waiting...
demo.pcm not found, waiting...
demo.pcm not found, waiting...
demo.pcm not found, waiting...
demo.pcm not found, waiting...
demo.pcm not found, waiting...
demo.pcm not found, waiting...
demo.pcm not found, waiting...
demo.pcm not found, waiting...
demo.pcm not found, waiting...
demo.pcm not found, waiting...
demo.pcm not found, waiting...
demo.pcm not found, waiting...
demo.pcm not found, waiting...
demo.pcm not found, waiting...
demo.pcm not found, waiting...
demo.pcm not found, waiting...
demo.pcm not found, waiting...
demo.pcm not found, waiting...
demo.pcm not found, waiting...
demo.pcm not found, waiting...
demo.pcm not found, waiting...
demo.pcm not found, waiting...
demo.pcm not found, waiting...
demo.pcm not found, waiting...
demo.pcm not found, waiting...
demo.pcm not found, waiting...
demo.pcm not found, waiting...
demo.pcm not found, waiting...
demo.pcm not found, waiting...
demo.pcm not found, waiting...
demo.pcm not found, waiting...
demo.pcm not found, waiting...
demo.pcm not found, waiting...
demo.pcm not found, waiting...
demo.pcm not found, waiting...
demo.pcm not found, waiting...
demo.pcm not found, waiting...
demo.pcm not found, waiting...
demo.pcm not found, waiting...
demo.pcm not found, waiting...
demo.pcm not found, waiting...
demo.pcm not found, waiting...
demo.pcm not found, waiting...
demo.pcm not found, waiting...
demo.pcm not found, waiting...
demo.pcm not found, waiting...
demo.pcm not found, waiting...
demo.pcm not found, waiting...
demo.pcm not found, waiting...
demo.pcm not found, waiting...
demo.pcm not found, waiting...
demo.pcm not found, waiting...
demo.pcm not found, waiting...
demo.pcm not found, waiting...
demo.pcm not found, waiting...
demo.pcm not found, waiting...
demo.pcm not found, waiting...
demo.pcm not found, waiting...
demo.pcm not found, waiting...
demo.pcm not found, waiting...
demo.pcm not found, waiting...
demo.pcm not found, waiting...
demo.pcm not found, waiting...
demo.pcm not found, waiting...
demo.pcm not found, waiting...
demo.pcm not found, waiting...
demo.pcm not found, waiting...
demo.pcm not found, waiting...
demo.pcm not found, waiting...
demo.pcm not found, waiting...
demo.pcm not found, waiting...
demo.pcm not found, waiting...
demo.pcm not found, waiting...
demo.pcm not found, waiting...
demo.pcm not found, waiting...
demo.pcm not found, waiting...
demo.pcm not found, waiting...
demo.pcm not found, waiting...
demo.pcm not found, waiting...
demo.pcm not found, waiting...
demo.pcm not found, waiting...
demo.pcm not found, waiting...
demo.pcm not found, waiting...
demo.pcm not found, waiting...
demo.pcm not found, waiting...
demo.pcm not found, waiting...
demo.pcm not found, waiting...
demo.pcm not found, waiting...
demo.pcm not found, waiting...
demo.pcm not found, waiting...
demo.pcm not found, waiting...
demo.pcm not found, waiting...
demo.pcm not found, waiting...
demo.pcm not found, waiting...
demo.pcm not found, waiting...
demo.pcm not found, waiting...
demo.pcm not found, waiting...
demo.pcm not found, waiting...
demo.pcm not found, waiting...
demo.pcm not found, waiting...
demo.pcm not found, waiting...
demo.pcm not found, waiting...
demo.pcm not found, waiting...
demo.pcm not found, waiting...
demo.pcm not found, waiting...
demo.pcm not found, waiting...
demo.pcm not found, waiting...
demo.pcm not found, waiting...
demo.pcm not found, waiting...
demo.pcm not found, waiting...
demo.pcm not found, waiting...
demo.pcm not found, waiting...
demo.pcm not found, waiting...
demo.pcm not found, waiting...
demo.pcm not found, waiting...
demo.pcm not found, waiting...
demo.pcm not found, waiting...
demo.pcm not found, waiting...
demo.pcm not found, waiting...
demo.pcm not found, waiting...
demo.pcm not found, waiting...
demo.pcm not found, waiting...
demo.pcm not found, waiting...
demo.pcm not found, waiting...
demo.pcm not found, waiting...
demo.pcm not found, waiting...
demo.pcm not found, waiting...
demo.pcm not found, waiting...
demo.pcm not found, waiting...
demo.pcm not found, waiting...
demo.pcm not found, waiting...
demo.pcm not found, waiting...
demo.pcm not found, waiting...
demo.pcm not found, waiting...
demo.pcm not found, waiting...
demo.pcm not found, waiting...
demo.pcm not found, waiting...
demo.pcm not found, waiting...
demo.pcm not found, waiting...
demo.pcm not found, waiting...
demo.pcm not found, waiting...
demo.pcm not found, waiting...
demo.pcm not found, waiting...
demo.pcm not found, waiting...
demo.pcm not found, waiting...
demo.pcm not found, waiting...
demo.pcm not found, waiting...
demo.pcm not found, waiting...
demo.pcm not found, waiting...
demo.pcm not found, waiting...
demo.pcm not found, waiting...
demo.pcm not found, waiting...
demo.pcm not found, waiting...
demo.pcm not found, waiting...
demo.pcm not found, waiting...
demo.pcm not found, waiting...
demo.pcm not found, waiting...
demo.pcm not found, waiting...
demo.pcm not found, waiting...
demo.pcm not found, waiting...
demo.pcm not found, waiting...
demo.pcm not found, waiting...
demo.pcm not found, waiting...
demo.pcm not found, waiting...
demo.pcm not found, waiting...
demo.pcm not found, waiting...
demo.pcm not found, waiting...
demo.pcm not found, waiting...
demo.pcm not found, waiting...
demo.pcm not found, waiting...
demo.pcm not found, waiting...
demo.pcm not found, waiting...
demo.pcm not found, waiting...
demo.pcm not found, waiting...
demo.pcm not found, waiting...
demo.pcm not found, waiting...
demo.pcm not found, waiting...
demo.pcm not found, waiting...
demo.pcm not found, waiting...
demo.pcm not found, waiting...
demo.pcm not found, waiting...
demo.pcm not found, waiting...
demo.pcm not found, waiting...
demo.pcm not found, waiting...
demo.pcm not found, waiting...
demo.pcm not found, waiting...
demo.pcm not found, waiting...
demo.pcm not found, waiting...
demo.pcm not found, waiting...
demo.pcm not found, waiting...
demo.pcm not found, waiting...
demo.pcm not found, waiting...
demo.pcm not found, waiting...
demo.pcm not found, waiting...
demo.pcm not found, waiting...
demo.pcm not found, waiting...
demo.pcm not found, waiting...
demo.pcm not found, waiting...
demo.pcm not found, waiting...
demo.pcm not found, waiting...
demo.pcm not found, waiting...
demo.pcm not found, waiting...
demo.pcm not found, waiting...
demo.pcm not found, waiting...
demo.pcm not found, waiting...
demo.pcm not found, waiting...
demo.pcm not found, waiting...
demo.pcm not found, waiting...
demo.pcm not found, waiting...
demo.pcm not found, waiting...
demo.pcm not found, waiting...
demo.pcm not found, waiting...
demo.pcm not found, waiting...
demo.pcm not found, waiting...
demo.pcm not found, waiting...
demo.pcm not found, waiting...
demo.pcm not found, waiting...
demo.pcm not found, waiting...
demo.pcm not found, waiting...
demo.pcm not found, waiting...
demo.pcm not found, waiting...
demo.pcm not found, waiting...
demo.pcm not found, waiting...
demo.pcm not found, waiting...
demo.pcm not found, waiting...
demo.pcm not found, waiting...
demo.pcm not found, waiting...
demo.pcm not found, waiting...
demo.pcm not found, waiting...
demo.pcm not found, waiting...
demo.pcm not found, waiting...
demo.pcm not found, waiting...
demo.pcm not found, waiting...
demo.pcm not found, waiting...
demo.pcm not found, waiting...
demo.pcm not found, waiting...
demo.pcm not found, waiting...
demo.pcm not found, waiting...
demo.pcm not found, waiting...
demo.pcm not found, waiting...
demo.pcm not found, waiting...
demo.pcm not found, waiting...
demo.pcm not found, waiting...
demo.pcm not found, waiting...
demo.pcm not found, waiting...
demo.pcm not found, waiting...
demo.pcm not found, waiting...
demo.pcm not found, waiting...
demo.pcm not found, waiting...
demo.pcm not found, waiting...
demo.pcm not found, waiting...
demo.pcm not found, waiting...
demo.pcm not found, waiting...
demo.pcm not found, waiting...
demo.pcm not found, waiting...
demo.pcm not found, waiting...
demo.pcm not found, waiting...
demo.pcm not found, waiting...
demo.pcm not found, waiting...
demo.pcm not found, waiting...
demo.pcm not found, waiting...
demo.pcm not found, waiting...
demo.pcm not found, waiting...
demo.pcm not found, waiting...
demo.pcm not found, waiting...
demo.pcm not found, waiting...
demo.pcm not found, waiting...
demo.pcm not found, waiting...
demo.pcm not found, waiting...
demo.pcm not found, waiting...
demo.pcm not found, waiting...
demo.pcm not found, waiting...
demo.pcm not found, waiting...
demo.pcm not found, waiting...
demo.pcm not found, waiting...
demo.pcm not found, waiting...
demo.pcm not found, waiting...
demo.pcm not found, waiting...
demo.pcm not found, waiting...
demo.pcm not found, waiting...
demo.pcm not found, waiting...
demo.pcm not found, waiting...
demo.pcm not found, waiting...
demo.pcm not found, waiting...
demo.pcm not found, waiting...
demo.pcm not found, waiting...
demo.pcm not found, waiting...
demo.pcm not found, waiting...
demo.pcm not found, waiting...
demo.pcm not found, waiting...
demo.pcm not found, waiting...
demo.pcm not found, waiting...
demo.pcm not found, waiting...
demo.pcm not found, waiting...
demo.pcm not found, waiting...
demo.pcm not found, waiting...
demo.pcm not found, waiting...
demo.pcm not found, waiting...
demo.pcm not found, waiting...
demo.pcm not found, waiting...
demo.pcm not found, waiting...
demo.pcm not found, waiting...
demo.pcm not found, waiting...
demo.pcm not found, waiting...
demo.pcm not found, waiting...
demo.pcm not found, waiting...
demo.pcm not found, waiting...
demo.pcm not found, waiting...
demo.pcm not found, waiting...
demo.pcm not found, waiting...
demo.pcm not found, waiting...
demo.pcm not found, waiting...
demo.pcm not found, waiting...
demo.pcm not found, waiting...
demo.pcm not found, waiting...
demo.pcm not found, waiting...
demo.pcm not found, waiting...
demo.pcm not found, waiting...
demo.pcm not found, waiting...
demo.pcm not found, waiting...
demo.pcm not found, waiting...
demo.pcm not found, waiting...
demo.pcm not found, waiting...
demo.pcm not found, waiting...
demo.pcm not found, waiting...
demo.pcm not found, waiting...
demo.pcm not found, waiting...
demo.pcm not found, waiting...
demo.pcm not found, waiting...
demo.pcm not found, waiting...
demo.pcm not found, waiting...
demo.pcm not found, waiting...
demo.pcm not found, waiting...
demo.pcm not found, waiting...
demo.pcm not found, waiting...
demo.pcm not found, waiting...
demo.pcm not found, waiting...
demo.pcm not found, waiting...
demo.pcm not found, waiting...
demo.pcm not found, waiting...
demo.pcm not found, waiting...
demo.pcm not found, waiting...
demo.pcm not found, waiting...
demo.pcm not found, waiting...
demo.pcm not found, waiting...
demo.pcm not found, waiting...
demo.pcm not found, waiting...
demo.pcm not found, waiting...
demo.pcm not found, waiting...
demo.pcm not found, waiting...
demo.pcm not found, waiting...
demo.pcm not found, waiting...
demo.pcm not found, waiting...
demo.pcm not found, waiting...
demo.pcm not found, waiting...
demo.pcm not found, waiting...
demo.pcm not found, waiting...
demo.pcm not found, waiting...
demo.pcm not found, waiting...
demo.pcm not found, waiting...
demo.pcm not found, waiting...
demo.pcm not found, waiting...
demo.pcm not found, waiting...
demo.pcm not found, waiting...
demo.pcm not found, waiting...
demo.pcm not found, waiting...
demo.pcm not found, waiting...
demo.pcm not found, waiting...
demo.pcm not found, waiting...
demo.pcm not found, waiting...
demo.pcm not found, waiting...
demo.pcm not found, waiting...
demo.pcm not found, waiting...
demo.pcm not found, waiting...
demo.pcm not found, waiting...
demo.pcm not found, waiting...
demo.pcm not found, waiting...
demo.pcm not found, waiting...
demo.pcm not found, waiting...
demo.pcm not found, waiting...
demo.pcm not found, waiting...
demo.pcm not found, waiting...
demo.pcm not found, waiting...
demo.pcm not found, waiting...
demo.pcm not found, waiting...
demo.pcm not found, waiting...
demo.pcm not found, waiting...
demo.pcm not found, waiting...
demo.pcm not found, waiting...
demo.pcm not found, waiting...
demo.pcm not found, waiting...
demo.pcm not found, waiting...
demo.pcm not found, waiting...
demo.pcm not found, waiting...
demo.pcm not found, waiting...
demo.pcm not found, waiting...
demo.pcm not found, waiting...
demo.pcm not found, waiting...
demo.pcm not found, waiting...
demo.pcm not found, waiting...
demo.pcm not found, waiting...
demo.pcm not found, waiting...
demo.pcm not found, waiting...
demo.pcm not found, waiting...
demo.pcm not found, waiting...
demo.pcm not found, waiting...
demo.pcm not found, waiting...
demo.pcm not found, waiting...
demo.pcm not found, waiting...
demo.pcm not found, waiting...
demo.pcm not found, waiting...
demo.pcm not found, waiting...
demo.pcm not found, waiting...
demo.pcm not found, waiting...
demo.pcm not found, waiting...
demo.pcm not found, waiting...
demo.pcm not found, waiting...
demo.pcm not found, waiting...
demo.pcm not found, waiting...
demo.pcm not found, waiting...
demo.pcm not found, waiting...
demo.pcm not found, waiting...
demo.pcm not found, waiting...
demo.pcm not found, waiting...
demo.pcm not found, waiting...
demo.pcm not found, waiting...
demo.pcm not found, waiting...
demo.pcm not found, waiting...
demo.pcm not found, waiting...
demo.pcm not found, waiting...
demo.pcm not found, waiting...
demo.pcm not found, waiting...
demo.pcm not found, waiting...
demo.pcm not found, waiting...
demo.pcm not found, waiting...
demo.pcm not found, waiting...
demo.pcm not found, waiting...
demo.pcm not found, waiting...
demo.pcm not found, waiting...
demo.pcm not found, waiting...
demo.pcm not found, waiting...
demo.pcm not found, waiting...
demo.pcm not found, waiting...
demo.pcm not found, waiting...
demo.pcm not found, waiting...
demo.pcm not found, waiting...
demo.pcm not found, waiting...
demo.pcm not found, waiting...
demo.pcm not found, waiting...
demo.pcm not found, waiting...
demo.pcm not found, waiting...
demo.pcm not found, waiting...
demo.pcm not found, waiting...
demo.pcm not found, waiting...
demo.pcm not found, waiting...
demo.pcm not found, waiting...
demo.pcm not found, waiting...
demo.pcm not found, waiting...
demo.pcm not found, waiting...
demo.pcm not found, waiting...
demo.pcm not found, waiting...
demo.pcm not found, waiting...
demo.pcm not found, waiting...
demo.pcm not found, waiting...
demo.pcm not found, waiting...
demo.pcm not found, waiting...
demo.pcm not found, waiting...
demo.pcm not found, waiting...
demo.pcm not found, waiting...
demo.pcm not found, waiting...
demo.pcm not found, waiting...
demo.pcm not found, waiting...
demo.pcm not found, waiting...
demo.pcm not found, waiting...
demo.pcm not found, waiting...
demo.pcm not found, waiting...
demo.pcm not found, waiting...
demo.pcm not found, waiting...
demo.pcm not found, waiting...
demo.pcm not found, waiting...
demo.pcm not found, waiting...
demo.pcm not found, waiting...
demo.pcm not found, waiting...
demo.pcm not found, waiting...
demo.pcm not found, waiting...
demo.pcm not found, waiting...
demo.pcm not found, waiting...
demo.pcm not found, waiting...
demo.pcm not found, waiting...
demo.pcm not found, waiting...
demo.pcm not found, waiting...
demo.pcm not found, waiting...
demo.pcm not found, waiting...
demo.pcm not found, waiting...
demo.pcm not found, waiting...
demo.pcm not found, waiting...
demo.pcm not found, waiting...
demo.pcm not found, waiting...
demo.pcm not found, waiting...
demo.pcm not found, waiting...
demo.pcm not found, waiting...
demo.pcm not found, waiting...
demo.pcm not found, waiting...
demo.pcm not found, waiting...
demo.pcm not found, waiting...
demo.pcm not found, waiting...
demo.pcm not found, waiting...
demo.pcm not found, waiting...
demo.pcm not found, waiting...
demo.pcm not found, waiting...
demo.pcm not found, waiting...
demo.pcm not found, waiting...
demo.pcm not found, waiting...
demo.pcm not found, waiting...
demo.pcm not found, waiting...
demo.pcm not found, waiting...
demo.pcm not found, waiting...
demo.pcm not found, waiting...
demo.pcm not found, waiting...
demo.pcm not found, waiting...
demo.pcm not found, waiting...
demo.pcm not found, waiting...
demo.pcm not found, waiting...
demo.pcm not found, waiting...
demo.pcm not found, waiting...
demo.pcm not found, waiting...
demo.pcm not found, waiting...
demo.pcm not found, waiting...
demo.pcm not found, waiting...
demo.pcm not found, waiting...
demo.pcm not found, waiting...
demo.pcm not found, waiting...
demo.pcm not found, waiting...
demo.pcm not found, waiting...
demo.pcm not found, waiting...
demo.pcm not found, waiting...
demo.pcm not found, waiting...
demo.pcm not found, waiting...
demo.pcm not found, waiting...
demo.pcm not found, waiting...
demo.pcm not found, waiting...
demo.pcm not found, waiting...
demo.pcm not found, waiting...
demo.pcm not found, waiting...
demo.pcm not found, waiting...
demo.pcm not found, waiting...
demo.pcm not found, waiting...
demo.pcm not found, waiting...
demo.pcm not found, waiting...
demo.pcm not found, waiting...
demo.pcm not found, waiting...
demo.pcm not found, waiting...
demo.pcm not found, waiting...
demo.pcm not found, waiting...
demo.pcm not found, waiting...
demo.pcm not found, waiting...
demo.pcm not found, waiting...
demo.pcm not found, waiting...
demo.pcm not found, waiting...
demo.pcm not found, waiting...
demo.pcm not found, waiting...
demo.pcm not found, waiting...
demo.pcm not found, waiting...
demo.pcm not found, waiting...
demo.pcm not found, waiting...
demo.pcm not found, waiting...
demo.pcm not found, waiting...
demo.pcm not found, waiting...
demo.pcm not found, waiting...
demo.pcm not found, waiting...
demo.pcm not found, waiting...
demo.pcm not found, waiting...
demo.pcm not found, waiting...
demo.pcm not found, waiting...
demo.pcm not found, waiting...
demo.pcm not found, waiting...
demo.pcm not found, waiting...
demo.pcm not found, waiting...
demo.pcm not found, waiting...
demo.pcm not found, waiting...
demo.pcm not found, waiting...
demo.pcm not found, waiting...
demo.pcm not found, waiting...
demo.pcm not found, waiting...
demo.pcm not found, waiting...
demo.pcm not found, waiting...
demo.pcm not found, waiting...
demo.pcm not found, waiting...
demo.pcm not found, waiting...
demo.pcm not found, waiting...
demo.pcm not found, waiting...
demo.pcm not found, waiting...
demo.pcm not found, waiting...
demo.pcm not found, waiting...
demo.pcm not found, waiting...
demo.pcm not found, waiting...
demo.pcm not found, waiting...
demo.pcm not found, waiting...
demo.pcm not found, waiting...
demo.pcm not found, waiting...
demo.pcm not found, waiting...
demo.pcm not found, waiting...
demo.pcm not found, waiting...
demo.pcm not found, waiting...
demo.pcm not found, waiting...
demo.pcm not found, waiting...
demo.pcm not found, waiting...
demo.pcm not found, waiting...
demo.pcm not found, waiting...
demo.pcm not found, waiting...
demo.pcm not found, waiting...
demo.pcm not found, waiting...
demo.pcm not found, waiting...
demo.pcm not found, waiting...
demo.pcm not found, waiting...
demo.pcm not found, waiting...
demo.pcm not found, waiting...
demo.pcm not found, waiting...
demo.pcm not found, waiting...
demo.pcm not found, waiting...
demo.pcm not found, waiting...
demo.pcm not found, waiting...
demo.pcm not found, waiting...
demo.pcm not found, waiting...
demo.pcm not found, waiting...
demo.pcm not found, waiting...
demo.pcm not found, waiting...
demo.pcm not found, waiting...
demo.pcm not found, waiting...
demo.pcm not found, waiting...
demo.pcm not found, waiting...
demo.pcm not found, waiting...
demo.pcm not found, waiting...
demo.pcm not found, waiting...
demo.pcm not found, waiting...
demo.pcm not found, waiting...
demo.pcm not found, waiting...
demo.pcm not found, waiting...
demo.pcm not found, waiting...
demo.pcm not found, waiting...
demo.pcm not found, waiting...
demo.pcm not found, waiting...
demo.pcm not found, waiting...
demo.pcm not found, waiting...
demo.pcm not found, waiting...
demo.pcm not found, waiting...
demo.pcm not found, waiting...
demo.pcm not found, waiting...
demo.pcm not found, waiting...
demo.pcm not found, waiting...
demo.pcm not found, waiting...
demo.pcm not found, waiting...
demo.pcm not found, waiting...
demo.pcm not found, waiting...
demo.pcm not found, waiting...
demo.pcm not found, waiting...
demo.pcm not found, waiting...
demo.pcm not found, waiting...
demo.pcm not found, waiting...
demo.pcm not found, waiting...
demo.pcm not found, waiting...
demo.pcm not found, waiting...
demo.pcm not found, waiting...
demo.pcm not found, waiting...
demo.pcm not found, waiting...
demo.pcm not found, waiting...
demo.pcm not found, waiting...
demo.pcm not found, waiting...
demo.pcm not found, waiting...
demo.pcm not found, waiting...
demo.pcm not found, waiting...
demo.pcm not found, waiting...
demo.pcm not found, waiting...
demo.pcm not found, waiting...
demo.pcm not found, waiting...
demo.pcm not found, waiting...
demo.pcm not found, waiting...
demo.pcm not found, waiting...
demo.pcm not found, waiting...
demo.pcm not found, waiting...
demo.pcm not found, waiting...
demo.pcm not found, waiting...
demo.pcm not found, waiting...
demo.pcm not found, waiting...
demo.pcm not found, waiting...
demo.pcm not found, waiting...
demo.pcm not found, waiting...
demo.pcm not found, waiting...
demo.pcm not found, waiting...
demo.pcm not found, waiting...
demo.pcm not found, waiting...
demo.pcm not found, waiting...
demo.pcm not found, waiting...
demo.pcm not found, waiting...
demo.pcm not found, waiting...
demo.pcm not found, waiting...
demo.pcm not found, waiting...
demo.pcm not found, waiting...
demo.pcm not found, waiting...
demo.pcm not found, waiting...
demo.pcm not found, waiting...
demo.pcm not found, waiting...
demo.pcm not found, waiting...
demo.pcm not found, waiting...
demo.pcm not found, waiting...
demo.pcm not found, waiting...
demo.pcm not found, waiting...
demo.pcm not found, waiting...
demo.pcm not found, waiting...
demo.pcm not found, waiting...
demo.pcm not found, waiting...
demo.pcm not found, waiting...
demo.pcm not found, waiting...
demo.pcm not found, waiting...
demo.pcm not found, waiting...
demo.pcm not found, waiting...
demo.pcm not found, waiting...
demo.pcm not found, waiting...
demo.pcm not found, waiting...
demo.pcm not found, waiting...
demo.pcm not found, waiting...
demo.pcm not found, waiting...
demo.pcm not found, waiting...
demo.pcm not found, waiting...
demo.pcm not found, waiting...
demo.pcm not found, waiting...
demo.pcm not found, waiting...
demo.pcm not found, waiting...
demo.pcm not found, waiting...
demo.pcm not found, waiting...
demo.pcm not found, waiting...
demo.pcm not found, waiting...
demo.pcm not found, waiting...
demo.pcm not found, waiting...
demo.pcm not found, waiting...
demo.pcm not found, waiting...
demo.pcm not found, waiting...
demo.pcm not found, waiting...
demo.pcm not found, waiting...
demo.pcm not found, waiting...
demo.pcm not found, waiting...
demo.pcm not found, waiting...
demo.pcm not found, waiting...
demo.pcm not found, waiting...
demo.pcm not found, waiting...
demo.pcm not found, waiting...
demo.pcm not found, waiting...
demo.pcm not found, waiting...
demo.pcm not found, waiting...
demo.pcm not found, waiting...
demo.pcm not found, waiting...
demo.pcm not found, waiting...
demo.pcm not found, waiting...
demo.pcm not found, waiting...
demo.pcm not found, waiting...
demo.pcm not found, waiting...
demo.pcm not found, waiting...
demo.pcm not found, waiting...
demo.pcm not found, waiting...
demo.pcm not found, waiting...
demo.pcm not found, waiting...
demo.pcm not found, waiting...
demo.pcm not found, waiting...
demo.pcm not found, waiting...
demo.pcm not found, waiting...
demo.pcm not found, waiting...
demo.pcm not found, waiting...
demo.pcm not found, waiting...
demo.pcm not found, waiting...
demo.pcm not found, waiting...
demo.pcm not found, waiting...
demo.pcm not found, waiting...
demo.pcm not found, waiting...
demo.pcm not found, waiting...
demo.pcm not found, waiting...
demo.pcm not found, waiting...
demo.pcm not found, waiting...
demo.pcm not found, waiting...
demo.pcm not found, waiting...
demo.pcm not found, waiting...
demo.pcm not found, waiting...
demo.pcm not found, waiting...
demo.pcm not found, waiting...
demo.pcm not found, waiting...
demo.pcm not found, waiting...
demo.pcm not found, waiting...
demo.pcm not found, waiting...
demo.pcm not found, waiting...
demo.pcm not found, waiting...
demo.pcm not found, waiting...
demo.pcm not found, waiting...
demo.pcm not found, waiting...
demo.pcm not found, waiting...
demo.pcm not found, waiting...
demo.pcm not found, waiting...
demo.pcm not found, waiting...
demo.pcm not found, waiting...
demo.pcm not found, waiting...
demo.pcm not found, waiting...
demo.pcm not found, waiting...
demo.pcm not found, waiting...
demo.pcm not found, waiting...
demo.pcm not found, waiting...
demo.pcm not found, waiting...
demo.pcm not found, waiting...
demo.pcm not found, waiting...
demo.pcm not found, waiting...
demo.pcm not found, waiting...
demo.pcm not found, waiting...
demo.pcm not found, waiting...
demo.pcm not found, waiting...
demo.pcm not found, waiting...
demo.pcm not found, waiting...
demo.pcm not found, waiting...
demo.pcm not found, waiting...
demo.pcm not found, waiting...
demo.pcm not found, waiting...
demo.pcm not found, waiting...
demo.pcm not found, waiting...
demo.pcm not found, waiting...
demo.pcm not found, waiting...
demo.pcm not found, waiting...
demo.pcm not found, waiting...
demo.pcm not found, waiting...
demo.pcm not found, waiting...
demo.pcm not found, waiting...
demo.pcm not found, waiting...
demo.pcm not found, waiting...
demo.pcm not found, waiting...
demo.pcm not found, waiting...
demo.pcm not found, waiting...
demo.pcm not found, waiting...
demo.pcm not found, waiting...
demo.pcm not found, waiting...
demo.pcm not found, waiting...
demo.pcm not found, waiting...
demo.pcm not found, waiting...
demo.pcm not found, waiting...
demo.pcm not found, waiting...
demo.pcm not found, waiting...
demo.pcm not found, waiting...
demo.pcm not found, waiting...
demo.pcm not found, waiting...
demo.pcm not found, waiting...
demo.pcm not found, waiting...
demo.pcm not found, waiting...
demo.pcm not found, waiting...
demo.pcm not found, waiting...
demo.pcm not found, waiting...
demo.pcm not found, waiting...
demo.pcm not found, waiting...
demo.pcm not found, waiting...
demo.pcm not found, waiting...
demo.pcm not found, waiting...
demo.pcm not found, waiting...
demo.pcm not found, waiting...
demo.pcm not found, waiting...
demo.pcm not found, waiting...
demo.pcm not found, waiting...
demo.pcm not found, waiting...
demo.pcm not found, waiting...
demo.pcm not found, waiting...
demo.pcm not found, waiting...
demo.pcm not found, waiting...
demo.pcm not found, waiting...
demo.pcm not found, waiting...
demo.pcm not found, waiting...
demo.pcm not found, waiting...
demo.pcm not found, waiting...
demo.pcm not found, waiting...
demo.pcm not found, waiting...
demo.pcm not found, waiting...
demo.pcm not found, waiting...
demo.pcm not found, waiting...
demo.pcm not found, waiting...
demo.pcm not found, waiting...
demo.pcm not found, waiting...
demo.pcm not found, waiting...
demo.pcm not found, waiting...
demo.pcm not found, waiting...
demo.pcm not found, waiting...
demo.pcm not found, waiting...
demo.pcm not found, waiting...
demo.pcm not found, waiting...
demo.pcm not found, waiting...
demo.pcm not found, waiting...
demo.pcm not found, waiting...
demo.pcm not found, waiting...
demo.pcm not found, waiting...
demo.pcm not found, waiting...
demo.pcm not found, waiting...
demo.pcm not found, waiting...
demo.pcm not found, waiting...
demo.pcm not found, waiting...
demo.pcm not found, waiting...
demo.pcm not found, waiting...
demo.pcm not found, waiting...
demo.pcm not found, waiting...
demo.pcm not found, waiting...
demo.pcm not found, waiting...
demo.pcm not found, waiting...
demo.pcm not found, waiting...
demo.pcm not found, waiting...
demo.pcm not found, waiting...
demo.pcm not found, waiting...
demo.pcm not found, waiting...
demo.pcm not found, waiting...
demo.pcm not found, waiting...
demo.pcm not found, waiting...
demo.pcm not found, waiting...
demo.pcm not found, waiting...
demo.pcm not found, waiting...
demo.pcm not found, waiting...
demo.pcm not found, waiting...
demo.pcm not found, waiting...
demo.pcm not found, waiting...
demo.pcm not found, waiting...
demo.pcm not found, waiting...
demo.pcm not found, waiting...
demo.pcm not found, waiting...
demo.pcm not found, waiting...
demo.pcm not found, waiting...
demo.pcm not found, waiting...
demo.pcm not found, waiting...
demo.pcm not found, waiting...
demo.pcm not found, waiting...
demo.pcm not found, waiting...
demo.pcm not found, waiting...
demo.pcm not found, waiting...
demo.pcm not found, waiting...
demo.pcm not found, waiting...
demo.pcm not found, waiting...
demo.pcm not found, waiting...
demo.pcm not found, waiting...
demo.pcm not found, waiting...
demo.pcm not found, waiting...
demo.pcm not found, waiting...
demo.pcm not found, waiting...
demo.pcm not found, waiting...
demo.pcm not found, waiting...
demo.pcm not found, waiting...
demo.pcm not found, waiting...
demo.pcm not found, waiting...
demo.pcm not found, waiting...
demo.pcm not found, waiting...
demo.pcm not found, waiting...
demo.pcm not found, waiting...
demo.pcm not found, waiting...
demo.pcm not found, waiting...
demo.pcm not found, waiting...
demo.pcm not found, waiting...
demo.pcm not found, waiting...
demo.pcm not found, waiting...
demo.pcm not found, waiting...
demo.pcm not found, waiting...
demo.pcm not found, waiting...
demo.pcm not found, waiting...
demo.pcm not found, waiting...
demo.pcm not found, waiting...
demo.pcm not found, waiting...
demo.pcm not found, waiting...
demo.pcm not found, waiting...
demo.pcm not found, waiting...
demo.pcm not found, waiting...
demo.pcm not found, waiting...
demo.pcm not found, waiting...
demo.pcm not found, waiting...
demo.pcm not found, waiting...
demo.pcm not found, waiting...
demo.pcm not found, waiting...
demo.pcm not found, waiting...
demo.pcm not found, waiting...
demo.pcm not found, waiting...
demo.pcm not found, waiting...
demo.pcm not found, waiting...
demo.pcm not found, waiting...
demo.pcm not found, waiting...
demo.pcm not found, waiting...
demo.pcm not found, waiting...
demo.pcm not found, waiting...
demo.pcm not found, waiting...
demo.pcm not found, waiting...
demo.pcm not found, waiting...
demo.pcm not found, waiting...
demo.pcm not found, waiting...
demo.pcm not found, waiting...
demo.pcm not found, waiting...
demo.pcm not found, waiting...
demo.pcm not found, waiting...
demo.pcm not found, waiting...
demo.pcm not found, waiting...
demo.pcm not found, waiting...
demo.pcm not found, waiting...
demo.pcm not found, waiting...
demo.pcm not found, waiting...
demo.pcm not found, waiting...
demo.pcm not found, waiting...
demo.pcm not found, waiting...
demo.pcm not found, waiting...
demo.pcm not found, waiting...
demo.pcm not found, waiting...
demo.pcm not found, waiting...
demo.pcm not found, waiting...
demo.pcm not found, waiting...
demo.pcm not found, waiting...
demo.pcm not found, waiting...
demo.pcm not found, waiting...
demo.pcm not found, waiting...
demo.pcm not found, waiting...
demo.pcm not found, waiting...
demo.pcm not found, waiting...
demo.pcm not found, waiting...
demo.pcm not found, waiting...
demo.pcm not found, waiting...
demo.pcm not found, waiting...
demo.pcm not found, waiting...
demo.pcm not found, waiting...
demo.pcm not found, waiting...
demo.pcm not found, waiting...
demo.pcm not found, waiting...
demo.pcm not found, waiting...
demo.pcm not found, waiting...
demo.pcm not found, waiting...
demo.pcm not found, waiting...
demo.pcm not found, waiting...
demo.pcm not found, waiting...
demo.pcm not found, waiting...
demo.pcm not found, waiting...
demo.pcm not found, waiting...
demo.pcm not found, waiting...
demo.pcm not found, waiting...
demo.pcm not found, waiting...
demo.pcm not found, waiting...
demo.pcm not found, waiting...
demo.pcm not found, waiting...
demo.pcm not found, waiting...
demo.pcm not found, waiting...
demo.pcm not found, waiting...
demo.pcm not found, waiting...
demo.pcm not found, waiting...
demo.pcm not found, waiting...
demo.pcm not found, waiting...
demo.pcm not found, waiting...
demo.pcm not found, waiting...
demo.pcm not found, waiting...
demo.pcm not found, waiting...
demo.pcm not found, waiting...
demo.pcm not found, waiting...
demo.pcm not found, waiting...
demo.pcm not found, waiting...
demo.pcm not found, waiting...
demo.pcm not found, waiting...
demo.pcm not found, waiting...
demo.pcm not found, waiting...
demo.pcm not found, waiting...
demo.pcm not found, waiting...
demo.pcm not found, waiting...
demo.pcm not found, waiting...
demo.pcm not found, waiting...
demo.pcm not found, waiting...
demo.pcm not found, waiting...
demo.pcm not found, waiting...
demo.pcm not found, waiting...
demo.pcm not found, waiting...
demo.pcm not found, waiting...
demo.pcm not found, waiting...
demo.pcm not found, waiting...
demo.pcm not found, waiting...
demo.pcm not found, waiting...
demo.pcm not found, waiting...
demo.pcm not found, waiting...
demo.pcm not found, waiting...
demo.pcm not found, waiting...
demo.pcm not found, waiting...
demo.pcm not found, waiting...
demo.pcm not found, waiting...
demo.pcm not found, waiting...
demo.pcm not found, waiting...
demo.pcm not found, waiting...
demo.pcm not found, waiting...
demo.pcm not found, waiting...
demo.pcm not found, waiting...
demo.pcm not found, waiting...
demo.pcm not found, waiting...
demo.pcm not found, waiting...
demo.pcm not found, waiting...
demo.pcm not found, waiting...
demo.pcm not found, waiting...
demo.pcm not found, waiting...
demo.pcm not found, waiting...
demo.pcm not found, waiting...
demo.pcm not found, waiting...
demo.pcm not found, waiting...
demo.pcm not found, waiting...
demo.pcm not found, waiting...
demo.pcm not found, waiting...
demo.pcm not found, waiting...
demo.pcm not found, waiting...
demo.pcm not found, waiting...
demo.pcm not found, waiting...
demo.pcm not found, waiting...
demo.pcm not found, waiting...
demo.pcm not found, waiting...
demo.pcm not found, waiting...
demo.pcm not found, waiting...
demo.pcm not found, waiting...
demo.pcm not found, waiting...
demo.pcm not found, waiting...
demo.pcm not found, waiting...
demo.pcm not found, waiting...
demo.pcm not found, waiting...
demo.pcm not found, waiting...
demo.pcm not found, waiting...
demo.pcm not found, waiting...
demo.pcm not found, waiting...
demo.pcm not found, waiting...
demo.pcm not found, waiting...
demo.pcm not found, waiting...
demo.pcm not found, waiting...
demo.pcm not found, waiting...
demo.pcm not found, waiting...
demo.pcm not found, waiting...
demo.pcm not found, waiting...
demo.pcm not found, waiting...
demo.pcm not found, waiting...
demo.pcm not found, waiting...
demo.pcm not found, waiting...
demo.pcm not found, waiting...
demo.pcm not found, waiting...
demo.pcm not found, waiting...
demo.pcm not found, waiting...
demo.pcm not found, waiting...
demo.pcm not found, waiting...
demo.pcm not found, waiting...
demo.pcm not found, waiting...
demo.pcm not found, waiting...
demo.pcm not found, waiting...
demo.pcm not found, waiting...
demo.pcm not found, waiting...
demo.pcm not found, waiting...
demo.pcm not found, waiting...
demo.pcm not found, waiting...
demo.pcm not found, waiting...
demo.pcm not found, waiting...
demo.pcm not found, waiting...
demo.pcm not found, waiting...
demo.pcm not found, waiting...
demo.pcm not found, waiting...
demo.pcm not found, waiting...
demo.pcm not found, waiting...
demo.pcm not found, waiting...
demo.pcm not found, waiting...
demo.pcm not found, waiting...
demo.pcm not found, waiting...
demo.pcm not found, waiting...
demo.pcm not found, waiting...
demo.pcm not found, waiting...
demo.pcm not found, waiting...
demo.pcm not found, waiting...
demo.pcm not found, waiting...
demo.pcm not found, waiting...
demo.pcm not found, waiting...
demo.pcm not found, waiting...
demo.pcm not found, waiting...
demo.pcm not found, waiting...
demo.pcm not found, waiting...
demo.pcm not found, waiting...
demo.pcm not found, waiting...
demo.pcm not found, waiting...
demo.pcm not found, waiting...
demo.pcm not found, waiting...
demo.pcm not found, waiting...
demo.pcm not found, waiting...
demo.pcm not found, waiting...
demo.pcm not found, waiting...
demo.pcm not found, waiting...
demo.pcm not found, waiting...
demo.pcm not found, waiting...
demo.pcm not found, waiting...
demo.pcm not found, waiting...
demo.pcm not found, waiting...
demo.pcm not found, waiting...
demo.pcm not found, waiting...
demo.pcm not found, waiting...
demo.pcm not found, waiting...
demo.pcm not found, waiting...
demo.pcm not found, waiting...
demo.pcm not found, waiting...
demo.pcm not found, waiting...
demo.pcm not found, waiting...
demo.pcm not found, waiting...
demo.pcm not found, waiting...
demo.pcm not found, waiting...
demo.pcm not found, waiting...
demo.pcm not found, waiting...
demo.pcm not found, waiting...
demo.pcm not found, waiting...
demo.pcm not found, waiting...
demo.pcm not found, waiting...
demo.pcm not found, waiting...
demo.pcm not found, waiting...
demo.pcm not found, waiting...
demo.pcm not found, waiting...
demo.pcm not found, waiting...
demo.pcm not found, waiting...
demo.pcm not found, waiting...
demo.pcm not found, waiting...
demo.pcm not found, waiting...
demo.pcm not found, waiting...
demo.pcm not found, waiting...
demo.pcm not found, waiting...
demo.pcm not found, waiting...
demo.pcm not found, waiting...
demo.pcm not found, waiting...
demo.pcm not found, waiting...
demo.pcm not found, waiting...
demo.pcm not found, waiting...
demo.pcm not found, waiting...
demo.pcm not found, waiting...
demo.pcm not found, waiting...
demo.pcm not found, waiting...
demo.pcm not found, waiting...
demo.pcm not found, waiting...
demo.pcm not found, waiting...
demo.pcm not found, waiting...
demo.pcm not found, waiting...
demo.pcm not found, waiting...
demo.pcm not found, waiting...
demo.pcm not found, waiting...
demo.pcm not found, waiting...
demo.pcm not found, waiting...
demo.pcm not found, waiting...
demo.pcm not found, waiting...
demo.pcm not found, waiting...
demo.pcm not found, waiting...
demo.pcm not found, waiting...
demo.pcm not found, waiting...
demo.pcm not found, waiting...
demo.pcm not found, waiting...
demo.pcm not found, waiting...
demo.pcm not found, waiting...
demo.pcm not found, waiting...
demo.pcm not found, waiting...
demo.pcm not found, waiting...
demo.pcm not found, waiting...
demo.pcm not found, waiting...
demo.pcm not found, waiting...
demo.pcm not found, waiting...
demo.pcm not found, waiting...
demo.pcm not found, waiting...
demo.pcm not found, waiting...
demo.pcm not found, waiting...
demo.pcm not found, waiting...
demo.pcm not found, waiting...
demo.pcm not found, waiting...
demo.pcm not found, waiting...
demo.pcm not found, waiting...
demo.pcm not found, waiting...
demo.pcm not found, waiting...
demo.pcm not found, waiting...
demo.pcm not found, waiting...
demo.pcm not found, waiting...
demo.pcm not found, waiting...
demo.pcm not found, waiting...
demo.pcm not found, waiting...
demo.pcm not found, waiting...
demo.pcm not found, waiting...
demo.pcm not found, waiting...
demo.pcm not found, waiting...
demo.pcm not found, waiting...
demo.pcm not found, waiting...
demo.pcm not found, waiting...
demo.pcm not found, waiting...
demo.pcm not found, waiting...
demo.pcm not found, waiting...
demo.pcm not found, waiting...
demo.pcm not found, waiting...
demo.pcm not found, waiting...
demo.pcm not found, waiting...
demo.pcm not found, waiting...
demo.pcm not found, waiting...
demo.pcm not found, waiting...
demo.pcm not found, waiting...
demo.pcm not found, waiting...
demo.pcm not found, waiting...
demo.pcm not found, waiting...
demo.pcm not found, waiting...
demo.pcm not found, waiting...
demo.pcm not found, waiting...
demo.pcm not found, waiting...
demo.pcm not found, waiting...
demo.pcm not found, waiting...
demo.pcm not found, waiting...
demo.pcm not found, waiting...
demo.pcm not found, waiting...
demo.pcm not found, waiting...
demo.pcm not found, waiting...
demo.pcm not found, waiting...
demo.pcm not found, waiting...
demo.pcm not found, waiting...
demo.pcm not found, waiting...
demo.pcm not found, waiting...
demo.pcm not found, waiting...
demo.pcm not found, waiting...
demo.pcm not found, waiting...
demo.pcm not found, waiting...
demo.pcm not found, waiting...
demo.pcm not found, waiting...
demo.pcm not found, waiting...
demo.pcm not found, waiting...
demo.pcm not found, waiting...
demo.pcm not found, waiting...
demo.pcm not found, waiting...
demo.pcm not found, waiting...
demo.pcm not found, waiting...
demo.pcm not found, waiting...
demo.pcm not found, waiting...
demo.pcm not found, waiting...
demo.pcm not found, waiting...
demo.pcm not found, waiting...
demo.pcm not found, waiting...
demo.pcm not found, waiting...
demo.pcm not found, waiting...
demo.pcm not found, waiting...
demo.pcm not found, waiting...
demo.pcm not found, waiting...
demo.pcm not found, waiting...
demo.pcm not found, waiting...
demo.pcm not found, waiting...
demo.pcm not found, waiting...
demo.pcm not found, waiting...
demo.pcm not found, waiting...
demo.pcm not found, waiting...
demo.pcm not found, waiting...
demo.pcm not found, waiting...
demo.pcm not found, waiting...
demo.pcm not found, waiting...
demo.pcm not found, waiting...
demo.pcm not found, waiting...
demo.pcm not found, waiting...
demo.pcm not found, waiting...
demo.pcm not found, waiting...
demo.pcm not found, waiting...
demo.pcm not found, waiting...
demo.pcm not found, waiting...
demo.pcm not found, waiting...
demo.pcm not found, waiting...
demo.pcm not found, waiting...
demo.pcm not found, waiting...
demo.pcm not found, waiting...
demo.pcm not found, waiting...
demo.pcm not found, waiting...
demo.pcm not found, waiting...
demo.pcm not found, waiting...
demo.pcm not found, waiting...
demo.pcm not found, waiting...
demo.pcm not found, waiting...
demo.pcm not found, waiting...
demo.pcm not found, waiting...
demo.pcm not found, waiting...
demo.pcm not found, waiting...
demo.pcm not found, waiting...
demo.pcm not found, waiting...
demo.pcm not found, waiting...
demo.pcm not found, waiting...
demo.pcm not found, waiting...
demo.pcm not found, waiting...
demo.pcm not found, waiting...
demo.pcm not found, waiting...
demo.pcm not found, waiting...
demo.pcm not found, waiting...
demo.pcm not found, waiting...
demo.pcm not found, waiting...
demo.pcm not found, waiting...
demo.pcm not found, waiting...
demo.pcm not found, waiting...
demo.pcm not found, waiting...
demo.pcm not found, waiting...
demo.pcm not found, waiting...
demo.pcm not found, waiting...
demo.pcm not found, waiting...
demo.pcm not found, waiting...
demo.pcm not found, waiting...
demo.pcm not found, waiting...
demo.pcm not found, waiting...
demo.pcm not found, waiting...
demo.pcm not found, waiting...
demo.pcm not found, waiting...
demo.pcm not found, waiting...
demo.pcm not found, waiting...
demo.pcm not found, waiting...
demo.pcm not found, waiting...
demo.pcm not found, waiting...
demo.pcm not found, waiting...
demo.pcm not found, waiting...
demo.pcm not found, waiting...
demo.pcm not found, waiting...
demo.pcm not found, waiting...
demo.pcm not found, waiting...
demo.pcm not found, waiting...
demo.pcm not found, waiting...
demo.pcm not found, waiting...
demo.pcm not found, waiting...
demo.pcm not found, waiting...
demo.pcm not found, waiting...
demo.pcm not found, waiting...
demo.pcm not found, waiting...
demo.pcm not found, waiting...
demo.pcm not found, waiting...
demo.pcm not found, waiting...
demo.pcm not found, waiting...
demo.pcm not found, waiting...
demo.pcm not found, waiting...
demo.pcm not found, waiting...
demo.pcm not found, waiting...
demo.pcm not found, waiting...
demo.pcm not found, waiting...
demo.pcm not found, waiting...
demo.pcm not found, waiting...
demo.pcm not found, waiting...
demo.pcm not found, waiting...
demo.pcm not found, waiting...
demo.pcm not found, waiting...
demo.pcm not found, waiting...
demo.pcm not found, waiting...
demo.pcm not found, waiting...
demo.pcm not found, waiting...
demo.pcm not found, waiting...
demo.pcm not found, waiting...
demo.pcm not found, waiting...
demo.pcm not found, waiting...
demo.pcm not found, waiting...
demo.pcm not found, waiting...
demo.pcm not found, waiting...
demo.pcm not found, waiting...
demo.pcm not found, waiting...
demo.pcm not found, waiting...
demo.pcm not found, waiting...
demo.pcm not found, waiting...
demo.pcm not found, waiting...
demo.pcm not found, waiting...
demo.pcm not found, waiting...
demo.pcm not found, waiting...
demo.pcm not found, waiting...
demo.pcm not found, waiting...
demo.pcm not found, waiting...
demo.pcm not found, waiting...
demo.pcm not found, waiting...
demo.pcm not found, waiting...
demo.pcm not found, waiting...
demo.pcm not found, waiting...
demo.pcm not found, waiting...
demo.pcm not found, waiting...
demo.pcm not found, waiting...
demo.pcm not found, waiting...
demo.pcm not found, waiting...
demo.pcm not found, waiting...
demo.pcm not found, waiting...
demo.pcm not found, waiting...
demo.pcm not found, waiting...
demo.pcm not found, waiting...
demo.pcm not found, waiting...
demo.pcm not found, waiting...
demo.pcm not found, waiting...
demo.pcm not found, waiting...
demo.pcm not found, waiting...
demo.pcm not found, waiting...
demo.pcm not found, waiting...
demo.pcm not found, waiting...
demo.pcm not found, waiting...
demo.pcm not found, waiting...
demo.pcm not found, waiting...
demo.pcm not found, waiting...
demo.pcm not found, waiting...
demo.pcm not found, waiting...
demo.pcm not found, waiting...
demo.pcm not found, waiting...
demo.pcm not found, waiting...
demo.pcm not found, waiting...
demo.pcm not found, waiting...
demo.pcm not found, waiting...
demo.pcm not found, waiting...
demo.pcm not found, waiting...
demo.pcm not found, waiting...
demo.pcm not found, waiting...
demo.pcm not found, waiting...
demo.pcm not found, waiting...
demo.pcm not found, waiting...
demo.pcm not found, waiting...
demo.pcm not found, waiting...
demo.pcm not found, waiting...
demo.pcm not found, waiting...
demo.pcm not found, waiting...
demo.pcm not found, waiting...
demo.pcm not found, waiting...
demo.pcm not found, waiting...
demo.pcm not found, waiting...
demo.pcm not found, waiting...
demo.pcm not found, waiting...
demo.pcm not found, waiting...
demo.pcm not found, waiting...
demo.pcm not found, waiting...
demo.pcm not found, waiting...
demo.pcm not found, waiting...
demo.pcm not found, waiting...
demo.pcm not found, waiting...
demo.pcm not found, waiting...
demo.pcm not found, waiting...
demo.pcm not found, waiting...
demo.pcm not found, waiting...
demo.pcm not found, waiting...
demo.pcm not found, waiting...
demo.pcm not found, waiting...
demo.pcm not found, waiting...
demo.pcm not found, waiting...
demo.pcm not found, waiting...
demo.pcm not found, waiting...
demo.pcm not found, waiting...
demo.pcm not found, waiting...
demo.pcm not found, waiting...
demo.pcm not found, waiting...
demo.pcm not found, waiting...
demo.pcm not found, waiting...
demo.pcm not found, waiting...
demo.pcm not found, waiting...
demo.pcm not found, waiting...
demo.pcm not found, waiting...
demo.pcm not found, waiting...
demo.pcm not found, waiting...
demo.pcm not found, waiting...
demo.pcm not found, waiting...
demo.pcm not found, waiting...
demo.pcm not found, waiting...
demo.pcm not found, waiting...
demo.pcm not found, waiting...
demo.pcm not found, waiting...
demo.pcm not found, waiting...
demo.pcm not found, waiting...
demo.pcm not found, waiting...
demo.pcm not found, waiting...
demo.pcm not found, waiting...
demo.pcm not found, waiting...
demo.pcm not found, waiting...
demo.pcm not found, waiting...
demo.pcm not found, waiting...
demo.pcm not found, waiting...
demo.pcm not found, waiting...
demo.pcm not found, waiting...
demo.pcm not found, waiting...
demo.pcm not found, waiting...
demo.pcm not found, waiting...
demo.pcm not found, waiting...
demo.pcm not found, waiting...
demo.pcm not found, waiting...
demo.pcm not found, waiting...
demo.pcm not found, waiting...
demo.pcm not found, waiting...
demo.pcm not found, waiting...
demo.pcm not found, waiting...
demo.pcm not found, waiting...
demo.pcm not found, waiting...
demo.pcm not found, waiting...
demo.pcm not found, waiting...
demo.pcm not found, waiting...
demo.pcm not found, waiting...
demo.pcm not found, waiting...
demo.pcm not found, waiting...
demo.pcm not found, waiting...
demo.pcm not found, waiting...
demo.pcm not found, waiting...
demo.pcm not found, waiting...
demo.pcm not found, waiting...
demo.pcm not found, waiting...
demo.pcm not found, waiting...
demo.pcm not found, waiting...
demo.pcm not found, waiting...
demo.pcm not found, waiting...
demo.pcm not found, waiting...
demo.pcm not found, waiting...
demo.pcm not found, waiting...
demo.pcm not found, waiting...
demo.pcm not found, waiting...
demo.pcm not found, waiting...
demo.pcm not found, waiting...
demo.pcm not found, waiting...
demo.pcm not found, waiting...
demo.pcm not found, waiting...
demo.pcm not found, waiting...
demo.pcm not found, waiting...
demo.pcm not found, waiting...
demo.pcm not found, waiting...
demo.pcm not found, waiting...
demo.pcm not found, waiting...
demo.pcm not found, waiting...
demo.pcm not found, waiting...
demo.pcm not found, waiting...
demo.pcm not found, waiting...
demo.pcm not found, waiting...
demo.pcm not found, waiting...
demo.pcm not found, waiting...
demo.pcm not found, waiting...
demo.pcm not found, waiting...
demo.pcm not found, waiting...
demo.pcm not found, waiting...
demo.pcm not found, waiting...
demo.pcm not found, waiting...
demo.pcm not found, waiting...
demo.pcm not found, waiting...
demo.pcm not found, waiting...
demo.pcm not found, waiting...
demo.pcm not found, waiting...
demo.pcm not found, waiting...
demo.pcm not found, waiting...
demo.pcm not found, waiting...
demo.pcm not found, waiting...
demo.pcm not found, waiting...
demo.pcm not found, waiting...
demo.pcm not found, waiting...
demo.pcm not found, waiting...
demo.pcm not found, waiting...
demo.pcm not found, waiting...
demo.pcm not found, waiting...
demo.pcm not found, waiting...
demo.pcm not found, waiting...
demo.pcm not found, waiting...
demo.pcm not found, waiting...
demo.pcm not found, waiting...
demo.pcm not found, waiting...
demo.pcm not found, waiting...
demo.pcm not found, waiting...
demo.pcm not found, waiting...
demo.pcm not found, waiting...
demo.pcm not found, waiting...
demo.pcm not found, waiting...
demo.pcm not found, waiting...
demo.pcm not found, waiting...
demo.pcm not found, waiting...
demo.pcm not found, waiting...
demo.pcm not found, waiting...
demo.pcm not found, waiting...
demo.pcm not found, waiting...
demo.pcm not found, waiting...
demo.pcm not found, waiting...
demo.pcm not found, waiting...
demo.pcm not found, waiting...
demo.pcm not found, waiting...
demo.pcm not found, waiting...
demo.pcm not found, waiting...
demo.pcm not found, waiting...
demo.pcm not found, waiting...
demo.pcm not found, waiting...
demo.pcm not found, waiting...
demo.pcm not found, waiting...
demo.pcm not found, waiting...
demo.pcm not found, waiting...
demo.pcm not found, waiting...
demo.pcm not found, waiting...
demo.pcm not found, waiting...
demo.pcm not found, waiting...
demo.pcm not found, waiting...
demo.pcm not found, waiting...
demo.pcm not found, waiting...
demo.pcm not found, waiting...
demo.pcm not found, waiting...
demo.pcm not found, waiting...
demo.pcm not found, waiting...
demo.pcm not found, waiting...
demo.pcm not found, waiting...
demo.pcm not found, waiting...
demo.pcm not found, waiting...
demo.pcm not found, waiting...
demo.pcm not found, waiting...
demo.pcm not found, waiting...
demo.pcm not found, waiting...
demo.pcm not found, waiting...
demo.pcm not found, waiting...
demo.pcm not found, waiting...
demo.pcm not found, waiting...
demo.pcm not found, waiting...
demo.pcm not found, waiting...
demo.pcm not found, waiting...
demo.pcm not found, waiting...
demo.pcm not found, waiting...
demo.pcm not found, waiting...
demo.pcm not found, waiting...
demo.pcm not found, waiting...
demo.pcm not found, waiting...
demo.pcm not found, waiting...
demo.pcm not found, waiting...
demo.pcm not found, waiting...
demo.pcm not found, waiting...
demo.pcm not found, waiting...
demo.pcm not found, waiting...
demo.pcm not found, waiting...
demo.pcm not found, waiting...
demo.pcm not found, waiting...
demo.pcm not found, waiting...
demo.pcm not found, waiting...
demo.pcm not found, waiting...
demo.pcm not found, waiting...
demo.pcm not found, waiting...
demo.pcm not found, waiting...
demo.pcm not found, waiting...
demo.pcm not found, waiting...
demo.pcm not found, waiting...
demo.pcm not found, waiting...
demo.pcm not found, waiting...
demo.pcm not found, waiting...
demo.pcm not found, waiting...
demo.pcm not found, waiting...
demo.pcm not found, waiting...
demo.pcm not found, waiting...
demo.pcm not found, waiting...
demo.pcm not found, waiting...
demo.pcm not found, waiting...
demo.pcm not found, waiting...
demo.pcm not found, waiting...
demo.pcm not found, waiting...
demo.pcm not found, waiting...
demo.pcm not found, waiting...
demo.pcm not found, waiting...
demo.pcm not found, waiting...
demo.pcm not found, waiting...
demo.pcm not found, waiting...
demo.pcm not found, waiting...
demo.pcm not found, waiting...
demo.pcm not found, waiting...
demo.pcm not found, waiting...
demo.pcm not found, waiting...
demo.pcm not found, waiting...
demo.pcm not found, waiting...
demo.pcm not found, waiting...
demo.pcm not found, waiting...
demo.pcm not found, waiting...
demo.pcm not found, waiting...
demo.pcm not found, waiting...
demo.pcm not found, waiting...
demo.pcm not found, waiting...
demo.pcm not found, waiting...
demo.pcm not found, waiting...
demo.pcm not found, waiting...
demo.pcm not found, waiting...
demo.pcm not found, waiting...
demo.pcm not found, waiting...
demo.pcm not found, waiting...
demo.pcm not found, waiting...
demo.pcm not found, waiting...
demo.pcm not found, waiting...
demo.pcm not found, waiting...
demo.pcm not found, waiting...
demo.pcm not found, waiting...
demo.pcm not found, waiting...
demo.pcm not found, waiting...
demo.pcm not found, waiting...
demo.pcm not found, waiting...
demo.pcm not found, waiting...
demo.pcm not found, waiting...
demo.pcm not found, waiting...
demo.pcm not found, waiting...
demo.pcm not found, waiting...
demo.pcm not found, waiting...
demo.pcm not found, waiting...
demo.pcm not found, waiting...
demo.pcm not found, waiting...
demo.pcm not found, waiting...
demo.pcm not found, waiting...
demo.pcm not found, waiting...
demo.pcm not found, waiting...
demo.pcm not found, waiting...
demo.pcm not found, waiting...
demo.pcm not found, waiting...
demo.pcm not found, waiting...
demo.pcm not found, waiting...
demo.pcm not found, waiting...
demo.pcm not found, waiting...
demo.pcm not found, waiting...
demo.pcm not found, waiting...
demo.pcm not found, waiting...
demo.pcm not found, waiting...
demo.pcm not found, waiting...
demo.pcm not found, waiting...
demo.pcm not found, waiting...
demo.pcm not found, waiting...
demo.pcm not found, waiting...
demo.pcm not found, waiting...
demo.pcm not found, waiting...
demo.pcm not found, waiting...
demo.pcm not found, waiting...
demo.pcm not found, waiting...
demo.pcm not found, waiting...
demo.pcm not found, waiting...
demo.pcm not found, waiting...
demo.pcm not found, waiting...
demo.pcm not found, waiting...
demo.pcm not found, waiting...
demo.pcm not found, waiting...
demo.pcm not found, waiting...
demo.pcm not found, waiting...
demo.pcm not found, waiting...
demo.pcm not found, waiting...
demo.pcm not found, waiting...
demo.pcm not found, waiting...
demo.pcm not found, waiting...
demo.pcm not found, waiting...
demo.pcm not found, waiting...
demo.pcm not found, waiting...
demo.pcm not found, waiting...
demo.pcm not found, waiting...
demo.pcm not found, waiting...
demo.pcm not found, waiting...
demo.pcm not found, waiting...
demo.pcm not found, waiting...
demo.pcm not found, waiting...
demo.pcm not found, waiting...
demo.pcm not found, waiting...
demo.pcm not found, waiting...
demo.pcm not found, waiting...
demo.pcm not found, waiting...
demo.pcm not found, waiting...
demo.pcm not found, waiting...
demo.pcm not found, waiting...
demo.pcm not found, waiting...
demo.pcm not found, waiting...
demo.pcm not found, waiting...
demo.pcm not found, waiting...
demo.pcm not found, waiting...
demo.pcm not found, waiting...
demo.pcm not found, waiting...
demo.pcm not found, waiting...
demo.pcm not found, waiting...
demo.pcm not found, waiting...
demo.pcm not found, waiting...
demo.pcm not found, waiting...
demo.pcm not found, waiting...
demo.pcm not found, waiting...
demo.pcm not found, waiting...
demo.pcm not found, waiting...
demo.pcm not found, waiting...
demo.pcm not found, waiting...
demo.pcm not found, waiting...
demo.pcm not found, waiting...
demo.pcm not found, waiting...
demo.pcm not found, waiting...
demo.pcm not found, waiting...
demo.pcm not found, waiting...
demo.pcm not found, waiting...
demo.pcm not found, waiting...
demo.pcm not found, waiting...
demo.pcm not found, waiting...
demo.pcm not found, waiting...
demo.pcm not found, waiting...
demo.pcm not found, waiting...
demo.pcm not found, waiting...
demo.pcm not found, waiting...
demo.pcm not found, waiting...
demo.pcm not found, waiting...
demo.pcm not found, waiting...
demo.pcm not found, waiting...
demo.pcm not found, waiting...
demo.pcm not found, waiting...
demo.pcm not found, waiting...
demo.pcm not found, waiting...
demo.pcm not found, waiting...
demo.pcm not found, waiting...
demo.pcm not found, waiting...
demo.pcm not found, waiting...
demo.pcm not found, waiting...
demo.pcm not found, waiting...
demo.pcm not found, waiting...
demo.pcm not found, waiting...
demo.pcm not found, waiting...
demo.pcm not found, waiting...
demo.pcm not found, waiting...
demo.pcm not found, waiting...
demo.pcm not found, waiting...
demo.pcm not found, waiting...
demo.pcm not found, waiting...
demo.pcm not found, waiting...
demo.pcm not found, waiting...
demo.pcm not found, waiting...
demo.pcm not found, waiting...
demo.pcm not found, waiting...
demo.pcm not found, waiting...
demo.pcm not found, waiting...
demo.pcm not found, waiting...
demo.pcm not found, waiting...
demo.pcm not found, waiting...
demo.pcm not found, waiting...
demo.pcm not found, waiting...
demo.pcm not found, waiting...
demo.pcm not found, waiting...
demo.pcm not found, waiting...
demo.pcm not found, waiting...
demo.pcm not found, waiting...
demo.pcm not found, waiting...
demo.pcm not found, waiting...
demo.pcm not found, waiting...
demo.pcm not found, waiting...
demo.pcm not found, waiting...
demo.pcm not found, waiting...
demo.pcm not found, waiting...
demo.pcm not found, waiting...
demo.pcm not found, waiting...
demo.pcm not found, waiting...
demo.pcm not found, waiting...
demo.pcm not found, waiting...
demo.pcm not found, waiting...
demo.pcm not found, waiting...
demo.pcm not found, waiting...
demo.pcm not found, waiting...
demo.pcm not found, waiting...
demo.pcm not found, waiting...
demo.pcm not found, waiting...
demo.pcm not found, waiting...
demo.pcm not found, waiting...
demo.pcm not found, waiting...
demo.pcm not found, waiting...
demo.pcm not found, waiting...
demo.pcm not found, waiting...
demo.pcm not found, waiting...
demo.pcm not found, waiting...
demo.pcm not found, waiting...
demo.pcm not found, waiting...
demo.pcm not found, waiting...
demo.pcm not found, waiting...
demo.pcm not found, waiting...
demo.pcm not found, waiting...
demo.pcm not found, waiting...
demo.pcm not found, waiting...
demo.pcm not found, waiting...
demo.pcm not found, waiting...
demo.pcm not found, waiting...
demo.pcm not found, waiting...
demo.pcm not found, waiting...
demo.pcm not found, waiting...
demo.pcm not found, waiting...
demo.pcm not found, waiting...
demo.pcm not found, waiting...
demo.pcm not found, waiting...
demo.pcm not found, waiting...
demo.pcm not found, waiting...
demo.pcm not found, waiting...
demo.pcm not found, waiting...
demo.pcm not found, waiting...
demo.pcm not found, waiting...
demo.pcm not found, waiting...
demo.pcm not found, waiting...
demo.pcm not found, waiting...
demo.pcm not found, waiting...
demo.pcm not found, waiting...
demo.pcm not found, waiting...
demo.pcm not found, waiting...
demo.pcm not found, waiting...
demo.pcm not found, waiting...
demo.pcm not found, waiting...
demo.pcm not found, waiting...
demo.pcm not found, waiting...
demo.pcm not found, waiting...
demo.pcm not found, waiting...
demo.pcm not found, waiting...
demo.pcm not found, waiting...
demo.pcm not found, waiting...
demo.pcm not found, waiting...
demo.pcm not found, waiting...
demo.pcm not found, waiting...
demo.pcm not found, waiting...
demo.pcm not found, waiting...
demo.pcm not found, waiting...
demo.pcm not found, waiting...
demo.pcm not found, waiting...
demo.pcm not found, waiting...
demo.pcm not found, waiting...
demo.pcm not found, waiting...
demo.pcm not found, waiting...
demo.pcm not found, waiting...
demo.pcm not found, waiting...
demo.pcm not found, waiting...
demo.pcm not found, waiting...
demo.pcm not found, waiting...
demo.pcm not found, waiting...
demo.pcm not found, waiting...
demo.pcm not found, waiting...
demo.pcm not found, waiting...
demo.pcm not found, waiting...
demo.pcm not found, waiting...
demo.pcm not found, waiting...
demo.pcm not found, waiting...
demo.pcm not found, waiting...
demo.pcm not found, waiting...
demo.pcm not found, waiting...
demo.pcm not found, waiting...
demo.pcm not found, waiting...
demo.pcm not found, waiting...
demo.pcm not found, waiting...
demo.pcm not found, waiting...
demo.pcm not found, waiting...
demo.pcm not found, waiting...
demo.pcm not found, waiting...
demo.pcm not found, waiting...
demo.pcm not found, waiting...
demo.pcm not found, waiting...
demo.pcm not found, waiting...
demo.pcm not found, waiting...
demo.pcm not found, waiting...
demo.pcm not found, waiting...
demo.pcm not found, waiting...
demo.pcm not found, waiting...
demo.pcm not found, waiting...
demo.pcm not found, waiting...
demo.pcm not found, waiting...
demo.pcm not found, waiting...
demo.pcm not found, waiting...
demo.pcm not found, waiting...
demo.pcm not found, waiting...
demo.pcm not found, waiting...
demo.pcm not found, waiting...
demo.pcm not found, waiting...
demo.pcm not found, waiting...
demo.pcm not found, waiting...
demo.pcm not found, waiting...
demo.pcm not found, waiting...
demo.pcm not found, waiting...
demo.pcm not found, waiting...
demo.pcm not found, waiting...
demo.pcm not found, waiting...
demo.pcm not found, waiting...
demo.pcm not found, waiting...
demo.pcm not found, waiting...
demo.pcm not found, waiting...
demo.pcm not found, waiting...
demo.pcm not found, waiting...
demo.pcm not found, waiting...
demo.pcm not found, waiting...
demo.pcm not found, waiting...
demo.pcm not found, waiting...
demo.pcm not found, waiting...
demo.pcm not found, waiting...
demo.pcm not found, waiting...
demo.pcm not found, waiting...
demo.pcm not found, waiting...
demo.pcm not found, waiting...
demo.pcm not found, waiting...
demo.pcm not found, waiting...
demo.pcm not found, waiting...
demo.pcm not found, waiting...
demo.pcm not found, waiting...
demo.pcm not found, waiting...
demo.pcm not found, waiting...
demo.pcm not found, waiting...
demo.pcm not found, waiting...
demo.pcm not found, waiting...
demo.pcm not found, waiting...
demo.pcm not found, waiting...
demo.pcm not found, waiting...
demo.pcm not found, waiting...
demo.pcm not found, waiting...
demo.pcm not found, waiting...
demo.pcm not found, waiting...
demo.pcm not found, waiting...
demo.pcm not found, waiting...
demo.pcm not found, waiting...
demo.pcm not found, waiting...
demo.pcm not found, waiting...
demo.pcm not found, waiting...
demo.pcm not found, waiting...
demo.pcm not found, waiting...
demo.pcm not found, waiting...
demo.pcm not found, waiting...
demo.pcm not found, waiting...
demo.pcm not found, waiting...
demo.pcm not found, waiting...
demo.pcm not found, waiting...
demo.pcm not found, waiting...
demo.pcm not found, waiting...
demo.pcm not found, waiting...
demo.pcm not found, waiting...
demo.pcm not found, waiting...
demo.pcm not found, waiting...
demo.pcm not found, waiting...
demo.pcm not found, waiting...
demo.pcm not found, waiting...
demo.pcm not found, waiting...
demo.pcm not found, waiting...
demo.pcm not found, waiting...
demo.pcm not found, waiting...
demo.pcm not found, waiting...
demo.pcm not found, waiting...
demo.pcm not found, waiting...
demo.pcm not found, waiting...
demo.pcm not found, waiting...
demo.pcm not found, waiting...
demo.pcm not found, waiting...
demo.pcm not found, waiting...
demo.pcm not found, waiting...
demo.pcm not found, waiting...
demo.pcm not found, waiting...
demo.pcm not found, waiting...
demo.pcm not found, waiting...
demo.pcm not found, waiting...
demo.pcm not found, waiting...
demo.pcm not found, waiting...
demo.pcm not found, waiting...
demo.pcm not found, waiting...
demo.pcm not found, waiting...
demo.pcm not found, waiting...
demo.pcm not found, waiting...
demo.pcm not found, waiting...
demo.pcm not found, waiting...
demo.pcm not found, waiting...
demo.pcm not found, waiting...
demo.pcm not found, waiting...
demo.pcm not found, waiting...
demo.pcm not found, waiting...
demo.pcm not found, waiting...
demo.pcm not found, waiting...
demo.pcm not found, waiting...
demo.pcm not found, waiting...
demo.pcm not found, waiting...
demo.pcm not found, waiting...
demo.pcm not found, waiting...
demo.pcm not found, waiting...
demo.pcm not found, waiting...
demo.pcm not found, waiting...
demo.pcm not found, waiting...
demo.pcm not found, waiting...
demo.pcm not found, waiting...
demo.pcm not found, waiting...
demo.pcm not found, waiting...
demo.pcm not found, waiting...
demo.pcm not found, waiting...
demo.pcm not found, waiting...
demo.pcm not found, waiting...
demo.pcm not found, waiting...
demo.pcm not found, waiting...
demo.pcm not found, waiting...
demo.pcm not found, waiting...
demo.pcm not found, waiting...
demo.pcm not found, waiting...
demo.pcm not found, waiting...
demo.pcm not found, waiting...
demo.pcm not found, waiting...
demo.pcm not found, waiting...
demo.pcm not found, waiting...
demo.pcm not found, waiting...
demo.pcm not found, waiting...
demo.pcm not found, waiting...
demo.pcm not found, waiting...
demo.pcm not found, waiting...
demo.pcm not found, waiting...
demo.pcm not found, waiting...
demo.pcm not found, waiting...
demo.pcm not found, waiting...
demo.pcm not found, waiting...
demo.pcm not found, waiting...
demo.pcm not found, waiting...
demo.pcm not found, waiting...
demo.pcm not found, waiting...
demo.pcm not found, waiting...
demo.pcm not found, waiting...
demo.pcm not found, waiting...
demo.pcm not found, waiting...
demo.pcm not found, waiting...
demo.pcm not found, waiting...
demo.pcm not found, waiting...
demo.pcm not found, waiting...
demo.pcm not found, waiting...
demo.pcm not found, waiting...
demo.pcm not found, waiting...
demo.pcm not found, waiting...
demo.pcm not found, waiting...
demo.pcm not found, waiting...
demo.pcm not found, waiting...
demo.pcm not found, waiting...
demo.pcm not found, waiting...
demo.pcm not found, waiting...
demo.pcm not found, waiting...
demo.pcm not found, waiting...
demo.pcm not found, waiting...
demo.pcm not found, waiting...
demo.pcm not found, waiting...
demo.pcm not found, waiting...
demo.pcm not found, waiting...
demo.pcm not found, waiting...
demo.pcm not found, waiting...
demo.pcm not found, waiting...
demo.pcm not found, waiting...
demo.pcm not found, waiting...
demo.pcm not found, waiting...
demo.pcm not found, waiting...
demo.pcm not found, waiting...
demo.pcm not found, waiting...
demo.pcm not found, waiting...
demo.pcm not found, waiting...
demo.pcm not found, waiting...
demo.pcm not found, waiting...
demo.pcm not found, waiting...
demo.pcm not found, waiting...
demo.pcm not found, waiting...
demo.pcm not found, waiting...
demo.pcm not found, waiting...
demo.pcm not found, waiting...
demo.pcm not found, waiting...
demo.pcm not found, waiting...
demo.pcm not found, waiting...
demo.pcm not found, waiting...
demo.pcm not found, waiting...
demo.pcm not found, waiting...
demo.pcm not found, waiting...
demo.pcm not found, waiting...
demo.pcm not found, waiting...
demo.pcm not found, waiting...
demo.pcm not found, waiting...
demo.pcm not found, waiting...
demo.pcm not found, waiting...
demo.pcm not found, waiting...
demo.pcm not found, waiting...
demo.pcm not found, waiting...
demo.pcm not found, waiting...
demo.pcm not found, waiting...
demo.pcm not found, waiting...
demo.pcm not found, waiting...
demo.pcm not found, waiting...
demo.pcm not found, waiting...
demo.pcm not found, waiting...
demo.pcm not found, waiting...
demo.pcm not found, waiting...
demo.pcm not found, waiting...
demo.pcm not found, waiting...
demo.pcm not found, waiting...
demo.pcm not found, waiting...
demo.pcm not found, waiting...
demo.pcm not found, waiting...
demo.pcm not found, waiting...
demo.pcm not found, waiting...
demo.pcm not found, waiting...
demo.pcm not found, waiting...
demo.pcm not found, waiting...
demo.pcm not found, waiting...
demo.pcm not found, waiting...
demo.pcm not found, waiting...
demo.pcm not found, waiting...
demo.pcm not found, waiting...
demo.pcm not found, waiting...
demo.pcm not found, waiting...
demo.pcm not found, waiting...
demo.pcm not found, waiting...
demo.pcm not found, waiting...
demo.pcm not found, waiting...
demo.pcm not found, waiting...
demo.pcm not found, waiting...
demo.pcm not found, waiting...
demo.pcm not found, waiting...
demo.pcm not found, waiting...
demo.pcm not found, waiting...
demo.pcm not found, waiting...
demo.pcm not found, waiting...
demo.pcm not found, waiting...
demo.pcm not found, waiting...
demo.pcm not found, waiting...
demo.pcm not found, waiting...
demo.pcm not found, waiting...
demo.pcm not found, waiting...
demo.pcm not found, waiting...
demo.pcm not found, waiting...
demo.pcm not found, waiting...
demo.pcm not found, waiting...
demo.pcm not found, waiting...
demo.pcm not found, waiting...
demo.pcm not found, waiting...
demo.pcm not found, waiting...
demo.pcm not found, waiting...
demo.pcm not found, waiting...
demo.pcm not found, waiting...
demo.pcm not found, waiting...
demo.pcm not found, waiting...
demo.pcm not found, waiting...
demo.pcm not found, waiting...
demo.pcm not found, waiting...
demo.pcm not found, waiting...
demo.pcm not found, waiting...
demo.pcm not found, waiting...
demo.pcm not found, waiting...
demo.pcm not found, waiting...
demo.pcm not found, waiting...
demo.pcm not found, waiting...
demo.pcm not found, waiting...
demo.pcm not found, waiting...
demo.pcm not found, waiting...
demo.pcm not found, waiting...
demo.pcm not found, waiting...
demo.pcm not found, waiting...
demo.pcm not found, waiting...
demo.pcm not found, waiting...
demo.pcm not found, waiting...
demo.pcm not found, waiting...
demo.pcm not found, waiting...
demo.pcm not found, waiting...
demo.pcm not found, waiting...
demo.pcm not found, waiting...
demo.pcm not found, waiting...
demo.pcm not found, waiting...
demo.pcm not found, waiting...
demo.pcm not found, waiting...
demo.pcm not found, waiting...
demo.pcm not found, waiting...
demo.pcm not found, waiting...
demo.pcm not found, waiting...
demo.pcm not found, waiting...
demo.pcm not found, waiting...
demo.pcm not found, waiting...
demo.pcm not found, waiting...
demo.pcm not found, waiting...
demo.pcm not found, waiting...
demo.pcm not found, waiting...
demo.pcm not found, waiting...
demo.pcm not found, waiting...
demo.pcm not found, waiting...
demo.pcm not found, waiting...
demo.pcm not found, waiting...
demo.pcm not found, waiting...
demo.pcm not found, waiting...
demo.pcm not found, waiting...
demo.pcm not found, waiting...
demo.pcm not found, waiting...
demo.pcm not found, waiting...
demo.pcm not found, waiting...
demo.pcm not found, waiting...
demo.pcm not found, waiting...
demo.pcm not found, waiting...
demo.pcm not found, waiting...
demo.pcm not found, waiting...
demo.pcm not found, waiting...
demo.pcm not found, waiting...
demo.pcm not found, waiting...
demo.pcm not found, waiting...
demo.pcm not found, waiting...
demo.pcm not found, waiting...
demo.pcm not found, waiting...
demo.pcm not found, waiting...
demo.pcm not found, waiting...
demo.pcm not found, waiting...
demo.pcm not found, waiting...
demo.pcm not found, waiting...
demo.pcm not found, waiting...
demo.pcm not found, waiting...
demo.pcm not found, waiting...
demo.pcm not found, waiting...
demo.pcm not found, waiting...
demo.pcm not found, waiting...
demo.pcm not found, waiting...
demo.pcm not found, waiting...
demo.pcm not found, waiting...
demo.pcm not found, waiting...
demo.pcm not found, waiting...
demo.pcm not found, waiting...
demo.pcm not found, waiting...
demo.pcm not found, waiting...
demo.pcm not found, waiting...
demo.pcm not found, waiting...
demo.pcm not found, waiting...
demo.pcm not found, waiting...
demo.pcm not found, waiting...
demo.pcm not found, waiting...
demo.pcm not found, waiting...
demo.pcm not found, waiting...
demo.pcm not found, waiting...
demo.pcm not found, waiting...
demo.pcm not found, waiting...
demo.pcm not found, waiting...
demo.pcm not found, waiting...
demo.pcm not found, waiting...
demo.pcm not found, waiting...
demo.pcm not found, waiting...
demo.pcm not found, waiting...
demo.pcm not found, waiting...
demo.pcm not found, waiting...
demo.pcm not found, waiting...
demo.pcm not found, waiting...
demo.pcm not found, waiting...
demo.pcm not found, waiting...
demo.pcm not found, waiting...
demo.pcm not found, waiting...
demo.pcm not found, waiting...
demo.pcm not found, waiting...
demo.pcm not found, waiting...
demo.pcm not found, waiting...
demo.pcm not found, waiting...
demo.pcm not found, waiting...
demo.pcm not found, waiting...
demo.pcm not found, waiting...
demo.pcm not found, waiting...
demo.pcm not found, waiting...
demo.pcm not found, waiting...
demo.pcm not found, waiting...
demo.pcm not found, waiting...
demo.pcm not found, waiting...
demo.pcm not found, waiting...
demo.pcm not found, waiting...
demo.pcm not found, waiting...
demo.pcm not found, waiting...
demo.pcm not found, waiting...
demo.pcm not found, waiting...
demo.pcm not found, waiting...
demo.pcm not found, waiting...
demo.pcm not found, waiting...
demo.pcm not found, waiting...
demo.pcm not found, waiting...
demo.pcm not found, waiting...
demo.pcm not found, waiting...
demo.pcm not found, waiting...
demo.pcm not found, waiting...
demo.pcm not found, waiting...
demo.pcm not found, waiting...
demo.pcm not found, waiting...
demo.pcm not found, waiting...
demo.pcm not found, waiting...
demo.pcm not found, waiting...
demo.pcm not found, waiting...
demo.pcm not found, waiting...
demo.pcm not found, waiting...
demo.pcm not found, waiting...
demo.pcm not found, waiting...
demo.pcm not found, waiting...
demo.pcm not found, waiting...
demo.pcm not found, waiting...
demo.pcm not found, waiting...
demo.pcm not found, waiting...
demo.pcm not found, waiting...
demo.pcm not found, waiting...
demo.pcm not found, waiting...
demo.pcm not found, waiting...
demo.pcm not found, waiting...
demo.pcm not found, waiting...
demo.pcm not found, waiting...
demo.pcm not found, waiting...
demo.pcm not found, waiting...
demo.pcm not found, waiting...
demo.pcm not found, waiting...
demo.pcm not found, waiting...
demo.pcm not found, waiting...
demo.pcm not found, waiting...
demo.pcm not found, waiting...
demo.pcm not found, waiting...
demo.pcm not found, waiting...
demo.pcm not found, waiting...
demo.pcm not found, waiting...
demo.pcm not found, waiting...
demo.pcm not found, waiting...
demo.pcm not found, waiting...
demo.pcm not found, waiting...
demo.pcm not found, waiting...
demo.pcm not found, waiting...
demo.pcm not found, waiting...
demo.pcm not found, waiting...
demo.pcm not found, waiting...
demo.pcm not found, waiting...
demo.pcm not found, waiting...
demo.pcm not found, waiting...
demo.pcm not found, waiting...
demo.pcm not found, waiting...
demo.pcm not found, waiting...
demo.pcm not found, waiting...
demo.pcm not found, waiting...
demo.pcm not found, waiting...
demo.pcm not found, waiting...
demo.pcm not found, waiting...
demo.pcm not found, waiting...
demo.pcm not found, waiting...
demo.pcm not found, waiting...
demo.pcm not found, waiting...
demo.pcm not found, waiting...
demo.pcm not found, waiting...
demo.pcm not found, waiting...
demo.pcm not found, waiting...
demo.pcm not found, waiting...
demo.pcm not found, waiting...
demo.pcm not found, waiting...
demo.pcm not found, waiting...
demo.pcm not found, waiting...
demo.pcm not found, waiting...
demo.pcm not found, waiting...
demo.pcm not found, waiting...
demo.pcm not found, waiting...
demo.pcm not found, waiting...
demo.pcm not found, waiting...
demo.pcm not found, waiting...
demo.pcm not found, waiting...
demo.pcm not found, waiting...
demo.pcm not found, waiting...
demo.pcm not found, waiting...
demo.pcm not found, waiting...
demo.pcm not found, waiting...
demo.pcm not found, waiting...
demo.pcm not found, waiting...
demo.pcm not found, waiting...
demo.pcm not found, waiting...
demo.pcm not found, waiting...
demo.pcm not found, waiting...
demo.pcm not found, waiting...
demo.pcm not found, waiting...
demo.pcm not found, waiting...
demo.pcm not found, waiting...
demo.pcm not found, waiting...
demo.pcm not found, waiting...
demo.pcm not found, waiting...
demo.pcm not found, waiting...
demo.pcm not found, waiting...
demo.pcm not found, waiting...
demo.pcm not found, waiting...
demo.pcm not found, waiting...
demo.pcm not found, waiting...
demo.pcm not found, waiting...
demo.pcm not found, waiting...
demo.pcm not found, waiting...
demo.pcm not found, waiting...
demo.pcm not found, waiting...
demo.pcm not found, waiting...
demo.pcm not found, waiting...
demo.pcm not found, waiting...
demo.pcm not found, waiting...
demo.pcm not found, waiting...
demo.pcm not found, waiting...
demo.pcm not found, waiting...
demo.pcm not found, waiting...
demo.pcm not found, waiting...
demo.pcm not found, waiting...
demo.pcm not found, waiting...
demo.pcm not found, waiting...
demo.pcm not found, waiting...
demo.pcm not found, waiting...
demo.pcm not found, waiting...
demo.pcm not found, waiting...
demo.pcm not found, waiting...
demo.pcm not found, waiting...
demo.pcm not found, waiting...
demo.pcm not found, waiting...
demo.pcm not found, waiting...
demo.pcm not found, waiting...
demo.pcm not found, waiting...
demo.pcm not found, waiting...
demo.pcm not found, waiting...
demo.pcm not found, waiting...
demo.pcm not found, waiting...
demo.pcm not found, waiting...
demo.pcm not found, waiting...
demo.pcm not found, waiting...
demo.pcm not found, waiting...
demo.pcm not found, waiting...
demo.pcm not found, waiting...
demo.pcm not found, waiting...
demo.pcm not found, waiting...
demo.pcm not found, waiting...
demo.pcm not found, waiting...
demo.pcm not found, waiting...
demo.pcm not found, waiting...
demo.pcm not found, waiting...
demo.pcm not found, waiting...
demo.pcm not found, waiting...
demo.pcm not found, waiting...
demo.pcm not found, waiting...
demo.pcm not found, waiting...
demo.pcm not found, waiting...
demo.pcm not found, waiting...
demo.pcm not found, waiting...
demo.pcm not found, waiting...
demo.pcm not found, waiting...
demo.pcm not found, waiting...
demo.pcm not found, waiting...
demo.pcm not found, waiting...
demo.pcm not found, waiting...
demo.pcm not found, waiting...
demo.pcm not found, waiting...
demo.pcm not found, waiting...
demo.pcm not found, waiting...
demo.pcm not found, waiting...
demo.pcm not found, waiting...
demo.pcm not found, waiting...
demo.pcm not found, waiting...
demo.pcm not found, waiting...
demo.pcm not found, waiting...
demo.pcm not found, waiting...
demo.pcm not found, waiting...
demo.pcm not found, waiting...
demo.pcm not found, waiting...
demo.pcm not found, waiting...
demo.pcm not found, waiting...
demo.pcm not found, waiting...
demo.pcm not found, waiting...
demo.pcm not found, waiting...
demo.pcm not found, waiting...
demo.pcm not found, waiting...
demo.pcm not found, waiting...
demo.pcm not found, waiting...
demo.pcm not found, waiting...
demo.pcm not found, waiting...
demo.pcm not found, waiting...
demo.pcm not found, waiting...
demo.pcm not found, waiting...
demo.pcm not found, waiting...
demo.pcm not found, waiting...
demo.pcm not found, waiting...
demo.pcm not found, waiting...
demo.pcm not found, waiting...
demo.pcm not found, waiting...
demo.pcm not found, waiting...
demo.pcm not found, waiting...
demo.pcm not found, waiting...
demo.pcm not found, waiting...
demo.pcm not found, waiting...
demo.pcm not found, waiting...
demo.pcm not found, waiting...
demo.pcm not found, waiting...
demo.pcm not found, waiting...
demo.pcm not found, waiting...
demo.pcm not found, waiting...
demo.pcm not found, waiting...
demo.pcm not found, waiting...
demo.pcm not found, waiting...
demo.pcm not found, waiting...
demo.pcm not found, waiting...
demo.pcm not found, waiting...
demo.pcm not found, waiting...
demo.pcm not found, waiting...
demo.pcm not found, waiting...
demo.pcm not found, waiting...
demo.pcm not found, waiting...
demo.pcm not found, waiting...
demo.pcm not found, waiting...
demo.pcm not found, waiting...
demo.pcm not found, waiting...
demo.pcm not found, waiting...
demo.pcm not found, waiting...
demo.pcm not found, waiting...
demo.pcm not found, waiting...
demo.pcm not found, waiting...
demo.pcm not found, waiting...
demo.pcm not found, waiting...
demo.pcm not found, waiting...
demo.pcm not found, waiting...
demo.pcm not found, waiting...
demo.pcm not found, waiting...
demo.pcm not found, waiting...
demo.pcm not found, waiting...
demo.pcm not found, waiting...
demo.pcm not found, waiting...
demo.pcm not found, waiting...
demo.pcm not found, waiting...
demo.pcm not found, waiting...
demo.pcm not found, waiting...
demo.pcm not found, waiting...
demo.pcm not found, waiting...
demo.pcm not found, waiting...
demo.pcm not found, waiting...
demo.pcm not found, waiting...
demo.pcm not found, waiting...
demo.pcm not found, waiting...
demo.pcm not found, waiting...
demo.pcm not found, waiting...
demo.pcm not found, waiting...
demo.pcm not found, waiting...
demo.pcm not found, waiting...
demo.pcm not found, waiting...
demo.pcm not found, waiting...
demo.pcm not found, waiting...
demo.pcm not found, waiting...
demo.pcm not found, waiting...
demo.pcm not found, waiting...
demo.pcm not found, waiting...
demo.pcm not found, waiting...
demo.pcm not found, waiting...
demo.pcm not found, waiting...
demo.pcm not found, waiting...
demo.pcm not found, waiting...
demo.pcm not found, waiting...
demo.pcm not found, waiting...
demo.pcm not found, waiting...
demo.pcm not found, waiting...
demo.pcm not found, waiting...
demo.pcm not found, waiting...
demo.pcm not found, waiting...
demo.pcm not found, waiting...
demo.pcm not found, waiting...
demo.pcm not found, waiting...
demo.pcm not found, waiting...
demo.pcm not found, waiting...
demo.pcm not found, waiting...
demo.pcm not found, waiting...
demo.pcm not found, waiting...
demo.pcm not found, waiting...
demo.pcm not found, waiting...
demo.pcm not found, waiting...
demo.pcm not found, waiting...
demo.pcm not found, waiting...
demo.pcm not found, waiting...
demo.pcm not found, waiting...
demo.pcm not found, waiting...
demo.pcm not found, waiting...
demo.pcm not found, waiting...
demo.pcm not found, waiting...
demo.pcm not found, waiting...
demo.pcm not found, waiting...
demo.pcm not found, waiting...
demo.pcm not found, waiting...
demo.pcm not found, waiting...
demo.pcm not found, waiting...
demo.pcm not found, waiting...
demo.pcm not found, waiting...
demo.pcm not found, waiting...
demo.pcm not found, waiting...
demo.pcm not found, waiting...
demo.pcm not found, waiting...
demo.pcm not found, waiting...
demo.pcm not found, waiting...
demo.pcm not found, waiting...
demo.pcm not found, waiting...
demo.pcm not found, waiting...
demo.pcm not found, waiting...
demo.pcm not found, waiting...
demo.pcm not found, waiting...
demo.pcm not found, waiting...
demo.pcm not found, waiting...
demo.pcm not found, waiting...
demo.pcm not found, waiting...
demo.pcm not found, waiting...
demo.pcm not found, waiting...
demo.pcm not found, waiting...
demo.pcm not found, waiting...
demo.pcm not found, waiting...
demo.pcm not found, waiting...
demo.pcm not found, waiting...
demo.pcm not found, waiting...
demo.pcm not found, waiting...
demo.pcm not found, waiting...
demo.pcm not found, waiting...
demo.pcm not found, waiting...
demo.pcm not found, waiting...
demo.pcm not found, waiting...
demo.pcm not found, waiting...
demo.pcm not found, waiting...
demo.pcm not found, waiting...
demo.pcm not found, waiting...
demo.pcm not found, waiting...
demo.pcm not found, waiting...
demo.pcm not found, waiting...
demo.pcm not found, waiting...
demo.pcm not found, waiting...
demo.pcm not found, waiting...
demo.pcm not found, waiting...
demo.pcm not found, waiting...
demo.pcm not found, waiting...
demo.pcm not found, waiting...
demo.pcm not found, waiting...
demo.pcm not found, waiting...
demo.pcm not found, waiting...
demo.pcm not found, waiting...
demo.pcm not found, waiting...
demo.pcm not found, waiting...
demo.pcm not found, waiting...
demo.pcm not found, waiting...
demo.pcm not found, waiting...
demo.pcm not found, waiting...
demo.pcm not found, waiting...
demo.pcm not found, waiting...
demo.pcm not found, waiting...
demo.pcm not found, waiting...
demo.pcm not found, waiting...
demo.pcm not found, waiting...
demo.pcm not found, waiting...
demo.pcm not found, waiting...
demo.pcm not found, waiting...
demo.pcm not found, waiting...
demo.pcm not found, waiting...
demo.pcm not found, waiting...
demo.pcm not found, waiting...
demo.pcm not found, waiting...
demo.pcm not found, waiting...
demo.pcm not found, waiting...
demo.pcm not found, waiting...
demo.pcm not found, waiting...
demo.pcm not found, waiting...
demo.pcm not found, waiting...
demo.pcm not found, waiting...
demo.pcm not found, waiting...
demo.pcm not found, waiting...
demo.pcm not found, waiting...
demo.pcm not found, waiting...
demo.pcm not found, waiting...
demo.pcm not found, waiting...
demo.pcm not found, waiting...
demo.pcm not found, waiting...
demo.pcm not found, waiting...
demo.pcm not found, waiting...
demo.pcm not found, waiting...
demo.pcm not found, waiting...
demo.pcm not found, waiting...
demo.pcm not found, waiting...
demo.pcm not found, waiting...
demo.pcm not found, waiting...
demo.pcm not found, waiting...
demo.pcm not found, waiting...
demo.pcm not found, waiting...
demo.pcm not found, waiting...
demo.pcm not found, waiting...
demo.pcm not found, waiting...
demo.pcm not found, waiting...
demo.pcm not found, waiting...
demo.pcm not found, waiting...
demo.pcm not found, waiting...
demo.pcm not found, waiting...
demo.pcm not found, waiting...
demo.pcm not found, waiting...
demo.pcm not found, waiting...
demo.pcm not found, waiting...
demo.pcm not found, waiting...
demo.pcm not found, waiting...
demo.pcm not found, waiting...
demo.pcm not found, waiting...
demo.pcm not found, waiting...
demo.pcm not found, waiting...
demo.pcm not found, waiting...
demo.pcm not found, waiting...
demo.pcm not found, waiting...
demo.pcm not found, waiting...
demo.pcm not found, waiting...
demo.pcm not found, waiting...
demo.pcm not found, waiting...
demo.pcm not found, waiting...
demo.pcm not found, waiting...
demo.pcm not found, waiting...
demo.pcm not found, waiting...
demo.pcm not found, waiting...
demo.pcm not found, waiting...
demo.pcm not found, waiting...
demo.pcm not found, waiting...
demo.pcm not found, waiting...
demo.pcm not found, waiting...
demo.pcm not found, waiting...
demo.pcm not found, waiting...
demo.pcm not found, waiting...
demo.pcm not found, waiting...
demo.pcm not found, waiting...
demo.pcm not found, waiting...
demo.pcm not found, waiting...
demo.pcm not found, waiting...
demo.pcm not found, waiting...
demo.pcm not found, waiting...
demo.pcm not found, waiting...
demo.pcm not found, waiting...
demo.pcm not found, waiting...
demo.pcm not found, waiting...
demo.pcm not found, waiting...
demo.pcm not found, waiting...
demo.pcm not found, waiting...
demo.pcm not found, waiting...
demo.pcm not found, waiting...
demo.pcm not found, waiting...
demo.pcm not found, waiting...
demo.pcm not found, waiting...
demo.pcm not found, waiting...
demo.pcm not found, waiting...
demo.pcm not found, waiting...
demo.pcm not found, waiting...
demo.pcm not found, waiting...
demo.pcm not found, waiting...
demo.pcm not found, waiting...
demo.pcm not found, waiting...
demo.pcm not found, waiting...
demo.pcm not found, waiting...
demo.pcm not found, waiting...
demo.pcm not found, waiting...
demo.pcm not found, waiting...
demo.pcm not found, waiting...
demo.pcm not found, waiting...
demo.pcm not found, waiting...
demo.pcm not found, waiting...
demo.pcm not found, waiting...
demo.pcm not found, waiting...
demo.pcm not found, waiting...
demo.pcm not found, waiting...
demo.pcm not found, waiting...
demo.pcm not found, waiting...
demo.pcm not found, waiting...
demo.pcm not found, waiting...
demo.pcm not found, waiting...
demo.pcm not found, waiting...
demo.pcm not found, waiting...
demo.pcm not found, waiting...
demo.pcm not found, waiting...
demo.pcm not found, waiting...
demo.pcm not found, waiting...
demo.pcm not found, waiting...
demo.pcm not found, waiting...
demo.pcm not found, waiting...
demo.pcm not found, waiting...
demo.pcm not found, waiting...
demo.pcm not found, waiting...
demo.pcm not found, waiting...
demo.pcm not found, waiting...
demo.pcm not found, waiting...
demo.pcm not found, waiting...
demo.pcm not found, waiting...
demo.pcm not found, waiting...
demo.pcm not found, waiting...
demo.pcm not found, waiting...
demo.pcm not found, waiting...
demo.pcm not found, waiting...
demo.pcm not found, waiting...
demo.pcm not found, waiting...
demo.pcm not found, waiting...
demo.pcm not found, waiting...
demo.pcm not found, waiting...
demo.pcm not found, waiting...
demo.pcm not found, waiting...
demo.pcm not found, waiting...
demo.pcm not found, waiting...
demo.pcm not found, waiting...
demo.pcm not found, waiting...
demo.pcm not found, waiting...
demo.pcm not found, waiting...
demo.pcm not found, waiting...
demo.pcm not found, waiting...
demo.pcm not found, waiting...
demo.pcm not found, waiting...
demo.pcm not found, waiting...
demo.pcm not found, waiting...
demo.pcm not found, waiting...
demo.pcm not found, waiting...
demo.pcm not found, waiting...
demo.pcm not found, waiting...
demo.pcm not found, waiting...
demo.pcm not found, waiting...
demo.pcm not found, waiting...
demo.pcm not found, waiting...
demo.pcm not found, waiting...
demo.pcm not found, waiting...
demo.pcm not found, waiting...
demo.pcm not found, waiting...
demo.pcm not found, waiting...
demo.pcm not found, waiting...
demo.pcm not found, waiting...
demo.pcm not found, waiting...
demo.pcm not found, waiting...
demo.pcm not found, waiting...
demo.pcm not found, waiting...
demo.pcm not found, waiting...
demo.pcm not found, waiting...
demo.pcm not found, waiting...
demo.pcm not found, waiting...
demo.pcm not found, waiting...
demo.pcm not found, waiting...
demo.pcm not found, waiting...
demo.pcm not found, waiting...
demo.pcm not found, waiting...
demo.pcm not found, waiting...
demo.pcm not found, waiting...
demo.pcm not found, waiting...
demo.pcm not found, waiting...
demo.pcm not found, waiting...
demo.pcm not found, waiting...
demo.pcm not found, waiting...
demo.pcm not found, waiting...
demo.pcm not found, waiting...
demo.pcm not found, waiting...
demo.pcm not found, waiting...
demo.pcm not found, waiting...
demo.pcm not found, waiting...
demo.pcm not found, waiting...
demo.pcm not found, waiting...
demo.pcm not found, waiting...
demo.pcm not found, waiting...
demo.pcm not found, waiting...
demo.pcm not found, waiting...
demo.pcm not found, waiting...
demo.pcm not found, waiting...
demo.pcm not found, waiting...
demo.pcm not found, waiting...
demo.pcm not found, waiting...
demo.pcm not found, waiting...
demo.pcm not found, waiting...
demo.pcm not found, waiting...
demo.pcm not found, waiting...
demo.pcm not found, waiting...
demo.pcm not found, waiting...
demo.pcm not found, waiting...
demo.pcm not found, waiting...
demo.pcm not found, waiting...
demo.pcm not found, waiting...
demo.pcm not found, waiting...
demo.pcm not found, waiting...
demo.pcm not found, waiting...
demo.pcm not found, waiting...
demo.pcm not found, waiting...
demo.pcm not found, waiting...
demo.pcm not found, waiting...
demo.pcm not found, waiting...
demo.pcm not found, waiting...
demo.pcm not found, waiting...
demo.pcm not found, waiting...
demo.pcm not found, waiting...
demo.pcm not found, waiting...
demo.pcm not found, waiting...
demo.pcm not found, waiting...
demo.pcm not found, waiting...
demo.pcm not found, waiting...
demo.pcm not found, waiting...
demo.pcm not found, waiting...
demo.pcm not found, waiting...
demo.pcm not found, waiting...
demo.pcm not found, waiting...
demo.pcm not found, waiting...
demo.pcm not found, waiting...
demo.pcm not found, waiting...
demo.pcm not found, waiting...
demo.pcm not found, waiting...
demo.pcm not found, waiting...
demo.pcm not found, waiting...
demo.pcm not found, waiting...
demo.pcm not found, waiting...
demo.pcm not found, waiting...
demo.pcm not found, waiting...
demo.pcm not found, waiting...
demo.pcm not found, waiting...
demo.pcm not found, waiting...
demo.pcm not found, waiting...
demo.pcm not found, waiting...
demo.pcm not found, waiting...
demo.pcm not found, waiting...
demo.pcm not found, waiting...
demo.pcm not found, waiting...
demo.pcm not found, waiting...
demo.pcm not found, waiting...
demo.pcm not found, waiting...
demo.pcm not found, waiting...
demo.pcm not found, waiting...
demo.pcm not found, waiting...
demo.pcm not found, waiting...
demo.pcm not found, waiting...
demo.pcm not found, waiting...
demo.pcm not found, waiting...
demo.pcm not found, waiting...
demo.pcm not found, waiting...
demo.pcm not found, waiting...
demo.pcm not found, waiting...
demo.pcm not found, waiting...
demo.pcm not found, waiting...
demo.pcm not found, waiting...
demo.pcm not found, waiting...
demo.pcm not found, waiting...
demo.pcm not found, waiting...
demo.pcm not found, waiting...
demo.pcm not found, waiting...
demo.pcm not found, waiting...
demo.pcm not found, waiting...
demo.pcm not found, waiting...
demo.pcm not found, waiting...
demo.pcm not found, waiting...
demo.pcm not found, waiting...
demo.pcm not found, waiting...
demo.pcm not found, waiting...
demo.pcm not found, waiting...
demo.pcm not found, waiting...
demo.pcm not found, waiting...
demo.pcm not found, waiting...
demo.pcm not found, waiting...
demo.pcm not found, waiting...
demo.pcm not found, waiting...
demo.pcm not found, waiting...
demo.pcm not found, waiting...
demo.pcm not found, waiting...
demo.pcm not found, waiting...
demo.pcm not found, waiting...
demo.pcm not found, waiting...
demo.pcm not found, waiting...
demo.pcm not found, waiting...
demo.pcm not found, waiting...
demo.pcm not found, waiting...
demo.pcm not found, waiting...
demo.pcm not found, waiting...
demo.pcm not found, waiting...
demo.pcm not found, waiting...
demo.pcm not found, waiting...
demo.pcm not found, waiting...
demo.pcm not found, waiting...
demo.pcm not found, waiting...
demo.pcm not found, waiting...
demo.pcm not found, waiting...
demo.pcm not found, waiting...
demo.pcm not found, waiting...
demo.pcm not found, waiting...
demo.pcm not found, waiting...
demo.pcm not found, waiting...
demo.pcm not found, waiting...
demo.pcm not found, waiting...
demo.pcm not found, waiting...
demo.pcm not found, waiting...
demo.pcm not found, waiting...
demo.pcm not found, waiting...
demo.pcm not found, waiting...
demo.pcm not found, waiting...
demo.pcm not found, waiting...
demo.pcm not found, waiting...
demo.pcm not found, waiting...
demo.pcm not found, waiting...
demo.pcm not found, waiting...
demo.pcm not found, waiting...
demo.pcm not found, waiting...
demo.pcm not found, waiting...
demo.pcm not found, waiting...
demo.pcm not found, waiting...
demo.pcm not found, waiting...
demo.pcm not found, waiting...
demo.pcm not found, waiting...
demo.pcm not found, waiting...
demo.pcm not found, waiting...
demo.pcm not found, waiting...
demo.pcm not found, waiting...
demo.pcm not found, waiting...
demo.pcm not found, waiting...
demo.pcm not found, waiting...
demo.pcm not found, waiting...
demo.pcm not found, waiting...
demo.pcm not found, waiting...
demo.pcm not found, waiting...
demo.pcm not found, waiting...
demo.pcm not found, waiting...
demo.pcm not found, waiting...
demo.pcm not found, waiting...
demo.pcm not found, waiting...
demo.pcm not found, waiting...
demo.pcm not found, waiting...
demo.pcm not found, waiting...
demo.pcm not found, waiting...
demo.pcm not found, waiting...
demo.pcm not found, waiting...
demo.pcm not found, waiting...
demo.pcm not found, waiting...
demo.pcm not found, waiting...
demo.pcm not found, waiting...
demo.pcm not found, waiting...
demo.pcm not found, waiting...
demo.pcm not found, waiting...
demo.pcm not found, waiting...
demo.pcm not found, waiting...
demo.pcm not found, waiting...
demo.pcm not found, waiting...
demo.pcm not found, waiting...
demo.pcm not found, waiting...
demo.pcm not found, waiting...
demo.pcm not found, waiting...
demo.pcm not found, waiting...
demo.pcm not found, waiting...
demo.pcm not found, waiting...
demo.pcm not found, waiting...
demo.pcm not found, waiting...
demo.pcm not found, waiting...
demo.pcm not found, waiting...
demo.pcm not found, waiting...
demo.pcm not found, waiting...
demo.pcm not found, waiting...
demo.pcm not found, waiting...
demo.pcm not found, waiting...
demo.pcm not found, waiting...
demo.pcm not found, waiting...
demo.pcm not found, waiting...
demo.pcm not found, waiting...
demo.pcm not found, waiting...
demo.pcm not found, waiting...
demo.pcm not found, waiting...
demo.pcm not found, waiting...
demo.pcm not found, waiting...
demo.pcm not found, waiting...
demo.pcm not found, waiting...
demo.pcm not found, waiting...
demo.pcm not found, waiting...
demo.pcm not found, waiting...
demo.pcm not found, waiting...
demo.pcm not found, waiting...
demo.pcm not found, waiting...
demo.pcm not found, waiting...
demo.pcm not found, waiting...
demo.pcm not found, waiting...
demo.pcm not found, waiting...
demo.pcm not found, waiting...
demo.pcm not found, waiting...
demo.pcm not found, waiting...
demo.pcm not found, waiting...
demo.pcm not found, waiting...
demo.pcm not found, waiting...
demo.pcm not found, waiting...
demo.pcm not found, waiting...
demo.pcm not found, waiting...
demo.pcm not found, waiting...
demo.pcm not found, waiting...
demo.pcm not found, waiting...
demo.pcm not found, waiting...
demo.pcm not found, waiting...
demo.pcm not found, waiting...
demo.pcm not found, waiting...
demo.pcm not found, waiting...
demo.pcm not found, waiting...
demo.pcm not found, waiting...
demo.pcm not found, waiting...
demo.pcm not found, waiting...
demo.pcm not found, waiting...
demo.pcm not found, waiting...
demo.pcm not found, waiting...
demo.pcm not found, waiting...
demo.pcm not found, waiting...
demo.pcm not found, waiting...
demo.pcm not found, waiting...
demo.pcm not found, waiting...
demo.pcm not found, waiting...
demo.pcm not found, waiting...
demo.pcm not found, waiting...
demo.pcm not found, waiting...
demo.pcm not found, waiting...
demo.pcm not found, waiting...
demo.pcm not found, waiting...
demo.pcm not found, waiting...
demo.pcm not found, waiting...
demo.pcm not found, waiting...
demo.pcm not found, waiting...
demo.pcm not found, waiting...
demo.pcm not found, waiting...
demo.pcm not found, waiting...
demo.pcm not found, waiting...
demo.pcm not found, waiting...
demo.pcm not found, waiting...
demo.pcm not found, waiting...
demo.pcm not found, waiting...
demo.pcm not found, waiting...
demo.pcm not found, waiting...
demo.pcm not found, waiting...
demo.pcm not found, waiting...
demo.pcm not found, waiting...
demo.pcm not found, waiting...
demo.pcm not found, waiting...
demo.pcm not found, waiting...
demo.pcm not found, waiting...
demo.pcm not found, waiting...
demo.pcm not found, waiting...
demo.pcm not found, waiting...
demo.pcm not found, waiting...
demo.pcm not found, waiting...
demo.pcm not found, waiting...
demo.pcm not found, waiting...
demo.pcm not found, waiting...
demo.pcm not found, waiting...
demo.pcm not found, waiting...
demo.pcm not found, waiting...
demo.pcm not found, waiting...
demo.pcm not found, waiting...
demo.pcm not found, waiting...
demo.pcm not found, waiting...
demo.pcm not found, waiting...
demo.pcm not found, waiting...
demo.pcm not found, waiting...
demo.pcm not found, waiting...
demo.pcm not found, waiting...
demo.pcm not found, waiting...
demo.pcm not found, waiting...
demo.pcm not found, waiting...
demo.pcm not found, waiting...
demo.pcm not found, waiting...
demo.pcm not found, waiting...
demo.pcm not found, waiting...
demo.pcm not found, waiting...
demo.pcm not found, waiting...
demo.pcm not found, waiting...
demo.pcm not found, waiting...
demo.pcm not found, waiting...
demo.pcm not found, waiting...
demo.pcm not found, waiting...
demo.pcm not found, waiting...
demo.pcm not found, waiting...
demo.pcm not found, waiting...
demo.pcm not found, waiting...
demo.pcm not found, waiting...
demo.pcm not found, waiting...
demo.pcm not found, waiting...
demo.pcm not found, waiting...
demo.pcm not found, waiting...
demo.pcm not found, waiting...
demo.pcm not found, waiting...
demo.pcm not found, waiting...
demo.pcm not found, waiting...
demo.pcm not found, waiting...
demo.pcm not found, waiting...
demo.pcm not found, waiting...
demo.pcm not found, waiting...
demo.pcm not found, waiting...
demo.pcm not found, waiting...
demo.pcm not found, waiting...
demo.pcm not found, waiting...
demo.pcm not found, waiting...
demo.pcm not found, waiting...
demo.pcm not found, waiting...
demo.pcm not found, waiting...
demo.pcm not found, waiting...
demo.pcm not found, waiting...
demo.pcm not found, waiting...
demo.pcm not found, waiting...
demo.pcm not found, waiting...
demo.pcm not found, waiting...
demo.pcm not found, waiting...
demo.pcm not found, waiting...
demo.pcm not found, waiting...
demo.pcm not found, waiting...
demo.pcm not found, waiting...
demo.pcm not found, waiting...
demo.pcm not found, waiting...
demo.pcm not found, waiting...
demo.pcm not found, waiting...
demo.pcm not found, waiting...
demo.pcm not found, waiting...
demo.pcm not found, waiting...
demo.pcm not found, waiting...
demo.pcm not found, waiting...
demo.pcm not found, waiting...
demo.pcm not found, waiting...
demo.pcm not found, waiting...
demo.pcm not found, waiting...
demo.pcm not found, waiting...
demo.pcm not found, waiting...
demo.pcm not found, waiting...
demo.pcm not found, waiting...
demo.pcm not found, waiting...
demo.pcm not found, waiting...
demo.pcm not found, waiting...
demo.pcm not found, waiting...
demo.pcm not found, waiting...
demo.pcm not found, waiting...
demo.pcm not found, waiting...
demo.pcm not found, waiting...
demo.pcm not found, waiting...
demo.pcm not found, waiting...
demo.pcm not found, waiting...
demo.pcm not found, waiting...
demo.pcm not found, waiting...
demo.pcm not found, waiting...
demo.pcm not found, waiting...
demo.pcm not found, waiting...
demo.pcm not found, waiting...
demo.pcm not found, waiting...
demo.pcm not found, waiting...
demo.pcm not found, waiting...
demo.pcm not found, waiting...
demo.pcm not found, waiting...
demo.pcm not found, waiting...
demo.pcm not found, waiting...
demo.pcm not found, waiting...
demo.pcm not found, waiting...
demo.pcm not found, waiting...
demo.pcm not found, waiting...
demo.pcm not found, waiting...
demo.pcm not found, waiting...
demo.pcm not found, waiting...
demo.pcm not found, waiting...
demo.pcm not found, waiting...
demo.pcm not found, waiting...
demo.pcm not found, waiting...
demo.pcm not found, waiting...
demo.pcm not found, waiting...
demo.pcm not found, waiting...
demo.pcm not found, waiting...
demo.pcm not found, waiting...
demo.pcm not found, waiting...
demo.pcm not found, waiting...
demo.pcm not found, waiting...
demo.pcm not found, waiting...
demo.pcm not found, waiting...
demo.pcm not found, waiting...
demo.pcm not found, waiting...
demo.pcm not found, waiting...
demo.pcm not found, waiting...
demo.pcm not found, waiting...
demo.pcm not found, waiting...
demo.pcm not found, waiting...
demo.pcm not found, waiting...
demo.pcm not found, waiting...
demo.pcm not found, waiting...
demo.pcm not found, waiting...
demo.pcm not found, waiting...
demo.pcm not found, waiting...
demo.pcm not found, waiting...
demo.pcm not found, waiting...
demo.pcm not found, waiting...
demo.pcm not found, waiting...
demo.pcm not found, waiting...
demo.pcm not found, waiting...
demo.pcm not found, waiting...
demo.pcm not found, waiting...
demo.pcm not found, waiting...
demo.pcm not found, waiting...
demo.pcm not found, waiting...
demo.pcm not found, waiting...
demo.pcm not found, waiting...
demo.pcm not found, waiting...
demo.pcm not found, waiting...
demo.pcm not found, waiting...
demo.pcm not found, waiting...
demo.pcm not found, waiting...
demo.pcm not found, waiting...
demo.pcm not found, waiting...
demo.pcm not found, waiting...
demo.pcm not found, waiting...
demo.pcm not found, waiting...
demo.pcm not found, waiting...
demo.pcm not found, waiting...
demo.pcm not found, waiting...
demo.pcm not found, waiting...
demo.pcm not found, waiting...
demo.pcm not found, waiting...
demo.pcm not found, waiting...
demo.pcm not found, waiting...
demo.pcm not found, waiting...
demo.pcm not found, waiting...
demo.pcm not found, waiting...
demo.pcm not found, waiting...
demo.pcm not found, waiting...
demo.pcm not found, waiting...
demo.pcm not found, waiting...
demo.pcm not found, waiting...
demo.pcm not found, waiting...
demo.pcm not found, waiting...
demo.pcm not found, waiting...
demo.pcm not found, waiting...
demo.pcm not found, waiting...
demo.pcm not found, waiting...
demo.pcm not found, waiting...
demo.pcm not found, waiting...
demo.pcm not found, waiting...
demo.pcm not found, waiting...
demo.pcm not found, waiting...
demo.pcm not found, waiting...
demo.pcm not found, waiting...
demo.pcm not found, waiting...
demo.pcm not found, waiting...
demo.pcm not found, waiting...
demo.pcm not found, waiting...
demo.pcm not found, waiting...
demo.pcm not found, waiting...
demo.pcm not found, waiting...
demo.pcm not found, waiting...
demo.pcm not found, waiting...
demo.pcm not found, waiting...
demo.pcm not found, waiting...
demo.pcm not found, waiting...
demo.pcm not found, waiting...
demo.pcm not found, waiting...
demo.pcm not found, waiting...
demo.pcm not found, waiting...
demo.pcm not found, waiting...
demo.pcm not found, waiting...
demo.pcm not found, waiting...
demo.pcm not found, waiting...
demo.pcm not found, waiting...
demo.pcm not found, waiting...
demo.pcm not found, waiting...
demo.pcm not found, waiting...
demo.pcm not found, waiting...
demo.pcm not found, waiting...
demo.pcm not found, waiting...
demo.pcm not found, waiting...
demo.pcm not found, waiting...
demo.pcm not found, waiting...
demo.pcm not found, waiting...
demo.pcm not found, waiting...
demo.pcm not found, waiting...
demo.pcm not found, waiting...
demo.pcm not found, waiting...
demo.pcm not found, waiting...
demo.pcm not found, waiting...
demo.pcm not found, waiting...
demo.pcm not found, waiting...
demo.pcm not found, waiting...
demo.pcm not found, waiting...
demo.pcm not found, waiting...
demo.pcm not found, waiting...
demo.pcm not found, waiting...
demo.pcm not found, waiting...
demo.pcm not found, waiting...
demo.pcm not found, waiting...
demo.pcm not found, waiting...
demo.pcm not found, waiting...
demo.pcm not found, waiting...
demo.pcm not found, waiting...
demo.pcm not found, waiting...
demo.pcm not found, waiting...
demo.pcm not found, waiting...
demo.pcm not found, waiting...
demo.pcm not found, waiting...
demo.pcm not found, waiting...
demo.pcm not found, waiting...
demo.pcm not found, waiting...
demo.pcm not found, waiting...
demo.pcm not found, waiting...
demo.pcm not found, waiting...
demo.pcm not found, waiting...
demo.pcm not found, waiting...
demo.pcm not found, waiting...
demo.pcm not found, waiting...
demo.pcm not found, waiting...
demo.pcm not found, waiting...
demo.pcm not found, waiting...
demo.pcm not found, waiting...
demo.pcm not found, waiting...
demo.pcm not found, waiting...
demo.pcm not found, waiting...
demo.pcm not found, waiting...
demo.pcm not found, waiting...
demo.pcm not found, waiting...
demo.pcm not found, waiting...
demo.pcm not found, waiting...
demo.pcm not found, waiting...
demo.pcm not found, waiting...
demo.pcm not found, waiting...
demo.pcm not found, waiting...
demo.pcm not found, waiting...
demo.pcm not found, waiting...
demo.pcm not found, waiting...
demo.pcm not found, waiting...
demo.pcm not found, waiting...
demo.pcm not found, waiting...
demo.pcm not found, waiting...
demo.pcm not found, waiting...
demo.pcm not found, waiting...
demo.pcm not found, waiting...
demo.pcm not found, waiting...
demo.pcm not found, waiting...
demo.pcm not found, waiting...
demo.pcm not found, waiting...
demo.pcm not found, waiting...
demo.pcm not found, waiting...
demo.pcm not found, waiting...
demo.pcm not found, waiting...
demo.pcm not found, waiting...
demo.pcm not found, waiting...
demo.pcm not found, waiting...
demo.pcm not found, waiting...
demo.pcm not found, waiting...
demo.pcm not found, waiting...
demo.pcm not found, waiting...
demo.pcm not found, waiting...
demo.pcm not found, waiting...
demo.pcm not found, waiting...
demo.pcm not found, waiting...
demo.pcm not found, waiting...
demo.pcm not found, waiting...
demo.pcm not found, waiting...
demo.pcm not found, waiting...
demo.pcm not found, waiting...
demo.pcm not found, waiting...
demo.pcm not found, waiting...
demo.pcm not found, waiting...
demo.pcm not found, waiting...
demo.pcm not found, waiting...
demo.pcm not found, waiting...
demo.pcm not found, waiting...
demo.pcm not found, waiting...
demo.pcm not found, waiting...
demo.pcm not found, waiting...
demo.pcm not found, waiting...
demo.pcm not found, waiting...
demo.pcm not found, waiting...
demo.pcm not found, waiting...
demo.pcm not found, waiting...
demo.pcm not found, waiting...
demo.pcm not found, waiting...
demo.pcm not found, waiting...
demo.pcm not found, waiting...
demo.pcm not found, waiting...
demo.pcm not found, waiting...
demo.pcm not found, waiting...
demo.pcm not found, waiting...
demo.pcm not found, waiting...
demo.pcm not found, waiting...
demo.pcm not found, waiting...
demo.pcm not found, waiting...
demo.pcm not found, waiting...
demo.pcm not found, waiting...
demo.pcm not found, waiting...
demo.pcm not found, waiting...
demo.pcm not found, waiting...
demo.pcm not found, waiting...
demo.pcm not found, waiting...
demo.pcm not found, waiting...
demo.pcm not found, waiting...
demo.pcm not found, waiting...
demo.pcm not found, waiting...
demo.pcm not found, waiting...
demo.pcm not found, waiting...
demo.pcm not found, waiting...
demo.pcm not found, waiting...
demo.pcm not found, waiting...
demo.pcm not found, waiting...
demo.pcm not found, waiting...
demo.pcm not found, waiting...
demo.pcm not found, waiting...
demo.pcm not found, waiting...
demo.pcm not found, waiting...
demo.pcm not found, waiting...
demo.pcm not found, waiting...
demo.pcm not found, waiting...
demo.pcm not found, waiting...
demo.pcm not found, waiting...
demo.pcm not found, waiting...
demo.pcm not found, waiting...
demo.pcm not found, waiting...
demo.pcm not found, waiting...
demo.pcm not found, waiting...
demo.pcm not found, waiting...
demo.pcm not found, waiting...
demo.pcm not found, waiting...
demo.pcm not found, waiting...
demo.pcm not found, waiting...
demo.pcm not found, waiting...
demo.pcm not found, waiting...
demo.pcm not found, waiting...
demo.pcm not found, waiting...
demo.pcm not found, waiting...
demo.pcm not found, waiting...
demo.pcm not found, waiting...
demo.pcm not found, waiting...
demo.pcm not found, waiting...
demo.pcm not found, waiting...
demo.pcm not found, waiting...
demo.pcm not found, waiting...
demo.pcm not found, waiting...
demo.pcm not found, waiting...
demo.pcm not found, waiting...
demo.pcm not found, waiting...
demo.pcm not found, waiting...
demo.pcm not found, waiting...
demo.pcm not found, waiting...
demo.pcm not found, waiting...
demo.pcm not found, waiting...
demo.pcm not found, waiting...
demo.pcm not found, waiting...
demo.pcm not found, waiting...
demo.pcm not found, waiting...
demo.pcm not found, waiting...
demo.pcm not found, waiting...
demo.pcm not found, waiting...
demo.pcm not found, waiting...
demo.pcm not found, waiting...
demo.pcm not found, waiting...
demo.pcm not found, waiting...
demo.pcm not found, waiting...
demo.pcm not found, waiting...
demo.pcm not found, waiting...
demo.pcm not found, waiting...
demo.pcm not found, waiting...
demo.pcm not found, waiting...
demo.pcm not found, waiting...
demo.pcm not found, waiting...
demo.pcm not found, waiting...
demo.pcm not found, waiting...
demo.pcm not found, waiting...
demo.pcm not found, waiting...
demo.pcm not found, waiting...
demo.pcm not found, waiting...
demo.pcm not found, waiting...
demo.pcm not found, waiting...
demo.pcm not found, waiting...
demo.pcm not found, waiting...
demo.pcm not found, waiting...
demo.pcm not found, waiting...
demo.pcm not found, waiting...
demo.pcm not found, waiting...
demo.pcm not found, waiting...
demo.pcm not found, waiting...
demo.pcm not found, waiting...
demo.pcm not found, waiting...
demo.pcm not found, waiting...
demo.pcm not found, waiting...
demo.pcm not found, waiting...
demo.pcm not found, waiting...
demo.pcm not found, waiting...
demo.pcm not found, waiting...
demo.pcm not found, waiting...
demo.pcm not found, waiting...
demo.pcm not found, waiting...
demo.pcm not found, waiting...
demo.pcm not found, waiting...
demo.pcm not found, waiting...
demo.pcm not found, waiting...
demo.pcm not found, waiting...
demo.pcm not found, waiting...
demo.pcm not found, waiting...
demo.pcm not found, waiting...
demo.pcm not found, waiting...
demo.pcm not found, waiting...
demo.pcm not found, waiting...
demo.pcm not found, waiting...
demo.pcm not found, waiting...
demo.pcm not found, waiting...
demo.pcm not found, waiting...
demo.pcm not found, waiting...
demo.pcm not found, waiting...
demo.pcm not found, waiting...
demo.pcm not found, waiting...
demo.pcm not found, waiting...
demo.pcm not found, waiting...
demo.pcm not found, waiting...
demo.pcm not found, waiting...
demo.pcm not found, waiting...
demo.pcm not found, waiting...
demo.pcm not found, waiting...
demo.pcm not found, waiting...
demo.pcm not found, waiting...
demo.pcm not found, waiting...
demo.pcm not found, waiting...
demo.pcm not found, waiting...
demo.pcm not found, waiting...
demo.pcm not found, waiting...
demo.pcm not found, waiting...
demo.pcm not found, waiting...
demo.pcm not found, waiting...
demo.pcm not found, waiting...
demo.pcm not found, waiting...
demo.pcm not found, waiting...
demo.pcm not found, waiting...
demo.pcm not found, waiting...
demo.pcm not found, waiting...
demo.pcm not found, waiting...
demo.pcm not found, waiting...
demo.pcm not found, waiting...
demo.pcm not found, waiting...
demo.pcm not found, waiting...
demo.pcm not found, waiting...
demo.pcm not found, waiting...
demo.pcm not found, waiting...
demo.pcm not found, waiting...
demo.pcm not found, waiting...
demo.pcm not found, waiting...
demo.pcm not found, waiting...
demo.pcm not found, waiting...
demo.pcm not found, waiting...
demo.pcm not found, waiting...
demo.pcm not found, waiting...
demo.pcm not found, waiting...
demo.pcm not found, waiting...
demo.pcm not found, waiting...
demo.pcm not found, waiting...
demo.pcm not found, waiting...
demo.pcm not found, waiting...
demo.pcm not found, waiting...
demo.pcm not found, waiting...
demo.pcm not found, waiting...
demo.pcm not found, waiting...
demo.pcm not found, waiting...
demo.pcm not found, waiting...
demo.pcm not found, waiting...
demo.pcm not found, waiting...
demo.pcm not found, waiting...
demo.pcm not found, waiting...
demo.pcm not found, waiting...
demo.pcm not found, waiting...
demo.pcm not found, waiting...
demo.pcm not found, waiting...
demo.pcm not found, waiting...
demo.pcm not found, waiting...
demo.pcm not found, waiting...
demo.pcm not found, waiting...
demo.pcm not found, waiting...
demo.pcm not found, waiting...
demo.pcm not found, waiting...
demo.pcm not found, waiting...
demo.pcm not found, waiting...
demo.pcm not found, waiting...
demo.pcm not found, waiting...
demo.pcm not found, waiting...
demo.pcm not found, waiting...
demo.pcm not found, waiting...
demo.pcm not found, waiting...
demo.pcm not found, waiting...
demo.pcm not found, waiting...
demo.pcm not found, waiting...
demo.pcm not found, waiting...
demo.pcm not found, waiting...
demo.pcm not found, waiting...
demo.pcm not found, waiting...
demo.pcm not found, waiting...
demo.pcm not found, waiting...
demo.pcm not found, waiting...
demo.pcm not found, waiting...
demo.pcm not found, waiting...
demo.pcm not found, waiting...
demo.pcm not found, waiting...
demo.pcm not found, waiting...
demo.pcm not found, waiting...
demo.pcm not found, waiting...
demo.pcm not found, waiting...
demo.pcm not found, waiting...
demo.pcm not found, waiting...
demo.pcm not found, waiting...
demo.pcm not found, waiting...
demo.pcm not found, waiting...
demo.pcm not found, waiting...
demo.pcm not found, waiting...
demo.pcm not found, waiting...
demo.pcm not found, waiting...
demo.pcm not found, waiting...
demo.pcm not found, waiting...
demo.pcm not found, waiting...
demo.pcm not found, waiting...
demo.pcm not found, waiting...
demo.pcm not found, waiting...
demo.pcm not found, waiting...
demo.pcm not found, waiting...
demo.pcm not found, waiting...
demo.pcm not found, waiting...
demo.pcm not found, waiting...
demo.pcm not found, waiting...
demo.pcm not found, waiting...
demo.pcm not found, waiting...
demo.pcm not found, waiting...
demo.pcm not found, waiting...
demo.pcm not found, waiting...
demo.pcm not found, waiting...
demo.pcm not found, waiting...
demo.pcm not found, waiting...
demo.pcm not found, waiting...
demo.pcm not found, waiting...
demo.pcm not found, waiting...
demo.pcm not found, waiting...
demo.pcm not found, waiting...
demo.pcm not found, waiting...
demo.pcm not found, waiting...
demo.pcm not found, waiting...
demo.pcm not found, waiting...
demo.pcm not found, waiting...
demo.pcm not found, waiting...
demo.pcm not found, waiting...
demo.pcm not found, waiting...
demo.pcm not found, waiting...
demo.pcm not found, waiting...
demo.pcm not found, waiting...
demo.pcm not found, waiting...
demo.pcm not found, waiting...
demo.pcm not found, waiting...
demo.pcm not found, waiting...
demo.pcm not found, waiting...
demo.pcm not found, waiting...
demo.pcm not found, waiting...
demo.pcm not found, waiting...
demo.pcm not found, waiting...
demo.pcm not found, waiting...
demo.pcm not found, waiting...
demo.pcm not found, waiting...
demo.pcm not found, waiting...
demo.pcm not found, waiting...
demo.pcm not found, waiting...
demo.pcm not found, waiting...
demo.pcm not found, waiting...
demo.pcm not found, waiting...
demo.pcm not found, waiting...
demo.pcm not found, waiting...
demo.pcm not found, waiting...
demo.pcm not found, waiting...
demo.pcm not found, waiting...
demo.pcm not found, waiting...
demo.pcm not found, waiting...
demo.pcm not found, waiting...
demo.pcm not found, waiting...
demo.pcm not found, waiting...
demo.pcm not found, waiting...
demo.pcm not found, waiting...
demo.pcm not found, waiting...
demo.pcm not found, waiting...
demo.pcm not found, waiting...
demo.pcm not found, waiting...
demo.pcm not found, waiting...
demo.pcm not found, waiting...
demo.pcm not found, waiting...
demo.pcm not found, waiting...
demo.pcm not found, waiting...
demo.pcm not found, waiting...
demo.pcm not found, waiting...
demo.pcm not found, waiting...
demo.pcm not found, waiting...
demo.pcm not found, waiting...
demo.pcm not found, waiting...
demo.pcm not found, waiting...
demo.pcm not found, waiting...
demo.pcm not found, waiting...
demo.pcm not found, waiting...
demo.pcm not found, waiting...
demo.pcm not found, waiting...
demo.pcm not found, waiting...
demo.pcm not found, waiting...
demo.pcm not found, waiting...
demo.pcm not found, waiting...
demo.pcm not found, waiting...
demo.pcm not found, waiting...
demo.pcm not found, waiting...
demo.pcm not found, waiting...
demo.pcm not found, waiting...
demo.pcm not found, waiting...
demo.pcm not found, waiting...
demo.pcm not found, waiting...
demo.pcm not found, waiting...
demo.pcm not found, waiting...
demo.pcm not found, waiting...
demo.pcm not found, waiting...
demo.pcm not found, waiting...
demo.pcm not found, waiting...
demo.pcm not found, waiting...
demo.pcm not found, waiting...
demo.pcm not found, waiting...
demo.pcm not found, waiting...
demo.pcm not found, waiting...
demo.pcm not found, waiting...
demo.pcm not found, waiting...
demo.pcm not found, waiting...
demo.pcm not found, waiting...
demo.pcm not found, waiting...
demo.pcm not found, waiting...
demo.pcm not found, waiting...
demo.pcm not found, waiting...
demo.pcm not found, waiting...
demo.pcm not found, waiting...
demo.pcm not found, waiting...
demo.pcm not found, waiting...
demo.pcm not found, waiting...
demo.pcm not found, waiting...
demo.pcm not found, waiting...
demo.pcm not found, waiting...
demo.pcm not found, waiting...
demo.pcm not found, waiting...
demo.pcm not found, waiting...
demo.pcm not found, waiting...
demo.pcm not found, waiting...
demo.pcm not found, waiting...
demo.pcm not found, waiting...
demo.pcm not found, waiting...
demo.pcm not found, waiting...
demo.pcm not found, waiting...
demo.pcm not found, waiting...
demo.pcm not found, waiting...
demo.pcm not found, waiting...
demo.pcm not found, waiting...
demo.pcm not found, waiting...
demo.pcm not found, waiting...
demo.pcm not found, waiting...
demo.pcm not found, waiting...
demo.pcm not found, waiting...
demo.pcm not found, waiting...
demo.pcm not found, waiting...
demo.pcm not found, waiting...
demo.pcm not found, waiting...
demo.pcm not found, waiting...
demo.pcm not found, waiting...
demo.pcm not found, waiting...
demo.pcm not found, waiting...
demo.pcm not found, waiting...
demo.pcm not found, waiting...
demo.pcm not found, waiting...
demo.pcm not found, waiting...
demo.pcm not found, waiting...
demo.pcm not found, waiting...
demo.pcm not found, waiting...
demo.pcm not found, waiting...
demo.pcm not found, waiting...
demo.pcm not found, waiting...
demo.pcm not found, waiting...
demo.pcm not found, waiting...
demo.pcm not found, waiting...
demo.pcm not found, waiting...
demo.pcm not found, waiting...
demo.pcm not found, waiting...
demo.pcm not found, waiting...
demo.pcm not found, waiting...
demo.pcm not found, waiting...
demo.pcm not found, waiting...
demo.pcm not found, waiting...
demo.pcm not found, waiting...
demo.pcm not found, waiting...
demo.pcm not found, waiting...
demo.pcm not found, waiting...
demo.pcm not found, waiting...
demo.pcm not found, waiting...
demo.pcm not found, waiting...
demo.pcm not found, waiting...
demo.pcm not found, waiting...
demo.pcm not found, waiting...
demo.pcm not found, waiting...
demo.pcm not found, waiting...
demo.pcm not found, waiting...
demo.pcm not found, waiting...
demo.pcm not found, waiting...
demo.pcm not found, waiting...
demo.pcm not found, waiting...
demo.pcm not found, waiting...
demo.pcm not found, waiting...
demo.pcm not found, waiting...
demo.pcm not found, waiting...
demo.pcm not found, waiting...
demo.pcm not found, waiting...
demo.pcm not found, waiting...
demo.pcm not found, waiting...
demo.pcm not found, waiting...
demo.pcm not found, waiting...
demo.pcm not found, waiting...
demo.pcm not found, waiting...
demo.pcm not found, waiting...
demo.pcm not found, waiting...
demo.pcm not found, waiting...
demo.pcm not found, waiting...
demo.pcm not found, waiting...
demo.pcm not found, waiting...
demo.pcm not found, waiting...
demo.pcm not found, waiting...
demo.pcm not found, waiting...
demo.pcm not found, waiting...
demo.pcm not found, waiting...
demo.pcm not found, waiting...
demo.pcm not found, waiting...
demo.pcm not found, waiting...
demo.pcm not found, waiting...
demo.pcm not found, waiting...
demo.pcm not found, waiting...
demo.pcm not found, waiting...
demo.pcm not found, waiting...
demo.pcm not found, waiting...
demo.pcm not found, waiting...
demo.pcm not found, waiting...
demo.pcm not found, waiting...
demo.pcm not found, waiting...
demo.pcm not found, waiting...
demo.pcm not found, waiting...
demo.pcm not found, waiting...
demo.pcm not found, waiting...
demo.pcm not found, waiting...
demo.pcm not found, waiting...
demo.pcm not found, waiting...
demo.pcm not found, waiting...
demo.pcm not found, waiting...
demo.pcm not found, waiting...
demo.pcm not found, waiting...
demo.pcm not found, waiting...
demo.pcm not found, waiting...
demo.pcm not found, waiting...
demo.pcm not found, waiting...
demo.pcm not found, waiting...
demo.pcm not found, waiting...
demo.pcm not found, waiting...
demo.pcm not found, waiting...
demo.pcm not found, waiting...
demo.pcm not found, waiting...
demo.pcm not found, waiting...
demo.pcm not found, waiting...
demo.pcm not found, waiting...
demo.pcm not found, waiting...
demo.pcm not found, waiting...
demo.pcm not found, waiting...
demo.pcm not found, waiting...
demo.pcm not found, waiting...
demo.pcm not found, waiting...
demo.pcm not found, waiting...
demo.pcm not found, waiting...
demo.pcm not found, waiting...
demo.pcm not found, waiting...
demo.pcm not found, waiting...
demo.pcm not found, waiting...
demo.pcm not found, waiting...
demo.pcm not found, waiting...
demo.pcm not found, waiting...
demo.pcm not found, waiting...
demo.pcm not found, waiting...
demo.pcm not found, waiting...
demo.pcm not found, waiting...
demo.pcm not found, waiting...
demo.pcm not found, waiting...
demo.pcm not found, waiting...
demo.pcm not found, waiting...
demo.pcm not found, waiting...
demo.pcm not found, waiting...
demo.pcm not found, waiting...
demo.pcm not found, waiting...
demo.pcm not found, waiting...
demo.pcm not found, waiting...
demo.pcm not found, waiting...
demo.pcm not found, waiting...
demo.pcm not found, waiting...
demo.pcm not found, waiting...
demo.pcm not found, waiting...
demo.pcm not found, waiting...
demo.pcm not found, waiting...
demo.pcm not found, waiting...
demo.pcm not found, waiting...
demo.pcm not found, waiting...
demo.pcm not found, waiting...
demo.pcm not found, waiting...
demo.pcm not found, waiting...
demo.pcm not found, waiting...
demo.pcm not found, waiting...
demo.pcm not found, waiting...
demo.pcm not found, waiting...
demo.pcm not found, waiting...
demo.pcm not found, waiting...
demo.pcm not found, waiting...
demo.pcm not found, waiting...
demo.pcm not found, waiting...
demo.pcm not found, waiting...
demo.pcm not found, waiting...
demo.pcm not found, waiting...
demo.pcm not found, waiting...
demo.pcm not found, waiting...
demo.pcm not found, waiting...
demo.pcm not found, waiting...
demo.pcm not found, waiting...
demo.pcm not found, waiting...
demo.pcm not found, waiting...
demo.pcm not found, waiting...
demo.pcm not found, waiting...
demo.pcm not found, waiting...
demo.pcm not found, waiting...
demo.pcm not found, waiting...
demo.pcm not found, waiting...
demo.pcm not found, waiting...
demo.pcm not found, waiting...
demo.pcm not found, waiting...
demo.pcm not found, waiting...
demo.pcm not found, waiting...
demo.pcm not found, waiting...
demo.pcm not found, waiting...
demo.pcm not found, waiting...
demo.pcm not found, waiting...
demo.pcm not found, waiting...
demo.pcm not found, waiting...
demo.pcm not found, waiting...
demo.pcm not found, waiting...
demo.pcm not found, waiting...
demo.pcm not found, waiting...
demo.pcm not found, waiting...
demo.pcm not found, waiting...
demo.pcm not found, waiting...
demo.pcm not found, waiting...
demo.pcm not found, waiting...
demo.pcm not found, waiting...
demo.pcm not found, waiting...
demo.pcm not found, waiting...
demo.pcm not found, waiting...
demo.pcm not found, waiting...
demo.pcm not found, waiting...
demo.pcm not found, waiting...
demo.pcm not found, waiting...
demo.pcm not found, waiting...
demo.pcm not found, waiting...
demo.pcm not found, waiting...
demo.pcm not found, waiting...
demo.pcm not found, waiting...
demo.pcm not found, waiting...
demo.pcm not found, waiting...
demo.pcm not found, waiting...
demo.pcm not found, waiting...
demo.pcm not found, waiting...
demo.pcm not found, waiting...
demo.pcm not found, waiting...
demo.pcm not found, waiting...
demo.pcm not found, waiting...
demo.pcm not found, waiting...
demo.pcm not found, waiting...
demo.pcm not found, waiting...
demo.pcm not found, waiting...
demo.pcm not found, waiting...
demo.pcm not found, waiting...
demo.pcm not found, waiting...
demo.pcm not found, waiting...
demo.pcm not found, waiting...
demo.pcm not found, waiting...
demo.pcm not found, waiting...
demo.pcm not found, waiting...
demo.pcm not found, waiting...
demo.pcm not found, waiting...
demo.pcm not found, waiting...
demo.pcm not found, waiting...
demo.pcm not found, waiting...
demo.pcm not found, waiting...
demo.pcm not found, waiting...
demo.pcm not found, waiting...
demo.pcm not found, waiting...
demo.pcm not found, waiting...
demo.pcm not found, waiting...
demo.pcm not found, waiting...
demo.pcm not found, waiting...
demo.pcm not found, waiting...
demo.pcm not found, waiting...
demo.pcm not found, waiting...
demo.pcm not found, waiting...
demo.pcm not found, waiting...
demo.pcm not found, waiting...
demo.pcm not found, waiting...
demo.pcm not found, waiting...
demo.pcm not found, waiting...
demo.pcm not found, waiting...
demo.pcm not found, waiting...
demo.pcm not found, waiting...
demo.pcm not found, waiting...
demo.pcm not found, waiting...
demo.pcm not found, waiting...
demo.pcm not found, waiting...
demo.pcm not found, waiting...
demo.pcm not found, waiting...
demo.pcm not found, waiting...
demo.pcm not found, waiting...
demo.pcm not found, waiting...
demo.pcm not found, waiting...
demo.pcm not found, waiting...
demo.pcm not found, waiting...
demo.pcm not found, waiting...
demo.pcm not found, waiting...
demo.pcm not found, waiting...
demo.pcm not found, waiting...
demo.pcm not found, waiting...
demo.pcm not found, waiting...
demo.pcm not found, waiting...
demo.pcm not found, waiting...
demo.pcm not found, waiting...
demo.pcm not found, waiting...
demo.pcm not found, waiting...
demo.pcm not found, waiting...
demo.pcm not found, waiting...
demo.pcm not found, waiting...
demo.pcm not found, waiting...
demo.pcm not found, waiting...
demo.pcm not found, waiting...
demo.pcm not found, waiting...
demo.pcm not found, waiting...
demo.pcm not found, waiting...
demo.pcm not found, waiting...
demo.pcm not found, waiting...
demo.pcm not found, waiting...
demo.pcm not found, waiting...
demo.pcm not found, waiting...
demo.pcm not found, waiting...
demo.pcm not found, waiting...
demo.pcm not found, waiting...
demo.pcm not found, waiting...
demo.pcm not found, waiting...
demo.pcm not found, waiting...
demo.pcm not found, waiting...
demo.pcm not found, waiting...
demo.pcm not found, waiting...
demo.pcm not found, waiting...
demo.pcm not found, waiting...
demo.pcm not found, waiting...
demo.pcm not found, waiting...
demo.pcm not found, waiting...
demo.pcm not found, waiting...
demo.pcm not found, waiting...
demo.pcm not found, waiting...
demo.pcm not found, waiting...
demo.pcm not found, waiting...
demo.pcm not found, waiting...
demo.pcm not found, waiting...
demo.pcm not found, waiting...
demo.pcm not found, waiting...
demo.pcm not found, waiting...
demo.pcm not found, waiting...
demo.pcm not found, waiting...
demo.pcm not found, waiting...
demo.pcm not found, waiting...
demo.pcm not found, waiting...
demo.pcm not found, waiting...
demo.pcm not found, waiting...
demo.pcm not found, waiting...
demo.pcm not found, waiting...
demo.pcm not found, waiting...
demo.pcm not found, waiting...
demo.pcm not found, waiting...
demo.pcm not found, waiting...
demo.pcm not found, waiting...
demo.pcm not found, waiting...
demo.pcm not found, waiting...
demo.pcm not found, waiting...
demo.pcm not found, waiting...
demo.pcm not found, waiting...
demo.pcm not found, waiting...
demo.pcm not found, waiting...
demo.pcm not found, waiting...
demo.pcm not found, waiting...
demo.pcm not found, waiting...
demo.pcm not found, waiting...
demo.pcm not found, waiting...
demo.pcm not found, waiting...
demo.pcm not found, waiting...
demo.pcm not found, waiting...
demo.pcm not found, waiting...
demo.pcm not found, waiting...
demo.pcm not found, waiting...
demo.pcm not found, waiting...
demo.pcm not found, waiting...
demo.pcm not found, waiting...
demo.pcm not found, waiting...
demo.pcm not found, waiting...
demo.pcm not found, waiting...
demo.pcm not found, waiting...
demo.pcm not found, waiting...
demo.pcm not found, waiting...
demo.pcm not found, waiting...
demo.pcm not found, waiting...
demo.pcm not found, waiting...
demo.pcm not found, waiting...
demo.pcm not found, waiting...
demo.pcm not found, waiting...
demo.pcm not found, waiting...
demo.pcm not found, waiting...
demo.pcm not found, waiting...
demo.pcm not found, waiting...
demo.pcm not found, waiting...
demo.pcm not found, waiting...
demo.pcm not found, waiting...
demo.pcm not found, waiting...
demo.pcm not found, waiting...
demo.pcm not found, waiting...
demo.pcm not found, waiting...
demo.pcm not found, waiting...
demo.pcm not found, waiting...
demo.pcm not found, waiting...
demo.pcm not found, waiting...
demo.pcm not found, waiting...
demo.pcm not found, waiting...
demo.pcm not found, waiting...
demo.pcm not found, waiting...
demo.pcm not found, waiting...
demo.pcm not found, waiting...
demo.pcm not found, waiting...
demo.pcm not found, waiting...
demo.pcm not found, waiting...
demo.pcm not found, waiting...
demo.pcm not found, waiting...
demo.pcm not found, waiting...
demo.pcm not found, waiting...
demo.pcm not found, waiting...
demo.pcm not found, waiting...
demo.pcm not found, waiting...
demo.pcm not found, waiting...
demo.pcm not found, waiting...
demo.pcm not found, waiting...
demo.pcm not found, waiting...
demo.pcm not found, waiting...
demo.pcm not found, waiting...
demo.pcm not found, waiting...
demo.pcm not found, waiting...
demo.pcm not found, waiting...
demo.pcm not found, waiting...
demo.pcm not found, waiting...
demo.pcm not found, waiting...
demo.pcm not found, waiting...
demo.pcm not found, waiting...
demo.pcm not found, waiting...
demo.pcm not found, waiting...
demo.pcm not found, waiting...
demo.pcm not found, waiting...
demo.pcm not found, waiting...
demo.pcm not found, waiting...
demo.pcm not found, waiting...
demo.pcm not found, waiting...
demo.pcm not found, waiting...
demo.pcm not found, waiting...
demo.pcm not found, waiting...
demo.pcm not found, waiting...
demo.pcm not found, waiting...
demo.pcm not found, waiting...
demo.pcm not found, waiting...
demo.pcm not found, waiting...
demo.pcm not found, waiting...
demo.pcm not found, waiting...
demo.pcm not found, waiting...
demo.pcm not found, waiting...
demo.pcm not found, waiting...
demo.pcm not found, waiting...
demo.pcm not found, waiting...
demo.pcm not found, waiting...
demo.pcm not found, waiting...
demo.pcm not found, waiting...
demo.pcm not found, waiting...
demo.pcm not found, waiting...
demo.pcm not found, waiting...
demo.pcm not found, waiting...
demo.pcm not found, waiting...
demo.pcm not found, waiting...
demo.pcm not found, waiting...
demo.pcm not found, waiting...
demo.pcm not found, waiting...
demo.pcm not found, waiting...
demo.pcm not found, waiting...
demo.pcm not found, waiting...
demo.pcm not found, waiting...
demo.pcm not found, waiting...
demo.pcm not found, waiting...
demo.pcm not found, waiting...
demo.pcm not found, waiting...
demo.pcm not found, waiting...
demo.pcm not found, waiting...
demo.pcm not found, waiting...
demo.pcm not found, waiting...
demo.pcm not found, waiting...
demo.pcm not found, waiting...
demo.pcm not found, waiting...
demo.pcm not found, waiting...
demo.pcm not found, waiting...
demo.pcm not found, waiting...
demo.pcm not found, waiting...
demo.pcm not found, waiting...
demo.pcm not found, waiting...
demo.pcm not found, waiting...
demo.pcm not found, waiting...
demo.pcm not found, waiting...
demo.pcm not found, waiting...
demo.pcm not found, waiting...
demo.pcm not found, waiting...
demo.pcm not found, waiting...
demo.pcm not found, waiting...
demo.pcm not found, waiting...
demo.pcm not found, waiting...
demo.pcm not found, waiting...
demo.pcm not found, waiting...
demo.pcm not found, waiting...
demo.pcm not found, waiting...
demo.pcm not found, waiting...
demo.pcm not found, waiting...
demo.pcm not found, waiting...
demo.pcm not found, waiting...
demo.pcm not found, waiting...
demo.pcm not found, waiting...
demo.pcm not found, waiting...
demo.pcm not found, waiting...
demo.pcm not found, waiting...
demo.pcm not found, waiting...
demo.pcm not found, waiting...
demo.pcm not found, waiting...
demo.pcm not found, waiting...
demo.pcm not found, waiting...
demo.pcm not found, waiting...
demo.pcm not found, waiting...
demo.pcm not found, waiting...
demo.pcm not found, waiting...
demo.pcm not found, waiting...
demo.pcm not found, waiting...
demo.pcm not found, waiting...
demo.pcm not found, waiting...
demo.pcm not found, waiting...
demo.pcm not found, waiting...
demo.pcm not found, waiting...
demo.pcm not found, waiting...
demo.pcm not found, waiting...
demo.pcm not found, waiting...
demo.pcm not found, waiting...
demo.pcm not found, waiting...
demo.pcm not found, waiting...
demo.pcm not found, waiting...
demo.pcm not found, waiting...
demo.pcm not found, waiting...
demo.pcm not found, waiting...
demo.pcm not found, waiting...
demo.pcm not found, waiting...
demo.pcm not found, waiting...
demo.pcm not found, waiting...
demo.pcm not found, waiting...
demo.pcm not found, waiting...
demo.pcm not found, waiting...
demo.pcm not found, waiting...
demo.pcm not found, waiting...
demo.pcm not found, waiting...
demo.pcm not found, waiting...
demo.pcm not found, waiting...
demo.pcm not found, waiting...
demo.pcm not found, waiting...
demo.pcm not found, waiting...
demo.pcm not found, waiting...
demo.pcm not found, waiting...
demo.pcm not found, waiting...
demo.pcm not found, waiting...
demo.pcm not found, waiting...
demo.pcm not found, waiting...
demo.pcm not found, waiting...
demo.pcm not found, waiting...
demo.pcm not found, waiting...
demo.pcm not found, waiting...
demo.pcm not found, waiting...
demo.pcm not found, waiting...
demo.pcm not found, waiting...
demo.pcm not found, waiting...
demo.pcm not found, waiting...
demo.pcm not found, waiting...
demo.pcm not found, waiting...
demo.pcm not found, waiting...
demo.pcm not found, waiting...
demo.pcm not found, waiting...
demo.pcm not found, waiting...
demo.pcm not found, waiting...
demo.pcm not found, waiting...
demo.pcm not found, waiting...
demo.pcm not found, waiting...
demo.pcm not found, waiting...
demo.pcm not found, waiting...
demo.pcm not found, waiting...
demo.pcm not found, waiting...
demo.pcm not found, waiting...
demo.pcm not found, waiting...
demo.pcm not found, waiting...
demo.pcm not found, waiting...
demo.pcm not found, waiting...
demo.pcm not found, waiting...
demo.pcm not found, waiting...
demo.pcm not found, waiting...
demo.pcm not found, waiting...
demo.pcm not found, waiting...
demo.pcm not found, waiting...
demo.pcm not found, waiting...
demo.pcm not found, waiting...
demo.pcm not found, waiting...
demo.pcm not found, waiting...
demo.pcm not found, waiting...
demo.pcm not found, waiting...
demo.pcm not found, waiting...
demo.pcm not found, waiting...
demo.pcm not found, waiting...
demo.pcm not found, waiting...
demo.pcm not found, waiting...
demo.pcm not found, waiting...
demo.pcm not found, waiting...
demo.pcm not found, waiting...
demo.pcm not found, waiting...
demo.pcm not found, waiting...
demo.pcm not found, waiting...
demo.pcm not found, waiting...
demo.pcm not found, waiting...
demo.pcm not found, waiting...
demo.pcm not found, waiting...
demo.pcm not found, waiting...
demo.pcm not found, waiting...
demo.pcm not found, waiting...
demo.pcm not found, waiting...
demo.pcm not found, waiting...
demo.pcm not found, waiting...
demo.pcm not found, waiting...
demo.pcm not found, waiting...
demo.pcm not found, waiting...
demo.pcm not found, waiting...
demo.pcm not found, waiting...
demo.pcm not found, waiting...
demo.pcm not found, waiting...
demo.pcm not found, waiting...
demo.pcm not found, waiting...
demo.pcm not found, waiting...
demo.pcm not found, waiting...
demo.pcm not found, waiting...
demo.pcm not found, waiting...
demo.pcm not found, waiting...
demo.pcm not found, waiting...
demo.pcm not found, waiting...
demo.pcm not found, waiting...
demo.pcm not found, waiting...
demo.pcm not found, waiting...
demo.pcm not found, waiting...
demo.pcm not found, waiting...
demo.pcm not found, waiting...
demo.pcm not found, waiting...
demo.pcm not found, waiting...
demo.pcm not found, waiting...
demo.pcm not found, waiting...
demo.pcm not found, waiting...
demo.pcm not found, waiting...
demo.pcm not found, waiting...
demo.pcm not found, waiting...
demo.pcm not found, waiting...
demo.pcm not found, waiting...
demo.pcm not found, waiting...
demo.pcm not found, waiting...
demo.pcm not found, waiting...
demo.pcm not found, waiting...
demo.pcm not found, waiting...
demo.pcm not found, waiting...
demo.pcm not found, waiting...
demo.pcm not found, waiting...
demo.pcm not found, waiting...
demo.pcm not found, waiting...
demo.pcm not found, waiting...
demo.pcm not found, waiting...
demo.pcm not found, waiting...
demo.pcm not found, waiting...
demo.pcm not found, waiting...
demo.pcm not found, waiting...
demo.pcm not found, waiting...
demo.pcm not found, waiting...
demo.pcm not found, waiting...
demo.pcm not found, waiting...
demo.pcm not found, waiting...
demo.pcm not found, waiting...
demo.pcm not found, waiting...
demo.pcm not found, waiting...
demo.pcm not found, waiting...
demo.pcm not found, waiting...
demo.pcm not found, waiting...
demo.pcm not found, waiting...
demo.pcm not found, waiting...
demo.pcm not found, waiting...
demo.pcm not found, waiting...
demo.pcm not found, waiting...
demo.pcm not found, waiting...
demo.pcm not found, waiting...
demo.pcm not found, waiting...
demo.pcm not found, waiting...
demo.pcm not found, waiting...
demo.pcm not found, waiting...
demo.pcm not found, waiting...
demo.pcm not found, waiting...
demo.pcm not found, waiting...
demo.pcm not found, waiting...
demo.pcm not found, waiting...
demo.pcm not found, waiting...
demo.pcm not found, waiting...
demo.pcm not found, waiting...
demo.pcm not found, waiting...
demo.pcm not found, waiting...
demo.pcm not found, waiting...
demo.pcm not found, waiting...
demo.pcm not found, waiting...
demo.pcm not found, waiting...
demo.pcm not found, waiting...
demo.pcm not found, waiting...
demo.pcm not found, waiting...
demo.pcm not found, waiting...
demo.pcm not found, waiting...
demo.pcm not found, waiting...
demo.pcm not found, waiting...
demo.pcm not found, waiting...
demo.pcm not found, waiting...
demo.pcm not found, waiting...
demo.pcm not found, waiting...
demo.pcm not found, waiting...
demo.pcm not found, waiting...
demo.pcm not found, waiting...
demo.pcm not found, waiting...
demo.pcm not found, waiting...
demo.pcm not found, waiting...
demo.pcm not found, waiting...
demo.pcm not found, waiting...
demo.pcm not found, waiting...
demo.pcm not found, waiting...
demo.pcm not found, waiting...
demo.pcm not found, waiting...
demo.pcm not found, waiting...
demo.pcm not found, waiting...
demo.pcm not found, waiting...
demo.pcm not found, waiting...
demo.pcm not found, waiting...
demo.pcm not found, waiting...
demo.pcm not found, waiting...
demo.pcm not found, waiting...
demo.pcm not found, waiting...
demo.pcm not found, waiting...
demo.pcm not found, waiting...
demo.pcm not found, waiting...
demo.pcm not found, waiting...
demo.pcm not found, waiting...
demo.pcm not found, waiting...
demo.pcm not found, waiting...
demo.pcm not found, waiting...
demo.pcm not found, waiting...
demo.pcm not found, waiting...
demo.pcm not found, waiting...
demo.pcm not found, waiting...
demo.pcm not found, waiting...
demo.pcm not found, waiting...
demo.pcm not found, waiting...
demo.pcm not found, waiting...
demo.pcm not found, waiting...
demo.pcm not found, waiting...
demo.pcm not found, waiting...
demo.pcm not found, waiting...
demo.pcm not found, waiting...
demo.pcm not found, waiting...
demo.pcm not found, waiting...
demo.pcm not found, waiting...
demo.pcm not found, waiting...
demo.pcm not found, waiting...
demo.pcm not found, waiting...
demo.pcm not found, waiting...
demo.pcm not found, waiting...
demo.pcm not found, waiting...
demo.pcm not found, waiting...
demo.pcm not found, waiting...
demo.pcm not found, waiting...
demo.pcm not found, waiting...
demo.pcm not found, waiting...
demo.pcm not found, waiting...
demo.pcm not found, waiting...
demo.pcm not found, waiting...
demo.pcm not found, waiting...
demo.pcm not found, waiting...
demo.pcm not found, waiting...
demo.pcm not found, waiting...
demo.pcm not found, waiting...
demo.pcm not found, waiting...
demo.pcm not found, waiting...
demo.pcm not found, waiting...
demo.pcm not found, waiting...
demo.pcm not found, waiting...
demo.pcm not found, waiting...
demo.pcm not found, waiting...
demo.pcm not found, waiting...
demo.pcm not found, waiting...
demo.pcm not found, waiting...
demo.pcm not found, waiting...
demo.pcm not found, waiting...
demo.pcm not found, waiting...
demo.pcm not found, waiting...
demo.pcm not found, waiting...
demo.pcm not found, waiting...
demo.pcm not found, waiting...
demo.pcm not found, waiting...
demo.pcm not found, waiting...
demo.pcm not found, waiting...
demo.pcm not found, waiting...
demo.pcm not found, waiting...
demo.pcm not found, waiting...
demo.pcm not found, waiting...
demo.pcm not found, waiting...
demo.pcm not found, waiting...
demo.pcm not found, waiting...
demo.pcm not found, waiting...
demo.pcm not found, waiting...
demo.pcm not found, waiting...
demo.pcm not found, waiting...
demo.pcm not found, waiting...
demo.pcm not found, waiting...
demo.pcm not found, waiting...
demo.pcm not found, waiting...
demo.pcm not found, waiting...
demo.pcm not found, waiting...
demo.pcm not found, waiting...
demo.pcm not found, waiting...
demo.pcm not found, waiting...
demo.pcm not found, waiting...
demo.pcm not found, waiting...
demo.pcm not found, waiting...
demo.pcm not found, waiting...
demo.pcm not found, waiting...
demo.pcm not found, waiting...
demo.pcm not found, waiting...
demo.pcm not found, waiting...
demo.pcm not found, waiting...
demo.pcm not found, waiting...
demo.pcm not found, waiting...
demo.pcm not found, waiting...
demo.pcm not found, waiting...
demo.pcm not found, waiting...
demo.pcm not found, waiting...
demo.pcm not found, waiting...
demo.pcm not found, waiting...
demo.pcm not found, waiting...
demo.pcm not found, waiting...
demo.pcm not found, waiting...
demo.pcm not found, waiting...
demo.pcm not found, waiting...
demo.pcm not found, waiting...
demo.pcm not found, waiting...
demo.pcm not found, waiting...
demo.pcm not found, waiting...
demo.pcm not found, waiting...
demo.pcm not found, waiting...
demo.pcm not found, waiting...
demo.pcm not found, waiting...
demo.pcm not found, waiting...
demo.pcm not found, waiting...
demo.pcm not found, waiting...
demo.pcm not found, waiting...
demo.pcm not found, waiting...
demo.pcm not found, waiting...
demo.pcm not found, waiting...
demo.pcm not found, waiting...
demo.pcm not found, waiting...
demo.pcm not found, waiting...
demo.pcm not found, waiting...
demo.pcm not found, waiting...
demo.pcm not found, waiting...
demo.pcm not found, waiting...
demo.pcm not found, waiting...
demo.pcm not found, waiting...
demo.pcm not found, waiting...
demo.pcm not found, waiting...
demo.pcm not found, waiting...
demo.pcm not found, waiting...
demo.pcm not found, waiting...
demo.pcm not found, waiting...
demo.pcm not found, waiting...
demo.pcm not found, waiting...
demo.pcm not found, waiting...
demo.pcm not found, waiting...
demo.pcm not found, waiting...
demo.pcm not found, waiting...
demo.pcm not found, waiting...
demo.pcm not found, waiting...
demo.pcm not found, waiting...
demo.pcm not found, waiting...
demo.pcm not found, waiting...
demo.pcm not found, waiting...
demo.pcm not found, waiting...
demo.pcm not found, waiting...
demo.pcm not found, waiting...
demo.pcm not found, waiting...
demo.pcm not found, waiting...
demo.pcm not found, waiting...
demo.pcm not found, waiting...
demo.pcm not found, waiting...
demo.pcm not found, waiting...
demo.pcm not found, waiting...
demo.pcm not found, waiting...
demo.pcm not found, waiting...
demo.pcm not found, waiting...
demo.pcm not found, waiting...
demo.pcm not found, waiting...
demo.pcm not found, waiting...
demo.pcm not found, waiting...
demo.pcm not found, waiting...
demo.pcm not found, waiting...
demo.pcm not found, waiting...
demo.pcm not found, waiting...
demo.pcm not found, waiting...
demo.pcm not found, waiting...
demo.pcm not found, waiting...
demo.pcm not found, waiting...
demo.pcm not found, waiting...
demo.pcm not found, waiting...
demo.pcm not found, waiting...
demo.pcm not found, waiting...
demo.pcm not found, waiting...
demo.pcm not found, waiting...
demo.pcm not found, waiting...
demo.pcm not found, waiting...
demo.pcm not found, waiting...
demo.pcm not found, waiting...
demo.pcm not found, waiting...
demo.pcm not found, waiting...
demo.pcm not found, waiting...
demo.pcm not found, waiting...
demo.pcm not found, waiting...
demo.pcm not found, waiting...
demo.pcm not found, waiting...
demo.pcm not found, waiting...
demo.pcm not found, waiting...
demo.pcm not found, waiting...
demo.pcm not found, waiting...
demo.pcm not found, waiting...
demo.pcm not found, waiting...
demo.pcm not found, waiting...
demo.pcm not found, waiting...
demo.pcm not found, waiting...
demo.pcm not found, waiting...
demo.pcm not found, waiting...
demo.pcm not found, waiting...
demo.pcm not found, waiting...
demo.pcm not found, waiting...
demo.pcm not found, waiting...
demo.pcm not found, waiting...
demo.pcm not found, waiting...
demo.pcm not found, waiting...
demo.pcm not found, waiting...
demo.pcm not found, waiting...
demo.pcm not found, waiting...
demo.pcm not found, waiting...
demo.pcm not found, waiting...
demo.pcm not found, waiting...
demo.pcm not found, waiting...
demo.pcm not found, waiting...
demo.pcm not found, waiting...
demo.pcm not found, waiting...
demo.pcm not found, waiting...
demo.pcm not found, waiting...
demo.pcm not found, waiting...
demo.pcm not found, waiting...
demo.pcm not found, waiting...
demo.pcm not found, waiting...
demo.pcm not found, waiting...
demo.pcm not found, waiting...
demo.pcm not found, waiting...
demo.pcm not found, waiting...
demo.pcm not found, waiting...
demo.pcm not found, waiting...
demo.pcm not found, waiting...
demo.pcm not found, waiting...
demo.pcm not found, waiting...
demo.pcm not found, waiting...
demo.pcm not found, waiting...
demo.pcm not found, waiting...
demo.pcm not found, waiting...
demo.pcm not found, waiting...
demo.pcm not found, waiting...
demo.pcm not found, waiting...
demo.pcm not found, waiting...
demo.pcm not found, waiting...
demo.pcm not found, waiting...
demo.pcm not found, waiting...
demo.pcm not found, waiting...
demo.pcm not found, waiting...
demo.pcm not found, waiting...
demo.pcm not found, waiting...
demo.pcm not found, waiting...
demo.pcm not found, waiting...
demo.pcm not found, waiting...
demo.pcm not found, waiting...
demo.pcm not found, waiting...
demo.pcm not found, waiting...
demo.pcm not found, waiting...
demo.pcm not found, waiting...
demo.pcm not found, waiting...
demo.pcm not found, waiting...
demo.pcm not found, waiting...
demo.pcm not found, waiting...
demo.pcm not found, waiting...
demo.pcm not found, waiting...
demo.pcm not found, waiting...
demo.pcm not found, waiting...
demo.pcm not found, waiting...
demo.pcm not found, waiting...
demo.pcm not found, waiting...
demo.pcm not found, waiting...
demo.pcm not found, waiting...
demo.pcm not found, waiting...
demo.pcm not found, waiting...
demo.pcm not found, waiting...
demo.pcm not found, waiting...
demo.pcm not found, waiting...
demo.pcm not found, waiting...
demo.pcm not found, waiting...
demo.pcm not found, waiting...
demo.pcm not found, waiting...
demo.pcm not found, waiting...
demo.pcm not found, waiting...
demo.pcm not found, waiting...
demo.pcm not found, waiting...
demo.pcm not found, waiting...
demo.pcm not found, waiting...
demo.pcm not found, waiting...
demo.pcm not found, waiting...
demo.pcm not found, waiting...
demo.pcm not found, waiting...
demo.pcm not found, waiting...
demo.pcm not found, waiting...
demo.pcm not found, waiting...
demo.pcm not found, waiting...
demo.pcm not found, waiting...
demo.pcm not found, waiting...
demo.pcm not found, waiting...
demo.pcm not found, waiting...
demo.pcm not found, waiting...
demo.pcm not found, waiting...
demo.pcm not found, waiting...
demo.pcm not found, waiting...
demo.pcm not found, waiting...
demo.pcm not found, waiting...
demo.pcm not found, waiting...
demo.pcm not found, waiting...
demo.pcm not found, waiting...
demo.pcm not found, waiting...
demo.pcm not found, waiting...
demo.pcm not found, waiting...
demo.pcm not found, waiting...
demo.pcm not found, waiting...
demo.pcm not found, waiting...
demo.pcm not found, waiting...
demo.pcm not found, waiting...
demo.pcm not found, waiting...
demo.pcm not found, waiting...
demo.pcm not found, waiting...
demo.pcm not found, waiting...
demo.pcm not found, waiting...
demo.pcm not found, waiting...
demo.pcm not found, waiting...
demo.pcm not found, waiting...
demo.pcm not found, waiting...
demo.pcm not found, waiting...
demo.pcm not found, waiting...
demo.pcm not found, waiting...
demo.pcm not found, waiting...
demo.pcm not found, waiting...
demo.pcm not found, waiting...
demo.pcm not found, waiting...
demo.pcm not found, waiting...
demo.pcm not found, waiting...
demo.pcm not found, waiting...
demo.pcm not found, waiting...
demo.pcm not found, waiting...
demo.pcm not found, waiting...
demo.pcm not found, waiting...
demo.pcm not found, waiting...
demo.pcm not found, waiting...
demo.pcm not found, waiting...
demo.pcm not found, waiting...
demo.pcm not found, waiting...
demo.pcm not found, waiting...
demo.pcm not found, waiting...
demo.pcm not found, waiting...
demo.pcm not found, waiting...
demo.pcm not found, waiting...
demo.pcm not found, waiting...
demo.pcm not found, waiting...
demo.pcm not found, waiting...
demo.pcm not found, waiting...
demo.pcm not found, waiting...
demo.pcm not found, waiting...
demo.pcm not found, waiting...
demo.pcm not found, waiting...
demo.pcm not found, waiting...
demo.pcm not found, waiting...
demo.pcm not found, waiting...
demo.pcm not found, waiting...
demo.pcm not found, waiting...
demo.pcm not found, waiting...
demo.pcm not found, waiting...
demo.pcm not found, waiting...
demo.pcm not found, waiting...
demo.pcm not found, waiting...
demo.pcm not found, waiting...
demo.pcm not found, waiting...
demo.pcm not found, waiting...
demo.pcm not found, waiting...
demo.pcm not found, waiting...
demo.pcm not found, waiting...
demo.pcm not found, waiting...
demo.pcm not found, waiting...
demo.pcm not found, waiting...
demo.pcm not found, waiting...
demo.pcm not found, waiting...
demo.pcm not found, waiting...
demo.pcm not found, waiting...
demo.pcm not found, waiting...
demo.pcm not found, waiting...
demo.pcm not found, waiting...
demo.pcm not found, waiting...
demo.pcm not found, waiting...
demo.pcm not found, waiting...
demo.pcm not found, waiting...
demo.pcm not found, waiting...
demo.pcm not found, waiting...
demo.pcm not found, waiting...
demo.pcm not found, waiting...
demo.pcm not found, waiting...
demo.pcm not found, waiting...
demo.pcm not found, waiting...
demo.pcm not found, waiting...
demo.pcm not found, waiting...
demo.pcm not found, waiting...
demo.pcm not found, waiting...
demo.pcm not found, waiting...
demo.pcm not found, waiting...
demo.pcm not found, waiting...
demo.pcm not found, waiting...
demo.pcm not found, waiting...
demo.pcm not found, waiting...
demo.pcm not found, waiting...
demo.pcm not found, waiting...
demo.pcm not found, waiting...
demo.pcm not found, waiting...
demo.pcm not found, waiting...
demo.pcm not found, waiting...
demo.pcm not found, waiting...
demo.pcm not found, waiting...
demo.pcm not found, waiting...
demo.pcm not found, waiting...
demo.pcm not found, waiting...
demo.pcm not found, waiting...
demo.pcm not found, waiting...
demo.pcm not found, waiting...
demo.pcm not found, waiting...
demo.pcm not found, waiting...
demo.pcm not found, waiting...
demo.pcm not found, waiting...
demo.pcm not found, waiting...
demo.pcm not found, waiting...
demo.pcm not found, waiting...
demo.pcm not found, waiting...
demo.pcm not found, waiting...
demo.pcm not found, waiting...
demo.pcm not found, waiting...
demo.pcm not found, waiting...
demo.pcm not found, waiting...
demo.pcm not found, waiting...
demo.pcm not found, waiting...
demo.pcm not found, waiting...
demo.pcm not found, waiting...
demo.pcm not found, waiting...
demo.pcm not found, waiting...
demo.pcm not found, waiting...
demo.pcm not found, waiting...
demo.pcm not found, waiting...
demo.pcm not found, waiting...
demo.pcm not found, waiting...
demo.pcm not found, waiting...
demo.pcm not found, waiting...
demo.pcm not found, waiting...
demo.pcm not found, waiting...
demo.pcm not found, waiting...
demo.pcm not found, waiting...
demo.pcm not found, waiting...
demo.pcm not found, waiting...
demo.pcm not found, waiting...
demo.pcm not found, waiting...
demo.pcm not found, waiting...
demo.pcm not found, waiting...
demo.pcm not found, waiting...
demo.pcm not found, waiting...
demo.pcm not found, waiting...
demo.pcm not found, waiting...
demo.pcm not found, waiting...
demo.pcm not found, waiting...
demo.pcm not found, waiting...
demo.pcm not found, waiting...
demo.pcm not found, waiting...
demo.pcm not found, waiting...
demo.pcm not found, waiting...
demo.pcm not found, waiting...
demo.pcm not found, waiting...
demo.pcm not found, waiting...
demo.pcm not found, waiting...
demo.pcm not found, waiting...
demo.pcm not found, waiting...
demo.pcm not found, waiting...
demo.pcm not found, waiting...
demo.pcm not found, waiting...
demo.pcm not found, waiting...
demo.pcm not found, waiting...
demo.pcm not found, waiting...
demo.pcm not found, waiting...
demo.pcm not found, waiting...
demo.pcm not found, waiting...
demo.pcm not found, waiting...
demo.pcm not found, waiting...
demo.pcm not found, waiting...
demo.pcm not found, waiting...
demo.pcm not found, waiting...
demo.pcm not found, waiting...
demo.pcm not found, waiting...
demo.pcm not found, waiting...
demo.pcm not found, waiting...
demo.pcm not found, waiting...
demo.pcm not found, waiting...
demo.pcm not found, waiting...
demo.pcm not found, waiting...
demo.pcm not found, waiting...
demo.pcm not found, waiting...
demo.pcm not found, waiting...
demo.pcm not found, waiting...
demo.pcm not found, waiting...
demo.pcm not found, waiting...
demo.pcm not found, waiting...
demo.pcm not found, waiting...
demo.pcm not found, waiting...
demo.pcm not found, waiting...
demo.pcm not found, waiting...
demo.pcm not found, waiting...
demo.pcm not found, waiting...
demo.pcm not found, waiting...
demo.pcm not found, waiting...
demo.pcm not found, waiting...
demo.pcm not found, waiting...
demo.pcm not found, waiting...
demo.pcm not found, waiting...
demo.pcm not found, waiting...
demo.pcm not found, waiting...
demo.pcm not found, waiting...
demo.pcm not found, waiting...
demo.pcm not found, waiting...
demo.pcm not found, waiting...
demo.pcm not found, waiting...
demo.pcm not found, waiting...
demo.pcm not found, waiting...
demo.pcm not found, waiting...
demo.pcm not found, waiting...
demo.pcm not found, waiting...
demo.pcm not found, waiting...
demo.pcm not found, waiting...
demo.pcm not found, waiting...
demo.pcm not found, waiting...
demo.pcm not found, waiting...
demo.pcm not found, waiting...
demo.pcm not found, waiting...
demo.pcm not found, waiting...
demo.pcm not found, waiting...
demo.pcm not found, waiting...
demo.pcm not found, waiting...
demo.pcm not found, waiting...
demo.pcm not found, waiting...
demo.pcm not found, waiting...
demo.pcm not found, waiting...
demo.pcm not found, waiting...
demo.pcm not found, waiting...
demo.pcm not found, waiting...
demo.pcm not found, waiting...
demo.pcm not found, waiting...
demo.pcm not found, waiting...
demo.pcm not found, waiting...
demo.pcm not found, waiting...
demo.pcm not found, waiting...
demo.pcm not found, waiting...
demo.pcm not found, waiting...
demo.pcm not found, waiting...
demo.pcm not found, waiting...
demo.pcm not found, waiting...
demo.pcm not found, waiting...
demo.pcm not found, waiting...
demo.pcm not found, waiting...
demo.pcm not found, waiting...
demo.pcm not found, waiting...
demo.pcm not found, waiting...
demo.pcm not found, waiting...
demo.pcm not found, waiting...
demo.pcm not found, waiting...
demo.pcm not found, waiting...
demo.pcm not found, waiting...
demo.pcm not found, waiting...
demo.pcm not found, waiting...
demo.pcm not found, waiting...
demo.pcm not found, waiting...
demo.pcm not found, waiting...
demo.pcm not found, waiting...
demo.pcm not found, waiting...
demo.pcm not found, waiting...
demo.pcm not found, waiting...
demo.pcm not found, waiting...
demo.pcm not found, waiting...
demo.pcm not found, waiting...
demo.pcm not found, waiting...
demo.pcm not found, waiting...
demo.pcm not found, waiting...
demo.pcm not found, waiting...
demo.pcm not found, waiting...
demo.pcm not found, waiting...
demo.pcm not found, waiting...
demo.pcm not found, waiting...
demo.pcm not found, waiting...
demo.pcm not found, waiting...
demo.pcm not found, waiting...
demo.pcm not found, waiting...
demo.pcm not found, waiting...
demo.pcm not found, waiting...
demo.pcm not found, waiting...
demo.pcm not found, waiting...
demo.pcm not found, waiting...
demo.pcm not found, waiting...
demo.pcm not found, waiting...
demo.pcm not found, waiting...
demo.pcm not found, waiting...
demo.pcm not found, waiting...
demo.pcm not found, waiting...
demo.pcm not found, waiting...
demo.pcm not found, waiting...
demo.pcm not found, waiting...
demo.pcm not found, waiting...
demo.pcm not found, waiting...
demo.pcm not found, waiting...
demo.pcm not found, waiting...
demo.pcm not found, waiting...
demo.pcm not found, waiting...
demo.pcm not found, waiting...
demo.pcm not found, waiting...
demo.pcm not found, waiting...
demo.pcm not found, waiting...
demo.pcm not found, waiting...
demo.pcm not found, waiting...
demo.pcm not found, waiting...
demo.pcm not found, waiting...
demo.pcm not found, waiting...
demo.pcm not found, waiting...
demo.pcm not found, waiting...
demo.pcm not found, waiting...
demo.pcm not found, waiting...
demo.pcm not found, waiting...
demo.pcm not found, waiting...
demo.pcm not found, waiting...
demo.pcm not found, waiting...
demo.pcm not found, waiting...
demo.pcm not found, waiting...
demo.pcm not found, waiting...
demo.pcm not found, waiting...
demo.pcm not found, waiting...
demo.pcm not found, waiting...
demo.pcm not found, waiting...
demo.pcm not found, waiting...
demo.pcm not found, waiting...
demo.pcm not found, waiting...
demo.pcm not found, waiting...
demo.pcm not found, waiting...
demo.pcm not found, waiting...
demo.pcm not found, waiting...
demo.pcm not found, waiting...
demo.pcm not found, waiting...
demo.pcm not found, waiting...
demo.pcm not found, waiting...
demo.pcm not found, waiting...
demo.pcm not found, waiting...
demo.pcm not found, waiting...
demo.pcm not found, waiting...
demo.pcm not found, waiting...
demo.pcm not found, waiting...
demo.pcm not found, waiting...
demo.pcm not found, waiting...
demo.pcm not found, waiting...
demo.pcm not found, waiting...
demo.pcm not found, waiting...
demo.pcm not found, waiting...
demo.pcm not found, waiting...
demo.pcm not found, waiting...
demo.pcm not found, waiting...
demo.pcm not found, waiting...
demo.pcm not found, waiting...
demo.pcm not found, waiting...
demo.pcm not found, waiting...
demo.pcm not found, waiting...
demo.pcm not found, waiting...
demo.pcm not found, waiting...
demo.pcm not found, waiting...
demo.pcm not found, waiting...
demo.pcm not found, waiting...
demo.pcm not found, waiting...
demo.pcm not found, waiting...
demo.pcm not found, waiting...
demo.pcm not found, waiting...
demo.pcm not found, waiting...
demo.pcm not found, waiting...
demo.pcm not found, waiting...
demo.pcm not found, waiting...
demo.pcm not found, waiting...
demo.pcm not found, waiting...
demo.pcm not found, waiting...
demo.pcm not found, waiting...
demo.pcm not found, waiting...
demo.pcm not found, waiting...
demo.pcm not found, waiting...
demo.pcm not found, waiting...
demo.pcm not found, waiting...
demo.pcm not found, waiting...
demo.pcm not found, waiting...
demo.pcm not found, waiting...
demo.pcm not found, waiting...
demo.pcm not found, waiting...
demo.pcm not found, waiting...
demo.pcm not found, waiting...
demo.pcm not found, waiting...
demo.pcm not found, waiting...
demo.pcm not found, waiting...
demo.pcm not found, waiting...
demo.pcm not found, waiting...
demo.pcm not found, waiting...
demo.pcm not found, waiting...
demo.pcm not found, waiting...
demo.pcm not found, waiting...
demo.pcm not found, waiting...
demo.pcm not found, waiting...
demo.pcm not found, waiting...
demo.pcm not found, waiting...
demo.pcm not found, waiting...
demo.pcm not found, waiting...
demo.pcm not found, waiting...
demo.pcm not found, waiting...
demo.pcm not found, waiting...
demo.pcm not found, waiting...
demo.pcm not found, waiting...
demo.pcm not found, waiting...
demo.pcm not found, waiting...
demo.pcm not found, waiting...
demo.pcm not found, waiting...
demo.pcm not found, waiting...
demo.pcm not found, waiting...
demo.pcm not found, waiting...
demo.pcm not found, waiting...
demo.pcm not found, waiting...
demo.pcm not found, waiting...
demo.pcm not found, waiting...
demo.pcm not found, waiting...
demo.pcm not found, waiting...
demo.pcm not found, waiting...
demo.pcm not found, waiting...
demo.pcm not found, waiting...
demo.pcm not found, waiting...
demo.pcm not found, waiting...
demo.pcm not found, waiting...
demo.pcm not found, waiting...
demo.pcm not found, waiting...
demo.pcm not found, waiting...
demo.pcm not found, waiting...
demo.pcm not found, waiting...
demo.pcm not found, waiting...
demo.pcm not found, waiting...
demo.pcm not found, waiting...
demo.pcm not found, waiting...
demo.pcm not found, waiting...
demo.pcm not found, waiting...
demo.pcm not found, waiting...
demo.pcm not found, waiting...
demo.pcm not found, waiting...
demo.pcm not found, waiting...
demo.pcm not found, waiting...
demo.pcm not found, waiting...
demo.pcm not found, waiting...
demo.pcm not found, waiting...
demo.pcm not found, waiting...
demo.pcm not found, waiting...
demo.pcm not found, waiting...
demo.pcm not found, waiting...
demo.pcm not found, waiting...
demo.pcm not found, waiting...
demo.pcm not found, waiting...
demo.pcm not found, waiting...
demo.pcm not found, waiting...
demo.pcm not found, waiting...
demo.pcm not found, waiting...
demo.pcm not found, waiting...
demo.pcm not found, waiting...
demo.pcm not found, waiting...
demo.pcm not found, waiting...
demo.pcm not found, waiting...
demo.pcm not found, waiting...
demo.pcm not found, waiting...
demo.pcm not found, waiting...
demo.pcm not found, waiting...
demo.pcm not found, waiting...
demo.pcm not found, waiting...
demo.pcm not found, waiting...
demo.pcm not found, waiting...
demo.pcm not found, waiting...
demo.pcm not found, waiting...
demo.pcm not found, waiting...
demo.pcm not found, waiting...
demo.pcm not found, waiting...
demo.pcm not found, waiting...
demo.pcm not found, waiting...
demo.pcm not found, waiting...
demo.pcm not found, waiting...
demo.pcm not found, waiting...
demo.pcm not found, waiting...
demo.pcm not found, waiting...
demo.pcm not found, waiting...
demo.pcm not found, waiting...
demo.pcm not found, waiting...
demo.pcm not found, waiting...
demo.pcm not found, waiting...
demo.pcm not found, waiting...
demo.pcm not found, waiting...
demo.pcm not found, waiting...
demo.pcm not found, waiting...
demo.pcm not found, waiting...
demo.pcm not found, waiting...
demo.pcm not found, waiting...
demo.pcm not found, waiting...
demo.pcm not found, waiting...
demo.pcm not found, waiting...
demo.pcm not found, waiting...
demo.pcm not found, waiting...
demo.pcm not found, waiting...
demo.pcm not found, waiting...
demo.pcm not found, waiting...
demo.pcm not found, waiting...
demo.pcm not found, waiting...
demo.pcm not found, waiting...
demo.pcm not found, waiting...
demo.pcm not found, waiting...
demo.pcm not found, waiting...
demo.pcm not found, waiting...
demo.pcm not found, waiting...
demo.pcm not found, waiting...
demo.pcm not found, waiting...
demo.pcm not found, waiting...
demo.pcm not found, waiting...
demo.pcm not found, waiting...
demo.pcm not found, waiting...
demo.pcm not found, waiting...
demo.pcm not found, waiting...
demo.pcm not found, waiting...
demo.pcm not found, waiting...
demo.pcm not found, waiting...
demo.pcm not found, waiting...
demo.pcm not found, waiting...
demo.pcm not found, waiting...
demo.pcm not found, waiting...
demo.pcm not found, waiting...
demo.pcm not found, waiting...
demo.pcm not found, waiting...
demo.pcm not found, waiting...
demo.pcm not found, waiting...
demo.pcm not found, waiting...
demo.pcm not found, waiting...
demo.pcm not found, waiting...
demo.pcm not found, waiting...
demo.pcm not found, waiting...
demo.pcm not found, waiting...
demo.pcm not found, waiting...
demo.pcm not found, waiting...
demo.pcm not found, waiting...
demo.pcm not found, waiting...
demo.pcm not found, waiting...
demo.pcm not found, waiting...
demo.pcm not found, waiting...
demo.pcm not found, waiting...
demo.pcm not found, waiting...
demo.pcm not found, waiting...
demo.pcm not found, waiting...
demo.pcm not found, waiting...
demo.pcm not found, waiting...
demo.pcm not found, waiting...
demo.pcm not found, waiting...
demo.pcm not found, waiting...
demo.pcm not found, waiting...
demo.pcm not found, waiting...
demo.pcm not found, waiting...
demo.pcm not found, waiting...
demo.pcm not found, waiting...
demo.pcm not found, waiting...
demo.pcm not found, waiting...
demo.pcm not found, waiting...
demo.pcm not found, waiting...
demo.pcm not found, waiting...
demo.pcm not found, waiting...
demo.pcm not found, waiting...
demo.pcm not found, waiting...
demo.pcm not found, waiting...
demo.pcm not found, waiting...
demo.pcm not found, waiting...
demo.pcm not found, waiting...
demo.pcm not found, waiting...
demo.pcm not found, waiting...
demo.pcm not found, waiting...
demo.pcm not found, waiting...
demo.pcm not found, waiting...
demo.pcm not found, waiting...
demo.pcm not found, waiting...
demo.pcm not found, waiting...
demo.pcm not found, waiting...
demo.pcm not found, waiting...
demo.pcm not found, waiting...
demo.pcm not found, waiting...
demo.pcm not found, waiting...
demo.pcm not found, waiting...
demo.pcm not found, waiting...
demo.pcm not found, waiting...
demo.pcm not found, waiting...
demo.pcm not found, waiting...
demo.pcm not found, waiting...
demo.pcm not found, waiting...
demo.pcm not found, waiting...
demo.pcm not found, waiting...
demo.pcm not found, waiting...
demo.pcm not found, waiting...
demo.pcm not found, waiting...
demo.pcm not found, waiting...
demo.pcm not found, waiting...
demo.pcm not found, waiting...
demo.pcm not found, waiting...
demo.pcm not found, waiting...
demo.pcm not found, waiting...
demo.pcm not found, waiting...
demo.pcm not found, waiting...
demo.pcm not found, waiting...
demo.pcm not found, waiting...
demo.pcm not found, waiting...
demo.pcm not found, waiting...
demo.pcm not found, waiting...
demo.pcm not found, waiting...
demo.pcm not found, waiting...
demo.pcm not found, waiting...
demo.pcm not found, waiting...
demo.pcm not found, waiting...
demo.pcm not found, waiting...
demo.pcm not found, waiting...
demo.pcm not found, waiting...
demo.pcm not found, waiting...
demo.pcm not found, waiting...
demo.pcm not found, waiting...
demo.pcm not found, waiting...
demo.pcm not found, waiting...
demo.pcm not found, waiting...
demo.pcm not found, waiting...
demo.pcm not found, waiting...
demo.pcm not found, waiting...
demo.pcm not found, waiting...
demo.pcm not found, waiting...
demo.pcm not found, waiting...
demo.pcm not found, waiting...
demo.pcm not found, waiting...
demo.pcm not found, waiting...
demo.pcm not found, waiting...
demo.pcm not found, waiting...
demo.pcm not found, waiting...
demo.pcm not found, waiting...
demo.pcm not found, waiting...
demo.pcm not found, waiting...
demo.pcm not found, waiting...
demo.pcm not found, waiting...
demo.pcm not found, waiting...
demo.pcm not found, waiting...
demo.pcm not found, waiting...
demo.pcm not found, waiting...
demo.pcm not found, waiting...
demo.pcm not found, waiting...
demo.pcm not found, waiting...
demo.pcm not found, waiting...
demo.pcm not found, waiting...
demo.pcm not found, waiting...
demo.pcm not found, waiting...
demo.pcm not found, waiting...
demo.pcm not found, waiting...
demo.pcm not found, waiting...
demo.pcm not found, waiting...
demo.pcm not found, waiting...
demo.pcm not found, waiting...
demo.pcm not found, waiting...
demo.pcm not found, waiting...
demo.pcm not found, waiting...
demo.pcm not found, waiting...
demo.pcm not found, waiting...
demo.pcm not found, waiting...
demo.pcm not found, waiting...
demo.pcm not found, waiting...
demo.pcm not found, waiting...
demo.pcm not found, waiting...
demo.pcm not found, waiting...
demo.pcm not found, waiting...
demo.pcm not found, waiting...
demo.pcm not found, waiting...
demo.pcm not found, waiting...
demo.pcm not found, waiting...
demo.pcm not found, waiting...
demo.pcm not found, waiting...
demo.pcm not found, waiting...
demo.pcm not found, waiting...
demo.pcm not found, waiting...
demo.pcm not found, waiting...
demo.pcm not found, waiting...
demo.pcm not found, waiting...
demo.pcm not found, waiting...
demo.pcm not found, waiting...
demo.pcm not found, waiting...
demo.pcm not found, waiting...
demo.pcm not found, waiting...
demo.pcm not found, waiting...
demo.pcm not found, waiting...
demo.pcm not found, waiting...
demo.pcm not found, waiting...
demo.pcm not found, waiting...
demo.pcm not found, waiting...
demo.pcm not found, waiting...
demo.pcm not found, waiting...
demo.pcm not found, waiting...
demo.pcm not found, waiting...
demo.pcm not found, waiting...
demo.pcm not found, waiting...
demo.pcm not found, waiting...
demo.pcm not found, waiting...
demo.pcm not found, waiting...
demo.pcm not found, waiting...
demo.pcm not found, waiting...
demo.pcm not found, waiting...
demo.pcm not found, waiting...
demo.pcm not found, waiting...
demo.pcm not found, waiting...
demo.pcm not found, waiting...
demo.pcm not found, waiting...
demo.pcm not found, waiting...
demo.pcm not found, waiting...
demo.pcm not found, waiting...
demo.pcm not found, waiting...
demo.pcm not found, waiting...
demo.pcm not found, waiting...
demo.pcm not found, waiting...
demo.pcm not found, waiting...
demo.pcm not found, waiting...
demo.pcm not found, waiting...
demo.pcm not found, waiting...
demo.pcm not found, waiting...
demo.pcm not found, waiting...
demo.pcm not found, waiting...
demo.pcm not found, waiting...
demo.pcm not found, waiting...
demo.pcm not found, waiting...
demo.pcm not found, waiting...
demo.pcm not found, waiting...
demo.pcm not found, waiting...
demo.pcm not found, waiting...
demo.pcm not found, waiting...
demo.pcm not found, waiting...
demo.pcm not found, waiting...
demo.pcm not found, waiting...
demo.pcm not found, waiting...
demo.pcm not found, waiting...
demo.pcm not found, waiting...
demo.pcm not found, waiting...
demo.pcm not found, waiting...
demo.pcm not found, waiting...
demo.pcm not found, waiting...
demo.pcm not found, waiting...
demo.pcm not found, waiting...
demo.pcm not found, waiting...
demo.pcm not found, waiting...
demo.pcm not found, waiting...
demo.pcm not found, waiting...
demo.pcm not found, waiting...
demo.pcm not found, waiting...
demo.pcm not found, waiting...
demo.pcm not found, waiting...
demo.pcm not found, waiting...
demo.pcm not found, waiting...
demo.pcm not found, waiting...
demo.pcm not found, waiting...
demo.pcm not found, waiting...
demo.pcm not found, waiting...
demo.pcm not found, waiting...
demo.pcm not found, waiting...
demo.pcm not found, waiting...
demo.pcm not found, waiting...
demo.pcm not found, waiting...
demo.pcm not found, waiting...
demo.pcm not found, waiting...
demo.pcm not found, waiting...
demo.pcm not found, waiting...
demo.pcm not found, waiting...
demo.pcm not found, waiting...
demo.pcm not found, waiting...
demo.pcm not found, waiting...
demo.pcm not found, waiting...
demo.pcm not found, waiting...
demo.pcm not found, waiting...
demo.pcm not found, waiting...
demo.pcm not found, waiting...
demo.pcm not found, waiting...
demo.pcm not found, waiting...
demo.pcm not found, waiting...
demo.pcm not found, waiting...
demo.pcm not found, waiting...
demo.pcm not found, waiting...
demo.pcm not found, waiting...
demo.pcm not found, waiting...
demo.pcm not found, waiting...
demo.pcm not found, waiting...
demo.pcm not found, waiting...
demo.pcm not found, waiting...
demo.pcm not found, waiting...
demo.pcm not found, waiting...
demo.pcm not found, waiting...
demo.pcm not found, waiting...
demo.pcm not found, waiting...
demo.pcm not found, waiting...
demo.pcm not found, waiting...
demo.pcm not found, waiting...
demo.pcm not found, waiting...
demo.pcm not found, waiting...
demo.pcm not found, waiting...
demo.pcm not found, waiting...
demo.pcm not found, waiting...
demo.pcm not found, waiting...
demo.pcm not found, waiting...
demo.pcm not found, waiting...
demo.pcm not found, waiting...
demo.pcm not found, waiting...
demo.pcm not found, waiting...
demo.pcm not found, waiting...
demo.pcm not found, waiting...
demo.pcm not found, waiting...
demo.pcm not found, waiting...
demo.pcm not found, waiting...
demo.pcm not found, waiting...
demo.pcm not found, waiting...
demo.pcm not found, waiting...
demo.pcm not found, waiting...
demo.pcm not found, waiting...
demo.pcm not found, waiting...
demo.pcm not found, waiting...
demo.pcm not found, waiting...
demo.pcm not found, waiting...
demo.pcm not found, waiting...
demo.pcm not found, waiting...
demo.pcm not found, waiting...
demo.pcm not found, waiting...
demo.pcm not found, waiting...
demo.pcm not found, waiting...
demo.pcm not found, waiting...
demo.pcm not found, waiting...
demo.pcm not found, waiting...
demo.pcm not found, waiting...
demo.pcm not found, waiting...
demo.pcm not found, waiting...
demo.pcm not found, waiting...
demo.pcm not found, waiting...
demo.pcm not found, waiting...
demo.pcm not found, waiting...
demo.pcm not found, waiting...
demo.pcm not found, waiting...
demo.pcm not found, waiting...
demo.pcm not found, waiting...
demo.pcm not found, waiting...
demo.pcm not found, waiting...
demo.pcm not found, waiting...
demo.pcm not found, waiting...
demo.pcm not found, waiting...
demo.pcm not found, waiting...
demo.pcm not found, waiting...
demo.pcm not found, waiting...
demo.pcm not found, waiting...
demo.pcm not found, waiting...
demo.pcm not found, waiting...
demo.pcm not found, waiting...
demo.pcm not found, waiting...
demo.pcm not found, waiting...
demo.pcm not found, waiting...
demo.pcm not found, waiting...
demo.pcm not found, waiting...
demo.pcm not found, waiting...
demo.pcm not found, waiting...
demo.pcm not found, waiting...
demo.pcm not found, waiting...
demo.pcm not found, waiting...
demo.pcm not found, waiting...
demo.pcm not found, waiting...
demo.pcm not found, waiting...
demo.pcm not found, waiting...
demo.pcm not found, waiting...
demo.pcm not found, waiting...
demo.pcm not found, waiting...
demo.pcm not found, waiting...
demo.pcm not found, waiting...
demo.pcm not found, waiting...
demo.pcm not found, waiting...
demo.pcm not found, waiting...
demo.pcm not found, waiting...
demo.pcm not found, waiting...
demo.pcm not found, waiting...
demo.pcm not found, waiting...
demo.pcm not found, waiting...
demo.pcm not found, waiting...
demo.pcm not found, waiting...
demo.pcm not found, waiting...
demo.pcm not found, waiting...
demo.pcm not found, waiting...
demo.pcm not found, waiting...
demo.pcm not found, waiting...
demo.pcm not found, waiting...
demo.pcm not found, waiting...
demo.pcm not found, waiting...
demo.pcm not found, waiting...
demo.pcm not found, waiting...
demo.pcm not found, waiting...
demo.pcm not found, waiting...
demo.pcm not found, waiting...
demo.pcm not found, waiting...
demo.pcm not found, waiting...
demo.pcm not found, waiting...
demo.pcm not found, waiting...
demo.pcm not found, waiting...
demo.pcm not found, waiting...
demo.pcm not found, waiting...
demo.pcm not found, waiting...
demo.pcm not found, waiting...
demo.pcm not found, waiting...
demo.pcm not found, waiting...
demo.pcm not found, waiting...
demo.pcm not found, waiting...
demo.pcm not found, waiting...
demo.pcm not found, waiting...
demo.pcm not found, waiting...
demo.pcm not found, waiting...
demo.pcm not found, waiting...
demo.pcm not found, waiting...
demo.pcm not found, waiting...
demo.pcm not found, waiting...
demo.pcm not found, waiting...
demo.pcm not found, waiting...
demo.pcm not found, waiting...
demo.pcm not found, waiting...
demo.pcm not found, waiting...
demo.pcm not found, waiting...
demo.pcm not found, waiting...
demo.pcm not found, waiting...
demo.pcm not found, waiting...
demo.pcm not found, waiting...
demo.pcm not found, waiting...
demo.pcm not found, waiting...
demo.pcm not found, waiting...
demo.pcm not found, waiting...
demo.pcm not found, waiting...
demo.pcm not found, waiting...
demo.pcm not found, waiting...
demo.pcm not found, waiting...
demo.pcm not found, waiting...
demo.pcm not found, waiting...
demo.pcm not found, waiting...
demo.pcm not found, waiting...
demo.pcm not found, waiting...
demo.pcm not found, waiting...
demo.pcm not found, waiting...
demo.pcm not found, waiting...
demo.pcm not found, waiting...
demo.pcm not found, waiting...
demo.pcm not found, waiting...
demo.pcm not found, waiting...
demo.pcm not found, waiting...
demo.pcm not found, waiting...
demo.pcm not found, waiting...
demo.pcm not found, waiting...
demo.pcm not found, waiting...
demo.pcm not found, waiting...
demo.pcm not found, waiting...
demo.pcm not found, waiting...
demo.pcm not found, waiting...
demo.pcm not found, waiting...
demo.pcm not found, waiting...
demo.pcm not found, waiting...
demo.pcm not found, waiting...
demo.pcm not found, waiting...
demo.pcm not found, waiting...
demo.pcm not found, waiting...
demo.pcm not found, waiting...
demo.pcm not found, waiting...
demo.pcm not found, waiting...
demo.pcm not found, waiting...
demo.pcm not found, waiting...
demo.pcm not found, waiting...
demo.pcm not found, waiting...
demo.pcm not found, waiting...
demo.pcm not found, waiting...
demo.pcm not found, waiting...
demo.pcm not found, waiting...
demo.pcm not found, waiting...
demo.pcm not found, waiting...
demo.pcm not found, waiting...
demo.pcm not found, waiting...
demo.pcm not found, waiting...
demo.pcm not found, waiting...
demo.pcm not found, waiting...
demo.pcm not found, waiting...
demo.pcm not found, waiting...
demo.pcm not found, waiting...
demo.pcm not found, waiting...
demo.pcm not found, waiting...
demo.pcm not found, waiting...
demo.pcm not found, waiting...
demo.pcm not found, waiting...
demo.pcm not found, waiting...
demo.pcm not found, waiting...
demo.pcm not found, waiting...
demo.pcm not found, waiting...
demo.pcm not found, waiting...
demo.pcm not found, waiting...
demo.pcm not found, waiting...
demo.pcm not found, waiting...
demo.pcm not found, waiting...
demo.pcm not found, waiting...
demo.pcm not found, waiting...
demo.pcm not found, waiting...
demo.pcm not found, waiting...
demo.pcm not found, waiting...
demo.pcm not found, waiting...
demo.pcm not found, waiting...
demo.pcm not found, waiting...
demo.pcm not found, waiting...
demo.pcm not found, waiting...
demo.pcm not found, waiting...
demo.pcm not found, waiting...
demo.pcm not found, waiting...
demo.pcm not found, waiting...
demo.pcm not found, waiting...
demo.pcm not found, waiting...
demo.pcm not found, waiting...
demo.pcm not found, waiting...
demo.pcm not found, waiting...
demo.pcm not found, waiting...
demo.pcm not found, waiting...
demo.pcm not found, waiting...
demo.pcm not found, waiting...
demo.pcm not found, waiting...
demo.pcm not found, waiting...
demo.pcm not found, waiting...
demo.pcm not found, waiting...
demo.pcm not found, waiting...
demo.pcm not found, waiting...
demo.pcm not found, waiting...
demo.pcm not found, waiting...
demo.pcm not found, waiting...
demo.pcm not found, waiting...
demo.pcm not found, waiting...
demo.pcm not found, waiting...
demo.pcm not found, waiting...
demo.pcm not found, waiting...
demo.pcm not found, waiting...
demo.pcm not found, waiting...
demo.pcm not found, waiting...
demo.pcm not found, waiting...
demo.pcm not found, waiting...
demo.pcm not found, waiting...
demo.pcm not found, waiting...
demo.pcm not found, waiting...
demo.pcm not found, waiting...
demo.pcm not found, waiting...
demo.pcm not found, waiting...
demo.pcm not found, waiting...
demo.pcm not found, waiting...
demo.pcm not found, waiting...
demo.pcm not found, waiting...
demo.pcm not found, waiting...
demo.pcm not found, waiting...
demo.pcm not found, waiting...
demo.pcm not found, waiting...
demo.pcm not found, waiting...
demo.pcm not found, waiting...
demo.pcm not found, waiting...
demo.pcm not found, waiting...
demo.pcm not found, waiting...
demo.pcm not found, waiting...
demo.pcm not found, waiting...
demo.pcm not found, waiting...
demo.pcm not found, waiting...
demo.pcm not found, waiting...
demo.pcm not found, waiting...
demo.pcm not found, waiting...
demo.pcm not found, waiting...
demo.pcm not found, waiting...
demo.pcm not found, waiting...
demo.pcm not found, waiting...
demo.pcm not found, waiting...
demo.pcm not found, waiting...
demo.pcm not found, waiting...
demo.pcm not found, waiting...
demo.pcm not found, waiting...
demo.pcm not found, waiting...
demo.pcm not found, waiting...
demo.pcm not found, waiting...
demo.pcm not found, waiting...
demo.pcm not found, waiting...
demo.pcm not found, waiting...
demo.pcm not found, waiting...
demo.pcm not found, waiting...
demo.pcm not found, waiting...
demo.pcm not found, waiting...
demo.pcm not found, waiting...
demo.pcm not found, waiting...
demo.pcm not found, waiting...
demo.pcm not found, waiting...
demo.pcm not found, waiting...
demo.pcm not found, waiting...
demo.pcm not found, waiting...
demo.pcm not found, waiting...
demo.pcm not found, waiting...
demo.pcm not found, waiting...
demo.pcm not found, waiting...
demo.pcm not found, waiting...
demo.pcm not found, waiting...
demo.pcm not found, waiting...
demo.pcm not found, waiting...
demo.pcm not found, waiting...
demo.pcm not found, waiting...
demo.pcm not found, waiting...
demo.pcm not found, waiting...
demo.pcm not found, waiting...
demo.pcm not found, waiting...
demo.pcm not found, waiting...
demo.pcm not found, waiting...
demo.pcm not found, waiting...
demo.pcm not found, waiting...
demo.pcm not found, waiting...
demo.pcm not found, waiting...
demo.pcm not found, waiting...
demo.pcm not found, waiting...
demo.pcm not found, waiting...
demo.pcm not found, waiting...
demo.pcm not found, waiting...
demo.pcm not found, waiting...
demo.pcm not found, waiting...
demo.pcm not found, waiting...
demo.pcm not found, waiting...
demo.pcm not found, waiting...
demo.pcm not found, waiting...
demo.pcm not found, waiting...
demo.pcm not found, waiting...
demo.pcm not found, waiting...
demo.pcm not found, waiting...
demo.pcm not found, waiting...
demo.pcm not found, waiting...
demo.pcm not found, waiting...
demo.pcm not found, waiting...
demo.pcm not found, waiting...
demo.pcm not found, waiting...
demo.pcm not found, waiting...
demo.pcm not found, waiting...
demo.pcm not found, waiting...
demo.pcm not found, waiting...
demo.pcm not found, waiting...
demo.pcm not found, waiting...
demo.pcm not found, waiting...
demo.pcm not found, waiting...
demo.pcm not found, waiting...
demo.pcm not found, waiting...
demo.pcm not found, waiting...
demo.pcm not found, waiting...
demo.pcm not found, waiting...
demo.pcm not found, waiting...
demo.pcm not found, waiting...
demo.pcm not found, waiting...
demo.pcm not found, waiting...
demo.pcm not found, waiting...
demo.pcm not found, waiting...
demo.pcm not found, waiting...
demo.pcm not found, waiting...
demo.pcm not found, waiting...
demo.pcm not found, waiting...
demo.pcm not found, waiting...
demo.pcm not found, waiting...
demo.pcm not found, waiting...
demo.pcm not found, waiting...
demo.pcm not found, waiting...
demo.pcm not found, waiting...
demo.pcm not found, waiting...
demo.pcm not found, waiting...
demo.pcm not found, waiting...
demo.pcm not found, waiting...
demo.pcm not found, waiting...
demo.pcm not found, waiting...
demo.pcm not found, waiting...
demo.pcm not found, waiting...
demo.pcm not found, waiting...
demo.pcm not found, waiting...
demo.pcm not found, waiting...
demo.pcm not found, waiting...
demo.pcm not found, waiting...
demo.pcm not found, waiting...
demo.pcm not found, waiting...
demo.pcm not found, waiting...
demo.pcm not found, waiting...
demo.pcm not found, waiting...
demo.pcm not found, waiting...
demo.pcm not found, waiting...
demo.pcm not found, waiting...
demo.pcm not found, waiting...
demo.pcm not found, waiting...
demo.pcm not found, waiting...
demo.pcm not found, waiting...
demo.pcm not found, waiting...
demo.pcm not found, waiting...
demo.pcm not found, waiting...
demo.pcm not found, waiting...
demo.pcm not found, waiting...
demo.pcm not found, waiting...
demo.pcm not found, waiting...
demo.pcm not found, waiting...
demo.pcm not found, waiting...
demo.pcm not found, waiting...
demo.pcm not found, waiting...
demo.pcm not found, waiting...
demo.pcm not found, waiting...
demo.pcm not found, waiting...
demo.pcm not found, waiting...
demo.pcm not found, waiting...
demo.pcm not found, waiting...
demo.pcm not found, waiting...
demo.pcm not found, waiting...
demo.pcm not found, waiting...
demo.pcm not found, waiting...
demo.pcm not found, waiting...
demo.pcm not found, waiting...
demo.pcm not found, waiting...
demo.pcm not found, waiting...
demo.pcm not found, waiting...
demo.pcm not found, waiting...
demo.pcm not found, waiting...
demo.pcm not found, waiting...
demo.pcm not found, waiting...
demo.pcm not found, waiting...
demo.pcm not found, waiting...
demo.pcm not found, waiting...
demo.pcm not found, waiting...
demo.pcm not found, waiting...
demo.pcm not found, waiting...
demo.pcm not found, waiting...
demo.pcm not found, waiting...
demo.pcm not found, waiting...
demo.pcm not found, waiting...
demo.pcm not found, waiting...
demo.pcm not found, waiting...
demo.pcm not found, waiting...
demo.pcm not found, waiting...
demo.pcm not found, waiting...
demo.pcm not found, waiting...
demo.pcm not found, waiting...
demo.pcm not found, waiting...
demo.pcm not found, waiting...
demo.pcm not found, waiting...
demo.pcm not found, waiting...
demo.pcm not found, waiting...
demo.pcm not found, waiting...
demo.pcm not found, waiting...
demo.pcm not found, waiting...
demo.pcm not found, waiting...
demo.pcm not found, waiting...
demo.pcm not found, waiting...
demo.pcm not found, waiting...
demo.pcm not found, waiting...
demo.pcm not found, waiting...
demo.pcm not found, waiting...
demo.pcm not found, waiting...
demo.pcm not found, waiting...
demo.pcm not found, waiting...
demo.pcm not found, waiting...
demo.pcm not found, waiting...
demo.pcm not found, waiting...
demo.pcm not found, waiting...
demo.pcm not found, waiting...
demo.pcm not found, waiting...
demo.pcm not found, waiting...
demo.pcm not found, waiting...
demo.pcm not found, waiting...
demo.pcm not found, waiting...
demo.pcm not found, waiting...
demo.pcm not found, waiting...
demo.pcm not found, waiting...
demo.pcm not found, waiting...
demo.pcm not found, waiting...
demo.pcm not found, waiting...
demo.pcm not found, waiting...
demo.pcm not found, waiting...
demo.pcm not found, waiting...
demo.pcm not found, waiting...
demo.pcm not found, waiting...
demo.pcm not found, waiting...
demo.pcm not found, waiting...
demo.pcm not found, waiting...
demo.pcm not found, waiting...
demo.pcm not found, waiting...
demo.pcm not found, waiting...
demo.pcm not found, waiting...
demo.pcm not found, waiting...
demo.pcm not found, waiting...
demo.pcm not found, waiting...
demo.pcm not found, waiting...
demo.pcm not found, waiting...
demo.pcm not found, waiting...
demo.pcm not found, waiting...
demo.pcm not found, waiting...
demo.pcm not found, waiting...
demo.pcm not found, waiting...
demo.pcm not found, waiting...
demo.pcm not found, waiting...
demo.pcm not found, waiting...
demo.pcm not found, waiting...
demo.pcm not found, waiting...
demo.pcm not found, waiting...
demo.pcm not found, waiting...
demo.pcm not found, waiting...
demo.pcm not found, waiting...
demo.pcm not found, waiting...
demo.pcm not found, waiting...
demo.pcm not found, waiting...
demo.pcm not found, waiting...
demo.pcm not found, waiting...
demo.pcm not found, waiting...
demo.pcm not found, waiting...
demo.pcm not found, waiting...
demo.pcm not found, waiting...
demo.pcm not found, waiting...
demo.pcm not found, waiting...
demo.pcm not found, waiting...
demo.pcm not found, waiting...
demo.pcm not found, waiting...
demo.pcm not found, waiting...
demo.pcm not found, waiting...
demo.pcm not found, waiting...
demo.pcm not found, waiting...
demo.pcm not found, waiting...
demo.pcm not found, waiting...
demo.pcm not found, waiting...
demo.pcm not found, waiting...
demo.pcm not found, waiting...
demo.pcm not found, waiting...
demo.pcm not found, waiting...
demo.pcm not found, waiting...
demo.pcm not found, waiting...
demo.pcm not found, waiting...
demo.pcm not found, waiting...
demo.pcm not found, waiting...
demo.pcm not found, waiting...
demo.pcm not found, waiting...
demo.pcm not found, waiting...
demo.pcm not found, waiting...
demo.pcm not found, waiting...
demo.pcm not found, waiting...
demo.pcm not found, waiting...
demo.pcm not found, waiting...
demo.pcm not found, waiting...
demo.pcm not found, waiting...
demo.pcm not found, waiting...
demo.pcm not found, waiting...
demo.pcm not found, waiting...
demo.pcm not found, waiting...
demo.pcm not found, waiting...
demo.pcm not found, waiting...
demo.pcm not found, waiting...
demo.pcm not found, waiting...
demo.pcm not found, waiting...
demo.pcm not found, waiting...
demo.pcm not found, waiting...
demo.pcm not found, waiting...
demo.pcm not found, waiting...
demo.pcm not found, waiting...
demo.pcm not found, waiting...
demo.pcm not found, waiting...
demo.pcm not found, waiting...
demo.pcm not found, waiting...
demo.pcm not found, waiting...
demo.pcm not found, waiting...
demo.pcm not found, waiting...
demo.pcm not found, waiting...
demo.pcm not found, waiting...
demo.pcm not found, waiting...
demo.pcm not found, waiting...
demo.pcm not found, waiting...
demo.pcm not found, waiting...
demo.pcm not found, waiting...
demo.pcm not found, waiting...
demo.pcm not found, waiting...
demo.pcm not found, waiting...
demo.pcm not found, waiting...
demo.pcm not found, waiting...
demo.pcm not found, waiting...
demo.pcm not found, waiting...
demo.pcm not found, waiting...
demo.pcm not found, waiting...
demo.pcm not found, waiting...
demo.pcm not found, waiting...
demo.pcm not found, waiting...
demo.pcm not found, waiting...
demo.pcm not found, waiting...
demo.pcm not found, waiting...
demo.pcm not found, waiting...
demo.pcm not found, waiting...
demo.pcm not found, waiting...
demo.pcm not found, waiting...
demo.pcm not found, waiting...
demo.pcm not found, waiting...
demo.pcm not found, waiting...
demo.pcm not found, waiting...
demo.pcm not found, waiting...
demo.pcm not found, waiting...
demo.pcm not found, waiting...
demo.pcm not found, waiting...
demo.pcm not found, waiting...
demo.pcm not found, waiting...
demo.pcm not found, waiting...
demo.pcm not found, waiting...
demo.pcm not found, waiting...
demo.pcm not found, waiting...
demo.pcm not found, waiting...
demo.pcm not found, waiting...
demo.pcm not found, waiting...
demo.pcm not found, waiting...
demo.pcm not found, waiting...
demo.pcm not found, waiting...
demo.pcm not found, waiting...
demo.pcm not found, waiting...
demo.pcm not found, waiting...
demo.pcm not found, waiting...
demo.pcm not found, waiting...
demo.pcm not found, waiting...
demo.pcm not found, waiting...
demo.pcm not found, waiting...
demo.pcm not found, waiting...
demo.pcm not found, waiting...
demo.pcm not found, waiting...
demo.pcm not found, waiting...
demo.pcm not found, waiting...
demo.pcm not found, waiting...
demo.pcm not found, waiting...
demo.pcm not found, waiting...
demo.pcm not found, waiting...
demo.pcm not found, waiting...
demo.pcm not found, waiting...
demo.pcm not found, waiting...
demo.pcm not found, waiting...
demo.pcm not found, waiting...
demo.pcm not found, waiting...
demo.pcm not found, waiting...
demo.pcm not found, waiting...
demo.pcm not found, waiting...
demo.pcm not found, waiting...
demo.pcm not found, waiting...
demo.pcm not found, waiting...
demo.pcm not found, waiting...
demo.pcm not found, waiting...
demo.pcm not found, waiting...
demo.pcm not found, waiting...
demo.pcm not found, waiting...
demo.pcm not found, waiting...
demo.pcm not found, waiting...
demo.pcm not found, waiting...
demo.pcm not found, waiting...
demo.pcm not found, waiting...
demo.pcm not found, waiting...
demo.pcm not found, waiting...
demo.pcm not found, waiting...
demo.pcm not found, waiting...
demo.pcm not found, waiting...
demo.pcm not found, waiting...
demo.pcm not found, waiting...
demo.pcm not found, waiting...
demo.pcm not found, waiting...
demo.pcm not found, waiting...
demo.pcm not found, waiting...
demo.pcm not found, waiting...
demo.pcm not found, waiting...
demo.pcm not found, waiting...
demo.pcm not found, waiting...
demo.pcm not found, waiting...
demo.pcm not found, waiting...
demo.pcm not found, waiting...
demo.pcm not found, waiting...
demo.pcm not found, waiting...
demo.pcm not found, waiting...
demo.pcm not found, waiting...
demo.pcm not found, waiting...
demo.pcm not found, waiting...
demo.pcm not found, waiting...
demo.pcm not found, waiting...
demo.pcm not found, waiting...
demo.pcm not found, waiting...
demo.pcm not found, waiting...
demo.pcm not found, waiting...
demo.pcm not found, waiting...
demo.pcm not found, waiting...
demo.pcm not found, waiting...
demo.pcm not found, waiting...
demo.pcm not found, waiting...
demo.pcm not found, waiting...
demo.pcm not found, waiting...
demo.pcm not found, waiting...
demo.pcm not found, waiting...
demo.pcm not found, waiting...
demo.pcm not found, waiting...
demo.pcm not found, waiting...
demo.pcm not found, waiting...
demo.pcm not found, waiting...
demo.pcm not found, waiting...
demo.pcm not found, waiting...
demo.pcm not found, waiting...
demo.pcm not found, waiting...
demo.pcm not found, waiting...
demo.pcm not found, waiting...
demo.pcm not found, waiting...
demo.pcm not found, waiting...
demo.pcm not found, waiting...
demo.pcm not found, waiting...
demo.pcm not found, waiting...
demo.pcm not found, waiting...
demo.pcm not found, waiting...
demo.pcm not found, waiting...
demo.pcm not found, waiting...
demo.pcm not found, waiting...
demo.pcm not found, waiting...
demo.pcm not found, waiting...
demo.pcm not found, waiting...
demo.pcm not found, waiting...
demo.pcm not found, waiting...
demo.pcm not found, waiting...
demo.pcm not found, waiting...
demo.pcm not found, waiting...
demo.pcm not found, waiting...
demo.pcm not found, waiting...
demo.pcm not found, waiting...
demo.pcm not found, waiting...
demo.pcm not found, waiting...
demo.pcm not found, waiting...
demo.pcm not found, waiting...
demo.pcm not found, waiting...
demo.pcm not found, waiting...
demo.pcm not found, waiting...
demo.pcm not found, waiting...
demo.pcm not found, waiting...
demo.pcm not found, waiting...
demo.pcm not found, waiting...
demo.pcm not found, waiting...
demo.pcm not found, waiting...
demo.pcm not found, waiting...
demo.pcm not found, waiting...
demo.pcm not found, waiting...
demo.pcm not found, waiting...
demo.pcm not found, waiting...
demo.pcm not found, waiting...
demo.pcm not found, waiting...
demo.pcm not found, waiting...
demo.pcm not found, waiting...
demo.pcm not found, waiting...
demo.pcm not found, waiting...
demo.pcm not found, waiting...
demo.pcm not found, waiting...
demo.pcm not found, waiting...
demo.pcm not found, waiting...
demo.pcm not found, waiting...
demo.pcm not found, waiting...
demo.pcm not found, waiting...
demo.pcm not found, waiting...
demo.pcm not found, waiting...
demo.pcm not found, waiting...
demo.pcm not found, waiting...
demo.pcm not found, waiting...
demo.pcm not found, waiting...
demo.pcm not found, waiting...
demo.pcm not found, waiting...
demo.pcm not found, waiting...
demo.pcm not found, waiting...
demo.pcm not found, waiting...
demo.pcm not found, waiting...
demo.pcm not found, waiting...
demo.pcm not found, waiting...
demo.pcm not found, waiting...
demo.pcm not found, waiting...
demo.pcm not found, waiting...
demo.pcm not found, waiting...
demo.pcm not found, waiting...
demo.pcm not found, waiting...
demo.pcm not found, waiting...
demo.pcm not found, waiting...
demo.pcm not found, waiting...
demo.pcm not found, waiting...
demo.pcm not found, waiting...
demo.pcm not found, waiting...
demo.pcm not found, waiting...
demo.pcm not found, waiting...
demo.pcm not found, waiting...
demo.pcm not found, waiting...
demo.pcm not found, waiting...
demo.pcm not found, waiting...
demo.pcm not found, waiting...
demo.pcm not found, waiting...
demo.pcm not found, waiting...
demo.pcm not found, waiting...
demo.pcm not found, waiting...
demo.pcm not found, waiting...
demo.pcm not found, waiting...
demo.pcm not found, waiting...
demo.pcm not found, waiting...
demo.pcm not found, waiting...
demo.pcm not found, waiting...
demo.pcm not found, waiting...
demo.pcm not found, waiting...
demo.pcm not found, waiting...
demo.pcm not found, waiting...
demo.pcm not found, waiting...
demo.pcm not found, waiting...
demo.pcm not found, waiting...
demo.pcm not found, waiting...
demo.pcm not found, waiting...
demo.pcm not found, waiting...
demo.pcm not found, waiting...
demo.pcm not found, waiting...
demo.pcm not found, waiting...
demo.pcm not found, waiting...
demo.pcm not found, waiting...
demo.pcm not found, waiting...
demo.pcm not found, waiting...
demo.pcm not found, waiting...
demo.pcm not found, waiting...
demo.pcm not found, waiting...
demo.pcm not found, waiting...
demo.pcm not found, waiting...
demo.pcm not found, waiting...
demo.pcm not found, waiting...
demo.pcm not found, waiting...
demo.pcm not found, waiting...
demo.pcm not found, waiting...
demo.pcm not found, waiting...
demo.pcm not found, waiting...
demo.pcm not found, waiting...
demo.pcm not found, waiting...
demo.pcm not found, waiting...
demo.pcm not found, waiting...
demo.pcm not found, waiting...
demo.pcm not found, waiting...
demo.pcm not found, waiting...
demo.pcm not found, waiting...
demo.pcm not found, waiting...
demo.pcm not found, waiting...
demo.pcm not found, waiting...
demo.pcm not found, waiting...
demo.pcm not found, waiting...
demo.pcm not found, waiting...
demo.pcm not found, waiting...
demo.pcm not found, waiting...
demo.pcm not found, waiting...
demo.pcm not found, waiting...
demo.pcm not found, waiting...
demo.pcm not found, waiting...
demo.pcm not found, waiting...
demo.pcm not found, waiting...
demo.pcm not found, waiting...
demo.pcm not found, waiting...
demo.pcm not found, waiting...
demo.pcm not found, waiting...
demo.pcm not found, waiting...
demo.pcm not found, waiting...
demo.pcm not found, waiting...
demo.pcm not found, waiting...
demo.pcm not found, waiting...
demo.pcm not found, waiting...
demo.pcm not found, waiting...
demo.pcm not found, waiting...
demo.pcm not found, waiting...
demo.pcm not found, waiting...
demo.pcm not found, waiting...
demo.pcm not found, waiting...
demo.pcm not found, waiting...
demo.pcm not found, waiting...
demo.pcm not found, waiting...
demo.pcm not found, waiting...
demo.pcm not found, waiting...
demo.pcm not found, waiting...
demo.pcm not found, waiting...
demo.pcm not found, waiting...
demo.pcm not found, waiting...
demo.pcm not found, waiting...
demo.pcm not found, waiting...
demo.pcm not found, waiting...
demo.pcm not found, waiting...
demo.pcm not found, waiting...
demo.pcm not found, waiting...
demo.pcm not found, waiting...
demo.pcm not found, waiting...
demo.pcm not found, waiting...
demo.pcm not found, waiting...
demo.pcm not found, waiting...
demo.pcm not found, waiting...
demo.pcm not found, waiting...
demo.pcm not found, waiting...
demo.pcm not found, waiting...
demo.pcm not found, waiting...
demo.pcm not found, waiting...
demo.pcm not found, waiting...
demo.pcm not found, waiting...
demo.pcm not found, waiting...
demo.pcm not found, waiting...
demo.pcm not found, waiting...
demo.pcm not found, waiting...
demo.pcm not found, waiting...
demo.pcm not found, waiting...
demo.pcm not found, waiting...
demo.pcm not found, waiting...
demo.pcm not found, waiting...
demo.pcm not found, waiting...
demo.pcm not found, waiting...
demo.pcm not found, waiting...
demo.pcm not found, waiting...
demo.pcm not found, waiting...
demo.pcm not found, waiting...
demo.pcm not found, waiting...
demo.pcm not found, waiting...
demo.pcm not found, waiting...
demo.pcm not found, waiting...
demo.pcm not found, waiting...
demo.pcm not found, waiting...
demo.pcm not found, waiting...
demo.pcm not found, waiting...
demo.pcm not found, waiting...
demo.pcm not found, waiting...
demo.pcm not found, waiting...
demo.pcm not found, waiting...
demo.pcm not found, waiting...
demo.pcm not found, waiting...
demo.pcm not found, waiting...
demo.pcm not found, waiting...
demo.pcm not found, waiting...
demo.pcm not found, waiting...
demo.pcm not found, waiting...
demo.pcm not found, waiting...
demo.pcm not found, waiting...
demo.pcm not found, waiting...
demo.pcm not found, waiting...
demo.pcm not found, waiting...
demo.pcm not found, waiting...
demo.pcm not found, waiting...
demo.pcm not found, waiting...
demo.pcm not found, waiting...
demo.pcm not found, waiting...
demo.pcm not found, waiting...
demo.pcm not found, waiting...
demo.pcm not found, waiting...
demo.pcm not found, waiting...
demo.pcm not found, waiting...
demo.pcm not found, waiting...
demo.pcm not found, waiting...
demo.pcm not found, waiting...
demo.pcm not found, waiting...
demo.pcm not found, waiting...
demo.pcm not found, waiting...
demo.pcm not found, waiting...
demo.pcm not found, waiting...
demo.pcm not found, waiting...
demo.pcm not found, waiting...
demo.pcm not found, waiting...
demo.pcm not found, waiting...
demo.pcm not found, waiting...
demo.pcm not found, waiting...
demo.pcm not found, waiting...
demo.pcm not found, waiting...
demo.pcm not found, waiting...
demo.pcm not found, waiting...
demo.pcm not found, waiting...
demo.pcm not found, waiting...
demo.pcm not found, waiting...
demo.pcm not found, waiting...
demo.pcm not found, waiting...
demo.pcm not found, waiting...
demo.pcm not found, waiting...
demo.pcm not found, waiting...
demo.pcm not found, waiting...
demo.pcm not found, waiting...
demo.pcm not found, waiting...
demo.pcm not found, waiting...
demo.pcm not found, waiting...
demo.pcm not found, waiting...
demo.pcm not found, waiting...
demo.pcm not found, waiting...
demo.pcm not found, waiting...
demo.pcm not found, waiting...
demo.pcm not found, waiting...
demo.pcm not found, waiting...
demo.pcm not found, waiting...
demo.pcm not found, waiting...
demo.pcm not found, waiting...
demo.pcm not found, waiting...
demo.pcm not found, waiting...
demo.pcm not found, waiting...
demo.pcm not found, waiting...
demo.pcm not found, waiting...
demo.pcm not found, waiting...
demo.pcm not found, waiting...
demo.pcm not found, waiting...
demo.pcm not found, waiting...
demo.pcm not found, waiting...
demo.pcm not found, waiting...
demo.pcm not found, waiting...
demo.pcm not found, waiting...
demo.pcm not found, waiting...
demo.pcm not found, waiting...
demo.pcm not found, waiting...
demo.pcm not found, waiting...
demo.pcm not found, waiting...
demo.pcm not found, waiting...
demo.pcm not found, waiting...
demo.pcm not found, waiting...
demo.pcm not found, waiting...
demo.pcm not found, waiting...
demo.pcm not found, waiting...
demo.pcm not found, waiting...
demo.pcm not found, waiting...
demo.pcm not found, waiting...
demo.pcm not found, waiting...
demo.pcm not found, waiting...
demo.pcm not found, waiting...
demo.pcm not found, waiting...
demo.pcm not found, waiting...
demo.pcm not found, waiting...
demo.pcm not found, waiting...
demo.pcm not found, waiting...
demo.pcm not found, waiting...
demo.pcm not found, waiting...
demo.pcm not found, waiting...
demo.pcm not found, waiting...
demo.pcm not found, waiting...
demo.pcm not found, waiting...
demo.pcm not found, waiting...
demo.pcm not found, waiting...
demo.pcm not found, waiting...
demo.pcm not found, waiting...
demo.pcm not found, waiting...
demo.pcm not found, waiting...
demo.pcm not found, waiting...
demo.pcm not found, waiting...
demo.pcm not found, waiting...
demo.pcm not found, waiting...
demo.pcm not found, waiting...
demo.pcm not found, waiting...
demo.pcm not found, waiting...
demo.pcm not found, waiting...
demo.pcm not found, waiting...
demo.pcm not found, waiting...
demo.pcm not found, waiting...
demo.pcm not found, waiting...
demo.pcm not found, waiting...
demo.pcm not found, waiting...
demo.pcm not found, waiting...
demo.pcm not found, waiting...
demo.pcm not found, waiting...
demo.pcm not found, waiting...
demo.pcm not found, waiting...
demo.pcm not found, waiting...
demo.pcm not found, waiting...
demo.pcm not found, waiting...
demo.pcm not found, waiting...
demo.pcm not found, waiting...
demo.pcm not found, waiting...
demo.pcm not found, waiting...
demo.pcm not found, waiting...
demo.pcm not found, waiting...
demo.pcm not found, waiting...
demo.pcm not found, waiting...
demo.pcm not found, waiting...
demo.pcm not found, waiting...
demo.pcm not found, waiting...
demo.pcm not found, waiting...
demo.pcm not found, waiting...
demo.pcm not found, waiting...
demo.pcm not found, waiting...
demo.pcm not found, waiting...
demo.pcm not found, waiting...
demo.pcm not found, waiting...
demo.pcm not found, waiting...
demo.pcm not found, waiting...
demo.pcm not found, waiting...
demo.pcm not found, waiting...
demo.pcm not found, waiting...
demo.pcm not found, waiting...
demo.pcm not found, waiting...
demo.pcm not found, waiting...
demo.pcm not found, waiting...
demo.pcm not found, waiting...
demo.pcm not found, waiting...
demo.pcm not found, waiting...
demo.pcm not found, waiting...
demo.pcm not found, waiting...
demo.pcm not found, waiting...
demo.pcm not found, waiting...
demo.pcm not found, waiting...
demo.pcm not found, waiting...
demo.pcm not found, waiting...
demo.pcm not found, waiting...
demo.pcm not found, waiting...
demo.pcm not found, waiting...
demo.pcm not found, waiting...
demo.pcm not found, waiting...
demo.pcm not found, waiting...
demo.pcm not found, waiting...
demo.pcm not found, waiting...
demo.pcm not found, waiting...
demo.pcm not found, waiting...
demo.pcm not found, waiting...
demo.pcm not found, waiting...
demo.pcm not found, waiting...
demo.pcm not found, waiting...
demo.pcm not found, waiting...
demo.pcm not found, waiting...
demo.pcm not found, waiting...
demo.pcm not found, waiting...
demo.pcm not found, waiting...
demo.pcm not found, waiting...
demo.pcm not found, waiting...
demo.pcm not found, waiting...
demo.pcm not found, waiting...
demo.pcm not found, waiting...
demo.pcm not found, waiting...
demo.pcm not found, waiting...
demo.pcm not found, waiting...
demo.pcm not found, waiting...
demo.pcm not found, waiting...
demo.pcm not found, waiting...
demo.pcm not found, waiting...
demo.pcm not found, waiting...
demo.pcm not found, waiting...
demo.pcm not found, waiting...
demo.pcm not found, waiting...
demo.pcm not found, waiting...
demo.pcm not found, waiting...
demo.pcm not found, waiting...
demo.pcm not found, waiting...
demo.pcm not found, waiting...
demo.pcm not found, waiting...
demo.pcm not found, waiting...
demo.pcm not found, waiting...
demo.pcm not found, waiting...
demo.pcm not found, waiting...
demo.pcm not found, waiting...
demo.pcm not found, waiting...
demo.pcm not found, waiting...
demo.pcm not found, waiting...
demo.pcm not found, waiting...
demo.pcm not found, waiting...
demo.pcm not found, waiting...
demo.pcm not found, waiting...
demo.pcm not found, waiting...
demo.pcm not found, waiting...
demo.pcm not found, waiting...
demo.pcm not found, waiting...
demo.pcm not found, waiting...
demo.pcm not found, waiting...
demo.pcm not found, waiting...
demo.pcm not found, waiting...
demo.pcm not found, waiting...
demo.pcm not found, waiting...
demo.pcm not found, waiting...
demo.pcm not found, waiting...
demo.pcm not found, waiting...
demo.pcm not found, waiting...
demo.pcm not found, waiting...
demo.pcm not found, waiting...
demo.pcm not found, waiting...
demo.pcm not found, waiting...
demo.pcm not found, waiting...
demo.pcm not found, waiting...
demo.pcm not found, waiting...
demo.pcm not found, waiting...
demo.pcm not found, waiting...
demo.pcm not found, waiting...
demo.pcm not found, waiting...
demo.pcm not found, waiting...
demo.pcm not found, waiting...
demo.pcm not found, waiting...
demo.pcm not found, waiting...
demo.pcm not found, waiting...
demo.pcm not found, waiting...
demo.pcm not found, waiting...
demo.pcm not found, waiting...
demo.pcm not found, waiting...
demo.pcm not found, waiting...
demo.pcm not found, waiting...
demo.pcm not found, waiting...
demo.pcm not found, waiting...
demo.pcm not found, waiting...
demo.pcm not found, waiting...
demo.pcm not found, waiting...
demo.pcm not found, waiting...
demo.pcm not found, waiting...
demo.pcm not found, waiting...
demo.pcm not found, waiting...
demo.pcm not found, waiting...
demo.pcm not found, waiting...
demo.pcm not found, waiting...
demo.pcm not found, waiting...
demo.pcm not found, waiting...
demo.pcm not found, waiting...
demo.pcm not found, waiting...
demo.pcm not found, waiting...
demo.pcm not found, waiting...
demo.pcm not found, waiting...
demo.pcm not found, waiting...
demo.pcm not found, waiting...
demo.pcm not found, waiting...
demo.pcm not found, waiting...
demo.pcm not found, waiting...
demo.pcm not found, waiting...
demo.pcm not found, waiting...
demo.pcm not found, waiting...
demo.pcm not found, waiting...
demo.pcm not found, waiting...
demo.pcm not found, waiting...
demo.pcm not found, waiting...
demo.pcm not found, waiting...
demo.pcm not found, waiting...
demo.pcm not found, waiting...
demo.pcm not found, waiting...
demo.pcm not found, waiting...
demo.pcm not found, waiting...
demo.pcm not found, waiting...
demo.pcm not found, waiting...
demo.pcm not found, waiting...
demo.pcm not found, waiting...
demo.pcm not found, waiting...
demo.pcm not found, waiting...
demo.pcm not found, waiting...
demo.pcm not found, waiting...
demo.pcm not found, waiting...
demo.pcm not found, waiting...
demo.pcm not found, waiting...
demo.pcm not found, waiting...
demo.pcm not found, waiting...
demo.pcm not found, waiting...
demo.pcm not found, waiting...
demo.pcm not found, waiting...
demo.pcm not found, waiting...
demo.pcm not found, waiting...
demo.pcm not found, waiting...
demo.pcm not found, waiting...
demo.pcm not found, waiting...
demo.pcm not found, waiting...
demo.pcm not found, waiting...
demo.pcm not found, waiting...
demo.pcm not found, waiting...
demo.pcm not found, waiting...
demo.pcm not found, waiting...
demo.pcm not found, waiting...
demo.pcm not found, waiting...
demo.pcm not found, waiting...
demo.pcm not found, waiting...
demo.pcm not found, waiting...
demo.pcm not found, waiting...
demo.pcm not found, waiting...
demo.pcm not found, waiting...
demo.pcm not found, waiting...
demo.pcm not found, waiting...
demo.pcm not found, waiting...
demo.pcm not found, waiting...
demo.pcm not found, waiting...
demo.pcm not found, waiting...
demo.pcm not found, waiting...
demo.pcm not found, waiting...
demo.pcm not found, waiting...
demo.pcm not found, waiting...
demo.pcm not found, waiting...
demo.pcm not found, waiting...
demo.pcm not found, waiting...
demo.pcm not found, waiting...
demo.pcm not found, waiting...
demo.pcm not found, waiting...
demo.pcm not found, waiting...
demo.pcm not found, waiting...
demo.pcm not found, waiting...
demo.pcm not found, waiting...
demo.pcm not found, waiting...
demo.pcm not found, waiting...
demo.pcm not found, waiting...
demo.pcm not found, waiting...
demo.pcm not found, waiting...
demo.pcm not found, waiting...
demo.pcm not found, waiting...
demo.pcm not found, waiting...
demo.pcm not found, waiting...
demo.pcm not found, waiting...
demo.pcm not found, waiting...
demo.pcm not found, waiting...
demo.pcm not found, waiting...
demo.pcm not found, waiting...
demo.pcm not found, waiting...
demo.pcm not found, waiting...
demo.pcm not found, waiting...
demo.pcm not found, waiting...
demo.pcm not found, waiting...
demo.pcm not found, waiting...
demo.pcm not found, waiting...
demo.pcm not found, waiting...
demo.pcm not found, waiting...
demo.pcm not found, waiting...
demo.pcm not found, waiting...
demo.pcm not found, waiting...
demo.pcm not found, waiting...
demo.pcm not found, waiting...
demo.pcm not found, waiting...
demo.pcm not found, waiting...
demo.pcm not found, waiting...
demo.pcm not found, waiting...
demo.pcm not found, waiting...
demo.pcm not found, waiting...
demo.pcm not found, waiting...
demo.pcm not found, waiting...
demo.pcm not found, waiting...
demo.pcm not found, waiting...
demo.pcm not found, waiting...
demo.pcm not found, waiting...
demo.pcm not found, waiting...
demo.pcm not found, waiting...
demo.pcm not found, waiting...
demo.pcm not found, waiting...
demo.pcm not found, waiting...
demo.pcm not found, waiting...
demo.pcm not found, waiting...
demo.pcm not found, waiting...
demo.pcm not found, waiting...
demo.pcm not found, waiting...
demo.pcm not found, waiting...
demo.pcm not found, waiting...
demo.pcm not found, waiting...
demo.pcm not found, waiting...
demo.pcm not found, waiting...
demo.pcm not found, waiting...
demo.pcm not found, waiting...
demo.pcm not found, waiting...
demo.pcm not found, waiting...
demo.pcm not found, waiting...
demo.pcm not found, waiting...
demo.pcm not found, waiting...
demo.pcm not found, waiting...
demo.pcm not found, waiting...
demo.pcm not found, waiting...
demo.pcm not found, waiting...
demo.pcm not found, waiting...
demo.pcm not found, waiting...
demo.pcm not found, waiting...
demo.pcm not found, waiting...
demo.pcm not found, waiting...
demo.pcm not found, waiting...
demo.pcm not found, waiting...
demo.pcm not found, waiting...
demo.pcm not found, waiting...
demo.pcm not found, waiting...
demo.pcm not found, waiting...
demo.pcm not found, waiting...
demo.pcm not found, waiting...
demo.pcm not found, waiting...
demo.pcm not found, waiting...
demo.pcm not found, waiting...
demo.pcm not found, waiting...
demo.pcm not found, waiting...
demo.pcm not found, waiting...
demo.pcm not found, waiting...
demo.pcm not found, waiting...
demo.pcm not found, waiting...
demo.pcm not found, waiting...
demo.pcm not found, waiting...
demo.pcm not found, waiting...
demo.pcm not found, waiting...
demo.pcm not found, waiting...
demo.pcm not found, waiting...
demo.pcm not found, waiting...
demo.pcm not found, waiting...
demo.pcm not found, waiting...
demo.pcm not found, waiting...
demo.pcm not found, waiting...
demo.pcm not found, waiting...
demo.pcm not found, waiting...
demo.pcm not found, waiting...
demo.pcm not found, waiting...
demo.pcm not found, waiting...
demo.pcm not found, waiting...
demo.pcm not found, waiting...
demo.pcm not found, waiting...
demo.pcm not found, waiting...
demo.pcm not found, waiting...
demo.pcm not found, waiting...
demo.pcm not found, waiting...
demo.pcm not found, waiting...
demo.pcm not found, waiting...
demo.pcm not found, waiting...
demo.pcm not found, waiting...
demo.pcm not found, waiting...
demo.pcm not found, waiting...
demo.pcm not found, waiting...
demo.pcm not found, waiting...
demo.pcm not found, waiting...
demo.pcm not found, waiting...
demo.pcm not found, waiting...
demo.pcm not found, waiting...
demo.pcm not found, waiting...
demo.pcm not found, waiting...
demo.pcm not found, waiting...
demo.pcm not found, waiting...
demo.pcm not found, waiting...
demo.pcm not found, waiting...
demo.pcm not found, waiting...
demo.pcm not found, waiting...
demo.pcm not found, waiting...
demo.pcm not found, waiting...
demo.pcm not found, waiting...
demo.pcm not found, waiting...
demo.pcm not found, waiting...
demo.pcm not found, waiting...
demo.pcm not found, waiting...
demo.pcm not found, waiting...
demo.pcm not found, waiting...
demo.pcm not found, waiting...
demo.pcm not found, waiting...
demo.pcm not found, waiting...
demo.pcm not found, waiting...
demo.pcm not found, waiting...
demo.pcm not found, waiting...
demo.pcm not found, waiting...
demo.pcm not found, waiting...
demo.pcm not found, waiting...
demo.pcm not found, waiting...
demo.pcm not found, waiting...
demo.pcm not found, waiting...
demo.pcm not found, waiting...
demo.pcm not found, waiting...
demo.pcm not found, waiting...
demo.pcm not found, waiting...
demo.pcm not found, waiting...
demo.pcm not found, waiting...
demo.pcm not found, waiting...
demo.pcm not found, waiting...
demo.pcm not found, waiting...
demo.pcm not found, waiting...
demo.pcm not found, waiting...
demo.pcm not found, waiting...
demo.pcm not found, waiting...
demo.pcm not found, waiting...
demo.pcm not found, waiting...
demo.pcm not found, waiting...
demo.pcm not found, waiting...
demo.pcm not found, waiting...
demo.pcm not found, waiting...
demo.pcm not found, waiting...
demo.pcm not found, waiting...
demo.pcm not found, waiting...
demo.pcm not found, waiting...
demo.pcm not found, waiting...
demo.pcm not found, waiting...
demo.pcm not found, waiting...
demo.pcm not found, waiting...
demo.pcm not found, waiting...
demo.pcm not found, waiting...
demo.pcm not found, waiting...
demo.pcm not found, waiting...
demo.pcm not found, waiting...
demo.pcm not found, waiting...
demo.pcm not found, waiting...
demo.pcm not found, waiting...
demo.pcm not found, waiting...
demo.pcm not found, waiting...
demo.pcm not found, waiting...
demo.pcm not found, waiting...
demo.pcm not found, waiting...
demo.pcm not found, waiting...
demo.pcm not found, waiting...
demo.pcm not found, waiting...
demo.pcm not found, waiting...
demo.pcm not found, waiting...
demo.pcm not found, waiting...
demo.pcm not found, waiting...
demo.pcm not found, waiting...
demo.pcm not found, waiting...
demo.pcm not found, waiting...
demo.pcm not found, waiting...
demo.pcm not found, waiting...
demo.pcm not found, waiting...
demo.pcm not found, waiting...
demo.pcm not found, waiting...
demo.pcm not found, waiting...
demo.pcm not found, waiting...
demo.pcm not found, waiting...
demo.pcm not found, waiting...
demo.pcm not found, waiting...
demo.pcm not found, waiting...
demo.pcm not found, waiting...
demo.pcm not found, waiting...
demo.pcm not found, waiting...
demo.pcm not found, waiting...
demo.pcm not found, waiting...
demo.pcm not found, waiting...
demo.pcm not found, waiting...
demo.pcm not found, waiting...
demo.pcm not found, waiting...
demo.pcm not found, waiting...
demo.pcm not found, waiting...
demo.pcm not found, waiting...
demo.pcm not found, waiting...
demo.pcm not found, waiting...
demo.pcm not found, waiting...
demo.pcm not found, waiting...
demo.pcm not found, waiting...
demo.pcm not found, waiting...
demo.pcm not found, waiting...
demo.pcm not found, waiting...
demo.pcm not found, waiting...
demo.pcm not found, waiting...
demo.pcm not found, waiting...
demo.pcm not found, waiting...
demo.pcm not found, waiting...
demo.pcm not found, waiting...
demo.pcm not found, waiting...
demo.pcm not found, waiting...
demo.pcm not found, waiting...
demo.pcm not found, waiting...
demo.pcm not found, waiting...
demo.pcm not found, waiting...
demo.pcm not found, waiting...
demo.pcm not found, waiting...
demo.pcm not found, waiting...
demo.pcm not found, waiting...
demo.pcm not found, waiting...
demo.pcm not found, waiting...
demo.pcm not found, waiting...
demo.pcm not found, waiting...
demo.pcm not found, waiting...
demo.pcm not found, waiting...
demo.pcm not found, waiting...
demo.pcm not found, waiting...
demo.pcm not found, waiting...
demo.pcm not found, waiting...
demo.pcm not found, waiting...
demo.pcm not found, waiting...
demo.pcm not found, waiting...
demo.pcm not found, waiting...
demo.pcm not found, waiting...
demo.pcm not found, waiting...
demo.pcm not found, waiting...
demo.pcm not found, waiting...
demo.pcm not found, waiting...
demo.pcm not found, waiting...
demo.pcm not found, waiting...
demo.pcm not found, waiting...
demo.pcm not found, waiting...
demo.pcm not found, waiting...
demo.pcm not found, waiting...
demo.pcm not found, waiting...
demo.pcm not found, waiting...
demo.pcm not found, waiting...
demo.pcm not found, waiting...
demo.pcm not found, waiting...
demo.pcm not found, waiting...
demo.pcm not found, waiting...
demo.pcm not found, waiting...
demo.pcm not found, waiting...
demo.pcm not found, waiting...
demo.pcm not found, waiting...
demo.pcm not found, waiting...
demo.pcm not found, waiting...
demo.pcm not found, waiting...
demo.pcm not found, waiting...
demo.pcm not found, waiting...
demo.pcm not found, waiting...
demo.pcm not found, waiting...
demo.pcm not found, waiting...
demo.pcm not found, waiting...
demo.pcm not found, waiting...
demo.pcm not found, waiting...
demo.pcm not found, waiting...
demo.pcm not found, waiting...
demo.pcm not found, waiting...
demo.pcm not found, waiting...
demo.pcm not found, waiting...
demo.pcm not found, waiting...
demo.pcm not found, waiting...
demo.pcm not found, waiting...
demo.pcm not found, waiting...
demo.pcm not found, waiting...
demo.pcm not found, waiting...
demo.pcm not found, waiting...
demo.pcm not found, waiting...
demo.pcm not found, waiting...
demo.pcm not found, waiting...
demo.pcm not found, waiting...
demo.pcm not found, waiting...
demo.pcm not found, waiting...
demo.pcm not found, waiting...
demo.pcm not found, waiting...
demo.pcm not found, waiting...
demo.pcm not found, waiting...
demo.pcm not found, waiting...
demo.pcm not found, waiting...
demo.pcm not found, waiting...
demo.pcm not found, waiting...
demo.pcm not found, waiting...
demo.pcm not found, waiting...
demo.pcm not found, waiting...
demo.pcm not found, waiting...
demo.pcm not found, waiting...
demo.pcm not found, waiting...
demo.pcm not found, waiting...
demo.pcm not found, waiting...
demo.pcm not found, waiting...
demo.pcm not found, waiting...
demo.pcm not found, waiting...
demo.pcm not found, waiting...
demo.pcm not found, waiting...
demo.pcm not found, waiting...
demo.pcm not found, waiting...
demo.pcm not found, waiting...
demo.pcm not found, waiting...
demo.pcm not found, waiting...
demo.pcm not found, waiting...
demo.pcm not found, waiting...
demo.pcm not found, waiting...
demo.pcm not found, waiting...
demo.pcm not found, waiting...
demo.pcm not found, waiting...
demo.pcm not found, waiting...
demo.pcm not found, waiting...
demo.pcm not found, waiting...
demo.pcm not found, waiting...
demo.pcm not found, waiting...
demo.pcm not found, waiting...
demo.pcm not found, waiting...
demo.pcm not found, waiting...
demo.pcm not found, waiting...
demo.pcm not found, waiting...
demo.pcm not found, waiting...
demo.pcm not found, waiting...
demo.pcm not found, waiting...
demo.pcm not found, waiting...
demo.pcm not found, waiting...
demo.pcm not found, waiting...
demo.pcm not found, waiting...
demo.pcm not found, waiting...
demo.pcm not found, waiting...
demo.pcm not found, waiting...
demo.pcm not found, waiting...
demo.pcm not found, waiting...
demo.pcm not found, waiting...
demo.pcm not found, waiting...
demo.pcm not found, waiting...
demo.pcm not found, waiting...
demo.pcm not found, waiting...
demo.pcm not found, waiting...
demo.pcm not found, waiting...
demo.pcm not found, waiting...
demo.pcm not found, waiting...
demo.pcm not found, waiting...
demo.pcm not found, waiting...
demo.pcm not found, waiting...
demo.pcm not found, waiting...
demo.pcm not found, waiting...
demo.pcm not found, waiting...
demo.pcm not found, waiting...
demo.pcm not found, waiting...
demo.pcm not found, waiting...
demo.pcm not found, waiting...
demo.pcm not found, waiting...
demo.pcm not found, waiting...
demo.pcm not found, waiting...
demo.pcm not found, waiting...
demo.pcm not found, waiting...
demo.pcm not found, waiting...
demo.pcm not found, waiting...
demo.pcm not found, waiting...
demo.pcm not found, waiting...
demo.pcm not found, waiting...
demo.pcm not found, waiting...
demo.pcm not found, waiting...
demo.pcm not found, waiting...
demo.pcm not found, waiting...
demo.pcm not found, waiting...
demo.pcm not found, waiting...
demo.pcm not found, waiting...
demo.pcm not found, waiting...
demo.pcm not found, waiting...
demo.pcm not found, waiting...
demo.pcm not found, waiting...
demo.pcm not found, waiting...
demo.pcm not found, waiting...
demo.pcm not found, waiting...
demo.pcm not found, waiting...
demo.pcm not found, waiting...
demo.pcm not found, waiting...
demo.pcm not found, waiting...
demo.pcm not found, waiting...
demo.pcm not found, waiting...
demo.pcm not found, waiting...
demo.pcm not found, waiting...
demo.pcm not found, waiting...
demo.pcm not found, waiting...
demo.pcm not found, waiting...
demo.pcm not found, waiting...
demo.pcm not found, waiting...
demo.pcm not found, waiting...
demo.pcm not found, waiting...
demo.pcm not found, waiting...
demo.pcm not found, waiting...
demo.pcm not found, waiting...
demo.pcm not found, waiting...
demo.pcm not found, waiting...
demo.pcm not found, waiting...
demo.pcm not found, waiting...
demo.pcm not found, waiting...
demo.pcm not found, waiting...
demo.pcm not found, waiting...
demo.pcm not found, waiting...
demo.pcm not found, waiting...
demo.pcm not found, waiting...
demo.pcm not found, waiting...
demo.pcm not found, waiting...
demo.pcm not found, waiting...
demo.pcm not found, waiting...
demo.pcm not found, waiting...
demo.pcm not found, waiting...
demo.pcm not found, waiting...
demo.pcm not found, waiting...
demo.pcm not found, waiting...
demo.pcm not found, waiting...
demo.pcm not found, waiting...
demo.pcm not found, waiting...
demo.pcm not found, waiting...
demo.pcm not found, waiting...
demo.pcm not found, waiting...
demo.pcm not found, waiting...
demo.pcm not found, waiting...
demo.pcm not found, waiting...
demo.pcm not found, waiting...
demo.pcm not found, waiting...
demo.pcm not found, waiting...
demo.pcm not found, waiting...
demo.pcm not found, waiting...
demo.pcm not found, waiting...
demo.pcm not found, waiting...
demo.pcm not found, waiting...
demo.pcm not found, waiting...
demo.pcm not found, waiting...
demo.pcm not found, waiting...
demo.pcm not found, waiting...
demo.pcm not found, waiting...
demo.pcm not found, waiting...
demo.pcm not found, waiting...
demo.pcm not found, waiting...
demo.pcm not found, waiting...
demo.pcm not found, waiting...
demo.pcm not found, waiting...
demo.pcm not found, waiting...
demo.pcm not found, waiting...
demo.pcm not found, waiting...
demo.pcm not found, waiting...
demo.pcm not found, waiting...
demo.pcm not found, waiting...
demo.pcm not found, waiting...
demo.pcm not found, waiting...
demo.pcm not found, waiting...
demo.pcm not found, waiting...
demo.pcm not found, waiting...
demo.pcm not found, waiting...
demo.pcm not found, waiting...
demo.pcm not found, waiting...
demo.pcm not found, waiting...
demo.pcm not found, waiting...
demo.pcm not found, waiting...
demo.pcm not found, waiting...
demo.pcm not found, waiting...
demo.pcm not found, waiting...
demo.pcm not found, waiting...
demo.pcm not found, waiting...
demo.pcm not found, waiting...
demo.pcm not found, waiting...
demo.pcm not found, waiting...
demo.pcm not found, waiting...
demo.pcm not found, waiting...
demo.pcm not found, waiting...
demo.pcm not found, waiting...
demo.pcm not found, waiting...
demo.pcm not found, waiting...
demo.pcm not found, waiting...
demo.pcm not found, waiting...
demo.pcm not found, waiting...
demo.pcm not found, waiting...
demo.pcm not found, waiting...
demo.pcm not found, waiting...
demo.pcm not found, waiting...
demo.pcm not found, waiting...
demo.pcm not found, waiting...
demo.pcm not found, waiting...
demo.pcm not found, waiting...
demo.pcm not found, waiting...
demo.pcm not found, waiting...
demo.pcm not found, waiting...
demo.pcm not found, waiting...
demo.pcm not found, waiting...
demo.pcm not found, waiting...
demo.pcm not found, waiting...
demo.pcm not found, waiting...
demo.pcm not found, waiting...
demo.pcm not found, waiting...
demo.pcm not found, waiting...
demo.pcm not found, waiting...
demo.pcm not found, waiting...
demo.pcm not found, waiting...
demo.pcm not found, waiting...
demo.pcm not found, waiting...
demo.pcm not found, waiting...
demo.pcm not found, waiting...
demo.pcm not found, waiting...
demo.pcm not found, waiting...
demo.pcm not found, waiting...
demo.pcm not found, waiting...
demo.pcm not found, waiting...
demo.pcm not found, waiting...
demo.pcm not found, waiting...
demo.pcm not found, waiting...
demo.pcm not found, waiting...
demo.pcm not found, waiting...
demo.pcm not found, waiting...
demo.pcm not found, waiting...
demo.pcm not found, waiting...
demo.pcm not found, waiting...
demo.pcm not found, waiting...
demo.pcm not found, waiting...
demo.pcm not found, waiting...
demo.pcm not found, waiting...
demo.pcm not found, waiting...
demo.pcm not found, waiting...
demo.pcm not found, waiting...
demo.pcm not found, waiting...
demo.pcm not found, waiting...
demo.pcm not found, waiting...
demo.pcm not found, waiting...
demo.pcm not found, waiting...
demo.pcm not found, waiting...
demo.pcm not found, waiting...
demo.pcm not found, waiting...
demo.pcm not found, waiting...
demo.pcm not found, waiting...
demo.pcm not found, waiting...
demo.pcm not found, waiting...
demo.pcm not found, waiting...
demo.pcm not found, waiting...
demo.pcm not found, waiting...
demo.pcm not found, waiting...
demo.pcm not found, waiting...
demo.pcm not found, waiting...
demo.pcm not found, waiting...
demo.pcm not found, waiting...
demo.pcm not found, waiting...
demo.pcm not found, waiting...
demo.pcm not found, waiting...
demo.pcm not found, waiting...
demo.pcm not found, waiting...
demo.pcm not found, waiting...
demo.pcm not found, waiting...
demo.pcm not found, waiting...
demo.pcm not found, waiting...
demo.pcm not found, waiting...
demo.pcm not found, waiting...
demo.pcm not found, waiting...
demo.pcm not found, waiting...
demo.pcm not found, waiting...
demo.pcm not found, waiting...
demo.pcm not found, waiting...
demo.pcm not found, waiting...
demo.pcm not found, waiting...
demo.pcm not found, waiting...
demo.pcm not found, waiting...
demo.pcm not found, waiting...
demo.pcm not found, waiting...
demo.pcm not found, waiting...
demo.pcm not found, waiting...
demo.pcm not found, waiting...
demo.pcm not found, waiting...
demo.pcm not found, waiting...
demo.pcm not found, waiting...
demo.pcm not found, waiting...
demo.pcm not found, waiting...
demo.pcm not found, waiting...
demo.pcm not found, waiting...
demo.pcm not found, waiting...
demo.pcm not found, waiting...
demo.pcm not found, waiting...
demo.pcm not found, waiting...
demo.pcm not found, waiting...
demo.pcm not found, waiting...
demo.pcm not found, waiting...
demo.pcm not found, waiting...
demo.pcm not found, waiting...
demo.pcm not found, waiting...
demo.pcm not found, waiting...
demo.pcm not found, waiting...
demo.pcm not found, waiting...
demo.pcm not found, waiting...
demo.pcm not found, waiting...
demo.pcm not found, waiting...
demo.pcm not found, waiting...
demo.pcm not found, waiting...
demo.pcm not found, waiting...
demo.pcm not found, waiting...
demo.pcm not found, waiting...
demo.pcm not found, waiting...
demo.pcm not found, waiting...
demo.pcm not found, waiting...
demo.pcm not found, waiting...
demo.pcm not found, waiting...
demo.pcm not found, waiting...
demo.pcm not found, waiting...
demo.pcm not found, waiting...
demo.pcm not found, waiting...
demo.pcm not found, waiting...
demo.pcm not found, waiting...
demo.pcm not found, waiting...
demo.pcm not found, waiting...
demo.pcm not found, waiting...
demo.pcm not found, waiting...
demo.pcm not found, waiting...
demo.pcm not found, waiting...
demo.pcm not found, waiting...
demo.pcm not found, waiting...
demo.pcm not found, waiting...
demo.pcm not found, waiting...
demo.pcm not found, waiting...
demo.pcm not found, waiting...
demo.pcm not found, waiting...
demo.pcm not found, waiting...
demo.pcm not found, waiting...
demo.pcm not found, waiting...
demo.pcm not found, waiting...
demo.pcm not found, waiting...
demo.pcm not found, waiting...
demo.pcm not found, waiting...
demo.pcm not found, waiting...
demo.pcm not found, waiting...
demo.pcm not found, waiting...
demo.pcm not found, waiting...
demo.pcm not found, waiting...
demo.pcm not found, waiting...
demo.pcm not found, waiting...
demo.pcm not found, waiting...
demo.pcm not found, waiting...
demo.pcm not found, waiting...
demo.pcm not found, waiting...
demo.pcm not found, waiting...
demo.pcm not found, waiting...
demo.pcm not found, waiting...
demo.pcm not found, waiting...
demo.pcm not found, waiting...
demo.pcm not found, waiting...
demo.pcm not found, waiting...
demo.pcm not found, waiting...
demo.pcm not found, waiting...
demo.pcm not found, waiting...
demo.pcm not found, waiting...
demo.pcm not found, waiting...
demo.pcm not found, waiting...
demo.pcm not found, waiting...
demo.pcm not found, waiting...
demo.pcm not found, waiting...
demo.pcm not found, waiting...
demo.pcm not found, waiting...
demo.pcm not found, waiting...
demo.pcm not found, waiting...
demo.pcm not found, waiting...
demo.pcm not found, waiting...
demo.pcm not found, waiting...
demo.pcm not found, waiting...
demo.pcm not found, waiting...
demo.pcm not found, waiting...
demo.pcm not found, waiting...
demo.pcm not found, waiting...
demo.pcm not found, waiting...
demo.pcm not found, waiting...
demo.pcm not found, waiting...
demo.pcm not found, waiting...
demo.pcm not found, waiting...
demo.pcm not found, waiting...
demo.pcm not found, waiting...
demo.pcm not found, waiting...
demo.pcm not found, waiting...
demo.pcm not found, waiting...
demo.pcm not found, waiting...
demo.pcm not found, waiting...
demo.pcm not found, waiting...
demo.pcm not found, waiting...
demo.pcm not found, waiting...
demo.pcm not found, waiting...
demo.pcm not found, waiting...
demo.pcm not found, waiting...
demo.pcm not found, waiting...
demo.pcm not found, waiting...
demo.pcm not found, waiting...
demo.pcm not found, waiting...
demo.pcm not found, waiting...
demo.pcm not found, waiting...
demo.pcm not found, waiting...
demo.pcm not found, waiting...
demo.pcm not found, waiting...
demo.pcm not found, waiting...
demo.pcm not found, waiting...
demo.pcm not found, waiting...
demo.pcm not found, waiting...
demo.pcm not found, waiting...
demo.pcm not found, waiting...
demo.pcm not found, waiting...
demo.pcm not found, waiting...
demo.pcm not found, waiting...
demo.pcm not found, waiting...
demo.pcm not found, waiting...
demo.pcm not found, waiting...
demo.pcm not found, waiting...
demo.pcm not found, waiting...
demo.pcm not found, waiting...
demo.pcm not found, waiting...
demo.pcm not found, waiting...
demo.pcm not found, waiting...
demo.pcm not found, waiting...
demo.pcm not found, waiting...
demo.pcm not found, waiting...
demo.pcm not found, waiting...
demo.pcm not found, waiting...
demo.pcm not found, waiting...
demo.pcm not found, waiting...
demo.pcm not found, waiting...
demo.pcm not found, waiting...
demo.pcm not found, waiting...
demo.pcm not found, waiting...
demo.pcm not found, waiting...
demo.pcm not found, waiting...
demo.pcm not found, waiting...
demo.pcm not found, waiting...
demo.pcm not found, waiting...
demo.pcm not found, waiting...
demo.pcm not found, waiting...
demo.pcm not found, waiting...
demo.pcm not found, waiting...
demo.pcm not found, waiting...
demo.pcm not found, waiting...
demo.pcm not found, waiting...
demo.pcm not found, waiting...
demo.pcm not found, waiting...
demo.pcm not found, waiting...
demo.pcm not found, waiting...
demo.pcm not found, waiting...
demo.pcm not found, waiting...
demo.pcm not found, waiting...
demo.pcm not found, waiting...
demo.pcm not found, waiting...
demo.pcm not found, waiting...
demo.pcm not found, waiting...
demo.pcm not found, waiting...
demo.pcm not found, waiting...
demo.pcm not found, waiting...
demo.pcm not found, waiting...
demo.pcm not found, waiting...
demo.pcm not found, waiting...
demo.pcm not found, waiting...
demo.pcm not found, waiting...
demo.pcm not found, waiting...
demo.pcm not found, waiting...
demo.pcm not found, waiting...
demo.pcm not found, waiting...
demo.pcm not found, waiting...
demo.pcm not found, waiting...
demo.pcm not found, waiting...
demo.pcm not found, waiting...
demo.pcm not found, waiting...
demo.pcm not found, waiting...
demo.pcm not found, waiting...
demo.pcm not found, waiting...
demo.pcm not found, waiting...
demo.pcm not found, waiting...
demo.pcm not found, waiting...
demo.pcm not found, waiting...
demo.pcm not found, waiting...
demo.pcm not found, waiting...
demo.pcm not found, waiting...
demo.pcm not found, waiting...
demo.pcm not found, waiting...
demo.pcm not found, waiting...
demo.pcm not found, waiting...
demo.pcm not found, waiting...
demo.pcm not found, waiting...
demo.pcm not found, waiting...
demo.pcm not found, waiting...
demo.pcm not found, waiting...
demo.pcm not found, waiting...
demo.pcm not found, waiting...
demo.pcm not found, waiting...
demo.pcm not found, waiting...
demo.pcm not found, waiting...
demo.pcm not found, waiting...
demo.pcm not found, waiting...
demo.pcm not found, waiting...
demo.pcm not found, waiting...
demo.pcm not found, waiting...
demo.pcm not found, waiting...
demo.pcm not found, waiting...
demo.pcm not found, waiting...
demo.pcm not found, waiting...
demo.pcm not found, waiting...
demo.pcm not found, waiting...
demo.pcm not found, waiting...
demo.pcm not found, waiting...
demo.pcm not found, waiting...
demo.pcm not found, waiting...
demo.pcm not found, waiting...
demo.pcm not found, waiting...
demo.pcm not found, waiting...
demo.pcm not found, waiting...
demo.pcm not found, waiting...
demo.pcm not found, waiting...
demo.pcm not found, waiting...
demo.pcm not found, waiting...
demo.pcm not found, waiting...
demo.pcm not found, waiting...
demo.pcm not found, waiting...
demo.pcm not found, waiting...
demo.pcm not found, waiting...
demo.pcm not found, waiting...
demo.pcm not found, waiting...
demo.pcm not found, waiting...
demo.pcm not found, waiting...
demo.pcm not found, waiting...
demo.pcm not found, waiting...
demo.pcm not found, waiting...
demo.pcm not found, waiting...
demo.pcm not found, waiting...
demo.pcm not found, waiting...
demo.pcm not found, waiting...
demo.pcm not found, waiting...
demo.pcm not found, waiting...
demo.pcm not found, waiting...
demo.pcm not found, waiting...
demo.pcm not found, waiting...
demo.pcm not found, waiting...
demo.pcm not found, waiting...
demo.pcm not found, waiting...
demo.pcm not found, waiting...
demo.pcm not found, waiting...
demo.pcm not found, waiting...
demo.pcm not found, waiting...
demo.pcm not found, waiting...
demo.pcm not found, waiting...
demo.pcm not found, waiting...
demo.pcm not found, waiting...
demo.pcm not found, waiting...
demo.pcm not found, waiting...
demo.pcm not found, waiting...
demo.pcm not found, waiting...
demo.pcm not found, waiting...
demo.pcm not found, waiting...
demo.pcm not found, waiting...
demo.pcm not found, waiting...
demo.pcm not found, waiting...
demo.pcm not found, waiting...
demo.pcm not found, waiting...
demo.pcm not found, waiting...
demo.pcm not found, waiting...
demo.pcm not found, waiting...
demo.pcm not found, waiting...
demo.pcm not found, waiting...
demo.pcm not found, waiting...
demo.pcm not found, waiting...
demo.pcm not found, waiting...
demo.pcm not found, waiting...
demo.pcm not found, waiting...
demo.pcm not found, waiting...
demo.pcm not found, waiting...
demo.pcm not found, waiting...
demo.pcm not found, waiting...
demo.pcm not found, waiting...
demo.pcm not found, waiting...
demo.pcm not found, waiting...
demo.pcm not found, waiting...
demo.pcm not found, waiting...
demo.pcm not found, waiting...
demo.pcm not found, waiting...
demo.pcm not found, waiting...
demo.pcm not found, waiting...
demo.pcm not found, waiting...
demo.pcm not found, waiting...
demo.pcm not found, waiting...
demo.pcm not found, waiting...
demo.pcm not found, waiting...
demo.pcm not found, waiting...
demo.pcm not found, waiting...
demo.pcm not found, waiting...
demo.pcm not found, waiting...
demo.pcm not found, waiting...
demo.pcm not found, waiting...
demo.pcm not found, waiting...
demo.pcm not found, waiting...
demo.pcm not found, waiting...
demo.pcm not found, waiting...
demo.pcm not found, waiting...
demo.pcm not found, waiting...
demo.pcm not found, waiting...
demo.pcm not found, waiting...
demo.pcm not found, waiting...
demo.pcm not found, waiting...
demo.pcm not found, waiting...
demo.pcm not found, waiting...
demo.pcm not found, waiting...
demo.pcm not found, waiting...
demo.pcm not found, waiting...
demo.pcm not found, waiting...
demo.pcm not found, waiting...
demo.pcm not found, waiting...
demo.pcm not found, waiting...
demo.pcm not found, waiting...
demo.pcm not found, waiting...
demo.pcm not found, waiting...
demo.pcm not found, waiting...
demo.pcm not found, waiting...
demo.pcm not found, waiting...
demo.pcm not found, waiting...
demo.pcm not found, waiting...
demo.pcm not found, waiting...
demo.pcm not found, waiting...
demo.pcm not found, waiting...
demo.pcm not found, waiting...
demo.pcm not found, waiting...
demo.pcm not found, waiting...
demo.pcm not found, waiting...
demo.pcm not found, waiting...
demo.pcm not found, waiting...
demo.pcm not found, waiting...
demo.pcm not found, waiting...
demo.pcm not found, waiting...
demo.pcm not found, waiting...
demo.pcm not found, waiting...
demo.pcm not found, waiting...
demo.pcm not found, waiting...
demo.pcm not found, waiting...
demo.pcm not found, waiting...
demo.pcm not found, waiting...
demo.pcm not found, waiting...
demo.pcm not found, waiting...
demo.pcm not found, waiting...
demo.pcm not found, waiting...
demo.pcm not found, waiting...
demo.pcm not found, waiting...
demo.pcm not found, waiting...
demo.pcm not found, waiting...
demo.pcm not found, waiting...
demo.pcm not found, waiting...
demo.pcm not found, waiting...
demo.pcm not found, waiting...
demo.pcm not found, waiting...
demo.pcm not found, waiting...
demo.pcm not found, waiting...
demo.pcm not found, waiting...
demo.pcm not found, waiting...
demo.pcm not found, waiting...
demo.pcm not found, waiting...
demo.pcm not found, waiting...
demo.pcm not found, waiting...
demo.pcm not found, waiting...
demo.pcm not found, waiting...
demo.pcm not found, waiting...
demo.pcm not found, waiting...
demo.pcm not found, waiting...
demo.pcm not found, waiting...
demo.pcm not found, waiting...
demo.pcm not found, waiting...
demo.pcm not found, waiting...
demo.pcm not found, waiting...
demo.pcm not found, waiting...
demo.pcm not found, waiting...
demo.pcm not found, waiting...
demo.pcm not found, waiting...
demo.pcm not found, waiting...
demo.pcm not found, waiting...
demo.pcm not found, waiting...
demo.pcm not found, waiting...
demo.pcm not found, waiting...
demo.pcm not found, waiting...
demo.pcm not found, waiting...
demo.pcm not found, waiting...
demo.pcm not found, waiting...
demo.pcm not found, waiting...
demo.pcm not found, waiting...
demo.pcm not found, waiting...
demo.pcm not found, waiting...
demo.pcm not found, waiting...
demo.pcm not found, waiting...
demo.pcm not found, waiting...
demo.pcm not found, waiting...
demo.pcm not found, waiting...
demo.pcm not found, waiting...
demo.pcm not found, waiting...
demo.pcm not found, waiting...
demo.pcm not found, waiting...
demo.pcm not found, waiting...
demo.pcm not found, waiting...
demo.pcm not found, waiting...
demo.pcm not found, waiting...
demo.pcm not found, waiting...
demo.pcm not found, waiting...
demo.pcm not found, waiting...
demo.pcm not found, waiting...
demo.pcm not found, waiting...
demo.pcm not found, waiting...
demo.pcm not found, waiting...
demo.pcm not found, waiting...
demo.pcm not found, waiting...
demo.pcm not found, waiting...
demo.pcm not found, waiting...
demo.pcm not found, waiting...
demo.pcm not found, waiting...
demo.pcm not found, waiting...
demo.pcm not found, waiting...
demo.pcm not found, waiting...
demo.pcm not found, waiting...
demo.pcm not found, waiting...
demo.pcm not found, waiting...
demo.pcm not found, waiting...
demo.pcm not found, waiting...
demo.pcm not found, waiting...
demo.pcm not found, waiting...
demo.pcm not found, waiting...
demo.pcm not found, waiting...
demo.pcm not found, waiting...
demo.pcm not found, waiting...
demo.pcm not found, waiting...
demo.pcm not found, waiting...
demo.pcm not found, waiting...
demo.pcm not found, waiting...
demo.pcm not found, waiting...
demo.pcm not found, waiting...
demo.pcm not found, waiting...
demo.pcm not found, waiting...
demo.pcm not found, waiting...
demo.pcm not found, waiting...
demo.pcm not found, waiting...
demo.pcm not found, waiting...
demo.pcm not found, waiting...
demo.pcm not found, waiting...
demo.pcm not found, waiting...
demo.pcm not found, waiting...
demo.pcm not found, waiting...
demo.pcm not found, waiting...
demo.pcm not found, waiting...
demo.pcm not found, waiting...
demo.pcm not found, waiting...
demo.pcm not found, waiting...
demo.pcm not found, waiting...
demo.pcm not found, waiting...
demo.pcm not found, waiting...
demo.pcm not found, waiting...
demo.pcm not found, waiting...
demo.pcm not found, waiting...
demo.pcm not found, waiting...
demo.pcm not found, waiting...
demo.pcm not found, waiting...
demo.pcm not found, waiting...
demo.pcm not found, waiting...
demo.pcm not found, waiting...
demo.pcm not found, waiting...
demo.pcm not found, waiting...
demo.pcm not found, waiting...
demo.pcm not found, waiting...
demo.pcm not found, waiting...
demo.pcm not found, waiting...
demo.pcm not found, waiting...
demo.pcm not found, waiting...
demo.pcm not found, waiting...
demo.pcm not found, waiting...
demo.pcm not found, waiting...
demo.pcm not found, waiting...
demo.pcm not found, waiting...
demo.pcm not found, waiting...
demo.pcm not found, waiting...
demo.pcm not found, waiting...
demo.pcm not found, waiting...
demo.pcm not found, waiting...
demo.pcm not found, waiting...
demo.pcm not found, waiting...
demo.pcm not found, waiting...
demo.pcm not found, waiting...
demo.pcm not found, waiting...
demo.pcm not found, waiting...
demo.pcm not found, waiting...
demo.pcm not found, waiting...
demo.pcm not found, waiting...
demo.pcm not found, waiting...
demo.pcm not found, waiting...
demo.pcm not found, waiting...
demo.pcm not found, waiting...
demo.pcm not found, waiting...
demo.pcm not found, waiting...
demo.pcm not found, waiting...
demo.pcm not found, waiting...
demo.pcm not found, waiting...
demo.pcm not found, waiting...
demo.pcm not found, waiting...
demo.pcm not found, waiting...
demo.pcm not found, waiting...
demo.pcm not found, waiting...
demo.pcm not found, waiting...
demo.pcm not found, waiting...
demo.pcm not found, waiting...
demo.pcm not found, waiting...
demo.pcm not found, waiting...
demo.pcm not found, waiting...
demo.pcm not found, waiting...
demo.pcm not found, waiting...
demo.pcm not found, waiting...
demo.pcm not found, waiting...
demo.pcm not found, waiting...
demo.pcm not found, waiting...
demo.pcm not found, waiting...
demo.pcm not found, waiting...
demo.pcm not found, waiting...
demo.pcm not found, waiting...
demo.pcm not found, waiting...
demo.pcm not found, waiting...
demo.pcm not found, waiting...
demo.pcm not found, waiting...
demo.pcm not found, waiting...
demo.pcm not found, waiting...
demo.pcm not found, waiting...
demo.pcm not found, waiting...
demo.pcm not found, waiting...
demo.pcm not found, waiting...
demo.pcm not found, waiting...
demo.pcm not found, waiting...
demo.pcm not found, waiting...
demo.pcm not found, waiting...
demo.pcm not found, waiting...
demo.pcm not found, waiting...
demo.pcm not found, waiting...
demo.pcm not found, waiting...
demo.pcm not found, waiting...
demo.pcm not found, waiting...
demo.pcm not found, waiting...
demo.pcm not found, waiting...
demo.pcm not found, waiting...
demo.pcm not found, waiting...
demo.pcm not found, waiting...
demo.pcm not found, waiting...
demo.pcm not found, waiting...
demo.pcm not found, waiting...
demo.pcm not found, waiting...
demo.pcm not found, waiting...
demo.pcm not found, waiting...
demo.pcm not found, waiting...
demo.pcm not found, waiting...
demo.pcm not found, waiting...
demo.pcm not found, waiting...
demo.pcm not found, waiting...
demo.pcm not found, waiting...
demo.pcm not found, waiting...
demo.pcm not found, waiting...
demo.pcm not found, waiting...
demo.pcm not found, waiting...
demo.pcm not found, waiting...
demo.pcm not found, waiting...
demo.pcm not found, waiting...
demo.pcm not found, waiting...
demo.pcm not found, waiting...
demo.pcm not found, waiting...
demo.pcm not found, waiting...
demo.pcm not found, waiting...
demo.pcm not found, waiting...
demo.pcm not found, waiting...
demo.pcm not found, waiting...
demo.pcm not found, waiting...
demo.pcm not found, waiting...
demo.pcm not found, waiting...
demo.pcm not found, waiting...
demo.pcm not found, waiting...
demo.pcm not found, waiting...
demo.pcm not found, waiting...
demo.pcm not found, waiting...
demo.pcm not found, waiting...
demo.pcm not found, waiting...
demo.pcm not found, waiting...
demo.pcm not found, waiting...
demo.pcm not found, waiting...
demo.pcm not found, waiting...
demo.pcm not found, waiting...
demo.pcm not found, waiting...
demo.pcm not found, waiting...
demo.pcm not found, waiting...
demo.pcm not found, waiting...
demo.pcm not found, waiting...
demo.pcm not found, waiting...
demo.pcm not found, waiting...
demo.pcm not found, waiting...
demo.pcm not found, waiting...
demo.pcm not found, waiting...
demo.pcm not found, waiting...
demo.pcm not found, waiting...
demo.pcm not found, waiting...
demo.pcm not found, waiting...
demo.pcm not found, waiting...
demo.pcm not found, waiting...
demo.pcm not found, waiting...
demo.pcm not found, waiting...
demo.pcm not found, waiting...
demo.pcm not found, waiting...
demo.pcm not found, waiting...
demo.pcm not found, waiting...
demo.pcm not found, waiting...
demo.pcm not found, waiting...
demo.pcm not found, waiting...
demo.pcm not found, waiting...
demo.pcm not found, waiting...
demo.pcm not found, waiting...
demo.pcm not found, waiting...
demo.pcm not found, waiting...
demo.pcm not found, waiting...
demo.pcm not found, waiting...
demo.pcm not found, waiting...
demo.pcm not found, waiting...
demo.pcm not found, waiting...
demo.pcm not found, waiting...
demo.pcm not found, waiting...
demo.pcm not found, waiting...
demo.pcm not found, waiting...
demo.pcm not found, waiting...
demo.pcm not found, waiting...
demo.pcm not found, waiting...
demo.pcm not found, waiting...
demo.pcm not found, waiting...
demo.pcm not found, waiting...
demo.pcm not found, waiting...
demo.pcm not found, waiting...
demo.pcm not found, waiting...
demo.pcm not found, waiting...
demo.pcm not found, waiting...
demo.pcm not found, waiting...
demo.pcm not found, waiting...
demo.pcm not found, waiting...
demo.pcm not found, waiting...
demo.pcm not found, waiting...
demo.pcm not found, waiting...
demo.pcm not found, waiting...
demo.pcm not found, waiting...
demo.pcm not found, waiting...
demo.pcm not found, waiting...
demo.pcm not found, waiting...
demo.pcm not found, waiting...
demo.pcm not found, waiting...
demo.pcm not found, waiting...
demo.pcm not found, waiting...
demo.pcm not found, waiting...
demo.pcm not found, waiting...
demo.pcm not found, waiting...
demo.pcm not found, waiting...
demo.pcm not found, waiting...
demo.pcm not found, waiting...
demo.pcm not found, waiting...
demo.pcm not found, waiting...
demo.pcm not found, waiting...
demo.pcm not found, waiting...
demo.pcm not found, waiting...
demo.pcm not found, waiting...
demo.pcm not found, waiting...
demo.pcm not found, waiting...
demo.pcm not found, waiting...
demo.pcm not found, waiting...
demo.pcm not found, waiting...
demo.pcm not found, waiting...
demo.pcm not found, waiting...
demo.pcm not found, waiting...
demo.pcm not found, waiting...
demo.pcm not found, waiting...
demo.pcm not found, waiting...
demo.pcm not found, waiting...
demo.pcm not found, waiting...
demo.pcm not found, waiting...
demo.pcm not found, waiting...
demo.pcm not found, waiting...
demo.pcm not found, waiting...
demo.pcm not found, waiting...
demo.pcm not found, waiting...
demo.pcm not found, waiting...
demo.pcm not found, waiting...
demo.pcm not found, waiting...
demo.pcm not found, waiting...
demo.pcm not found, waiting...
demo.pcm not found, waiting...
demo.pcm not found, waiting...
demo.pcm not found, waiting...
demo.pcm not found, waiting...
demo.pcm not found, waiting...
demo.pcm not found, waiting...
demo.pcm not found, waiting...
demo.pcm not found, waiting...
demo.pcm not found, waiting...
demo.pcm not found, waiting...
demo.pcm not found, waiting...
demo.pcm not found, waiting...
demo.pcm not found, waiting...
demo.pcm not found, waiting...
demo.pcm not found, waiting...
demo.pcm not found, waiting...
demo.pcm not found, waiting...
demo.pcm not found, waiting...
demo.pcm not found, waiting...
demo.pcm not found, waiting...
demo.pcm not found, waiting...
demo.pcm not found, waiting...
demo.pcm not found, waiting...
demo.pcm not found, waiting...
demo.pcm not found, waiting...
demo.pcm not found, waiting...
demo.pcm not found, waiting...
demo.pcm not found, waiting...
demo.pcm not found, waiting...
demo.pcm not found, waiting...
demo.pcm not found, waiting...
demo.pcm not found, waiting...
demo.pcm not found, waiting...
demo.pcm not found, waiting...
demo.pcm not found, waiting...
demo.pcm not found, waiting...
demo.pcm not found, waiting...
demo.pcm not found, waiting...
demo.pcm not found, waiting...
demo.pcm not found, waiting...
demo.pcm not found, waiting...
demo.pcm not found, waiting...
demo.pcm not found, waiting...
demo.pcm not found, waiting...
demo.pcm not found, waiting...
demo.pcm not found, waiting...
demo.pcm not found, waiting...
demo.pcm not found, waiting...
demo.pcm not found, waiting...
demo.pcm not found, waiting...
demo.pcm not found, waiting...
demo.pcm not found, waiting...
demo.pcm not found, waiting...
demo.pcm not found, waiting...
demo.pcm not found, waiting...
demo.pcm not found, waiting...
demo.pcm not found, waiting...
demo.pcm not found, waiting...
demo.pcm not found, waiting...
demo.pcm not found, waiting...
demo.pcm not found, waiting...
demo.pcm not found, waiting...
demo.pcm not found, waiting...
demo.pcm not found, waiting...
demo.pcm not found, waiting...
demo.pcm not found, waiting...
demo.pcm not found, waiting...
demo.pcm not found, waiting...
demo.pcm not found, waiting...
demo.pcm not found, waiting...
demo.pcm not found, waiting...
demo.pcm not found, waiting...
demo.pcm not found, waiting...
demo.pcm not found, waiting...
demo.pcm not found, waiting...
demo.pcm not found, waiting...
demo.pcm not found, waiting...
demo.pcm not found, waiting...
demo.pcm not found, waiting...
demo.pcm not found, waiting...
demo.pcm not found, waiting...
demo.pcm not found, waiting...
demo.pcm not found, waiting...
demo.pcm not found, waiting...
demo.pcm not found, waiting...
demo.pcm not found, waiting...
demo.pcm not found, waiting...
demo.pcm not found, waiting...
demo.pcm not found, waiting...
demo.pcm not found, waiting...
demo.pcm not found, waiting...
demo.pcm not found, waiting...
demo.pcm not found, waiting...
demo.pcm not found, waiting...
demo.pcm not found, waiting...
demo.pcm not found, waiting...
demo.pcm not found, waiting...
demo.pcm not found, waiting...
demo.pcm not found, waiting...
demo.pcm not found, waiting...
demo.pcm not found, waiting...
demo.pcm not found, waiting...
demo.pcm not found, waiting...
demo.pcm not found, waiting...
demo.pcm not found, waiting...
demo.pcm not found, waiting...
demo.pcm not found, waiting...
demo.pcm not found, waiting...
demo.pcm not found, waiting...
demo.pcm not found, waiting...
demo.pcm not found, waiting...
demo.pcm not found, waiting...
demo.pcm not found, waiting...
demo.pcm not found, waiting...
demo.pcm not found, waiting...
demo.pcm not found, waiting...
demo.pcm not found, waiting...
demo.pcm not found, waiting...
demo.pcm not found, waiting...
demo.pcm not found, waiting...
demo.pcm not found, waiting...
demo.pcm not found, waiting...
demo.pcm not found, waiting...
demo.pcm not found, waiting...
demo.pcm not found, waiting...
demo.pcm not found, waiting...
demo.pcm not found, waiting...
demo.pcm not found, waiting...
demo.pcm not found, waiting...
demo.pcm not found, waiting...
demo.pcm not found, waiting...
demo.pcm not found, waiting...
demo.pcm not found, waiting...
demo.pcm not found, waiting...
demo.pcm not found, waiting...
demo.pcm not found, waiting...
demo.pcm not found, waiting...
demo.pcm not found, waiting...
demo.pcm not found, waiting...
demo.pcm not found, waiting...
demo.pcm not found, waiting...
demo.pcm not found, waiting...
demo.pcm not found, waiting...
demo.pcm not found, waiting...
demo.pcm not found, waiting...
demo.pcm not found, waiting...
demo.pcm not found, waiting...
demo.pcm not found, waiting...
demo.pcm not found, waiting...
demo.pcm not found, waiting...
demo.pcm not found, waiting...
demo.pcm not found, waiting...
demo.pcm not found, waiting...
demo.pcm not found, waiting...
demo.pcm not found, waiting...
demo.pcm not found, waiting...
demo.pcm not found, waiting...
demo.pcm not found, waiting...
demo.pcm not found, waiting...
demo.pcm not found, waiting...
demo.pcm not found, waiting...
demo.pcm not found, waiting...
demo.pcm not found, waiting...
demo.pcm not found, waiting...
demo.pcm not found, waiting...
demo.pcm not found, waiting...
demo.pcm not found, waiting...
demo.pcm not found, waiting...
demo.pcm not found, waiting...
demo.pcm not found, waiting...
demo.pcm not found, waiting...
demo.pcm not found, waiting...
demo.pcm not found, waiting...
demo.pcm not found, waiting...
demo.pcm not found, waiting...
demo.pcm not found, waiting...
demo.pcm not found, waiting...
demo.pcm not found, waiting...
demo.pcm not found, waiting...
demo.pcm not found, waiting...
demo.pcm not found, waiting...
demo.pcm not found, waiting...
demo.pcm not found, waiting...
demo.pcm not found, waiting...
demo.pcm not found, waiting...
demo.pcm not found, waiting...
demo.pcm not found, waiting...
demo.pcm not found, waiting...
demo.pcm not found, waiting...
demo.pcm not found, waiting...
demo.pcm not found, waiting...
demo.pcm not found, waiting...
demo.pcm not found, waiting...
demo.pcm not found, waiting...
demo.pcm not found, waiting...
demo.pcm not found, waiting...
demo.pcm not found, waiting...
demo.pcm not found, waiting...
demo.pcm not found, waiting...
demo.pcm not found, waiting...
demo.pcm not found, waiting...
demo.pcm not found, waiting...
demo.pcm not found, waiting...
demo.pcm not found, waiting...
demo.pcm not found, waiting...
demo.pcm not found, waiting...
demo.pcm not found, waiting...
demo.pcm not found, waiting...
demo.pcm not found, waiting...
demo.pcm not found, waiting...
demo.pcm not found, waiting...
demo.pcm not found, waiting...
demo.pcm not found, waiting...
demo.pcm not found, waiting...
demo.pcm not found, waiting...
demo.pcm not found, waiting...
demo.pcm not found, waiting...
demo.pcm not found, waiting...
demo.pcm not found, waiting...
demo.pcm not found, waiting...
demo.pcm not found, waiting...
demo.pcm not found, waiting...
demo.pcm not found, waiting...
demo.pcm not found, waiting...
demo.pcm not found, waiting...
demo.pcm not found, waiting...
demo.pcm not found, waiting...
demo.pcm not found, waiting...
demo.pcm not found, waiting...
demo.pcm not found, waiting...
demo.pcm not found, waiting...
demo.pcm not found, waiting...
demo.pcm not found, waiting...
demo.pcm not found, waiting...
demo.pcm not found, waiting...
demo.pcm not found, waiting...
demo.pcm not found, waiting...
demo.pcm not found, waiting...
demo.pcm not found, waiting...
demo.pcm not found, waiting...
demo.pcm not found, waiting...
demo.pcm not found, waiting...
demo.pcm not found, waiting...
demo.pcm not found, waiting...
demo.pcm not found, waiting...
demo.pcm not found, waiting...
demo.pcm not found, waiting...
demo.pcm not found, waiting...
demo.pcm not found, waiting...
demo.pcm not found, waiting...
demo.pcm not found, waiting...
demo.pcm not found, waiting...
demo.pcm not found, waiting...
demo.pcm not found, waiting...
demo.pcm not found, waiting...
demo.pcm not found, waiting...
demo.pcm not found, waiting...
demo.pcm not found, waiting...
demo.pcm not found, waiting...
demo.pcm not found, waiting...
demo.pcm not found, waiting...
demo.pcm not found, waiting...
demo.pcm not found, waiting...
demo.pcm not found, waiting...
demo.pcm not found, waiting...
demo.pcm not found, waiting...
demo.pcm not found, waiting...
demo.pcm not found, waiting...
demo.pcm not found, waiting...
demo.pcm not found, waiting...
demo.pcm not found, waiting...
demo.pcm not found, waiting...
demo.pcm not found, waiting...
demo.pcm not found, waiting...
demo.pcm not found, waiting...
demo.pcm not found, waiting...
demo.pcm not found, waiting...
demo.pcm not found, waiting...
demo.pcm not found, waiting...
demo.pcm not found, waiting...
demo.pcm not found, waiting...
demo.pcm not found, waiting...
demo.pcm not found, waiting...
demo.pcm not found, waiting...
demo.pcm not found, waiting...
demo.pcm not found, waiting...
demo.pcm not found, waiting...
demo.pcm not found, waiting...
demo.pcm not found, waiting...
demo.pcm not found, waiting...
demo.pcm not found, waiting...
demo.pcm not found, waiting...
demo.pcm not found, waiting...
demo.pcm not found, waiting...
demo.pcm not found, waiting...
demo.pcm not found, waiting...
demo.pcm not found, waiting...
demo.pcm not found, waiting...
demo.pcm not found, waiting...
demo.pcm not found, waiting...
demo.pcm not found, waiting...
demo.pcm not found, waiting...
demo.pcm not found, waiting...
demo.pcm not found, waiting...
demo.pcm not found, waiting...
demo.pcm not found, waiting...
demo.pcm not found, waiting...
demo.pcm not found, waiting...
demo.pcm not found, waiting...
demo.pcm not found, waiting...
demo.pcm not found, waiting...
demo.pcm not found, waiting...
demo.pcm not found, waiting...
demo.pcm not found, waiting...
demo.pcm not found, waiting...
demo.pcm not found, waiting...
demo.pcm not found, waiting...
demo.pcm not found, waiting...
demo.pcm not found, waiting...
demo.pcm not found, waiting...
demo.pcm not found, waiting...
demo.pcm not found, waiting...
demo.pcm not found, waiting...
demo.pcm not found, waiting...
demo.pcm not found, waiting...
demo.pcm not found, waiting...
demo.pcm not found, waiting...
demo.pcm not found, waiting...
demo.pcm not found, waiting...
demo.pcm not found, waiting...
demo.pcm not found, waiting...
demo.pcm not found, waiting...
demo.pcm not found, waiting...
demo.pcm not found, waiting...
demo.pcm not found, waiting...
demo.pcm not found, waiting...
demo.pcm not found, waiting...
demo.pcm not found, waiting...
demo.pcm not found, waiting...
demo.pcm not found, waiting...
demo.pcm not found, waiting...
demo.pcm not found, waiting...
demo.pcm not found, waiting...
demo.pcm not found, waiting...
demo.pcm not found, waiting...
demo.pcm not found, waiting...
demo.pcm not found, waiting...
demo.pcm not found, waiting...
demo.pcm not found, waiting...
demo.pcm not found, waiting...
demo.pcm not found, waiting...
demo.pcm not found, waiting...
demo.pcm not found, waiting...
demo.pcm not found, waiting...
demo.pcm not found, waiting...
demo.pcm not found, waiting...
demo.pcm not found, waiting...
demo.pcm not found, waiting...
demo.pcm not found, waiting...
demo.pcm not found, waiting...
demo.pcm not found, waiting...
demo.pcm not found, waiting...
demo.pcm not found, waiting...
demo.pcm not found, waiting...
demo.pcm not found, waiting...
demo.pcm not found, waiting...
demo.pcm not found, waiting...
demo.pcm not found, waiting...
demo.pcm not found, waiting...
demo.pcm not found, waiting...
demo.pcm not found, waiting...
demo.pcm not found, waiting...
demo.pcm not found, waiting...
demo.pcm not found, waiting...
demo.pcm not found, waiting...
demo.pcm not found, waiting...
demo.pcm not found, waiting...
demo.pcm not found, waiting...
demo.pcm not found, waiting...
demo.pcm not found, waiting...
demo.pcm not found, waiting...
demo.pcm not found, waiting...
demo.pcm not found, waiting...
demo.pcm not found, waiting...
demo.pcm not found, waiting...
demo.pcm not found, waiting...
demo.pcm not found, waiting...
demo.pcm not found, waiting...
demo.pcm not found, waiting...
demo.pcm not found, waiting...
demo.pcm not found, waiting...
demo.pcm not found, waiting...
demo.pcm not found, waiting...
demo.pcm not found, waiting...
demo.pcm not found, waiting...
demo.pcm not found, waiting...
demo.pcm not found, waiting...
demo.pcm not found, waiting...
demo.pcm not found, waiting...
demo.pcm not found, waiting...
demo.pcm not found, waiting...
demo.pcm not found, waiting...
demo.pcm not found, waiting...
demo.pcm not found, waiting...
demo.pcm not found, waiting...
demo.pcm not found, waiting...
demo.pcm not found, waiting...
demo.pcm not found, waiting...
demo.pcm not found, waiting...
demo.pcm not found, waiting...
demo.pcm not found, waiting...
demo.pcm not found, waiting...
demo.pcm not found, waiting...
demo.pcm not found, waiting...
demo.pcm not found, waiting...
demo.pcm not found, waiting...
demo.pcm not found, waiting...
demo.pcm not found, waiting...
demo.pcm not found, waiting...
demo.pcm not found, waiting...
demo.pcm not found, waiting...
demo.pcm not found, waiting...
demo.pcm not found, waiting...
demo.pcm not found, waiting...
demo.pcm not found, waiting...
demo.pcm not found, waiting...
demo.pcm not found, waiting...
demo.pcm not found, waiting...
demo.pcm not found, waiting...
demo.pcm not found, waiting...
demo.pcm not found, waiting...
demo.pcm not found, waiting...
demo.pcm not found, waiting...
demo.pcm not found, waiting...
demo.pcm not found, waiting...
demo.pcm not found, waiting...
demo.pcm not found, waiting...
demo.pcm not found, waiting...
demo.pcm not found, waiting...
demo.pcm not found, waiting...
demo.pcm not found, waiting...
demo.pcm not found, waiting...
demo.pcm not found, waiting...
demo.pcm not found, waiting...
demo.pcm not found, waiting...
demo.pcm not found, waiting...
demo.pcm not found, waiting...
demo.pcm not found, waiting...
demo.pcm not found, waiting...
demo.pcm not found, waiting...
demo.pcm not found, waiting...
demo.pcm not found, waiting...
demo.pcm not found, waiting...
demo.pcm not found, waiting...
demo.pcm not found, waiting...
demo.pcm not found, waiting...
demo.pcm not found, waiting...
demo.pcm not found, waiting...
demo.pcm not found, waiting...
demo.pcm not found, waiting...
demo.pcm not found, waiting...
demo.pcm not found, waiting...
demo.pcm not found, waiting...
demo.pcm not found, waiting...
demo.pcm not found, waiting...
demo.pcm not found, waiting...
demo.pcm not found, waiting...
demo.pcm not found, waiting...
demo.pcm not found, waiting...
demo.pcm not found, waiting...
demo.pcm not found, waiting...
demo.pcm not found, waiting...
demo.pcm not found, waiting...
demo.pcm not found, waiting...
demo.pcm not found, waiting...
demo.pcm not found, waiting...
demo.pcm not found, waiting...
demo.pcm not found, waiting...
demo.pcm not found, waiting...
demo.pcm not found, waiting...
demo.pcm not found, waiting...
demo.pcm not found, waiting...
demo.pcm not found, waiting...
demo.pcm not found, waiting...
demo.pcm not found, waiting...
demo.pcm not found, waiting...
demo.pcm not found, waiting...
demo.pcm not found, waiting...
demo.pcm not found, waiting...
demo.pcm not found, waiting...
demo.pcm not found, waiting...
demo.pcm not found, waiting...
demo.pcm not found, waiting...
demo.pcm not found, waiting...
demo.pcm not found, waiting...
demo.pcm not found, waiting...
demo.pcm not found, waiting...
demo.pcm not found, waiting...
demo.pcm not found, waiting...
demo.pcm not found, waiting...
demo.pcm not found, waiting...
demo.pcm not found, waiting...
demo.pcm not found, waiting...
demo.pcm not found, waiting...
demo.pcm not found, waiting...
demo.pcm not found, waiting...
demo.pcm not found, waiting...
demo.pcm not found, waiting...
demo.pcm not found, waiting...
demo.pcm not found, waiting...
demo.pcm not found, waiting...
demo.pcm not found, waiting...
demo.pcm not found, waiting...
demo.pcm not found, waiting...
demo.pcm not found, waiting...
demo.pcm not found, waiting...
demo.pcm not found, waiting...
demo.pcm not found, waiting...
demo.pcm not found, waiting...
demo.pcm not found, waiting...
demo.pcm not found, waiting...
demo.pcm not found, waiting...
demo.pcm not found, waiting...
demo.pcm not found, waiting...
demo.pcm not found, waiting...
demo.pcm not found, waiting...
demo.pcm not found, waiting...
demo.pcm not found, waiting...
demo.pcm not found, waiting...
demo.pcm not found, waiting...
demo.pcm not found, waiting...
demo.pcm not found, waiting...
demo.pcm not found, waiting...
demo.pcm not found, waiting...
demo.pcm not found, waiting...
demo.pcm not found, waiting...
demo.pcm not found, waiting...
demo.pcm not found, waiting...
demo.pcm not found, waiting...
demo.pcm not found, waiting...
demo.pcm not found, waiting...
demo.pcm not found, waiting...
demo.pcm not found, waiting...
demo.pcm not found, waiting...
demo.pcm not found, waiting...
demo.pcm not found, waiting...
demo.pcm not found, waiting...
demo.pcm not found, waiting...
demo.pcm not found, waiting...
demo.pcm not found, waiting...
demo.pcm not found, waiting...
demo.pcm not found, waiting...
demo.pcm not found, waiting...
demo.pcm not found, waiting...
demo.pcm not found, waiting...
demo.pcm not found, waiting...
demo.pcm not found, waiting...
demo.pcm not found, waiting...
demo.pcm not found, waiting...
demo.pcm not found, waiting...
demo.pcm not found, waiting...
demo.pcm not found, waiting...
demo.pcm not found, waiting...
demo.pcm not found, waiting...
demo.pcm not found, waiting...
demo.pcm not found, waiting...
demo.pcm not found, waiting...
demo.pcm not found, waiting...
demo.pcm not found, waiting...
demo.pcm not found, waiting...
demo.pcm not found, waiting...
demo.pcm not found, waiting...
demo.pcm not found, waiting...
demo.pcm not found, waiting...
demo.pcm not found, waiting...
demo.pcm not found, waiting...
demo.pcm not found, waiting...
demo.pcm not found, waiting...
demo.pcm not found, waiting...
demo.pcm not found, waiting...
demo.pcm not found, waiting...
demo.pcm not found, waiting...
demo.pcm not found, waiting...
demo.pcm not found, waiting...
demo.pcm not found, waiting...
demo.pcm not found, waiting...
demo.pcm not found, waiting...
demo.pcm not found, waiting...
demo.pcm not found, waiting...
demo.pcm not found, waiting...
demo.pcm not found, waiting...
demo.pcm not found, waiting...
demo.pcm not found, waiting...
demo.pcm not found, waiting...
demo.pcm not found, waiting...
demo.pcm not found, waiting...
demo.pcm not found, waiting...
demo.pcm not found, waiting...
demo.pcm not found, waiting...
demo.pcm not found, waiting...
demo.pcm not found, waiting...
demo.pcm not found, waiting...
demo.pcm not found, waiting...
demo.pcm not found, waiting...
demo.pcm not found, waiting...
demo.pcm not found, waiting...
demo.pcm not found, waiting...
demo.pcm not found, waiting...
demo.pcm not found, waiting...
demo.pcm not found, waiting...
demo.pcm not found, waiting...
demo.pcm not found, waiting...
demo.pcm not found, waiting...
demo.pcm not found, waiting...
demo.pcm not found, waiting...
demo.pcm not found, waiting...
demo.pcm not found, waiting...
demo.pcm not found, waiting...
demo.pcm not found, waiting...
demo.pcm not found, waiting...
demo.pcm not found, waiting...
demo.pcm not found, waiting...
demo.pcm not found, waiting...
demo.pcm not found, waiting...
demo.pcm not found, waiting...
demo.pcm not found, waiting...
demo.pcm not found, waiting...
demo.pcm not found, waiting...
demo.pcm not found, waiting...
demo.pcm not found, waiting...
demo.pcm not found, waiting...
demo.pcm not found, waiting...
demo.pcm not found, waiting...
demo.pcm not found, waiting...
demo.pcm not found, waiting...
demo.pcm not found, waiting...
demo.pcm not found, waiting...
demo.pcm not found, waiting...
demo.pcm not found, waiting...
demo.pcm not found, waiting...
demo.pcm not found, waiting...
demo.pcm not found, waiting...
demo.pcm not found, waiting...
demo.pcm not found, waiting...
demo.pcm not found, waiting...
demo.pcm not found, waiting...
demo.pcm not found, waiting...
demo.pcm not found, waiting...
demo.pcm not found, waiting...
demo.pcm not found, waiting...
demo.pcm not found, waiting...
demo.pcm not found, waiting...
demo.pcm not found, waiting...
demo.pcm not found, waiting...
demo.pcm not found, waiting...
demo.pcm not found, waiting...
demo.pcm not found, waiting...
demo.pcm not found, waiting...
demo.pcm not found, waiting...
demo.pcm not found, waiting...
demo.pcm not found, waiting...
demo.pcm not found, waiting...
demo.pcm not found, waiting...
demo.pcm not found, waiting...
demo.pcm not found, waiting...
demo.pcm not found, waiting...
demo.pcm not found, waiting...
demo.pcm not found, waiting...
demo.pcm not found, waiting...
demo.pcm not found, waiting...
demo.pcm not found, waiting...
demo.pcm not found, waiting...
demo.pcm not found, waiting...
demo.pcm not found, waiting...
demo.pcm not found, waiting...
demo.pcm not found, waiting...
demo.pcm not found, waiting...
demo.pcm not found, waiting...
demo.pcm not found, waiting...
demo.pcm not found, waiting...
demo.pcm not found, waiting...
demo.pcm not found, waiting...
demo.pcm not found, waiting...
demo.pcm not found, waiting...
demo.pcm not found, waiting...
demo.pcm not found, waiting...
demo.pcm not found, waiting...
demo.pcm not found, waiting...
demo.pcm not found, waiting...
demo.pcm not found, waiting...
demo.pcm not found, waiting...
demo.pcm not found, waiting...
demo.pcm not found, waiting...
demo.pcm not found, waiting...
demo.pcm not found, waiting...
demo.pcm not found, waiting...
demo.pcm not found, waiting...
demo.pcm not found, waiting...
demo.pcm not found, waiting...
demo.pcm not found, waiting...
demo.pcm not found, waiting...
demo.pcm not found, waiting...
demo.pcm not found, waiting...
demo.pcm not found, waiting...
demo.pcm not found, waiting...
demo.pcm not found, waiting...
demo.pcm not found, waiting...
demo.pcm not found, waiting...
demo.pcm not found, waiting...
demo.pcm not found, waiting...
demo.pcm not found, waiting...
demo.pcm not found, waiting...
demo.pcm not found, waiting...
demo.pcm not found, waiting...
demo.pcm not found, waiting...
demo.pcm not found, waiting...
demo.pcm not found, waiting...
demo.pcm not found, waiting...
demo.pcm not found, waiting...
demo.pcm not found, waiting...
demo.pcm not found, waiting...
demo.pcm not found, waiting...
demo.pcm not found, waiting...
demo.pcm not found, waiting...
demo.pcm not found, waiting...
demo.pcm not found, waiting...
demo.pcm not found, waiting...
demo.pcm not found, waiting...
demo.pcm not found, waiting...
demo.pcm not found, waiting...
demo.pcm not found, waiting...
demo.pcm not found, waiting...
demo.pcm not found, waiting...
demo.pcm not found, waiting...
demo.pcm not found, waiting...
demo.pcm not found, waiting...
demo.pcm not found, waiting...
demo.pcm not found, waiting...
demo.pcm not found, waiting...
demo.pcm not found, waiting...
demo.pcm not found, waiting...
demo.pcm not found, waiting...
demo.pcm not found, waiting...
demo.pcm not found, waiting...
demo.pcm not found, waiting...
demo.pcm not found, waiting...
demo.pcm not found, waiting...
demo.pcm not found, waiting...
demo.pcm not found, waiting...
demo.pcm not found, waiting...
demo.pcm not found, waiting...
demo.pcm not found, waiting...
demo.pcm not found, waiting...
demo.pcm not found, waiting...
demo.pcm not found, waiting...
demo.pcm not found, waiting...
demo.pcm not found, waiting...
demo.pcm not found, waiting...
demo.pcm not found, waiting...
demo.pcm not found, waiting...
demo.pcm not found, waiting...
demo.pcm not found, waiting...
demo.pcm not found, waiting...
demo.pcm not found, waiting...
demo.pcm not found, waiting...
demo.pcm not found, waiting...
demo.pcm not found, waiting...
demo.pcm not found, waiting...
demo.pcm not found, waiting...
demo.pcm not found, waiting...
demo.pcm not found, waiting...
demo.pcm not found, waiting...
demo.pcm not found, waiting...
demo.pcm not found, waiting...
demo.pcm not found, waiting...
demo.pcm not found, waiting...
demo.pcm not found, waiting...
demo.pcm not found, waiting...
demo.pcm not found, waiting...
demo.pcm not found, waiting...
demo.pcm not found, waiting...
demo.pcm not found, waiting...
demo.pcm not found, waiting...
demo.pcm not found, waiting...
demo.pcm not found, waiting...
demo.pcm not found, waiting...
demo.pcm not found, waiting...
demo.pcm not found, waiting...
demo.pcm not found, waiting...
demo.pcm not found, waiting...
demo.pcm not found, waiting...
demo.pcm not found, waiting...
demo.pcm not found, waiting...
demo.pcm not found, waiting...
demo.pcm not found, waiting...
demo.pcm not found, waiting...
demo.pcm not found, waiting...
demo.pcm not found, waiting...
demo.pcm not found, waiting...
demo.pcm not found, waiting...
demo.pcm not found, waiting...
demo.pcm not found, waiting...
demo.pcm not found, waiting...
demo.pcm not found, waiting...
demo.pcm not found, waiting...
demo.pcm not found, waiting...
demo.pcm not found, waiting...
demo.pcm not found, waiting...
demo.pcm not found, waiting...
demo.pcm not found, waiting...
demo.pcm not found, waiting...
demo.pcm not found, waiting...
demo.pcm not found, waiting...
demo.pcm not found, waiting...
demo.pcm not found, waiting...
demo.pcm not found, waiting...
demo.pcm not found, waiting...
demo.pcm not found, waiting...
demo.pcm not found, waiting...
demo.pcm not found, waiting...
demo.pcm not found, waiting...
demo.pcm not found, waiting...
demo.pcm not found, waiting...
demo.pcm not found, waiting...
demo.pcm not found, waiting...
demo.pcm not found, waiting...
demo.pcm not found, waiting...
demo.pcm not found, waiting...
demo.pcm not found, waiting...
demo.pcm not found, waiting...
demo.pcm not found, waiting...
demo.pcm not found, waiting...
demo.pcm not found, waiting...
demo.pcm not found, waiting...
demo.pcm not found, waiting...
demo.pcm not found, waiting...
demo.pcm not found, waiting...
demo.pcm not found, waiting...
demo.pcm not found, waiting...
demo.pcm not found, waiting...
demo.pcm not found, waiting...
demo.pcm not found, waiting...
demo.pcm not found, waiting...
demo.pcm not found, waiting...
demo.pcm not found, waiting...
demo.pcm not found, waiting...
demo.pcm not found, waiting...
demo.pcm not found, waiting...
demo.pcm not found, waiting...
demo.pcm not found, waiting...
demo.pcm not found, waiting...
demo.pcm not found, waiting...
demo.pcm not found, waiting...
demo.pcm not found, waiting...
demo.pcm not found, waiting...
demo.pcm not found, waiting...
demo.pcm not found, waiting...
demo.pcm not found, waiting...
demo.pcm not found, waiting...
demo.pcm not found, waiting...
demo.pcm not found, waiting...
demo.pcm not found, waiting...
demo.pcm not found, waiting...
demo.pcm not found, waiting...
demo.pcm not found, waiting...
demo.pcm not found, waiting...
demo.pcm not found, waiting...
demo.pcm not found, waiting...
demo.pcm not found, waiting...
demo.pcm not found, waiting...
demo.pcm not found, waiting...
demo.pcm not found, waiting...
demo.pcm not found, waiting...
demo.pcm not found, waiting...
demo.pcm not found, waiting...
demo.pcm not found, waiting...
demo.pcm not found, waiting...
demo.pcm not found, waiting...
demo.pcm not found, waiting...
demo.pcm not found, waiting...
demo.pcm not found, waiting...
demo.pcm not found, waiting...
demo.pcm not found, waiting...
demo.pcm not found, waiting...
demo.pcm not found, waiting...
demo.pcm not found, waiting...
demo.pcm not found, waiting...
demo.pcm not found, waiting...
demo.pcm not found, waiting...
demo.pcm not found, waiting...
demo.pcm not found, waiting...
demo.pcm not found, waiting...
demo.pcm not found, waiting...
demo.pcm not found, waiting...
demo.pcm not found, waiting...
demo.pcm not found, waiting...
demo.pcm not found, waiting...
demo.pcm not found, waiting...
demo.pcm not found, waiting...
demo.pcm not found, waiting...
demo.pcm not found, waiting...
demo.pcm not found, waiting...
demo.pcm not found, waiting...
demo.pcm not found, waiting...
demo.pcm not found, waiting...
demo.pcm not found, waiting...
demo.pcm not found, waiting...
demo.pcm not found, waiting...
demo.pcm not found, waiting...
demo.pcm not found, waiting...
demo.pcm not found, waiting...
demo.pcm not found, waiting...
demo.pcm not found, waiting...
demo.pcm not found, waiting...
demo.pcm not found, waiting...
demo.pcm not found, waiting...
demo.pcm not found, waiting...
demo.pcm not found, waiting...
demo.pcm not found, waiting...
demo.pcm not found, waiting...
demo.pcm not found, waiting...
demo.pcm not found, waiting...
demo.pcm not found, waiting...
demo.pcm not found, waiting...
demo.pcm not found, waiting...
demo.pcm not found, waiting...
demo.pcm not found, waiting...
demo.pcm not found, waiting...
demo.pcm not found, waiting...
demo.pcm not found, waiting...
demo.pcm not found, waiting...
demo.pcm not found, waiting...
demo.pcm not found, waiting...
demo.pcm not found, waiting...
demo.pcm not found, waiting...
demo.pcm not found, waiting...
demo.pcm not found, waiting...
demo.pcm not found, waiting...
demo.pcm not found, waiting...
demo.pcm not found, waiting...
demo.pcm not found, waiting...
demo.pcm not found, waiting...
demo.pcm not found, waiting...
demo.pcm not found, waiting...
demo.pcm not found, waiting...
demo.pcm not found, waiting...
demo.pcm not found, waiting...
demo.pcm not found, waiting...
demo.pcm not found, waiting...
demo.pcm not found, waiting...
demo.pcm not found, waiting...
demo.pcm not found, waiting...
demo.pcm not found, waiting...
demo.pcm not found, waiting...
demo.pcm not found, waiting...
demo.pcm not found, waiting...
demo.pcm not found, waiting...
demo.pcm not found, waiting...
demo.pcm not found, waiting...
demo.pcm not found, waiting...
demo.pcm not found, waiting...
demo.pcm not found, waiting...
demo.pcm not found, waiting...
demo.pcm not found, waiting...
demo.pcm not found, waiting...
demo.pcm not found, waiting...
demo.pcm not found, waiting...
demo.pcm not found, waiting...
demo.pcm not found, waiting...
demo.pcm not found, waiting...
demo.pcm not found, waiting...
demo.pcm not found, waiting...
demo.pcm not found, waiting...
demo.pcm not found, waiting...
demo.pcm not found, waiting...
demo.pcm not found, waiting...
demo.pcm not found, waiting...
demo.pcm not found, waiting...
demo.pcm not found, waiting...
demo.pcm not found, waiting...
demo.pcm not found, waiting...
demo.pcm not found, waiting...
demo.pcm not found, waiting...
demo.pcm not found, waiting...
demo.pcm not found, waiting...
demo.pcm not found, waiting...
demo.pcm not found, waiting...
demo.pcm not found, waiting...
demo.pcm not found, waiting...
demo.pcm not found, waiting...
demo.pcm not found, waiting...
demo.pcm not found, waiting...
demo.pcm not found, waiting...
demo.pcm not found, waiting...
demo.pcm not found, waiting...
demo.pcm not found, waiting...
demo.pcm not found, waiting...
demo.pcm not found, waiting...
demo.pcm not found, waiting...
demo.pcm not found, waiting...
demo.pcm not found, waiting...
demo.pcm not found, waiting...
demo.pcm not found, waiting...
demo.pcm not found, waiting...
demo.pcm not found, waiting...
demo.pcm not found, waiting...
demo.pcm not found, waiting...
demo.pcm not found, waiting...
demo.pcm not found, waiting...
demo.pcm not found, waiting...
demo.pcm not found, waiting...
demo.pcm not found, waiting...
demo.pcm not found, waiting...
demo.pcm not found, waiting...
demo.pcm not found, waiting...
demo.pcm not found, waiting...
demo.pcm not found, waiting...
demo.pcm not found, waiting...
demo.pcm not found, waiting...
demo.pcm not found, waiting...
demo.pcm not found, waiting...
demo.pcm not found, waiting...
demo.pcm not found, waiting...
demo.pcm not found, waiting...
demo.pcm not found, waiting...
demo.pcm not found, waiting...
demo.pcm not found, waiting...
demo.pcm not found, waiting...
demo.pcm not found, waiting...
demo.pcm not found, waiting...
demo.pcm not found, waiting...
demo.pcm not found, waiting...
demo.pcm not found, waiting...
demo.pcm not found, waiting...
demo.pcm not found, waiting...
demo.pcm not found, waiting...
demo.pcm not found, waiting...
demo.pcm not found, waiting...
demo.pcm not found, waiting...
demo.pcm not found, waiting...
demo.pcm not found, waiting...
demo.pcm not found, waiting...
demo.pcm not found, waiting...
demo.pcm not found, waiting...
demo.pcm not found, waiting...
demo.pcm not found, waiting...
demo.pcm not found, waiting...
demo.pcm not found, waiting...
demo.pcm not found, waiting...
demo.pcm not found, waiting...
demo.pcm not found, waiting...
demo.pcm not found, waiting...
demo.pcm not found, waiting...
demo.pcm not found, waiting...
demo.pcm not found, waiting...
demo.pcm not found, waiting...
demo.pcm not found, waiting...
demo.pcm not found, waiting...
demo.pcm not found, waiting...
demo.pcm not found, waiting...
demo.pcm not found, waiting...
demo.pcm not found, waiting...
demo.pcm not found, waiting...
demo.pcm not found, waiting...
demo.pcm not found, waiting...
demo.pcm not found, waiting...
demo.pcm not found, waiting...
demo.pcm not found, waiting...
demo.pcm not found, waiting...
demo.pcm not found, waiting...
demo.pcm not found, waiting...
demo.pcm not found, waiting...
demo.pcm not found, waiting...
demo.pcm not found, waiting...
demo.pcm not found, waiting...
demo.pcm not found, waiting...
demo.pcm not found, waiting...
demo.pcm not found, waiting...
demo.pcm not found, waiting...
demo.pcm not found, waiting...
demo.pcm not found, waiting...
demo.pcm not found, waiting...
demo.pcm not found, waiting...
demo.pcm not found, waiting...
demo.pcm not found, waiting...
demo.pcm not found, waiting...
demo.pcm not found, waiting...
demo.pcm not found, waiting...
demo.pcm not found, waiting...
demo.pcm not found, waiting...
demo.pcm not found, waiting...
demo.pcm not found, waiting...
demo.pcm not found, waiting...
demo.pcm not found, waiting...
demo.pcm not found, waiting...
demo.pcm not found, waiting...
demo.pcm not found, waiting...
demo.pcm not found, waiting...
demo.pcm not found, waiting...
demo.pcm not found, waiting...
demo.pcm not found, waiting...
demo.pcm not found, waiting...
demo.pcm not found, waiting...
demo.pcm not found, waiting...
demo.pcm not found, waiting...
demo.pcm not found, waiting...
demo.pcm not found, waiting...
demo.pcm not found, waiting...
demo.pcm not found, waiting...
demo.pcm not found, waiting...
demo.pcm not found, waiting...
demo.pcm not found, waiting...
demo.pcm not found, waiting...
demo.pcm not found, waiting...
demo.pcm not found, waiting...
demo.pcm not found, waiting...
demo.pcm not found, waiting...
demo.pcm not found, waiting...
demo.pcm not found, waiting...
demo.pcm not found, waiting...
demo.pcm not found, waiting...
demo.pcm not found, waiting...
demo.pcm not found, waiting...
demo.pcm not found, waiting...
demo.pcm not found, waiting...
demo.pcm not found, waiting...
demo.pcm not found, waiting...
demo.pcm not found, waiting...
demo.pcm not found, waiting...
demo.pcm not found, waiting...
demo.pcm not found, waiting...
demo.pcm not found, waiting...
demo.pcm not found, waiting...
demo.pcm not found, waiting...
demo.pcm not found, waiting...
demo.pcm not found, waiting...
demo.pcm not found, waiting...
demo.pcm not found, waiting...
demo.pcm not found, waiting...
demo.pcm not found, waiting...
demo.pcm not found, waiting...
demo.pcm not found, waiting...
demo.pcm not found, waiting...
demo.pcm not found, waiting...
demo.pcm not found, waiting...
demo.pcm not found, waiting...
demo.pcm not found, waiting...
demo.pcm not found, waiting...
demo.pcm not found, waiting...
demo.pcm not found, waiting...
demo.pcm not found, waiting...
demo.pcm not found, waiting...
demo.pcm not found, waiting...
demo.pcm not found, waiting...
demo.pcm not found, waiting...
demo.pcm not found, waiting...
demo.pcm not found, waiting...
demo.pcm not found, waiting...
demo.pcm not found, waiting...
demo.pcm not found, waiting...
demo.pcm not found, waiting...
demo.pcm not found, waiting...
demo.pcm not found, waiting...
demo.pcm not found, waiting...
demo.pcm not found, waiting...
demo.pcm not found, waiting...
demo.pcm not found, waiting...
demo.pcm not found, waiting...
demo.pcm not found, waiting...
demo.pcm not found, waiting...
demo.pcm not found, waiting...
demo.pcm not found, waiting...
demo.pcm not found, waiting...
demo.pcm not found, waiting...
demo.pcm not found, waiting...
demo.pcm not found, waiting...
demo.pcm not found, waiting...
demo.pcm not found, waiting...
demo.pcm not found, waiting...
demo.pcm not found, waiting...
demo.pcm not found, waiting...
demo.pcm not found, waiting...
demo.pcm not found, waiting...
demo.pcm not found, waiting...
demo.pcm not found, waiting...
demo.pcm not found, waiting...
demo.pcm not found, waiting...
demo.pcm not found, waiting...
demo.pcm not found, waiting...
demo.pcm not found, waiting...
demo.pcm not found, waiting...
demo.pcm not found, waiting...
demo.pcm not found, waiting...
demo.pcm not found, waiting...
demo.pcm not found, waiting...
demo.pcm not found, waiting...
demo.pcm not found, waiting...
demo.pcm not found, waiting...
demo.pcm not found, waiting...
demo.pcm not found, waiting...
demo.pcm not found, waiting...
demo.pcm not found, waiting...
demo.pcm not found, waiting...
demo.pcm not found, waiting...
demo.pcm not found, waiting...
demo.pcm not found, waiting...
demo.pcm not found, waiting...
demo.pcm not found, waiting...
demo.pcm not found, waiting...
demo.pcm not found, waiting...
demo.pcm not found, waiting...
demo.pcm not found, waiting...
demo.pcm not found, waiting...
demo.pcm not found, waiting...
demo.pcm not found, waiting...
demo.pcm not found, waiting...
demo.pcm not found, waiting...
demo.pcm not found, waiting...
demo.pcm not found, waiting...
demo.pcm not found, waiting...
demo.pcm not found, waiting...
demo.pcm not found, waiting...
demo.pcm not found, waiting...
demo.pcm not found, waiting...
demo.pcm not found, waiting...
demo.pcm not found, waiting...
demo.pcm not found, waiting...
demo.pcm not found, waiting...
demo.pcm not found, waiting...
demo.pcm not found, waiting...
demo.pcm not found, waiting...
demo.pcm not found, waiting...
demo.pcm not found, waiting...
demo.pcm not found, waiting...
demo.pcm not found, waiting...
demo.pcm not found, waiting...
demo.pcm not found, waiting...
demo.pcm not found, waiting...
demo.pcm not found, waiting...
demo.pcm not found, waiting...
demo.pcm not found, waiting...
demo.pcm not found, waiting...
demo.pcm not found, waiting...
demo.pcm not found, waiting...
demo.pcm not found, waiting...
demo.pcm not found, waiting...
demo.pcm not found, waiting...
demo.pcm not found, waiting...
demo.pcm not found, waiting...
demo.pcm not found, waiting...
demo.pcm not found, waiting...
demo.pcm not found, waiting...
demo.pcm not found, waiting...
demo.pcm not found, waiting...
demo.pcm not found, waiting...
demo.pcm not found, waiting...
demo.pcm not found, waiting...
demo.pcm not found, waiting...
demo.pcm not found, waiting...
demo.pcm not found, waiting...
demo.pcm not found, waiting...
demo.pcm not found, waiting...
demo.pcm not found, waiting...
demo.pcm not found, waiting...
demo.pcm not found, waiting...
demo.pcm not found, waiting...
demo.pcm not found, waiting...
demo.pcm not found, waiting...
demo.pcm not found, waiting...
demo.pcm not found, waiting...
demo.pcm not found, waiting...
demo.pcm not found, waiting...
demo.pcm not found, waiting...
demo.pcm not found, waiting...
demo.pcm not found, waiting...
demo.pcm not found, waiting...
demo.pcm not found, waiting...
demo.pcm not found, waiting...
demo.pcm not found, waiting...
demo.pcm not found, waiting...
demo.pcm not found, waiting...
demo.pcm not found, waiting...
demo.pcm not found, waiting...
demo.pcm not found, waiting...
demo.pcm not found, waiting...
demo.pcm not found, waiting...
demo.pcm not found, waiting...
demo.pcm not found, waiting...
demo.pcm not found, waiting...
demo.pcm not found, waiting...
demo.pcm not found, waiting...
demo.pcm not found, waiting...
demo.pcm not found, waiting...
demo.pcm not found, waiting...
demo.pcm not found, waiting...
demo.pcm not found, waiting...
demo.pcm not found, waiting...
demo.pcm not found, waiting...
demo.pcm not found, waiting...
demo.pcm not found, waiting...
demo.pcm not found, waiting...
demo.pcm not found, waiting...
demo.pcm not found, waiting...
demo.pcm not found, waiting...
demo.pcm not found, waiting...
demo.pcm not found, waiting...
demo.pcm not found, waiting...
demo.pcm not found, waiting...
demo.pcm not found, waiting...
demo.pcm not found, waiting...
demo.pcm not found, waiting...
demo.pcm not found, waiting...
demo.pcm not found, waiting...
demo.pcm not found, waiting...
demo.pcm not found, waiting...
demo.pcm not found, waiting...
demo.pcm not found, waiting...
demo.pcm not found, waiting...
demo.pcm not found, waiting...
demo.pcm not found, waiting...
demo.pcm not found, waiting...
demo.pcm not found, waiting...
demo.pcm not found, waiting...
demo.pcm not found, waiting...
demo.pcm not found, waiting...
demo.pcm not found, waiting...
demo.pcm not found, waiting...
demo.pcm not found, waiting...
demo.pcm not found, waiting...
demo.pcm not found, waiting...
demo.pcm not found, waiting...
demo.pcm not found, waiting...
demo.pcm not found, waiting...
demo.pcm not found, waiting...
demo.pcm not found, waiting...
demo.pcm not found, waiting...
demo.pcm not found, waiting...
demo.pcm not found, waiting...
demo.pcm not found, waiting...
demo.pcm not found, waiting...
demo.pcm not found, waiting...
demo.pcm not found, waiting...
demo.pcm not found, waiting...
demo.pcm not found, waiting...
demo.pcm not found, waiting...
demo.pcm not found, waiting...
demo.pcm not found, waiting...
demo.pcm not found, waiting...
demo.pcm not found, waiting...
demo.pcm not found, waiting...
demo.pcm not found, waiting...
demo.pcm not found, waiting...
demo.pcm not found, waiting...
demo.pcm not found, waiting...
demo.pcm not found, waiting...
demo.pcm not found, waiting...
demo.pcm not found, waiting...
demo.pcm not found, waiting...
demo.pcm not found, waiting...
demo.pcm not found, waiting...
demo.pcm not found, waiting...
demo.pcm not found, waiting...
demo.pcm not found, waiting...
demo.pcm not found, waiting...
demo.pcm not found, waiting...
demo.pcm not found, waiting...
demo.pcm not found, waiting...
demo.pcm not found, waiting...
demo.pcm not found, waiting...
demo.pcm not found, waiting...
demo.pcm not found, waiting...
demo.pcm not found, waiting...
demo.pcm not found, waiting...
demo.pcm not found, waiting...
demo.pcm not found, waiting...
demo.pcm not found, waiting...
demo.pcm not found, waiting...
demo.pcm not found, waiting...
demo.pcm not found, waiting...
demo.pcm not found, waiting...
demo.pcm not found, waiting...
demo.pcm not found, waiting...
demo.pcm not found, waiting...
demo.pcm not found, waiting...
demo.pcm not found, waiting...
demo.pcm not found, waiting...
demo.pcm not found, waiting...
demo.pcm not found, waiting...
demo.pcm not found, waiting...
demo.pcm not found, waiting...
demo.pcm not found, waiting...
demo.pcm not found, waiting...
demo.pcm not found, waiting...
demo.pcm not found, waiting...
demo.pcm not found, waiting...
demo.pcm not found, waiting...
demo.pcm not found, waiting...
demo.pcm not found, waiting...
demo.pcm not found, waiting...
demo.pcm not found, waiting...
demo.pcm not found, waiting...
demo.pcm not found, waiting...
demo.pcm not found, waiting...
demo.pcm not found, waiting...
demo.pcm not found, waiting...
demo.pcm not found, waiting...
demo.pcm not found, waiting...
demo.pcm not found, waiting...
demo.pcm not found, waiting...
demo.pcm not found, waiting...
demo.pcm not found, waiting...
demo.pcm not found, waiting...
demo.pcm not found, waiting...
demo.pcm not found, waiting...
demo.pcm not found, waiting...
demo.pcm not found, waiting...
demo.pcm not found, waiting...
demo.pcm not found, waiting...
demo.pcm not found, waiting...
demo.pcm not found, waiting...
demo.pcm not found, waiting...
demo.pcm not found, waiting...
demo.pcm not found, waiting...
demo.pcm not found, waiting...
demo.pcm not found, waiting...
demo.pcm not found, waiting...
demo.pcm not found, waiting...
demo.pcm not found, waiting...
demo.pcm not found, waiting...
demo.pcm not found, waiting...
demo.pcm not found, waiting...
demo.pcm not found, waiting...
demo.pcm not found, waiting...
demo.pcm not found, waiting...
demo.pcm not found, waiting...
demo.pcm not found, waiting...
demo.pcm not found, waiting...
demo.pcm not found, waiting...
demo.pcm not found, waiting...
demo.pcm not found, waiting...
demo.pcm not found, waiting...
demo.pcm not found, waiting...
demo.pcm not found, waiting...
demo.pcm not found, waiting...
demo.pcm not found, waiting...
demo.pcm not found, waiting...
demo.pcm not found, waiting...
demo.pcm not found, waiting...
demo.pcm not found, waiting...
demo.pcm not found, waiting...
demo.pcm not found, waiting...
demo.pcm not found, waiting...
demo.pcm not found, waiting...
demo.pcm not found, waiting...
demo.pcm not found, waiting...
demo.pcm not found, waiting...
demo.pcm not found, waiting...
demo.pcm not found, waiting...
demo.pcm not found, waiting...
demo.pcm not found, waiting...
demo.pcm not found, waiting...
demo.pcm not found, waiting...
demo.pcm not found, waiting...
demo.pcm not found, waiting...
demo.pcm not found, waiting...
demo.pcm not found, waiting...
demo.pcm not found, waiting...
demo.pcm not found, waiting...
demo.pcm not found, waiting...
demo.pcm not found, waiting...
demo.pcm not found, waiting...
demo.pcm not found, waiting...
demo.pcm not found, waiting...
demo.pcm not found, waiting...
demo.pcm not found, waiting...
demo.pcm not found, waiting...
demo.pcm not found, waiting...
demo.pcm not found, waiting...
demo.pcm not found, waiting...
demo.pcm not found, waiting...
demo.pcm not found, waiting...
demo.pcm not found, waiting...
demo.pcm not found, waiting...
demo.pcm not found, waiting...
demo.pcm not found, waiting...
demo.pcm not found, waiting...
demo.pcm not found, waiting...
demo.pcm not found, waiting...
demo.pcm not found, waiting...
demo.pcm not found, waiting...
demo.pcm not found, waiting...
demo.pcm not found, waiting...
demo.pcm not found, waiting...
demo.pcm not found, waiting...
demo.pcm not found, waiting...
demo.pcm not found, waiting...
demo.pcm not found, waiting...
demo.pcm not found, waiting...
demo.pcm not found, waiting...
demo.pcm not found, waiting...
demo.pcm not found, waiting...
demo.pcm not found, waiting...
demo.pcm not found, waiting...
demo.pcm not found, waiting...
demo.pcm not found, waiting...
demo.pcm not found, waiting...
demo.pcm not found, waiting...
demo.pcm not found, waiting...
demo.pcm not found, waiting...
demo.pcm not found, waiting...
demo.pcm not found, waiting...
demo.pcm not found, waiting...
demo.pcm not found, waiting...
demo.pcm not found, waiting...
demo.pcm not found, waiting...
demo.pcm not found, waiting...
demo.pcm not found, waiting...
demo.pcm not found, waiting...
demo.pcm not found, waiting...
demo.pcm not found, waiting...
demo.pcm not found, waiting...
demo.pcm not found, waiting...
demo.pcm not found, waiting...
demo.pcm not found, waiting...
demo.pcm not found, waiting...
demo.pcm not found, waiting...
demo.pcm not found, waiting...
demo.pcm not found, waiting...
demo.pcm not found, waiting...
demo.pcm not found, waiting...
demo.pcm not found, waiting...
demo.pcm not found, waiting...
demo.pcm not found, waiting...
demo.pcm not found, waiting...
demo.pcm not found, waiting...
demo.pcm not found, waiting...
demo.pcm not found, waiting...
demo.pcm not found, waiting...
demo.pcm not found, waiting...
demo.pcm not found, waiting...
demo.pcm not found, waiting...
demo.pcm not found, waiting...
demo.pcm not found, waiting...
demo.pcm not found, waiting...
demo.pcm not found, waiting...
demo.pcm not found, waiting...
demo.pcm not found, waiting...
demo.pcm not found, waiting...
demo.pcm not found, waiting...
demo.pcm not found, waiting...
demo.pcm not found, waiting...
demo.pcm not found, waiting...
demo.pcm not found, waiting...
demo.pcm not found, waiting...
demo.pcm not found, waiting...
demo.pcm not found, waiting...
demo.pcm not found, waiting...
demo.pcm not found, waiting...
demo.pcm not found, waiting...
demo.pcm not found, waiting...
demo.pcm not found, waiting...
demo.pcm not found, waiting...
demo.pcm not found, waiting...
demo.pcm not found, waiting...
demo.pcm not found, waiting...
demo.pcm not found, waiting...
demo.pcm not found, waiting...
demo.pcm not found, waiting...
demo.pcm not found, waiting...
demo.pcm not found, waiting...
demo.pcm not found, waiting...
demo.pcm not found, waiting...
demo.pcm not found, waiting...
demo.pcm not found, waiting...
demo.pcm not found, waiting...
demo.pcm not found, waiting...
demo.pcm not found, waiting...
demo.pcm not found, waiting...
demo.pcm not found, waiting...
demo.pcm not found, waiting...
demo.pcm not found, waiting...
demo.pcm not found, waiting...
demo.pcm not found, waiting...
demo.pcm not found, waiting...
demo.pcm not found, waiting...
demo.pcm not found, waiting...
demo.pcm not found, waiting...
demo.pcm not found, waiting...
demo.pcm not found, waiting...
demo.pcm not found, waiting...
demo.pcm not found, waiting...
demo.pcm not found, waiting...
demo.pcm not found, waiting...
demo.pcm not found, waiting...
demo.pcm not found, waiting...
demo.pcm not found, waiting...
demo.pcm not found, waiting...
demo.pcm not found, waiting...
demo.pcm not found, waiting...
demo.pcm not found, waiting...
demo.pcm not found, waiting...
demo.pcm not found, waiting...
demo.pcm not found, waiting...
demo.pcm not found, waiting...
demo.pcm not found, waiting...
demo.pcm not found, waiting...
demo.pcm not found, waiting...
demo.pcm not found, waiting...
demo.pcm not found, waiting...
demo.pcm not found, waiting...
demo.pcm not found, waiting...
demo.pcm not found, waiting...
demo.pcm not found, waiting...
demo.pcm not found, waiting...
demo.pcm not found, waiting...
demo.pcm not found, waiting...
demo.pcm not found, waiting...
demo.pcm not found, waiting...
demo.pcm not found, waiting...
demo.pcm not found, waiting...
demo.pcm not found, waiting...
demo.pcm not found, waiting...
demo.pcm not found, waiting...
demo.pcm not found, waiting...
demo.pcm not found, waiting...
demo.pcm not found, waiting...
demo.pcm not found, waiting...
demo.pcm not found, waiting...
demo.pcm not found, waiting...
demo.pcm not found, waiting...
demo.pcm not found, waiting...
demo.pcm not found, waiting...
demo.pcm not found, waiting...
demo.pcm not found, waiting...
demo.pcm not found, waiting...
demo.pcm not found, waiting...
demo.pcm not found, waiting...
demo.pcm not found, waiting...
demo.pcm not found, waiting...
demo.pcm not found, waiting...
demo.pcm not found, waiting...
demo.pcm not found, waiting...
demo.pcm not found, waiting...
demo.pcm not found, waiting...
demo.pcm not found, waiting...
demo.pcm not found, waiting...
demo.pcm not found, waiting...
demo.pcm not found, waiting...
demo.pcm not found, waiting...
demo.pcm not found, waiting...
demo.pcm not found, waiting...
demo.pcm not found, waiting...
demo.pcm not found, waiting...
demo.pcm not found, waiting...
demo.pcm not found, waiting...
demo.pcm not found, waiting...
demo.pcm not found, waiting...
demo.pcm not found, waiting...
demo.pcm not found, waiting...
demo.pcm not found, waiting...
demo.pcm not found, waiting...
demo.pcm not found, waiting...
demo.pcm not found, waiting...
demo.pcm not found, waiting...
demo.pcm not found, waiting...
demo.pcm not found, waiting...
demo.pcm not found, waiting...
demo.pcm not found, waiting...
demo.pcm not found, waiting...
demo.pcm not found, waiting...
demo.pcm not found, waiting...
demo.pcm not found, waiting...
demo.pcm not found, waiting...
demo.pcm not found, waiting...
demo.pcm not found, waiting...
demo.pcm not found, waiting...
demo.pcm not found, waiting...
demo.pcm not found, waiting...
demo.pcm not found, waiting...
demo.pcm not found, waiting...
demo.pcm not found, waiting...
demo.pcm not found, waiting...
demo.pcm not found, waiting...
demo.pcm not found, waiting...
demo.pcm not found, waiting...
demo.pcm not found, waiting...
demo.pcm not found, waiting...
demo.pcm not found, waiting...
demo.pcm not found, waiting...
demo.pcm not found, waiting...
demo.pcm not found, waiting...
demo.pcm not found, waiting...
demo.pcm not found, waiting...
demo.pcm not found, waiting...
demo.pcm not found, waiting...
demo.pcm not found, waiting...
demo.pcm not found, waiting...
demo.pcm not found, waiting...
demo.pcm not found, waiting...
demo.pcm not found, waiting...
demo.pcm not found, waiting...
demo.pcm not found, waiting...
demo.pcm not found, waiting...
demo.pcm not found, waiting...
demo.pcm not found, waiting...
demo.pcm not found, waiting...
demo.pcm not found, waiting...
demo.pcm not found, waiting...
demo.pcm not found, waiting...
demo.pcm not found, waiting...
demo.pcm not found, waiting...
demo.pcm not found, waiting...
demo.pcm not found, waiting...
demo.pcm not found, waiting...
demo.pcm not found, waiting...
demo.pcm not found, waiting...
demo.pcm not found, waiting...
demo.pcm not found, waiting...
demo.pcm not found, waiting...
demo.pcm not found, waiting...
demo.pcm not found, waiting...
demo.pcm not found, waiting...
demo.pcm not found, waiting...
demo.pcm not found, waiting...
demo.pcm not found, waiting...
demo.pcm not found, waiting...
demo.pcm not found, waiting...
demo.pcm not found, waiting...
demo.pcm not found, waiting...
demo.pcm not found, waiting...
demo.pcm not found, waiting...
demo.pcm not found, waiting...
demo.pcm not found, waiting...
demo.pcm not found, waiting...
demo.pcm not found, waiting...
demo.pcm not found, waiting...
demo.pcm not found, waiting...
demo.pcm not found, waiting...
demo.pcm not found, waiting...
demo.pcm not found, waiting...
demo.pcm not found, waiting...
demo.pcm not found, waiting...
demo.pcm not found, waiting...
demo.pcm not found, waiting...
demo.pcm not found, waiting...
demo.pcm not found, waiting...
demo.pcm not found, waiting...
demo.pcm not found, waiting...
demo.pcm not found, waiting...
demo.pcm not found, waiting...
demo.pcm not found, waiting...
demo.pcm not found, waiting...
demo.pcm not found, waiting...
demo.pcm not found, waiting...
demo.pcm not found, waiting...
demo.pcm not found, waiting...
demo.pcm not found, waiting...
demo.pcm not found, waiting...
demo.pcm not found, waiting...
demo.pcm not found, waiting...
demo.pcm not found, waiting...
demo.pcm not found, waiting...
demo.pcm not found, waiting...
demo.pcm not found, waiting...
demo.pcm not found, waiting...
demo.pcm not found, waiting...
demo.pcm not found, waiting...
demo.pcm not found, waiting...
demo.pcm not found, waiting...
demo.pcm not found, waiting...
demo.pcm not found, waiting...
demo.pcm not found, waiting...
demo.pcm not found, waiting...
demo.pcm not found, waiting...
demo.pcm not found, waiting...
demo.pcm not found, waiting...
demo.pcm not found, waiting...
demo.pcm not found, waiting...
demo.pcm not found, waiting...
demo.pcm not found, waiting...
demo.pcm not found, waiting...
demo.pcm not found, waiting...
demo.pcm not found, waiting...
demo.pcm not found, waiting...
demo.pcm not found, waiting...
demo.pcm not found, waiting...
demo.pcm not found, waiting...
demo.pcm not found, waiting...
demo.pcm not found, waiting...
demo.pcm not found, waiting...
demo.pcm not found, waiting...
demo.pcm not found, waiting...
demo.pcm not found, waiting...
demo.pcm not found, waiting...
demo.pcm not found, waiting...
demo.pcm not found, waiting...
demo.pcm not found, waiting...
demo.pcm not found, waiting...
demo.pcm not found, waiting...
demo.pcm not found, waiting...
demo.pcm not found, waiting...
demo.pcm not found, waiting...
demo.pcm not found, waiting...
demo.pcm not found, waiting...
demo.pcm not found, waiting...
demo.pcm not found, waiting...
demo.pcm not found, waiting...
demo.pcm not found, waiting...
demo.pcm not found, waiting...
demo.pcm not found, waiting...
demo.pcm not found, waiting...
demo.pcm not found, waiting...
demo.pcm not found, waiting...
demo.pcm not found, waiting...
demo.pcm not found, waiting...
demo.pcm not found, waiting...
demo.pcm not found, waiting...
demo.pcm not found, waiting...
demo.pcm not found, waiting...
demo.pcm not found, waiting...
demo.pcm not found, waiting...
demo.pcm not found, waiting...
demo.pcm not found, waiting...
demo.pcm not found, waiting...
demo.pcm not found, waiting...
demo.pcm not found, waiting...
demo.pcm not found, waiting...
demo.pcm not found, waiting...
demo.pcm not found, waiting...
demo.pcm not found, waiting...
demo.pcm not found, waiting...
demo.pcm not found, waiting...
demo.pcm not found, waiting...
demo.pcm not found, waiting...
demo.pcm not found, waiting...
demo.pcm not found, waiting...
demo.pcm not found, waiting...
demo.pcm not found, waiting...
demo.pcm not found, waiting...
demo.pcm not found, waiting...
demo.pcm not found, waiting...
demo.pcm not found, waiting...
demo.pcm not found, waiting...
demo.pcm not found, waiting...
demo.pcm not found, waiting...
demo.pcm not found, waiting...
demo.pcm not found, waiting...
demo.pcm not found, waiting...
demo.pcm not found, waiting...
demo.pcm not found, waiting...
demo.pcm not found, waiting...
demo.pcm not found, waiting...
demo.pcm not found, waiting...
demo.pcm not found, waiting...
demo.pcm not found, waiting...
demo.pcm not found, waiting...
demo.pcm not found, waiting...
demo.pcm not found, waiting...
demo.pcm not found, waiting...
demo.pcm not found, waiting...
demo.pcm not found, waiting...
demo.pcm not found, waiting...
demo.pcm not found, waiting...
demo.pcm not found, waiting...
demo.pcm not found, waiting...
demo.pcm not found, waiting...
demo.pcm not found, waiting...
demo.pcm not found, waiting...
demo.pcm not found, waiting...
demo.pcm not found, waiting...
demo.pcm not found, waiting...
demo.pcm not found, waiting...
demo.pcm not found, waiting...
demo.pcm not found, waiting...
demo.pcm not found, waiting...
demo.pcm not found, waiting...
demo.pcm not found, waiting...
demo.pcm not found, waiting...
demo.pcm not found, waiting...
demo.pcm not found, waiting...
demo.pcm not found, waiting...
demo.pcm not found, waiting...
demo.pcm not found, waiting...
demo.pcm not found, waiting...
demo.pcm not found, waiting...
demo.pcm not found, waiting...
demo.pcm not found, waiting...
demo.pcm not found, waiting...
demo.pcm not found, waiting...
demo.pcm not found, waiting...
demo.pcm not found, waiting...
demo.pcm not found, waiting...
demo.pcm not found, waiting...
demo.pcm not found, waiting...
demo.pcm not found, waiting...
demo.pcm not found, waiting...
demo.pcm not found, waiting...
demo.pcm not found, waiting...
demo.pcm not found, waiting...
demo.pcm not found, waiting...
demo.pcm not found, waiting...
demo.pcm not found, waiting...
demo.pcm not found, waiting...
demo.pcm not found, waiting...
demo.pcm not found, waiting...
demo.pcm not found, waiting...
demo.pcm not found, waiting...
demo.pcm not found, waiting...
demo.pcm not found, waiting...
demo.pcm not found, waiting...
demo.pcm not found, waiting...
demo.pcm not found, waiting...
demo.pcm not found, waiting...
demo.pcm not found, waiting...
demo.pcm not found, waiting...
demo.pcm not found, waiting...
demo.pcm not found, waiting...
demo.pcm not found, waiting...
demo.pcm not found, waiting...
demo.pcm not found, waiting...
demo.pcm not found, waiting...
demo.pcm not found, waiting...
demo.pcm not found, waiting...
demo.pcm not found, waiting...
demo.pcm not found, waiting...
demo.pcm not found, waiting...
demo.pcm not found, waiting...
demo.pcm not found, waiting...
demo.pcm not found, waiting...
demo.pcm not found, waiting...
demo.pcm not found, waiting...
demo.pcm not found, waiting...
demo.pcm not found, waiting...
demo.pcm not found, waiting...
demo.pcm not found, waiting...
demo.pcm not found, waiting...
demo.pcm not found, waiting...
demo.pcm not found, waiting...
demo.pcm not found, waiting...
demo.pcm not found, waiting...
demo.pcm not found, waiting...
demo.pcm not found, waiting...
demo.pcm not found, waiting...
demo.pcm not found, waiting...
demo.pcm not found, waiting...
demo.pcm not found, waiting...
demo.pcm not found, waiting...
demo.pcm not found, waiting...
demo.pcm not found, waiting...
demo.pcm not found, waiting...
demo.pcm not found, waiting...
demo.pcm not found, waiting...
demo.pcm not found, waiting...
demo.pcm not found, waiting...
demo.pcm not found, waiting...
demo.pcm not found, waiting...
demo.pcm not found, waiting...
demo.pcm not found, waiting...
demo.pcm not found, waiting...
demo.pcm not found, waiting...
demo.pcm not found, waiting...
demo.pcm not found, waiting...
demo.pcm not found, waiting...
demo.pcm not found, waiting...
demo.pcm not found, waiting...
demo.pcm not found, waiting...
demo.pcm not found, waiting...
demo.pcm not found, waiting...
demo.pcm not found, waiting...
demo.pcm not found, waiting...
demo.pcm not found, waiting...
demo.pcm not found, waiting...
demo.pcm not found, waiting...
demo.pcm not found, waiting...
demo.pcm not found, waiting...
demo.pcm not found, waiting...
demo.pcm not found, waiting...
demo.pcm not found, waiting...
demo.pcm not found, waiting...
demo.pcm not found, waiting...
demo.pcm not found, waiting...
demo.pcm not found, waiting...
demo.pcm not found, waiting...
demo.pcm not found, waiting...
demo.pcm not found, waiting...
demo.pcm not found, waiting...
demo.pcm not found, waiting...
demo.pcm not found, waiting...
demo.pcm not found, waiting...
demo.pcm not found, waiting...
demo.pcm not found, waiting...
demo.pcm not found, waiting...
demo.pcm not found, waiting...
demo.pcm not found, waiting...
demo.pcm not found, waiting...
demo.pcm not found, waiting...
demo.pcm not found, waiting...
demo.pcm not found, waiting...
demo.pcm not found, waiting...
demo.pcm not found, waiting...
demo.pcm not found, waiting...
demo.pcm not found, waiting...
demo.pcm not found, waiting...
demo.pcm not found, waiting...
demo.pcm not found, waiting...
demo.pcm not found, waiting...
demo.pcm not found, waiting...
demo.pcm not found, waiting...
demo.pcm not found, waiting...
demo.pcm not found, waiting...
demo.pcm not found, waiting...
demo.pcm not found, waiting...
demo.pcm not found, waiting...
demo.pcm not found, waiting...
demo.pcm not found, waiting...
demo.pcm not found, waiting...
demo.pcm not found, waiting...
demo.pcm not found, waiting...
demo.pcm not found, waiting...
demo.pcm not found, waiting...
demo.pcm not found, waiting...
demo.pcm not found, waiting...
demo.pcm not found, waiting...
demo.pcm not found, waiting...
demo.pcm not found, waiting...
demo.pcm not found, waiting...
demo.pcm not found, waiting...
demo.pcm not found, waiting...
demo.pcm not found, waiting...
demo.pcm not found, waiting...
demo.pcm not found, waiting...
demo.pcm not found, waiting...
demo.pcm not found, waiting...
demo.pcm not found, waiting...
demo.pcm not found, waiting...
demo.pcm not found, waiting...
demo.pcm not found, waiting...
demo.pcm not found, waiting...
demo.pcm not found, waiting...
demo.pcm not found, waiting...
demo.pcm not found, waiting...
demo.pcm not found, waiting...
demo.pcm not found, waiting...
demo.pcm not found, waiting...
demo.pcm not found, waiting...
demo.pcm not found, waiting...
demo.pcm not found, waiting...
demo.pcm not found, waiting...
demo.pcm not found, waiting...
demo.pcm not found, waiting...
demo.pcm not found, waiting...
demo.pcm not found, waiting...
demo.pcm not found, waiting...
demo.pcm not found, waiting...
demo.pcm not found, waiting...
demo.pcm not found, waiting...
demo.pcm not found, waiting...
demo.pcm not found, waiting...
demo.pcm not found, waiting...
demo.pcm not found, waiting...
demo.pcm not found, waiting...
demo.pcm not found, waiting...
demo.pcm not found, waiting...
demo.pcm not found, waiting...
demo.pcm not found, waiting...
demo.pcm not found, waiting...
demo.pcm not found, waiting...
demo.pcm not found, waiting...
demo.pcm not found, waiting...
demo.pcm not found, waiting...
demo.pcm not found, waiting...
demo.pcm not found, waiting...
demo.pcm not found, waiting...
demo.pcm not found, waiting...
demo.pcm not found, waiting...
demo.pcm not found, waiting...
demo.pcm not found, waiting...
demo.pcm not found, waiting...
demo.pcm not found, waiting...
demo.pcm not found, waiting...
demo.pcm not found, waiting...
demo.pcm not found, waiting...
demo.pcm not found, waiting...
demo.pcm not found, waiting...
demo.pcm not found, waiting...
demo.pcm not found, waiting...
demo.pcm not found, waiting...
demo.pcm not found, waiting...
demo.pcm not found, waiting...
demo.pcm not found, waiting...
demo.pcm not found, waiting...
demo.pcm not found, waiting...
demo.pcm not found, waiting...
demo.pcm not found, waiting...
demo.pcm not found, waiting...
demo.pcm not found, waiting...
demo.pcm not found, waiting...
demo.pcm not found, waiting...
demo.pcm not found, waiting...
demo.pcm not found, waiting...
demo.pcm not found, waiting...
demo.pcm not found, waiting...
demo.pcm not found, waiting...
demo.pcm not found, waiting...
demo.pcm not found, waiting...
demo.pcm not found, waiting...
demo.pcm not found, waiting...
demo.pcm not found, waiting...
demo.pcm not found, waiting...
demo.pcm not found, waiting...
demo.pcm not found, waiting...
demo.pcm not found, waiting...
demo.pcm not found, waiting...
demo.pcm not found, waiting...
demo.pcm not found, waiting...
demo.pcm not found, waiting...
demo.pcm not found, waiting...
demo.pcm not found, waiting...
demo.pcm not found, waiting...
demo.pcm not found, waiting...
demo.pcm not found, waiting...
demo.pcm not found, waiting...
demo.pcm not found, waiting...
demo.pcm not found, waiting...
demo.pcm not found, waiting...
demo.pcm not found, waiting...
demo.pcm not found, waiting...
demo.pcm not found, waiting...
demo.pcm not found, waiting...
demo.pcm not found, waiting...
demo.pcm not found, waiting...
demo.pcm not found, waiting...
demo.pcm not found, waiting...
demo.pcm not found, waiting...
demo.pcm not found, waiting...
demo.pcm not found, waiting...
demo.pcm not found, waiting...
demo.pcm not found, waiting...
demo.pcm not found, waiting...
demo.pcm not found, waiting...
demo.pcm not found, waiting...
demo.pcm not found, waiting...
demo.pcm not found, waiting...
demo.pcm not found, waiting...
demo.pcm not found, waiting...
demo.pcm not found, waiting...
demo.pcm not found, waiting...
demo.pcm not found, waiting...
demo.pcm not found, waiting...
demo.pcm not found, waiting...
demo.pcm not found, waiting...
demo.pcm not found, waiting...
demo.pcm not found, waiting...
demo.pcm not found, waiting...
demo.pcm not found, waiting...
demo.pcm not found, waiting...
demo.pcm not found, waiting...
demo.pcm not found, waiting...
demo.pcm not found, waiting...
demo.pcm not found, waiting...
demo.pcm not found, waiting...
demo.pcm not found, waiting...
demo.pcm not found, waiting...
demo.pcm not found, waiting...
demo.pcm not found, waiting...
demo.pcm not found, waiting...
demo.pcm not found, waiting...
demo.pcm not found, waiting...
demo.pcm not found, waiting...
demo.pcm not found, waiting...
demo.pcm not found, waiting...
demo.pcm not found, waiting...
demo.pcm not found, waiting...
demo.pcm not found, waiting...
demo.pcm not found, waiting...
demo.pcm not found, waiting...
demo.pcm not found, waiting...
demo.pcm not found, waiting...
demo.pcm not found, waiting...
demo.pcm not found, waiting...
demo.pcm not found, waiting...
demo.pcm not found, waiting...
demo.pcm not found, waiting...
demo.pcm not found, waiting...
demo.pcm not found, waiting...
demo.pcm not found, waiting...
demo.pcm not found, waiting...
demo.pcm not found, waiting...
demo.pcm not found, waiting...
demo.pcm not found, waiting...
demo.pcm not found, waiting...
demo.pcm not found, waiting...
demo.pcm not found, waiting...
demo.pcm not found, waiting...
demo.pcm not found, waiting...
demo.pcm not found, waiting...
demo.pcm not found, waiting...
demo.pcm not found, waiting...
demo.pcm not found, waiting...
demo.pcm not found, waiting...
demo.pcm not found, waiting...
demo.pcm not found, waiting...
demo.pcm not found, waiting...
demo.pcm not found, waiting...
demo.pcm not found, waiting...
demo.pcm not found, waiting...
demo.pcm not found, waiting...
demo.pcm not found, waiting...
demo.pcm not found, waiting...
demo.pcm not found, waiting...
demo.pcm not found, waiting...
demo.pcm not found, waiting...
demo.pcm not found, waiting...
demo.pcm not found, waiting...
demo.pcm not found, waiting...
demo.pcm not found, waiting...
demo.pcm not found, waiting...
demo.pcm not found, waiting...
demo.pcm not found, waiting...
demo.pcm not found, waiting...
demo.pcm not found, waiting...
demo.pcm not found, waiting...
demo.pcm not found, waiting...
demo.pcm not found, waiting...
demo.pcm not found, waiting...
demo.pcm not found, waiting...
demo.pcm not found, waiting...
demo.pcm not found, waiting...
demo.pcm not found, waiting...
demo.pcm not found, waiting...
demo.pcm not found, waiting...
demo.pcm not found, waiting...
demo.pcm not found, waiting...
demo.pcm not found, waiting...
demo.pcm not found, waiting...
demo.pcm not found, waiting...
demo.pcm not found, waiting...
demo.pcm not found, waiting...
demo.pcm not found, waiting...
demo.pcm not found, waiting...
demo.pcm not found, waiting...
demo.pcm not found, waiting...
demo.pcm not found, waiting...
demo.pcm not found, waiting...
demo.pcm not found, waiting...
demo.pcm not found, waiting...
demo.pcm not found, waiting...
demo.pcm not found, waiting...
demo.pcm not found, waiting...
demo.pcm not found, waiting...
demo.pcm not found, waiting...
demo.pcm not found, waiting...
demo.pcm not found, waiting...
demo.pcm not found, waiting...
demo.pcm not found, waiting...
demo.pcm not found, waiting...
demo.pcm not found, waiting...
demo.pcm not found, waiting...
demo.pcm not found, waiting...
demo.pcm not found, waiting...
demo.pcm not found, waiting...
demo.pcm not found, waiting...
demo.pcm not found, waiting...
demo.pcm not found, waiting...
demo.pcm not found, waiting...
demo.pcm not found, waiting...
demo.pcm not found, waiting...
demo.pcm not found, waiting...
demo.pcm not found, waiting...
demo.pcm not found, waiting...
demo.pcm not found, waiting...
demo.pcm not found, waiting...
demo.pcm not found, waiting...
demo.pcm not found, waiting...
demo.pcm not found, waiting...
demo.pcm not found, waiting...
demo.pcm not found, waiting...
demo.pcm not found, waiting...
demo.pcm not found, waiting...
demo.pcm not found, waiting...
demo.pcm not found, waiting...
demo.pcm not found, waiting...
demo.pcm not found, waiting...
demo.pcm not found, waiting...
demo.pcm not found, waiting...
demo.pcm not found, waiting...
demo.pcm not found, waiting...
demo.pcm not found, waiting...
demo.pcm not found, waiting...
demo.pcm not found, waiting...
demo.pcm not found, waiting...
demo.pcm not found, waiting...
demo.pcm not found, waiting...
demo.pcm not found, waiting...
demo.pcm not found, waiting...
demo.pcm not found, waiting...
demo.pcm not found, waiting...
demo.pcm not found, waiting...
demo.pcm not found, waiting...
demo.pcm not found, waiting...
demo.pcm not found, waiting...
demo.pcm not found, waiting...
demo.pcm not found, waiting...
demo.pcm not found, waiting...
demo.pcm not found, waiting...
demo.pcm not found, waiting...
demo.pcm not found, waiting...
demo.pcm not found, waiting...
demo.pcm not found, waiting...
demo.pcm not found, waiting...
demo.pcm not found, waiting...
demo.pcm not found, waiting...
demo.pcm not found, waiting...
demo.pcm not found, waiting...
demo.pcm not found, waiting...
demo.pcm not found, waiting...
demo.pcm not found, waiting...
demo.pcm not found, waiting...
demo.pcm not found, waiting...
demo.pcm not found, waiting...
demo.pcm not found, waiting...
demo.pcm not found, waiting...
demo.pcm not found, waiting...
demo.pcm not found, waiting...
demo.pcm not found, waiting...
demo.pcm not found, waiting...
demo.pcm not found, waiting...
demo.pcm not found, waiting...
demo.pcm not found, waiting...
demo.pcm not found, waiting...
demo.pcm not found, waiting...
demo.pcm not found, waiting...
demo.pcm not found, waiting...
demo.pcm not found, waiting...
demo.pcm not found, waiting...
demo.pcm not found, waiting...
demo.pcm not found, waiting...
demo.pcm not found, waiting...
demo.pcm not found, waiting...
demo.pcm not found, waiting...
demo.pcm not found, waiting...
demo.pcm not found, waiting...
demo.pcm not found, waiting...
demo.pcm not found, waiting...
demo.pcm not found, waiting...
demo.pcm not found, waiting...
demo.pcm not found, waiting...
demo.pcm not found, waiting...
demo.pcm not found, waiting...
demo.pcm not found, waiting...
demo.pcm not found, waiting...
demo.pcm not found, waiting...
demo.pcm not found, waiting...
demo.pcm not found, waiting...
demo.pcm not found, waiting...
demo.pcm not found, waiting...
demo.pcm not found, waiting...
demo.pcm not found, waiting...
demo.pcm not found, waiting...
demo.pcm not found, waiting...
demo.pcm not found, waiting...
demo.pcm not found, waiting...
demo.pcm not found, waiting...
demo.pcm not found, waiting...
demo.pcm not found, waiting...
demo.pcm not found, waiting...
demo.pcm not found, waiting...
demo.pcm not found, waiting...
demo.pcm not found, waiting...
demo.pcm not found, waiting...
demo.pcm not found, waiting...
demo.pcm not found, waiting...
demo.pcm not found, waiting...
demo.pcm not found, waiting...
demo.pcm not found, waiting...
demo.pcm not found, waiting...
demo.pcm not found, waiting...
demo.pcm not found, waiting...
demo.pcm not found, waiting...
demo.pcm not found, waiting...
demo.pcm not found, waiting...
demo.pcm not found, waiting...
demo.pcm not found, waiting...
demo.pcm not found, waiting...
demo.pcm not found, waiting...
demo.pcm not found, waiting...
demo.pcm not found, waiting...
demo.pcm not found, waiting...
demo.pcm not found, waiting...
demo.pcm not found, waiting...
demo.pcm not found, waiting...
demo.pcm not found, waiting...
demo.pcm not found, waiting...
demo.pcm not found, waiting...
demo.pcm not found, waiting...
demo.pcm not found, waiting...
demo.pcm not found, waiting...
demo.pcm not found, waiting...
demo.pcm not found, waiting...
demo.pcm not found, waiting...
demo.pcm not found, waiting...
demo.pcm not found, waiting...
demo.pcm not found, waiting...
demo.pcm not found, waiting...
demo.pcm not found, waiting...
demo.pcm not found, waiting...
demo.pcm not found, waiting...
demo.pcm not found, waiting...
demo.pcm not found, waiting...
demo.pcm not found, waiting...
demo.pcm not found, waiting...
demo.pcm not found, waiting...
demo.pcm not found, waiting...
demo.pcm not found, waiting...
demo.pcm not found, waiting...
demo.pcm not found, waiting...
demo.pcm not found, waiting...
demo.pcm not found, waiting...
demo.pcm not found, waiting...
demo.pcm not found, waiting...
demo.pcm not found, waiting...
demo.pcm not found, waiting...
demo.pcm not found, waiting...
demo.pcm not found, waiting...
demo.pcm not found, waiting...
demo.pcm not found, waiting...
demo.pcm not found, waiting...
demo.pcm not found, waiting...
demo.pcm not found, waiting...
demo.pcm not found, waiting...
demo.pcm not found, waiting...
demo.pcm not found, waiting...
demo.pcm not found, waiting...
demo.pcm not found, waiting...
demo.pcm not found, waiting...
demo.pcm not found, waiting...
demo.pcm not found, waiting...
demo.pcm not found, waiting...
demo.pcm not found, waiting...
demo.pcm not found, waiting...
demo.pcm not found, waiting...
demo.pcm not found, waiting...
demo.pcm not found, waiting...
demo.pcm not found, waiting...
demo.pcm not found, waiting...
demo.pcm not found, waiting...
demo.pcm not found, waiting...
demo.pcm not found, waiting...
demo.pcm not found, waiting...
demo.pcm not found, waiting...
demo.pcm not found, waiting...
demo.pcm not found, waiting...
demo.pcm not found, waiting...
demo.pcm not found, waiting...
demo.pcm not found, waiting...
demo.pcm not found, waiting...
demo.pcm not found, waiting...
demo.pcm not found, waiting...
demo.pcm not found, waiting...
demo.pcm not found, waiting...
demo.pcm not found, waiting...
demo.pcm not found, waiting...
demo.pcm not found, waiting...
demo.pcm not found, waiting...
demo.pcm not found, waiting...
demo.pcm not found, waiting...
demo.pcm not found, waiting...
demo.pcm not found, waiting...
demo.pcm not found, waiting...
demo.pcm not found, waiting...
demo.pcm not found, waiting...
demo.pcm not found, waiting...
demo.pcm not found, waiting...
demo.pcm not found, waiting...
demo.pcm not found, waiting...
demo.pcm not found, waiting...
demo.pcm not found, waiting...
demo.pcm not found, waiting...
demo.pcm not found, waiting...
demo.pcm not found, waiting...
demo.pcm not found, waiting...
demo.pcm not found, waiting...
demo.pcm not found, waiting...
demo.pcm not found, waiting...
demo.pcm not found, waiting...
demo.pcm not found, waiting...
demo.pcm not found, waiting...
demo.pcm not found, waiting...
demo.pcm not found, waiting...
demo.pcm not found, waiting...
demo.pcm not found, waiting...
demo.pcm not found, waiting...
demo.pcm not found, waiting...
demo.pcm not found, waiting...
demo.pcm not found, waiting...
demo.pcm not found, waiting...
demo.pcm not found, waiting...
demo.pcm not found, waiting...
demo.pcm not found, waiting...
demo.pcm not found, waiting...
demo.pcm not found, waiting...
demo.pcm not found, waiting...
demo.pcm not found, waiting...
demo.pcm not found, waiting...
demo.pcm not found, waiting...
demo.pcm not found, waiting...
demo.pcm not found, waiting...
demo.pcm not found, waiting...
demo.pcm not found, waiting...
demo.pcm not found, waiting...
demo.pcm not found, waiting...
demo.pcm not found, waiting...
demo.pcm not found, waiting...
demo.pcm not found, waiting...
demo.pcm not found, waiting...
demo.pcm not found, waiting...
demo.pcm not found, waiting...
demo.pcm not found, waiting...
demo.pcm not found, waiting...
demo.pcm not found, waiting...
demo.pcm not found, waiting...
demo.pcm not found, waiting...
demo.pcm not found, waiting...
demo.pcm not found, waiting...
demo.pcm not found, waiting...
demo.pcm not found, waiting...
demo.pcm not found, waiting...
demo.pcm not found, waiting...
demo.pcm not found, waiting...
demo.pcm not found, waiting...
demo.pcm not found, waiting...
demo.pcm not found, waiting...
demo.pcm not found, waiting...
demo.pcm not found, waiting...
demo.pcm not found, waiting...
demo.pcm not found, waiting...
demo.pcm not found, waiting...
demo.pcm not found, waiting...
demo.pcm not found, waiting...
demo.pcm not found, waiting...
demo.pcm not found, waiting...
demo.pcm not found, waiting...
demo.pcm not found, waiting...
demo.pcm not found, waiting...
demo.pcm not found, waiting...
demo.pcm not found, waiting...
demo.pcm not found, waiting...
demo.pcm not found, waiting...
demo.pcm not found, waiting...
demo.pcm not found, waiting...
demo.pcm not found, waiting...
demo.pcm not found, waiting...
demo.pcm not found, waiting...
demo.pcm not found, waiting...
demo.pcm not found, waiting...
demo.pcm not found, waiting...
demo.pcm not found, waiting...
demo.pcm not found, waiting...
demo.pcm not found, waiting...
demo.pcm not found, waiting...
demo.pcm not found, waiting...
demo.pcm not found, waiting...
demo.pcm not found, waiting...
demo.pcm not found, waiting...
demo.pcm not found, waiting...
demo.pcm not found, waiting...
demo.pcm not found, waiting...
demo.pcm not found, waiting...
demo.pcm not found, waiting...
demo.pcm not found, waiting...
demo.pcm not found, waiting...
demo.pcm not found, waiting...
demo.pcm not found, waiting...
demo.pcm not found, waiting...
demo.pcm not found, waiting...
demo.pcm not found, waiting...
demo.pcm not found, waiting...
demo.pcm not found, waiting...
demo.pcm not found, waiting...
demo.pcm not found, waiting...
demo.pcm not found, waiting...
demo.pcm not found, waiting...
demo.pcm not found, waiting...
demo.pcm not found, waiting...
demo.pcm not found, waiting...
demo.pcm not found, waiting...
demo.pcm not found, waiting...
demo.pcm not found, waiting...
demo.pcm not found, waiting...
demo.pcm not found, waiting...
demo.pcm not found, waiting...
demo.pcm not found, waiting...
demo.pcm not found, waiting...
demo.pcm not found, waiting...
demo.pcm not found, waiting...
demo.pcm not found, waiting...
demo.pcm not found, waiting...
demo.pcm not found, waiting...
demo.pcm not found, waiting...
demo.pcm not found, waiting...
demo.pcm not found, waiting...
demo.pcm not found, waiting...
demo.pcm not found, waiting...
demo.pcm not found, waiting...
demo.pcm not found, waiting...
demo.pcm not found, waiting...
demo.pcm not found, waiting...
demo.pcm not found, waiting...
demo.pcm not found, waiting...
demo.pcm not found, waiting...
demo.pcm not found, waiting...
demo.pcm not found, waiting...
demo.pcm not found, waiting...
demo.pcm not found, waiting...
demo.pcm not found, waiting...
demo.pcm not found, waiting...
demo.pcm not found, waiting...
demo.pcm not found, waiting...
demo.pcm not found, waiting...
demo.pcm not found, waiting...
demo.pcm not found, waiting...
demo.pcm not found, waiting...
demo.pcm not found, waiting...
demo.pcm not found, waiting...
demo.pcm not found, waiting...
demo.pcm not found, waiting...
demo.pcm not found, waiting...
demo.pcm not found, waiting...
demo.pcm not found, waiting...
demo.pcm not found, waiting...
demo.pcm not found, waiting...
demo.pcm not found, waiting...
demo.pcm not found, waiting...
demo.pcm not found, waiting...
demo.pcm not found, waiting...
demo.pcm not found, waiting...
demo.pcm not found, waiting...
demo.pcm not found, waiting...
demo.pcm not found, waiting...
demo.pcm not found, waiting...
demo.pcm not found, waiting...
demo.pcm not found, waiting...
demo.pcm not found, waiting...
demo.pcm not found, waiting...
demo.pcm not found, waiting...
demo.pcm not found, waiting...
demo.pcm not found, waiting...
demo.pcm not found, waiting...
demo.pcm not found, waiting...
demo.pcm not found, waiting...
demo.pcm not found, waiting...
demo.pcm not found, waiting...
demo.pcm not found, waiting...
demo.pcm not found, waiting...
demo.pcm not found, waiting...
demo.pcm not found, waiting...
demo.pcm not found, waiting...
demo.pcm not found, waiting...
demo.pcm not found, waiting...
demo.pcm not found, waiting...
demo.pcm not found, waiting...
demo.pcm not found, waiting...
demo.pcm not found, waiting...
demo.pcm not found, waiting...
demo.pcm not found, waiting...
demo.pcm not found, waiting...
demo.pcm not found, waiting...
demo.pcm not found, waiting...
demo.pcm not found, waiting...
demo.pcm not found, waiting...
demo.pcm not found, waiting...
demo.pcm not found, waiting...
demo.pcm not found, waiting...
demo.pcm not found, waiting...
demo.pcm not found, waiting...
demo.pcm not found, waiting...
demo.pcm not found, waiting...
demo.pcm not found, waiting...
demo.pcm not found, waiting...
demo.pcm not found, waiting...
demo.pcm not found, waiting...
demo.pcm not found, waiting...
demo.pcm not found, waiting...
demo.pcm not found, waiting...
demo.pcm not found, waiting...
demo.pcm not found, waiting...
demo.pcm not found, waiting...
demo.pcm not found, waiting...
demo.pcm not found, waiting...
demo.pcm not found, waiting...
demo.pcm not found, waiting...
demo.pcm not found, waiting...
demo.pcm not found, waiting...
demo.pcm not found, waiting...
demo.pcm not found, waiting...
demo.pcm not found, waiting...
demo.pcm not found, waiting...
demo.pcm not found, waiting...
demo.pcm not found, waiting...
demo.pcm not found, waiting...
demo.pcm not found, waiting...
demo.pcm not found, waiting...
demo.pcm not found, waiting...
demo.pcm not found, waiting...
demo.pcm not found, waiting...
demo.pcm not found, waiting...
demo.pcm not found, waiting...
demo.pcm not found, waiting...
demo.pcm not found, waiting...
demo.pcm not found, waiting...
demo.pcm not found, waiting...
demo.pcm not found, waiting...
demo.pcm not found, waiting...
demo.pcm not found, waiting...
demo.pcm not found, waiting...
demo.pcm not found, waiting...
demo.pcm not found, waiting...
demo.pcm not found, waiting...
demo.pcm not found, waiting...
demo.pcm not found, waiting...
demo.pcm not found, waiting...
demo.pcm not found, waiting...
demo.pcm not found, waiting...
demo.pcm not found, waiting...
demo.pcm not found, waiting...
demo.pcm not found, waiting...
demo.pcm not found, waiting...
demo.pcm not found, waiting...
demo.pcm not found, waiting...
demo.pcm not found, waiting...
demo.pcm not found, waiting...
demo.pcm not found, waiting...
demo.pcm not found, waiting...
demo.pcm not found, waiting...
demo.pcm not found, waiting...
demo.pcm not found, waiting...
demo.pcm not found, waiting...
demo.pcm not found, waiting...
demo.pcm not found, waiting...
demo.pcm not found, waiting...
demo.pcm not found, waiting...
demo.pcm not found, waiting...
demo.pcm not found, waiting...
demo.pcm not found, waiting...
demo.pcm not found, waiting...
demo.pcm not found, waiting...
demo.pcm not found, waiting...
demo.pcm not found, waiting...
demo.pcm not found, waiting...
demo.pcm not found, waiting...
demo.pcm not found, waiting...
demo.pcm not found, waiting...
demo.pcm not found, waiting...
demo.pcm not found, waiting...
demo.pcm not found, waiting...
demo.pcm not found, waiting...
demo.pcm not found, waiting...
demo.pcm not found, waiting...
demo.pcm not found, waiting...
demo.pcm not found, waiting...
demo.pcm not found, waiting...
demo.pcm not found, waiting...
demo.pcm not found, waiting...
demo.pcm not found, waiting...
demo.pcm not found, waiting...
demo.pcm not found, waiting...
demo.pcm not found, waiting...
demo.pcm not found, waiting...
demo.pcm not found, waiting...
demo.pcm not found, waiting...
demo.pcm not found, waiting...
demo.pcm not found, waiting...
demo.pcm not found, waiting...
demo.pcm not found, waiting...
demo.pcm not found, waiting...
demo.pcm not found, waiting...
demo.pcm not found, waiting...
demo.pcm not found, waiting...
demo.pcm not found, waiting...
demo.pcm not found, waiting...
demo.pcm not found, waiting...
demo.pcm not found, waiting...
demo.pcm not found, waiting...
demo.pcm not found, waiting...
demo.pcm not found, waiting...
demo.pcm not found, waiting...
demo.pcm not found, waiting...
demo.pcm not found, waiting...
demo.pcm not found, waiting...
demo.pcm not found, waiting...
demo.pcm not found, waiting...
demo.pcm not found, waiting...
demo.pcm not found, waiting...
demo.pcm not found, waiting...
demo.pcm not found, waiting...
demo.pcm not found, waiting...
demo.pcm not found, waiting...
demo.pcm not found, waiting...
demo.pcm not found, waiting...
demo.pcm not found, waiting...
demo.pcm not found, waiting...
demo.pcm not found, waiting...
demo.pcm not found, waiting...
demo.pcm not found, waiting...
demo.pcm not found, waiting...
demo.pcm not found, waiting...
demo.pcm not found, waiting...
demo.pcm not found, waiting...
demo.pcm not found, waiting...
demo.pcm not found, waiting...
demo.pcm not found, waiting...
demo.pcm not found, waiting...
demo.pcm not found, waiting...
demo.pcm not found, waiting...
demo.pcm not found, waiting...
demo.pcm not found, waiting...
demo.pcm not found, waiting...
demo.pcm not found, waiting...
demo.pcm not found, waiting...
demo.pcm not found, waiting...
demo.pcm not found, waiting...
demo.pcm not found, waiting...
demo.pcm not found, waiting...
demo.pcm not found, waiting...
demo.pcm not found, waiting...
demo.pcm not found, waiting...
demo.pcm not found, waiting...
demo.pcm not found, waiting...
demo.pcm not found, waiting...
demo.pcm not found, waiting...
demo.pcm not found, waiting...
demo.pcm not found, waiting...
demo.pcm not found, waiting...
demo.pcm not found, waiting...
demo.pcm not found, waiting...
demo.pcm not found, waiting...
demo.pcm not found, waiting...
demo.pcm not found, waiting...
demo.pcm not found, waiting...
demo.pcm not found, waiting...
demo.pcm not found, waiting...
demo.pcm not found, waiting...
demo.pcm not found, waiting...
demo.pcm not found, waiting...
demo.pcm not found, waiting...
demo.pcm not found, waiting...
demo.pcm not found, waiting...
demo.pcm not found, waiting...
demo.pcm not found, waiting...
demo.pcm not found, waiting...
demo.pcm not found, waiting...
demo.pcm not found, waiting...
demo.pcm not found, waiting...
demo.pcm not found, waiting...
demo.pcm not found, waiting...
demo.pcm not found, waiting...
demo.pcm not found, waiting...
demo.pcm not found, waiting...
demo.pcm not found, waiting...
demo.pcm not found, waiting...
demo.pcm not found, waiting...
demo.pcm not found, waiting...
demo.pcm not found, waiting...
demo.pcm not found, waiting...
demo.pcm not found, waiting...
demo.pcm not found, waiting...
demo.pcm not found, waiting...
demo.pcm not found, waiting...
demo.pcm not found, waiting...
demo.pcm not found, waiting...
demo.pcm not found, waiting...
demo.pcm not found, waiting...
demo.pcm not found, waiting...
demo.pcm not found, waiting...
demo.pcm not found, waiting...
demo.pcm not found, waiting...
demo.pcm not found, waiting...
demo.pcm not found, waiting...
demo.pcm not found, waiting...
demo.pcm not found, waiting...
demo.pcm not found, waiting...
demo.pcm not found, waiting...
demo.pcm not found, waiting...
demo.pcm not found, waiting...
demo.pcm not found, waiting...
demo.pcm not found, waiting...
demo.pcm not found, waiting...
demo.pcm not found, waiting...
demo.pcm not found, waiting...
demo.pcm not found, waiting...
demo.pcm not found, waiting...
demo.pcm not found, waiting...
demo.pcm not found, waiting...
demo.pcm not found, waiting...
demo.pcm not found, waiting...
demo.pcm not found, waiting...
demo.pcm not found, waiting...
demo.pcm not found, waiting...
demo.pcm not found, waiting...
demo.pcm not found, waiting...
demo.pcm not found, waiting...
demo.pcm not found, waiting...
demo.pcm not found, waiting...
demo.pcm not found, waiting...
demo.pcm not found, waiting...
demo.pcm not found, waiting...
demo.pcm not found, waiting...
demo.pcm not found, waiting...
demo.pcm not found, waiting...
demo.pcm not found, waiting...
demo.pcm not found, waiting...
demo.pcm not found, waiting...
demo.pcm not found, waiting...
demo.pcm not found, waiting...
demo.pcm not found, waiting...
demo.pcm not found, waiting...
demo.pcm not found, waiting...
demo.pcm not found, waiting...
demo.pcm not found, waiting...
demo.pcm not found, waiting...
demo.pcm not found, waiting...
demo.pcm not found, waiting...
demo.pcm not found, waiting...
demo.pcm not found, waiting...
demo.pcm not found, waiting...
demo.pcm not found, waiting...
demo.pcm not found, waiting...
demo.pcm not found, waiting...
demo.pcm not found, waiting...
demo.pcm not found, waiting...
demo.pcm not found, waiting...
demo.pcm not found, waiting...
demo.pcm not found, waiting...
demo.pcm not found, waiting...
demo.pcm not found, waiting...
demo.pcm not found, waiting...
demo.pcm not found, waiting...
demo.pcm not found, waiting...
demo.pcm not found, waiting...
demo.pcm not found, waiting...
demo.pcm not found, waiting...
demo.pcm not found, waiting...
demo.pcm not found, waiting...
demo.pcm not found, waiting...
demo.pcm not found, waiting...
demo.pcm not found, waiting...
demo.pcm not found, waiting...
demo.pcm not found, waiting...
demo.pcm not found, waiting...
demo.pcm not found, waiting...
demo.pcm not found, waiting...
demo.pcm not found, waiting...
demo.pcm not found, waiting...
demo.pcm not found, waiting...
demo.pcm not found, waiting...
demo.pcm not found, waiting...
demo.pcm not found, waiting...
demo.pcm not found, waiting...
demo.pcm not found, waiting...
demo.pcm not found, waiting...
demo.pcm not found, waiting...
demo.pcm not found, waiting...
demo.pcm not found, waiting...
demo.pcm not found, waiting...
demo.pcm not found, waiting...
demo.pcm not found, waiting...
demo.pcm not found, waiting...
demo.pcm not found, waiting...
demo.pcm not found, waiting...
demo.pcm not found, waiting...
demo.pcm not found, waiting...
demo.pcm not found, waiting...
demo.pcm not found, waiting...
demo.pcm not found, waiting...
demo.pcm not found, waiting...
demo.pcm not found, waiting...
demo.pcm not found, waiting...
demo.pcm not found, waiting...
demo.pcm not found, waiting...
demo.pcm not found, waiting...
demo.pcm not found, waiting...
demo.pcm not found, waiting...
demo.pcm not found, waiting...
demo.pcm not found, waiting...
demo.pcm not found, waiting...
demo.pcm not found, waiting...
demo.pcm not found, waiting...
demo.pcm not found, waiting...
demo.pcm not found, waiting...
demo.pcm not found, waiting...
demo.pcm not found, waiting...
demo.pcm not found, waiting...
demo.pcm not found, waiting...
demo.pcm not found, waiting...
demo.pcm not found, waiting...
demo.pcm not found, waiting...
demo.pcm not found, waiting...
demo.pcm not found, waiting...
demo.pcm not found, waiting...
demo.pcm not found, waiting...
demo.pcm not found, waiting...
demo.pcm not found, waiting...
demo.pcm not found, waiting...
demo.pcm not found, waiting...
demo.pcm not found, waiting...
demo.pcm not found, waiting...
demo.pcm not found, waiting...
demo.pcm not found, waiting...
demo.pcm not found, waiting...
demo.pcm not found, waiting...
demo.pcm not found, waiting...
demo.pcm not found, waiting...
demo.pcm not found, waiting...
demo.pcm not found, waiting...
demo.pcm not found, waiting...
demo.pcm not found, waiting...
demo.pcm not found, waiting...
demo.pcm not found, waiting...
demo.pcm not found, waiting...
demo.pcm not found, waiting...
demo.pcm not found, waiting...
demo.pcm not found, waiting...
demo.pcm not found, waiting...
demo.pcm not found, waiting...
demo.pcm not found, waiting...
demo.pcm not found, waiting...
demo.pcm not found, waiting...
demo.pcm not found, waiting...
demo.pcm not found, waiting...
demo.pcm not found, waiting...
demo.pcm not found, waiting...
demo.pcm not found, waiting...
demo.pcm not found, waiting...
demo.pcm not found, waiting...
demo.pcm not found, waiting...
demo.pcm not found, waiting...
demo.pcm not found, waiting...
demo.pcm not found, waiting...
demo.pcm not found, waiting...
demo.pcm not found, waiting...
demo.pcm not found, waiting...
demo.pcm not found, waiting...
demo.pcm not found, waiting...
demo.pcm not found, waiting...
demo.pcm not found, waiting...
demo.pcm not found, waiting...
demo.pcm not found, waiting...
demo.pcm not found, waiting...
demo.pcm not found, waiting...
demo.pcm not found, waiting...
demo.pcm not found, waiting...
demo.pcm not found, waiting...
demo.pcm not found, waiting...
demo.pcm not found, waiting...
demo.pcm not found, waiting...
demo.pcm not found, waiting...
demo.pcm not found, waiting...
demo.pcm not found, waiting...
demo.pcm not found, waiting...
demo.pcm not found, waiting...
demo.pcm not found, waiting...
demo.pcm not found, waiting...
demo.pcm not found, waiting...
demo.pcm not found, waiting...
demo.pcm not found, waiting...
demo.pcm not found, waiting...
demo.pcm not found, waiting...
demo.pcm not found, waiting...
demo.pcm not found, waiting...
demo.pcm not found, waiting...
demo.pcm not found, waiting...
demo.pcm not found, waiting...
demo.pcm not found, waiting...
demo.pcm not found, waiting...
demo.pcm not found, waiting...
demo.pcm not found, waiting...
demo.pcm not found, waiting...
demo.pcm not found, waiting...
demo.pcm not found, waiting...
demo.pcm not found, waiting...
demo.pcm not found, waiting...
demo.pcm not found, waiting...
demo.pcm not found, waiting...
demo.pcm not found, waiting...
demo.pcm not found, waiting...
demo.pcm not found, waiting...
demo.pcm not found, waiting...
demo.pcm not found, waiting...
demo.pcm not found, waiting...
demo.pcm not found, waiting...
demo.pcm not found, waiting...
demo.pcm not found, waiting...
demo.pcm not found, waiting...
demo.pcm not found, waiting...
demo.pcm not found, waiting...
demo.pcm not found, waiting...
demo.pcm not found, waiting...
demo.pcm not found, waiting...
demo.pcm not found, waiting...
demo.pcm not found, waiting...
demo.pcm not found, waiting...
demo.pcm not found, waiting...
demo.pcm not found, waiting...
demo.pcm not found, waiting...
demo.pcm not found, waiting...
demo.pcm not found, waiting...
demo.pcm not found, waiting...
demo.pcm not found, waiting...
demo.pcm not found, waiting...
demo.pcm not found, waiting...
demo.pcm not found, waiting...
demo.pcm not found, waiting...
demo.pcm not found, waiting...
demo.pcm not found, waiting...
demo.pcm not found, waiting...
demo.pcm not found, waiting...
demo.pcm not found, waiting...
demo.pcm not found, waiting...
demo.pcm not found, waiting...
demo.pcm not found, waiting...
demo.pcm not found, waiting...
demo.pcm not found, waiting...
demo.pcm not found, waiting...
demo.pcm not found, waiting...
demo.pcm not found, waiting...
demo.pcm not found, waiting...
demo.pcm not found, waiting...
demo.pcm not found, waiting...
demo.pcm not found, waiting...
demo.pcm not found, waiting...
demo.pcm not found, waiting...
demo.pcm not found, waiting...
demo.pcm not found, waiting...
demo.pcm not found, waiting...
demo.pcm not found, waiting...
demo.pcm not found, waiting...
demo.pcm not found, waiting...
demo.pcm not found, waiting...
demo.pcm not found, waiting...
demo.pcm not found, waiting...
demo.pcm not found, waiting...
demo.pcm not found, waiting...
demo.pcm not found, waiting...
demo.pcm not found, waiting...
demo.pcm not found, waiting...
demo.pcm not found, waiting...
demo.pcm not found, waiting...
demo.pcm not found, waiting...
demo.pcm not found, waiting...
demo.pcm not found, waiting...
demo.pcm not found, waiting...
demo.pcm not found, waiting...
demo.pcm not found, waiting...
demo.pcm not found, waiting...
demo.pcm not found, waiting...
demo.pcm not found, waiting...
demo.pcm not found, waiting...
demo.pcm not found, waiting...
demo.pcm not found, waiting...
demo.pcm not found, waiting...
demo.pcm not found, waiting...
demo.pcm not found, waiting...
demo.pcm not found, waiting...
demo.pcm not found, waiting...
demo.pcm not found, waiting...
demo.pcm not found, waiting...
demo.pcm not found, waiting...
demo.pcm not found, waiting...
demo.pcm not found, waiting...
demo.pcm not found, waiting...
demo.pcm not found, waiting...
demo.pcm not found, waiting...
demo.pcm not found, waiting...
demo.pcm not found, waiting...
demo.pcm not found, waiting...
demo.pcm not found, waiting...
demo.pcm not found, waiting...
demo.pcm not found, waiting...
demo.pcm not found, waiting...
demo.pcm not found, waiting...
demo.pcm not found, waiting...
demo.pcm not found, waiting...
demo.pcm not found, waiting...
demo.pcm not found, waiting...
demo.pcm not found, waiting...
demo.pcm not found, waiting...
demo.pcm not found, waiting...
demo.pcm not found, waiting...
demo.pcm not found, waiting...
demo.pcm not found, waiting...
demo.pcm not found, waiting...
demo.pcm not found, waiting...
demo.pcm not found, waiting...
demo.pcm not found, waiting...
demo.pcm not found, waiting...
demo.pcm not found, waiting...
demo.pcm not found, waiting...
demo.pcm not found, waiting...
demo.pcm not found, waiting...
demo.pcm not found, waiting...
demo.pcm not found, waiting...
demo.pcm not found, waiting...
demo.pcm not found, waiting...
demo.pcm not found, waiting...
demo.pcm not found, waiting...
demo.pcm not found, waiting...
demo.pcm not found, waiting...
demo.pcm not found, waiting...
demo.pcm not found, waiting...
demo.pcm not found, waiting...
demo.pcm not found, waiting...
demo.pcm not found, waiting...
demo.pcm not found, waiting...
demo.pcm not found, waiting...
demo.pcm not found, waiting...
demo.pcm not found, waiting...
demo.pcm not found, waiting...
demo.pcm not found, waiting...
demo.pcm not found, waiting...
demo.pcm not found, waiting...
demo.pcm not found, waiting...
demo.pcm not found, waiting...
demo.pcm not found, waiting...
demo.pcm not found, waiting...
demo.pcm not found, waiting...
demo.pcm not found, waiting...
demo.pcm not found, waiting...
demo.pcm not found, waiting...
demo.pcm not found, waiting...
demo.pcm not found, waiting...
demo.pcm not found, waiting...
demo.pcm not found, waiting...
demo.pcm not found, waiting...
demo.pcm not found, waiting...
demo.pcm not found, waiting...
demo.pcm not found, waiting...
demo.pcm not found, waiting...
demo.pcm not found, waiting...
demo.pcm not found, waiting...
demo.pcm not found, waiting...
demo.pcm not found, waiting...
demo.pcm not found, waiting...
demo.pcm not found, waiting...
demo.pcm not found, waiting...
demo.pcm not found, waiting...
demo.pcm not found, waiting...
demo.pcm not found, waiting...
demo.pcm not found, waiting...
demo.pcm not found, waiting...
demo.pcm not found, waiting...
demo.pcm not found, waiting...
demo.pcm not found, waiting...
demo.pcm not found, waiting...
demo.pcm not found, waiting...
demo.pcm not found, waiting...
demo.pcm not found, waiting...
demo.pcm not found, waiting...
demo.pcm not found, waiting...
demo.pcm not found, waiting...
demo.pcm not found, waiting...
demo.pcm not found, waiting...
demo.pcm not found, waiting...
demo.pcm not found, waiting...
demo.pcm not found, waiting...
demo.pcm not found, waiting...
demo.pcm not found, waiting...
demo.pcm not found, waiting...
demo.pcm not found, waiting...
demo.pcm not found, waiting...
demo.pcm not found, waiting...
demo.pcm not found, waiting...
demo.pcm not found, waiting...
demo.pcm not found, waiting...
demo.pcm not found, waiting...
demo.pcm not found, waiting...
demo.pcm not found, waiting...
demo.pcm not found, waiting...
demo.pcm not found, waiting...
demo.pcm not found, waiting...
demo.pcm not found, waiting...
demo.pcm not found, waiting...
demo.pcm not found, waiting...
demo.pcm not found, waiting...
demo.pcm not found, waiting...
demo.pcm not found, waiting...
demo.pcm not found, waiting...
demo.pcm not found, waiting...
demo.pcm not found, waiting...
demo.pcm not found, waiting...
demo.pcm not found, waiting...
demo.pcm not found, waiting...
demo.pcm not found, waiting...
demo.pcm not found, waiting...
demo.pcm not found, waiting...
demo.pcm not found, waiting...
demo.pcm not found, waiting...
demo.pcm not found, waiting...
demo.pcm not found, waiting...
demo.pcm not found, waiting...
demo.pcm not found, waiting...
demo.pcm not found, waiting...
demo.pcm not found, waiting...
demo.pcm not found, waiting...
demo.pcm not found, waiting...
demo.pcm not found, waiting...
demo.pcm not found, waiting...
demo.pcm not found, waiting...
demo.pcm not found, waiting...
demo.pcm not found, waiting...
demo.pcm not found, waiting...
demo.pcm not found, waiting...
demo.pcm not found, waiting...
demo.pcm not found, waiting...
demo.pcm not found, waiting...
demo.pcm not found, waiting...
demo.pcm not found, waiting...
demo.pcm not found, waiting...
demo.pcm not found, waiting...
demo.pcm not found, waiting...
demo.pcm not found, waiting...
demo.pcm not found, waiting...
demo.pcm not found, waiting...
demo.pcm not found, waiting...
demo.pcm not found, waiting...
demo.pcm not found, waiting...
demo.pcm not found, waiting...
demo.pcm not found, waiting...
demo.pcm not found, waiting...
demo.pcm not found, waiting...
demo.pcm not found, waiting...
demo.pcm not found, waiting...
demo.pcm not found, waiting...
demo.pcm not found, waiting...
demo.pcm not found, waiting...
demo.pcm not found, waiting...
demo.pcm not found, waiting...
demo.pcm not found, waiting...
demo.pcm not found, waiting...
demo.pcm not found, waiting...
demo.pcm not found, waiting...
demo.pcm not found, waiting...
demo.pcm not found, waiting...
demo.pcm not found, waiting...
demo.pcm not found, waiting...
demo.pcm not found, waiting...
demo.pcm not found, waiting...
demo.pcm not found, waiting...
demo.pcm not found, waiting...
demo.pcm not found, waiting...
demo.pcm not found, waiting...
demo.pcm not found, waiting...
demo.pcm not found, waiting...
demo.pcm not found, waiting...
demo.pcm not found, waiting...
demo.pcm not found, waiting...
demo.pcm not found, waiting...
demo.pcm not found, waiting...
demo.pcm not found, waiting...
demo.pcm not found, waiting...
demo.pcm not found, waiting...
demo.pcm not found, waiting...
demo.pcm not found, waiting...
demo.pcm not found, waiting...
demo.pcm not found, waiting...
demo.pcm not found, waiting...
demo.pcm not found, waiting...
demo.pcm not found, waiting...
demo.pcm not found, waiting...
demo.pcm not found, waiting...
demo.pcm not found, waiting...
demo.pcm not found, waiting...
demo.pcm not found, waiting...
demo.pcm not found, waiting...
demo.pcm not found, waiting...
demo.pcm not found, waiting...
demo.pcm not found, waiting...
demo.pcm not found, waiting...
demo.pcm not found, waiting...
demo.pcm not found, waiting...
demo.pcm not found, waiting...
demo.pcm not found, waiting...
demo.pcm not found, waiting...
demo.pcm not found, waiting...
demo.pcm not found, waiting...
demo.pcm not found, waiting...
demo.pcm not found, waiting...
demo.pcm not found, waiting...
demo.pcm not found, waiting...
demo.pcm not found, waiting...
demo.pcm not found, waiting...
demo.pcm not found, waiting...
demo.pcm not found, waiting...
demo.pcm not found, waiting...
demo.pcm not found, waiting...
demo.pcm not found, waiting...
demo.pcm not found, waiting...
demo.pcm not found, waiting...
demo.pcm not found, waiting...
demo.pcm not found, waiting...
demo.pcm not found, waiting...
demo.pcm not found, waiting...
demo.pcm not found, waiting...
demo.pcm not found, waiting...
demo.pcm not found, waiting...
demo.pcm not found, waiting...
demo.pcm not found, waiting...
demo.pcm not found, waiting...
demo.pcm not found, waiting...
demo.pcm not found, waiting...
demo.pcm not found, waiting...
demo.pcm not found, waiting...
demo.pcm not found, waiting...
demo.pcm not found, waiting...
demo.pcm not found, waiting...
demo.pcm not found, waiting...
demo.pcm not found, waiting...
demo.pcm not found, waiting...
demo.pcm not found, waiting...
demo.pcm not found, waiting...
demo.pcm not found, waiting...
demo.pcm not found, waiting...
demo.pcm not found, waiting...
demo.pcm not found, waiting...
demo.pcm not found, waiting...
demo.pcm not found, waiting...
demo.pcm not found, waiting...
demo.pcm not found, waiting...
demo.pcm not found, waiting...
demo.pcm not found, waiting...
demo.pcm not found, waiting...
demo.pcm not found, waiting...
demo.pcm not found, waiting...
demo.pcm not found, waiting...
demo.pcm not found, waiting...
demo.pcm not found, waiting...
demo.pcm not found, waiting...
demo.pcm not found, waiting...
demo.pcm not found, waiting...
demo.pcm not found, waiting...
demo.pcm not found, waiting...
demo.pcm not found, waiting...
demo.pcm not found, waiting...
demo.pcm not found, waiting...
demo.pcm not found, waiting...
demo.pcm not found, waiting...
demo.pcm not found, waiting...
demo.pcm not found, waiting...
demo.pcm not found, waiting...
demo.pcm not found, waiting...
demo.pcm not found, waiting...
demo.pcm not found, waiting...
demo.pcm not found, waiting...
demo.pcm not found, waiting...
demo.pcm not found, waiting...
demo.pcm not found, waiting...
demo.pcm not found, waiting...
demo.pcm not found, waiting...
demo.pcm not found, waiting...
demo.pcm not found, waiting...
demo.pcm not found, waiting...
demo.pcm not found, waiting...
demo.pcm not found, waiting...
demo.pcm not found, waiting...
demo.pcm not found, waiting...
demo.pcm not found, waiting...
demo.pcm not found, waiting...
demo.pcm not found, waiting...
demo.pcm not found, waiting...
demo.pcm not found, waiting...
demo.pcm not found, waiting...
demo.pcm not found, waiting...
demo.pcm not found, waiting...
demo.pcm not found, waiting...
demo.pcm not found, waiting...
demo.pcm not found, waiting...
demo.pcm not found, waiting...
demo.pcm not found, waiting...
demo.pcm not found, waiting...
demo.pcm not found, waiting...
demo.pcm not found, waiting...
demo.pcm not found, waiting...
demo.pcm not found, waiting...
demo.pcm not found, waiting...
demo.pcm not found, waiting...
demo.pcm not found, waiting...
demo.pcm not found, waiting...
demo.pcm not found, waiting...
demo.pcm not found, waiting...
demo.pcm not found, waiting...
demo.pcm not found, waiting...
demo.pcm not found, waiting...
demo.pcm not found, waiting...
demo.pcm not found, waiting...
demo.pcm not found, waiting...
demo.pcm not found, waiting...
demo.pcm not found, waiting...
demo.pcm not found, waiting...
demo.pcm not found, waiting...
demo.pcm not found, waiting...
demo.pcm not found, waiting...
demo.pcm not found, waiting...
demo.pcm not found, waiting...
demo.pcm not found, waiting...
demo.pcm not found, waiting...
demo.pcm not found, waiting...
demo.pcm not found, waiting...
demo.pcm not found, waiting...
demo.pcm not found, waiting...
demo.pcm not found, waiting...
demo.pcm not found, waiting...
demo.pcm not found, waiting...
demo.pcm not found, waiting...
demo.pcm not found, waiting...
demo.pcm not found, waiting...
demo.pcm not found, waiting...
demo.pcm not found, waiting...
demo.pcm not found, waiting...
demo.pcm not found, waiting...
demo.pcm not found, waiting...
demo.pcm not found, waiting...
demo.pcm not found, waiting...
demo.pcm not found, waiting...
demo.pcm not found, waiting...
demo.pcm not found, waiting...
demo.pcm not found, waiting...
demo.pcm not found, waiting...
demo.pcm not found, waiting...
demo.pcm not found, waiting...
demo.pcm not found, waiting...
demo.pcm not found, waiting...
demo.pcm not found, waiting...
demo.pcm not found, waiting...
demo.pcm not found, waiting...
demo.pcm not found, waiting...
demo.pcm not found, waiting...
demo.pcm not found, waiting...
demo.pcm not found, waiting...
demo.pcm not found, waiting...
demo.pcm not found, waiting...
demo.pcm not found, waiting...
demo.pcm not found, waiting...
demo.pcm not found, waiting...
demo.pcm not found, waiting...
demo.pcm not found, waiting...
demo.pcm not found, waiting...
demo.pcm not found, waiting...
demo.pcm not found, waiting...
demo.pcm not found, waiting...
demo.pcm not found, waiting...
demo.pcm not found, waiting...
demo.pcm not found, waiting...
demo.pcm not found, waiting...
demo.pcm not found, waiting...
demo.pcm not found, waiting...
demo.pcm not found, waiting...
demo.pcm not found, waiting...
demo.pcm not found, waiting...
demo.pcm not found, waiting...
demo.pcm not found, waiting...
demo.pcm not found, waiting...
demo.pcm not found, waiting...
demo.pcm not found, waiting...
demo.pcm not found, waiting...
demo.pcm not found, waiting...
demo.pcm not found, waiting...
demo.pcm not found, waiting...
demo.pcm not found, waiting...
demo.pcm not found, waiting...
demo.pcm not found, waiting...
demo.pcm not found, waiting...
demo.pcm not found, waiting...
demo.pcm not found, waiting...
demo.pcm not found, waiting...
demo.pcm not found, waiting...
demo.pcm not found, waiting...
demo.pcm not found, waiting...
demo.pcm not found, waiting...
demo.pcm not found, waiting...
demo.pcm not found, waiting...
demo.pcm not found, waiting...
demo.pcm not found, waiting...
demo.pcm not found, waiting...
demo.pcm not found, waiting...
demo.pcm not found, waiting...
demo.pcm not found, waiting...
demo.pcm not found, waiting...
demo.pcm not found, waiting...
demo.pcm not found, waiting...
demo.pcm not found, waiting...
demo.pcm not found, waiting...
demo.pcm not found, waiting...
demo.pcm not found, waiting...
demo.pcm not found, waiting...
demo.pcm not found, waiting...
demo.pcm not found, waiting...
demo.pcm not found, waiting...
demo.pcm not found, waiting...
demo.pcm not found, waiting...
demo.pcm not found, waiting...
demo.pcm not found, waiting...
demo.pcm not found, waiting...
demo.pcm not found, waiting...
demo.pcm not found, waiting...
demo.pcm not found, waiting...
demo.pcm not found, waiting...
demo.pcm not found, waiting...
demo.pcm not found, waiting...
demo.pcm not found, waiting...
demo.pcm not found, waiting...
demo.pcm not found, waiting...
demo.pcm not found, waiting...
demo.pcm not found, waiting...
demo.pcm not found, waiting...
demo.pcm not found, waiting...
demo.pcm not found, waiting...
demo.pcm not found, waiting...
demo.pcm not found, waiting...
demo.pcm not found, waiting...
demo.pcm not found, waiting...
demo.pcm not found, waiting...
demo.pcm not found, waiting...
demo.pcm not found, waiting...
demo.pcm not found, waiting...
demo.pcm not found, waiting...
demo.pcm not found, waiting...
demo.pcm not found, waiting...
demo.pcm not found, waiting...
demo.pcm not found, waiting...
demo.pcm not found, waiting...
demo.pcm not found, waiting...
demo.pcm not found, waiting...
demo.pcm not found, waiting...
demo.pcm not found, waiting...
demo.pcm not found, waiting...
demo.pcm not found, waiting...
demo.pcm not found, waiting...
demo.pcm not found, waiting...
demo.pcm not found, waiting...
demo.pcm not found, waiting...
demo.pcm not found, waiting...
demo.pcm not found, waiting...
demo.pcm not found, waiting...
demo.pcm not found, waiting...
demo.pcm not found, waiting...
demo.pcm not found, waiting...
demo.pcm not found, waiting...
demo.pcm not found, waiting...
demo.pcm not found, waiting...
demo.pcm not found, waiting...
demo.pcm not found, waiting...
demo.pcm not found, waiting...
demo.pcm not found, waiting...
demo.pcm not found, waiting...
demo.pcm not found, waiting...
demo.pcm not found, waiting...
demo.pcm not found, waiting...
demo.pcm not found, waiting...
demo.pcm not found, waiting...
demo.pcm not found, waiting...
demo.pcm not found, waiting...
demo.pcm not found, waiting...
demo.pcm not found, waiting...
demo.pcm not found, waiting...
demo.pcm not found, waiting...
demo.pcm not found, waiting...
demo.pcm not found, waiting...
demo.pcm not found, waiting...
demo.pcm not found, waiting...
demo.pcm not found, waiting...
demo.pcm not found, waiting...
demo.pcm not found, waiting...
demo.pcm not found, waiting...
demo.pcm not found, waiting...
demo.pcm not found, waiting...
demo.pcm not found, waiting...
demo.pcm not found, waiting...
demo.pcm not found, waiting...
demo.pcm not found, waiting...
demo.pcm not found, waiting...
demo.pcm not found, waiting...
demo.pcm not found, waiting...
demo.pcm not found, waiting...
demo.pcm not found, waiting...
demo.pcm not found, waiting...
demo.pcm not found, waiting...
demo.pcm not found, waiting...
demo.pcm not found, waiting...
demo.pcm not found, waiting...
demo.pcm not found, waiting...
demo.pcm not found, waiting...
demo.pcm not found, waiting...
demo.pcm not found, waiting...
demo.pcm not found, waiting...
demo.pcm not found, waiting...
demo.pcm not found, waiting...
demo.pcm not found, waiting...
demo.pcm not found, waiting...
demo.pcm not found, waiting...
demo.pcm not found, waiting...
demo.pcm not found, waiting...
demo.pcm not found, waiting...
demo.pcm not found, waiting...
demo.pcm not found, waiting...
demo.pcm not found, waiting...
demo.pcm not found, waiting...
demo.pcm not found, waiting...
demo.pcm not found, waiting...
demo.pcm not found, waiting...
demo.pcm not found, waiting...
demo.pcm not found, waiting...
demo.pcm not found, waiting...
demo.pcm not found, waiting...
demo.pcm not found, waiting...
demo.pcm not found, waiting...
demo.pcm not found, waiting...
demo.pcm not found, waiting...
demo.pcm not found, waiting...
demo.pcm not found, waiting...
demo.pcm not found, waiting...
demo.pcm not found, waiting...
demo.pcm not found, waiting...
demo.pcm not found, waiting...
demo.pcm not found, waiting...
demo.pcm not found, waiting...
demo.pcm not found, waiting...
demo.pcm not found, waiting...
demo.pcm not found, waiting...
demo.pcm not found, waiting...
demo.pcm not found, waiting...
demo.pcm not found, waiting...
demo.pcm not found, waiting...
demo.pcm not found, waiting...
demo.pcm not found, waiting...
demo.pcm not found, waiting...
demo.pcm not found, waiting...
demo.pcm not found, waiting...
demo.pcm not found, waiting...
demo.pcm not found, waiting...
demo.pcm not found, waiting...
demo.pcm not found, waiting...
demo.pcm not found, waiting...
demo.pcm not found, waiting...
demo.pcm not found, waiting...
demo.pcm not found, waiting...
demo.pcm not found, waiting...
demo.pcm not found, waiting...
demo.pcm not found, waiting...
demo.pcm not found, waiting...
demo.pcm not found, waiting...
demo.pcm not found, waiting...
demo.pcm not found, waiting...
demo.pcm not found, waiting...
demo.pcm not found, waiting...
demo.pcm not found, waiting...
demo.pcm not found, waiting...
demo.pcm not found, waiting...
demo.pcm not found, waiting...
demo.pcm not found, waiting...
demo.pcm not found, waiting...
demo.pcm not found, waiting...
demo.pcm not found, waiting...
demo.pcm not found, waiting...
demo.pcm not found, waiting...
demo.pcm not found, waiting...
demo.pcm not found, waiting...
demo.pcm not found, waiting...
demo.pcm not found, waiting...
demo.pcm not found, waiting...
demo.pcm not found, waiting...
demo.pcm not found, waiting...
demo.pcm not found, waiting...
demo.pcm not found, waiting...
demo.pcm not found, waiting...
demo.pcm not found, waiting...
demo.pcm not found, waiting...
demo.pcm not found, waiting...
demo.pcm not found, waiting...
demo.pcm not found, waiting...
demo.pcm not found, waiting...
demo.pcm not found, waiting...
demo.pcm not found, waiting...
demo.pcm not found, waiting...
demo.pcm not found, waiting...
demo.pcm not found, waiting...
demo.pcm not found, waiting...
demo.pcm not found, waiting...
demo.pcm not found, waiting...
demo.pcm not found, waiting...
demo.pcm not found, waiting...
demo.pcm not found, waiting...
demo.pcm not found, waiting...
demo.pcm not found, waiting...
demo.pcm not found, waiting...
demo.pcm not found, waiting...
demo.pcm not found, waiting...
demo.pcm not found, waiting...
demo.pcm not found, waiting...
demo.pcm not found, waiting...
demo.pcm not found, waiting...
demo.pcm not found, waiting...
demo.pcm not found, waiting...
demo.pcm not found, waiting...
demo.pcm not found, waiting...
demo.pcm not found, waiting...
demo.pcm not found, waiting...
demo.pcm not found, waiting...
demo.pcm not found, waiting...
demo.pcm not found, waiting...
demo.pcm not found, waiting...
demo.pcm not found, waiting...
demo.pcm not found, waiting...
demo.pcm not found, waiting...
demo.pcm not found, waiting...
demo.pcm not found, waiting...
demo.pcm not found, waiting...
demo.pcm not found, waiting...
demo.pcm not found, waiting...
demo.pcm not found, waiting...
demo.pcm not found, waiting...
demo.pcm not found, waiting...
demo.pcm not found, waiting...
demo.pcm not found, waiting...
demo.pcm not found, waiting...
demo.pcm not found, waiting...
demo.pcm not found, waiting...
demo.pcm not found, waiting...
demo.pcm not found, waiting...
demo.pcm not found, waiting...
demo.pcm not found, waiting...
demo.pcm not found, waiting...
demo.pcm not found, waiting...
demo.pcm not found, waiting...
demo.pcm not found, waiting...
demo.pcm not found, waiting...
demo.pcm not found, waiting...
demo.pcm not found, waiting...
demo.pcm not found, waiting...
demo.pcm not found, waiting...
demo.pcm not found, waiting...
demo.pcm not found, waiting...
demo.pcm not found, waiting...
demo.pcm not found, waiting...
demo.pcm not found, waiting...
demo.pcm not found, waiting...
demo.pcm not found, waiting...
demo.pcm not found, waiting...
demo.pcm not found, waiting...
demo.pcm not found, waiting...
demo.pcm not found, waiting...
demo.pcm not found, waiting...
demo.pcm not found, waiting...
demo.pcm not found, waiting...
demo.pcm not found, waiting...
demo.pcm not found, waiting...
demo.pcm not found, waiting...
demo.pcm not found, waiting...
demo.pcm not found, waiting...
demo.pcm not found, waiting...
demo.pcm not found, waiting...
demo.pcm not found, waiting...
demo.pcm not found, waiting...
demo.pcm not found, waiting...
demo.pcm not found, waiting...
demo.pcm not found, waiting...
demo.pcm not found, waiting...
demo.pcm not found, waiting...
demo.pcm not found, waiting...
demo.pcm not found, waiting...
demo.pcm not found, waiting...
demo.pcm not found, waiting...
demo.pcm not found, waiting...
demo.pcm not found, waiting...
demo.pcm not found, waiting...
demo.pcm not found, waiting...
demo.pcm not found, waiting...
demo.pcm not found, waiting...
demo.pcm not found, waiting...
demo.pcm not found, waiting...
demo.pcm not found, waiting...
demo.pcm not found, waiting...
demo.pcm not found, waiting...
demo.pcm not found, waiting...
demo.pcm not found, waiting...
demo.pcm not found, waiting...
demo.pcm not found, waiting...
demo.pcm not found, waiting...
demo.pcm not found, waiting...
demo.pcm not found, waiting...
demo.pcm not found, waiting...
demo.pcm not found, waiting...
demo.pcm not found, waiting...
demo.pcm not found, waiting...
demo.pcm not found, waiting...
demo.pcm not found, waiting...
demo.pcm not found, waiting...
demo.pcm not found, waiting...
demo.pcm not found, waiting...
demo.pcm not found, waiting...
demo.pcm not found, waiting...
demo.pcm not found, waiting...
demo.pcm not found, waiting...
demo.pcm not found, waiting...
demo.pcm not found, waiting...
demo.pcm not found, waiting...
demo.pcm not found, waiting...
demo.pcm not found, waiting...
demo.pcm not found, waiting...
demo.pcm not found, waiting...
demo.pcm not found, waiting...
demo.pcm not found, waiting...
demo.pcm not found, waiting...
demo.pcm not found, waiting...
demo.pcm not found, waiting...
demo.pcm not found, waiting...
demo.pcm not found, waiting...
demo.pcm not found, waiting...
demo.pcm not found, waiting...
demo.pcm not found, waiting...
demo.pcm not found, waiting...
demo.pcm not found, waiting...
demo.pcm not found, waiting...
demo.pcm not found, waiting...
demo.pcm not found, waiting...
demo.pcm not found, waiting...
demo.pcm not found, waiting...
demo.pcm not found, waiting...
demo.pcm not found, waiting...
demo.pcm not found, waiting...
demo.pcm not found, waiting...
demo.pcm not found, waiting...
demo.pcm not found, waiting...
demo.pcm not found, waiting...
demo.pcm not found, waiting...
demo.pcm not found, waiting...
demo.pcm not found, waiting...
demo.pcm not found, waiting...
demo.pcm not found, waiting...
demo.pcm not found, waiting...
demo.pcm not found, waiting...
demo.pcm not found, waiting...
demo.pcm not found, waiting...
demo.pcm not found, waiting...
demo.pcm not found, waiting...
demo.pcm not found, waiting...
demo.pcm not found, waiting...
demo.pcm not found, waiting...
demo.pcm not found, waiting...
demo.pcm not found, waiting...
demo.pcm not found, waiting...
demo.pcm not found, waiting...
demo.pcm not found, waiting...
demo.pcm not found, waiting...
demo.pcm not found, waiting...
demo.pcm not found, waiting...
demo.pcm not found, waiting...
demo.pcm not found, waiting...
demo.pcm not found, waiting...
demo.pcm not found, waiting...
demo.pcm not found, waiting...
demo.pcm not found, waiting...
demo.pcm not found, waiting...
demo.pcm not found, waiting...
demo.pcm not found, waiting...
demo.pcm not found, waiting...
demo.pcm not found, waiting...
demo.pcm not found, waiting...
demo.pcm not found, waiting...
demo.pcm not found, waiting...
demo.pcm not found, waiting...
demo.pcm not found, waiting...
demo.pcm not found, waiting...
demo.pcm not found, waiting...
demo.pcm not found, waiting...
demo.pcm not found, waiting...
demo.pcm not found, waiting...
demo.pcm not found, waiting...
demo.pcm not found, waiting...
demo.pcm not found, waiting...
demo.pcm not found, waiting...
demo.pcm not found, waiting...
demo.pcm not found, waiting...
demo.pcm not found, waiting...
demo.pcm not found, waiting...
demo.pcm not found, waiting...
demo.pcm not found, waiting...
demo.pcm not found, waiting...
demo.pcm not found, waiting...
demo.pcm not found, waiting...
demo.pcm not found, waiting...
demo.pcm not found, waiting...
demo.pcm not found, waiting...
demo.pcm not found, waiting...
demo.pcm not found, waiting...
demo.pcm not found, waiting...
demo.pcm not found, waiting...
demo.pcm not found, waiting...
demo.pcm not found, waiting...
demo.pcm not found, waiting...
demo.pcm not found, waiting...
demo.pcm not found, waiting...
demo.pcm not found, waiting...
demo.pcm not found, waiting...
demo.pcm not found, waiting...
demo.pcm not found, waiting...
demo.pcm not found, waiting...
demo.pcm not found, waiting...
demo.pcm not found, waiting...
demo.pcm not found, waiting...
demo.pcm not found, waiting...
demo.pcm not found, waiting...
demo.pcm not found, waiting...
demo.pcm not found, waiting...
demo.pcm not found, waiting...
demo.pcm not found, waiting...
demo.pcm not found, waiting...
demo.pcm not found, waiting...
demo.pcm not found, waiting...
demo.pcm not found, waiting...
demo.pcm not found, waiting...
demo.pcm not found, waiting...
demo.pcm not found, waiting...
demo.pcm not found, waiting...
demo.pcm not found, waiting...
demo.pcm not found, waiting...
demo.pcm not found, waiting...
demo.pcm not found, waiting...
demo.pcm not found, waiting...
demo.pcm not found, waiting...
demo.pcm not found, waiting...
demo.pcm not found, waiting...
demo.pcm not found, waiting...
demo.pcm not found, waiting...
demo.pcm not found, waiting...
demo.pcm not found, waiting...
demo.pcm not found, waiting...
demo.pcm not found, waiting...
demo.pcm not found, waiting...
demo.pcm not found, waiting...
demo.pcm not found, waiting...
demo.pcm not found, waiting...
demo.pcm not found, waiting...
demo.pcm not found, waiting...
demo.pcm not found, waiting...
demo.pcm not found, waiting...
demo.pcm not found, waiting...
demo.pcm not found, waiting...
demo.pcm not found, waiting...
demo.pcm not found, waiting...
demo.pcm not found, waiting...
demo.pcm not found, waiting...
demo.pcm not found, waiting...
demo.pcm not found, waiting...
demo.pcm not found, waiting...
demo.pcm not found, waiting...
demo.pcm not found, waiting...
demo.pcm not found, waiting...
demo.pcm not found, waiting...
demo.pcm not found, waiting...
demo.pcm not found, waiting...
demo.pcm not found, waiting...
demo.pcm not found, waiting...
demo.pcm not found, waiting...
demo.pcm not found, waiting...
demo.pcm not found, waiting...
demo.pcm not found, waiting...
demo.pcm not found, waiting...
demo.pcm not found, waiting...
demo.pcm not found, waiting...
demo.pcm not found, waiting...
demo.pcm not found, waiting...
demo.pcm not found, waiting...
demo.pcm not found, waiting...
demo.pcm not found, waiting...
demo.pcm not found, waiting...
demo.pcm not found, waiting...
demo.pcm not found, waiting...
demo.pcm not found, waiting...
demo.pcm not found, waiting...
demo.pcm not found, waiting...
demo.pcm not found, waiting...
demo.pcm not found, waiting...
demo.pcm not found, waiting...
demo.pcm not found, waiting...
demo.pcm not found, waiting...
demo.pcm not found, waiting...
demo.pcm not found, waiting...
demo.pcm not found, waiting...
demo.pcm not found, waiting...
demo.pcm not found, waiting...
demo.pcm not found, waiting...
demo.pcm not found, waiting...
demo.pcm not found, waiting...
demo.pcm not found, waiting...
demo.pcm not found, waiting...
demo.pcm not found, waiting...
demo.pcm not found, waiting...
demo.pcm not found, waiting...
demo.pcm not found, waiting...
demo.pcm not found, waiting...
demo.pcm not found, waiting...
demo.pcm not found, waiting...
demo.pcm not found, waiting...
demo.pcm not found, waiting...
demo.pcm not found, waiting...
demo.pcm not found, waiting...
demo.pcm not found, waiting...
demo.pcm not found, waiting...
demo.pcm not found, waiting...
demo.pcm not found, waiting...
demo.pcm not found, waiting...
demo.pcm not found, waiting...
demo.pcm not found, waiting...
demo.pcm not found, waiting...
demo.pcm not found, waiting...
demo.pcm not found, waiting...
demo.pcm not found, waiting...
demo.pcm not found, waiting...
demo.pcm not found, waiting...
demo.pcm not found, waiting...
demo.pcm not found, waiting...
demo.pcm not found, waiting...
demo.pcm not found, waiting...
demo.pcm not found, waiting...
demo.pcm not found, waiting...
demo.pcm not found, waiting...
demo.pcm not found, waiting...
demo.pcm not found, waiting...
demo.pcm not found, waiting...
demo.pcm not found, waiting...
demo.pcm not found, waiting...
demo.pcm not found, waiting...
demo.pcm not found, waiting...
demo.pcm not found, waiting...
demo.pcm not found, waiting...
demo.pcm not found, waiting...
demo.pcm not found, waiting...
demo.pcm not found, waiting...
demo.pcm not found, waiting...
demo.pcm not found, waiting...
demo.pcm not found, waiting...
demo.pcm not found, waiting...
demo.pcm not found, waiting...
demo.pcm not found, waiting...
demo.pcm not found, waiting...
demo.pcm not found, waiting...
demo.pcm not found, waiting...
demo.pcm not found, waiting...
demo.pcm not found, waiting...
demo.pcm not found, waiting...
demo.pcm not found, waiting...
demo.pcm not found, waiting...
demo.pcm not found, waiting...
demo.pcm not found, waiting...
demo.pcm not found, waiting...
demo.pcm not found, waiting...
demo.pcm not found, waiting...
demo.pcm not found, waiting...
demo.pcm not found, waiting...
demo.pcm not found, waiting...
demo.pcm not found, waiting...
demo.pcm not found, waiting...
demo.pcm not found, waiting...
demo.pcm not found, waiting...
demo.pcm not found, waiting...
demo.pcm not found, waiting...
demo.pcm not found, waiting...
demo.pcm not found, waiting...
demo.pcm not found, waiting...
demo.pcm not found, waiting...
demo.pcm not found, waiting...
demo.pcm not found, waiting...
demo.pcm not found, waiting...
demo.pcm not found, waiting...
demo.pcm not found, waiting...
demo.pcm not found, waiting...
demo.pcm not found, waiting...
demo.pcm not found, waiting...
demo.pcm not found, waiting...
demo.pcm not found, waiting...
demo.pcm not found, waiting...
demo.pcm not found, waiting...
demo.pcm not found, waiting...
demo.pcm not found, waiting...
demo.pcm not found, waiting...
demo.pcm not found, waiting...
demo.pcm not found, waiting...
demo.pcm not found, waiting...
demo.pcm not found, waiting...
demo.pcm not found, waiting...
demo.pcm not found, waiting...
demo.pcm not found, waiting...
demo.pcm not found, waiting...
demo.pcm not found, waiting...
demo.pcm not found, waiting...
demo.pcm not found, waiting...
demo.pcm not found, waiting...
demo.pcm not found, waiting...
demo.pcm not found, waiting...
demo.pcm not found, waiting...
demo.pcm not found, waiting...
demo.pcm not found, waiting...
demo.pcm not found, waiting...
demo.pcm not found, waiting...
demo.pcm not found, waiting...
demo.pcm not found, waiting...
demo.pcm not found, waiting...
demo.pcm not found, waiting...
demo.pcm not found, waiting...
demo.pcm not found, waiting...
demo.pcm not found, waiting...
demo.pcm not found, waiting...
demo.pcm not found, waiting...
demo.pcm not found, waiting...
demo.pcm not found, waiting...
demo.pcm not found, waiting...
demo.pcm not found, waiting...
demo.pcm not found, waiting...
demo.pcm not found, waiting...
demo.pcm not found, waiting...
demo.pcm not found, waiting...
demo.pcm not found, waiting...
demo.pcm not found, waiting...
demo.pcm not found, waiting...
demo.pcm not found, waiting...
demo.pcm not found, waiting...
demo.pcm not found, waiting...
demo.pcm not found, waiting...
demo.pcm not found, waiting...
demo.pcm not found, waiting...
demo.pcm not found, waiting...
demo.pcm not found, waiting...
demo.pcm not found, waiting...
demo.pcm not found, waiting...
demo.pcm not found, waiting...
demo.pcm not found, waiting...
demo.pcm not found, waiting...
demo.pcm not found, waiting...
demo.pcm not found, waiting...
demo.pcm not found, waiting...
demo.pcm not found, waiting...
demo.pcm not found, waiting...
demo.pcm not found, waiting...
demo.pcm not found, waiting...
demo.pcm not found, waiting...
demo.pcm not found, waiting...
demo.pcm not found, waiting...
demo.pcm not found, waiting...
demo.pcm not found, waiting...
demo.pcm not found, waiting...
demo.pcm not found, waiting...
demo.pcm not found, waiting...
demo.pcm not found, waiting...
demo.pcm not found, waiting...
demo.pcm not found, waiting...
demo.pcm not found, waiting...
demo.pcm not found, waiting...
demo.pcm not found, waiting...
demo.pcm not found, waiting...
demo.pcm not found, waiting...
demo.pcm not found, waiting...
demo.pcm not found, waiting...
demo.pcm not found, waiting...
demo.pcm not found, waiting...
demo.pcm not found, waiting...
demo.pcm not found, waiting...
demo.pcm not found, waiting...
demo.pcm not found, waiting...
demo.pcm not found, waiting...
demo.pcm not found, waiting...
demo.pcm not found, waiting...
demo.pcm not found, waiting...
demo.pcm not found, waiting...
demo.pcm not found, waiting...
demo.pcm not found, waiting...
demo.pcm not found, waiting...
demo.pcm not found, waiting...
demo.pcm not found, waiting...
demo.pcm not found, waiting...
demo.pcm not found, waiting...
demo.pcm not found, waiting...
demo.pcm not found, waiting...
demo.pcm not found, waiting...
demo.pcm not found, waiting...
demo.pcm not found, waiting...
demo.pcm not found, waiting...
demo.pcm not found, waiting...
demo.pcm not found, waiting...
demo.pcm not found, waiting...
demo.pcm not found, waiting...
demo.pcm not found, waiting...
demo.pcm not found, waiting...
demo.pcm not found, waiting...
demo.pcm not found, waiting...
demo.pcm not found, waiting...
demo.pcm not found, waiting...
demo.pcm not found, waiting...
demo.pcm not found, waiting...
demo.pcm not found, waiting...
demo.pcm not found, waiting...
demo.pcm not found, waiting...
demo.pcm not found, waiting...
demo.pcm not found, waiting...
demo.pcm not found, waiting...
demo.pcm not found, waiting...
demo.pcm not found, waiting...
demo.pcm not found, waiting...
demo.pcm not found, waiting...
demo.pcm not found, waiting...
demo.pcm not found, waiting...
demo.pcm not found, waiting...
demo.pcm not found, waiting...
demo.pcm not found, waiting...
demo.pcm not found, waiting...
demo.pcm not found, waiting...
demo.pcm not found, waiting...
demo.pcm not found, waiting...
demo.pcm not found, waiting...
demo.pcm not found, waiting...
demo.pcm not found, waiting...
demo.pcm not found, waiting...
demo.pcm not found, waiting...
demo.pcm not found, waiting...
demo.pcm not found, waiting...
demo.pcm not found, waiting...
demo.pcm not found, waiting...
demo.pcm not found, waiting...
demo.pcm not found, waiting...
demo.pcm not found, waiting...
demo.pcm not found, waiting...
demo.pcm not found, waiting...
demo.pcm not found, waiting...
demo.pcm not found, waiting...
demo.pcm not found, waiting...
demo.pcm not found, waiting...
demo.pcm not found, waiting...
demo.pcm not found, waiting...
demo.pcm not found, waiting...
demo.pcm not found, waiting...
demo.pcm not found, waiting...
demo.pcm not found, waiting...
demo.pcm not found, waiting...
demo.pcm not found, waiting...
demo.pcm not found, waiting...
demo.pcm not found, waiting...
demo.pcm not found, waiting...
demo.pcm not found, waiting...
demo.pcm not found, waiting...
demo.pcm not found, waiting...
demo.pcm not found, waiting...
demo.pcm not found, waiting...
demo.pcm not found, waiting...
demo.pcm not found, waiting...
demo.pcm not found, waiting...
demo.pcm not found, waiting...
demo.pcm not found, waiting...
demo.pcm not found, waiting...
demo.pcm not found, waiting...
demo.pcm not found, waiting...
demo.pcm not found, waiting...
demo.pcm not found, waiting...
demo.pcm not found, waiting...
demo.pcm not found, waiting...
demo.pcm not found, waiting...
demo.pcm not found, waiting...
demo.pcm not found, waiting...
demo.pcm not found, waiting...
demo.pcm not found, waiting...
demo.pcm not found, waiting...
demo.pcm not found, waiting...
demo.pcm not found, waiting...
demo.pcm not found, waiting...
demo.pcm not found, waiting...
demo.pcm not found, waiting...
demo.pcm not found, waiting...
demo.pcm not found, waiting...
demo.pcm not found, waiting...
demo.pcm not found, waiting...
demo.pcm not found, waiting...
demo.pcm not found, waiting...
demo.pcm not found, waiting...
demo.pcm not found, waiting...
demo.pcm not found, waiting...
demo.pcm not found, waiting...
demo.pcm not found, waiting...
demo.pcm not found, waiting...
demo.pcm not found, waiting...
demo.pcm not found, waiting...
demo.pcm not found, waiting...
demo.pcm not found, waiting...
demo.pcm not found, waiting...
demo.pcm not found, waiting...
demo.pcm not found, waiting...
demo.pcm not found, waiting...
demo.pcm not found, waiting...
demo.pcm not found, waiting...
demo.pcm not found, waiting...
demo.pcm not found, waiting...
demo.pcm not found, waiting...
demo.pcm not found, waiting...
demo.pcm not found, waiting...
demo.pcm not found, waiting...
demo.pcm not found, waiting...
demo.pcm not found, waiting...
demo.pcm not found, waiting...
demo.pcm not found, waiting...
demo.pcm not found, waiting...
demo.pcm not found, waiting...
demo.pcm not found, waiting...
demo.pcm not found, waiting...
demo.pcm not found, waiting...
demo.pcm not found, waiting...
demo.pcm not found, waiting...
demo.pcm not found, waiting...
demo.pcm not found, waiting...
demo.pcm not found, waiting...
demo.pcm not found, waiting...
demo.pcm not found, waiting...
demo.pcm not found, waiting...
demo.pcm not found, waiting...
demo.pcm not found, waiting...
demo.pcm not found, waiting...
demo.pcm not found, waiting...
demo.pcm not found, waiting...
demo.pcm not found, waiting...
demo.pcm not found, waiting...
demo.pcm not found, waiting...
demo.pcm not found, waiting...
demo.pcm not found, waiting...
demo.pcm not found, waiting...
demo.pcm not found, waiting...
demo.pcm not found, waiting...
demo.pcm not found, waiting...
demo.pcm not found, waiting...
demo.pcm not found, waiting...
demo.pcm not found, waiting...
demo.pcm not found, waiting...
demo.pcm not found, waiting...
demo.pcm not found, waiting...
demo.pcm not found, waiting...
demo.pcm not found, waiting...
demo.pcm not found, waiting...
demo.pcm not found, waiting...
demo.pcm not found, waiting...
demo.pcm not found, waiting...
demo.pcm not found, waiting...
demo.pcm not found, waiting...
demo.pcm not found, waiting...
demo.pcm not found, waiting...
demo.pcm not found, waiting...
demo.pcm not found, waiting...
demo.pcm not found, waiting...
demo.pcm not found, waiting...
demo.pcm not found, waiting...
demo.pcm not found, waiting...
demo.pcm not found, waiting...
demo.pcm not found, waiting...
demo.pcm not found, waiting...
demo.pcm not found, waiting...
demo.pcm not found, waiting...
demo.pcm not found, waiting...
demo.pcm not found, waiting...
demo.pcm not found, waiting...
demo.pcm not found, waiting...
demo.pcm not found, waiting...
demo.pcm not found, waiting...
demo.pcm not found, waiting...
demo.pcm not found, waiting...
demo.pcm not found, waiting...
demo.pcm not found, waiting...
demo.pcm not found, waiting...
demo.pcm not found, waiting...
demo.pcm not found, waiting...
demo.pcm not found, waiting...
demo.pcm not found, waiting...
demo.pcm not found, waiting...
demo.pcm not found, waiting...
demo.pcm not found, waiting...
demo.pcm not found, waiting...
demo.pcm not found, waiting...
demo.pcm not found, waiting...
demo.pcm not found, waiting...
demo.pcm not found, waiting...
demo.pcm not found, waiting...
demo.pcm not found, waiting...
demo.pcm not found, waiting...
demo.pcm not found, waiting...
demo.pcm not found, waiting...
demo.pcm not found, waiting...
demo.pcm not found, waiting...
demo.pcm not found, waiting...
demo.pcm not found, waiting...
demo.pcm not found, waiting...
demo.pcm not found, waiting...
demo.pcm not found, waiting...
demo.pcm not found, waiting...
demo.pcm not found, waiting...
demo.pcm not found, waiting...
demo.pcm not found, waiting...
demo.pcm not found, waiting...
demo.pcm not found, waiting...
demo.pcm not found, waiting...
demo.pcm not found, waiting...
demo.pcm not found, waiting...
demo.pcm not found, waiting...
demo.pcm not found, waiting...
demo.pcm not found, waiting...
demo.pcm not found, waiting...
demo.pcm not found, waiting...
demo.pcm not found, waiting...
demo.pcm not found, waiting...
demo.pcm not found, waiting...
demo.pcm not found, waiting...
demo.pcm not found, waiting...
demo.pcm not found, waiting...
demo.pcm not found, waiting...
demo.pcm not found, waiting...
demo.pcm not found, waiting...
demo.pcm not found, waiting...
demo.pcm not found, waiting...
demo.pcm not found, waiting...
demo.pcm not found, waiting...
demo.pcm not found, waiting...
demo.pcm not found, waiting...
demo.pcm not found, waiting...
demo.pcm not found, waiting...
demo.pcm not found, waiting...
demo.pcm not found, waiting...
demo.pcm not found, waiting...
demo.pcm not found, waiting...
demo.pcm not found, waiting...
demo.pcm not found, waiting...
demo.pcm not found, waiting...
demo.pcm not found, waiting...
demo.pcm not found, waiting...
demo.pcm not found, waiting...
demo.pcm not found, waiting...
demo.pcm not found, waiting...
demo.pcm not found, waiting...
demo.pcm not found, waiting...
demo.pcm not found, waiting...
demo.pcm not found, waiting...
demo.pcm not found, waiting...
demo.pcm not found, waiting...
demo.pcm not found, waiting...
demo.pcm not found, waiting...
demo.pcm not found, waiting...
demo.pcm not found, waiting...
demo.pcm not found, waiting...
demo.pcm not found, waiting...
demo.pcm not found, waiting...
demo.pcm not found, waiting...
demo.pcm not found, waiting...
demo.pcm not found, waiting...
demo.pcm not found, waiting...
demo.pcm not found, waiting...
demo.pcm not found, waiting...
demo.pcm not found, waiting...
demo.pcm not found, waiting...
demo.pcm not found, waiting...
demo.pcm not found, waiting...
demo.pcm not found, waiting...
demo.pcm not found, waiting...
demo.pcm not found, waiting...
demo.pcm not found, waiting...
demo.pcm not found, waiting...
demo.pcm not found, waiting...
demo.pcm not found, waiting...
demo.pcm not found, waiting...
demo.pcm not found, waiting...
demo.pcm not found, waiting...
demo.pcm not found, waiting...
demo.pcm not found, waiting...
demo.pcm not found, waiting...
demo.pcm not found, waiting...
demo.pcm not found, waiting...
demo.pcm not found, waiting...
demo.pcm not found, waiting...
demo.pcm not found, waiting...
demo.pcm not found, waiting...
demo.pcm not found, waiting...
demo.pcm not found, waiting...
demo.pcm not found, waiting...
demo.pcm not found, waiting...
demo.pcm not found, waiting...
demo.pcm not found, waiting...
demo.pcm not found, waiting...
demo.pcm not found, waiting...
demo.pcm not found, waiting...
demo.pcm not found, waiting...
demo.pcm not found, waiting...
demo.pcm not found, waiting...
demo.pcm not found, waiting...
demo.pcm not found, waiting...
demo.pcm not found, waiting...
demo.pcm not found, waiting...
demo.pcm not found, waiting...
demo.pcm not found, waiting...
demo.pcm not found, waiting...
demo.pcm not found, waiting...
demo.pcm not found, waiting...
demo.pcm not found, waiting...
demo.pcm not found, waiting...
demo.pcm not found, waiting...
demo.pcm not found, waiting...
demo.pcm not found, waiting...
demo.pcm not found, waiting...
demo.pcm not found, waiting...
demo.pcm not found, waiting...
demo.pcm not found, waiting...
demo.pcm not found, waiting...
demo.pcm not found, waiting...
demo.pcm not found, waiting...
demo.pcm not found, waiting...
demo.pcm not found, waiting...
demo.pcm not found, waiting...
demo.pcm not found, waiting...
demo.pcm not found, waiting...
demo.pcm not found, waiting...
demo.pcm not found, waiting...
demo.pcm not found, waiting...
demo.pcm not found, waiting...
demo.pcm not found, waiting...
demo.pcm not found, waiting...
demo.pcm not found, waiting...
demo.pcm not found, waiting...
demo.pcm not found, waiting...
demo.pcm not found, waiting...
demo.pcm not found, waiting...
demo.pcm not found, waiting...
demo.pcm not found, waiting...
demo.pcm not found, waiting...
demo.pcm not found, waiting...
demo.pcm not found, waiting...
demo.pcm not found, waiting...
demo.pcm not found, waiting...
demo.pcm not found, waiting...
demo.pcm not found, waiting...
demo.pcm not found, waiting...
demo.pcm not found, waiting...
demo.pcm not found, waiting...
demo.pcm not found, waiting...
demo.pcm not found, waiting...
demo.pcm not found, waiting...
demo.pcm not found, waiting...
demo.pcm not found, waiting...
demo.pcm not found, waiting...
demo.pcm not found, waiting...
demo.pcm not found, waiting...
demo.pcm not found, waiting...
demo.pcm not found, waiting...
demo.pcm not found, waiting...
demo.pcm not found, waiting...
demo.pcm not found, waiting...
demo.pcm not found, waiting...
demo.pcm not found, waiting...
demo.pcm not found, waiting...
demo.pcm not found, waiting...
demo.pcm not found, waiting...
demo.pcm not found, waiting...
demo.pcm not found, waiting...
demo.pcm not found, waiting...
demo.pcm not found, waiting...
demo.pcm not found, waiting...
demo.pcm not found, waiting...
demo.pcm not found, waiting...
demo.pcm not found, waiting...
demo.pcm not found, waiting...
demo.pcm not found, waiting...
demo.pcm not found, waiting...
demo.pcm not found, waiting...
demo.pcm not found, waiting...
demo.pcm not found, waiting...
demo.pcm not found, waiting...
demo.pcm not found, waiting...
demo.pcm not found, waiting...
demo.pcm not found, waiting...
demo.pcm not found, waiting...
demo.pcm not found, waiting...
demo.pcm not found, waiting...
demo.pcm not found, waiting...
demo.pcm not found, waiting...
demo.pcm not found, waiting...
demo.pcm not found, waiting...
demo.pcm not found, waiting...
demo.pcm not found, waiting...
demo.pcm not found, waiting...
demo.pcm not found, waiting...
demo.pcm not found, waiting...
demo.pcm not found, waiting...
demo.pcm not found, waiting...
demo.pcm not found, waiting...
demo.pcm not found, waiting...
demo.pcm not found, waiting...
demo.pcm not found, waiting...
demo.pcm not found, waiting...
demo.pcm not found, waiting...
demo.pcm not found, waiting...
demo.pcm not found, waiting...
demo.pcm not found, waiting...
demo.pcm not found, waiting...
demo.pcm not found, waiting...
demo.pcm not found, waiting...
demo.pcm not found, waiting...
demo.pcm not found, waiting...
demo.pcm not found, waiting...
demo.pcm not found, waiting...
demo.pcm not found, waiting...
demo.pcm not found, waiting...
demo.pcm not found, waiting...
demo.pcm not found, waiting...
demo.pcm not found, waiting...
demo.pcm not found, waiting...
demo.pcm not found, waiting...
demo.pcm not found, waiting...
demo.pcm not found, waiting...
demo.pcm not found, waiting...
demo.pcm not found, waiting...
demo.pcm not found, waiting...
demo.pcm not found, waiting...
demo.pcm not found, waiting...
demo.pcm not found, waiting...
demo.pcm not found, waiting...
demo.pcm not found, waiting...
demo.pcm not found, waiting...
demo.pcm not found, waiting...
demo.pcm not found, waiting...
demo.pcm not found, waiting...
demo.pcm not found, waiting...
demo.pcm not found, waiting...
demo.pcm not found, waiting...
demo.pcm not found, waiting...
demo.pcm not found, waiting...
demo.pcm not found, waiting...
demo.pcm not found, waiting...
demo.pcm not found, waiting...
demo.pcm not found, waiting...
demo.pcm not found, waiting...
demo.pcm not found, waiting...
demo.pcm not found, waiting...
demo.pcm not found, waiting...
demo.pcm not found, waiting...
demo.pcm not found, waiting...
demo.pcm not found, waiting...
demo.pcm not found, waiting...
demo.pcm not found, waiting...
demo.pcm not found, waiting...
demo.pcm not found, waiting...
demo.pcm not found, waiting...
demo.pcm not found, waiting...
demo.pcm not found, waiting...
demo.pcm not found, waiting...
demo.pcm not found, waiting...
demo.pcm not found, waiting...
demo.pcm not found, waiting...
demo.pcm not found, waiting...
demo.pcm not found, waiting...
demo.pcm not found, waiting...
demo.pcm not found, waiting...
demo.pcm not found, waiting...
demo.pcm not found, waiting...
demo.pcm not found, waiting...
demo.pcm not found, waiting...
demo.pcm not found, waiting...
demo.pcm not found, waiting...
demo.pcm not found, waiting...
demo.pcm not found, waiting...
demo.pcm not found, waiting...
demo.pcm not found, waiting...
demo.pcm not found, waiting...
demo.pcm not found, waiting...
demo.pcm not found, waiting...
demo.pcm not found, waiting...
demo.pcm not found, waiting...
demo.pcm not found, waiting...
demo.pcm not found, waiting...
demo.pcm not found, waiting...
demo.pcm not found, waiting...
demo.pcm not found, waiting...
demo.pcm not found, waiting...
demo.pcm not found, waiting...
demo.pcm not found, waiting...
demo.pcm not found, waiting...
demo.pcm not found, waiting...
demo.pcm not found, waiting...
demo.pcm not found, waiting...
demo.pcm not found, waiting...
demo.pcm not found, waiting...
demo.pcm not found, waiting...
demo.pcm not found, waiting...
demo.pcm not found, waiting...
demo.pcm not found, waiting...
demo.pcm not found, waiting...
demo.pcm not found, waiting...
demo.pcm not found, waiting...
demo.pcm not found, waiting...
demo.pcm not found, waiting...
demo.pcm not found, waiting...
demo.pcm not found, waiting...
demo.pcm not found, waiting...
demo.pcm not found, waiting...
demo.pcm not found, waiting...
demo.pcm not found, waiting...
demo.pcm not found, waiting...
demo.pcm not found, waiting...
demo.pcm not found, waiting...
demo.pcm not found, waiting...
demo.pcm not found, waiting...
demo.pcm not found, waiting...
demo.pcm not found, waiting...
demo.pcm not found, waiting...
demo.pcm not found, waiting...
demo.pcm not found, waiting...
demo.pcm not found, waiting...
demo.pcm not found, waiting...
demo.pcm not found, waiting...
demo.pcm not found, waiting...
demo.pcm not found, waiting...
demo.pcm not found, waiting...
demo.pcm not found, waiting...
demo.pcm not found, waiting...
demo.pcm not found, waiting...
demo.pcm not found, waiting...
demo.pcm not found, waiting...
demo.pcm not found, waiting...
demo.pcm not found, waiting...
demo.pcm not found, waiting...
demo.pcm not found, waiting...
demo.pcm not found, waiting...
demo.pcm not found, waiting...
demo.pcm not found, waiting...
demo.pcm not found, waiting...
demo.pcm not found, waiting...
demo.pcm not found, waiting...
demo.pcm not found, waiting...
demo.pcm not found, waiting...
demo.pcm not found, waiting...
demo.pcm not found, waiting...
demo.pcm not found, waiting...
demo.pcm not found, waiting...
demo.pcm not found, waiting...
demo.pcm not found, waiting...
demo.pcm not found, waiting...
demo.pcm not found, waiting...
demo.pcm not found, waiting...
demo.pcm not found, waiting...
demo.pcm not found, waiting...
demo.pcm not found, waiting...
demo.pcm not found, waiting...
demo.pcm not found, waiting...
demo.pcm not found, waiting...
demo.pcm not found, waiting...
demo.pcm not found, waiting...
demo.pcm not found, waiting...
demo.pcm not found, waiting...
demo.pcm not found, waiting...
demo.pcm not found, waiting...
demo.pcm not found, waiting...
demo.pcm not found, waiting...
demo.pcm not found, waiting...
demo.pcm not found, waiting...
demo.pcm not found, waiting...
demo.pcm not found, waiting...
demo.pcm not found, waiting...
demo.pcm not found, waiting...
demo.pcm not found, waiting...
demo.pcm not found, waiting...
demo.pcm not found, waiting...
demo.pcm not found, waiting...
demo.pcm not found, waiting...
demo.pcm not found, waiting...
demo.pcm not found, waiting...
demo.pcm not found, waiting...
demo.pcm not found, waiting...
demo.pcm not found, waiting...
demo.pcm not found, waiting...
demo.pcm not found, waiting...
demo.pcm not found, waiting...
demo.pcm not found, waiting...
demo.pcm not found, waiting...
demo.pcm not found, waiting...
demo.pcm not found, waiting...
demo.pcm not found, waiting...
demo.pcm not found, waiting...
demo.pcm not found, waiting...
demo.pcm not found, waiting...
demo.pcm not found, waiting...
demo.pcm not found, waiting...
demo.pcm not found, waiting...
demo.pcm not found, waiting...
demo.pcm not found, waiting...
demo.pcm not found, waiting...
demo.pcm not found, waiting...
demo.pcm not found, waiting...
demo.pcm not found, waiting...
demo.pcm not found, waiting...
demo.pcm not found, waiting...
demo.pcm not found, waiting...
demo.pcm not found, waiting...
demo.pcm not found, waiting...
demo.pcm not found, waiting...
demo.pcm not found, waiting...
demo.pcm not found, waiting...
demo.pcm not found, waiting...
demo.pcm not found, waiting...
demo.pcm not found, waiting...
demo.pcm not found, waiting...
demo.pcm not found, waiting...
demo.pcm not found, waiting...
demo.pcm not found, waiting...
demo.pcm not found, waiting...
demo.pcm not found, waiting...
demo.pcm not found, waiting...
demo.pcm not found, waiting...
demo.pcm not found, waiting...
demo.pcm not found, waiting...
demo.pcm not found, waiting...
demo.pcm not found, waiting...
demo.pcm not found, waiting...
demo.pcm not found, waiting...
demo.pcm not found, waiting...
demo.pcm not found, waiting...
demo.pcm not found, waiting...
demo.pcm not found, waiting...
demo.pcm not found, waiting...
demo.pcm not found, waiting...
demo.pcm not found, waiting...
demo.pcm not found, waiting...
demo.pcm not found, waiting...
demo.pcm not found, waiting...
demo.pcm not found, waiting...
demo.pcm not found, waiting...
demo.pcm not found, waiting...
demo.pcm not found, waiting...
demo.pcm not found, waiting...
demo.pcm not found, waiting...
demo.pcm not found, waiting...
demo.pcm not found, waiting...
demo.pcm not found, waiting...
demo.pcm not found, waiting...
demo.pcm not found, waiting...
demo.pcm not found, waiting...
demo.pcm not found, waiting...
demo.pcm not found, waiting...
demo.pcm not found, waiting...
demo.pcm not found, waiting...
demo.pcm not found, waiting...
demo.pcm not found, waiting...
demo.pcm not found, waiting...
demo.pcm not found, waiting...
demo.pcm not found, waiting...
demo.pcm not found, waiting...
demo.pcm not found, waiting...
demo.pcm not found, waiting...
demo.pcm not found, waiting...
demo.pcm not found, waiting...
demo.pcm not found, waiting...
demo.pcm not found, waiting...
demo.pcm not found, waiting...
demo.pcm not found, waiting...
demo.pcm not found, waiting...
demo.pcm not found, waiting...
demo.pcm not found, waiting...
demo.pcm not found, waiting...
demo.pcm not found, waiting...
demo.pcm not found, waiting...
demo.pcm not found, waiting...
demo.pcm not found, waiting...
demo.pcm not found, waiting...
demo.pcm not found, waiting...
demo.pcm not found, waiting...
demo.pcm not found, waiting...
demo.pcm not found, waiting...
demo.pcm not found, waiting...
demo.pcm not found, waiting...
demo.pcm not found, waiting...
demo.pcm not found, waiting...
demo.pcm not found, waiting...
demo.pcm not found, waiting...
demo.pcm not found, waiting...
demo.pcm not found, waiting...
demo.pcm not found, waiting...
demo.pcm not found, waiting...
demo.pcm not found, waiting...
demo.pcm not found, waiting...
demo.pcm not found, waiting...
demo.pcm not found, waiting...
demo.pcm not found, waiting...
demo.pcm not found, waiting...
demo.pcm not found, waiting...
demo.pcm not found, waiting...
demo.pcm not found, waiting...
demo.pcm not found, waiting...
demo.pcm not found, waiting...
demo.pcm not found, waiting...
demo.pcm not found, waiting...
demo.pcm not found, waiting...
demo.pcm not found, waiting...
demo.pcm not found, waiting...
demo.pcm not found, waiting...
demo.pcm not found, waiting...
demo.pcm not found, waiting...
demo.pcm not found, waiting...
demo.pcm not found, waiting...
demo.pcm not found, waiting...
demo.pcm not found, waiting...
demo.pcm not found, waiting...
demo.pcm not found, waiting...
demo.pcm not found, waiting...
demo.pcm not found, waiting...
demo.pcm not found, waiting...
demo.pcm not found, waiting...
demo.pcm not found, waiting...
demo.pcm not found, waiting...
demo.pcm not found, waiting...
demo.pcm not found, waiting...
demo.pcm not found, waiting...
demo.pcm not found, waiting...
demo.pcm not found, waiting...
demo.pcm not found, waiting...
demo.pcm not found, waiting...
demo.pcm not found, waiting...
demo.pcm not found, waiting...
demo.pcm not found, waiting...
demo.pcm not found, waiting...
demo.pcm not found, waiting...
demo.pcm not found, waiting...
demo.pcm not found, waiting...
demo.pcm not found, waiting...
demo.pcm not found, waiting...
demo.pcm not found, waiting...
demo.pcm not found, waiting...
demo.pcm not found, waiting...
demo.pcm not found, waiting...
demo.pcm not found, waiting...
demo.pcm not found, waiting...
demo.pcm not found, waiting...
demo.pcm not found, waiting...
demo.pcm not found, waiting...
demo.pcm not found, waiting...
demo.pcm not found, waiting...
demo.pcm not found, waiting...
demo.pcm not found, waiting...
demo.pcm not found, waiting...
demo.pcm not found, waiting...
demo.pcm not found, waiting...
demo.pcm not found, waiting...
demo.pcm not found, waiting...
demo.pcm not found, waiting...
demo.pcm not found, waiting...
demo.pcm not found, waiting...
demo.pcm not found, waiting...
demo.pcm not found, waiting...
demo.pcm not found, waiting...
demo.pcm not found, waiting...
demo.pcm not found, waiting...
demo.pcm not found, waiting...
demo.pcm not found, waiting...
demo.pcm not found, waiting...
demo.pcm not found, waiting...
demo.pcm not found, waiting...
demo.pcm not found, waiting...
demo.pcm not found, waiting...
demo.pcm not found, waiting...
demo.pcm not found, waiting...
demo.pcm not found, waiting...
demo.pcm not found, waiting...
demo.pcm not found, waiting...
demo.pcm not found, waiting...
demo.pcm not found, waiting...
demo.pcm not found, waiting...
demo.pcm not found, waiting...
demo.pcm not found, waiting...
demo.pcm not found, waiting...
demo.pcm not found, waiting...
demo.pcm not found, waiting...
demo.pcm not found, waiting...
demo.pcm not found, waiting...
demo.pcm not found, waiting...
demo.pcm not found, waiting...
demo.pcm not found, waiting...
demo.pcm not found, waiting...
demo.pcm not found, waiting...
demo.pcm not found, waiting...
demo.pcm not found, waiting...
demo.pcm not found, waiting...
demo.pcm not found, waiting...
demo.pcm not found, waiting...
demo.pcm not found, waiting...
demo.pcm not found, waiting...
demo.pcm not found, waiting...
demo.pcm not found, waiting...
demo.pcm not found, waiting...
demo.pcm not found, waiting...
demo.pcm not found, waiting...
demo.pcm not found, waiting...
demo.pcm not found, waiting...
demo.pcm not found, waiting...
demo.pcm not found, waiting...
demo.pcm not found, waiting...
demo.pcm not found, waiting...
demo.pcm not found, waiting...
demo.pcm not found, waiting...
demo.pcm not found, waiting...
demo.pcm not found, waiting...
demo.pcm not found, waiting...
demo.pcm not found, waiting...
demo.pcm not found, waiting...
demo.pcm not found, waiting...
demo.pcm not found, waiting...
demo.pcm not found, waiting...
demo.pcm not found, waiting...
demo.pcm not found, waiting...
demo.pcm not found, waiting...
demo.pcm not found, waiting...
demo.pcm not found, waiting...
demo.pcm not found, waiting...
demo.pcm not found, waiting...
demo.pcm not found, waiting...
demo.pcm not found, waiting...
demo.pcm not found, waiting...
demo.pcm not found, waiting...
demo.pcm not found, waiting...
demo.pcm not found, waiting...
demo.pcm not found, waiting...
demo.pcm not found, waiting...
demo.pcm not found, waiting...
demo.pcm not found, waiting...
demo.pcm not found, waiting...
demo.pcm not found, waiting...
demo.pcm not found, waiting...
demo.pcm not found, waiting...
demo.pcm not found, waiting...
demo.pcm not found, waiting...
demo.pcm not found, waiting...
demo.pcm not found, waiting...
demo.pcm not found, waiting...
demo.pcm not found, waiting...
demo.pcm not found, waiting...
demo.pcm not found, waiting...
demo.pcm not found, waiting...
demo.pcm not found, waiting...
demo.pcm not found, waiting...
demo.pcm not found, waiting...
demo.pcm not found, waiting...
demo.pcm not found, waiting...
demo.pcm not found, waiting...
demo.pcm not found, waiting...
demo.pcm not found, waiting...
demo.pcm not found, waiting...
demo.pcm not found, waiting...
demo.pcm not found, waiting...
demo.pcm not found, waiting...
demo.pcm not found, waiting...
demo.pcm not found, waiting...
demo.pcm not found, waiting...
demo.pcm not found, waiting...
demo.pcm not found, waiting...
demo.pcm not found, waiting...
demo.pcm not found, waiting...
demo.pcm not found, waiting...
demo.pcm not found, waiting...
demo.pcm not found, waiting...
demo.pcm not found, waiting...
demo.pcm not found, waiting...
demo.pcm not found, waiting...
demo.pcm not found, waiting...
demo.pcm not found, waiting...
demo.pcm not found, waiting...
demo.pcm not found, waiting...
demo.pcm not found, waiting...
demo.pcm not found, waiting...
demo.pcm not found, waiting...
demo.pcm not found, waiting...
demo.pcm not found, waiting...
demo.pcm not found, waiting...
demo.pcm not found, waiting...
demo.pcm not found, waiting...
demo.pcm not found, waiting...
demo.pcm not found, waiting...
demo.pcm not found, waiting...
demo.pcm not found, waiting...
demo.pcm not found, waiting...
demo.pcm not found, waiting...
demo.pcm not found, waiting...
demo.pcm not found, waiting...
demo.pcm not found, waiting...
demo.pcm not found, waiting...
demo.pcm not found, waiting...
demo.pcm not found, waiting...
demo.pcm not found, waiting...
demo.pcm not found, waiting...
demo.pcm not found, waiting...
demo.pcm not found, waiting...
demo.pcm not found, waiting...
demo.pcm not found, waiting...
demo.pcm not found, waiting...
demo.pcm not found, waiting...
demo.pcm not found, waiting...
demo.pcm not found, waiting...
demo.pcm not found, waiting...
demo.pcm not found, waiting...
demo.pcm not found, waiting...
demo.pcm not found, waiting...
demo.pcm not found, waiting...
demo.pcm not found, waiting...
demo.pcm not found, waiting...
demo.pcm not found, waiting...
demo.pcm not found, waiting...
demo.pcm not found, waiting...
demo.pcm not found, waiting...
demo.pcm not found, waiting...
demo.pcm not found, waiting...
demo.pcm not found, waiting...
demo.pcm not found, waiting...
demo.pcm not found, waiting...
demo.pcm not found, waiting...
demo.pcm not found, waiting...
demo.pcm not found, waiting...
demo.pcm not found, waiting...
demo.pcm not found, waiting...
demo.pcm not found, waiting...
demo.pcm not found, waiting...
demo.pcm not found, waiting...
demo.pcm not found, waiting...
demo.pcm not found, waiting...
demo.pcm not found, waiting...
demo.pcm not found, waiting...
demo.pcm not found, waiting...
demo.pcm not found, waiting...
demo.pcm not found, waiting...
demo.pcm not found, waiting...
demo.pcm not found, waiting...
demo.pcm not found, waiting...
demo.pcm not found, waiting...
demo.pcm not found, waiting...
demo.pcm not found, waiting...
demo.pcm not found, waiting...
demo.pcm not found, waiting...
demo.pcm not found, waiting...
demo.pcm not found, waiting...
demo.pcm not found, waiting...
demo.pcm not found, waiting...
demo.pcm not found, waiting...
demo.pcm not found, waiting...
demo.pcm not found, waiting...
demo.pcm not found, waiting...
demo.pcm not found, waiting...
demo.pcm not found, waiting...
demo.pcm not found, waiting...
demo.pcm not found, waiting...
demo.pcm not found, waiting...
demo.pcm not found, waiting...
demo.pcm not found, waiting...
demo.pcm not found, waiting...
demo.pcm not found, waiting...
demo.pcm not found, waiting...
demo.pcm not found, waiting...
demo.pcm not found, waiting...
demo.pcm not found, waiting...
demo.pcm not found, waiting...
demo.pcm not found, waiting...
demo.pcm not found, waiting...
demo.pcm not found, waiting...
demo.pcm not found, waiting...
demo.pcm not found, waiting...
demo.pcm not found, waiting...
demo.pcm not found, waiting...
demo.pcm not found, waiting...
demo.pcm not found, waiting...
demo.pcm not found, waiting...
demo.pcm not found, waiting...
demo.pcm not found, waiting...
demo.pcm not found, waiting...
demo.pcm not found, waiting...
demo.pcm not found, waiting...
demo.pcm not found, waiting...
demo.pcm not found, waiting...
demo.pcm not found, waiting...
demo.pcm not found, waiting...
demo.pcm not found, waiting...
demo.pcm not found, waiting...
demo.pcm not found, waiting...
demo.pcm not found, waiting...
demo.pcm not found, waiting...
demo.pcm not found, waiting...
demo.pcm not found, waiting...
demo.pcm not found, waiting...
demo.pcm not found, waiting...
demo.pcm not found, waiting...
demo.pcm not found, waiting...
demo.pcm not found, waiting...
demo.pcm not found, waiting...
demo.pcm not found, waiting...
demo.pcm not found, waiting...
demo.pcm not found, waiting...
demo.pcm not found, waiting...
demo.pcm not found, waiting...
demo.pcm not found, waiting...
demo.pcm not found, waiting...
demo.pcm not found, waiting...
demo.pcm not found, waiting...
demo.pcm not found, waiting...
demo.pcm not found, waiting...
demo.pcm not found, waiting...
demo.pcm not found, waiting...
demo.pcm not found, waiting...
demo.pcm not found, waiting...
demo.pcm not found, waiting...
demo.pcm not found, waiting...
demo.pcm not found, waiting...
demo.pcm not found, waiting...
demo.pcm not found, waiting...
demo.pcm not found, waiting...
demo.pcm not found, waiting...
demo.pcm not found, waiting...
demo.pcm not found, waiting...
demo.pcm not found, waiting...
demo.pcm not found, waiting...
demo.pcm not found, waiting...
demo.pcm not found, waiting...
demo.pcm not found, waiting...
demo.pcm not found, waiting...
demo.pcm not found, waiting...
demo.pcm not found, waiting...
demo.pcm not found, waiting...
demo.pcm not found, waiting...
demo.pcm not found, waiting...
demo.pcm not found, waiting...
demo.pcm not found, waiting...
demo.pcm not found, waiting...
demo.pcm not found, waiting...
demo.pcm not found, waiting...
demo.pcm not found, waiting...
demo.pcm not found, waiting...
demo.pcm not found, waiting...
demo.pcm not found, waiting...
demo.pcm not found, waiting...
demo.pcm not found, waiting...
demo.pcm not found, waiting...
demo.pcm not found, waiting...
demo.pcm not found, waiting...
demo.pcm not found, waiting...
demo.pcm not found, waiting...
demo.pcm not found, waiting...
demo.pcm not found, waiting...
demo.pcm not found, waiting...
demo.pcm not found, waiting...
demo.pcm not found, waiting...
demo.pcm not found, waiting...
demo.pcm not found, waiting...
demo.pcm not found, waiting...
demo.pcm not found, waiting...
demo.pcm not found, waiting...
demo.pcm not found, waiting...
demo.pcm not found, waiting...
demo.pcm not found, waiting...
demo.pcm not found, waiting...
demo.pcm not found, waiting...
demo.pcm not found, waiting...
demo.pcm not found, waiting...
demo.pcm not found, waiting...
demo.pcm not found, waiting...
demo.pcm not found, waiting...
demo.pcm not found, waiting...
demo.pcm not found, waiting...
demo.pcm not found, waiting...
demo.pcm not found, waiting...
demo.pcm not found, waiting...
demo.pcm not found, waiting...
demo.pcm not found, waiting...
demo.pcm not found, waiting...
demo.pcm not found, waiting...
demo.pcm not found, waiting...
demo.pcm not found, waiting...
demo.pcm not found, waiting...
demo.pcm not found, waiting...
demo.pcm not found, waiting...
demo.pcm not found, waiting...
demo.pcm not found, waiting...
demo.pcm not found, waiting...
demo.pcm not found, waiting...
demo.pcm not found, waiting...
demo.pcm not found, waiting...
demo.pcm not found, waiting...
demo.pcm not found, waiting...
demo.pcm not found, waiting...
demo.pcm not found, waiting...
demo.pcm not found, waiting...
demo.pcm not found, waiting...
demo.pcm not found, waiting...
demo.pcm not found, waiting...
demo.pcm not found, waiting...
demo.pcm not found, waiting...
demo.pcm not found, waiting...
demo.pcm not found, waiting...
demo.pcm not found, waiting...
demo.pcm not found, waiting...
demo.pcm not found, waiting...
demo.pcm not found, waiting...
demo.pcm not found, waiting...
demo.pcm not found, waiting...
demo.pcm not found, waiting...
demo.pcm not found, waiting...
demo.pcm not found, waiting...
demo.pcm not found, waiting...
demo.pcm not found, waiting...
demo.pcm not found, waiting...
demo.pcm not found, waiting...
demo.pcm not found, waiting...
demo.pcm not found, waiting...
demo.pcm not found, waiting...
demo.pcm not found, waiting...
demo.pcm not found, waiting...
demo.pcm not found, waiting...
demo.pcm not found, waiting...
demo.pcm not found, waiting...
demo.pcm not found, waiting...
demo.pcm not found, waiting...
demo.pcm not found, waiting...
demo.pcm not found, waiting...
demo.pcm not found, waiting...
demo.pcm not found, waiting...
demo.pcm not found, waiting...
demo.pcm not found, waiting...
demo.pcm not found, waiting...
demo.pcm not found, waiting...
demo.pcm not found, waiting...
demo.pcm not found, waiting...
demo.pcm not found, waiting...
demo.pcm not found, waiting...
demo.pcm not found, waiting...
demo.pcm not found, waiting...
demo.pcm not found, waiting...
demo.pcm not found, waiting...
demo.pcm not found, waiting...
demo.pcm not found, waiting...
demo.pcm not found, waiting...
demo.pcm not found, waiting...
demo.pcm not found, waiting...
demo.pcm not found, waiting...
demo.pcm not found, waiting...
demo.pcm not found, waiting...
demo.pcm not found, waiting...
demo.pcm not found, waiting...
demo.pcm not found, waiting...
demo.pcm not found, waiting...
demo.pcm not found, waiting...
demo.pcm not found, waiting...
demo.pcm not found, waiting...
demo.pcm not found, waiting...
demo.pcm not found, waiting...
demo.pcm not found, waiting...
demo.pcm not found, waiting...
demo.pcm not found, waiting...
demo.pcm not found, waiting...
demo.pcm not found, waiting...
demo.pcm not found, waiting...
demo.pcm not found, waiting...
demo.pcm not found, waiting...
demo.pcm not found, waiting...
demo.pcm not found, waiting...
demo.pcm not found, waiting...
demo.pcm not found, waiting...
demo.pcm not found, waiting...
demo.pcm not found, waiting...
demo.pcm not found, waiting...
demo.pcm not found, waiting...
demo.pcm not found, waiting...
demo.pcm not found, waiting...
demo.pcm not found, waiting...
demo.pcm not found, waiting...
demo.pcm not found, waiting...
demo.pcm not found, waiting...
demo.pcm not found, waiting...
demo.pcm not found, waiting...
demo.pcm not found, waiting...
demo.pcm not found, waiting...
demo.pcm not found, waiting...
demo.pcm not found, waiting...
demo.pcm not found, waiting...
demo.pcm not found, waiting...
demo.pcm not found, waiting...
demo.pcm not found, waiting...
demo.pcm not found, waiting...
demo.pcm not found, waiting...
demo.pcm not found, waiting...
demo.pcm not found, waiting...
demo.pcm not found, waiting...
demo.pcm not found, waiting...
demo.pcm not found, waiting...
demo.pcm not found, waiting...
demo.pcm not found, waiting...
demo.pcm not found, waiting...
demo.pcm not found, waiting...
demo.pcm not found, waiting...
demo.pcm not found, waiting...
demo.pcm not found, waiting...
demo.pcm not found, waiting...
demo.pcm not found, waiting...
demo.pcm not found, waiting...
demo.pcm not found, waiting...
demo.pcm not found, waiting...
demo.pcm not found, waiting...
demo.pcm not found, waiting...
demo.pcm not found, waiting...
demo.pcm not found, waiting...
demo.pcm not found, waiting...
demo.pcm not found, waiting...
demo.pcm not found, waiting...
demo.pcm not found, waiting...
demo.pcm not found, waiting...
demo.pcm not found, waiting...
demo.pcm not found, waiting...
demo.pcm not found, waiting...
demo.pcm not found, waiting...
demo.pcm not found, waiting...
demo.pcm not found, waiting...
demo.pcm not found, waiting...
demo.pcm not found, waiting...
demo.pcm not found, waiting...
demo.pcm not found, waiting...
demo.pcm not found, waiting...
demo.pcm not found, waiting...
demo.pcm not found, waiting...
demo.pcm not found, waiting...
demo.pcm not found, waiting...
demo.pcm not found, waiting...
demo.pcm not found, waiting...
demo.pcm not found, waiting...
demo.pcm not found, waiting...
demo.pcm not found, waiting...
demo.pcm not found, waiting...
demo.pcm not found, waiting...
demo.pcm not found, waiting...
demo.pcm not found, waiting...
demo.pcm not found, waiting...
demo.pcm not found, waiting...
demo.pcm not found, waiting...
demo.pcm not found, waiting...
demo.pcm not found, waiting...
demo.pcm not found, waiting...
demo.pcm not found, waiting...
demo.pcm not found, waiting...
demo.pcm not found, waiting...
demo.pcm not found, waiting...
demo.pcm not found, waiting...
demo.pcm not found, waiting...
demo.pcm not found, waiting...
demo.pcm not found, waiting...
demo.pcm not found, waiting...
demo.pcm not found, waiting...
demo.pcm not found, waiting...
demo.pcm not found, waiting...
demo.pcm not found, waiting...
demo.pcm not found, waiting...
demo.pcm not found, waiting...
demo.pcm not found, waiting...
demo.pcm not found, waiting...
demo.pcm not found, waiting...
demo.pcm not found, waiting...
demo.pcm not found, waiting...
demo.pcm not found, waiting...
demo.pcm not found, waiting...
demo.pcm not found, waiting...
demo.pcm not found, waiting...
demo.pcm not found, waiting...
demo.pcm not found, waiting...
demo.pcm not found, waiting...
demo.pcm not found, waiting...
demo.pcm not found, waiting...
demo.pcm not found, waiting...
demo.pcm not found, waiting...
demo.pcm not found, waiting...
demo.pcm not found, waiting...
demo.pcm not found, waiting...
demo.pcm not found, waiting...
demo.pcm not found, waiting...
demo.pcm not found, waiting...
demo.pcm not found, waiting...
demo.pcm not found, waiting...
demo.pcm not found, waiting...
demo.pcm not found, waiting...
demo.pcm not found, waiting...
demo.pcm not found, waiting...
demo.pcm not found, waiting...
demo.pcm not found, waiting...
demo.pcm not found, waiting...
demo.pcm not found, waiting...
demo.pcm not found, waiting...
demo.pcm not found, waiting...
demo.pcm not found, waiting...
demo.pcm not found, waiting...
demo.pcm not found, waiting...
demo.pcm not found, waiting...
demo.pcm not found, waiting...
demo.pcm not found, waiting...
demo.pcm not found, waiting...
demo.pcm not found, waiting...
demo.pcm not found, waiting...
demo.pcm not found, waiting...
demo.pcm not found, waiting...
demo.pcm not found, waiting...
demo.pcm not found, waiting...
demo.pcm not found, waiting...
demo.pcm not found, waiting...
demo.pcm not found, waiting...
demo.pcm not found, waiting...
demo.pcm not found, waiting...
demo.pcm not found, waiting...
demo.pcm not found, waiting...
demo.pcm not found, waiting...
demo.pcm not found, waiting...
demo.pcm not found, waiting...
demo.pcm not found, waiting...
demo.pcm not found, waiting...
demo.pcm not found, waiting...
demo.pcm not found, waiting...
demo.pcm not found, waiting...
demo.pcm not found, waiting...
demo.pcm not found, waiting...
demo.pcm not found, waiting...
demo.pcm not found, waiting...
demo.pcm not found, waiting...
demo.pcm not found, waiting...
demo.pcm not found, waiting...
demo.pcm not found, waiting...
demo.pcm not found, waiting...
demo.pcm not found, waiting...
demo.pcm not found, waiting...
demo.pcm not found, waiting...
demo.pcm not found, waiting...
demo.pcm not found, waiting...
demo.pcm not found, waiting...
demo.pcm not found, waiting...
demo.pcm not found, waiting...
demo.pcm not found, waiting...
demo.pcm not found, waiting...
demo.pcm not found, waiting...
demo.pcm not found, waiting...
demo.pcm not found, waiting...
demo.pcm not found, waiting...
demo.pcm not found, waiting...
demo.pcm not found, waiting...
demo.pcm not found, waiting...
demo.pcm not found, waiting...
demo.pcm not found, waiting...
demo.pcm not found, waiting...
demo.pcm not found, waiting...
demo.pcm not found, waiting...
demo.pcm not found, waiting...
demo.pcm not found, waiting...
demo.pcm not found, waiting...
demo.pcm not found, waiting...
demo.pcm not found, waiting...
demo.pcm not found, waiting...
demo.pcm not found, waiting...
demo.pcm not found, waiting...
demo.pcm not found, waiting...
demo.pcm not found, waiting...
demo.pcm not found, waiting...
demo.pcm not found, waiting...
demo.pcm not found, waiting...
demo.pcm not found, waiting...
demo.pcm not found, waiting...
demo.pcm not found, waiting...
demo.pcm not found, waiting...
demo.pcm not found, waiting...
demo.pcm not found, waiting...
demo.pcm not found, waiting...
demo.pcm not found, waiting...
demo.pcm not found, waiting...
demo.pcm not found, waiting...
demo.pcm not found, waiting...
demo.pcm not found, waiting...
demo.pcm not found, waiting...
demo.pcm not found, waiting...
demo.pcm not found, waiting...
demo.pcm not found, waiting...
demo.pcm not found, waiting...
demo.pcm not found, waiting...
demo.pcm not found, waiting...
demo.pcm not found, waiting...
demo.pcm not found, waiting...
demo.pcm not found, waiting...
demo.pcm not found, waiting...
demo.pcm not found, waiting...
demo.pcm not found, waiting...
demo.pcm not found, waiting...
demo.pcm not found, waiting...
demo.pcm not found, waiting...
demo.pcm not found, waiting...
demo.pcm not found, waiting...
demo.pcm not found, waiting...
demo.pcm not found, waiting...
demo.pcm not found, waiting...
demo.pcm not found, waiting...
demo.pcm not found, waiting...
demo.pcm not found, waiting...
demo.pcm not found, waiting...
demo.pcm not found, waiting...
demo.pcm not found, waiting...
demo.pcm not found, waiting...
demo.pcm not found, waiting...
demo.pcm not found, waiting...
demo.pcm not found, waiting...
demo.pcm not found, waiting...
demo.pcm not found, waiting...
demo.pcm not found, waiting...
demo.pcm not found, waiting...
demo.pcm not found, waiting...
demo.pcm not found, waiting...
demo.pcm not found, waiting...
demo.pcm not found, waiting...
demo.pcm not found, waiting...
demo.pcm not found, waiting...
demo.pcm not found, waiting...
demo.pcm not found, waiting...
demo.pcm not found, waiting...
demo.pcm not found, waiting...
demo.pcm not found, waiting...
demo.pcm not found, waiting...
demo.pcm not found, waiting...
demo.pcm not found, waiting...
demo.pcm not found, waiting...
demo.pcm not found, waiting...
demo.pcm not found, waiting...
demo.pcm not found, waiting...
demo.pcm not found, waiting...
demo.pcm not found, waiting...
demo.pcm not found, waiting...
demo.pcm not found, waiting...
demo.pcm not found, waiting...
demo.pcm not found, waiting...
demo.pcm not found, waiting...
demo.pcm not found, waiting...
demo.pcm not found, waiting...
demo.pcm not found, waiting...
demo.pcm not found, waiting...
demo.pcm not found, waiting...
demo.pcm not found, waiting...
demo.pcm not found, waiting...
demo.pcm not found, waiting...
demo.pcm not found, waiting...
demo.pcm not found, waiting...
demo.pcm not found, waiting...
demo.pcm not found, waiting...
demo.pcm not found, waiting...
demo.pcm not found, waiting...
demo.pcm not found, waiting...
demo.pcm not found, waiting...
demo.pcm not found, waiting...
demo.pcm not found, waiting...
demo.pcm not found, waiting...
demo.pcm not found, waiting...
demo.pcm not found, waiting...
demo.pcm not found, waiting...
demo.pcm not found, waiting...
demo.pcm not found, waiting...
demo.pcm not found, waiting...
demo.pcm not found, waiting...
demo.pcm not found, waiting...
demo.pcm not found, waiting...
demo.pcm not found, waiting...
demo.pcm not found, waiting...
demo.pcm not found, waiting...
demo.pcm not found, waiting...
demo.pcm not found, waiting...
demo.pcm not found, waiting...
demo.pcm not found, waiting...
demo.pcm not found, waiting...
demo.pcm not found, waiting...
demo.pcm not found, waiting...
demo.pcm not found, waiting...
demo.pcm not found, waiting...
demo.pcm not found, waiting...
demo.pcm not found, waiting...
demo.pcm not found, waiting...
demo.pcm not found, waiting...
demo.pcm not found, waiting...
demo.pcm not found, waiting...
demo.pcm not found, waiting...
demo.pcm not found, waiting...
demo.pcm not found, waiting...
demo.pcm not found, waiting...
demo.pcm not found, waiting...
demo.pcm not found, waiting...
demo.pcm not found, waiting...
demo.pcm not found, waiting...
demo.pcm not found, waiting...
demo.pcm not found, waiting...
demo.pcm not found, waiting...
demo.pcm not found, waiting...
demo.pcm not found, waiting...
demo.pcm not found, waiting...
demo.pcm not found, waiting...
demo.pcm not found, waiting...
demo.pcm not found, waiting...
demo.pcm not found, waiting...
demo.pcm not found, waiting...
demo.pcm not found, waiting...
demo.pcm not found, waiting...
demo.pcm not found, waiting...
demo.pcm not found, waiting...
demo.pcm not found, waiting...
demo.pcm not found, waiting...
demo.pcm not found, waiting...
demo.pcm not found, waiting...
demo.pcm not found, waiting...
demo.pcm not found, waiting...
demo.pcm not found, waiting...
demo.pcm not found, waiting...
demo.pcm not found, waiting...
demo.pcm not found, waiting...
demo.pcm not found, waiting...
demo.pcm not found, waiting...
demo.pcm not found, waiting...
demo.pcm not found, waiting...
demo.pcm not found, waiting...
demo.pcm not found, waiting...
demo.pcm not found, waiting...
demo.pcm not found, waiting...
demo.pcm not found, waiting...
demo.pcm not found, waiting...
demo.pcm not found, waiting...
demo.pcm not found, waiting...
demo.pcm not found, waiting...
demo.pcm not found, waiting...
demo.pcm not found, waiting...
demo.pcm not found, waiting...
demo.pcm not found, waiting...
demo.pcm not found, waiting...
demo.pcm not found, waiting...
demo.pcm not found, waiting...
demo.pcm not found, waiting...
demo.pcm not found, waiting...
demo.pcm not found, waiting...
demo.pcm not found, waiting...
demo.pcm not found, waiting...
demo.pcm not found, waiting...
demo.pcm not found, waiting...
demo.pcm not found, waiting...
demo.pcm not found, waiting...
demo.pcm not found, waiting...
demo.pcm not found, waiting...
demo.pcm not found, waiting...
demo.pcm not found, waiting...
demo.pcm not found, waiting...
demo.pcm not found, waiting...
demo.pcm not found, waiting...
demo.pcm not found, waiting...
demo.pcm not found, waiting...
demo.pcm not found, waiting...
demo.pcm not found, waiting...
demo.pcm not found, waiting...
demo.pcm not found, waiting...
demo.pcm not found, waiting...
demo.pcm not found, waiting...
demo.pcm not found, waiting...
demo.pcm not found, waiting...
demo.pcm not found, waiting...
demo.pcm not found, waiting...
demo.pcm not found, waiting...
demo.pcm not found, waiting...
demo.pcm not found, waiting...
demo.pcm not found, waiting...
demo.pcm not found, waiting...
demo.pcm not found, waiting...
demo.pcm not found, waiting...
demo.pcm not found, waiting...
demo.pcm not found, waiting...
demo.pcm not found, waiting...
demo.pcm not found, waiting...
demo.pcm not found, waiting...
demo.pcm not found, waiting...
demo.pcm not found, waiting...
demo.pcm not found, waiting...
demo.pcm not found, waiting...
demo.pcm not found, waiting...
demo.pcm not found, waiting...
demo.pcm not found, waiting...
demo.pcm not found, waiting...
demo.pcm not found, waiting...
demo.pcm not found, waiting...
demo.pcm not found, waiting...
demo.pcm not found, waiting...
demo.pcm not found, waiting...
demo.pcm not found, waiting...
demo.pcm not found, waiting...
demo.pcm not found, waiting...
demo.pcm not found, waiting...
demo.pcm not found, waiting...
demo.pcm not found, waiting...
demo.pcm not found, waiting...
demo.pcm not found, waiting...
demo.pcm not found, waiting...
demo.pcm not found, waiting...
demo.pcm not found, waiting...
demo.pcm not found, waiting...
demo.pcm not found, waiting...
demo.pcm not found, waiting...
demo.pcm not found, waiting...
demo.pcm not found, waiting...
demo.pcm not found, waiting...
demo.pcm not found, waiting...
demo.pcm not found, waiting...
demo.pcm not found, waiting...
demo.pcm not found, waiting...
demo.pcm not found, waiting...
demo.pcm not found, waiting...
demo.pcm not found, waiting...
demo.pcm not found, waiting...
demo.pcm not found, waiting...
demo.pcm not found, waiting...
demo.pcm not found, waiting...
demo.pcm not found, waiting...
demo.pcm not found, waiting...
demo.pcm not found, waiting...
demo.pcm not found, waiting...
demo.pcm not found, waiting...
demo.pcm not found, waiting...
demo.pcm not found, waiting...
demo.pcm not found, waiting...
demo.pcm not found, waiting...
demo.pcm not found, waiting...
demo.pcm not found, waiting...
demo.pcm not found, waiting...
demo.pcm not found, waiting...
demo.pcm not found, waiting...
demo.pcm not found, waiting...
demo.pcm not found, waiting...
demo.pcm not found, waiting...
demo.pcm not found, waiting...
demo.pcm not found, waiting...
demo.pcm not found, waiting...
demo.pcm not found, waiting...
demo.pcm not found, waiting...
demo.pcm not found, waiting...
demo.pcm not found, waiting...
demo.pcm not found, waiting...
demo.pcm not found, waiting...
demo.pcm not found, waiting...
demo.pcm not found, waiting...
demo.pcm not found, waiting...
demo.pcm not found, waiting...
demo.pcm not found, waiting...
demo.pcm not found, waiting...
demo.pcm not found, waiting...
demo.pcm not found, waiting...
demo.pcm not found, waiting...
demo.pcm not found, waiting...
demo.pcm not found, waiting...
demo.pcm not found, waiting...
demo.pcm not found, waiting...
demo.pcm not found, waiting...
demo.pcm not found, waiting...
demo.pcm not found, waiting...
demo.pcm not found, waiting...
demo.pcm not found, waiting...
demo.pcm not found, waiting...
demo.pcm not found, waiting...
demo.pcm not found, waiting...
demo.pcm not found, waiting...
demo.pcm not found, waiting...
demo.pcm not found, waiting...
demo.pcm not found, waiting...
demo.pcm not found, waiting...
demo.pcm not found, waiting...
demo.pcm not found, waiting...
demo.pcm not found, waiting...
demo.pcm not found, waiting...
demo.pcm not found, waiting...
demo.pcm not found, waiting...
demo.pcm not found, waiting...
demo.pcm not found, waiting...
demo.pcm not found, waiting...
demo.pcm not found, waiting...
demo.pcm not found, waiting...
demo.pcm not found, waiting...
demo.pcm not found, waiting...
demo.pcm not found, waiting...
demo.pcm not found, waiting...
demo.pcm not found, waiting...
demo.pcm not found, waiting...
demo.pcm not found, waiting...
demo.pcm not found, waiting...
demo.pcm not found, waiting...
demo.pcm not found, waiting...
demo.pcm not found, waiting...
demo.pcm not found, waiting...
demo.pcm not found, waiting...
demo.pcm not found, waiting...
demo.pcm not found, waiting...
demo.pcm not found, waiting...
demo.pcm not found, waiting...
demo.pcm not found, waiting...
demo.pcm not found, waiting...
demo.pcm not found, waiting...
demo.pcm not found, waiting...
demo.pcm not found, waiting...
demo.pcm not found, waiting...
demo.pcm not found, waiting...
demo.pcm not found, waiting...
demo.pcm not found, waiting...
demo.pcm not found, waiting...
demo.pcm not found, waiting...
demo.pcm not found, waiting...
demo.pcm not found, waiting...
demo.pcm not found, waiting...
demo.pcm not found, waiting...
demo.pcm not found, waiting...
demo.pcm not found, waiting...
demo.pcm not found, waiting...
demo.pcm not found, waiting...
demo.pcm not found, waiting...
demo.pcm not found, waiting...
demo.pcm not found, waiting...
demo.pcm not found, waiting...
demo.pcm not found, waiting...
demo.pcm not found, waiting...
demo.pcm not found, waiting...
demo.pcm not found, waiting...
demo.pcm not found, waiting...
demo.pcm not found, waiting...
demo.pcm not found, waiting...
demo.pcm not found, waiting...
demo.pcm not found, waiting...
demo.pcm not found, waiting...
demo.pcm not found, waiting...
demo.pcm not found, waiting...
demo.pcm not found, waiting...
demo.pcm not found, waiting...
demo.pcm not found, waiting...
demo.pcm not found, waiting...
demo.pcm not found, waiting...
demo.pcm not found, waiting...
demo.pcm not found, waiting...
demo.pcm not found, waiting...
demo.pcm not found, waiting...
demo.pcm not found, waiting...
demo.pcm not found, waiting...
demo.pcm not found, waiting...
demo.pcm not found, waiting...
demo.pcm not found, waiting...
demo.pcm not found, waiting...
demo.pcm not found, waiting...
demo.pcm not found, waiting...
demo.pcm not found, waiting...
demo.pcm not found, waiting...
demo.pcm not found, waiting...
demo.pcm not found, waiting...
demo.pcm not found, waiting...
demo.pcm not found, waiting...
demo.pcm not found, waiting...
demo.pcm not found, waiting...
demo.pcm not found, waiting...
demo.pcm not found, waiting...
demo.pcm not found, waiting...
demo.pcm not found, waiting...
demo.pcm not found, waiting...
demo.pcm not found, waiting...
demo.pcm not found, waiting...
demo.pcm not found, waiting...
demo.pcm not found, waiting...
demo.pcm not found, waiting...
demo.pcm not found, waiting...
demo.pcm not found, waiting...
demo.pcm not found, waiting...
demo.pcm not found, waiting...
demo.pcm not found, waiting...
demo.pcm not found, waiting...
demo.pcm not found, waiting...
demo.pcm not found, waiting...
demo.pcm not found, waiting...
demo.pcm not found, waiting...
demo.pcm not found, waiting...
demo.pcm not found, waiting...
demo.pcm not found, waiting...
demo.pcm not found, waiting...
demo.pcm not found, waiting...
demo.pcm not found, waiting...
demo.pcm not found, waiting...
demo.pcm not found, waiting...
demo.pcm not found, waiting...
demo.pcm not found, waiting...
demo.pcm not found, waiting...
demo.pcm not found, waiting...
demo.pcm not found, waiting...
demo.pcm not found, waiting...
demo.pcm not found, waiting...
demo.pcm not found, waiting...
demo.pcm not found, waiting...
demo.pcm not found, waiting...
demo.pcm not found, waiting...
demo.pcm not found, waiting...
demo.pcm not found, waiting...
demo.pcm not found, waiting...
demo.pcm not found, waiting...
demo.pcm not found, waiting...
demo.pcm not found, waiting...
demo.pcm not found, waiting...
demo.pcm not found, waiting...
demo.pcm not found, waiting...
demo.pcm not found, waiting...
demo.pcm not found, waiting...
demo.pcm not found, waiting...
demo.pcm not found, waiting...
demo.pcm not found, waiting...
demo.pcm not found, waiting...
demo.pcm not found, waiting...
demo.pcm not found, waiting...
demo.pcm not found, waiting...
demo.pcm not found, waiting...
demo.pcm not found, waiting...
demo.pcm not found, waiting...
demo.pcm not found, waiting...
demo.pcm not found, waiting...
demo.pcm not found, waiting...
demo.pcm not found, waiting...
demo.pcm not found, waiting...
demo.pcm not found, waiting...
demo.pcm not found, waiting...
demo.pcm not found, waiting...
demo.pcm not found, waiting...
demo.pcm not found, waiting...
demo.pcm not found, waiting...
demo.pcm not found, waiting...
demo.pcm not found, waiting...
demo.pcm not found, waiting...
demo.pcm not found, waiting...
demo.pcm not found, waiting...
demo.pcm not found, waiting...
demo.pcm not found, waiting...
demo.pcm not found, waiting...
demo.pcm not found, waiting...
demo.pcm not found, waiting...
demo.pcm not found, waiting...
demo.pcm not found, waiting...
demo.pcm not found, waiting...
demo.pcm not found, waiting...
demo.pcm not found, waiting...
demo.pcm not found, waiting...
demo.pcm not found, waiting...
demo.pcm not found, waiting...
demo.pcm not found, waiting...
demo.pcm not found, waiting...
demo.pcm not found, waiting...
demo.pcm not found, waiting...
demo.pcm not found, waiting...
demo.pcm not found, waiting...
demo.pcm not found, waiting...
demo.pcm not found, waiting...
demo.pcm not found, waiting...
demo.pcm not found, waiting...
demo.pcm not found, waiting...
demo.pcm not found, waiting...
demo.pcm not found, waiting...
demo.pcm not found, waiting...
demo.pcm not found, waiting...
demo.pcm not found, waiting...
demo.pcm not found, waiting...
demo.pcm not found, waiting...
demo.pcm not found, waiting...
demo.pcm not found, waiting...
demo.pcm not found, waiting...
demo.pcm not found, waiting...
demo.pcm not found, waiting...
demo.pcm not found, waiting...
demo.pcm not found, waiting...
demo.pcm not found, waiting...
demo.pcm not found, waiting...
demo.pcm not found, waiting...
demo.pcm not found, waiting...
demo.pcm not found, waiting...
demo.pcm not found, waiting...
demo.pcm not found, waiting...
demo.pcm not found, waiting...
demo.pcm not found, waiting...
demo.pcm not found, waiting...
demo.pcm not found, waiting...
demo.pcm not found, waiting...
demo.pcm not found, waiting...
demo.pcm not found, waiting...
demo.pcm not found, waiting...
demo.pcm not found, waiting...
demo.pcm not found, waiting...
demo.pcm not found, waiting...
demo.pcm not found, waiting...
demo.pcm not found, waiting...
demo.pcm not found, waiting...
demo.pcm not found, waiting...
demo.pcm not found, waiting...
demo.pcm not found, waiting...
demo.pcm not found, waiting...
demo.pcm not found, waiting...
demo.pcm not found, waiting...
demo.pcm not found, waiting...
demo.pcm not found, waiting...
demo.pcm not found, waiting...
demo.pcm not found, waiting...
demo.pcm not found, waiting...
demo.pcm not found, waiting...
demo.pcm not found, waiting...
demo.pcm not found, waiting...
demo.pcm not found, waiting...
demo.pcm not found, waiting...
demo.pcm not found, waiting...
demo.pcm not found, waiting...
demo.pcm not found, waiting...
demo.pcm not found, waiting...
demo.pcm not found, waiting...
demo.pcm not found, waiting...
demo.pcm not found, waiting...
demo.pcm not found, waiting...
demo.pcm not found, waiting...
demo.pcm not found, waiting...
demo.pcm not found, waiting...
demo.pcm not found, waiting...
demo.pcm not found, waiting...
demo.pcm not found, waiting...
demo.pcm not found, waiting...
demo.pcm not found, waiting...
demo.pcm not found, waiting...
demo.pcm not found, waiting...
demo.pcm not found, waiting...
demo.pcm not found, waiting...
demo.pcm not found, waiting...
demo.pcm not found, waiting...
demo.pcm not found, waiting...
demo.pcm not found, waiting...
demo.pcm not found, waiting...
demo.pcm not found, waiting...
demo.pcm not found, waiting...
demo.pcm not found, waiting...
demo.pcm not found, waiting...
demo.pcm not found, waiting...
demo.pcm not found, waiting...
demo.pcm not found, waiting...
demo.pcm not found, waiting...
demo.pcm not found, waiting...
demo.pcm not found, waiting...
demo.pcm not found, waiting...
demo.pcm not found, waiting...
demo.pcm not found, waiting...
demo.pcm not found, waiting...
demo.pcm not found, waiting...
demo.pcm not found, waiting...
demo.pcm not found, waiting...
demo.pcm not found, waiting...
demo.pcm not found, waiting...
demo.pcm not found, waiting...
demo.pcm not found, waiting...
demo.pcm not found, waiting...
demo.pcm not found, waiting...
demo.pcm not found, waiting...
demo.pcm not found, waiting...
demo.pcm not found, waiting...
demo.pcm not found, waiting...
demo.pcm not found, waiting...
demo.pcm not found, waiting...
demo.pcm not found, waiting...
demo.pcm not found, waiting...
demo.pcm not found, waiting...
demo.pcm not found, waiting...
demo.pcm not found, waiting...
demo.pcm not found, waiting...
demo.pcm not found, waiting...
demo.pcm not found, waiting...
demo.pcm not found, waiting...
demo.pcm not found, waiting...
demo.pcm not found, waiting...
demo.pcm not found, waiting...
demo.pcm not found, waiting...
demo.pcm not found, waiting...
demo.pcm not found, waiting...
demo.pcm not found, waiting...
demo.pcm not found, waiting...
demo.pcm not found, waiting...
demo.pcm not found, waiting...
demo.pcm not found, waiting...
demo.pcm not found, waiting...
demo.pcm not found, waiting...
demo.pcm not found, waiting...
demo.pcm not found, waiting...
demo.pcm not found, waiting...
demo.pcm not found, waiting...
demo.pcm not found, waiting...
demo.pcm not found, waiting...
demo.pcm not found, waiting...
demo.pcm not found, waiting...
demo.pcm not found, waiting...
demo.pcm not found, waiting...
demo.pcm not found, waiting...
demo.pcm not found, waiting...
demo.pcm not found, waiting...
demo.pcm not found, waiting...
demo.pcm not found, waiting...
demo.pcm not found, waiting...
demo.pcm not found, waiting...
demo.pcm not found, waiting...
demo.pcm not found, waiting...
demo.pcm not found, waiting...
demo.pcm not found, waiting...
demo.pcm not found, waiting...
demo.pcm not found, waiting...
demo.pcm not found, waiting...
demo.pcm not found, waiting...
demo.pcm not found, waiting...
demo.pcm not found, waiting...
demo.pcm not found, waiting...
demo.pcm not found, waiting...
demo.pcm not found, waiting...
demo.pcm not found, waiting...
demo.pcm not found, waiting...
demo.pcm not found, waiting...
demo.pcm not found, waiting...
demo.pcm not found, waiting...
demo.pcm not found, waiting...
demo.pcm not found, waiting...
demo.pcm not found, waiting...
demo.pcm not found, waiting...
demo.pcm not found, waiting...
demo.pcm not found, waiting...
demo.pcm not found, waiting...
demo.pcm not found, waiting...
demo.pcm not found, waiting...
demo.pcm not found, waiting...
demo.pcm not found, waiting...
demo.pcm not found, waiting...
demo.pcm not found, waiting...
demo.pcm not found, waiting...
demo.pcm not found, waiting...
demo.pcm not found, waiting...
demo.pcm not found, waiting...
demo.pcm not found, waiting...
demo.pcm not found, waiting...
demo.pcm not found, waiting...
demo.pcm not found, waiting...
demo.pcm not found, waiting...
demo.pcm not found, waiting...
demo.pcm not found, waiting...
demo.pcm not found, waiting...
demo.pcm not found, waiting...
demo.pcm not found, waiting...
demo.pcm not found, waiting...
demo.pcm not found, waiting...
demo.pcm not found, waiting...
demo.pcm not found, waiting...
demo.pcm not found, waiting...
demo.pcm not found, waiting...
demo.pcm not found, waiting...
demo.pcm not found, waiting...
demo.pcm not found, waiting...
demo.pcm not found, waiting...
demo.pcm not found, waiting...
demo.pcm not found, waiting...
demo.pcm not found, waiting...
demo.pcm not found, waiting...
demo.pcm not found, waiting...
demo.pcm not found, waiting...
demo.pcm not found, waiting...
demo.pcm not found, waiting...
demo.pcm not found, waiting...
demo.pcm not found, waiting...
demo.pcm not found, waiting...
demo.pcm not found, waiting...
demo.pcm not found, waiting...
demo.pcm not found, waiting...
demo.pcm not found, waiting...
demo.pcm not found, waiting...
demo.pcm not found, waiting...
demo.pcm not found, waiting...
demo.pcm not found, waiting...
demo.pcm not found, waiting...
demo.pcm not found, waiting...
demo.pcm not found, waiting...
demo.pcm not found, waiting...
demo.pcm not found, waiting...
demo.pcm not found, waiting...
demo.pcm not found, waiting...
demo.pcm not found, waiting...
demo.pcm not found, waiting...
demo.pcm not found, waiting...
demo.pcm not found, waiting...
demo.pcm not found, waiting...
demo.pcm not found, waiting...
demo.pcm not found, waiting...
demo.pcm not found, waiting...
demo.pcm not found, waiting...
demo.pcm not found, waiting...
demo.pcm not found, waiting...
demo.pcm not found, waiting...
demo.pcm not found, waiting...
demo.pcm not found, waiting...
demo.pcm not found, waiting...
demo.pcm not found, waiting...
demo.pcm not found, waiting...
demo.pcm not found, waiting...
demo.pcm not found, waiting...
demo.pcm not found, waiting...
demo.pcm not found, waiting...
demo.pcm not found, waiting...
demo.pcm not found, waiting...
demo.pcm not found, waiting...
demo.pcm not found, waiting...
demo.pcm not found, waiting...
demo.pcm not found, waiting...
demo.pcm not found, waiting...
demo.pcm not found, waiting...
demo.pcm not found, waiting...
demo.pcm not found, waiting...
demo.pcm not found, waiting...
demo.pcm not found, waiting...
demo.pcm not found, waiting...
demo.pcm not found, waiting...
demo.pcm not found, waiting...
demo.pcm not found, waiting...
demo.pcm not found, waiting...
demo.pcm not found, waiting...
demo.pcm not found, waiting...
demo.pcm not found, waiting...
demo.pcm not found, waiting...
demo.pcm not found, waiting...
demo.pcm not found, waiting...
demo.pcm not found, waiting...
demo.pcm not found, waiting...
demo.pcm not found, waiting...
demo.pcm not found, waiting...
demo.pcm not found, waiting...
demo.pcm not found, waiting...
demo.pcm not found, waiting...
demo.pcm not found, waiting...
demo.pcm not found, waiting...
demo.pcm not found, waiting...
demo.pcm not found, waiting...
demo.pcm not found, waiting...
demo.pcm not found, waiting...
demo.pcm not found, waiting...
demo.pcm not found, waiting...
demo.pcm not found, waiting...
demo.pcm not found, waiting...
demo.pcm not found, waiting...
demo.pcm not found, waiting...
demo.pcm not found, waiting...
demo.pcm not found, waiting...
demo.pcm not found, waiting...
demo.pcm not found, waiting...
demo.pcm not found, waiting...
demo.pcm not found, waiting...
demo.pcm not found, waiting...
demo.pcm not found, waiting...
demo.pcm not found, waiting...
demo.pcm not found, waiting...
demo.pcm not found, waiting...
demo.pcm not found, waiting...
demo.pcm not found, waiting...
demo.pcm not found, waiting...
demo.pcm not found, waiting...
demo.pcm not found, waiting...
demo.pcm not found, waiting...
demo.pcm not found, waiting...
demo.pcm not found, waiting...
demo.pcm not found, waiting...
demo.pcm not found, waiting...
demo.pcm not found, waiting...
demo.pcm not found, waiting...
demo.pcm not found, waiting...
demo.pcm not found, waiting...
demo.pcm not found, waiting...
demo.pcm not found, waiting...
demo.pcm not found, waiting...
demo.pcm not found, waiting...
demo.pcm not found, waiting...
demo.pcm not found, waiting...
demo.pcm not found, waiting...
demo.pcm not found, waiting...
demo.pcm not found, waiting...
demo.pcm not found, waiting...
demo.pcm not found, waiting...
demo.pcm not found, waiting...
demo.pcm not found, waiting...
demo.pcm not found, waiting...
demo.pcm not found, waiting...
demo.pcm not found, waiting...
demo.pcm not found, waiting...
demo.pcm not found, waiting...
demo.pcm not found, waiting...
demo.pcm not found, waiting...
demo.pcm not found, waiting...
demo.pcm not found, waiting...
demo.pcm not found, waiting...
demo.pcm not found, waiting...
demo.pcm not found, waiting...
demo.pcm not found, waiting...
demo.pcm not found, waiting...
demo.pcm not found, waiting...
demo.pcm not found, waiting...
demo.pcm not found, waiting...
demo.pcm not found, waiting...
demo.pcm not found, waiting...
demo.pcm not found, waiting...
demo.pcm not found, waiting...
demo.pcm not found, waiting...
demo.pcm not found, waiting...
demo.pcm not found, waiting...
demo.pcm not found, waiting...
demo.pcm not found, waiting...
demo.pcm not found, waiting...
demo.pcm not found, waiting...
demo.pcm not found, waiting...
demo.pcm not found, waiting...
demo.pcm not found, waiting...
demo.pcm not found, waiting...
demo.pcm not found, waiting...
demo.pcm not found, waiting...
demo.pcm not found, waiting...
demo.pcm not found, waiting...
demo.pcm not found, waiting...
demo.pcm not found, waiting...
demo.pcm not found, waiting...
demo.pcm not found, waiting...
demo.pcm not found, waiting...
demo.pcm not found, waiting...
demo.pcm not found, waiting...
demo.pcm not found, waiting...
demo.pcm not found, waiting...
demo.pcm not found, waiting...
demo.pcm not found, waiting...
demo.pcm not found, waiting...
demo.pcm not found, waiting...
demo.pcm not found, waiting...
demo.pcm not found, waiting...
demo.pcm not found, waiting...
demo.pcm not found, waiting...
demo.pcm not found, waiting...
demo.pcm not found, waiting...
demo.pcm not found, waiting...
demo.pcm not found, waiting...
demo.pcm not found, waiting...
demo.pcm not found, waiting...
demo.pcm not found, waiting...
demo.pcm not found, waiting...
demo.pcm not found, waiting...
demo.pcm not found, waiting...
demo.pcm not found, waiting...
demo.pcm not found, waiting...
demo.pcm not found, waiting...
demo.pcm not found, waiting...
demo.pcm not found, waiting...
demo.pcm not found, waiting...
demo.pcm not found, waiting...
demo.pcm not found, waiting...
demo.pcm not found, waiting...
demo.pcm not found, waiting...
demo.pcm not found, waiting...
demo.pcm not found, waiting...
demo.pcm not found, waiting...
demo.pcm not found, waiting...
demo.pcm not found, waiting...
demo.pcm not found, waiting...
demo.pcm not found, waiting...
demo.pcm not found, waiting...
demo.pcm not found, waiting...
demo.pcm not found, waiting...
demo.pcm not found, waiting...
demo.pcm not found, waiting...
demo.pcm not found, waiting...
demo.pcm not found, waiting...
demo.pcm not found, waiting...
demo.pcm not found, waiting...
demo.pcm not found, waiting...
demo.pcm not found, waiting...
demo.pcm not found, waiting...
demo.pcm not found, waiting...
demo.pcm not found, waiting...
demo.pcm not found, waiting...
demo.pcm not found, waiting...
demo.pcm not found, waiting...
demo.pcm not found, waiting...
demo.pcm not found, waiting...
demo.pcm not found, waiting...
demo.pcm not found, waiting...
demo.pcm not found, waiting...
demo.pcm not found, waiting...
demo.pcm not found, waiting...
demo.pcm not found, waiting...
demo.pcm not found, waiting...
demo.pcm not found, waiting...
demo.pcm not found, waiting...
demo.pcm not found, waiting...
demo.pcm not found, waiting...
demo.pcm not found, waiting...
demo.pcm not found, waiting...
demo.pcm not found, waiting...
demo.pcm not found, waiting...
demo.pcm not found, waiting...
demo.pcm not found, waiting...
demo.pcm not found, waiting...
demo.pcm not found, waiting...
demo.pcm not found, waiting...
demo.pcm not found, waiting...
demo.pcm not found, waiting...
demo.pcm not found, waiting...
demo.pcm not found, waiting...
demo.pcm not found, waiting...
demo.pcm not found, waiting...
demo.pcm not found, waiting...
demo.pcm not found, waiting...
demo.pcm not found, waiting...
demo.pcm not found, waiting...
demo.pcm not found, waiting...
demo.pcm not found, waiting...
demo.pcm not found, waiting...
demo.pcm not found, waiting...
demo.pcm not found, waiting...
demo.pcm not found, waiting...
demo.pcm not found, waiting...
demo.pcm not found, waiting...
demo.pcm not found, waiting...
demo.pcm not found, waiting...
demo.pcm not found, waiting...
demo.pcm not found, waiting...
demo.pcm not found, waiting...
demo.pcm not found, waiting...
demo.pcm not found, waiting...
demo.pcm not found, waiting...
demo.pcm not found, waiting...
demo.pcm not found, waiting...
demo.pcm not found, waiting...
demo.pcm not found, waiting...
demo.pcm not found, waiting...
demo.pcm not found, waiting...
demo.pcm not found, waiting...
demo.pcm not found, waiting...
demo.pcm not found, waiting...
demo.pcm not found, waiting...
demo.pcm not found, waiting...
demo.pcm not found, waiting...
demo.pcm not found, waiting...
demo.pcm not found, waiting...
demo.pcm not found, waiting...
demo.pcm not found, waiting...
demo.pcm not found, waiting...
demo.pcm not found, waiting...
demo.pcm not found, waiting...
demo.pcm not found, waiting...
demo.pcm not found, waiting...
demo.pcm not found, waiting...
demo.pcm not found, waiting...
demo.pcm not found, waiting...
demo.pcm not found, waiting...
demo.pcm not found, waiting...
demo.pcm not found, waiting...
demo.pcm not found, waiting...
demo.pcm not found, waiting...
demo.pcm not found, waiting...
demo.pcm not found, waiting...
demo.pcm not found, waiting...
demo.pcm not found, waiting...
demo.pcm not found, waiting...
demo.pcm not found, waiting...
demo.pcm not found, waiting...
demo.pcm not found, waiting...
demo.pcm not found, waiting...
demo.pcm not found, waiting...
demo.pcm not found, waiting...
demo.pcm not found, waiting...
demo.pcm not found, waiting...
demo.pcm not found, waiting...
demo.pcm not found, waiting...
demo.pcm not found, waiting...
demo.pcm not found, waiting...
demo.pcm not found, waiting...
demo.pcm not found, waiting...
demo.pcm not found, waiting...
demo.pcm not found, waiting...
demo.pcm not found, waiting...
demo.pcm not found, waiting...
demo.pcm not found, waiting...
demo.pcm not found, waiting...
demo.pcm not found, waiting...
demo.pcm not found, waiting...
demo.pcm not found, waiting...
demo.pcm not found, waiting...
demo.pcm not found, waiting...
demo.pcm not found, waiting...
demo.pcm not found, waiting...
demo.pcm not found, waiting...
demo.pcm not found, waiting...
demo.pcm not found, waiting...
demo.pcm not found, waiting...
demo.pcm not found, waiting...
demo.pcm not found, waiting...
demo.pcm not found, waiting...
demo.pcm not found, waiting...
demo.pcm not found, waiting...
demo.pcm not found, waiting...
demo.pcm not found, waiting...
demo.pcm not found, waiting...
demo.pcm not found, waiting...
demo.pcm not found, waiting...
demo.pcm not found, waiting...
demo.pcm not found, waiting...
demo.pcm not found, waiting...
demo.pcm not found, waiting...
demo.pcm not found, waiting...
demo.pcm not found, waiting...
demo.pcm not found, waiting...
demo.pcm not found, waiting...
demo.pcm not found, waiting...
demo.pcm not found, waiting...
demo.pcm not found, waiting...
demo.pcm not found, waiting...
demo.pcm not found, waiting...
demo.pcm not found, waiting...
demo.pcm not found, waiting...
demo.pcm not found, waiting...
demo.pcm not found, waiting...
demo.pcm not found, waiting...
demo.pcm not found, waiting...
demo.pcm not found, waiting...
demo.pcm not found, waiting...
demo.pcm not found, waiting...
demo.pcm not found, waiting...
demo.pcm not found, waiting...
demo.pcm not found, waiting...
demo.pcm not found, waiting...
demo.pcm not found, waiting...
demo.pcm not found, waiting...
demo.pcm not found, waiting...
demo.pcm not found, waiting...
demo.pcm not found, waiting...
demo.pcm not found, waiting...
demo.pcm not found, waiting...
demo.pcm not found, waiting...
demo.pcm not found, waiting...
demo.pcm not found, waiting...
demo.pcm not found, waiting...
demo.pcm not found, waiting...
demo.pcm not found, waiting...
demo.pcm not found, waiting...
demo.pcm not found, waiting...
demo.pcm not found, waiting...
demo.pcm not found, waiting...
demo.pcm not found, waiting...
demo.pcm not found, waiting...
demo.pcm not found, waiting...
demo.pcm not found, waiting...
demo.pcm not found, waiting...
demo.pcm not found, waiting...
demo.pcm not found, waiting...
demo.pcm not found, waiting...
demo.pcm not found, waiting...
demo.pcm not found, waiting...
demo.pcm not found, waiting...
demo.pcm not found, waiting...
demo.pcm not found, waiting...
demo.pcm not found, waiting...
demo.pcm not found, waiting...
demo.pcm not found, waiting...
demo.pcm not found, waiting...
demo.pcm not found, waiting...
demo.pcm not found, waiting...
demo.pcm not found, waiting...
demo.pcm not found, waiting...
demo.pcm not found, waiting...
demo.pcm not found, waiting...
demo.pcm not found, waiting...
demo.pcm not found, waiting...
demo.pcm not found, waiting...
demo.pcm not found, waiting...
demo.pcm not found, waiting...
demo.pcm not found, waiting...
demo.pcm not found, waiting...
demo.pcm not found, waiting...
demo.pcm not found, waiting...
demo.pcm not found, waiting...
demo.pcm not found, waiting...
demo.pcm not found, waiting...
demo.pcm not found, waiting...
demo.pcm not found, waiting...
demo.pcm not found, waiting...
demo.pcm not found, waiting...
demo.pcm not found, waiting...
demo.pcm not found, waiting...
demo.pcm not found, waiting...
demo.pcm not found, waiting...
demo.pcm not found, waiting...
demo.pcm not found, waiting...
demo.pcm not found, waiting...
demo.pcm not found, waiting...
demo.pcm not found, waiting...
demo.pcm not found, waiting...
demo.pcm not found, waiting...
demo.pcm not found, waiting...
demo.pcm not found, waiting...
demo.pcm not found, waiting...
demo.pcm not found, waiting...
demo.pcm not found, waiting...
demo.pcm not found, waiting...
demo.pcm not found, waiting...
demo.pcm not found, waiting...
demo.pcm not found, waiting...
demo.pcm not found, waiting...
demo.pcm not found, waiting...
demo.pcm not found, waiting...
demo.pcm not found, waiting...
demo.pcm not found, waiting...
demo.pcm not found, waiting...
demo.pcm not found, waiting...
demo.pcm not found, waiting...
demo.pcm not found, waiting...
demo.pcm not found, waiting...
demo.pcm not found, waiting...
demo.pcm not found, waiting...
demo.pcm not found, waiting...
demo.pcm not found, waiting...
demo.pcm not found, waiting...
demo.pcm not found, waiting...
demo.pcm not found, waiting...
demo.pcm not found, waiting...
demo.pcm not found, waiting...
demo.pcm not found, waiting...
demo.pcm not found, waiting...
demo.pcm not found, waiting...
demo.pcm not found, waiting...
demo.pcm not found, waiting...
demo.pcm not found, waiting...
demo.pcm not found, waiting...
demo.pcm not found, waiting...
demo.pcm not found, waiting...
demo.pcm not found, waiting...
demo.pcm not found, waiting...
demo.pcm not found, waiting...
demo.pcm not found, waiting...
demo.pcm not found, waiting...
demo.pcm not found, waiting...
demo.pcm not found, waiting...
demo.pcm not found, waiting...
demo.pcm not found, waiting...
demo.pcm not found, waiting...
demo.pcm not found, waiting...
demo.pcm not found, waiting...
demo.pcm not found, waiting...
demo.pcm not found, waiting...
demo.pcm not found, waiting...
demo.pcm not found, waiting...
demo.pcm not found, waiting...
demo.pcm not found, waiting...
demo.pcm not found, waiting...
demo.pcm not found, waiting...
demo.pcm not found, waiting...
demo.pcm not found, waiting...
demo.pcm not found, waiting...
demo.pcm not found, waiting...
demo.pcm not found, waiting...
demo.pcm not found, waiting...
demo.pcm not found, waiting...
demo.pcm not found, waiting...
demo.pcm not found, waiting...
demo.pcm not found, waiting...
demo.pcm not found, waiting...
demo.pcm not found, waiting...
demo.pcm not found, waiting...
demo.pcm not found, waiting...
demo.pcm not found, waiting...
demo.pcm not found, waiting...
demo.pcm not found, waiting...
demo.pcm not found, waiting...
demo.pcm not found, waiting...
demo.pcm not found, waiting...
demo.pcm not found, waiting...
demo.pcm not found, waiting...
demo.pcm not found, waiting...
demo.pcm not found, waiting...
demo.pcm not found, waiting...
demo.pcm not found, waiting...
demo.pcm not found, waiting...
demo.pcm not found, waiting...
demo.pcm not found, waiting...
demo.pcm not found, waiting...
demo.pcm not found, waiting...
demo.pcm not found, waiting...
demo.pcm not found, waiting...
demo.pcm not found, waiting...
demo.pcm not found, waiting...
demo.pcm not found, waiting...
demo.pcm not found, waiting...
demo.pcm not found, waiting...
demo.pcm not found, waiting...
demo.pcm not found, waiting...
demo.pcm not found, waiting...
demo.pcm not found, waiting...
demo.pcm not found, waiting...
demo.pcm not found, waiting...
demo.pcm not found, waiting...
demo.pcm not found, waiting...
demo.pcm not found, waiting...
demo.pcm not found, waiting...
demo.pcm not found, waiting...
demo.pcm not found, waiting...
demo.pcm not found, waiting...
demo.pcm not found, waiting...
demo.pcm not found, waiting...
demo.pcm not found, waiting...
demo.pcm not found, waiting...
demo.pcm not found, waiting...
demo.pcm not found, waiting...
demo.pcm not found, waiting...
demo.pcm not found, waiting...
demo.pcm not found, waiting...
demo.pcm not found, waiting...
demo.pcm not found, waiting...
demo.pcm not found, waiting...
demo.pcm not found, waiting...
demo.pcm not found, waiting...
demo.pcm not found, waiting...
demo.pcm not found, waiting...
demo.pcm not found, waiting...
demo.pcm not found, waiting...
demo.pcm not found, waiting...
demo.pcm not found, waiting...
demo.pcm not found, waiting...
demo.pcm not found, waiting...
demo.pcm not found, waiting...
demo.pcm not found, waiting...
demo.pcm not found, waiting...
demo.pcm not found, waiting...
demo.pcm not found, waiting...
demo.pcm not found, waiting...
demo.pcm not found, waiting...
demo.pcm not found, waiting...
demo.pcm not found, waiting...
demo.pcm not found, waiting...
demo.pcm not found, waiting...
demo.pcm not found, waiting...
demo.pcm not found, waiting...
demo.pcm not found, waiting...
demo.pcm not found, waiting...
demo.pcm not found, waiting...
demo.pcm not found, waiting...
demo.pcm not found, waiting...
demo.pcm not found, waiting...
demo.pcm not found, waiting...
demo.pcm not found, waiting...
demo.pcm not found, waiting...
demo.pcm not found, waiting...
demo.pcm not found, waiting...
demo.pcm not found, waiting...
demo.pcm not found, waiting...
demo.pcm not found, waiting...
demo.pcm not found, waiting...
demo.pcm not found, waiting...
demo.pcm not found, waiting...
demo.pcm not found, waiting...
demo.pcm not found, waiting...
demo.pcm not found, waiting...
demo.pcm not found, waiting...
demo.pcm not found, waiting...
demo.pcm not found, waiting...
demo.pcm not found, waiting...
demo.pcm not found, waiting...
demo.pcm not found, waiting...
demo.pcm not found, waiting...
demo.pcm not found, waiting...
demo.pcm not found, waiting...
demo.pcm not found, waiting...
demo.pcm not found, waiting...
demo.pcm not found, waiting...
demo.pcm not found, waiting...
demo.pcm not found, waiting...
demo.pcm not found, waiting...
demo.pcm not found, waiting...
demo.pcm not found, waiting...
demo.pcm not found, waiting...
demo.pcm not found, waiting...
demo.pcm not found, waiting...
demo.pcm not found, waiting...
demo.pcm not found, waiting...
demo.pcm not found, waiting...
demo.pcm not found, waiting...
demo.pcm not found, waiting...
demo.pcm not found, waiting...
demo.pcm not found, waiting...
demo.pcm not found, waiting...
demo.pcm not found, waiting...
demo.pcm not found, waiting...
demo.pcm not found, waiting...
demo.pcm not found, waiting...
demo.pcm not found, waiting...
demo.pcm not found, waiting...
demo.pcm not found, waiting...
demo.pcm not found, waiting...
demo.pcm not found, waiting...
demo.pcm not found, waiting...
demo.pcm not found, waiting...
demo.pcm not found, waiting...
demo.pcm not found, waiting...
demo.pcm not found, waiting...
demo.pcm not found, waiting...
demo.pcm not found, waiting...
demo.pcm not found, waiting...
demo.pcm not found, waiting...
demo.pcm not found, waiting...
demo.pcm not found, waiting...
demo.pcm not found, waiting...
demo.pcm not found, waiting...
demo.pcm not found, waiting...
demo.pcm not found, waiting...
demo.pcm not found, waiting...
demo.pcm not found, waiting...
demo.pcm not found, waiting...
demo.pcm not found, waiting...
demo.pcm not found, waiting...
demo.pcm not found, waiting...
demo.pcm not found, waiting...
demo.pcm not found, waiting...
demo.pcm not found, waiting...
demo.pcm not found, waiting...
demo.pcm not found, waiting...
demo.pcm not found, waiting...
demo.pcm not found, waiting...
demo.pcm not found, waiting...
demo.pcm not found, waiting...
demo.pcm not found, waiting...
demo.pcm not found, waiting...
demo.pcm not found, waiting...
demo.pcm not found, waiting...
demo.pcm not found, waiting...
demo.pcm not found, waiting...
demo.pcm not found, waiting...
demo.pcm not found, waiting...
demo.pcm not found, waiting...
demo.pcm not found, waiting...
demo.pcm not found, waiting...
demo.pcm not found, waiting...
demo.pcm not found, waiting...
demo.pcm not found, waiting...
demo.pcm not found, waiting...
demo.pcm not found, waiting...
demo.pcm not found, waiting...
demo.pcm not found, waiting...
demo.pcm not found, waiting...
demo.pcm not found, waiting...
demo.pcm not found, waiting...
demo.pcm not found, waiting...
demo.pcm not found, waiting...
demo.pcm not found, waiting...
demo.pcm not found, waiting...
demo.pcm not found, waiting...
demo.pcm not found, waiting...
demo.pcm not found, waiting...
demo.pcm not found, waiting...
demo.pcm not found, waiting...
demo.pcm not found, waiting...
demo.pcm not found, waiting...
demo.pcm not found, waiting...
demo.pcm not found, waiting...
demo.pcm not found, waiting...
demo.pcm not found, waiting...
demo.pcm not found, waiting...
demo.pcm not found, waiting...
demo.pcm not found, waiting...
demo.pcm not found, waiting...
demo.pcm not found, waiting...
demo.pcm not found, waiting...
demo.pcm not found, waiting...
demo.pcm not found, waiting...
demo.pcm not found, waiting...
demo.pcm not found, waiting...
demo.pcm not found, waiting...
demo.pcm not found, waiting...
demo.pcm not found, waiting...
demo.pcm not found, waiting...
demo.pcm not found, waiting...
demo.pcm not found, waiting...
demo.pcm not found, waiting...
demo.pcm not found, waiting...
demo.pcm not found, waiting...
demo.pcm not found, waiting...
demo.pcm not found, waiting...
demo.pcm not found, waiting...
demo.pcm not found, waiting...
demo.pcm not found, waiting...
demo.pcm not found, waiting...
demo.pcm not found, waiting...
demo.pcm not found, waiting...
demo.pcm not found, waiting...
demo.pcm not found, waiting...
demo.pcm not found, waiting...
demo.pcm not found, waiting...
demo.pcm not found, waiting...
demo.pcm not found, waiting...
demo.pcm not found, waiting...
demo.pcm not found, waiting...
demo.pcm not found, waiting...
demo.pcm not found, waiting...
demo.pcm not found, waiting...
demo.pcm not found, waiting...
demo.pcm not found, waiting...
demo.pcm not found, waiting...
demo.pcm not found, waiting...
demo.pcm not found, waiting...
demo.pcm not found, waiting...
demo.pcm not found, waiting...
demo.pcm not found, waiting...
demo.pcm not found, waiting...
demo.pcm not found, waiting...
demo.pcm not found, waiting...
demo.pcm not found, waiting...
demo.pcm not found, waiting...
demo.pcm not found, waiting...
demo.pcm not found, waiting...
demo.pcm not found, waiting...
demo.pcm not found, waiting...
demo.pcm not found, waiting...
demo.pcm not found, waiting...
demo.pcm not found, waiting...
demo.pcm not found, waiting...
demo.pcm not found, waiting...
demo.pcm not found, waiting...
demo.pcm not found, waiting...
demo.pcm not found, waiting...
demo.pcm not found, waiting...
demo.pcm not found, waiting...
demo.pcm not found, waiting...
demo.pcm not found, waiting...
demo.pcm not found, waiting...
demo.pcm not found, waiting...
demo.pcm not found, waiting...
demo.pcm not found, waiting...
demo.pcm not found, waiting...
demo.pcm not found, waiting...
demo.pcm not found, waiting...
demo.pcm not found, waiting...
demo.pcm not found, waiting...
demo.pcm not found, waiting...
demo.pcm not found, waiting...
demo.pcm not found, waiting...
demo.pcm not found, waiting...
demo.pcm not found, waiting...
demo.pcm not found, waiting...
demo.pcm not found, waiting...
demo.pcm not found, waiting...
demo.pcm not found, waiting...
demo.pcm not found, waiting...
demo.pcm not found, waiting...
demo.pcm not found, waiting...
demo.pcm not found, waiting...
demo.pcm not found, waiting...
demo.pcm not found, waiting...
demo.pcm not found, waiting...
demo.pcm not found, waiting...
demo.pcm not found, waiting...
demo.pcm not found, waiting...
demo.pcm not found, waiting...
demo.pcm not found, waiting...
demo.pcm not found, waiting...
demo.pcm not found, waiting...
demo.pcm not found, waiting...
demo.pcm not found, waiting...
demo.pcm not found, waiting...
demo.pcm not found, waiting...
demo.pcm not found, waiting...
demo.pcm not found, waiting...
demo.pcm not found, waiting...
demo.pcm not found, waiting...
demo.pcm not found, waiting...
demo.pcm not found, waiting...
demo.pcm not found, waiting...
demo.pcm not found, waiting...
demo.pcm not found, waiting...
demo.pcm not found, waiting...
demo.pcm not found, waiting...
demo.pcm not found, waiting...
demo.pcm not found, waiting...
demo.pcm not found, waiting...
demo.pcm not found, waiting...
demo.pcm not found, waiting...
demo.pcm not found, waiting...
demo.pcm not found, waiting...
demo.pcm not found, waiting...
demo.pcm not found, waiting...
demo.pcm not found, waiting...
demo.pcm not found, waiting...
demo.pcm not found, waiting...
demo.pcm not found, waiting...
demo.pcm not found, waiting...
demo.pcm not found, waiting...
demo.pcm not found, waiting...
demo.pcm not found, waiting...
demo.pcm not found, waiting...
demo.pcm not found, waiting...
demo.pcm not found, waiting...
demo.pcm not found, waiting...
demo.pcm not found, waiting...
demo.pcm not found, waiting...
demo.pcm not found, waiting...
demo.pcm not found, waiting...
demo.pcm not found, waiting...
demo.pcm not found, waiting...
demo.pcm not found, waiting...
demo.pcm not found, waiting...
demo.pcm not found, waiting...
demo.pcm not found, waiting...
demo.pcm not found, waiting...
demo.pcm not found, waiting...
demo.pcm not found, waiting...
demo.pcm not found, waiting...
demo.pcm not found, waiting...
demo.pcm not found, waiting...
demo.pcm not found, waiting...
demo.pcm not found, waiting...
demo.pcm not found, waiting...
demo.pcm not found, waiting...
demo.pcm not found, waiting...
demo.pcm not found, waiting...
demo.pcm not found, waiting...
demo.pcm not found, waiting...
demo.pcm not found, waiting...
demo.pcm not found, waiting...
demo.pcm not found, waiting...
demo.pcm not found, waiting...
demo.pcm not found, waiting...
demo.pcm not found, waiting...
demo.pcm not found, waiting...
demo.pcm not found, waiting...
demo.pcm not found, waiting...
demo.pcm not found, waiting...
demo.pcm not found, waiting...
demo.pcm not found, waiting...
demo.pcm not found, waiting...
demo.pcm not found, waiting...
demo.pcm not found, waiting...
demo.pcm not found, waiting...
demo.pcm not found, waiting...
demo.pcm not found, waiting...
demo.pcm not found, waiting...
demo.pcm not found, waiting...
demo.pcm not found, waiting...
demo.pcm not found, waiting...
demo.pcm not found, waiting...
demo.pcm not found, waiting...
demo.pcm not found, waiting...
demo.pcm not found, waiting...
demo.pcm not found, waiting...
demo.pcm not found, waiting...
demo.pcm not found, waiting...
demo.pcm not found, waiting...
demo.pcm not found, waiting...
demo.pcm not found, waiting...
demo.pcm not found, waiting...
demo.pcm not found, waiting...
demo.pcm not found, waiting...
demo.pcm not found, waiting...
demo.pcm not found, waiting...
demo.pcm not found, waiting...
demo.pcm not found, waiting...
demo.pcm not found, waiting...
demo.pcm not found, waiting...
demo.pcm not found, waiting...
demo.pcm not found, waiting...
demo.pcm not found, waiting...
demo.pcm not found, waiting...
demo.pcm not found, waiting...
demo.pcm not found, waiting...
demo.pcm not found, waiting...
demo.pcm not found, waiting...
demo.pcm not found, waiting...
demo.pcm not found, waiting...
demo.pcm not found, waiting...
demo.pcm not found, waiting...
demo.pcm not found, waiting...
demo.pcm not found, waiting...
demo.pcm not found, waiting...
demo.pcm not found, waiting...
demo.pcm not found, waiting...
demo.pcm not found, waiting...
demo.pcm not found, waiting...
demo.pcm not found, waiting...
demo.pcm not found, waiting...
demo.pcm not found, waiting...
demo.pcm not found, waiting...
demo.pcm not found, waiting...
demo.pcm not found, waiting...
demo.pcm not found, waiting...
demo.pcm not found, waiting...
demo.pcm not found, waiting...
demo.pcm not found, waiting...
demo.pcm not found, waiting...
demo.pcm not found, waiting...
demo.pcm not found, waiting...
demo.pcm not found, waiting...
demo.pcm not found, waiting...
demo.pcm not found, waiting...
demo.pcm not found, waiting...
demo.pcm not found, waiting...
demo.pcm not found, waiting...
demo.pcm not found, waiting...
demo.pcm not found, waiting...
demo.pcm not found, waiting...
demo.pcm not found, waiting...
demo.pcm not found, waiting...
demo.pcm not found, waiting...
demo.pcm not found, waiting...
demo.pcm not found, waiting...
demo.pcm not found, waiting...
demo.pcm not found, waiting...
demo.pcm not found, waiting...
demo.pcm not found, waiting...
demo.pcm not found, waiting...
demo.pcm not found, waiting...
demo.pcm not found, waiting...
demo.pcm not found, waiting...
demo.pcm not found, waiting...
demo.pcm not found, waiting...
demo.pcm not found, waiting...
demo.pcm not found, waiting...
demo.pcm not found, waiting...
demo.pcm not found, waiting...
demo.pcm not found, waiting...
demo.pcm not found, waiting...
demo.pcm not found, waiting...
demo.pcm not found, waiting...
demo.pcm not found, waiting...
demo.pcm not found, waiting...
demo.pcm not found, waiting...
demo.pcm not found, waiting...
demo.pcm not found, waiting...
demo.pcm not found, waiting...
demo.pcm not found, waiting...
demo.pcm not found, waiting...
demo.pcm not found, waiting...
demo.pcm not found, waiting...
demo.pcm not found, waiting...
demo.pcm not found, waiting...
demo.pcm not found, waiting...
demo.pcm not found, waiting...
demo.pcm not found, waiting...
demo.pcm not found, waiting...
demo.pcm not found, waiting...
demo.pcm not found, waiting...
demo.pcm not found, waiting...
demo.pcm not found, waiting...
demo.pcm not found, waiting...
demo.pcm not found, waiting...
demo.pcm not found, waiting...
demo.pcm not found, waiting...
demo.pcm not found, waiting...
demo.pcm not found, waiting...
demo.pcm not found, waiting...
demo.pcm not found, waiting...
demo.pcm not found, waiting...
demo.pcm not found, waiting...
demo.pcm not found, waiting...
demo.pcm not found, waiting...
demo.pcm not found, waiting...
demo.pcm not found, waiting...
demo.pcm not found, waiting...
demo.pcm not found, waiting...
demo.pcm not found, waiting...
demo.pcm not found, waiting...
demo.pcm not found, waiting...
demo.pcm not found, waiting...
demo.pcm not found, waiting...
demo.pcm not found, waiting...
demo.pcm not found, waiting...
demo.pcm not found, waiting...
demo.pcm not found, waiting...
demo.pcm not found, waiting...
demo.pcm not found, waiting...
demo.pcm not found, waiting...
demo.pcm not found, waiting...
demo.pcm not found, waiting...
demo.pcm not found, waiting...
demo.pcm not found, waiting...
demo.pcm not found, waiting...
demo.pcm not found, waiting...
demo.pcm not found, waiting...
demo.pcm not found, waiting...
demo.pcm not found, waiting...
demo.pcm not found, waiting...
demo.pcm not found, waiting...
demo.pcm not found, waiting...
demo.pcm not found, waiting...
demo.pcm not found, waiting...
demo.pcm not found, waiting...
demo.pcm not found, waiting...
demo.pcm not found, waiting...
demo.pcm not found, waiting...
demo.pcm not found, waiting...
demo.pcm not found, waiting...
demo.pcm not found, waiting...
demo.pcm not found, waiting...
demo.pcm not found, waiting...
demo.pcm not found, waiting...
demo.pcm not found, waiting...
demo.pcm not found, waiting...
demo.pcm not found, waiting...
demo.pcm not found, waiting...
demo.pcm not found, waiting...
demo.pcm not found, waiting...
demo.pcm not found, waiting...
demo.pcm not found, waiting...
demo.pcm not found, waiting...
demo.pcm not found, waiting...
demo.pcm not found, waiting...
demo.pcm not found, waiting...
demo.pcm not found, waiting...
demo.pcm not found, waiting...
demo.pcm not found, waiting...
demo.pcm not found, waiting...
demo.pcm not found, waiting...
demo.pcm not found, waiting...
demo.pcm not found, waiting...
demo.pcm not found, waiting...
demo.pcm not found, waiting...
demo.pcm not found, waiting...
demo.pcm not found, waiting...
demo.pcm not found, waiting...
demo.pcm not found, waiting...
demo.pcm not found, waiting...
demo.pcm not found, waiting...
demo.pcm not found, waiting...
demo.pcm not found, waiting...
demo.pcm not found, waiting...
demo.pcm not found, waiting...
demo.pcm not found, waiting...
demo.pcm not found, waiting...
demo.pcm not found, waiting...
demo.pcm not found, waiting...
demo.pcm not found, waiting...
demo.pcm not found, waiting...
demo.pcm not found, waiting...
demo.pcm not found, waiting...
demo.pcm not found, waiting...
demo.pcm not found, waiting...
demo.pcm not found, waiting...
demo.pcm not found, waiting...
demo.pcm not found, waiting...
demo.pcm not found, waiting...
demo.pcm not found, waiting...
demo.pcm not found, waiting...
demo.pcm not found, waiting...
demo.pcm not found, waiting...
demo.pcm not found, waiting...
demo.pcm not found, waiting...
demo.pcm not found, waiting...
demo.pcm not found, waiting...
demo.pcm not found, waiting...
demo.pcm not found, waiting...
demo.pcm not found, waiting...
demo.pcm not found, waiting...
demo.pcm not found, waiting...
demo.pcm not found, waiting...
demo.pcm not found, waiting...
demo.pcm not found, waiting...
demo.pcm not found, waiting...
demo.pcm not found, waiting...
demo.pcm not found, waiting...
demo.pcm not found, waiting...
demo.pcm not found, waiting...
demo.pcm not found, waiting...
demo.pcm not found, waiting...
demo.pcm not found, waiting...
demo.pcm not found, waiting...
demo.pcm not found, waiting...
demo.pcm not found, waiting...
demo.pcm not found, waiting...
demo.pcm not found, waiting...
demo.pcm not found, waiting...
demo.pcm not found, waiting...
demo.pcm not found, waiting...
demo.pcm not found, waiting...
demo.pcm not found, waiting...
demo.pcm not found, waiting...
demo.pcm not found, waiting...
demo.pcm not found, waiting...
demo.pcm not found, waiting...
demo.pcm not found, waiting...
demo.pcm not found, waiting...
demo.pcm not found, waiting...
demo.pcm not found, waiting...
demo.pcm not found, waiting...
demo.pcm not found, waiting...
demo.pcm not found, waiting...
demo.pcm not found, waiting...
demo.pcm not found, waiting...
demo.pcm not found, waiting...
demo.pcm not found, waiting...
demo.pcm not found, waiting...
demo.pcm not found, waiting...
demo.pcm not found, waiting...
demo.pcm not found, waiting...
demo.pcm not found, waiting...
demo.pcm not found, waiting...
demo.pcm not found, waiting...
demo.pcm not found, waiting...
demo.pcm not found, waiting...
demo.pcm not found, waiting...
demo.pcm not found, waiting...
demo.pcm not found, waiting...
demo.pcm not found, waiting...
demo.pcm not found, waiting...
demo.pcm not found, waiting...
demo.pcm not found, waiting...
demo.pcm not found, waiting...
demo.pcm not found, waiting...
demo.pcm not found, waiting...
demo.pcm not found, waiting...
demo.pcm not found, waiting...
demo.pcm not found, waiting...
demo.pcm not found, waiting...
demo.pcm not found, waiting...
demo.pcm not found, waiting...
demo.pcm not found, waiting...
demo.pcm not found, waiting...
demo.pcm not found, waiting...
demo.pcm not found, waiting...
demo.pcm not found, waiting...
demo.pcm not found, waiting...
demo.pcm not found, waiting...
demo.pcm not found, waiting...
demo.pcm not found, waiting...
demo.pcm not found, waiting...
demo.pcm not found, waiting...
demo.pcm not found, waiting...
demo.pcm not found, waiting...
demo.pcm not found, waiting...
demo.pcm not found, waiting...
demo.pcm not found, waiting...
demo.pcm not found, waiting...
demo.pcm not found, waiting...
demo.pcm not found, waiting...
demo.pcm not found, waiting...
demo.pcm not found, waiting...
demo.pcm not found, waiting...
demo.pcm not found, waiting...
demo.pcm not found, waiting...
demo.pcm not found, waiting...
demo.pcm not found, waiting...
demo.pcm not found, waiting...
demo.pcm not found, waiting...
demo.pcm not found, waiting...
demo.pcm not found, waiting...
demo.pcm not found, waiting...
demo.pcm not found, waiting...
demo.pcm not found, waiting...
demo.pcm not found, waiting...
demo.pcm not found, waiting...
demo.pcm not found, waiting...
demo.pcm not found, waiting...
demo.pcm not found, waiting...
demo.pcm not found, waiting...
demo.pcm not found, waiting...
demo.pcm not found, waiting...
demo.pcm not found, waiting...
demo.pcm not found, waiting...
demo.pcm not found, waiting...
demo.pcm not found, waiting...
demo.pcm not found, waiting...
demo.pcm not found, waiting...
demo.pcm not found, waiting...
demo.pcm not found, waiting...
demo.pcm not found, waiting...
demo.pcm not found, waiting...
demo.pcm not found, waiting...
demo.pcm not found, waiting...
demo.pcm not found, waiting...
demo.pcm not found, waiting...
demo.pcm not found, waiting...
demo.pcm not found, waiting...
demo.pcm not found, waiting...
demo.pcm not found, waiting...
demo.pcm not found, waiting...
demo.pcm not found, waiting...
demo.pcm not found, waiting...
demo.pcm not found, waiting...
demo.pcm not found, waiting...
demo.pcm not found, waiting...
demo.pcm not found, waiting...
demo.pcm not found, waiting...
demo.pcm not found, waiting...
demo.pcm not found, waiting...
demo.pcm not found, waiting...
demo.pcm not found, waiting...
demo.pcm not found, waiting...
demo.pcm not found, waiting...
demo.pcm not found, waiting...
demo.pcm not found, waiting...
demo.pcm not found, waiting...
demo.pcm not found, waiting...
demo.pcm not found, waiting...
demo.pcm not found, waiting...
demo.pcm not found, waiting...
demo.pcm not found, waiting...
demo.pcm not found, waiting...
demo.pcm not found, waiting...
demo.pcm not found, waiting...
demo.pcm not found, waiting...
demo.pcm not found, waiting...
demo.pcm not found, waiting...
demo.pcm not found, waiting...
demo.pcm not found, waiting...
demo.pcm not found, waiting...
demo.pcm not found, waiting...
demo.pcm not found, waiting...
demo.pcm not found, waiting...
demo.pcm not found, waiting...
demo.pcm not found, waiting...
demo.pcm not found, waiting...
demo.pcm not found, waiting...
demo.pcm not found, waiting...
demo.pcm not found, waiting...
demo.pcm not found, waiting...
demo.pcm not found, waiting...
demo.pcm not found, waiting...
demo.pcm not found, waiting...
demo.pcm not found, waiting...
demo.pcm not found, waiting...
demo.pcm not found, waiting...
demo.pcm not found, waiting...
demo.pcm not found, waiting...
demo.pcm not found, waiting...
demo.pcm not found, waiting...
demo.pcm not found, waiting...
demo.pcm not found, waiting...
demo.pcm not found, waiting...
demo.pcm not found, waiting...
demo.pcm not found, waiting...
demo.pcm not found, waiting...
demo.pcm not found, waiting...
demo.pcm not found, waiting...
demo.pcm not found, waiting...
demo.pcm not found, waiting...
demo.pcm not found, waiting...
demo.pcm not found, waiting...
demo.pcm not found, waiting...
demo.pcm not found, waiting...
demo.pcm not found, waiting...
demo.pcm not found, waiting...
demo.pcm not found, waiting...
demo.pcm not found, waiting...
demo.pcm not found, waiting...
demo.pcm not found, waiting...
demo.pcm not found, waiting...
demo.pcm not found, waiting...
demo.pcm not found, waiting...
demo.pcm not found, waiting...
demo.pcm not found, waiting...
demo.pcm not found, waiting...
demo.pcm not found, waiting...
demo.pcm not found, waiting...
demo.pcm not found, waiting...
demo.pcm not found, waiting...
demo.pcm not found, waiting...
demo.pcm not found, waiting...
demo.pcm not found, waiting...
demo.pcm not found, waiting...
demo.pcm not found, waiting...
demo.pcm not found, waiting...
demo.pcm not found, waiting...
demo.pcm not found, waiting...
demo.pcm not found, waiting...
demo.pcm not found, waiting...
demo.pcm not found, waiting...
demo.pcm not found, waiting...
demo.pcm not found, waiting...
demo.pcm not found, waiting...
demo.pcm not found, waiting...
demo.pcm not found, waiting...
demo.pcm not found, waiting...
demo.pcm not found, waiting...
demo.pcm not found, waiting...
demo.pcm not found, waiting...
demo.pcm not found, waiting...
demo.pcm not found, waiting...
demo.pcm not found, waiting...
demo.pcm not found, waiting...
demo.pcm not found, waiting...
demo.pcm not found, waiting...
demo.pcm not found, waiting...
demo.pcm not found, waiting...
demo.pcm not found, waiting...
demo.pcm not found, waiting...
demo.pcm not found, waiting...
demo.pcm not found, waiting...
demo.pcm not found, waiting...
demo.pcm not found, waiting...
demo.pcm not found, waiting...
demo.pcm not found, waiting...
demo.pcm not found, waiting...
demo.pcm not found, waiting...
demo.pcm not found, waiting...
demo.pcm not found, waiting...
demo.pcm not found, waiting...
demo.pcm not found, waiting...
demo.pcm not found, waiting...
demo.pcm not found, waiting...
demo.pcm not found, waiting...
demo.pcm not found, waiting...
demo.pcm not found, waiting...
demo.pcm not found, waiting...
demo.pcm not found, waiting...
demo.pcm not found, waiting...
demo.pcm not found, waiting...
demo.pcm not found, waiting...
demo.pcm not found, waiting...
demo.pcm not found, waiting...
demo.pcm not found, waiting...
demo.pcm not found, waiting...
demo.pcm not found, waiting...
demo.pcm not found, waiting...
demo.pcm not found, waiting...
demo.pcm not found, waiting...
demo.pcm not found, waiting...
demo.pcm not found, waiting...
demo.pcm not found, waiting...
demo.pcm not found, waiting...
demo.pcm not found, waiting...
demo.pcm not found, waiting...
demo.pcm not found, waiting...
demo.pcm not found, waiting...
demo.pcm not found, waiting...
demo.pcm not found, waiting...
demo.pcm not found, waiting...
demo.pcm not found, waiting...
demo.pcm not found, waiting...
demo.pcm not found, waiting...
demo.pcm not found, waiting...
demo.pcm not found, waiting...
demo.pcm not found, waiting...
demo.pcm not found, waiting...
demo.pcm not found, waiting...
demo.pcm not found, waiting...
demo.pcm not found, waiting...
demo.pcm not found, waiting...
demo.pcm not found, waiting...
demo.pcm not found, waiting...
demo.pcm not found, waiting...
demo.pcm not found, waiting...
demo.pcm not found, waiting...
demo.pcm not found, waiting...
demo.pcm not found, waiting...
demo.pcm not found, waiting...
demo.pcm not found, waiting...
demo.pcm not found, waiting...
demo.pcm not found, waiting...
demo.pcm not found, waiting...
demo.pcm not found, waiting...
demo.pcm not found, waiting...
demo.pcm not found, waiting...
demo.pcm not found, waiting...
demo.pcm not found, waiting...
demo.pcm not found, waiting...
demo.pcm not found, waiting...
demo.pcm not found, waiting...
demo.pcm not found, waiting...
demo.pcm not found, waiting...
demo.pcm not found, waiting...
demo.pcm not found, waiting...
demo.pcm not found, waiting...
demo.pcm not found, waiting...
demo.pcm not found, waiting...
demo.pcm not found, waiting...
demo.pcm not found, waiting...
demo.pcm not found, waiting...
demo.pcm not found, waiting...
demo.pcm not found, waiting...
demo.pcm not found, waiting...
demo.pcm not found, waiting...
demo.pcm not found, waiting...
demo.pcm not found, waiting...
demo.pcm not found, waiting...
demo.pcm not found, waiting...
demo.pcm not found, waiting...
demo.pcm not found, waiting...
demo.pcm not found, waiting...
demo.pcm not found, waiting...
demo.pcm not found, waiting...
demo.pcm not found, waiting...
demo.pcm not found, waiting...
demo.pcm not found, waiting...
demo.pcm not found, waiting...
demo.pcm not found, waiting...
demo.pcm not found, waiting...
demo.pcm not found, waiting...
demo.pcm not found, waiting...
demo.pcm not found, waiting...
demo.pcm not found, waiting...
demo.pcm not found, waiting...
demo.pcm not found, waiting...
demo.pcm not found, waiting...
demo.pcm not found, waiting...
demo.pcm not found, waiting...
demo.pcm not found, waiting...
demo.pcm not found, waiting...
demo.pcm not found, waiting...
demo.pcm not found, waiting...
demo.pcm not found, waiting...
demo.pcm not found, waiting...
demo.pcm not found, waiting...
demo.pcm not found, waiting...
demo.pcm not found, waiting...
demo.pcm not found, waiting...
demo.pcm not found, waiting...
demo.pcm not found, waiting...
demo.pcm not found, waiting...
demo.pcm not found, waiting...
demo.pcm not found, waiting...
demo.pcm not found, waiting...
demo.pcm not found, waiting...
demo.pcm not found, waiting...
demo.pcm not found, waiting...
demo.pcm not found, waiting...
demo.pcm not found, waiting...
demo.pcm not found, waiting...
demo.pcm not found, waiting...
demo.pcm not found, waiting...
demo.pcm not found, waiting...
demo.pcm not found, waiting...
demo.pcm not found, waiting...
demo.pcm not found, waiting...
demo.pcm not found, waiting...
demo.pcm not found, waiting...
demo.pcm not found, waiting...
demo.pcm not found, waiting...
demo.pcm not found, waiting...
demo.pcm not found, waiting...
demo.pcm not found, waiting...
demo.pcm not found, waiting...
demo.pcm not found, waiting...
demo.pcm not found, waiting...
demo.pcm not found, waiting...
demo.pcm not found, waiting...
demo.pcm not found, waiting...
demo.pcm not found, waiting...
demo.pcm not found, waiting...
demo.pcm not found, waiting...
demo.pcm not found, waiting...
demo.pcm not found, waiting...
demo.pcm not found, waiting...
demo.pcm not found, waiting...
demo.pcm not found, waiting...
demo.pcm not found, waiting...
demo.pcm not found, waiting...
demo.pcm not found, waiting...
demo.pcm not found, waiting...
demo.pcm not found, waiting...
demo.pcm not found, waiting...
demo.pcm not found, waiting...
demo.pcm not found, waiting...
demo.pcm not found, waiting...
demo.pcm not found, waiting...
demo.pcm not found, waiting...
demo.pcm not found, waiting...
demo.pcm not found, waiting...
demo.pcm not found, waiting...
demo.pcm not found, waiting...
demo.pcm not found, waiting...
demo.pcm not found, waiting...
demo.pcm not found, waiting...
demo.pcm not found, waiting...
demo.pcm not found, waiting...
demo.pcm not found, waiting...
demo.pcm not found, waiting...
demo.pcm not found, waiting...
demo.pcm not found, waiting...
demo.pcm not found, waiting...
demo.pcm not found, waiting...
demo.pcm not found, waiting...
demo.pcm not found, waiting...
demo.pcm not found, waiting...
demo.pcm not found, waiting...
demo.pcm not found, waiting...
demo.pcm not found, waiting...
demo.pcm not found, waiting...
demo.pcm not found, waiting...
demo.pcm not found, waiting...
demo.pcm not found, waiting...
demo.pcm not found, waiting...
demo.pcm not found, waiting...
demo.pcm not found, waiting...
demo.pcm not found, waiting...
demo.pcm not found, waiting...
demo.pcm not found, waiting...
demo.pcm not found, waiting...
demo.pcm not found, waiting...
demo.pcm not found, waiting...
demo.pcm not found, waiting...
demo.pcm not found, waiting...
demo.pcm not found, waiting...
demo.pcm not found, waiting...
demo.pcm not found, waiting...
demo.pcm not found, waiting...
demo.pcm not found, waiting...
demo.pcm not found, waiting...
demo.pcm not found, waiting...
demo.pcm not found, waiting...
demo.pcm not found, waiting...
demo.pcm not found, waiting...
demo.pcm not found, waiting...
demo.pcm not found, waiting...
demo.pcm not found, waiting...
demo.pcm not found, waiting...
demo.pcm not found, waiting...
demo.pcm not found, waiting...
demo.pcm not found, waiting...
demo.pcm not found, waiting...
demo.pcm not found, waiting...
demo.pcm not found, waiting...
demo.pcm not found, waiting...
demo.pcm not found, waiting...
demo.pcm not found, waiting...
demo.pcm not found, waiting...
demo.pcm not found, waiting...
demo.pcm not found, waiting...
demo.pcm not found, waiting...
demo.pcm not found, waiting...
demo.pcm not found, waiting...
demo.pcm not found, waiting...
demo.pcm not found, waiting...
demo.pcm not found, waiting...
demo.pcm not found, waiting...
demo.pcm not found, waiting...
demo.pcm not found, waiting...
demo.pcm not found, waiting...
demo.pcm not found, waiting...
demo.pcm not found, waiting...
demo.pcm not found, waiting...
demo.pcm not found, waiting...
demo.pcm not found, waiting...
demo.pcm not found, waiting...
demo.pcm not found, waiting...
demo.pcm not found, waiting...
demo.pcm not found, waiting...
demo.pcm not found, waiting...
demo.pcm not found, waiting...
demo.pcm not found, waiting...
demo.pcm not found, waiting...
demo.pcm not found, waiting...
demo.pcm not found, waiting...
demo.pcm not found, waiting...
demo.pcm not found, waiting...
demo.pcm not found, waiting...
demo.pcm not found, waiting...
demo.pcm not found, waiting...
demo.pcm not found, waiting...
demo.pcm not found, waiting...
demo.pcm not found, waiting...
demo.pcm not found, waiting...
demo.pcm not found, waiting...
demo.pcm not found, waiting...
demo.pcm not found, waiting...
demo.pcm not found, waiting...
demo.pcm not found, waiting...
demo.pcm not found, waiting...
demo.pcm not found, waiting...
demo.pcm not found, waiting...
demo.pcm not found, waiting...
demo.pcm not found, waiting...
demo.pcm not found, waiting...
demo.pcm not found, waiting...
demo.pcm not found, waiting...
demo.pcm not found, waiting...
demo.pcm not found, waiting...
demo.pcm not found, waiting...
demo.pcm not found, waiting...
demo.pcm not found, waiting...
demo.pcm not found, waiting...
demo.pcm not found, waiting...
demo.pcm not found, waiting...
demo.pcm not found, waiting...
demo.pcm not found, waiting...
demo.pcm not found, waiting...
demo.pcm not found, waiting...
demo.pcm not found, waiting...
demo.pcm not found, waiting...
demo.pcm not found, waiting...
demo.pcm not found, waiting...
demo.pcm not found, waiting...
demo.pcm not found, waiting...
demo.pcm not found, waiting...
demo.pcm not found, waiting...
demo.pcm not found, waiting...
demo.pcm not found, waiting...
demo.pcm not found, waiting...
demo.pcm not found, waiting...
demo.pcm not found, waiting...
demo.pcm not found, waiting...
demo.pcm not found, waiting...
demo.pcm not found, waiting...
demo.pcm not found, waiting...
demo.pcm not found, waiting...
demo.pcm not found, waiting...
demo.pcm not found, waiting...
demo.pcm not found, waiting...
demo.pcm not found, waiting...
demo.pcm not found, waiting...
demo.pcm not found, waiting...
demo.pcm not found, waiting...
demo.pcm not found, waiting...
demo.pcm not found, waiting...
demo.pcm not found, waiting...
demo.pcm not found, waiting...
demo.pcm not found, waiting...
demo.pcm not found, waiting...
demo.pcm not found, waiting...
demo.pcm not found, waiting...
demo.pcm not found, waiting...
demo.pcm not found, waiting...
demo.pcm not found, waiting...
demo.pcm not found, waiting...
demo.pcm not found, waiting...
demo.pcm not found, waiting...
demo.pcm not found, waiting...
demo.pcm not found, waiting...
demo.pcm not found, waiting...
demo.pcm not found, waiting...
demo.pcm not found, waiting...
demo.pcm not found, waiting...
demo.pcm not found, waiting...
demo.pcm not found, waiting...
demo.pcm not found, waiting...
demo.pcm not found, waiting...
demo.pcm not found, waiting...
demo.pcm not found, waiting...
demo.pcm not found, waiting...
demo.pcm not found, waiting...
demo.pcm not found, waiting...
demo.pcm not found, waiting...
demo.pcm not found, waiting...
demo.pcm not found, waiting...
demo.pcm not found, waiting...
demo.pcm not found, waiting...
demo.pcm not found, waiting...
demo.pcm not found, waiting...
demo.pcm not found, waiting...
demo.pcm not found, waiting...
demo.pcm not found, waiting...
demo.pcm not found, waiting...
demo.pcm not found, waiting...
demo.pcm not found, waiting...
demo.pcm not found, waiting...
demo.pcm not found, waiting...
demo.pcm not found, waiting...
demo.pcm not found, waiting...
demo.pcm not found, waiting...
demo.pcm not found, waiting...
demo.pcm not found, waiting...
demo.pcm not found, waiting...
demo.pcm not found, waiting...
demo.pcm not found, waiting...
demo.pcm not found, waiting...
demo.pcm not found, waiting...
demo.pcm not found, waiting...
demo.pcm not found, waiting...
demo.pcm not found, waiting...
demo.pcm not found, waiting...
demo.pcm not found, waiting...
demo.pcm not found, waiting...
demo.pcm not found, waiting...
demo.pcm not found, waiting...
demo.pcm not found, waiting...
demo.pcm not found, waiting...
demo.pcm not found, waiting...
demo.pcm not found, waiting...
demo.pcm not found, waiting...
demo.pcm not found, waiting...
demo.pcm not found, waiting...
demo.pcm not found, waiting...
demo.pcm not found, waiting...
demo.pcm not found, waiting...
demo.pcm not found, waiting...
demo.pcm not found, waiting...
demo.pcm not found, waiting...
demo.pcm not found, waiting...
demo.pcm not found, waiting...
demo.pcm not found, waiting...
demo.pcm not found, waiting...
demo.pcm not found, waiting...
demo.pcm not found, waiting...
demo.pcm not found, waiting...
demo.pcm not found, waiting...
demo.pcm not found, waiting...
demo.pcm not found, waiting...
demo.pcm not found, waiting...
demo.pcm not found, waiting...
demo.pcm not found, waiting...
demo.pcm not found, waiting...
demo.pcm not found, waiting...
demo.pcm not found, waiting...
demo.pcm not found, waiting...
demo.pcm not found, waiting...
demo.pcm not found, waiting...
demo.pcm not found, waiting...
demo.pcm not found, waiting...
demo.pcm not found, waiting...
demo.pcm not found, waiting...
demo.pcm not found, waiting...
demo.pcm not found, waiting...
demo.pcm not found, waiting...
demo.pcm not found, waiting...
demo.pcm not found, waiting...
demo.pcm not found, waiting...
demo.pcm not found, waiting...
demo.pcm not found, waiting...
demo.pcm not found, waiting...
demo.pcm not found, waiting...
demo.pcm not found, waiting...
demo.pcm not found, waiting...
demo.pcm not found, waiting...
demo.pcm not found, waiting...
demo.pcm not found, waiting...
demo.pcm not found, waiting...
demo.pcm not found, waiting...
demo.pcm not found, waiting...
demo.pcm not found, waiting...
demo.pcm not found, waiting...
demo.pcm not found, waiting...
demo.pcm not found, waiting...
demo.pcm not found, waiting...
demo.pcm not found, waiting...
demo.pcm not found, waiting...
demo.pcm not found, waiting...
demo.pcm not found, waiting...
demo.pcm not found, waiting...
demo.pcm not found, waiting...
demo.pcm not found, waiting...
demo.pcm not found, waiting...
demo.pcm not found, waiting...
demo.pcm not found, waiting...
demo.pcm not found, waiting...
demo.pcm not found, waiting...
demo.pcm not found, waiting...
demo.pcm not found, waiting...
demo.pcm not found, waiting...
demo.pcm not found, waiting...
demo.pcm not found, waiting...
demo.pcm not found, waiting...
demo.pcm not found, waiting...
demo.pcm not found, waiting...
demo.pcm not found, waiting...
demo.pcm not found, waiting...
demo.pcm not found, waiting...
demo.pcm not found, waiting...
demo.pcm not found, waiting...
demo.pcm not found, waiting...
demo.pcm not found, waiting...
demo.pcm not found, waiting...
demo.pcm not found, waiting...
demo.pcm not found, waiting...
demo.pcm not found, waiting...
demo.pcm not found, waiting...
demo.pcm not found, waiting...
demo.pcm not found, waiting...
demo.pcm not found, waiting...
demo.pcm not found, waiting...
demo.pcm not found, waiting...
demo.pcm not found, waiting...
demo.pcm not found, waiting...
demo.pcm not found, waiting...
demo.pcm not found, waiting...
demo.pcm not found, waiting...
demo.pcm not found, waiting...
demo.pcm not found, waiting...
demo.pcm not found, waiting...
demo.pcm not found, waiting...
demo.pcm not found, waiting...
demo.pcm not found, waiting...
demo.pcm not found, waiting...
demo.pcm not found, waiting...
demo.pcm not found, waiting...
demo.pcm not found, waiting...
demo.pcm not found, waiting...
demo.pcm not found, waiting...
demo.pcm not found, waiting...
demo.pcm not found, waiting...
demo.pcm not found, waiting...
demo.pcm not found, waiting...
demo.pcm not found, waiting...
demo.pcm not found, waiting...
demo.pcm not found, waiting...
demo.pcm not found, waiting...
demo.pcm not found, waiting...
demo.pcm not found, waiting...
demo.pcm not found, waiting...
demo.pcm not found, waiting...
demo.pcm not found, waiting...
demo.pcm not found, waiting...
demo.pcm not found, waiting...
demo.pcm not found, waiting...
demo.pcm not found, waiting...
demo.pcm not found, waiting...
demo.pcm not found, waiting...
demo.pcm not found, waiting...
demo.pcm not found, waiting...
demo.pcm not found, waiting...
demo.pcm not found, waiting...
demo.pcm not found, waiting...
demo.pcm not found, waiting...
demo.pcm not found, waiting...
demo.pcm not found, waiting...
demo.pcm not found, waiting...
demo.pcm not found, waiting...
demo.pcm not found, waiting...
demo.pcm not found, waiting...
demo.pcm not found, waiting...
demo.pcm not found, waiting...
demo.pcm not found, waiting...
demo.pcm not found, waiting...
demo.pcm not found, waiting...
demo.pcm not found, waiting...
demo.pcm not found, waiting...
demo.pcm not found, waiting...
demo.pcm not found, waiting...
demo.pcm not found, waiting...
demo.pcm not found, waiting...
demo.pcm not found, waiting...
demo.pcm not found, waiting...
demo.pcm not found, waiting...
demo.pcm not found, waiting...
demo.pcm not found, waiting...
demo.pcm not found, waiting...
demo.pcm not found, waiting...
demo.pcm not found, waiting...
demo.pcm not found, waiting...
demo.pcm not found, waiting...
demo.pcm not found, waiting...
demo.pcm not found, waiting...
demo.pcm not found, waiting...
demo.pcm not found, waiting...
demo.pcm not found, waiting...
demo.pcm not found, waiting...
demo.pcm not found, waiting...
demo.pcm not found, waiting...
demo.pcm not found, waiting...
demo.pcm not found, waiting...
demo.pcm not found, waiting...
demo.pcm not found, waiting...
demo.pcm not found, waiting...
demo.pcm not found, waiting...
demo.pcm not found, waiting...
demo.pcm not found, waiting...
demo.pcm not found, waiting...
demo.pcm not found, waiting...
demo.pcm not found, waiting...
demo.pcm not found, waiting...
demo.pcm not found, waiting...
demo.pcm not found, waiting...
demo.pcm not found, waiting...
demo.pcm not found, waiting...
demo.pcm not found, waiting...
demo.pcm not found, waiting...
demo.pcm not found, waiting...
demo.pcm not found, waiting...
demo.pcm not found, waiting...
demo.pcm not found, waiting...
demo.pcm not found, waiting...
demo.pcm not found, waiting...
demo.pcm not found, waiting...
demo.pcm not found, waiting...
demo.pcm not found, waiting...
demo.pcm not found, waiting...
demo.pcm not found, waiting...
demo.pcm not found, waiting...
demo.pcm not found, waiting...
demo.pcm not found, waiting...
demo.pcm not found, waiting...
demo.pcm not found, waiting...
demo.pcm not found, waiting...
demo.pcm not found, waiting...
demo.pcm not found, waiting...
demo.pcm not found, waiting...
demo.pcm not found, waiting...
demo.pcm not found, waiting...
demo.pcm not found, waiting...
demo.pcm not found, waiting...
demo.pcm not found, waiting...
demo.pcm not found, waiting...
demo.pcm not found, waiting...
demo.pcm not found, waiting...
demo.pcm not found, waiting...
demo.pcm not found, waiting...
demo.pcm not found, waiting...
demo.pcm not found, waiting...
demo.pcm not found, waiting...
demo.pcm not found, waiting...
demo.pcm not found, waiting...
demo.pcm not found, waiting...
demo.pcm not found, waiting...
demo.pcm not found, waiting...
demo.pcm not found, waiting...
demo.pcm not found, waiting...
demo.pcm not found, waiting...
demo.pcm not found, waiting...
demo.pcm not found, waiting...
demo.pcm not found, waiting...
demo.pcm not found, waiting...
demo.pcm not found, waiting...
demo.pcm not found, waiting...
demo.pcm not found, waiting...
demo.pcm not found, waiting...
demo.pcm not found, waiting...
demo.pcm not found, waiting...
demo.pcm not found, waiting...
demo.pcm not found, waiting...
demo.pcm not found, waiting...
demo.pcm not found, waiting...
demo.pcm not found, waiting...
demo.pcm not found, waiting...
demo.pcm not found, waiting...
demo.pcm not found, waiting...
demo.pcm not found, waiting...
demo.pcm not found, waiting...
demo.pcm not found, waiting...
demo.pcm not found, waiting...
demo.pcm not found, waiting...
demo.pcm not found, waiting...
demo.pcm not found, waiting...
demo.pcm not found, waiting...
demo.pcm not found, waiting...
demo.pcm not found, waiting...
demo.pcm not found, waiting...
demo.pcm not found, waiting...
demo.pcm not found, waiting...
demo.pcm not found, waiting...
demo.pcm not found, waiting...
demo.pcm not found, waiting...
demo.pcm not found, waiting...
demo.pcm not found, waiting...
demo.pcm not found, waiting...
demo.pcm not found, waiting...
demo.pcm not found, waiting...
demo.pcm not found, waiting...
demo.pcm not found, waiting...
demo.pcm not found, waiting...
demo.pcm not found, waiting...
demo.pcm not found, waiting...
demo.pcm not found, waiting...
demo.pcm not found, waiting...
demo.pcm not found, waiting...
demo.pcm not found, waiting...
demo.pcm not found, waiting...
demo.pcm not found, waiting...
demo.pcm not found, waiting...
demo.pcm not found, waiting...
demo.pcm not found, waiting...
demo.pcm not found, waiting...
demo.pcm not found, waiting...
demo.pcm not found, waiting...
demo.pcm not found, waiting...
demo.pcm not found, waiting...
demo.pcm not found, waiting...
demo.pcm not found, waiting...
demo.pcm not found, waiting...
demo.pcm not found, waiting...
demo.pcm not found, waiting...
demo.pcm not found, waiting...
demo.pcm not found, waiting...
demo.pcm not found, waiting...
demo.pcm not found, waiting...
demo.pcm not found, waiting...
demo.pcm not found, waiting...
demo.pcm not found, waiting...
demo.pcm not found, waiting...
demo.pcm not found, waiting...
demo.pcm not found, waiting...
demo.pcm not found, waiting...
demo.pcm not found, waiting...
demo.pcm not found, waiting...
demo.pcm not found, waiting...
demo.pcm not found, waiting...
demo.pcm not found, waiting...
demo.pcm not found, waiting...
demo.pcm not found, waiting...
demo.pcm not found, waiting...
demo.pcm not found, waiting...
demo.pcm not found, waiting...
demo.pcm not found, waiting...
demo.pcm not found, waiting...
demo.pcm not found, waiting...
demo.pcm not found, waiting...
demo.pcm not found, waiting...
demo.pcm not found, waiting...
demo.pcm not found, waiting...
demo.pcm not found, waiting...
demo.pcm not found, waiting...
demo.pcm not found, waiting...
demo.pcm not found, waiting...
demo.pcm not found, waiting...
demo.pcm not found, waiting...
demo.pcm not found, waiting...
demo.pcm not found, waiting...
demo.pcm not found, waiting...
demo.pcm not found, waiting...
demo.pcm not found, waiting...
demo.pcm not found, waiting...
demo.pcm not found, waiting...
demo.pcm not found, waiting...
demo.pcm not found, waiting...
demo.pcm not found, waiting...
demo.pcm not found, waiting...
demo.pcm not found, waiting...
demo.pcm not found, waiting...
demo.pcm not found, waiting...
demo.pcm not found, waiting...
demo.pcm not found, waiting...
demo.pcm not found, waiting...
demo.pcm not found, waiting...
demo.pcm not found, waiting...
demo.pcm not found, waiting...
demo.pcm not found, waiting...
demo.pcm not found, waiting...
demo.pcm not found, waiting...
demo.pcm not found, waiting...
demo.pcm not found, waiting...
demo.pcm not found, waiting...
demo.pcm not found, waiting...
demo.pcm not found, waiting...
demo.pcm not found, waiting...
demo.pcm not found, waiting...
demo.pcm not found, waiting...
demo.pcm not found, waiting...
demo.pcm not found, waiting...
demo.pcm not found, waiting...
demo.pcm not found, waiting...
demo.pcm not found, waiting...
demo.pcm not found, waiting...
demo.pcm not found, waiting...
demo.pcm not found, waiting...
demo.pcm not found, waiting...
demo.pcm not found, waiting...
demo.pcm not found, waiting...
demo.pcm not found, waiting...
demo.pcm not found, waiting...
demo.pcm not found, waiting...
demo.pcm not found, waiting...
demo.pcm not found, waiting...
demo.pcm not found, waiting...
demo.pcm not found, waiting...
demo.pcm not found, waiting...
demo.pcm not found, waiting...
demo.pcm not found, waiting...
demo.pcm not found, waiting...
demo.pcm not found, waiting...
demo.pcm not found, waiting...
demo.pcm not found, waiting...
demo.pcm not found, waiting...
demo.pcm not found, waiting...
demo.pcm not found, waiting...
demo.pcm not found, waiting...
demo.pcm not found, waiting...
demo.pcm not found, waiting...
demo.pcm not found, waiting...
demo.pcm not found, waiting...
demo.pcm not found, waiting...
demo.pcm not found, waiting...
demo.pcm not found, waiting...
demo.pcm not found, waiting...
demo.pcm not found, waiting...
demo.pcm not found, waiting...
demo.pcm not found, waiting...
demo.pcm not found, waiting...
demo.pcm not found, waiting...
demo.pcm not found, waiting...
demo.pcm not found, waiting...
demo.pcm not found, waiting...
demo.pcm not found, waiting...
demo.pcm not found, waiting...
demo.pcm not found, waiting...
demo.pcm not found, waiting...
demo.pcm not found, waiting...
demo.pcm not found, waiting...
demo.pcm not found, waiting...
demo.pcm not found, waiting...
demo.pcm not found, waiting...
demo.pcm not found, waiting...
demo.pcm not found, waiting...
demo.pcm not found, waiting...
demo.pcm not found, waiting...
demo.pcm not found, waiting...
demo.pcm not found, waiting...
demo.pcm not found, waiting...
demo.pcm not found, waiting...
demo.pcm not found, waiting...
demo.pcm not found, waiting...
demo.pcm not found, waiting...
demo.pcm not found, waiting...
demo.pcm not found, waiting...
demo.pcm not found, waiting...
demo.pcm not found, waiting...
demo.pcm not found, waiting...
demo.pcm not found, waiting...
demo.pcm not found, waiting...
demo.pcm not found, waiting...
demo.pcm not found, waiting...
demo.pcm not found, waiting...
demo.pcm not found, waiting...
demo.pcm not found, waiting...
demo.pcm not found, waiting...
demo.pcm not found, waiting...
demo.pcm not found, waiting...
demo.pcm not found, waiting...
demo.pcm not found, waiting...
demo.pcm not found, waiting...
demo.pcm not found, waiting...
demo.pcm not found, waiting...
demo.pcm not found, waiting...
demo.pcm not found, waiting...
demo.pcm not found, waiting...
demo.pcm not found, waiting...
demo.pcm not found, waiting...
demo.pcm not found, waiting...
demo.pcm not found, waiting...
demo.pcm not found, waiting...
demo.pcm not found, waiting...
demo.pcm not found, waiting...
demo.pcm not found, waiting...
demo.pcm not found, waiting...
demo.pcm not found, waiting...
demo.pcm not found, waiting...
demo.pcm not found, waiting...
demo.pcm not found, waiting...
demo.pcm not found, waiting...
demo.pcm not found, waiting...
demo.pcm not found, waiting...
demo.pcm not found, waiting...
demo.pcm not found, waiting...
demo.pcm not found, waiting...
demo.pcm not found, waiting...
demo.pcm not found, waiting...
demo.pcm not found, waiting...
demo.pcm not found, waiting...
demo.pcm not found, waiting...
demo.pcm not found, waiting...
demo.pcm not found, waiting...
demo.pcm not found, waiting...
demo.pcm not found, waiting...
demo.pcm not found, waiting...
demo.pcm not found, waiting...
demo.pcm not found, waiting...
demo.pcm not found, waiting...
demo.pcm not found, waiting...
demo.pcm not found, waiting...
demo.pcm not found, waiting...
demo.pcm not found, waiting...
demo.pcm not found, waiting...
demo.pcm not found, waiting...
demo.pcm not found, waiting...
demo.pcm not found, waiting...
demo.pcm not found, waiting...
demo.pcm not found, waiting...
demo.pcm not found, waiting...
demo.pcm not found, waiting...
demo.pcm not found, waiting...
demo.pcm not found, waiting...
demo.pcm not found, waiting...
demo.pcm not found, waiting...
demo.pcm not found, waiting...
demo.pcm not found, waiting...
demo.pcm not found, waiting...
demo.pcm not found, waiting...
demo.pcm not found, waiting...
demo.pcm not found, waiting...
demo.pcm not found, waiting...
demo.pcm not found, waiting...
demo.pcm not found, waiting...
demo.pcm not found, waiting...
demo.pcm not found, waiting...
demo.pcm not found, waiting...
demo.pcm not found, waiting...
demo.pcm not found, waiting...
demo.pcm not found, waiting...
demo.pcm not found, waiting...
demo.pcm not found, waiting...
demo.pcm not found, waiting...
demo.pcm not found, waiting...
demo.pcm not found, waiting...
demo.pcm not found, waiting...
demo.pcm not found, waiting...
demo.pcm not found, waiting...
demo.pcm not found, waiting...
demo.pcm not found, waiting...
demo.pcm not found, waiting...
demo.pcm not found, waiting...
demo.pcm not found, waiting...
demo.pcm not found, waiting...
demo.pcm not found, waiting...
demo.pcm not found, waiting...
demo.pcm not found, waiting...
demo.pcm not found, waiting...
demo.pcm not found, waiting...
demo.pcm not found, waiting...
demo.pcm not found, waiting...
demo.pcm not found, waiting...
demo.pcm not found, waiting...
demo.pcm not found, waiting...
demo.pcm not found, waiting...
demo.pcm not found, waiting...
demo.pcm not found, waiting...
demo.pcm not found, waiting...
demo.pcm not found, waiting...
demo.pcm not found, waiting...
demo.pcm not found, waiting...
demo.pcm not found, waiting...
demo.pcm not found, waiting...
demo.pcm not found, waiting...
demo.pcm not found, waiting...
demo.pcm not found, waiting...
demo.pcm not found, waiting...
demo.pcm not found, waiting...
demo.pcm not found, waiting...
demo.pcm not found, waiting...
demo.pcm not found, waiting...
demo.pcm not found, waiting...
demo.pcm not found, waiting...
demo.pcm not found, waiting...
demo.pcm not found, waiting...
demo.pcm not found, waiting...
demo.pcm not found, waiting...
demo.pcm not found, waiting...
demo.pcm not found, waiting...
demo.pcm not found, waiting...
demo.pcm not found, waiting...
demo.pcm not found, waiting...
demo.pcm not found, waiting...
demo.pcm not found, waiting...
demo.pcm not found, waiting...
demo.pcm not found, waiting...
demo.pcm not found, waiting...
demo.pcm not found, waiting...
demo.pcm not found, waiting...
demo.pcm not found, waiting...
demo.pcm not found, waiting...
demo.pcm not found, waiting...
demo.pcm not found, waiting...
demo.pcm not found, waiting...
demo.pcm not found, waiting...
demo.pcm not found, waiting...
demo.pcm not found, waiting...
demo.pcm not found, waiting...
demo.pcm not found, waiting...
demo.pcm not found, waiting...
demo.pcm not found, waiting...
demo.pcm not found, waiting...
demo.pcm not found, waiting...
demo.pcm not found, waiting...
demo.pcm not found, waiting...
demo.pcm not found, waiting...
demo.pcm not found, waiting...
demo.pcm not found, waiting...
demo.pcm not found, waiting...
demo.pcm not found, waiting...
demo.pcm not found, waiting...
demo.pcm not found, waiting...
demo.pcm not found, waiting...
demo.pcm not found, waiting...
demo.pcm not found, waiting...
demo.pcm not found, waiting...
demo.pcm not found, waiting...
demo.pcm not found, waiting...
demo.pcm not found, waiting...
demo.pcm not found, waiting...
demo.pcm not found, waiting...
demo.pcm not found, waiting...
demo.pcm not found, waiting...
demo.pcm not found, waiting...
demo.pcm not found, waiting...
demo.pcm not found, waiting...
demo.pcm not found, waiting...
demo.pcm not found, waiting...
demo.pcm not found, waiting...
demo.pcm not found, waiting...
demo.pcm not found, waiting...
demo.pcm not found, waiting...
demo.pcm not found, waiting...
demo.pcm not found, waiting...
demo.pcm not found, waiting...
demo.pcm not found, waiting...
demo.pcm not found, waiting...
demo.pcm not found, waiting...
demo.pcm not found, waiting...
demo.pcm not found, waiting...
demo.pcm not found, waiting...
demo.pcm not found, waiting...
demo.pcm not found, waiting...
demo.pcm not found, waiting...
demo.pcm not found, waiting...
demo.pcm not found, waiting...
demo.pcm not found, waiting...
demo.pcm not found, waiting...
demo.pcm not found, waiting...
demo.pcm not found, waiting...
demo.pcm not found, waiting...
demo.pcm not found, waiting...
demo.pcm not found, waiting...
demo.pcm not found, waiting...
demo.pcm not found, waiting...
demo.pcm not found, waiting...
demo.pcm not found, waiting...
demo.pcm not found, waiting...
demo.pcm not found, waiting...
demo.pcm not found, waiting...
demo.pcm not found, waiting...
demo.pcm not found, waiting...
demo.pcm not found, waiting...
demo.pcm not found, waiting...
demo.pcm not found, waiting...
demo.pcm not found, waiting...
demo.pcm not found, waiting...
demo.pcm not found, waiting...
demo.pcm not found, waiting...
demo.pcm not found, waiting...
demo.pcm not found, waiting...
demo.pcm not found, waiting...
demo.pcm not found, waiting...
demo.pcm not found, waiting...
demo.pcm not found, waiting...
demo.pcm not found, waiting...
demo.pcm not found, waiting...
demo.pcm not found, waiting...
demo.pcm not found, waiting...
demo.pcm not found, waiting...
demo.pcm not found, waiting...
demo.pcm not found, waiting...
demo.pcm not found, waiting...
demo.pcm not found, waiting...
demo.pcm not found, waiting...
demo.pcm not found, waiting...
demo.pcm not found, waiting...
demo.pcm not found, waiting...
demo.pcm not found, waiting...
demo.pcm not found, waiting...
demo.pcm not found, waiting...
demo.pcm not found, waiting...
demo.pcm not found, waiting...
demo.pcm not found, waiting...
demo.pcm not found, waiting...
demo.pcm not found, waiting...
demo.pcm not found, waiting...
demo.pcm not found, waiting...
demo.pcm not found, waiting...
demo.pcm not found, waiting...
demo.pcm not found, waiting...
demo.pcm not found, waiting...
demo.pcm not found, waiting...
demo.pcm not found, waiting...
demo.pcm not found, waiting...
demo.pcm not found, waiting...
demo.pcm not found, waiting...
demo.pcm not found, waiting...
demo.pcm not found, waiting...
demo.pcm not found, waiting...
demo.pcm not found, waiting...
demo.pcm not found, waiting...
demo.pcm not found, waiting...
demo.pcm not found, waiting...
demo.pcm not found, waiting...
demo.pcm not found, waiting...
demo.pcm not found, waiting...
demo.pcm not found, waiting...
demo.pcm not found, waiting...
demo.pcm not found, waiting...
demo.pcm not found, waiting...
demo.pcm not found, waiting...
demo.pcm not found, waiting...
demo.pcm not found, waiting...
demo.pcm not found, waiting...
demo.pcm not found, waiting...
demo.pcm not found, waiting...
demo.pcm not found, waiting...
demo.pcm not found, waiting...
demo.pcm not found, waiting...
demo.pcm not found, waiting...
demo.pcm not found, waiting...
demo.pcm not found, waiting...
demo.pcm not found, waiting...
demo.pcm not found, waiting...
demo.pcm not found, waiting...
demo.pcm not found, waiting...
demo.pcm not found, waiting...
demo.pcm not found, waiting...
demo.pcm not found, waiting...
demo.pcm not found, waiting...
demo.pcm not found, waiting...
demo.pcm not found, waiting...
demo.pcm not found, waiting...
demo.pcm not found, waiting...
demo.pcm not found, waiting...
demo.pcm not found, waiting...
demo.pcm not found, waiting...
demo.pcm not found, waiting...
demo.pcm not found, waiting...
demo.pcm not found, waiting...
demo.pcm not found, waiting...
demo.pcm not found, waiting...
demo.pcm not found, waiting...
demo.pcm not found, waiting...
demo.pcm not found, waiting...
demo.pcm not found, waiting...
demo.pcm not found, waiting...
demo.pcm not found, waiting...
demo.pcm not found, waiting...
demo.pcm not found, waiting...
demo.pcm not found, waiting...
demo.pcm not found, waiting...
demo.pcm not found, waiting...
demo.pcm not found, waiting...
demo.pcm not found, waiting...
demo.pcm not found, waiting...
demo.pcm not found, waiting...
demo.pcm not found, waiting...
demo.pcm not found, waiting...
demo.pcm not found, waiting...
demo.pcm not found, waiting...
demo.pcm not found, waiting...
demo.pcm not found, waiting...
demo.pcm not found, waiting...
demo.pcm not found, waiting...
demo.pcm not found, waiting...
demo.pcm not found, waiting...
demo.pcm not found, waiting...
demo.pcm not found, waiting...
demo.pcm not found, waiting...
demo.pcm not found, waiting...
demo.pcm not found, waiting...
demo.pcm not found, waiting...
demo.pcm not found, waiting...
demo.pcm not found, waiting...
demo.pcm not found, waiting...
demo.pcm not found, waiting...
demo.pcm not found, waiting...
demo.pcm not found, waiting...
demo.pcm not found, waiting...
demo.pcm not found, waiting...
demo.pcm not found, waiting...
demo.pcm not found, waiting...
demo.pcm not found, waiting...
demo.pcm not found, waiting...
demo.pcm not found, waiting...
demo.pcm not found, waiting...
demo.pcm not found, waiting...
demo.pcm not found, waiting...
demo.pcm not found, waiting...
demo.pcm not found, waiting...
demo.pcm not found, waiting...
demo.pcm not found, waiting...
demo.pcm not found, waiting...
demo.pcm not found, waiting...
demo.pcm not found, waiting...
demo.pcm not found, waiting...
demo.pcm not found, waiting...
demo.pcm not found, waiting...
demo.pcm not found, waiting...
demo.pcm not found, waiting...
demo.pcm not found, waiting...
demo.pcm not found, waiting...
demo.pcm not found, waiting...
demo.pcm not found, waiting...
demo.pcm not found, waiting...
demo.pcm not found, waiting...
demo.pcm not found, waiting...
demo.pcm not found, waiting...
demo.pcm not found, waiting...
demo.pcm not found, waiting...
demo.pcm not found, waiting...
demo.pcm not found, waiting...
demo.pcm not found, waiting...
demo.pcm not found, waiting...
demo.pcm not found, waiting...
demo.pcm not found, waiting...
demo.pcm not found, waiting...
demo.pcm not found, waiting...
demo.pcm not found, waiting...
demo.pcm not found, waiting...
demo.pcm not found, waiting...
demo.pcm not found, waiting...
demo.pcm not found, waiting...
demo.pcm not found, waiting...
demo.pcm not found, waiting...
demo.pcm not found, waiting...
demo.pcm not found, waiting...
demo.pcm not found, waiting...
demo.pcm not found, waiting...
demo.pcm not found, waiting...
demo.pcm not found, waiting...
demo.pcm not found, waiting...
demo.pcm not found, waiting...
demo.pcm not found, waiting...
demo.pcm not found, waiting...
demo.pcm not found, waiting...
demo.pcm not found, waiting...
demo.pcm not found, waiting...
demo.pcm not found, waiting...
demo.pcm not found, waiting...
demo.pcm not found, waiting...
demo.pcm not found, waiting...
demo.pcm not found, waiting...
demo.pcm not found, waiting...
demo.pcm not found, waiting...
demo.pcm not found, waiting...
demo.pcm not found, waiting...
demo.pcm not found, waiting...
demo.pcm not found, waiting...
demo.pcm not found, waiting...
demo.pcm not found, waiting...
demo.pcm not found, waiting...
demo.pcm not found, waiting...
demo.pcm not found, waiting...
demo.pcm not found, waiting...
demo.pcm not found, waiting...
demo.pcm not found, waiting...
demo.pcm not found, waiting...
demo.pcm not found, waiting...
demo.pcm not found, waiting...
demo.pcm not found, waiting...
demo.pcm not found, waiting...
demo.pcm not found, waiting...
demo.pcm not found, waiting...
demo.pcm not found, waiting...
demo.pcm not found, waiting...
demo.pcm not found, waiting...
demo.pcm not found, waiting...
demo.pcm not found, waiting...
demo.pcm not found, waiting...
demo.pcm not found, waiting...
demo.pcm not found, waiting...
demo.pcm not found, waiting...
demo.pcm not found, waiting...
demo.pcm not found, waiting...
demo.pcm not found, waiting...
demo.pcm not found, waiting...
demo.pcm not found, waiting...
demo.pcm not found, waiting...
demo.pcm not found, waiting...
demo.pcm not found, waiting...
demo.pcm not found, waiting...
demo.pcm not found, waiting...
demo.pcm not found, waiting...
demo.pcm not found, waiting...
demo.pcm not found, waiting...
demo.pcm not found, waiting...
demo.pcm not found, waiting...
demo.pcm not found, waiting...
demo.pcm not found, waiting...
demo.pcm not found, waiting...
demo.pcm not found, waiting...
demo.pcm not found, waiting...
demo.pcm not found, waiting...
demo.pcm not found, waiting...
demo.pcm not found, waiting...
demo.pcm not found, waiting...
demo.pcm not found, waiting...
demo.pcm not found, waiting...
demo.pcm not found, waiting...
demo.pcm not found, waiting...
demo.pcm not found, waiting...
demo.pcm not found, waiting...
demo.pcm not found, waiting...
demo.pcm not found, waiting...
demo.pcm not found, waiting...
demo.pcm not found, waiting...
demo.pcm not found, waiting...
demo.pcm not found, waiting...
demo.pcm not found, waiting...
demo.pcm not found, waiting...
demo.pcm not found, waiting...
demo.pcm not found, waiting...
demo.pcm not found, waiting...
demo.pcm not found, waiting...
demo.pcm not found, waiting...
demo.pcm not found, waiting...
demo.pcm not found, waiting...
demo.pcm not found, waiting...
demo.pcm not found, waiting...
demo.pcm not found, waiting...
demo.pcm not found, waiting...
demo.pcm not found, waiting...
demo.pcm not found, waiting...
demo.pcm not found, waiting...
demo.pcm not found, waiting...
demo.pcm not found, waiting...
demo.pcm not found, waiting...
demo.pcm not found, waiting...
demo.pcm not found, waiting...
demo.pcm not found, waiting...
demo.pcm not found, waiting...
demo.pcm not found, waiting...
demo.pcm not found, waiting...
demo.pcm not found, waiting...
demo.pcm not found, waiting...
demo.pcm not found, waiting...
demo.pcm not found, waiting...
demo.pcm not found, waiting...
demo.pcm not found, waiting...
demo.pcm not found, waiting...
demo.pcm not found, waiting...
demo.pcm not found, waiting...
demo.pcm not found, waiting...
demo.pcm not found, waiting...
demo.pcm not found, waiting...
demo.pcm not found, waiting...
demo.pcm not found, waiting...
demo.pcm not found, waiting...
demo.pcm not found, waiting...
demo.pcm not found, waiting...
demo.pcm not found, waiting...
demo.pcm not found, waiting...
demo.pcm not found, waiting...
demo.pcm not found, waiting...
demo.pcm not found, waiting...
demo.pcm not found, waiting...
demo.pcm not found, waiting...
demo.pcm not found, waiting...
demo.pcm not found, waiting...
demo.pcm not found, waiting...
demo.pcm not found, waiting...
demo.pcm not found, waiting...
demo.pcm not found, waiting...
demo.pcm not found, waiting...
demo.pcm not found, waiting...
demo.pcm not found, waiting...
demo.pcm not found, waiting...
demo.pcm not found, waiting...
demo.pcm not found, waiting...
demo.pcm not found, waiting...
demo.pcm not found, waiting...
demo.pcm not found, waiting...
demo.pcm not found, waiting...
demo.pcm not found, waiting...
demo.pcm not found, waiting...
demo.pcm not found, waiting...
demo.pcm not found, waiting...
demo.pcm not found, waiting...
demo.pcm not found, waiting...
demo.pcm not found, waiting...
demo.pcm not found, waiting...
demo.pcm not found, waiting...
demo.pcm not found, waiting...
demo.pcm not found, waiting...
demo.pcm not found, waiting...
demo.pcm not found, waiting...
demo.pcm not found, waiting...
demo.pcm not found, waiting...
demo.pcm not found, waiting...
demo.pcm not found, waiting...
demo.pcm not found, waiting...
demo.pcm not found, waiting...
demo.pcm not found, waiting...
demo.pcm not found, waiting...
demo.pcm not found, waiting...
demo.pcm not found, waiting...
demo.pcm not found, waiting...
demo.pcm not found, waiting...
demo.pcm not found, waiting...
demo.pcm not found, waiting...
demo.pcm not found, waiting...
demo.pcm not found, waiting...
demo.pcm not found, waiting...
demo.pcm not found, waiting...
demo.pcm not found, waiting...
demo.pcm not found, waiting...
demo.pcm not found, waiting...
demo.pcm not found, waiting...
demo.pcm not found, waiting...
demo.pcm not found, waiting...
demo.pcm not found, waiting...
demo.pcm not found, waiting...
demo.pcm not found, waiting...
demo.pcm not found, waiting...
demo.pcm not found, waiting...
demo.pcm not found, waiting...
demo.pcm not found, waiting...
demo.pcm not found, waiting...
demo.pcm not found, waiting...
demo.pcm not found, waiting...
demo.pcm not found, waiting...
demo.pcm not found, waiting...
demo.pcm not found, waiting...
demo.pcm not found, waiting...
demo.pcm not found, waiting...
demo.pcm not found, waiting...
demo.pcm not found, waiting...
demo.pcm not found, waiting...
demo.pcm not found, waiting...
demo.pcm not found, waiting...
demo.pcm not found, waiting...
demo.pcm not found, waiting...
demo.pcm not found, waiting...
demo.pcm not found, waiting...
demo.pcm not found, waiting...
demo.pcm not found, waiting...
demo.pcm not found, waiting...
demo.pcm not found, waiting...
demo.pcm not found, waiting...
demo.pcm not found, waiting...
demo.pcm not found, waiting...
demo.pcm not found, waiting...
demo.pcm not found, waiting...
demo.pcm not found, waiting...
demo.pcm not found, waiting...
demo.pcm not found, waiting...
demo.pcm not found, waiting...
demo.pcm not found, waiting...
demo.pcm not found, waiting...
demo.pcm not found, waiting...
demo.pcm not found, waiting...
demo.pcm not found, waiting...
demo.pcm not found, waiting...
demo.pcm not found, waiting...
demo.pcm not found, waiting...
demo.pcm not found, waiting...
demo.pcm not found, waiting...
demo.pcm not found, waiting...
demo.pcm not found, waiting...
demo.pcm not found, waiting...
demo.pcm not found, waiting...
demo.pcm not found, waiting...
demo.pcm not found, waiting...
demo.pcm not found, waiting...
demo.pcm not found, waiting...
demo.pcm not found, waiting...
demo.pcm not found, waiting...
demo.pcm not found, waiting...
demo.pcm not found, waiting...
demo.pcm not found, waiting...
demo.pcm not found, waiting...
demo.pcm not found, waiting...
demo.pcm not found, waiting...
demo.pcm not found, waiting...
demo.pcm not found, waiting...
demo.pcm not found, waiting...
demo.pcm not found, waiting...
demo.pcm not found, waiting...
demo.pcm not found, waiting...
demo.pcm not found, waiting...
demo.pcm not found, waiting...
demo.pcm not found, waiting...
demo.pcm not found, waiting...
demo.pcm not found, waiting...
demo.pcm not found, waiting...
demo.pcm not found, waiting...
demo.pcm not found, waiting...
demo.pcm not found, waiting...
demo.pcm not found, waiting...
demo.pcm not found, waiting...
demo.pcm not found, waiting...
demo.pcm not found, waiting...
demo.pcm not found, waiting...
demo.pcm not found, waiting...
demo.pcm not found, waiting...
demo.pcm not found, waiting...
demo.pcm not found, waiting...
demo.pcm not found, waiting...
demo.pcm not found, waiting...
demo.pcm not found, waiting...
demo.pcm not found, waiting...
demo.pcm not found, waiting...
demo.pcm not found, waiting...
demo.pcm not found, waiting...
demo.pcm not found, waiting...
demo.pcm not found, waiting...
demo.pcm not found, waiting...
demo.pcm not found, waiting...
demo.pcm not found, waiting...
demo.pcm not found, waiting...
demo.pcm not found, waiting...
demo.pcm not found, waiting...
demo.pcm not found, waiting...
demo.pcm not found, waiting...
demo.pcm not found, waiting...
demo.pcm not found, waiting...
demo.pcm not found, waiting...
demo.pcm not found, waiting...
demo.pcm not found, waiting...
demo.pcm not found, waiting...
demo.pcm not found, waiting...
demo.pcm not found, waiting...
demo.pcm not found, waiting...
demo.pcm not found, waiting...
demo.pcm not found, waiting...
demo.pcm not found, waiting...
demo.pcm not found, waiting...
demo.pcm not found, waiting...
demo.pcm not found, waiting...
demo.pcm not found, waiting...
demo.pcm not found, waiting...
demo.pcm not found, waiting...
demo.pcm not found, waiting...
demo.pcm not found, waiting...
demo.pcm not found, waiting...
demo.pcm not found, waiting...
demo.pcm not found, waiting...
demo.pcm not found, waiting...
demo.pcm not found, waiting...
demo.pcm not found, waiting...
demo.pcm not found, waiting...
demo.pcm not found, waiting...
demo.pcm not found, waiting...
demo.pcm not found, waiting...
demo.pcm not found, waiting...
demo.pcm not found, waiting...
demo.pcm not found, waiting...
demo.pcm not found, waiting...
demo.pcm not found, waiting...
demo.pcm not found, waiting...
demo.pcm not found, waiting...
demo.pcm not found, waiting...
demo.pcm not found, waiting...
demo.pcm not found, waiting...
demo.pcm not found, waiting...
demo.pcm not found, waiting...
demo.pcm not found, waiting...
demo.pcm not found, waiting...
demo.pcm not found, waiting...
demo.pcm not found, waiting...
demo.pcm not found, waiting...
demo.pcm not found, waiting...
demo.pcm not found, waiting...
demo.pcm not found, waiting...
demo.pcm not found, waiting...
demo.pcm not found, waiting...
demo.pcm not found, waiting...
demo.pcm not found, waiting...
demo.pcm not found, waiting...
demo.pcm not found, waiting...
demo.pcm not found, waiting...
demo.pcm not found, waiting...
demo.pcm not found, waiting...
demo.pcm not found, waiting...
demo.pcm not found, waiting...
demo.pcm not found, waiting...
demo.pcm not found, waiting...
demo.pcm not found, waiting...
demo.pcm not found, waiting...
demo.pcm not found, waiting...
demo.pcm not found, waiting...
demo.pcm not found, waiting...
demo.pcm not found, waiting...
demo.pcm not found, waiting...
demo.pcm not found, waiting...
demo.pcm not found, waiting...
demo.pcm not found, waiting...
demo.pcm not found, waiting...
demo.pcm not found, waiting...
demo.pcm not found, waiting...
demo.pcm not found, waiting...
demo.pcm not found, waiting...
demo.pcm not found, waiting...
demo.pcm not found, waiting...
demo.pcm not found, waiting...
demo.pcm not found, waiting...
demo.pcm not found, waiting...
demo.pcm not found, waiting...
demo.pcm not found, waiting...
demo.pcm not found, waiting...
demo.pcm not found, waiting...
demo.pcm not found, waiting...
demo.pcm not found, waiting...
demo.pcm not found, waiting...
demo.pcm not found, waiting...
demo.pcm not found, waiting...
demo.pcm not found, waiting...
demo.pcm not found, waiting...
demo.pcm not found, waiting...
demo.pcm not found, waiting...
demo.pcm not found, waiting...
demo.pcm not found, waiting...
demo.pcm not found, waiting...
demo.pcm not found, waiting...
demo.pcm not found, waiting...
demo.pcm not found, waiting...
demo.pcm not found, waiting...
demo.pcm not found, waiting...
demo.pcm not found, waiting...
demo.pcm not found, waiting...
demo.pcm not found, waiting...
demo.pcm not found, waiting...
demo.pcm not found, waiting...
demo.pcm not found, waiting...
demo.pcm not found, waiting...
demo.pcm not found, waiting...
demo.pcm not found, waiting...
demo.pcm not found, waiting...
demo.pcm not found, waiting...
demo.pcm not found, waiting...
demo.pcm not found, waiting...
demo.pcm not found, waiting...
demo.pcm not found, waiting...
demo.pcm not found, waiting...
demo.pcm not found, waiting...
demo.pcm not found, waiting...
demo.pcm not found, waiting...
demo.pcm not found, waiting...
demo.pcm not found, waiting...
demo.pcm not found, waiting...
demo.pcm not found, waiting...
demo.pcm not found, waiting...
demo.pcm not found, waiting...
demo.pcm not found, waiting...
demo.pcm not found, waiting...
demo.pcm not found, waiting...
demo.pcm not found, waiting...
demo.pcm not found, waiting...
demo.pcm not found, waiting...
demo.pcm not found, waiting...
demo.pcm not found, waiting...
demo.pcm not found, waiting...
demo.pcm not found, waiting...
demo.pcm not found, waiting...
demo.pcm not found, waiting...
demo.pcm not found, waiting...
demo.pcm not found, waiting...
demo.pcm not found, waiting...
demo.pcm not found, waiting...
demo.pcm not found, waiting...
demo.pcm not found, waiting...
demo.pcm not found, waiting...
demo.pcm not found, waiting...
demo.pcm not found, waiting...
demo.pcm not found, waiting...
demo.pcm not found, waiting...
demo.pcm not found, waiting...
demo.pcm not found, waiting...
demo.pcm not found, waiting...
demo.pcm not found, waiting...
demo.pcm not found, waiting...
demo.pcm not found, waiting...
demo.pcm not found, waiting...
demo.pcm not found, waiting...
demo.pcm not found, waiting...
demo.pcm not found, waiting...
demo.pcm not found, waiting...
demo.pcm not found, waiting...
demo.pcm not found, waiting...
demo.pcm not found, waiting...
demo.pcm not found, waiting...
demo.pcm not found, waiting...
demo.pcm not found, waiting...
demo.pcm not found, waiting...
demo.pcm not found, waiting...
demo.pcm not found, waiting...
demo.pcm not found, waiting...
demo.pcm not found, waiting...
demo.pcm not found, waiting...
demo.pcm not found, waiting...
demo.pcm not found, waiting...
demo.pcm not found, waiting...
demo.pcm not found, waiting...
demo.pcm not found, waiting...
demo.pcm not found, waiting...
demo.pcm not found, waiting...
demo.pcm not found, waiting...
demo.pcm not found, waiting...
demo.pcm not found, waiting...
demo.pcm not found, waiting...
demo.pcm not found, waiting...
demo.pcm not found, waiting...
demo.pcm not found, waiting...
demo.pcm not found, waiting...
demo.pcm not found, waiting...
demo.pcm not found, waiting...
demo.pcm not found, waiting...
demo.pcm not found, waiting...
demo.pcm not found, waiting...
demo.pcm not found, waiting...
demo.pcm not found, waiting...
demo.pcm not found, waiting...
demo.pcm not found, waiting...
demo.pcm not found, waiting...
demo.pcm not found, waiting...
demo.pcm not found, waiting...
demo.pcm not found, waiting...
demo.pcm not found, waiting...
demo.pcm not found, waiting...
demo.pcm not found, waiting...
demo.pcm not found, waiting...
demo.pcm not found, waiting...
demo.pcm not found, waiting...
demo.pcm not found, waiting...
demo.pcm not found, waiting...
demo.pcm not found, waiting...
demo.pcm not found, waiting...
demo.pcm not found, waiting...
demo.pcm not found, waiting...
demo.pcm not found, waiting...
demo.pcm not found, waiting...
demo.pcm not found, waiting...
demo.pcm not found, waiting...
demo.pcm not found, waiting...
demo.pcm not found, waiting...
demo.pcm not found, waiting...
demo.pcm not found, waiting...
demo.pcm not found, waiting...
demo.pcm not found, waiting...
demo.pcm not found, waiting...
demo.pcm not found, waiting...
demo.pcm not found, waiting...
demo.pcm not found, waiting...
demo.pcm not found, waiting...
demo.pcm not found, waiting...
demo.pcm not found, waiting...
demo.pcm not found, waiting...
demo.pcm not found, waiting...
demo.pcm not found, waiting...
demo.pcm not found, waiting...
demo.pcm not found, waiting...
demo.pcm not found, waiting...
demo.pcm not found, waiting...
demo.pcm not found, waiting...
demo.pcm not found, waiting...
demo.pcm not found, waiting...
demo.pcm not found, waiting...
demo.pcm not found, waiting...
demo.pcm not found, waiting...
demo.pcm not found, waiting...
demo.pcm not found, waiting...
demo.pcm not found, waiting...
demo.pcm not found, waiting...
demo.pcm not found, waiting...
demo.pcm not found, waiting...
demo.pcm not found, waiting...
demo.pcm not found, waiting...
demo.pcm not found, waiting...
demo.pcm not found, waiting...
demo.pcm not found, waiting...
demo.pcm not found, waiting...
demo.pcm not found, waiting...
demo.pcm not found, waiting...
demo.pcm not found, waiting...
demo.pcm not found, waiting...
demo.pcm not found, waiting...
demo.pcm not found, waiting...
demo.pcm not found, waiting...
demo.pcm not found, waiting...
demo.pcm not found, waiting...
demo.pcm not found, waiting...
demo.pcm not found, waiting...
demo.pcm not found, waiting...
demo.pcm not found, waiting...
demo.pcm not found, waiting...
demo.pcm not found, waiting...
demo.pcm not found, waiting...
demo.pcm not found, waiting...
demo.pcm not found, waiting...
demo.pcm not found, waiting...
demo.pcm not found, waiting...
demo.pcm not found, waiting...
demo.pcm not found, waiting...
demo.pcm not found, waiting...
demo.pcm not found, waiting...
demo.pcm not found, waiting...
demo.pcm not found, waiting...
demo.pcm not found, waiting...
demo.pcm not found, waiting...
demo.pcm not found, waiting...
demo.pcm not found, waiting...
demo.pcm not found, waiting...
demo.pcm not found, waiting...
demo.pcm not found, waiting...
demo.pcm not found, waiting...
demo.pcm not found, waiting...
demo.pcm not found, waiting...
demo.pcm not found, waiting...
demo.pcm not found, waiting...
demo.pcm not found, waiting...
demo.pcm not found, waiting...
demo.pcm not found, waiting...
demo.pcm not found, waiting...
demo.pcm not found, waiting...
demo.pcm not found, waiting...
demo.pcm not found, waiting...
demo.pcm not found, waiting...
demo.pcm not found, waiting...
demo.pcm not found, waiting...
demo.pcm not found, waiting...
demo.pcm not found, waiting...
demo.pcm not found, waiting...
demo.pcm not found, waiting...
demo.pcm not found, waiting...
demo.pcm not found, waiting...
demo.pcm not found, waiting...
demo.pcm not found, waiting...
demo.pcm not found, waiting...
demo.pcm not found, waiting...
demo.pcm not found, waiting...
demo.pcm not found, waiting...
demo.pcm not found, waiting...
demo.pcm not found, waiting...
demo.pcm not found, waiting...
demo.pcm not found, waiting...
demo.pcm not found, waiting...
demo.pcm not found, waiting...
demo.pcm not found, waiting...
demo.pcm not found, waiting...
demo.pcm not found, waiting...
demo.pcm not found, waiting...
demo.pcm not found, waiting...
demo.pcm not found, waiting...
demo.pcm not found, waiting...
demo.pcm not found, waiting...
demo.pcm not found, waiting...
demo.pcm not found, waiting...
demo.pcm not found, waiting...
demo.pcm not found, waiting...
demo.pcm not found, waiting...
demo.pcm not found, waiting...
demo.pcm not found, waiting...
demo.pcm not found, waiting...
demo.pcm not found, waiting...
demo.pcm not found, waiting...
demo.pcm not found, waiting...
demo.pcm not found, waiting...
demo.pcm not found, waiting...
demo.pcm not found, waiting...
demo.pcm not found, waiting...
demo.pcm not found, waiting...
demo.pcm not found, waiting...
demo.pcm not found, waiting...
demo.pcm not found, waiting...
demo.pcm not found, waiting...
demo.pcm not found, waiting...
demo.pcm not found, waiting...
demo.pcm not found, waiting...
demo.pcm not found, waiting...
demo.pcm not found, waiting...
demo.pcm not found, waiting...
demo.pcm not found, waiting...
demo.pcm not found, waiting...
demo.pcm not found, waiting...
demo.pcm not found, waiting...
demo.pcm not found, waiting...
demo.pcm not found, waiting...
demo.pcm not found, waiting...
demo.pcm not found, waiting...
demo.pcm not found, waiting...
demo.pcm not found, waiting...
demo.pcm not found, waiting...
demo.pcm not found, waiting...
demo.pcm not found, waiting...
demo.pcm not found, waiting...
demo.pcm not found, waiting...
demo.pcm not found, waiting...
demo.pcm not found, waiting...
demo.pcm not found, waiting...
demo.pcm not found, waiting...
demo.pcm not found, waiting...
demo.pcm not found, waiting...
demo.pcm not found, waiting...
demo.pcm not found, waiting...
demo.pcm not found, waiting...
demo.pcm not found, waiting...
demo.pcm not found, waiting...
demo.pcm not found, waiting...
demo.pcm not found, waiting...
demo.pcm not found, waiting...
demo.pcm not found, waiting...
demo.pcm not found, waiting...
demo.pcm not found, waiting...
demo.pcm not found, waiting...
demo.pcm not found, waiting...
demo.pcm not found, waiting...
demo.pcm not found, waiting...
demo.pcm not found, waiting...
demo.pcm not found, waiting...
demo.pcm not found, waiting...
demo.pcm not found, waiting...
demo.pcm not found, waiting...
demo.pcm not found, waiting...
demo.pcm not found, waiting...
demo.pcm not found, waiting...
demo.pcm not found, waiting...
demo.pcm not found, waiting...
demo.pcm not found, waiting...
demo.pcm not found, waiting...
demo.pcm not found, waiting...
demo.pcm not found, waiting...
demo.pcm not found, waiting...
demo.pcm not found, waiting...
demo.pcm not found, waiting...
demo.pcm not found, waiting...
demo.pcm not found, waiting...
demo.pcm not found, waiting...
demo.pcm not found, waiting...
demo.pcm not found, waiting...
demo.pcm not found, waiting...
demo.pcm not found, waiting...
demo.pcm not found, waiting...
demo.pcm not found, waiting...
demo.pcm not found, waiting...
demo.pcm not found, waiting...
demo.pcm not found, waiting...
demo.pcm not found, waiting...
demo.pcm not found, waiting...
demo.pcm not found, waiting...
demo.pcm not found, waiting...
demo.pcm not found, waiting...
demo.pcm not found, waiting...
demo.pcm not found, waiting...
demo.pcm not found, waiting...
demo.pcm not found, waiting...
demo.pcm not found, waiting...
demo.pcm not found, waiting...
demo.pcm not found, waiting...
demo.pcm not found, waiting...
demo.pcm not found, waiting...
demo.pcm not found, waiting...
demo.pcm not found, waiting...
demo.pcm not found, waiting...
demo.pcm not found, waiting...
demo.pcm not found, waiting...
demo.pcm not found, waiting...
demo.pcm not found, waiting...
demo.pcm not found, waiting...
demo.pcm not found, waiting...
demo.pcm not found, waiting...
demo.pcm not found, waiting...
demo.pcm not found, waiting...
demo.pcm not found, waiting...
demo.pcm not found, waiting...
demo.pcm not found, waiting...
demo.pcm not found, waiting...
demo.pcm not found, waiting...
demo.pcm not found, waiting...
demo.pcm not found, waiting...
demo.pcm not found, waiting...
demo.pcm not found, waiting...
demo.pcm not found, waiting...
demo.pcm not found, waiting...
demo.pcm not found, waiting...
demo.pcm not found, waiting...
demo.pcm not found, waiting...
demo.pcm not found, waiting...
demo.pcm not found, waiting...
demo.pcm not found, waiting...
demo.pcm not found, waiting...
demo.pcm not found, waiting...
demo.pcm not found, waiting...
demo.pcm not found, waiting...
demo.pcm not found, waiting...
demo.pcm not found, waiting...
demo.pcm not found, waiting...
demo.pcm not found, waiting...
demo.pcm not found, waiting...
demo.pcm not found, waiting...
demo.pcm not found, waiting...
demo.pcm not found, waiting...
demo.pcm not found, waiting...
demo.pcm not found, waiting...
demo.pcm not found, waiting...
demo.pcm not found, waiting...
demo.pcm not found, waiting...
demo.pcm not found, waiting...
demo.pcm not found, waiting...
demo.pcm not found, waiting...
demo.pcm not found, waiting...
demo.pcm not found, waiting...
demo.pcm not found, waiting...
demo.pcm not found, waiting...
demo.pcm not found, waiting...
demo.pcm not found, waiting...
demo.pcm not found, waiting...
demo.pcm not found, waiting...
demo.pcm not found, waiting...
demo.pcm not found, waiting...
demo.pcm not found, waiting...
demo.pcm not found, waiting...
demo.pcm not found, waiting...
demo.pcm not found, waiting...
demo.pcm not found, waiting...
demo.pcm not found, waiting...
demo.pcm not found, waiting...
demo.pcm not found, waiting...
demo.pcm not found, waiting...
demo.pcm not found, waiting...
demo.pcm not found, waiting...
demo.pcm not found, waiting...
demo.pcm not found, waiting...
demo.pcm not found, waiting...
demo.pcm not found, waiting...
demo.pcm not found, waiting...
demo.pcm not found, waiting...
demo.pcm not found, waiting...
demo.pcm not found, waiting...
demo.pcm not found, waiting...
demo.pcm not found, waiting...
demo.pcm not found, waiting...
demo.pcm not found, waiting...
demo.pcm not found, waiting...
demo.pcm not found, waiting...
demo.pcm not found, waiting...
demo.pcm not found, waiting...
demo.pcm not found, waiting...
demo.pcm not found, waiting...
demo.pcm not found, waiting...
demo.pcm not found, waiting...
demo.pcm not found, waiting...
demo.pcm not found, waiting...
demo.pcm not found, waiting...
demo.pcm not found, waiting...
demo.pcm not found, waiting...
demo.pcm not found, waiting...
demo.pcm not found, waiting...
demo.pcm not found, waiting...
demo.pcm not found, waiting...
demo.pcm not found, waiting...
demo.pcm not found, waiting...
demo.pcm not found, waiting...
demo.pcm not found, waiting...
demo.pcm not found, waiting...
demo.pcm not found, waiting...
demo.pcm not found, waiting...
demo.pcm not found, waiting...
demo.pcm not found, waiting...
demo.pcm not found, waiting...
demo.pcm not found, waiting...
demo.pcm not found, waiting...
demo.pcm not found, waiting...
demo.pcm not found, waiting...
demo.pcm not found, waiting...
demo.pcm not found, waiting...
demo.pcm not found, waiting...
demo.pcm not found, waiting...
demo.pcm not found, waiting...
demo.pcm not found, waiting...
demo.pcm not found, waiting...
demo.pcm not found, waiting...
demo.pcm not found, waiting...
demo.pcm not found, waiting...
demo.pcm not found, waiting...
demo.pcm not found, waiting...
demo.pcm not found, waiting...
demo.pcm not found, waiting...
demo.pcm not found, waiting...
demo.pcm not found, waiting...
demo.pcm not found, waiting...
demo.pcm not found, waiting...
demo.pcm not found, waiting...
demo.pcm not found, waiting...
demo.pcm not found, waiting...
demo.pcm not found, waiting...
demo.pcm not found, waiting...
demo.pcm not found, waiting...
demo.pcm not found, waiting...
demo.pcm not found, waiting...
demo.pcm not found, waiting...
demo.pcm not found, waiting...
demo.pcm not found, waiting...
demo.pcm not found, waiting...
demo.pcm not found, waiting...
demo.pcm not found, waiting...
demo.pcm not found, waiting...
demo.pcm not found, waiting...
demo.pcm not found, waiting...
demo.pcm not found, waiting...
demo.pcm not found, waiting...
demo.pcm not found, waiting...
demo.pcm not found, waiting...
demo.pcm not found, waiting...
demo.pcm not found, waiting...
demo.pcm not found, waiting...
demo.pcm not found, waiting...
demo.pcm not found, waiting...
demo.pcm not found, waiting...
demo.pcm not found, waiting...
demo.pcm not found, waiting...
demo.pcm not found, waiting...
demo.pcm not found, waiting...
demo.pcm not found, waiting...
demo.pcm not found, waiting...
demo.pcm not found, waiting...
demo.pcm not found, waiting...
demo.pcm not found, waiting...
demo.pcm not found, waiting...
demo.pcm not found, waiting...
demo.pcm not found, waiting...
demo.pcm not found, waiting...
demo.pcm not found, waiting...
demo.pcm not found, waiting...
demo.pcm not found, waiting...
demo.pcm not found, waiting...
demo.pcm not found, waiting...
demo.pcm not found, waiting...
demo.pcm not found, waiting...
demo.pcm not found, waiting...
demo.pcm not found, waiting...
demo.pcm not found, waiting...
demo.pcm not found, waiting...
demo.pcm not found, waiting...
demo.pcm not found, waiting...
demo.pcm not found, waiting...
demo.pcm not found, waiting...
demo.pcm not found, waiting...
demo.pcm not found, waiting...
demo.pcm not found, waiting...
demo.pcm not found, waiting...
demo.pcm not found, waiting...
demo.pcm not found, waiting...
demo.pcm not found, waiting...
demo.pcm not found, waiting...
demo.pcm not found, waiting...
demo.pcm not found, waiting...
demo.pcm not found, waiting...
demo.pcm not found, waiting...
demo.pcm not found, waiting...
demo.pcm not found, waiting...
demo.pcm not found, waiting...
demo.pcm not found, waiting...
demo.pcm not found, waiting...
demo.pcm not found, waiting...
demo.pcm not found, waiting...
demo.pcm not found, waiting...
demo.pcm not found, waiting...
demo.pcm not found, waiting...
demo.pcm not found, waiting...
demo.pcm not found, waiting...
demo.pcm not found, waiting...
demo.pcm not found, waiting...
demo.pcm not found, waiting...
demo.pcm not found, waiting...
demo.pcm not found, waiting...
demo.pcm not found, waiting...
demo.pcm not found, waiting...
demo.pcm not found, waiting...
demo.pcm not found, waiting...
demo.pcm not found, waiting...
demo.pcm not found, waiting...
demo.pcm not found, waiting...
demo.pcm not found, waiting...
demo.pcm not found, waiting...
demo.pcm not found, waiting...
demo.pcm not found, waiting...
demo.pcm not found, waiting...
demo.pcm not found, waiting...
demo.pcm not found, waiting...
demo.pcm not found, waiting...
demo.pcm not found, waiting...
demo.pcm not found, waiting...
demo.pcm not found, waiting...
demo.pcm not found, waiting...
demo.pcm not found, waiting...
demo.pcm not found, waiting...
demo.pcm not found, waiting...
demo.pcm not found, waiting...
demo.pcm not found, waiting...
demo.pcm not found, waiting...
demo.pcm not found, waiting...
demo.pcm not found, waiting...
demo.pcm not found, waiting...
demo.pcm not found, waiting...
demo.pcm not found, waiting...
demo.pcm not found, waiting...
demo.pcm not found, waiting...
demo.pcm not found, waiting...
demo.pcm not found, waiting...
demo.pcm not found, waiting...
demo.pcm not found, waiting...
demo.pcm not found, waiting...
demo.pcm not found, waiting...
demo.pcm not found, waiting...
demo.pcm not found, waiting...
demo.pcm not found, waiting...
demo.pcm not found, waiting...
demo.pcm not found, waiting...
demo.pcm not found, waiting...
demo.pcm not found, waiting...
demo.pcm not found, waiting...
demo.pcm not found, waiting...
demo.pcm not found, waiting...
demo.pcm not found, waiting...
demo.pcm not found, waiting...
demo.pcm not found, waiting...
demo.pcm not found, waiting...
demo.pcm not found, waiting...
demo.pcm not found, waiting...
demo.pcm not found, waiting...
demo.pcm not found, waiting...
demo.pcm not found, waiting...
demo.pcm not found, waiting...
demo.pcm not found, waiting...
demo.pcm not found, waiting...
demo.pcm not found, waiting...
demo.pcm not found, waiting...
demo.pcm not found, waiting...
demo.pcm not found, waiting...
demo.pcm not found, waiting...
demo.pcm not found, waiting...
demo.pcm not found, waiting...
demo.pcm not found, waiting...
demo.pcm not found, waiting...
demo.pcm not found, waiting...
demo.pcm not found, waiting...
demo.pcm not found, waiting...
demo.pcm not found, waiting...
demo.pcm not found, waiting...
demo.pcm not found, waiting...
demo.pcm not found, waiting...
demo.pcm not found, waiting...
demo.pcm not found, waiting...
demo.pcm not found, waiting...
demo.pcm not found, waiting...
demo.pcm not found, waiting...
demo.pcm not found, waiting...
demo.pcm not found, waiting...
demo.pcm not found, waiting...
demo.pcm not found, waiting...
demo.pcm not found, waiting...
demo.pcm not found, waiting...
demo.pcm not found, waiting...
demo.pcm not found, waiting...
demo.pcm not found, waiting...
demo.pcm not found, waiting...
demo.pcm not found, waiting...
demo.pcm not found, waiting...
demo.pcm not found, waiting...
demo.pcm not found, waiting...
demo.pcm not found, waiting...
demo.pcm not found, waiting...
demo.pcm not found, waiting...
demo.pcm not found, waiting...
demo.pcm not found, waiting...
demo.pcm not found, waiting...
demo.pcm not found, waiting...
demo.pcm not found, waiting...
demo.pcm not found, waiting...
demo.pcm not found, waiting...
demo.pcm not found, waiting...
demo.pcm not found, waiting...
demo.pcm not found, waiting...
demo.pcm not found, waiting...
demo.pcm not found, waiting...
demo.pcm not found, waiting...
demo.pcm not found, waiting...
demo.pcm not found, waiting...
demo.pcm not found, waiting...
demo.pcm not found, waiting...
demo.pcm not found, waiting...
demo.pcm not found, waiting...
demo.pcm not found, waiting...
demo.pcm not found, waiting...
demo.pcm not found, waiting...
demo.pcm not found, waiting...
demo.pcm not found, waiting...
demo.pcm not found, waiting...
demo.pcm not found, waiting...
demo.pcm not found, waiting...
demo.pcm not found, waiting...
demo.pcm not found, waiting...
demo.pcm not found, waiting...
demo.pcm not found, waiting...
demo.pcm not found, waiting...
demo.pcm not found, waiting...
demo.pcm not found, waiting...
demo.pcm not found, waiting...
demo.pcm not found, waiting...
demo.pcm not found, waiting...
demo.pcm not found, waiting...
demo.pcm not found, waiting...
demo.pcm not found, waiting...
demo.pcm not found, waiting...
demo.pcm not found, waiting...
demo.pcm not found, waiting...
demo.pcm not found, waiting...
demo.pcm not found, waiting...
demo.pcm not found, waiting...
demo.pcm not found, waiting...
demo.pcm not found, waiting...
demo.pcm not found, waiting...
demo.pcm not found, waiting...
demo.pcm not found, waiting...
demo.pcm not found, waiting...
demo.pcm not found, waiting...
demo.pcm not found, waiting...
demo.pcm not found, waiting...
demo.pcm not found, waiting...
demo.pcm not found, waiting...
demo.pcm not found, waiting...
demo.pcm not found, waiting...
demo.pcm not found, waiting...
demo.pcm not found, waiting...
demo.pcm not found, waiting...
demo.pcm not found, waiting...
demo.pcm not found, waiting...
demo.pcm not found, waiting...
demo.pcm not found, waiting...
demo.pcm not found, waiting...
demo.pcm not found, waiting...
demo.pcm not found, waiting...
demo.pcm not found, waiting...
demo.pcm not found, waiting...
demo.pcm not found, waiting...
demo.pcm not found, waiting...
demo.pcm not found, waiting...
demo.pcm not found, waiting...
demo.pcm not found, waiting...
demo.pcm not found, waiting...
demo.pcm not found, waiting...
demo.pcm not found, waiting...
demo.pcm not found, waiting...
demo.pcm not found, waiting...
demo.pcm not found, waiting...
demo.pcm not found, waiting...
demo.pcm not found, waiting...
demo.pcm not found, waiting...
demo.pcm not found, waiting...
demo.pcm not found, waiting...
demo.pcm not found, waiting...
demo.pcm not found, waiting...
demo.pcm not found, waiting...
demo.pcm not found, waiting...
demo.pcm not found, waiting...
demo.pcm not found, waiting...
demo.pcm not found, waiting...
demo.pcm not found, waiting...
demo.pcm not found, waiting...
demo.pcm not found, waiting...
demo.pcm not found, waiting...
demo.pcm not found, waiting...
demo.pcm not found, waiting...
demo.pcm not found, waiting...
demo.pcm not found, waiting...
demo.pcm not found, waiting...
demo.pcm not found, waiting...
demo.pcm not found, waiting...
demo.pcm not found, waiting...
demo.pcm not found, waiting...
demo.pcm not found, waiting...
demo.pcm not found, waiting...
demo.pcm not found, waiting...
demo.pcm not found, waiting...
demo.pcm not found, waiting...
demo.pcm not found, waiting...
demo.pcm not found, waiting...
demo.pcm not found, waiting...
demo.pcm not found, waiting...
demo.pcm not found, waiting...
demo.pcm not found, waiting...
demo.pcm not found, waiting...
demo.pcm not found, waiting...
demo.pcm not found, waiting...
demo.pcm not found, waiting...
demo.pcm not found, waiting...
demo.pcm not found, waiting...
demo.pcm not found, waiting...
demo.pcm not found, waiting...
demo.pcm not found, waiting...
demo.pcm not found, waiting...
demo.pcm not found, waiting...
demo.pcm not found, waiting...
demo.pcm not found, waiting...
demo.pcm not found, waiting...
demo.pcm not found, waiting...
demo.pcm not found, waiting...
demo.pcm not found, waiting...
demo.pcm not found, waiting...
demo.pcm not found, waiting...
demo.pcm not found, waiting...
demo.pcm not found, waiting...
demo.pcm not found, waiting...
demo.pcm not found, waiting...
demo.pcm not found, waiting...
demo.pcm not found, waiting...
demo.pcm not found, waiting...
demo.pcm not found, waiting...
demo.pcm not found, waiting...
demo.pcm not found, waiting...
demo.pcm not found, waiting...
demo.pcm not found, waiting...
demo.pcm not found, waiting...
demo.pcm not found, waiting...
demo.pcm not found, waiting...
demo.pcm not found, waiting...
demo.pcm not found, waiting...
demo.pcm not found, waiting...
demo.pcm not found, waiting...
demo.pcm not found, waiting...
demo.pcm not found, waiting...
demo.pcm not found, waiting...
demo.pcm not found, waiting...
demo.pcm not found, waiting...
demo.pcm not found, waiting...
demo.pcm not found, waiting...
demo.pcm not found, waiting...
demo.pcm not found, waiting...
demo.pcm not found, waiting...
demo.pcm not found, waiting...
demo.pcm not found, waiting...
demo.pcm not found, waiting...
demo.pcm not found, waiting...
demo.pcm not found, waiting...
demo.pcm not found, waiting...
demo.pcm not found, waiting...
demo.pcm not found, waiting...
demo.pcm not found, waiting...
demo.pcm not found, waiting...
demo.pcm not found, waiting...
demo.pcm not found, waiting...
demo.pcm not found, waiting...
demo.pcm not found, waiting...
demo.pcm not found, waiting...
demo.pcm not found, waiting...
demo.pcm not found, waiting...
demo.pcm not found, waiting...
demo.pcm not found, waiting...
demo.pcm not found, waiting...
demo.pcm not found, waiting...
demo.pcm not found, waiting...
demo.pcm not found, waiting...
demo.pcm not found, waiting...
demo.pcm not found, waiting...
demo.pcm not found, waiting...
demo.pcm not found, waiting...
demo.pcm not found, waiting...
demo.pcm not found, waiting...
demo.pcm not found, waiting...
demo.pcm not found, waiting...
demo.pcm not found, waiting...
demo.pcm not found, waiting...
demo.pcm not found, waiting...
demo.pcm not found, waiting...
demo.pcm not found, waiting...
demo.pcm not found, waiting...
demo.pcm not found, waiting...
demo.pcm not found, waiting...
demo.pcm not found, waiting...
demo.pcm not found, waiting...
demo.pcm not found, waiting...
demo.pcm not found, waiting...
demo.pcm not found, waiting...
demo.pcm not found, waiting...
demo.pcm not found, waiting...
demo.pcm not found, waiting...
demo.pcm not found, waiting...
demo.pcm not found, waiting...
demo.pcm not found, waiting...
demo.pcm not found, waiting...
demo.pcm not found, waiting...
demo.pcm not found, waiting...
demo.pcm not found, waiting...
demo.pcm not found, waiting...
demo.pcm not found, waiting...
demo.pcm not found, waiting...
demo.pcm not found, waiting...
demo.pcm not found, waiting...
demo.pcm not found, waiting...
demo.pcm not found, waiting...
demo.pcm not found, waiting...
demo.pcm not found, waiting...
demo.pcm not found, waiting...
demo.pcm not found, waiting...
demo.pcm not found, waiting...
demo.pcm not found, waiting...
demo.pcm not found, waiting...
demo.pcm not found, waiting...
demo.pcm not found, waiting...
demo.pcm not found, waiting...
demo.pcm not found, waiting...
demo.pcm not found, waiting...
demo.pcm not found, waiting...
demo.pcm not found, waiting...
demo.pcm not found, waiting...
demo.pcm not found, waiting...
demo.pcm not found, waiting...
demo.pcm not found, waiting...
demo.pcm not found, waiting...
demo.pcm not found, waiting...
demo.pcm not found, waiting...
demo.pcm not found, waiting...
demo.pcm not found, waiting...
demo.pcm not found, waiting...
demo.pcm not found, waiting...
demo.pcm not found, waiting...
demo.pcm not found, waiting...
demo.pcm not found, waiting...
demo.pcm not found, waiting...
demo.pcm not found, waiting...
demo.pcm not found, waiting...
demo.pcm not found, waiting...
demo.pcm not found, waiting...
demo.pcm not found, waiting...
demo.pcm not found, waiting...
demo.pcm not found, waiting...
demo.pcm not found, waiting...
demo.pcm not found, waiting...
demo.pcm not found, waiting...
demo.pcm not found, waiting...
demo.pcm not found, waiting...
demo.pcm not found, waiting...
demo.pcm not found, waiting...
demo.pcm not found, waiting...
demo.pcm not found, waiting...
demo.pcm not found, waiting...
demo.pcm not found, waiting...
demo.pcm not found, waiting...
demo.pcm not found, waiting...
demo.pcm not found, waiting...
demo.pcm not found, waiting...
demo.pcm not found, waiting...
demo.pcm not found, waiting...
demo.pcm not found, waiting...
demo.pcm not found, waiting...
demo.pcm not found, waiting...
demo.pcm not found, waiting...
demo.pcm not found, waiting...
demo.pcm not found, waiting...
demo.pcm not found, waiting...
demo.pcm not found, waiting...
demo.pcm not found, waiting...
demo.pcm not found, waiting...
demo.pcm not found, waiting...
demo.pcm not found, waiting...
demo.pcm not found, waiting...
demo.pcm not found, waiting...
demo.pcm not found, waiting...
demo.pcm not found, waiting...
demo.pcm not found, waiting...
demo.pcm not found, waiting...
demo.pcm not found, waiting...
demo.pcm not found, waiting...
demo.pcm not found, waiting...
demo.pcm not found, waiting...
demo.pcm not found, waiting...
demo.pcm not found, waiting...
demo.pcm not found, waiting...
demo.pcm not found, waiting...
demo.pcm not found, waiting...
demo.pcm not found, waiting...
demo.pcm not found, waiting...
demo.pcm not found, waiting...
demo.pcm not found, waiting...
demo.pcm not found, waiting...
demo.pcm not found, waiting...
demo.pcm not found, waiting...
demo.pcm not found, waiting...
demo.pcm not found, waiting...
demo.pcm not found, waiting...
demo.pcm not found, waiting...
demo.pcm not found, waiting...
demo.pcm not found, waiting...
demo.pcm not found, waiting...
demo.pcm not found, waiting...
demo.pcm not found, waiting...
demo.pcm not found, waiting...
demo.pcm not found, waiting...
demo.pcm not found, waiting...
demo.pcm not found, waiting...
demo.pcm not found, waiting...
demo.pcm not found, waiting...
demo.pcm not found, waiting...
demo.pcm not found, waiting...
demo.pcm not found, waiting...
demo.pcm not found, waiting...
demo.pcm not found, waiting...
demo.pcm not found, waiting...
demo.pcm not found, waiting...
demo.pcm not found, waiting...
demo.pcm not found, waiting...
demo.pcm not found, waiting...
demo.pcm not found, waiting...
demo.pcm not found, waiting...
demo.pcm not found, waiting...
demo.pcm not found, waiting...
demo.pcm not found, waiting...
demo.pcm not found, waiting...
demo.pcm not found, waiting...
demo.pcm not found, waiting...
demo.pcm not found, waiting...
demo.pcm not found, waiting...
demo.pcm not found, waiting...
demo.pcm not found, waiting...
demo.pcm not found, waiting...
demo.pcm not found, waiting...
demo.pcm not found, waiting...
demo.pcm not found, waiting...
demo.pcm not found, waiting...
demo.pcm not found, waiting...
demo.pcm not found, waiting...
demo.pcm not found, waiting...
demo.pcm not found, waiting...
demo.pcm not found, waiting...
demo.pcm not found, waiting...
demo.pcm not found, waiting...
demo.pcm not found, waiting...
demo.pcm not found, waiting...
demo.pcm not found, waiting...
demo.pcm not found, waiting...
demo.pcm not found, waiting...
demo.pcm not found, waiting...
demo.pcm not found, waiting...
demo.pcm not found, waiting...
demo.pcm not found, waiting...
demo.pcm not found, waiting...
demo.pcm not found, waiting...
demo.pcm not found, waiting...
demo.pcm not found, waiting...
demo.pcm not found, waiting...
demo.pcm not found, waiting...
demo.pcm not found, waiting...
demo.pcm not found, waiting...
demo.pcm not found, waiting...
demo.pcm not found, waiting...
demo.pcm not found, waiting...
demo.pcm not found, waiting...
demo.pcm not found, waiting...
demo.pcm not found, waiting...
demo.pcm not found, waiting...
demo.pcm not found, waiting...
demo.pcm not found, waiting...
demo.pcm not found, waiting...
demo.pcm not found, waiting...
demo.pcm not found, waiting...
demo.pcm not found, waiting...
demo.pcm not found, waiting...
demo.pcm not found, waiting...
demo.pcm not found, waiting...
demo.pcm not found, waiting...
demo.pcm not found, waiting...
demo.pcm not found, waiting...
demo.pcm not found, waiting...
demo.pcm not found, waiting...
demo.pcm not found, waiting...
demo.pcm not found, waiting...
demo.pcm not found, waiting...
demo.pcm not found, waiting...
demo.pcm not found, waiting...
demo.pcm not found, waiting...
demo.pcm not found, waiting...
demo.pcm not found, waiting...
demo.pcm not found, waiting...
demo.pcm not found, waiting...
demo.pcm not found, waiting...
demo.pcm not found, waiting...
demo.pcm not found, waiting...
demo.pcm not found, waiting...
demo.pcm not found, waiting...
demo.pcm not found, waiting...
demo.pcm not found, waiting...
demo.pcm not found, waiting...
demo.pcm not found, waiting...
demo.pcm not found, waiting...
demo.pcm not found, waiting...
demo.pcm not found, waiting...
demo.pcm not found, waiting...
demo.pcm not found, waiting...
demo.pcm not found, waiting...
demo.pcm not found, waiting...
demo.pcm not found, waiting...
demo.pcm not found, waiting...
demo.pcm not found, waiting...
demo.pcm not found, waiting...
demo.pcm not found, waiting...
demo.pcm not found, waiting...
demo.pcm not found, waiting...
demo.pcm not found, waiting...
demo.pcm not found, waiting...
demo.pcm not found, waiting...
demo.pcm not found, waiting...
demo.pcm not found, waiting...
demo.pcm not found, waiting...
demo.pcm not found, waiting...
demo.pcm not found, waiting...
demo.pcm not found, waiting...
demo.pcm not found, waiting...
demo.pcm not found, waiting...
demo.pcm not found, waiting...
demo.pcm not found, waiting...
demo.pcm not found, waiting...
demo.pcm not found, waiting...
demo.pcm not found, waiting...
demo.pcm not found, waiting...
demo.pcm not found, waiting...
demo.pcm not found, waiting...
demo.pcm not found, waiting...
demo.pcm not found, waiting...
demo.pcm not found, waiting...
demo.pcm not found, waiting...
demo.pcm not found, waiting...
demo.pcm not found, waiting...
demo.pcm not found, waiting...
demo.pcm not found, waiting...
demo.pcm not found, waiting...
demo.pcm not found, waiting...
demo.pcm not found, waiting...
demo.pcm not found, waiting...
demo.pcm not found, waiting...
demo.pcm not found, waiting...
demo.pcm not found, waiting...
demo.pcm not found, waiting...
demo.pcm not found, waiting...
demo.pcm not found, waiting...
demo.pcm not found, waiting...
demo.pcm not found, waiting...
demo.pcm not found, waiting...
demo.pcm not found, waiting...
demo.pcm not found, waiting...
demo.pcm not found, waiting...
demo.pcm not found, waiting...
demo.pcm not found, waiting...
demo.pcm not found, waiting...
demo.pcm not found, waiting...
demo.pcm not found, waiting...
demo.pcm not found, waiting...
demo.pcm not found, waiting...
demo.pcm not found, waiting...
demo.pcm not found, waiting...
demo.pcm not found, waiting...
demo.pcm not found, waiting...
demo.pcm not found, waiting...
demo.pcm not found, waiting...
demo.pcm not found, waiting...
demo.pcm not found, waiting...
demo.pcm not found, waiting...
demo.pcm not found, waiting...
demo.pcm not found, waiting...
demo.pcm not found, waiting...
demo.pcm not found, waiting...
demo.pcm not found, waiting...
demo.pcm not found, waiting...
demo.pcm not found, waiting...
demo.pcm not found, waiting...
demo.pcm not found, waiting...
demo.pcm not found, waiting...
demo.pcm not found, waiting...
demo.pcm not found, waiting...
demo.pcm not found, waiting...
demo.pcm not found, waiting...
demo.pcm not found, waiting...
demo.pcm not found, waiting...
demo.pcm not found, waiting...
demo.pcm not found, waiting...
demo.pcm not found, waiting...
demo.pcm not found, waiting...
demo.pcm not found, waiting...
demo.pcm not found, waiting...
demo.pcm not found, waiting...
demo.pcm not found, waiting...
demo.pcm not found, waiting...
demo.pcm not found, waiting...
demo.pcm not found, waiting...
demo.pcm not found, waiting...
demo.pcm not found, waiting...
demo.pcm not found, waiting...
demo.pcm not found, waiting...
demo.pcm not found, waiting...
demo.pcm not found, waiting...
demo.pcm not found, waiting...
demo.pcm not found, waiting...
demo.pcm not found, waiting...
demo.pcm not found, waiting...
demo.pcm not found, waiting...
demo.pcm not found, waiting...
demo.pcm not found, waiting...
demo.pcm not found, waiting...
demo.pcm not found, waiting...
demo.pcm not found, waiting...
demo.pcm not found, waiting...
demo.pcm not found, waiting...
demo.pcm not found, waiting...
demo.pcm not found, waiting...
demo.pcm not found, waiting...
demo.pcm not found, waiting...
demo.pcm not found, waiting...
demo.pcm not found, waiting...
demo.pcm not found, waiting...
demo.pcm not found, waiting...
demo.pcm not found, waiting...
demo.pcm not found, waiting...
demo.pcm not found, waiting...
demo.pcm not found, waiting...
demo.pcm not found, waiting...
demo.pcm not found, waiting...
demo.pcm not found, waiting...
demo.pcm not found, waiting...
demo.pcm not found, waiting...
demo.pcm not found, waiting...
demo.pcm not found, waiting...
demo.pcm not found, waiting...
demo.pcm not found, waiting...
demo.pcm not found, waiting...
demo.pcm not found, waiting...
demo.pcm not found, waiting...
demo.pcm not found, waiting...
demo.pcm not found, waiting...
demo.pcm not found, waiting...
demo.pcm not found, waiting...
demo.pcm not found, waiting...
demo.pcm not found, waiting...
demo.pcm not found, waiting...
demo.pcm not found, waiting...
demo.pcm not found, waiting...
demo.pcm not found, waiting...
demo.pcm not found, waiting...
demo.pcm not found, waiting...
demo.pcm not found, waiting...
demo.pcm not found, waiting...
demo.pcm not found, waiting...
demo.pcm not found, waiting...
demo.pcm not found, waiting...
demo.pcm not found, waiting...
demo.pcm not found, waiting...
demo.pcm not found, waiting...
demo.pcm not found, waiting...
demo.pcm not found, waiting...
demo.pcm not found, waiting...
demo.pcm not found, waiting...
demo.pcm not found, waiting...
demo.pcm not found, waiting...
demo.pcm not found, waiting...
demo.pcm not found, waiting...
demo.pcm not found, waiting...
demo.pcm not found, waiting...
demo.pcm not found, waiting...
demo.pcm not found, waiting...
demo.pcm not found, waiting...
demo.pcm not found, waiting...
demo.pcm not found, waiting...
demo.pcm not found, waiting...
demo.pcm not found, waiting...
demo.pcm not found, waiting...
demo.pcm not found, waiting...
demo.pcm not found, waiting...
demo.pcm not found, waiting...
demo.pcm not found, waiting...
demo.pcm not found, waiting...
demo.pcm not found, waiting...
demo.pcm not found, waiting...
demo.pcm not found, waiting...
demo.pcm not found, waiting...
demo.pcm not found, waiting...
demo.pcm not found, waiting...
demo.pcm not found, waiting...
demo.pcm not found, waiting...
demo.pcm not found, waiting...
demo.pcm not found, waiting...
demo.pcm not found, waiting...
demo.pcm not found, waiting...
demo.pcm not found, waiting...
demo.pcm not found, waiting...
demo.pcm not found, waiting...
demo.pcm not found, waiting...
demo.pcm not found, waiting...
demo.pcm not found, waiting...
demo.pcm not found, waiting...
demo.pcm not found, waiting...
demo.pcm not found, waiting...
demo.pcm not found, waiting...
demo.pcm not found, waiting...
demo.pcm not found, waiting...
demo.pcm not found, waiting...
demo.pcm not found, waiting...
demo.pcm not found, waiting...
demo.pcm not found, waiting...
demo.pcm not found, waiting...
demo.pcm not found, waiting...
demo.pcm not found, waiting...
demo.pcm not found, waiting...
demo.pcm not found, waiting...
demo.pcm not found, waiting...
demo.pcm not found, waiting...
demo.pcm not found, waiting...
demo.pcm not found, waiting...
demo.pcm not found, waiting...
demo.pcm not found, waiting...
demo.pcm not found, waiting...
demo.pcm not found, waiting...
demo.pcm not found, waiting...
demo.pcm not found, waiting...
demo.pcm not found, waiting...
demo.pcm not found, waiting...
demo.pcm not found, waiting...
demo.pcm not found, waiting...
demo.pcm not found, waiting...
demo.pcm not found, waiting...
demo.pcm not found, waiting...
demo.pcm not found, waiting...
demo.pcm not found, waiting...
demo.pcm not found, waiting...
demo.pcm not found, waiting...
demo.pcm not found, waiting...
demo.pcm not found, waiting...
demo.pcm not found, waiting...
demo.pcm not found, waiting...
demo.pcm not found, waiting...
demo.pcm not found, waiting...
demo.pcm not found, waiting...
demo.pcm not found, waiting...
demo.pcm not found, waiting...
demo.pcm not found, waiting...
demo.pcm not found, waiting...
demo.pcm not found, waiting...
demo.pcm not found, waiting...
demo.pcm not found, waiting...
demo.pcm not found, waiting...
demo.pcm not found, waiting...
demo.pcm not found, waiting...
demo.pcm not found, waiting...
demo.pcm not found, waiting...
demo.pcm not found, waiting...
demo.pcm not found, waiting...
demo.pcm not found, waiting...
demo.pcm not found, waiting...
demo.pcm not found, waiting...
demo.pcm not found, waiting...
demo.pcm not found, waiting...
demo.pcm not found, waiting...
demo.pcm not found, waiting...
demo.pcm not found, waiting...
demo.pcm not found, waiting...
demo.pcm not found, waiting...
demo.pcm not found, waiting...
demo.pcm not found, waiting...
demo.pcm not found, waiting...
demo.pcm not found, waiting...
demo.pcm not found, waiting...
demo.pcm not found, waiting...
demo.pcm not found, waiting...
demo.pcm not found, waiting...
demo.pcm not found, waiting...
demo.pcm not found, waiting...
demo.pcm not found, waiting...
demo.pcm not found, waiting...
demo.pcm not found, waiting...
demo.pcm not found, waiting...
demo.pcm not found, waiting...
demo.pcm not found, waiting...
demo.pcm not found, waiting...
demo.pcm not found, waiting...
demo.pcm not found, waiting...
demo.pcm not found, waiting...
demo.pcm not found, waiting...
demo.pcm not found, waiting...
demo.pcm not found, waiting...
demo.pcm not found, waiting...
demo.pcm not found, waiting...
demo.pcm not found, waiting...
demo.pcm not found, waiting...
demo.pcm not found, waiting...
demo.pcm not found, waiting...
demo.pcm not found, waiting...
demo.pcm not found, waiting...
demo.pcm not found, waiting...
demo.pcm not found, waiting...
demo.pcm not found, waiting...
demo.pcm not found, waiting...
demo.pcm not found, waiting...
demo.pcm not found, waiting...
demo.pcm not found, waiting...
demo.pcm not found, waiting...
demo.pcm not found, waiting...
demo.pcm not found, waiting...
demo.pcm not found, waiting...
demo.pcm not found, waiting...
demo.pcm not found, waiting...
demo.pcm not found, waiting...
demo.pcm not found, waiting...
demo.pcm not found, waiting...
demo.pcm not found, waiting...
demo.pcm not found, waiting...
demo.pcm not found, waiting...
demo.pcm not found, waiting...
demo.pcm not found, waiting...
demo.pcm not found, waiting...
demo.pcm not found, waiting...
demo.pcm not found, waiting...
demo.pcm not found, waiting...
demo.pcm not found, waiting...
demo.pcm not found, waiting...
demo.pcm not found, waiting...
demo.pcm not found, waiting...
demo.pcm not found, waiting...
demo.pcm not found, waiting...
demo.pcm not found, waiting...
demo.pcm not found, waiting...
demo.pcm not found, waiting...
demo.pcm not found, waiting...
demo.pcm not found, waiting...
demo.pcm not found, waiting...
demo.pcm not found, waiting...
demo.pcm not found, waiting...
demo.pcm not found, waiting...
demo.pcm not found, waiting...
demo.pcm not found, waiting...
demo.pcm not found, waiting...
demo.pcm not found, waiting...
demo.pcm not found, waiting...
demo.pcm not found, waiting...
demo.pcm not found, waiting...
demo.pcm not found, waiting...
demo.pcm not found, waiting...
demo.pcm not found, waiting...
demo.pcm not found, waiting...
demo.pcm not found, waiting...
demo.pcm not found, waiting...
demo.pcm not found, waiting...
demo.pcm not found, waiting...
demo.pcm not found, waiting...
demo.pcm not found, waiting...
demo.pcm not found, waiting...
demo.pcm not found, waiting...
demo.pcm not found, waiting...
demo.pcm not found, waiting...
demo.pcm not found, waiting...
demo.pcm not found, waiting...
demo.pcm not found, waiting...
demo.pcm not found, waiting...
demo.pcm not found, waiting...
demo.pcm not found, waiting...
demo.pcm not found, waiting...
demo.pcm not found, waiting...
demo.pcm not found, waiting...
demo.pcm not found, waiting...
demo.pcm not found, waiting...
demo.pcm not found, waiting...
demo.pcm not found, waiting...
demo.pcm not found, waiting...
demo.pcm not found, waiting...
demo.pcm not found, waiting...
demo.pcm not found, waiting...
demo.pcm not found, waiting...
demo.pcm not found, waiting...
demo.pcm not found, waiting...
demo.pcm not found, waiting...
demo.pcm not found, waiting...
demo.pcm not found, waiting...
demo.pcm not found, waiting...
demo.pcm not found, waiting...
demo.pcm not found, waiting...
demo.pcm not found, waiting...
demo.pcm not found, waiting...
demo.pcm not found, waiting...
demo.pcm not found, waiting...
demo.pcm not found, waiting...
demo.pcm not found, waiting...
demo.pcm not found, waiting...
demo.pcm not found, waiting...
demo.pcm not found, waiting...
demo.pcm not found, waiting...
demo.pcm not found, waiting...
demo.pcm not found, waiting...
demo.pcm not found, waiting...
demo.pcm not found, waiting...
demo.pcm not found, waiting...
demo.pcm not found, waiting...
demo.pcm not found, waiting...
demo.pcm not found, waiting...
demo.pcm not found, waiting...
demo.pcm not found, waiting...
demo.pcm not found, waiting...
demo.pcm not found, waiting...
demo.pcm not found, waiting...
demo.pcm not found, waiting...
demo.pcm not found, waiting...
demo.pcm not found, waiting...
demo.pcm not found, waiting...
demo.pcm not found, waiting...
demo.pcm not found, waiting...
demo.pcm not found, waiting...
demo.pcm not found, waiting...
demo.pcm not found, waiting...
demo.pcm not found, waiting...
demo.pcm not found, waiting...
demo.pcm not found, waiting...
demo.pcm not found, waiting...
demo.pcm not found, waiting...
demo.pcm not found, waiting...
demo.pcm not found, waiting...
demo.pcm not found, waiting...
demo.pcm not found, waiting...
demo.pcm not found, waiting...
demo.pcm not found, waiting...
demo.pcm not found, waiting...
demo.pcm not found, waiting...
demo.pcm not found, waiting...
demo.pcm not found, waiting...
demo.pcm not found, waiting...
demo.pcm not found, waiting...
demo.pcm not found, waiting...
demo.pcm not found, waiting...
demo.pcm not found, waiting...
demo.pcm not found, waiting...
demo.pcm not found, waiting...
demo.pcm not found, waiting...
demo.pcm not found, waiting...
demo.pcm not found, waiting...
demo.pcm not found, waiting...
demo.pcm not found, waiting...
demo.pcm not found, waiting...
demo.pcm not found, waiting...
demo.pcm not found, waiting...
demo.pcm not found, waiting...
demo.pcm not found, waiting...
demo.pcm not found, waiting...
demo.pcm not found, waiting...
demo.pcm not found, waiting...
demo.pcm not found, waiting...
demo.pcm not found, waiting...
demo.pcm not found, waiting...
demo.pcm not found, waiting...
demo.pcm not found, waiting...
demo.pcm not found, waiting...
demo.pcm not found, waiting...
demo.pcm not found, waiting...
demo.pcm not found, waiting...
demo.pcm not found, waiting...
demo.pcm not found, waiting...
demo.pcm not found, waiting...
demo.pcm not found, waiting...
demo.pcm not found, waiting...
demo.pcm not found, waiting...
demo.pcm not found, waiting...
demo.pcm not found, waiting...
demo.pcm not found, waiting...
demo.pcm not found, waiting...
demo.pcm not found, waiting...
demo.pcm not found, waiting...
demo.pcm not found, waiting...
demo.pcm not found, waiting...
demo.pcm not found, waiting...
demo.pcm not found, waiting...
demo.pcm not found, waiting...
demo.pcm not found, waiting...
demo.pcm not found, waiting...
demo.pcm not found, waiting...
demo.pcm not found, waiting...
demo.pcm not found, waiting...
demo.pcm not found, waiting...
demo.pcm not found, waiting...
demo.pcm not found, waiting...
demo.pcm not found, waiting...
demo.pcm not found, waiting...
demo.pcm not found, waiting...
demo.pcm not found, waiting...
demo.pcm not found, waiting...
demo.pcm not found, waiting...
demo.pcm not found, waiting...
demo.pcm not found, waiting...
demo.pcm not found, waiting...
demo.pcm not found, waiting...
demo.pcm not found, waiting...
demo.pcm not found, waiting...
demo.pcm not found, waiting...
demo.pcm not found, waiting...
demo.pcm not found, waiting...
demo.pcm not found, waiting...
demo.pcm not found, waiting...
demo.pcm not found, waiting...
demo.pcm not found, waiting...
demo.pcm not found, waiting...
demo.pcm not found, waiting...
demo.pcm not found, waiting...
demo.pcm not found, waiting...
demo.pcm not found, waiting...
demo.pcm not found, waiting...
demo.pcm not found, waiting...
demo.pcm not found, waiting...
demo.pcm not found, waiting...
demo.pcm not found, waiting...
demo.pcm not found, waiting...
demo.pcm not found, waiting...
demo.pcm not found, waiting...
demo.pcm not found, waiting...
demo.pcm not found, waiting...
demo.pcm not found, waiting...
demo.pcm not found, waiting...
demo.pcm not found, waiting...
demo.pcm not found, waiting...
demo.pcm not found, waiting...
demo.pcm not found, waiting...
demo.pcm not found, waiting...
demo.pcm not found, waiting...
demo.pcm not found, waiting...
demo.pcm not found, waiting...
demo.pcm not found, waiting...
demo.pcm not found, waiting...
demo.pcm not found, waiting...
demo.pcm not found, waiting...
demo.pcm not found, waiting...
demo.pcm not found, waiting...
demo.pcm not found, waiting...
demo.pcm not found, waiting...
demo.pcm not found, waiting...
demo.pcm not found, waiting...
demo.pcm not found, waiting...
demo.pcm not found, waiting...
demo.pcm not found, waiting...
demo.pcm not found, waiting...
demo.pcm not found, waiting...
demo.pcm not found, waiting...
demo.pcm not found, waiting...
demo.pcm not found, waiting...
demo.pcm not found, waiting...
demo.pcm not found, waiting...
demo.pcm not found, waiting...
demo.pcm not found, waiting...
demo.pcm not found, waiting...
demo.pcm not found, waiting...
demo.pcm not found, waiting...
demo.pcm not found, waiting...
demo.pcm not found, waiting...
demo.pcm not found, waiting...
demo.pcm not found, waiting...
demo.pcm not found, waiting...
demo.pcm not found, waiting...
demo.pcm not found, waiting...
demo.pcm not found, waiting...
demo.pcm not found, waiting...
demo.pcm not found, waiting...
demo.pcm not found, waiting...
demo.pcm not found, waiting...
demo.pcm not found, waiting...
demo.pcm not found, waiting...
demo.pcm not found, waiting...
demo.pcm not found, waiting...
demo.pcm not found, waiting...
demo.pcm not found, waiting...
demo.pcm not found, waiting...
demo.pcm not found, waiting...
demo.pcm not found, waiting...
demo.pcm not found, waiting...
demo.pcm not found, waiting...
demo.pcm not found, waiting...
demo.pcm not found, waiting...
demo.pcm not found, waiting...
demo.pcm not found, waiting...
demo.pcm not found, waiting...
demo.pcm not found, waiting...
demo.pcm not found, waiting...
demo.pcm not found, waiting...
demo.pcm not found, waiting...
demo.pcm not found, waiting...
demo.pcm not found, waiting...
demo.pcm not found, waiting...
demo.pcm not found, waiting...
demo.pcm not found, waiting...
demo.pcm not found, waiting...
demo.pcm not found, waiting...
demo.pcm not found, waiting...
demo.pcm not found, waiting...
demo.pcm not found, waiting...
demo.pcm not found, waiting...
demo.pcm not found, waiting...
demo.pcm not found, waiting...
demo.pcm not found, waiting...
demo.pcm not found, waiting...
demo.pcm not found, waiting...
demo.pcm not found, waiting...
demo.pcm not found, waiting...
demo.pcm not found, waiting...
demo.pcm not found, waiting...
demo.pcm not found, waiting...
demo.pcm not found, waiting...
demo.pcm not found, waiting...
demo.pcm not found, waiting...
demo.pcm not found, waiting...
demo.pcm not found, waiting...
demo.pcm not found, waiting...
demo.pcm not found, waiting...
demo.pcm not found, waiting...
demo.pcm not found, waiting...
demo.pcm not found, waiting...
demo.pcm not found, waiting...
demo.pcm not found, waiting...
demo.pcm not found, waiting...
demo.pcm not found, waiting...
demo.pcm not found, waiting...
demo.pcm not found, waiting...
demo.pcm not found, waiting...
demo.pcm not found, waiting...
demo.pcm not found, waiting...
demo.pcm not found, waiting...
demo.pcm not found, waiting...
demo.pcm not found, waiting...
demo.pcm not found, waiting...
demo.pcm not found, waiting...
demo.pcm not found, waiting...
demo.pcm not found, waiting...
demo.pcm not found, waiting...
demo.pcm not found, waiting...
demo.pcm not found, waiting...
demo.pcm not found, waiting...
demo.pcm not found, waiting...
demo.pcm not found, waiting...
demo.pcm not found, waiting...
demo.pcm not found, waiting...
demo.pcm not found, waiting...
demo.pcm not found, waiting...
demo.pcm not found, waiting...
demo.pcm not found, waiting...
demo.pcm not found, waiting...
demo.pcm not found, waiting...
demo.pcm not found, waiting...
demo.pcm not found, waiting...
demo.pcm not found, waiting...
demo.pcm not found, waiting...
demo.pcm not found, waiting...
demo.pcm not found, waiting...
demo.pcm not found, waiting...
demo.pcm not found, waiting...
demo.pcm not found, waiting...
demo.pcm not found, waiting...
demo.pcm not found, waiting...
demo.pcm not found, waiting...
demo.pcm not found, waiting...
demo.pcm not found, waiting...
demo.pcm not found, waiting...
demo.pcm not found, waiting...
demo.pcm not found, waiting...
demo.pcm not found, waiting...
demo.pcm not found, waiting...
demo.pcm not found, waiting...
demo.pcm not found, waiting...
demo.pcm not found, waiting...
demo.pcm not found, waiting...
demo.pcm not found, waiting...
demo.pcm not found, waiting...
demo.pcm not found, waiting...
demo.pcm not found, waiting...
demo.pcm not found, waiting...
demo.pcm not found, waiting...
demo.pcm not found, waiting...
demo.pcm not found, waiting...
demo.pcm not found, waiting...
demo.pcm not found, waiting...
demo.pcm not found, waiting...
demo.pcm not found, waiting...
demo.pcm not found, waiting...
demo.pcm not found, waiting...
demo.pcm not found, waiting...
demo.pcm not found, waiting...
demo.pcm not found, waiting...
demo.pcm not found, waiting...
demo.pcm not found, waiting...
demo.pcm not found, waiting...
demo.pcm not found, waiting...
demo.pcm not found, waiting...
demo.pcm not found, waiting...
demo.pcm not found, waiting...
demo.pcm not found, waiting...
demo.pcm not found, waiting...
demo.pcm not found, waiting...
demo.pcm not found, waiting...
demo.pcm not found, waiting...
demo.pcm not found, waiting...
demo.pcm not found, waiting...
demo.pcm not found, waiting...
demo.pcm not found, waiting...
demo.pcm not found, waiting...
demo.pcm not found, waiting...
demo.pcm not found, waiting...
demo.pcm not found, waiting...
demo.pcm not found, waiting...
demo.pcm not found, waiting...
demo.pcm not found, waiting...
demo.pcm not found, waiting...
demo.pcm not found, waiting...
demo.pcm not found, waiting...
demo.pcm not found, waiting...
demo.pcm not found, waiting...
demo.pcm not found, waiting...
demo.pcm not found, waiting...
demo.pcm not found, waiting...
demo.pcm not found, waiting...
demo.pcm not found, waiting...
demo.pcm not found, waiting...
demo.pcm not found, waiting...
demo.pcm not found, waiting...
demo.pcm not found, waiting...
demo.pcm not found, waiting...
demo.pcm not found, waiting...
demo.pcm not found, waiting...
demo.pcm not found, waiting...
demo.pcm not found, waiting...
demo.pcm not found, waiting...
demo.pcm not found, waiting...
demo.pcm not found, waiting...
demo.pcm not found, waiting...
demo.pcm not found, waiting...
demo.pcm not found, waiting...
demo.pcm not found, waiting...
demo.pcm not found, waiting...
demo.pcm not found, waiting...
demo.pcm not found, waiting...
demo.pcm not found, waiting...
demo.pcm not found, waiting...
demo.pcm not found, waiting...
demo.pcm not found, waiting...
demo.pcm not found, waiting...
demo.pcm not found, waiting...
demo.pcm not found, waiting...
demo.pcm not found, waiting...
demo.pcm not found, waiting...
demo.pcm not found, waiting...
demo.pcm not found, waiting...
demo.pcm not found, waiting...
demo.pcm not found, waiting...
demo.pcm not found, waiting...
demo.pcm not found, waiting...
demo.pcm not found, waiting...
demo.pcm not found, waiting...
demo.pcm not found, waiting...
demo.pcm not found, waiting...
demo.pcm not found, waiting...
demo.pcm not found, waiting...
demo.pcm not found, waiting...
demo.pcm not found, waiting...
demo.pcm not found, waiting...
demo.pcm not found, waiting...
demo.pcm not found, waiting...
demo.pcm not found, waiting...
demo.pcm not found, waiting...
demo.pcm not found, waiting...
demo.pcm not found, waiting...
demo.pcm not found, waiting...
demo.pcm not found, waiting...
demo.pcm not found, waiting...
demo.pcm not found, waiting...
demo.pcm not found, waiting...
demo.pcm not found, waiting...
demo.pcm not found, waiting...
demo.pcm not found, waiting...
demo.pcm not found, waiting...
demo.pcm not found, waiting...
demo.pcm not found, waiting...
demo.pcm not found, waiting...
demo.pcm not found, waiting...
demo.pcm not found, waiting...
demo.pcm not found, waiting...
demo.pcm not found, waiting...
demo.pcm not found, waiting...
demo.pcm not found, waiting...
demo.pcm not found, waiting...
demo.pcm not found, waiting...
demo.pcm not found, waiting...
demo.pcm not found, waiting...
demo.pcm not found, waiting...
demo.pcm not found, waiting...
demo.pcm not found, waiting...
demo.pcm not found, waiting...
demo.pcm not found, waiting...
demo.pcm not found, waiting...
demo.pcm not found, waiting...
demo.pcm not found, waiting...
demo.pcm not found, waiting...
demo.pcm not found, waiting...
demo.pcm not found, waiting...
demo.pcm not found, waiting...
demo.pcm not found, waiting...
demo.pcm not found, waiting...
demo.pcm not found, waiting...
demo.pcm not found, waiting...
demo.pcm not found, waiting...
demo.pcm not found, waiting...
demo.pcm not found, waiting...
demo.pcm not found, waiting...
demo.pcm not found, waiting...
demo.pcm not found, waiting...
demo.pcm not found, waiting...
demo.pcm not found, waiting...
demo.pcm not found, waiting...
demo.pcm not found, waiting...
demo.pcm not found, waiting...
demo.pcm not found, waiting...
demo.pcm not found, waiting...
demo.pcm not found, waiting...
demo.pcm not found, waiting...
demo.pcm not found, waiting...
demo.pcm not found, waiting...
demo.pcm not found, waiting...
demo.pcm not found, waiting...
demo.pcm not found, waiting...
demo.pcm not found, waiting...
demo.pcm not found, waiting...
demo.pcm not found, waiting...
demo.pcm not found, waiting...
demo.pcm not found, waiting...
demo.pcm not found, waiting...
demo.pcm not found, waiting...
demo.pcm not found, waiting...
demo.pcm not found, waiting...
demo.pcm not found, waiting...
demo.pcm not found, waiting...
demo.pcm not found, waiting...
demo.pcm not found, waiting...
demo.pcm not found, waiting...
demo.pcm not found, waiting...
demo.pcm not found, waiting...
demo.pcm not found, waiting...
demo.pcm not found, waiting...
demo.pcm not found, waiting...
demo.pcm not found, waiting...
demo.pcm not found, waiting...
demo.pcm not found, waiting...
demo.pcm not found, waiting...
demo.pcm not found, waiting...
demo.pcm not found, waiting...
demo.pcm not found, waiting...
demo.pcm not found, waiting...
demo.pcm not found, waiting...
demo.pcm not found, waiting...
demo.pcm not found, waiting...
demo.pcm not found, waiting...
demo.pcm not found, waiting...
demo.pcm not found, waiting...
demo.pcm not found, waiting...
demo.pcm not found, waiting...
demo.pcm not found, waiting...
demo.pcm not found, waiting...
demo.pcm not found, waiting...
demo.pcm not found, waiting...
demo.pcm not found, waiting...
demo.pcm not found, waiting...
demo.pcm not found, waiting...
demo.pcm not found, waiting...
demo.pcm not found, waiting...
demo.pcm not found, waiting...
demo.pcm not found, waiting...
demo.pcm not found, waiting...
demo.pcm not found, waiting...
demo.pcm not found, waiting...
demo.pcm not found, waiting...
demo.pcm not found, waiting...
demo.pcm not found, waiting...
demo.pcm not found, waiting...
demo.pcm not found, waiting...
demo.pcm not found, waiting...
demo.pcm not found, waiting...
demo.pcm not found, waiting...
demo.pcm not found, waiting...
demo.pcm not found, waiting...
demo.pcm not found, waiting...
demo.pcm not found, waiting...
demo.pcm not found, waiting...
demo.pcm not found, waiting...
demo.pcm not found, waiting...
demo.pcm not found, waiting...
demo.pcm not found, waiting...
demo.pcm not found, waiting...
demo.pcm not found, waiting...
demo.pcm not found, waiting...
demo.pcm not found, waiting...
demo.pcm not found, waiting...
demo.pcm not found, waiting...
demo.pcm not found, waiting...
demo.pcm not found, waiting...
demo.pcm not found, waiting...
demo.pcm not found, waiting...
demo.pcm not found, waiting...
demo.pcm not found, waiting...
demo.pcm not found, waiting...
demo.pcm not found, waiting...
demo.pcm not found, waiting...
demo.pcm not found, waiting...
demo.pcm not found, waiting...
demo.pcm not found, waiting...
demo.pcm not found, waiting...
demo.pcm not found, waiting...
demo.pcm not found, waiting...
demo.pcm not found, waiting...
demo.pcm not found, waiting...
demo.pcm not found, waiting...
demo.pcm not found, waiting...
demo.pcm not found, waiting...
demo.pcm not found, waiting...
demo.pcm not found, waiting...
demo.pcm not found, waiting...
demo.pcm not found, waiting...
demo.pcm not found, waiting...
demo.pcm not found, waiting...
demo.pcm not found, waiting...
demo.pcm not found, waiting...
demo.pcm not found, waiting...
demo.pcm not found, waiting...
demo.pcm not found, waiting...
demo.pcm not found, waiting...
demo.pcm not found, waiting...
demo.pcm not found, waiting...
demo.pcm not found, waiting...
demo.pcm not found, waiting...
demo.pcm not found, waiting...
demo.pcm not found, waiting...
demo.pcm not found, waiting...
demo.pcm not found, waiting...
demo.pcm not found, waiting...
demo.pcm not found, waiting...
demo.pcm not found, waiting...
demo.pcm not found, waiting...
demo.pcm not found, waiting...
demo.pcm not found, waiting...
demo.pcm not found, waiting...
demo.pcm not found, waiting...
demo.pcm not found, waiting...
demo.pcm not found, waiting...
demo.pcm not found, waiting...
demo.pcm not found, waiting...
demo.pcm not found, waiting...
demo.pcm not found, waiting...
demo.pcm not found, waiting...
demo.pcm not found, waiting...
demo.pcm not found, waiting...
demo.pcm not found, waiting...
demo.pcm not found, waiting...
demo.pcm not found, waiting...
demo.pcm not found, waiting...
demo.pcm not found, waiting...
demo.pcm not found, waiting...
demo.pcm not found, waiting...
demo.pcm not found, waiting...
demo.pcm not found, waiting...
demo.pcm not found, waiting...
demo.pcm not found, waiting...
demo.pcm not found, waiting...
demo.pcm not found, waiting...
demo.pcm not found, waiting...
demo.pcm not found, waiting...
demo.pcm not found, waiting...
demo.pcm not found, waiting...
demo.pcm not found, waiting...
demo.pcm not found, waiting...
demo.pcm not found, waiting...
demo.pcm not found, waiting...
demo.pcm not found, waiting...
demo.pcm not found, waiting...
demo.pcm not found, waiting...
demo.pcm not found, waiting...
demo.pcm not found, waiting...
demo.pcm not found, waiting...
demo.pcm not found, waiting...
demo.pcm not found, waiting...
demo.pcm not found, waiting...
demo.pcm not found, waiting...
demo.pcm not found, waiting...
demo.pcm not found, waiting...
demo.pcm not found, waiting...
demo.pcm not found, waiting...
demo.pcm not found, waiting...
demo.pcm not found, waiting...
demo.pcm not found, waiting...
demo.pcm not found, waiting...
demo.pcm not found, waiting...
demo.pcm not found, waiting...
demo.pcm not found, waiting...
demo.pcm not found, waiting...
demo.pcm not found, waiting...
demo.pcm not found, waiting...
demo.pcm not found, waiting...
demo.pcm not found, waiting...
demo.pcm not found, waiting...
demo.pcm not found, waiting...
demo.pcm not found, waiting...
demo.pcm not found, waiting...
demo.pcm not found, waiting...
demo.pcm not found, waiting...
demo.pcm not found, waiting...
demo.pcm not found, waiting...
demo.pcm not found, waiting...
demo.pcm not found, waiting...
demo.pcm not found, waiting...
demo.pcm not found, waiting...
demo.pcm not found, waiting...
demo.pcm not found, waiting...
demo.pcm not found, waiting...
demo.pcm not found, waiting...
demo.pcm not found, waiting...
demo.pcm not found, waiting...
demo.pcm not found, waiting...
demo.pcm not found, waiting...
demo.pcm not found, waiting...
demo.pcm not found, waiting...
demo.pcm not found, waiting...
demo.pcm not found, waiting...
demo.pcm not found, waiting...
demo.pcm not found, waiting...
demo.pcm not found, waiting...
demo.pcm not found, waiting...
demo.pcm not found, waiting...
demo.pcm not found, waiting...
demo.pcm not found, waiting...
demo.pcm not found, waiting...
demo.pcm not found, waiting...
demo.pcm not found, waiting...
demo.pcm not found, waiting...
demo.pcm not found, waiting...
demo.pcm not found, waiting...
demo.pcm not found, waiting...
demo.pcm not found, waiting...
demo.pcm not found, waiting...
demo.pcm not found, waiting...
demo.pcm not found, waiting...
demo.pcm not found, waiting...
demo.pcm not found, waiting...
demo.pcm not found, waiting...
demo.pcm not found, waiting...
demo.pcm not found, waiting...
demo.pcm not found, waiting...
demo.pcm not found, waiting...
demo.pcm not found, waiting...
demo.pcm not found, waiting...
demo.pcm not found, waiting...
demo.pcm not found, waiting...
demo.pcm not found, waiting...
demo.pcm not found, waiting...
demo.pcm not found, waiting...
demo.pcm not found, waiting...
demo.pcm not found, waiting...
demo.pcm not found, waiting...
demo.pcm not found, waiting...
demo.pcm not found, waiting...
demo.pcm not found, waiting...
demo.pcm not found, waiting...
demo.pcm not found, waiting...
demo.pcm not found, waiting...
demo.pcm not found, waiting...
demo.pcm not found, waiting...
demo.pcm not found, waiting...
demo.pcm not found, waiting...
demo.pcm not found, waiting...
demo.pcm not found, waiting...
demo.pcm not found, waiting...
demo.pcm not found, waiting...
demo.pcm not found, waiting...
demo.pcm not found, waiting...
demo.pcm not found, waiting...
demo.pcm not found, waiting...
demo.pcm not found, waiting...
demo.pcm not found, waiting...
demo.pcm not found, waiting...
demo.pcm not found, waiting...
demo.pcm not found, waiting...
demo.pcm not found, waiting...
demo.pcm not found, waiting...
demo.pcm not found, waiting...
demo.pcm not found, waiting...
demo.pcm not found, waiting...
demo.pcm not found, waiting...
demo.pcm not found, waiting...
demo.pcm not found, waiting...
demo.pcm not found, waiting...
demo.pcm not found, waiting...
demo.pcm not found, waiting...
demo.pcm not found, waiting...
demo.pcm not found, waiting...
demo.pcm not found, waiting...
demo.pcm not found, waiting...
demo.pcm not found, waiting...
demo.pcm not found, waiting...
demo.pcm not found, waiting...
demo.pcm not found, waiting...
demo.pcm not found, waiting...
demo.pcm not found, waiting...
demo.pcm not found, waiting...
demo.pcm not found, waiting...
demo.pcm not found, waiting...
demo.pcm not found, waiting...
demo.pcm not found, waiting...
demo.pcm not found, waiting...
demo.pcm not found, waiting...
demo.pcm not found, waiting...
demo.pcm not found, waiting...
demo.pcm not found, waiting...
demo.pcm not found, waiting...
demo.pcm not found, waiting...
demo.pcm not found, waiting...
demo.pcm not found, waiting...
demo.pcm not found, waiting...
demo.pcm not found, waiting...
demo.pcm not found, waiting...
demo.pcm not found, waiting...
demo.pcm not found, waiting...
demo.pcm not found, waiting...
demo.pcm not found, waiting...
demo.pcm not found, waiting...
demo.pcm not found, waiting...
demo.pcm not found, waiting...
demo.pcm not found, waiting...
demo.pcm not found, waiting...
demo.pcm not found, waiting...
demo.pcm not found, waiting...
demo.pcm not found, waiting...
demo.pcm not found, waiting...
demo.pcm not found, waiting...
demo.pcm not found, waiting...
demo.pcm not found, waiting...
demo.pcm not found, waiting...
demo.pcm not found, waiting...
demo.pcm not found, waiting...
demo.pcm not found, waiting...
demo.pcm not found, waiting...
demo.pcm not found, waiting...
demo.pcm not found, waiting...
demo.pcm not found, waiting...
demo.pcm not found, waiting...
demo.pcm not found, waiting...
demo.pcm not found, waiting...
demo.pcm not found, waiting...
demo.pcm not found, waiting...
demo.pcm not found, waiting...
demo.pcm not found, waiting...
demo.pcm not found, waiting...
demo.pcm not found, waiting...
demo.pcm not found, waiting...
demo.pcm not found, waiting...
demo.pcm not found, waiting...
demo.pcm not found, waiting...
demo.pcm not found, waiting...
demo.pcm not found, waiting...
demo.pcm not found, waiting...
demo.pcm not found, waiting...
demo.pcm not found, waiting...
demo.pcm not found, waiting...
demo.pcm not found, waiting...
demo.pcm not found, waiting...
demo.pcm not found, waiting...
demo.pcm not found, waiting...
demo.pcm not found, waiting...
demo.pcm not found, waiting...
demo.pcm not found, waiting...
demo.pcm not found, waiting...
demo.pcm not found, waiting...
demo.pcm not found, waiting...
demo.pcm not found, waiting...
demo.pcm not found, waiting...
demo.pcm not found, waiting...
demo.pcm not found, waiting...
demo.pcm not found, waiting...
demo.pcm not found, waiting...
demo.pcm not found, waiting...
demo.pcm not found, waiting...
demo.pcm not found, waiting...
demo.pcm not found, waiting...
demo.pcm not found, waiting...
demo.pcm not found, waiting...
demo.pcm not found, waiting...
demo.pcm not found, waiting...
demo.pcm not found, waiting...
demo.pcm not found, waiting...
demo.pcm not found, waiting...
demo.pcm not found, waiting...
demo.pcm not found, waiting...
demo.pcm not found, waiting...
demo.pcm not found, waiting...
demo.pcm not found, waiting...
demo.pcm not found, waiting...
demo.pcm not found, waiting...
demo.pcm not found, waiting...
demo.pcm not found, waiting...
demo.pcm not found, waiting...
demo.pcm not found, waiting...
demo.pcm not found, waiting...
demo.pcm not found, waiting...
demo.pcm not found, waiting...
demo.pcm not found, waiting...
demo.pcm not found, waiting...
demo.pcm not found, waiting...
demo.pcm not found, waiting...
demo.pcm not found, waiting...
demo.pcm not found, waiting...
demo.pcm not found, waiting...
demo.pcm not found, waiting...
demo.pcm not found, waiting...
demo.pcm not found, waiting...
demo.pcm not found, waiting...
demo.pcm not found, waiting...
demo.pcm not found, waiting...
demo.pcm not found, waiting...
demo.pcm not found, waiting...
demo.pcm not found, waiting...
demo.pcm not found, waiting...
demo.pcm not found, waiting...
demo.pcm not found, waiting...
demo.pcm not found, waiting...
demo.pcm not found, waiting...
demo.pcm not found, waiting...
demo.pcm not found, waiting...
demo.pcm not found, waiting...
demo.pcm not found, waiting...
demo.pcm not found, waiting...
demo.pcm not found, waiting...
demo.pcm not found, waiting...
demo.pcm not found, waiting...
demo.pcm not found, waiting...
demo.pcm not found, waiting...
demo.pcm not found, waiting...
demo.pcm not found, waiting...
demo.pcm not found, waiting...
demo.pcm not found, waiting...
demo.pcm not found, waiting...
demo.pcm not found, waiting...
demo.pcm not found, waiting...
demo.pcm not found, waiting...
demo.pcm not found, waiting...
demo.pcm not found, waiting...
demo.pcm not found, waiting...
demo.pcm not found, waiting...
demo.pcm not found, waiting...
demo.pcm not found, waiting...
demo.pcm not found, waiting...
demo.pcm not found, waiting...
demo.pcm not found, waiting...
demo.pcm not found, waiting...
demo.pcm not found, waiting...
demo.pcm not found, waiting...
demo.pcm not found, waiting...
demo.pcm not found, waiting...
demo.pcm not found, waiting...
demo.pcm not found, waiting...
demo.pcm not found, waiting...
demo.pcm not found, waiting...
demo.pcm not found, waiting...
demo.pcm not found, waiting...
demo.pcm not found, waiting...
demo.pcm not found, waiting...
demo.pcm not found, waiting...
demo.pcm not found, waiting...
demo.pcm not found, waiting...
demo.pcm not found, waiting...
demo.pcm not found, waiting...
demo.pcm not found, waiting...
demo.pcm not found, waiting...
demo.pcm not found, waiting...
demo.pcm not found, waiting...
demo.pcm not found, waiting...
demo.pcm not found, waiting...
demo.pcm not found, waiting...
demo.pcm not found, waiting...
demo.pcm not found, waiting...
demo.pcm not found, waiting...
demo.pcm not found, waiting...
demo.pcm not found, waiting...
demo.pcm not found, waiting...
demo.pcm not found, waiting...
demo.pcm not found, waiting...
demo.pcm not found, waiting...
demo.pcm not found, waiting...
demo.pcm not found, waiting...
demo.pcm not found, waiting...
demo.pcm not found, waiting...
demo.pcm not found, waiting...
demo.pcm not found, waiting...
demo.pcm not found, waiting...
demo.pcm not found, waiting...
demo.pcm not found, waiting...
demo.pcm not found, waiting...
demo.pcm not found, waiting...
demo.pcm not found, waiting...
demo.pcm not found, waiting...
demo.pcm not found, waiting...
demo.pcm not found, waiting...
demo.pcm not found, waiting...
demo.pcm not found, waiting...
demo.pcm not found, waiting...
demo.pcm not found, waiting...
demo.pcm not found, waiting...
demo.pcm not found, waiting...
demo.pcm not found, waiting...
demo.pcm not found, waiting...
demo.pcm not found, waiting...
demo.pcm not found, waiting...
demo.pcm not found, waiting...
demo.pcm not found, waiting...
demo.pcm not found, waiting...
demo.pcm not found, waiting...
demo.pcm not found, waiting...
demo.pcm not found, waiting...
demo.pcm not found, waiting...
demo.pcm not found, waiting...
demo.pcm not found, waiting...
demo.pcm not found, waiting...
demo.pcm not found, waiting...
demo.pcm not found, waiting...
demo.pcm not found, waiting...
demo.pcm not found, waiting...
demo.pcm not found, waiting...
demo.pcm not found, waiting...
demo.pcm not found, waiting...
demo.pcm not found, waiting...
demo.pcm not found, waiting...
demo.pcm not found, waiting...
demo.pcm not found, waiting...
demo.pcm not found, waiting...
demo.pcm not found, waiting...
demo.pcm not found, waiting...
demo.pcm not found, waiting...
demo.pcm not found, waiting...
demo.pcm not found, waiting...
demo.pcm not found, waiting...
demo.pcm not found, waiting...
demo.pcm not found, waiting...
demo.pcm not found, waiting...
demo.pcm not found, waiting...
demo.pcm not found, waiting...
demo.pcm not found, waiting...
demo.pcm not found, waiting...
demo.pcm not found, waiting...
demo.pcm not found, waiting...
demo.pcm not found, waiting...
demo.pcm not found, waiting...
demo.pcm not found, waiting...
demo.pcm not found, waiting...
demo.pcm not found, waiting...
demo.pcm not found, waiting...
demo.pcm not found, waiting...
demo.pcm not found, waiting...
demo.pcm not found, waiting...
demo.pcm not found, waiting...
demo.pcm not found, waiting...
demo.pcm not found, waiting...
demo.pcm not found, waiting...
demo.pcm not found, waiting...
demo.pcm not found, waiting...
demo.pcm not found, waiting...
demo.pcm not found, waiting...
demo.pcm not found, waiting...
demo.pcm not found, waiting...
demo.pcm not found, waiting...
demo.pcm not found, waiting...
demo.pcm not found, waiting...
demo.pcm not found, waiting...
demo.pcm not found, waiting...
demo.pcm not found, waiting...
demo.pcm not found, waiting...
demo.pcm not found, waiting...
demo.pcm not found, waiting...
demo.pcm not found, waiting...
demo.pcm not found, waiting...
demo.pcm not found, waiting...
demo.pcm not found, waiting...
demo.pcm not found, waiting...
demo.pcm not found, waiting...
demo.pcm not found, waiting...
demo.pcm not found, waiting...
demo.pcm not found, waiting...
demo.pcm not found, waiting...
demo.pcm not found, waiting...
demo.pcm not found, waiting...
demo.pcm not found, waiting...
demo.pcm not found, waiting...
demo.pcm not found, waiting...
demo.pcm not found, waiting...
demo.pcm not found, waiting...
demo.pcm not found, waiting...
demo.pcm not found, waiting...
demo.pcm not found, waiting...
demo.pcm not found, waiting...
demo.pcm not found, waiting...
demo.pcm not found, waiting...
demo.pcm not found, waiting...
demo.pcm not found, waiting...
demo.pcm not found, waiting...
demo.pcm not found, waiting...
demo.pcm not found, waiting...
demo.pcm not found, waiting...
demo.pcm not found, waiting...
demo.pcm not found, waiting...
demo.pcm not found, waiting...
demo.pcm not found, waiting...
demo.pcm not found, waiting...
demo.pcm not found, waiting...
demo.pcm not found, waiting...
demo.pcm not found, waiting...
demo.pcm not found, waiting...
demo.pcm not found, waiting...
demo.pcm not found, waiting...
demo.pcm not found, waiting...
demo.pcm not found, waiting...
demo.pcm not found, waiting...
demo.pcm not found, waiting...
demo.pcm not found, waiting...
demo.pcm not found, waiting...
demo.pcm not found, waiting...
demo.pcm not found, waiting...
demo.pcm not found, waiting...
demo.pcm not found, waiting...
demo.pcm not found, waiting...
demo.pcm not found, waiting...
demo.pcm not found, waiting...
demo.pcm not found, waiting...
demo.pcm not found, waiting...
demo.pcm not found, waiting...
demo.pcm not found, waiting...
demo.pcm not found, waiting...
demo.pcm not found, waiting...
demo.pcm not found, waiting...
demo.pcm not found, waiting...
demo.pcm not found, waiting...
demo.pcm not found, waiting...
demo.pcm not found, waiting...
demo.pcm not found, waiting...
demo.pcm not found, waiting...
demo.pcm not found, waiting...
demo.pcm not found, waiting...
demo.pcm not found, waiting...
demo.pcm not found, waiting...
demo.pcm not found, waiting...
demo.pcm not found, waiting...
demo.pcm not found, waiting...
demo.pcm not found, waiting...
demo.pcm not found, waiting...
demo.pcm not found, waiting...
demo.pcm not found, waiting...
demo.pcm not found, waiting...
demo.pcm not found, waiting...
demo.pcm not found, waiting...
demo.pcm not found, waiting...
demo.pcm not found, waiting...
demo.pcm not found, waiting...
demo.pcm not found, waiting...
demo.pcm not found, waiting...
demo.pcm not found, waiting...
demo.pcm not found, waiting...
demo.pcm not found, waiting...
demo.pcm not found, waiting...
demo.pcm not found, waiting...
demo.pcm not found, waiting...
demo.pcm not found, waiting...
demo.pcm not found, waiting...
demo.pcm not found, waiting...
demo.pcm not found, waiting...
demo.pcm not found, waiting...
demo.pcm not found, waiting...
demo.pcm not found, waiting...
demo.pcm not found, waiting...
demo.pcm not found, waiting...
demo.pcm not found, waiting...
demo.pcm not found, waiting...
demo.pcm not found, waiting...
demo.pcm not found, waiting...
demo.pcm not found, waiting...
demo.pcm not found, waiting...
demo.pcm not found, waiting...
demo.pcm not found, waiting...
demo.pcm not found, waiting...
demo.pcm not found, waiting...
demo.pcm not found, waiting...
demo.pcm not found, waiting...
demo.pcm not found, waiting...
demo.pcm not found, waiting...
demo.pcm not found, waiting...
demo.pcm not found, waiting...
demo.pcm not found, waiting...
demo.pcm not found, waiting...
demo.pcm not found, waiting...
demo.pcm not found, waiting...
demo.pcm not found, waiting...
demo.pcm not found, waiting...
demo.pcm not found, waiting...
demo.pcm not found, waiting...
demo.pcm not found, waiting...
demo.pcm not found, waiting...
demo.pcm not found, waiting...
demo.pcm not found, waiting...
demo.pcm not found, waiting...
demo.pcm not found, waiting...
demo.pcm not found, waiting...
demo.pcm not found, waiting...
demo.pcm not found, waiting...
demo.pcm not found, waiting...
demo.pcm not found, waiting...
demo.pcm not found, waiting...
demo.pcm not found, waiting...
demo.pcm not found, waiting...
demo.pcm not found, waiting...
demo.pcm not found, waiting...
demo.pcm not found, waiting...
demo.pcm not found, waiting...
demo.pcm not found, waiting...
demo.pcm not found, waiting...
demo.pcm not found, waiting...
demo.pcm not found, waiting...
demo.pcm not found, waiting...
demo.pcm not found, waiting...
demo.pcm not found, waiting...
demo.pcm not found, waiting...
demo.pcm not found, waiting...
demo.pcm not found, waiting...
demo.pcm not found, waiting...
demo.pcm not found, waiting...
demo.pcm not found, waiting...
demo.pcm not found, waiting...
demo.pcm not found, waiting...
demo.pcm not found, waiting...
demo.pcm not found, waiting...
demo.pcm not found, waiting...
demo.pcm not found, waiting...
demo.pcm not found, waiting...
demo.pcm not found, waiting...
demo.pcm not found, waiting...
demo.pcm not found, waiting...
demo.pcm not found, waiting...
demo.pcm not found, waiting...
demo.pcm not found, waiting...
demo.pcm not found, waiting...
demo.pcm not found, waiting...
demo.pcm not found, waiting...
demo.pcm not found, waiting...
demo.pcm not found, waiting...
demo.pcm not found, waiting...
demo.pcm not found, waiting...
demo.pcm not found, waiting...
demo.pcm not found, waiting...
demo.pcm not found, waiting...
demo.pcm not found, waiting...
demo.pcm not found, waiting...
demo.pcm not found, waiting...
demo.pcm not found, waiting...
demo.pcm not found, waiting...
demo.pcm not found, waiting...
demo.pcm not found, waiting...
demo.pcm not found, waiting...
demo.pcm not found, waiting...
demo.pcm not found, waiting...
demo.pcm not found, waiting...
demo.pcm not found, waiting...
demo.pcm not found, waiting...
demo.pcm not found, waiting...
demo.pcm not found, waiting...
demo.pcm not found, waiting...
demo.pcm not found, waiting...
demo.pcm not found, waiting...
demo.pcm not found, waiting...
demo.pcm not found, waiting...
demo.pcm not found, waiting...
demo.pcm not found, waiting...
demo.pcm not found, waiting...
demo.pcm not found, waiting...
demo.pcm not found, waiting...
demo.pcm not found, waiting...
demo.pcm not found, waiting...
demo.pcm not found, waiting...
demo.pcm not found, waiting...
demo.pcm not found, waiting...
demo.pcm not found, waiting...
demo.pcm not found, waiting...
demo.pcm not found, waiting...
demo.pcm not found, waiting...
demo.pcm not found, waiting...
demo.pcm not found, waiting...
demo.pcm not found, waiting...
demo.pcm not found, waiting...
demo.pcm not found, waiting...
demo.pcm not found, waiting...
demo.pcm not found, waiting...
demo.pcm not found, waiting...
demo.pcm not found, waiting...
demo.pcm not found, waiting...
demo.pcm not found, waiting...
demo.pcm not found, waiting...
demo.pcm not found, waiting...
demo.pcm not found, waiting...
demo.pcm not found, waiting...
demo.pcm not found, waiting...
demo.pcm not found, waiting...
demo.pcm not found, waiting...
demo.pcm not found, waiting...
demo.pcm not found, waiting...
demo.pcm not found, waiting...
demo.pcm not found, waiting...
demo.pcm not found, waiting...
demo.pcm not found, waiting...
demo.pcm not found, waiting...
demo.pcm not found, waiting...
demo.pcm not found, waiting...
demo.pcm not found, waiting...
demo.pcm not found, waiting...
demo.pcm not found, waiting...
demo.pcm not found, waiting...
demo.pcm not found, waiting...
demo.pcm not found, waiting...
demo.pcm not found, waiting...
demo.pcm not found, waiting...
demo.pcm not found, waiting...
demo.pcm not found, waiting...
demo.pcm not found, waiting...
demo.pcm not found, waiting...
demo.pcm not found, waiting...
demo.pcm not found, waiting...
demo.pcm not found, waiting...
demo.pcm not found, waiting...
demo.pcm not found, waiting...
demo.pcm not found, waiting...
demo.pcm not found, waiting...
demo.pcm not found, waiting...
demo.pcm not found, waiting...
demo.pcm not found, waiting...
demo.pcm not found, waiting...
demo.pcm not found, waiting...
demo.pcm not found, waiting...
demo.pcm not found, waiting...
demo.pcm not found, waiting...
demo.pcm not found, waiting...
demo.pcm not found, waiting...
demo.pcm not found, waiting...
demo.pcm not found, waiting...
demo.pcm not found, waiting...
demo.pcm not found, waiting...
demo.pcm not found, waiting...
demo.pcm not found, waiting...
demo.pcm not found, waiting...
demo.pcm not found, waiting...
demo.pcm not found, waiting...
demo.pcm not found, waiting...
demo.pcm not found, waiting...
demo.pcm not found, waiting...
demo.pcm not found, waiting...
demo.pcm not found, waiting...
demo.pcm not found, waiting...
demo.pcm not found, waiting...
demo.pcm not found, waiting...
demo.pcm not found, waiting...
demo.pcm not found, waiting...
demo.pcm not found, waiting...
demo.pcm not found, waiting...
demo.pcm not found, waiting...
demo.pcm not found, waiting...
demo.pcm not found, waiting...
demo.pcm not found, waiting...
demo.pcm not found, waiting...
demo.pcm not found, waiting...
demo.pcm not found, waiting...
demo.pcm not found, waiting...
demo.pcm not found, waiting...
demo.pcm not found, waiting...
demo.pcm not found, waiting...
demo.pcm not found, waiting...
demo.pcm not found, waiting...
demo.pcm not found, waiting...
demo.pcm not found, waiting...
demo.pcm not found, waiting...
demo.pcm not found, waiting...
demo.pcm not found, waiting...
demo.pcm not found, waiting...
demo.pcm not found, waiting...
demo.pcm not found, waiting...
demo.pcm not found, waiting...
demo.pcm not found, waiting...
demo.pcm not found, waiting...
demo.pcm not found, waiting...
demo.pcm not found, waiting...
demo.pcm not found, waiting...
demo.pcm not found, waiting...
demo.pcm not found, waiting...
demo.pcm not found, waiting...
demo.pcm not found, waiting...
demo.pcm not found, waiting...
demo.pcm not found, waiting...
demo.pcm not found, waiting...
demo.pcm not found, waiting...
demo.pcm not found, waiting...
demo.pcm not found, waiting...
demo.pcm not found, waiting...
demo.pcm not found, waiting...
demo.pcm not found, waiting...
demo.pcm not found, waiting...
demo.pcm not found, waiting...
demo.pcm not found, waiting...
demo.pcm not found, waiting...
demo.pcm not found, waiting...
demo.pcm not found, waiting...
demo.pcm not found, waiting...
demo.pcm not found, waiting...
demo.pcm not found, waiting...
demo.pcm not found, waiting...
demo.pcm not found, waiting...
demo.pcm not found, waiting...
demo.pcm not found, waiting...
demo.pcm not found, waiting...
demo.pcm not found, waiting...
demo.pcm not found, waiting...
demo.pcm not found, waiting...
demo.pcm not found, waiting...
demo.pcm not found, waiting...
demo.pcm not found, waiting...
demo.pcm not found, waiting...
demo.pcm not found, waiting...
demo.pcm not found, waiting...
demo.pcm not found, waiting...
demo.pcm not found, waiting...
demo.pcm not found, waiting...
demo.pcm not found, waiting...
demo.pcm not found, waiting...
demo.pcm not found, waiting...
demo.pcm not found, waiting...
demo.pcm not found, waiting...
demo.pcm not found, waiting...
demo.pcm not found, waiting...
demo.pcm not found, waiting...
demo.pcm not found, waiting...
demo.pcm not found, waiting...
demo.pcm not found, waiting...
demo.pcm not found, waiting...
demo.pcm not found, waiting...
demo.pcm not found, waiting...
demo.pcm not found, waiting...
demo.pcm not found, waiting...
demo.pcm not found, waiting...
demo.pcm not found, waiting...
demo.pcm not found, waiting...
demo.pcm not found, waiting...
demo.pcm not found, waiting...
demo.pcm not found, waiting...
demo.pcm not found, waiting...
demo.pcm not found, waiting...
demo.pcm not found, waiting...
demo.pcm not found, waiting...
demo.pcm not found, waiting...
demo.pcm not found, waiting...
demo.pcm not found, waiting...
demo.pcm not found, waiting...
demo.pcm not found, waiting...
demo.pcm not found, waiting...
demo.pcm not found, waiting...
demo.pcm not found, waiting...
demo.pcm not found, waiting...
demo.pcm not found, waiting...
demo.pcm not found, waiting...
demo.pcm not found, waiting...
demo.pcm not found, waiting...
demo.pcm not found, waiting...
demo.pcm not found, waiting...
demo.pcm not found, waiting...
demo.pcm not found, waiting...
demo.pcm not found, waiting...
demo.pcm not found, waiting...
demo.pcm not found, waiting...
demo.pcm not found, waiting...
demo.pcm not found, waiting...
demo.pcm not found, waiting...
demo.pcm not found, waiting...
demo.pcm not found, waiting...
demo.pcm not found, waiting...
demo.pcm not found, waiting...
demo.pcm not found, waiting...
demo.pcm not found, waiting...
demo.pcm not found, waiting...
demo.pcm not found, waiting...
demo.pcm not found, waiting...
demo.pcm not found, waiting...
demo.pcm not found, waiting...
demo.pcm not found, waiting...
demo.pcm not found, waiting...
demo.pcm not found, waiting...
demo.pcm not found, waiting...
demo.pcm not found, waiting...
demo.pcm not found, waiting...
demo.pcm not found, waiting...
demo.pcm not found, waiting...
demo.pcm not found, waiting...
demo.pcm not found, waiting...
demo.pcm not found, waiting...
demo.pcm not found, waiting...
demo.pcm not found, waiting...
demo.pcm not found, waiting...
demo.pcm not found, waiting...
demo.pcm not found, waiting...
demo.pcm not found, waiting...
demo.pcm not found, waiting...
demo.pcm not found, waiting...
demo.pcm not found, waiting...
demo.pcm not found, waiting...
demo.pcm not found, waiting...
demo.pcm not found, waiting...
demo.pcm not found, waiting...
demo.pcm not found, waiting...
demo.pcm not found, waiting...
demo.pcm not found, waiting...
demo.pcm not found, waiting...
demo.pcm not found, waiting...
demo.pcm not found, waiting...
demo.pcm not found, waiting...
demo.pcm not found, waiting...
demo.pcm not found, waiting...
demo.pcm not found, waiting...
demo.pcm not found, waiting...
demo.pcm not found, waiting...
demo.pcm not found, waiting...
demo.pcm not found, waiting...
demo.pcm not found, waiting...
demo.pcm not found, waiting...
demo.pcm not found, waiting...
demo.pcm not found, waiting...
demo.pcm not found, waiting...
demo.pcm not found, waiting...
demo.pcm not found, waiting...
demo.pcm not found, waiting...
demo.pcm not found, waiting...
demo.pcm not found, waiting...
demo.pcm not found, waiting...
demo.pcm not found, waiting...
demo.pcm not found, waiting...
demo.pcm not found, waiting...
demo.pcm not found, waiting...
demo.pcm not found, waiting...
demo.pcm not found, waiting...
demo.pcm not found, waiting...
demo.pcm not found, waiting...
demo.pcm not found, waiting...
demo.pcm not found, waiting...
demo.pcm not found, waiting...
demo.pcm not found, waiting...
demo.pcm not found, waiting...
demo.pcm not found, waiting...
demo.pcm not found, waiting...
demo.pcm not found, waiting...
demo.pcm not found, waiting...
demo.pcm not found, waiting...
demo.pcm not found, waiting...
demo.pcm not found, waiting...
demo.pcm not found, waiting...
demo.pcm not found, waiting...
demo.pcm not found, waiting...
demo.pcm not found, waiting...
demo.pcm not found, waiting...
demo.pcm not found, waiting...
demo.pcm not found, waiting...
demo.pcm not found, waiting...
demo.pcm not found, waiting...
demo.pcm not found, waiting...
demo.pcm not found, waiting...
demo.pcm not found, waiting...
demo.pcm not found, waiting...
demo.pcm not found, waiting...
demo.pcm not found, waiting...
demo.pcm not found, waiting...
demo.pcm not found, waiting...
demo.pcm not found, waiting...
demo.pcm not found, waiting...
demo.pcm not found, waiting...
demo.pcm not found, waiting...
demo.pcm not found, waiting...
demo.pcm not found, waiting...
demo.pcm not found, waiting...
demo.pcm not found, waiting...
demo.pcm not found, waiting...
demo.pcm not found, waiting...
demo.pcm not found, waiting...
demo.pcm not found, waiting...
demo.pcm not found, waiting...
demo.pcm not found, waiting...
demo.pcm not found, waiting...
demo.pcm not found, waiting...
demo.pcm not found, waiting...
demo.pcm not found, waiting...
demo.pcm not found, waiting...
demo.pcm not found, waiting...
demo.pcm not found, waiting...
demo.pcm not found, waiting...
demo.pcm not found, waiting...
demo.pcm not found, waiting...
demo.pcm not found, waiting...
demo.pcm not found, waiting...
demo.pcm not found, waiting...
demo.pcm not found, waiting...
demo.pcm not found, waiting...
demo.pcm not found, waiting...
demo.pcm not found, waiting...
demo.pcm not found, waiting...
demo.pcm not found, waiting...
demo.pcm not found, waiting...
demo.pcm not found, waiting...
demo.pcm not found, waiting...
demo.pcm not found, waiting...
demo.pcm not found, waiting...
demo.pcm not found, waiting...
demo.pcm not found, waiting...
demo.pcm not found, waiting...
demo.pcm not found, waiting...
demo.pcm not found, waiting...
demo.pcm not found, waiting...
demo.pcm not found, waiting...
demo.pcm not found, waiting...
demo.pcm not found, waiting...
demo.pcm not found, waiting...
demo.pcm not found, waiting...
demo.pcm not found, waiting...
demo.pcm not found, waiting...
demo.pcm not found, waiting...
demo.pcm not found, waiting...
demo.pcm not found, waiting...
demo.pcm not found, waiting...
demo.pcm not found, waiting...
demo.pcm not found, waiting...
demo.pcm not found, waiting...
demo.pcm not found, waiting...
demo.pcm not found, waiting...
demo.pcm not found, waiting...
demo.pcm not found, waiting...
demo.pcm not found, waiting...
demo.pcm not found, waiting...
demo.pcm not found, waiting...
demo.pcm not found, waiting...
demo.pcm not found, waiting...
demo.pcm not found, waiting...
demo.pcm not found, waiting...
demo.pcm not found, waiting...
demo.pcm not found, waiting...
demo.pcm not found, waiting...
demo.pcm not found, waiting...
demo.pcm not found, waiting...
demo.pcm not found, waiting...
demo.pcm not found, waiting...
demo.pcm not found, waiting...
demo.pcm not found, waiting...
demo.pcm not found, waiting...
demo.pcm not found, waiting...
demo.pcm not found, waiting...
demo.pcm not found, waiting...
demo.pcm not found, waiting...
demo.pcm not found, waiting...
demo.pcm not found, waiting...
demo.pcm not found, waiting...
demo.pcm not found, waiting...
demo.pcm not found, waiting...
demo.pcm not found, waiting...
demo.pcm not found, waiting...
demo.pcm not found, waiting...
demo.pcm not found, waiting...
demo.pcm not found, waiting...
demo.pcm not found, waiting...
demo.pcm not found, waiting...
demo.pcm not found, waiting...
demo.pcm not found, waiting...
demo.pcm not found, waiting...
demo.pcm not found, waiting...
demo.pcm not found, waiting...
demo.pcm not found, waiting...
demo.pcm not found, waiting...
demo.pcm not found, waiting...
demo.pcm not found, waiting...
demo.pcm not found, waiting...
demo.pcm not found, waiting...
demo.pcm not found, waiting...
demo.pcm not found, waiting...
demo.pcm not found, waiting...
demo.pcm not found, waiting...
demo.pcm not found, waiting...
demo.pcm not found, waiting...
demo.pcm not found, waiting...
demo.pcm not found, waiting...
demo.pcm not found, waiting...
demo.pcm not found, waiting...
demo.pcm not found, waiting...
demo.pcm not found, waiting...
demo.pcm not found, waiting...
demo.pcm not found, waiting...
demo.pcm not found, waiting...
demo.pcm not found, waiting...
demo.pcm not found, waiting...
demo.pcm not found, waiting...
demo.pcm not found, waiting...
demo.pcm not found, waiting...
demo.pcm not found, waiting...
demo.pcm not found, waiting...
demo.pcm not found, waiting...
demo.pcm not found, waiting...
demo.pcm not found, waiting...
demo.pcm not found, waiting...
demo.pcm not found, waiting...
demo.pcm not found, waiting...
demo.pcm not found, waiting...
demo.pcm not found, waiting...
demo.pcm not found, waiting...
demo.pcm not found, waiting...
demo.pcm not found, waiting...
demo.pcm not found, waiting...
demo.pcm not found, waiting...
demo.pcm not found, waiting...
demo.pcm not found, waiting...
demo.pcm not found, waiting...
demo.pcm not found, waiting...
demo.pcm not found, waiting...
demo.pcm not found, waiting...
demo.pcm not found, waiting...
demo.pcm not found, waiting...
demo.pcm not found, waiting...
demo.pcm not found, waiting...
demo.pcm not found, waiting...
demo.pcm not found, waiting...
demo.pcm not found, waiting...
demo.pcm not found, waiting...
demo.pcm not found, waiting...
demo.pcm not found, waiting...
demo.pcm not found, waiting...
demo.pcm not found, waiting...
demo.pcm not found, waiting...
demo.pcm not found, waiting...
demo.pcm not found, waiting...
demo.pcm not found, waiting...
demo.pcm not found, waiting...
demo.pcm not found, waiting...
demo.pcm not found, waiting...
demo.pcm not found, waiting...
demo.pcm not found, waiting...
demo.pcm not found, waiting...
demo.pcm not found, waiting...
demo.pcm not found, waiting...
demo.pcm not found, waiting...
demo.pcm not found, waiting...
demo.pcm not found, waiting...
demo.pcm not found, waiting...
demo.pcm not found, waiting...
demo.pcm not found, waiting...
demo.pcm not found, waiting...
demo.pcm not found, waiting...
demo.pcm not found, waiting...
demo.pcm not found, waiting...
demo.pcm not found, waiting...
demo.pcm not found, waiting...
demo.pcm not found, waiting...
demo.pcm not found, waiting...
demo.pcm not found, waiting...
demo.pcm not found, waiting...
demo.pcm not found, waiting...
demo.pcm not found, waiting...
demo.pcm not found, waiting...
demo.pcm not found, waiting...
demo.pcm not found, waiting...
demo.pcm not found, waiting...
demo.pcm not found, waiting...
demo.pcm not found, waiting...
demo.pcm not found, waiting...
demo.pcm not found, waiting...
demo.pcm not found, waiting...
demo.pcm not found, waiting...
demo.pcm not found, waiting...
demo.pcm not found, waiting...
demo.pcm not found, waiting...
demo.pcm not found, waiting...
demo.pcm not found, waiting...
demo.pcm not found, waiting...
demo.pcm not found, waiting...
demo.pcm not found, waiting...
demo.pcm not found, waiting...
demo.pcm not found, waiting...
demo.pcm not found, waiting...
demo.pcm not found, waiting...
demo.pcm not found, waiting...
demo.pcm not found, waiting...
demo.pcm not found, waiting...
demo.pcm not found, waiting...
demo.pcm not found, waiting...
demo.pcm not found, waiting...
demo.pcm not found, waiting...
demo.pcm not found, waiting...
demo.pcm not found, waiting...
demo.pcm not found, waiting...
demo.pcm not found, waiting...
demo.pcm not found, waiting...
demo.pcm not found, waiting...
demo.pcm not found, waiting...
demo.pcm not found, waiting...
demo.pcm not found, waiting...
demo.pcm not found, waiting...
demo.pcm not found, waiting...
demo.pcm not found, waiting...
demo.pcm not found, waiting...
demo.pcm not found, waiting...
demo.pcm not found, waiting...
demo.pcm not found, waiting...
demo.pcm not found, waiting...
demo.pcm not found, waiting...
demo.pcm not found, waiting...
demo.pcm not found, waiting...
demo.pcm not found, waiting...
demo.pcm not found, waiting...
demo.pcm not found, waiting...
demo.pcm not found, waiting...
demo.pcm not found, waiting...
demo.pcm not found, waiting...
demo.pcm not found, waiting...
demo.pcm not found, waiting...
demo.pcm not found, waiting...
demo.pcm not found, waiting...
demo.pcm not found, waiting...
demo.pcm not found, waiting...
demo.pcm not found, waiting...
demo.pcm not found, waiting...
demo.pcm not found, waiting...
demo.pcm not found, waiting...
demo.pcm not found, waiting...
demo.pcm not found, waiting...
demo.pcm not found, waiting...
demo.pcm not found, waiting...
demo.pcm not found, waiting...
demo.pcm not found, waiting...
demo.pcm not found, waiting...
demo.pcm not found, waiting...
demo.pcm not found, waiting...
demo.pcm not found, waiting...
demo.pcm not found, waiting...
demo.pcm not found, waiting...
demo.pcm not found, waiting...
demo.pcm not found, waiting...
demo.pcm not found, waiting...
demo.pcm not found, waiting...
demo.pcm not found, waiting...
demo.pcm not found, waiting...
demo.pcm not found, waiting...
demo.pcm not found, waiting...
demo.pcm not found, waiting...
demo.pcm not found, waiting...
demo.pcm not found, waiting...
demo.pcm not found, waiting...
demo.pcm not found, waiting...
demo.pcm not found, waiting...
demo.pcm not found, waiting...
demo.pcm not found, waiting...
demo.pcm not found, waiting...
demo.pcm not found, waiting...
demo.pcm not found, waiting...
demo.pcm not found, waiting...
demo.pcm not found, waiting...
demo.pcm not found, waiting...
demo.pcm not found, waiting...
demo.pcm not found, waiting...
demo.pcm not found, waiting...
demo.pcm not found, waiting...
demo.pcm not found, waiting...
demo.pcm not found, waiting...
demo.pcm not found, waiting...
demo.pcm not found, waiting...
demo.pcm not found, waiting...
demo.pcm not found, waiting...
demo.pcm not found, waiting...
demo.pcm not found, waiting...
demo.pcm not found, waiting...
demo.pcm not found, waiting...
demo.pcm not found, waiting...
demo.pcm not found, waiting...
demo.pcm not found, waiting...
demo.pcm not found, waiting...
demo.pcm not found, waiting...
demo.pcm not found, waiting...
demo.pcm not found, waiting...
demo.pcm not found, waiting...
demo.pcm not found, waiting...
demo.pcm not found, waiting...
demo.pcm not found, waiting...
demo.pcm not found, waiting...
demo.pcm not found, waiting...
demo.pcm not found, waiting...
demo.pcm not found, waiting...
demo.pcm not found, waiting...
demo.pcm not found, waiting...
demo.pcm not found, waiting...
demo.pcm not found, waiting...
demo.pcm not found, waiting...
demo.pcm not found, waiting...
demo.pcm not found, waiting...
demo.pcm not found, waiting...
demo.pcm not found, waiting...
demo.pcm not found, waiting...
demo.pcm not found, waiting...
demo.pcm not found, waiting...
demo.pcm not found, waiting...
demo.pcm not found, waiting...
demo.pcm not found, waiting...
demo.pcm not found, waiting...
demo.pcm not found, waiting...
demo.pcm not found, waiting...
demo.pcm not found, waiting...
demo.pcm not found, waiting...
demo.pcm not found, waiting...
demo.pcm not found, waiting...
demo.pcm not found, waiting...
demo.pcm not found, waiting...
demo.pcm not found, waiting...
demo.pcm not found, waiting...
demo.pcm not found, waiting...
demo.pcm not found, waiting...
demo.pcm not found, waiting...
demo.pcm not found, waiting...
demo.pcm not found, waiting...
demo.pcm not found, waiting...
demo.pcm not found, waiting...
demo.pcm not found, waiting...
demo.pcm not found, waiting...
demo.pcm not found, waiting...
demo.pcm not found, waiting...
demo.pcm not found, waiting...
demo.pcm not found, waiting...
demo.pcm not found, waiting...
demo.pcm not found, waiting...
demo.pcm not found, waiting...
demo.pcm not found, waiting...
demo.pcm not found, waiting...
demo.pcm not found, waiting...
demo.pcm not found, waiting...
demo.pcm not found, waiting...
demo.pcm not found, waiting...
demo.pcm not found, waiting...
demo.pcm not found, waiting...
demo.pcm not found, waiting...
demo.pcm not found, waiting...
demo.pcm not found, waiting...
demo.pcm not found, waiting...
demo.pcm not found, waiting...
demo.pcm not found, waiting...
demo.pcm not found, waiting...
demo.pcm not found, waiting...
demo.pcm not found, waiting...
demo.pcm not found, waiting...
demo.pcm not found, waiting...
demo.pcm not found, waiting...
demo.pcm not found, waiting...
demo.pcm not found, waiting...
demo.pcm not found, waiting...
demo.pcm not found, waiting...
demo.pcm not found, waiting...
demo.pcm not found, waiting...
demo.pcm not found, waiting...
demo.pcm not found, waiting...
demo.pcm not found, waiting...
demo.pcm not found, waiting...
demo.pcm not found, waiting...
demo.pcm not found, waiting...
demo.pcm not found, waiting...
demo.pcm not found, waiting...
demo.pcm not found, waiting...
demo.pcm not found, waiting...
demo.pcm not found, waiting...
demo.pcm not found, waiting...
demo.pcm not found, waiting...
demo.pcm not found, waiting...
demo.pcm not found, waiting...
demo.pcm not found, waiting...
demo.pcm not found, waiting...
demo.pcm not found, waiting...
demo.pcm not found, waiting...
demo.pcm not found, waiting...
demo.pcm not found, waiting...
demo.pcm not found, waiting...
demo.pcm not found, waiting...
demo.pcm not found, waiting...
demo.pcm not found, waiting...
demo.pcm not found, waiting...
demo.pcm not found, waiting...
demo.pcm not found, waiting...
demo.pcm not found, waiting...
demo.pcm not found, waiting...
demo.pcm not found, waiting...
demo.pcm not found, waiting...
demo.pcm not found, waiting...
demo.pcm not found, waiting...
demo.pcm not found, waiting...
demo.pcm not found, waiting...
demo.pcm not found, waiting...
demo.pcm not found, waiting...
demo.pcm not found, waiting...
demo.pcm not found, waiting...
demo.pcm not found, waiting...
demo.pcm not found, waiting...
demo.pcm not found, waiting...
demo.pcm not found, waiting...
demo.pcm not found, waiting...
demo.pcm not found, waiting...
demo.pcm not found, waiting...
demo.pcm not found, waiting...
demo.pcm not found, waiting...
demo.pcm not found, waiting...
demo.pcm not found, waiting...
demo.pcm not found, waiting...
demo.pcm not found, waiting...
demo.pcm not found, waiting...
demo.pcm not found, waiting...
demo.pcm not found, waiting...
demo.pcm not found, waiting...
demo.pcm not found, waiting...
demo.pcm not found, waiting...
demo.pcm not found, waiting...
demo.pcm not found, waiting...
demo.pcm not found, waiting...
demo.pcm not found, waiting...
demo.pcm not found, waiting...
demo.pcm not found, waiting...
demo.pcm not found, waiting...
demo.pcm not found, waiting...
demo.pcm not found, waiting...
demo.pcm not found, waiting...
demo.pcm not found, waiting...
demo.pcm not found, waiting...
demo.pcm not found, waiting...
demo.pcm not found, waiting...
demo.pcm not found, waiting...
demo.pcm not found, waiting...
demo.pcm not found, waiting...
demo.pcm not found, waiting...
demo.pcm not found, waiting...
demo.pcm not found, waiting...
demo.pcm not found, waiting...
demo.pcm not found, waiting...
demo.pcm not found, waiting...
demo.pcm not found, waiting...
demo.pcm not found, waiting...
demo.pcm not found, waiting...
demo.pcm not found, waiting...
demo.pcm not found, waiting...
demo.pcm not found, waiting...
demo.pcm not found, waiting...
demo.pcm not found, waiting...
demo.pcm not found, waiting...
demo.pcm not found, waiting...
demo.pcm not found, waiting...
demo.pcm not found, waiting...
demo.pcm not found, waiting...
demo.pcm not found, waiting...
demo.pcm not found, waiting...
demo.pcm not found, waiting...
demo.pcm not found, waiting...
demo.pcm not found, waiting...
demo.pcm not found, waiting...
demo.pcm not found, waiting...
demo.pcm not found, waiting...
demo.pcm not found, waiting...
demo.pcm not found, waiting...
demo.pcm not found, waiting...
demo.pcm not found, waiting...
demo.pcm not found, waiting...
demo.pcm not found, waiting...
demo.pcm not found, waiting...
demo.pcm not found, waiting...
demo.pcm not found, waiting...
demo.pcm not found, waiting...
demo.pcm not found, waiting...
demo.pcm not found, waiting...
demo.pcm not found, waiting...
demo.pcm not found, waiting...
demo.pcm not found, waiting...
demo.pcm not found, waiting...
demo.pcm not found, waiting...
demo.pcm not found, waiting...
demo.pcm not found, waiting...
demo.pcm not found, waiting...
demo.pcm not found, waiting...
demo.pcm not found, waiting...
demo.pcm not found, waiting...
demo.pcm not found, waiting...
demo.pcm not found, waiting...
demo.pcm not found, waiting...
demo.pcm not found, waiting...
demo.pcm not found, waiting...
demo.pcm not found, waiting...
demo.pcm not found, waiting...
demo.pcm not found, waiting...
demo.pcm not found, waiting...
demo.pcm not found, waiting...
demo.pcm not found, waiting...
demo.pcm not found, waiting...
demo.pcm not found, waiting...
demo.pcm not found, waiting...
demo.pcm not found, waiting...
demo.pcm not found, waiting...
demo.pcm not found, waiting...
demo.pcm not found, waiting...
demo.pcm not found, waiting...
demo.pcm not found, waiting...
demo.pcm not found, waiting...
demo.pcm not found, waiting...
demo.pcm not found, waiting...
demo.pcm not found, waiting...
demo.pcm not found, waiting...
demo.pcm not found, waiting...
demo.pcm not found, waiting...
demo.pcm not found, waiting...
demo.pcm not found, waiting...
demo.pcm not found, waiting...
demo.pcm not found, waiting...
demo.pcm not found, waiting...
demo.pcm not found, waiting...
demo.pcm not found, waiting...
demo.pcm not found, waiting...
demo.pcm not found, waiting...
demo.pcm not found, waiting...
demo.pcm not found, waiting...
demo.pcm not found, waiting...
demo.pcm not found, waiting...
demo.pcm not found, waiting...
demo.pcm not found, waiting...
demo.pcm not found, waiting...
demo.pcm not found, waiting...
demo.pcm not found, waiting...
demo.pcm not found, waiting...
demo.pcm not found, waiting...
demo.pcm not found, waiting...
demo.pcm not found, waiting...
demo.pcm not found, waiting...
demo.pcm not found, waiting...
demo.pcm not found, waiting...
demo.pcm not found, waiting...
demo.pcm not found, waiting...
demo.pcm not found, waiting...
demo.pcm not found, waiting...
demo.pcm not found, waiting...
demo.pcm not found, waiting...
demo.pcm not found, waiting...
demo.pcm not found, waiting...
demo.pcm not found, waiting...
demo.pcm not found, waiting...
demo.pcm not found, waiting...
demo.pcm not found, waiting...
demo.pcm not found, waiting...
demo.pcm not found, waiting...
demo.pcm not found, waiting...
demo.pcm not found, waiting...
demo.pcm not found, waiting...
demo.pcm not found, waiting...
demo.pcm not found, waiting...
demo.pcm not found, waiting...
demo.pcm not found, waiting...
demo.pcm not found, waiting...
demo.pcm not found, waiting...
demo.pcm not found, waiting...
demo.pcm not found, waiting...
demo.pcm not found, waiting...
demo.pcm not found, waiting...
demo.pcm not found, waiting...
demo.pcm not found, waiting...
demo.pcm not found, waiting...
demo.pcm not found, waiting...
demo.pcm not found, waiting...
demo.pcm not found, waiting...
demo.pcm not found, waiting...
demo.pcm not found, waiting...
demo.pcm not found, waiting...
demo.pcm not found, waiting...
demo.pcm not found, waiting...
demo.pcm not found, waiting...
demo.pcm not found, waiting...
demo.pcm not found, waiting...
demo.pcm not found, waiting...
demo.pcm not found, waiting...
demo.pcm not found, waiting...
demo.pcm not found, waiting...
demo.pcm not found, waiting...
demo.pcm not found, waiting...
demo.pcm not found, waiting...
demo.pcm not found, waiting...
demo.pcm not found, waiting...
demo.pcm not found, waiting...
demo.pcm not found, waiting...
demo.pcm not found, waiting...
demo.pcm not found, waiting...
demo.pcm not found, waiting...
demo.pcm not found, waiting...
demo.pcm not found, waiting...
demo.pcm not found, waiting...
demo.pcm not found, waiting...
demo.pcm not found, waiting...
demo.pcm not found, waiting...
demo.pcm not found, waiting...
demo.pcm not found, waiting...
demo.pcm not found, waiting...
demo.pcm not found, waiting...
demo.pcm not found, waiting...
demo.pcm not found, waiting...
demo.pcm not found, waiting...
demo.pcm not found, waiting...
demo.pcm not found, waiting...
demo.pcm not found, waiting...
demo.pcm not found, waiting...
demo.pcm not found, waiting...
demo.pcm not found, waiting...
demo.pcm not found, waiting...
demo.pcm not found, waiting...
demo.pcm not found, waiting...
demo.pcm not found, waiting...
demo.pcm not found, waiting...
demo.pcm not found, waiting...
demo.pcm not found, waiting...
demo.pcm not found, waiting...
demo.pcm not found, waiting...
demo.pcm not found, waiting...
demo.pcm not found, waiting...
demo.pcm not found, waiting...
demo.pcm not found, waiting...
demo.pcm not found, waiting...
demo.pcm not found, waiting...
demo.pcm not found, waiting...
demo.pcm not found, waiting...
demo.pcm not found, waiting...
demo.pcm not found, waiting...
demo.pcm not found, waiting...
demo.pcm not found, waiting...
demo.pcm not found, waiting...
demo.pcm not found, waiting...
demo.pcm not found, waiting...
demo.pcm not found, waiting...
demo.pcm not found, waiting...
demo.pcm not found, waiting...
demo.pcm not found, waiting...
demo.pcm not found, waiting...
demo.pcm not found, waiting...
demo.pcm not found, waiting...
demo.pcm not found, waiting...
demo.pcm not found, waiting...
demo.pcm not found, waiting...
demo.pcm not found, waiting...
demo.pcm not found, waiting...
demo.pcm not found, waiting...
demo.pcm not found, waiting...
demo.pcm not found, waiting...
demo.pcm not found, waiting...
demo.pcm not found, waiting...
demo.pcm not found, waiting...
demo.pcm not found, waiting...
demo.pcm not found, waiting...
demo.pcm not found, waiting...
demo.pcm not found, waiting...
demo.pcm not found, waiting...
demo.pcm not found, waiting...
demo.pcm not found, waiting...
demo.pcm not found, waiting...
demo.pcm not found, waiting...
demo.pcm not found, waiting...
demo.pcm not found, waiting...
demo.pcm not found, waiting...
demo.pcm not found, waiting...
demo.pcm not found, waiting...
demo.pcm not found, waiting...
demo.pcm not found, waiting...
demo.pcm not found, waiting...
demo.pcm not found, waiting...
demo.pcm not found, waiting...
demo.pcm not found, waiting...
demo.pcm not found, waiting...
demo.pcm not found, waiting...
demo.pcm not found, waiting...
demo.pcm not found, waiting...
demo.pcm not found, waiting...
demo.pcm not found, waiting...
demo.pcm not found, waiting...
demo.pcm not found, waiting...
demo.pcm not found, waiting...
demo.pcm not found, waiting...
demo.pcm not found, waiting...
demo.pcm not found, waiting...
demo.pcm not found, waiting...
demo.pcm not found, waiting...
demo.pcm not found, waiting...
demo.pcm not found, waiting...
demo.pcm not found, waiting...
demo.pcm not found, waiting...
demo.pcm not found, waiting...
demo.pcm not found, waiting...
demo.pcm not found, waiting...
demo.pcm not found, waiting...
demo.pcm not found, waiting...
demo.pcm not found, waiting...
demo.pcm not found, waiting...
demo.pcm not found, waiting...
demo.pcm not found, waiting...
demo.pcm not found, waiting...
demo.pcm not found, waiting...
demo.pcm not found, waiting...
demo.pcm not found, waiting...
demo.pcm not found, waiting...
demo.pcm not found, waiting...
demo.pcm not found, waiting...
demo.pcm not found, waiting...
demo.pcm not found, waiting...
demo.pcm not found, waiting...
demo.pcm not found, waiting...
demo.pcm not found, waiting...
demo.pcm not found, waiting...
demo.pcm not found, waiting...
demo.pcm not found, waiting...
demo.pcm not found, waiting...
demo.pcm not found, waiting...
demo.pcm not found, waiting...
demo.pcm not found, waiting...
demo.pcm not found, waiting...
demo.pcm not found, waiting...
demo.pcm not found, waiting...
demo.pcm not found, waiting...
demo.pcm not found, waiting...
demo.pcm not found, waiting...
demo.pcm not found, waiting...
demo.pcm not found, waiting...
demo.pcm not found, waiting...
demo.pcm not found, waiting...
demo.pcm not found, waiting...
demo.pcm not found, waiting...
demo.pcm not found, waiting...
demo.pcm not found, waiting...
demo.pcm not found, waiting...
demo.pcm not found, waiting...
demo.pcm not found, waiting...
demo.pcm not found, waiting...
demo.pcm not found, waiting...
demo.pcm not found, waiting...
demo.pcm not found, waiting...
demo.pcm not found, waiting...
demo.pcm not found, waiting...
demo.pcm not found, waiting...
demo.pcm not found, waiting...
demo.pcm not found, waiting...
demo.pcm not found, waiting...
demo.pcm not found, waiting...
demo.pcm not found, waiting...
demo.pcm not found, waiting...
demo.pcm not found, waiting...
demo.pcm not found, waiting...
demo.pcm not found, waiting...
demo.pcm not found, waiting...
demo.pcm not found, waiting...
demo.pcm not found, waiting...
demo.pcm not found, waiting...
demo.pcm not found, waiting...
demo.pcm not found, waiting...
demo.pcm not found, waiting...
demo.pcm not found, waiting...
demo.pcm not found, waiting...
demo.pcm not found, waiting...
demo.pcm not found, waiting...
demo.pcm not found, waiting...
demo.pcm not found, waiting...
demo.pcm not found, waiting...
demo.pcm not found, waiting...
demo.pcm not found, waiting...
demo.pcm not found, waiting...
demo.pcm not found, waiting...
demo.pcm not found, waiting...
demo.pcm not found, waiting...
demo.pcm not found, waiting...
demo.pcm not found, waiting...
demo.pcm not found, waiting...
demo.pcm not found, waiting...
demo.pcm not found, waiting...
demo.pcm not found, waiting...
demo.pcm not found, waiting...
demo.pcm not found, waiting...
demo.pcm not found, waiting...
demo.pcm not found, waiting...
demo.pcm not found, waiting...
demo.pcm not found, waiting...
demo.pcm not found, waiting...
demo.pcm not found, waiting...
demo.pcm not found, waiting...
demo.pcm not found, waiting...
demo.pcm not found, waiting...
demo.pcm not found, waiting...
demo.pcm not found, waiting...
demo.pcm not found, waiting...
demo.pcm not found, waiting...
demo.pcm not found, waiting...
demo.pcm not found, waiting...
demo.pcm not found, waiting...
demo.pcm not found, waiting...
demo.pcm not found, waiting...
demo.pcm not found, waiting...
demo.pcm not found, waiting...
demo.pcm not found, waiting...
demo.pcm not found, waiting...
demo.pcm not found, waiting...
demo.pcm not found, waiting...
demo.pcm not found, waiting...
demo.pcm not found, waiting...
demo.pcm not found, waiting...
demo.pcm not found, waiting...
demo.pcm not found, waiting...
demo.pcm not found, waiting...
demo.pcm not found, waiting...
demo.pcm not found, waiting...
demo.pcm not found, waiting...
demo.pcm not found, waiting...
demo.pcm not found, waiting...
demo.pcm not found, waiting...
demo.pcm not found, waiting...
demo.pcm not found, waiting...
demo.pcm not found, waiting...
demo.pcm not found, waiting...
demo.pcm not found, waiting...
demo.pcm not found, waiting...
demo.pcm not found, waiting...
demo.pcm not found, waiting...
demo.pcm not found, waiting...
demo.pcm not found, waiting...
demo.pcm not found, waiting...
demo.pcm not found, waiting...
demo.pcm not found, waiting...
demo.pcm not found, waiting...
demo.pcm not found, waiting...
demo.pcm not found, waiting...
demo.pcm not found, waiting...
demo.pcm not found, waiting...
demo.pcm not found, waiting...
demo.pcm not found, waiting...
demo.pcm not found, waiting...
demo.pcm not found, waiting...
demo.pcm not found, waiting...
demo.pcm not found, waiting...
demo.pcm not found, waiting...
demo.pcm not found, waiting...
demo.pcm not found, waiting...
demo.pcm not found, waiting...
demo.pcm not found, waiting...
demo.pcm not found, waiting...
demo.pcm not found, waiting...
demo.pcm not found, waiting...
demo.pcm not found, waiting...
demo.pcm not found, waiting...
demo.pcm not found, waiting...
demo.pcm not found, waiting...
demo.pcm not found, waiting...
demo.pcm not found, waiting...
demo.pcm not found, waiting...
demo.pcm not found, waiting...
demo.pcm not found, waiting...
demo.pcm not found, waiting...
demo.pcm not found, waiting...
demo.pcm not found, waiting...
demo.pcm not found, waiting...
demo.pcm not found, waiting...
demo.pcm not found, waiting...
demo.pcm not found, waiting...
demo.pcm not found, waiting...
demo.pcm not found, waiting...
demo.pcm not found, waiting...
demo.pcm not found, waiting...
demo.pcm not found, waiting...
demo.pcm not found, waiting...
demo.pcm not found, waiting...
demo.pcm not found, waiting...
demo.pcm not found, waiting...
demo.pcm not found, waiting...
demo.pcm not found, waiting...
demo.pcm not found, waiting...
demo.pcm not found, waiting...
demo.pcm not found, waiting...
demo.pcm not found, waiting...
demo.pcm not found, waiting...
demo.pcm not found, waiting...
demo.pcm not found, waiting...
demo.pcm not found, waiting...
demo.pcm not found, waiting...
demo.pcm not found, waiting...
demo.pcm not found, waiting...
demo.pcm not found, waiting...
demo.pcm not found, waiting...
demo.pcm not found, waiting...
demo.pcm not found, waiting...
demo.pcm not found, waiting...
demo.pcm not found, waiting...
demo.pcm not found, waiting...
demo.pcm not found, waiting...
demo.pcm not found, waiting...
demo.pcm not found, waiting...
demo.pcm not found, waiting...
demo.pcm not found, waiting...
demo.pcm not found, waiting...
demo.pcm not found, waiting...
demo.pcm not found, waiting...
demo.pcm not found, waiting...
demo.pcm not found, waiting...
demo.pcm not found, waiting...
demo.pcm not found, waiting...
demo.pcm not found, waiting...
demo.pcm not found, waiting...
demo.pcm not found, waiting...
demo.pcm not found, waiting...
demo.pcm not found, waiting...
demo.pcm not found, waiting...
demo.pcm not found, waiting...
demo.pcm not found, waiting...
demo.pcm not found, waiting...
demo.pcm not found, waiting...
demo.pcm not found, waiting...
demo.pcm not found, waiting...
demo.pcm not found, waiting...
demo.pcm not found, waiting...
demo.pcm not found, waiting...
demo.pcm not found, waiting...
demo.pcm not found, waiting...
demo.pcm not found, waiting...
demo.pcm not found, waiting...
demo.pcm not found, waiting...
demo.pcm not found, waiting...
demo.pcm not found, waiting...
demo.pcm not found, waiting...
demo.pcm not found, waiting...
demo.pcm not found, waiting...
demo.pcm not found, waiting...
demo.pcm not found, waiting...
demo.pcm not found, waiting...
demo.pcm not found, waiting...
demo.pcm not found, waiting...
demo.pcm not found, waiting...
demo.pcm not found, waiting...
demo.pcm not found, waiting...
demo.pcm not found, waiting...
demo.pcm not found, waiting...
demo.pcm not found, waiting...
demo.pcm not found, waiting...
demo.pcm not found, waiting...
demo.pcm not found, waiting...
demo.pcm not found, waiting...
demo.pcm not found, waiting...
demo.pcm not found, waiting...
demo.pcm not found, waiting...
demo.pcm not found, waiting...
demo.pcm not found, waiting...
demo.pcm not found, waiting...
demo.pcm not found, waiting...
demo.pcm not found, waiting...
demo.pcm not found, waiting...
demo.pcm not found, waiting...
demo.pcm not found, waiting...
demo.pcm not found, waiting...
demo.pcm not found, waiting...
demo.pcm not found, waiting...
demo.pcm not found, waiting...
demo.pcm not found, waiting...
demo.pcm not found, waiting...
demo.pcm not found, waiting...
demo.pcm not found, waiting...
demo.pcm not found, waiting...
demo.pcm not found, waiting...
demo.pcm not found, waiting...
demo.pcm not found, waiting...
demo.pcm not found, waiting...
demo.pcm not found, waiting...
demo.pcm not found, waiting...
demo.pcm not found, waiting...
demo.pcm not found, waiting...
demo.pcm not found, waiting...
demo.pcm not found, waiting...
demo.pcm not found, waiting...
demo.pcm not found, waiting...
demo.pcm not found, waiting...
demo.pcm not found, waiting...
demo.pcm not found, waiting...
demo.pcm not found, waiting...
demo.pcm not found, waiting...
demo.pcm not found, waiting...
demo.pcm not found, waiting...
demo.pcm not found, waiting...
demo.pcm not found, waiting...
demo.pcm not found, waiting...
demo.pcm not found, waiting...
demo.pcm not found, waiting...
demo.pcm not found, waiting...
demo.pcm not found, waiting...
demo.pcm not found, waiting...
demo.pcm not found, waiting...
demo.pcm not found, waiting...
demo.pcm not found, waiting...
demo.pcm not found, waiting...
demo.pcm not found, waiting...
demo.pcm not found, waiting...
demo.pcm not found, waiting...
demo.pcm not found, waiting...
demo.pcm not found, waiting...
demo.pcm not found, waiting...
demo.pcm not found, waiting...
demo.pcm not found, waiting...
demo.pcm not found, waiting...
demo.pcm not found, waiting...
demo.pcm not found, waiting...
demo.pcm not found, waiting...
demo.pcm not found, waiting...
demo.pcm not found, waiting...
demo.pcm not found, waiting...
demo.pcm not found, waiting...
demo.pcm not found, waiting...
demo.pcm not found, waiting...
demo.pcm not found, waiting...
demo.pcm not found, waiting...
demo.pcm not found, waiting...
demo.pcm not found, waiting...
demo.pcm not found, waiting...
demo.pcm not found, waiting...
demo.pcm not found, waiting...
demo.pcm not found, waiting...
demo.pcm not found, waiting...
demo.pcm not found, waiting...
demo.pcm not found, waiting...
demo.pcm not found, waiting...
demo.pcm not found, waiting...
demo.pcm not found, waiting...
demo.pcm not found, waiting...
demo.pcm not found, waiting...
demo.pcm not found, waiting...
demo.pcm not found, waiting...
demo.pcm not found, waiting...
demo.pcm not found, waiting...
demo.pcm not found, waiting...
demo.pcm not found, waiting...
demo.pcm not found, waiting...
demo.pcm not found, waiting...
demo.pcm not found, waiting...
demo.pcm not found, waiting...
demo.pcm not found, waiting...
demo.pcm not found, waiting...
demo.pcm not found, waiting...
demo.pcm not found, waiting...
demo.pcm not found, waiting...
demo.pcm not found, waiting...
demo.pcm not found, waiting...
demo.pcm not found, waiting...
demo.pcm not found, waiting...
demo.pcm not found, waiting...
demo.pcm not found, waiting...
demo.pcm not found, waiting...
demo.pcm not found, waiting...
demo.pcm not found, waiting...
demo.pcm not found, waiting...
demo.pcm not found, waiting...
demo.pcm not found, waiting...
demo.pcm not found, waiting...
demo.pcm not found, waiting...
demo.pcm not found, waiting...
demo.pcm not found, waiting...
demo.pcm not found, waiting...
demo.pcm not found, waiting...
demo.pcm not found, waiting...
demo.pcm not found, waiting...
demo.pcm not found, waiting...
demo.pcm not found, waiting...
demo.pcm not found, waiting...
demo.pcm not found, waiting...
demo.pcm not found, waiting...
demo.pcm not found, waiting...
demo.pcm not found, waiting...
demo.pcm not found, waiting...
demo.pcm not found, waiting...
demo.pcm not found, waiting...
demo.pcm not found, waiting...
demo.pcm not found, waiting...
demo.pcm not found, waiting...
demo.pcm not found, waiting...
demo.pcm not found, waiting...
demo.pcm not found, waiting...
demo.pcm not found, waiting...
demo.pcm not found, waiting...
demo.pcm not found, waiting...
demo.pcm not found, waiting...
demo.pcm not found, waiting...
demo.pcm not found, waiting...
demo.pcm not found, waiting...
demo.pcm not found, waiting...
demo.pcm not found, waiting...
demo.pcm not found, waiting...
demo.pcm not found, waiting...
demo.pcm not found, waiting...
demo.pcm not found, waiting...
demo.pcm not found, waiting...
demo.pcm not found, waiting...
demo.pcm not found, waiting...
demo.pcm not found, waiting...
demo.pcm not found, waiting...
demo.pcm not found, waiting...
demo.pcm not found, waiting...
demo.pcm not found, waiting...
demo.pcm not found, waiting...
demo.pcm not found, waiting...
demo.pcm not found, waiting...
demo.pcm not found, waiting...
demo.pcm not found, waiting...
demo.pcm not found, waiting...
demo.pcm not found, waiting...
demo.pcm not found, waiting...
demo.pcm not found, waiting...
demo.pcm not found, waiting...
demo.pcm not found, waiting...
demo.pcm not found, waiting...
demo.pcm not found, waiting...
demo.pcm not found, waiting...
demo.pcm not found, waiting...
demo.pcm not found, waiting...
demo.pcm not found, waiting...
demo.pcm not found, waiting...
demo.pcm not found, waiting...
demo.pcm not found, waiting...
demo.pcm not found, waiting...
demo.pcm not found, waiting...
demo.pcm not found, waiting...
demo.pcm not found, waiting...
demo.pcm not found, waiting...
demo.pcm not found, waiting...
demo.pcm not found, waiting...
demo.pcm not found, waiting...
demo.pcm not found, waiting...
demo.pcm not found, waiting...
demo.pcm not found, waiting...
demo.pcm not found, waiting...
demo.pcm not found, waiting...
demo.pcm not found, waiting...
demo.pcm not found, waiting...
demo.pcm not found, waiting...
demo.pcm not found, waiting...
demo.pcm not found, waiting...
demo.pcm not found, waiting...
demo.pcm not found, waiting...
demo.pcm not found, waiting...
demo.pcm not found, waiting...
demo.pcm not found, waiting...
demo.pcm not found, waiting...
demo.pcm not found, waiting...
demo.pcm not found, waiting...
demo.pcm not found, waiting...
demo.pcm not found, waiting...
demo.pcm not found, waiting...
demo.pcm not found, waiting...
demo.pcm not found, waiting...
demo.pcm not found, waiting...
demo.pcm not found, waiting...
demo.pcm not found, waiting...
demo.pcm not found, waiting...
demo.pcm not found, waiting...
demo.pcm not found, waiting...
demo.pcm not found, waiting...
demo.pcm not found, waiting...
demo.pcm not found, waiting...
demo.pcm not found, waiting...
demo.pcm not found, waiting...
demo.pcm not found, waiting...
demo.pcm not found, waiting...
demo.pcm not found, waiting...
demo.pcm not found, waiting...
demo.pcm not found, waiting...
demo.pcm not found, waiting...
demo.pcm not found, waiting...
demo.pcm not found, waiting...
demo.pcm not found, waiting...
demo.pcm not found, waiting...
demo.pcm not found, waiting...
demo.pcm not found, waiting...
demo.pcm not found, waiting...
demo.pcm not found, waiting...
demo.pcm not found, waiting...
demo.pcm not found, waiting...
demo.pcm not found, waiting...
demo.pcm not found, waiting...
demo.pcm not found, waiting...
demo.pcm not found, waiting...
demo.pcm not found, waiting...
demo.pcm not found, waiting...
demo.pcm not found, waiting...
demo.pcm not found, waiting...
demo.pcm not found, waiting...
demo.pcm not found, waiting...
demo.pcm not found, waiting...
demo.pcm not found, waiting...
demo.pcm not found, waiting...
demo.pcm not found, waiting...
demo.pcm not found, waiting...
demo.pcm not found, waiting...
demo.pcm not found, waiting...
demo.pcm not found, waiting...
demo.pcm not found, waiting...
demo.pcm not found, waiting...
demo.pcm not found, waiting...
demo.pcm not found, waiting...
demo.pcm not found, waiting...
demo.pcm not found, waiting...
demo.pcm not found, waiting...
demo.pcm not found, waiting...
demo.pcm not found, waiting...
demo.pcm not found, waiting...
demo.pcm not found, waiting...
demo.pcm not found, waiting...
demo.pcm not found, waiting...
demo.pcm not found, waiting...
demo.pcm not found, waiting...
demo.pcm not found, waiting...
demo.pcm not found, waiting...
demo.pcm not found, waiting...
demo.pcm not found, waiting...
demo.pcm not found, waiting...
demo.pcm not found, waiting...
demo.pcm not found, waiting...
demo.pcm not found, waiting...
demo.pcm not found, waiting...
demo.pcm not found, waiting...
demo.pcm not found, waiting...
demo.pcm not found, waiting...
demo.pcm not found, waiting...
demo.pcm not found, waiting...
demo.pcm not found, waiting...
demo.pcm not found, waiting...
demo.pcm not found, waiting...
demo.pcm not found, waiting...
demo.pcm not found, waiting...
demo.pcm not found, waiting...
demo.pcm not found, waiting...
demo.pcm not found, waiting...
demo.pcm not found, waiting...
demo.pcm not found, waiting...
demo.pcm not found, waiting...
demo.pcm not found, waiting...
demo.pcm not found, waiting...
demo.pcm not found, waiting...
demo.pcm not found, waiting...
demo.pcm not found, waiting...
demo.pcm not found, waiting...
demo.pcm not found, waiting...
demo.pcm not found, waiting...
demo.pcm not found, waiting...
demo.pcm not found, waiting...
demo.pcm not found, waiting...
demo.pcm not found, waiting...
demo.pcm not found, waiting...
demo.pcm not found, waiting...
demo.pcm not found, waiting...
demo.pcm not found, waiting...
demo.pcm not found, waiting...
demo.pcm not found, waiting...
demo.pcm not found, waiting...
demo.pcm not found, waiting...
demo.pcm not found, waiting...
demo.pcm not found, waiting...
demo.pcm not found, waiting...
demo.pcm not found, waiting...
demo.pcm not found, waiting...
demo.pcm not found, waiting...
demo.pcm not found, waiting...
demo.pcm not found, waiting...
demo.pcm not found, waiting...
demo.pcm not found, waiting...
demo.pcm not found, waiting...
demo.pcm not found, waiting...
demo.pcm not found, waiting...
demo.pcm not found, waiting...
demo.pcm not found, waiting...
demo.pcm not found, waiting...
demo.pcm not found, waiting...
demo.pcm not found, waiting...
demo.pcm not found, waiting...
demo.pcm not found, waiting...
demo.pcm not found, waiting...
demo.pcm not found, waiting...
demo.pcm not found, waiting...
demo.pcm not found, waiting...
demo.pcm not found, waiting...
demo.pcm not found, waiting...
demo.pcm not found, waiting...
demo.pcm not found, waiting...
demo.pcm not found, waiting...
demo.pcm not found, waiting...
demo.pcm not found, waiting...
demo.pcm not found, waiting...
demo.pcm not found, waiting...
demo.pcm not found, waiting...
demo.pcm not found, waiting...
demo.pcm not found, waiting...
demo.pcm not found, waiting...
demo.pcm not found, waiting...
demo.pcm not found, waiting...
demo.pcm not found, waiting...
demo.pcm not found, waiting...
demo.pcm not found, waiting...
demo.pcm not found, waiting...
demo.pcm not found, waiting...
demo.pcm not found, waiting...
demo.pcm not found, waiting...
demo.pcm not found, waiting...
demo.pcm not found, waiting...
demo.pcm not found, waiting...
demo.pcm not found, waiting...
demo.pcm not found, waiting...
demo.pcm not found, waiting...
demo.pcm not found, waiting...
demo.pcm not found, waiting...
demo.pcm not found, waiting...
demo.pcm not found, waiting...
demo.pcm not found, waiting...
demo.pcm not found, waiting...
demo.pcm not found, waiting...
demo.pcm not found, waiting...
demo.pcm not found, waiting...
demo.pcm not found, waiting...
demo.pcm not found, waiting...
demo.pcm not found, waiting...
demo.pcm not found, waiting...
demo.pcm not found, waiting...
demo.pcm not found, waiting...
demo.pcm not found, waiting...
demo.pcm not found, waiting...
demo.pcm not found, waiting...
demo.pcm not found, waiting...
demo.pcm not found, waiting...
demo.pcm not found, waiting...
demo.pcm not found, waiting...
demo.pcm not found, waiting...
demo.pcm not found, waiting...
demo.pcm not found, waiting...
demo.pcm not found, waiting...
demo.pcm not found, waiting...
demo.pcm not found, waiting...
demo.pcm not found, waiting...
demo.pcm not found, waiting...
demo.pcm not found, waiting...
demo.pcm not found, waiting...
demo.pcm not found, waiting...
demo.pcm not found, waiting...
demo.pcm not found, waiting...
demo.pcm not found, waiting...
demo.pcm not found, waiting...
demo.pcm not found, waiting...
demo.pcm not found, waiting...
demo.pcm not found, waiting...
demo.pcm not found, waiting...
demo.pcm not found, waiting...
demo.pcm not found, waiting...
demo.pcm not found, waiting...
demo.pcm not found, waiting...
demo.pcm not found, waiting...
demo.pcm not found, waiting...
demo.pcm not found, waiting...
demo.pcm not found, waiting...
demo.pcm not found, waiting...
demo.pcm not found, waiting...
demo.pcm not found, waiting...
demo.pcm not found, waiting...
demo.pcm not found, waiting...
demo.pcm not found, waiting...
demo.pcm not found, waiting...
demo.pcm not found, waiting...
demo.pcm not found, waiting...
demo.pcm not found, waiting...
demo.pcm not found, waiting...
demo.pcm not found, waiting...
demo.pcm not found, waiting...
demo.pcm not found, waiting...
demo.pcm not found, waiting...
demo.pcm not found, waiting...
demo.pcm not found, waiting...
demo.pcm not found, waiting...
demo.pcm not found, waiting...
demo.pcm not found, waiting...
demo.pcm not found, waiting...
demo.pcm not found, waiting...
demo.pcm not found, waiting...
demo.pcm not found, waiting...
demo.pcm not found, waiting...
demo.pcm not found, waiting...
demo.pcm not found, waiting...
demo.pcm not found, waiting...
demo.pcm not found, waiting...
demo.pcm not found, waiting...
demo.pcm not found, waiting...
demo.pcm not found, waiting...
demo.pcm not found, waiting...
demo.pcm not found, waiting...
demo.pcm not found, waiting...
demo.pcm not found, waiting...
demo.pcm not found, waiting...
demo.pcm not found, waiting...
demo.pcm not found, waiting...
demo.pcm not found, waiting...
demo.pcm not found, waiting...
demo.pcm not found, waiting...
demo.pcm not found, waiting...
demo.pcm not found, waiting...
demo.pcm not found, waiting...
demo.pcm not found, waiting...
demo.pcm not found, waiting...
demo.pcm not found, waiting...
demo.pcm not found, waiting...
demo.pcm not found, waiting...
demo.pcm not found, waiting...
demo.pcm not found, waiting...
demo.pcm not found, waiting...
demo.pcm not found, waiting...
demo.pcm not found, waiting...
demo.pcm not found, waiting...
demo.pcm not found, waiting...
demo.pcm not found, waiting...
demo.pcm not found, waiting...
demo.pcm not found, waiting...
demo.pcm not found, waiting...
demo.pcm not found, waiting...
demo.pcm not found, waiting...
demo.pcm not found, waiting...
demo.pcm not found, waiting...
demo.pcm not found, waiting...
demo.pcm not found, waiting...
demo.pcm not found, waiting...
demo.pcm not found, waiting...
demo.pcm not found, waiting...
demo.pcm not found, waiting...
demo.pcm not found, waiting...
demo.pcm not found, waiting...
demo.pcm not found, waiting...
demo.pcm not found, waiting...
demo.pcm not found, waiting...
demo.pcm not found, waiting...
demo.pcm not found, waiting...
demo.pcm not found, waiting...
demo.pcm not found, waiting...
demo.pcm not found, waiting...
demo.pcm not found, waiting...
demo.pcm not found, waiting...
demo.pcm not found, waiting...
demo.pcm not found, waiting...
demo.pcm not found, waiting...
demo.pcm not found, waiting...
demo.pcm not found, waiting...
demo.pcm not found, waiting...
demo.pcm not found, waiting...
demo.pcm not found, waiting...
demo.pcm not found, waiting...
demo.pcm not found, waiting...
demo.pcm not found, waiting...
demo.pcm not found, waiting...
demo.pcm not found, waiting...
demo.pcm not found, waiting...
demo.pcm not found, waiting...
demo.pcm not found, waiting...
demo.pcm not found, waiting...
demo.pcm not found, waiting...
demo.pcm not found, waiting...
demo.pcm not found, waiting...
demo.pcm not found, waiting...
demo.pcm not found, waiting...
demo.pcm not found, waiting...
demo.pcm not found, waiting...
demo.pcm not found, waiting...
demo.pcm not found, waiting...
demo.pcm not found, waiting...
demo.pcm not found, waiting...
demo.pcm not found, waiting...
demo.pcm not found, waiting...
demo.pcm not found, waiting...
demo.pcm not found, waiting...
demo.pcm not found, waiting...
demo.pcm not found, waiting...
demo.pcm not found, waiting...
demo.pcm not found, waiting...
demo.pcm not found, waiting...
demo.pcm not found, waiting...
demo.pcm not found, waiting...
demo.pcm not found, waiting...
demo.pcm not found, waiting...
demo.pcm not found, waiting...
demo.pcm not found, waiting...
demo.pcm not found, waiting...
demo.pcm not found, waiting...
demo.pcm not found, waiting...
demo.pcm not found, waiting...
demo.pcm not found, waiting...
demo.pcm not found, waiting...
demo.pcm not found, waiting...
demo.pcm not found, waiting...
demo.pcm not found, waiting...
demo.pcm not found, waiting...
demo.pcm not found, waiting...
demo.pcm not found, waiting...
demo.pcm not found, waiting...
demo.pcm not found, waiting...
demo.pcm not found, waiting...
demo.pcm not found, waiting...
demo.pcm not found, waiting...
demo.pcm not found, waiting...
demo.pcm not found, waiting...
demo.pcm not found, waiting...
demo.pcm not found, waiting...
demo.pcm not found, waiting...
demo.pcm not found, waiting...
demo.pcm not found, waiting...
demo.pcm not found, waiting...
demo.pcm not found, waiting...
demo.pcm not found, waiting...
demo.pcm not found, waiting...
demo.pcm not found, waiting...
demo.pcm not found, waiting...
demo.pcm not found, waiting...
demo.pcm not found, waiting...
demo.pcm not found, waiting...
demo.pcm not found, waiting...
demo.pcm not found, waiting...
demo.pcm not found, waiting...
demo.pcm not found, waiting...
demo.pcm not found, waiting...
demo.pcm not found, waiting...
demo.pcm not found, waiting...
demo.pcm not found, waiting...
demo.pcm not found, waiting...
demo.pcm not found, waiting...
demo.pcm not found, waiting...
demo.pcm not found, waiting...
demo.pcm not found, waiting...
demo.pcm not found, waiting...
demo.pcm not found, waiting...
demo.pcm not found, waiting...
demo.pcm not found, waiting...
demo.pcm not found, waiting...
demo.pcm not found, waiting...
demo.pcm not found, waiting...
demo.pcm not found, waiting...
demo.pcm not found, waiting...
demo.pcm not found, waiting...
demo.pcm not found, waiting...
demo.pcm not found, waiting...
demo.pcm not found, waiting...
demo.pcm not found, waiting...
demo.pcm not found, waiting...
demo.pcm not found, waiting...
demo.pcm not found, waiting...
demo.pcm not found, waiting...
demo.pcm not found, waiting...
demo.pcm not found, waiting...
demo.pcm not found, waiting...
demo.pcm not found, waiting...
demo.pcm not found, waiting...
demo.pcm not found, waiting...
demo.pcm not found, waiting...
demo.pcm not found, waiting...
demo.pcm not found, waiting...
demo.pcm not found, waiting...
demo.pcm not found, waiting...
demo.pcm not found, waiting...
demo.pcm not found, waiting...
demo.pcm not found, waiting...
demo.pcm not found, waiting...
demo.pcm not found, waiting...
demo.pcm not found, waiting...
demo.pcm not found, waiting...
demo.pcm not found, waiting...
demo.pcm not found, waiting...
demo.pcm not found, waiting...
demo.pcm not found, waiting...
demo.pcm not found, waiting...
demo.pcm not found, waiting...
demo.pcm not found, waiting...
demo.pcm not found, waiting...
demo.pcm not found, waiting...
demo.pcm not found, waiting...
demo.pcm not found, waiting...
demo.pcm not found, waiting...
demo.pcm not found, waiting...
demo.pcm not found, waiting...
demo.pcm not found, waiting...
demo.pcm not found, waiting...
demo.pcm not found, waiting...
demo.pcm not found, waiting...
demo.pcm not found, waiting...
demo.pcm not found, waiting...
demo.pcm not found, waiting...
demo.pcm not found, waiting...
demo.pcm not found, waiting...
demo.pcm not found, waiting...
demo.pcm not found, waiting...
demo.pcm not found, waiting...
demo.pcm not found, waiting...
demo.pcm not found, waiting...
demo.pcm not found, waiting...
demo.pcm not found, waiting...
demo.pcm not found, waiting...
demo.pcm not found, waiting...
demo.pcm not found, waiting...
demo.pcm not found, waiting...
demo.pcm not found, waiting...
demo.pcm not found, waiting...
demo.pcm not found, waiting...
demo.pcm not found, waiting...
demo.pcm not found, waiting...
demo.pcm not found, waiting...
demo.pcm not found, waiting...
demo.pcm not found, waiting...
demo.pcm not found, waiting...
demo.pcm not found, waiting...
demo.pcm not found, waiting...
demo.pcm not found, waiting...
demo.pcm not found, waiting...
demo.pcm not found, waiting...
demo.pcm not found, waiting...
demo.pcm not found, waiting...
demo.pcm not found, waiting...
demo.pcm not found, waiting...
demo.pcm not found, waiting...
demo.pcm not found, waiting...
demo.pcm not found, waiting...
demo.pcm not found, waiting...
demo.pcm not found, waiting...
demo.pcm not found, waiting...
demo.pcm not found, waiting...
demo.pcm not found, waiting...
demo.pcm not found, waiting...
demo.pcm not found, waiting...
demo.pcm not found, waiting...
demo.pcm not found, waiting...
demo.pcm not found, waiting...
demo.pcm not found, waiting...
demo.pcm not found, waiting...
demo.pcm not found, waiting...
demo.pcm not found, waiting...
demo.pcm not found, waiting...
demo.pcm not found, waiting...
demo.pcm not found, waiting...
demo.pcm not found, waiting...
demo.pcm not found, waiting...
demo.pcm not found, waiting...
demo.pcm not found, waiting...
demo.pcm not found, waiting...
demo.pcm not found, waiting...
demo.pcm not found, waiting...
demo.pcm not found, waiting...
demo.pcm not found, waiting...
demo.pcm not found, waiting...
demo.pcm not found, waiting...
demo.pcm not found, waiting...
demo.pcm not found, waiting...
demo.pcm not found, waiting...
demo.pcm not found, waiting...
demo.pcm not found, waiting...
demo.pcm not found, waiting...
demo.pcm not found, waiting...
demo.pcm not found, waiting...
demo.pcm not found, waiting...
demo.pcm not found, waiting...
demo.pcm not found, waiting...
demo.pcm not found, waiting...
demo.pcm not found, waiting...
demo.pcm not found, waiting...
demo.pcm not found, waiting...
demo.pcm not found, waiting...
demo.pcm not found, waiting...
demo.pcm not found, waiting...
demo.pcm not found, waiting...
demo.pcm not found, waiting...
demo.pcm not found, waiting...
demo.pcm not found, waiting...
demo.pcm not found, waiting...
demo.pcm not found, waiting...
demo.pcm not found, waiting...
demo.pcm not found, waiting...
demo.pcm not found, waiting...
demo.pcm not found, waiting...
demo.pcm not found, waiting...
demo.pcm not found, waiting...
demo.pcm not found, waiting...
demo.pcm not found, waiting...
demo.pcm not found, waiting...
demo.pcm not found, waiting...
demo.pcm not found, waiting...
demo.pcm not found, waiting...
demo.pcm not found, waiting...
demo.pcm not found, waiting...
demo.pcm not found, waiting...
demo.pcm not found, waiting...
demo.pcm not found, waiting...
demo.pcm not found, waiting...
demo.pcm not found, waiting...
demo.pcm not found, waiting...
demo.pcm not found, waiting...
demo.pcm not found, waiting...
demo.pcm not found, waiting...
demo.pcm not found, waiting...
demo.pcm not found, waiting...
demo.pcm not found, waiting...
demo.pcm not found, waiting...
demo.pcm not found, waiting...
demo.pcm not found, waiting...
demo.pcm not found, waiting...
demo.pcm not found, waiting...
demo.pcm not found, waiting...
demo.pcm not found, waiting...
demo.pcm not found, waiting...
demo.pcm not found, waiting...
demo.pcm not found, waiting...
demo.pcm not found, waiting...
demo.pcm not found, waiting...
demo.pcm not found, waiting...
demo.pcm not found, waiting...
demo.pcm not found, waiting...
demo.pcm not found, waiting...
demo.pcm not found, waiting...
demo.pcm not found, waiting...
demo.pcm not found, waiting...
demo.pcm not found, waiting...
demo.pcm not found, waiting...
demo.pcm not found, waiting...
demo.pcm not found, waiting...
demo.pcm not found, waiting...
demo.pcm not found, waiting...
demo.pcm not found, waiting...
demo.pcm not found, waiting...
demo.pcm not found, waiting...
demo.pcm not found, waiting...
demo.pcm not found, waiting...
demo.pcm not found, waiting...
demo.pcm not found, waiting...
demo.pcm not found, waiting...
demo.pcm not found, waiting...
demo.pcm not found, waiting...
demo.pcm not found, waiting...
demo.pcm not found, waiting...
demo.pcm not found, waiting...
demo.pcm not found, waiting...
demo.pcm not found, waiting...
demo.pcm not found, waiting...
demo.pcm not found, waiting...
demo.pcm not found, waiting...
demo.pcm not found, waiting...
demo.pcm not found, waiting...
demo.pcm not found, waiting...
demo.pcm not found, waiting...
demo.pcm not found, waiting...
demo.pcm not found, waiting...
demo.pcm not found, waiting...
demo.pcm not found, waiting...
demo.pcm not found, waiting...
demo.pcm not found, waiting...
demo.pcm not found, waiting...
demo.pcm not found, waiting...
demo.pcm not found, waiting...
demo.pcm not found, waiting...
demo.pcm not found, waiting...
demo.pcm not found, waiting...
demo.pcm not found, waiting...
demo.pcm not found, waiting...
demo.pcm not found, waiting...
demo.pcm not found, waiting...
demo.pcm not found, waiting...
demo.pcm not found, waiting...
demo.pcm not found, waiting...
demo.pcm not found, waiting...
demo.pcm not found, waiting...
demo.pcm not found, waiting...
demo.pcm not found, waiting...
demo.pcm not found, waiting...
demo.pcm not found, waiting...
demo.pcm not found, waiting...
demo.pcm not found, waiting...
demo.pcm not found, waiting...
demo.pcm not found, waiting...
demo.pcm not found, waiting...
demo.pcm not found, waiting...
demo.pcm not found, waiting...
demo.pcm not found, waiting...
demo.pcm not found, waiting...
demo.pcm not found, waiting...
demo.pcm not found, waiting...
demo.pcm not found, waiting...
demo.pcm not found, waiting...
demo.pcm not found, waiting...
demo.pcm not found, waiting...
demo.pcm not found, waiting...
demo.pcm not found, waiting...
demo.pcm not found, waiting...
demo.pcm not found, waiting...
demo.pcm not found, waiting...
demo.pcm not found, waiting...
demo.pcm not found, waiting...
demo.pcm not found, waiting...
demo.pcm not found, waiting...
demo.pcm not found, waiting...
demo.pcm not found, waiting...
demo.pcm not found, waiting...
demo.pcm not found, waiting...
demo.pcm not found, waiting...
demo.pcm not found, waiting...
demo.pcm not found, waiting...
demo.pcm not found, waiting...
demo.pcm not found, waiting...
demo.pcm not found, waiting...
demo.pcm not found, waiting...
demo.pcm not found, waiting...
demo.pcm not found, waiting...
demo.pcm not found, waiting...
demo.pcm not found, waiting...
demo.pcm not found, waiting...
demo.pcm not found, waiting...
demo.pcm not found, waiting...
demo.pcm not found, waiting...
demo.pcm not found, waiting...
demo.pcm not found, waiting...
demo.pcm not found, waiting...
demo.pcm not found, waiting...
demo.pcm not found, waiting...
demo.pcm not found, waiting...
demo.pcm not found, waiting...
demo.pcm not found, waiting...
demo.pcm not found, waiting...
demo.pcm not found, waiting...
demo.pcm not found, waiting...
demo.pcm not found, waiting...
demo.pcm not found, waiting...
demo.pcm not found, waiting...
demo.pcm not found, waiting...
demo.pcm not found, waiting...
demo.pcm not found, waiting...
demo.pcm not found, waiting...
demo.pcm not found, waiting...
demo.pcm not found, waiting...
demo.pcm not found, waiting...
demo.pcm not found, waiting...
demo.pcm not found, waiting...
demo.pcm not found, waiting...
demo.pcm not found, waiting...
demo.pcm not found, waiting...
demo.pcm not found, waiting...
demo.pcm not found, waiting...
demo.pcm not found, waiting...
demo.pcm not found, waiting...
demo.pcm not found, waiting...
demo.pcm not found, waiting...
demo.pcm not found, waiting...
demo.pcm not found, waiting...
demo.pcm not found, waiting...
demo.pcm not found, waiting...
demo.pcm not found, waiting...
demo.pcm not found, waiting...
demo.pcm not found, waiting...
demo.pcm not found, waiting...
demo.pcm not found, waiting...
demo.pcm not found, waiting...
demo.pcm not found, waiting...
demo.pcm not found, waiting...
demo.pcm not found, waiting...
demo.pcm not found, waiting...
demo.pcm not found, waiting...
demo.pcm not found, waiting...
demo.pcm not found, waiting...
demo.pcm not found, waiting...
demo.pcm not found, waiting...
demo.pcm not found, waiting...
demo.pcm not found, waiting...
demo.pcm not found, waiting...
demo.pcm not found, waiting...
demo.pcm not found, waiting...
demo.pcm not found, waiting...
demo.pcm not found, waiting...
demo.pcm not found, waiting...
demo.pcm not found, waiting...
demo.pcm not found, waiting...
demo.pcm not found, waiting...
demo.pcm not found, waiting...
demo.pcm not found, waiting...
demo.pcm not found, waiting...
demo.pcm not found, waiting...
demo.pcm not found, waiting...
demo.pcm not found, waiting...
demo.pcm not found, waiting...
demo.pcm not found, waiting...
demo.pcm not found, waiting...
demo.pcm not found, waiting...
demo.pcm not found, waiting...
demo.pcm not found, waiting...
demo.pcm not found, waiting...
demo.pcm not found, waiting...
demo.pcm not found, waiting...
demo.pcm not found, waiting...
demo.pcm not found, waiting...
demo.pcm not found, waiting...
demo.pcm not found, waiting...
demo.pcm not found, waiting...
demo.pcm not found, waiting...
demo.pcm not found, waiting...
demo.pcm not found, waiting...
demo.pcm not found, waiting...
demo.pcm not found, waiting...
demo.pcm not found, waiting...
demo.pcm not found, waiting...
demo.pcm not found, waiting...
demo.pcm not found, waiting...
demo.pcm not found, waiting...
demo.pcm not found, waiting...
demo.pcm not found, waiting...
demo.pcm not found, waiting...
demo.pcm not found, waiting...
demo.pcm not found, waiting...
demo.pcm not found, waiting...
demo.pcm not found, waiting...
demo.pcm not found, waiting...
demo.pcm not found, waiting...
demo.pcm not found, waiting...
demo.pcm not found, waiting...
demo.pcm not found, waiting...
demo.pcm not found, waiting...
demo.pcm not found, waiting...
demo.pcm not found, waiting...
demo.pcm not found, waiting...
demo.pcm not found, waiting...
demo.pcm not found, waiting...
demo.pcm not found, waiting...
demo.pcm not found, waiting...
demo.pcm not found, waiting...
demo.pcm not found, waiting...
demo.pcm not found, waiting...
demo.pcm not found, waiting...
demo.pcm not found, waiting...
demo.pcm not found, waiting...
demo.pcm not found, waiting...
demo.pcm not found, waiting...
demo.pcm not found, waiting...
demo.pcm not found, waiting...
demo.pcm not found, waiting...
demo.pcm not found, waiting...
demo.pcm not found, waiting...
demo.pcm not found, waiting...
demo.pcm not found, waiting...
demo.pcm not found, waiting...
demo.pcm not found, waiting...
demo.pcm not found, waiting...
demo.pcm not found, waiting...
demo.pcm not found, waiting...
demo.pcm not found, waiting...
demo.pcm not found, waiting...
demo.pcm not found, waiting...
demo.pcm not found, waiting...
demo.pcm not found, waiting...
demo.pcm not found, waiting...
demo.pcm not found, waiting...
demo.pcm not found, waiting...
demo.pcm not found, waiting...
demo.pcm not found, waiting...
demo.pcm not found, waiting...
demo.pcm not found, waiting...
demo.pcm not found, waiting...
demo.pcm not found, waiting...
demo.pcm not found, waiting...
demo.pcm not found, waiting...
demo.pcm not found, waiting...
demo.pcm not found, waiting...
demo.pcm not found, waiting...
demo.pcm not found, waiting...
demo.pcm not found, waiting...
demo.pcm not found, waiting...
demo.pcm not found, waiting...
demo.pcm not found, waiting...
demo.pcm not found, waiting...
demo.pcm not found, waiting...
demo.pcm not found, waiting...
demo.pcm not found, waiting...
demo.pcm not found, waiting...
demo.pcm not found, waiting...
demo.pcm not found, waiting...
demo.pcm not found, waiting...
demo.pcm not found, waiting...
demo.pcm not found, waiting...
demo.pcm not found, waiting...
demo.pcm not found, waiting...
demo.pcm not found, waiting...
demo.pcm not found, waiting...
demo.pcm not found, waiting...
demo.pcm not found, waiting...
demo.pcm not found, waiting...
demo.pcm not found, waiting...
demo.pcm not found, waiting...
demo.pcm not found, waiting...
demo.pcm not found, waiting...
demo.pcm not found, waiting...
demo.pcm not found, waiting...
demo.pcm not found, waiting...
demo.pcm not found, waiting...
demo.pcm not found, waiting...
demo.pcm not found, waiting...
demo.pcm not found, waiting...
demo.pcm not found, waiting...
demo.pcm not found, waiting...
demo.pcm not found, waiting...
demo.pcm not found, waiting...
demo.pcm not found, waiting...
demo.pcm not found, waiting...
demo.pcm not found, waiting...
demo.pcm not found, waiting...
demo.pcm not found, waiting...
demo.pcm not found, waiting...
demo.pcm not found, waiting...
demo.pcm not found, waiting...
demo.pcm not found, waiting...
demo.pcm not found, waiting...
demo.pcm not found, waiting...
demo.pcm not found, waiting...
demo.pcm not found, waiting...
demo.pcm not found, waiting...
demo.pcm not found, waiting...
demo.pcm not found, waiting...
demo.pcm not found, waiting...
demo.pcm not found, waiting...
demo.pcm not found, waiting...
demo.pcm not found, waiting...
demo.pcm not found, waiting...
demo.pcm not found, waiting...
demo.pcm not found, waiting...
demo.pcm not found, waiting...
demo.pcm not found, waiting...
demo.pcm not found, waiting...
demo.pcm not found, waiting...
demo.pcm not found, waiting...
demo.pcm not found, waiting...
demo.pcm not found, waiting...
demo.pcm not found, waiting...
demo.pcm not found, waiting...
demo.pcm not found, waiting...
demo.pcm not found, waiting...
demo.pcm not found, waiting...
demo.pcm not found, waiting...
demo.pcm not found, waiting...
demo.pcm not found, waiting...
demo.pcm not found, waiting...
demo.pcm not found, waiting...
demo.pcm not found, waiting...
demo.pcm not found, waiting...
demo.pcm not found, waiting...
demo.pcm not found, waiting...
demo.pcm not found, waiting...
demo.pcm not found, waiting...
demo.pcm not found, waiting...
demo.pcm not found, waiting...
demo.pcm not found, waiting...
demo.pcm not found, waiting...
demo.pcm not found, waiting...
demo.pcm not found, waiting...
demo.pcm not found, waiting...
demo.pcm not found, waiting...
demo.pcm not found, waiting...
demo.pcm not found, waiting...
demo.pcm not found, waiting...
demo.pcm not found, waiting...
demo.pcm not found, waiting...
demo.pcm not found, waiting...
demo.pcm not found, waiting...
demo.pcm not found, waiting...
demo.pcm not found, waiting...
demo.pcm not found, waiting...
demo.pcm not found, waiting...
demo.pcm not found, waiting...
demo.pcm not found, waiting...
demo.pcm not found, waiting...
demo.pcm not found, waiting...
demo.pcm not found, waiting...
demo.pcm not found, waiting...
demo.pcm not found, waiting...
demo.pcm not found, waiting...
demo.pcm not found, waiting...
demo.pcm not found, waiting...
demo.pcm not found, waiting...
demo.pcm not found, waiting...
demo.pcm not found, waiting...
demo.pcm not found, waiting...
demo.pcm not found, waiting...
demo.pcm not found, waiting...
demo.pcm not found, waiting...
demo.pcm not found, waiting...
demo.pcm not found, waiting...
demo.pcm not found, waiting...
demo.pcm not found, waiting...
demo.pcm not found, waiting...
demo.pcm not found, waiting...
demo.pcm not found, waiting...
demo.pcm not found, waiting...
demo.pcm not found, waiting...
demo.pcm not found, waiting...
demo.pcm not found, waiting...
demo.pcm not found, waiting...
demo.pcm not found, waiting...
demo.pcm not found, waiting...
demo.pcm not found, waiting...
demo.pcm not found, waiting...
demo.pcm not found, waiting...
demo.pcm not found, waiting...
demo.pcm not found, waiting...
demo.pcm not found, waiting...
demo.pcm not found, waiting...
demo.pcm not found, waiting...
demo.pcm not found, waiting...
demo.pcm not found, waiting...
demo.pcm not found, waiting...
demo.pcm not found, waiting...
demo.pcm not found, waiting...
demo.pcm not found, waiting...
demo.pcm not found, waiting...
demo.pcm not found, waiting...
demo.pcm not found, waiting...
demo.pcm not found, waiting...
demo.pcm not found, waiting...
demo.pcm not found, waiting...
demo.pcm not found, waiting...
demo.pcm not found, waiting...
demo.pcm not found, waiting...
demo.pcm not found, waiting...
demo.pcm not found, waiting...
demo.pcm not found, waiting...
demo.pcm not found, waiting...
demo.pcm not found, waiting...
demo.pcm not found, waiting...
demo.pcm not found, waiting...
demo.pcm not found, waiting...
demo.pcm not found, waiting...
demo.pcm not found, waiting...
demo.pcm not found, waiting...
demo.pcm not found, waiting...
demo.pcm not found, waiting...
demo.pcm not found, waiting...
demo.pcm not found, waiting...
demo.pcm not found, waiting...
demo.pcm not found, waiting...
demo.pcm not found, waiting...
demo.pcm not found, waiting...
demo.pcm not found, waiting...
demo.pcm not found, waiting...
demo.pcm not found, waiting...
demo.pcm not found, waiting...
demo.pcm not found, waiting...
demo.pcm not found, waiting...
demo.pcm not found, waiting...
demo.pcm not found, waiting...
demo.pcm not found, waiting...
demo.pcm not found, waiting...
demo.pcm not found, waiting...
demo.pcm not found, waiting...
demo.pcm not found, waiting...
demo.pcm not found, waiting...
demo.pcm not found, waiting...
demo.pcm not found, waiting...
demo.pcm not found, waiting...
demo.pcm not found, waiting...
demo.pcm not found, waiting...
demo.pcm not found, waiting...
demo.pcm not found, waiting...
demo.pcm not found, waiting...
demo.pcm not found, waiting...
demo.pcm not found, waiting...
demo.pcm not found, waiting...
demo.pcm not found, waiting...
demo.pcm not found, waiting...
demo.pcm not found, waiting...
demo.pcm not found, waiting...
demo.pcm not found, waiting...
demo.pcm not found, waiting...
demo.pcm not found, waiting...
demo.pcm not found, waiting...
demo.pcm not found, waiting...
demo.pcm not found, waiting...
demo.pcm not found, waiting...
demo.pcm not found, waiting...
demo.pcm not found, waiting...
demo.pcm not found, waiting...
demo.pcm not found, waiting...
demo.pcm not found, waiting...
demo.pcm not found, waiting...
demo.pcm not found, waiting...
demo.pcm not found, waiting...
demo.pcm not found, waiting...
demo.pcm not found, waiting...
demo.pcm not found, waiting...
demo.pcm not found, waiting...
demo.pcm not found, waiting...
demo.pcm not found, waiting...
demo.pcm not found, waiting...
demo.pcm not found, waiting...
demo.pcm not found, waiting...
demo.pcm not found, waiting...
demo.pcm not found, waiting...
demo.pcm not found, waiting...
demo.pcm not found, waiting...
demo.pcm not found, waiting...
demo.pcm not found, waiting...
demo.pcm not found, waiting...
demo.pcm not found, waiting...
demo.pcm not found, waiting...
demo.pcm not found, waiting...
demo.pcm not found, waiting...
demo.pcm not found, waiting...
demo.pcm not found, waiting...
demo.pcm not found, waiting...
demo.pcm not found, waiting...
demo.pcm not found, waiting...
demo.pcm not found, waiting...
demo.pcm not found, waiting...
demo.pcm not found, waiting...
demo.pcm not found, waiting...
demo.pcm not found, waiting...
demo.pcm not found, waiting...
demo.pcm not found, waiting...
demo.pcm not found, waiting...
demo.pcm not found, waiting...
demo.pcm not found, waiting...
demo.pcm not found, waiting...
demo.pcm not found, waiting...
demo.pcm not found, waiting...
demo.pcm not found, waiting...
demo.pcm not found, waiting...
demo.pcm not found, waiting...
demo.pcm not found, waiting...
demo.pcm not found, waiting...
demo.pcm not found, waiting...
demo.pcm not found, waiting...
demo.pcm not found, waiting...
demo.pcm not found, waiting...
demo.pcm not found, waiting...
demo.pcm not found, waiting...
demo.pcm not found, waiting...
demo.pcm not found, waiting...
demo.pcm not found, waiting...
demo.pcm not found, waiting...
demo.pcm not found, waiting...
demo.pcm not found, waiting...
demo.pcm not found, waiting...
demo.pcm not found, waiting...
demo.pcm not found, waiting...
demo.pcm not found, waiting...
demo.pcm not found, waiting...
demo.pcm not found, waiting...
demo.pcm not found, waiting...
demo.pcm not found, waiting...
demo.pcm not found, waiting...
demo.pcm not found, waiting...
demo.pcm not found, waiting...
demo.pcm not found, waiting...
demo.pcm not found, waiting...
demo.pcm not found, waiting...
demo.pcm not found, waiting...
demo.pcm not found, waiting...
demo.pcm not found, waiting...
demo.pcm not found, waiting...
demo.pcm not found, waiting...
demo.pcm not found, waiting...
demo.pcm not found, waiting...
demo.pcm not found, waiting...
demo.pcm not found, waiting...
demo.pcm not found, waiting...
demo.pcm not found, waiting...
demo.pcm not found, waiting...
demo.pcm not found, waiting...
demo.pcm not found, waiting...
demo.pcm not found, waiting...
demo.pcm not found, waiting...
demo.pcm not found, waiting...
demo.pcm not found, waiting...
demo.pcm not found, waiting...
demo.pcm not found, waiting...
demo.pcm not found, waiting...
demo.pcm not found, waiting...
demo.pcm not found, waiting...
demo.pcm not found, waiting...
demo.pcm not found, waiting...
demo.pcm not found, waiting...
demo.pcm not found, waiting...
demo.pcm not found, waiting...
demo.pcm not found, waiting...
demo.pcm not found, waiting...
demo.pcm not found, waiting...
demo.pcm not found, waiting...
demo.pcm not found, waiting...
demo.pcm not found, waiting...
demo.pcm not found, waiting...
demo.pcm not found, waiting...
demo.pcm not found, waiting...
demo.pcm not found, waiting...
demo.pcm not found, waiting...
demo.pcm not found, waiting...
demo.pcm not found, waiting...
demo.pcm not found, waiting...
demo.pcm not found, waiting...
demo.pcm not found, waiting...
demo.pcm not found, waiting...
demo.pcm not found, waiting...
demo.pcm not found, waiting...
demo.pcm not found, waiting...
demo.pcm not found, waiting...
demo.pcm not found, waiting...
demo.pcm not found, waiting...
demo.pcm not found, waiting...
demo.pcm not found, waiting...
demo.pcm not found, waiting...
demo.pcm not found, waiting...
demo.pcm not found, waiting...
demo.pcm not found, waiting...
demo.pcm not found, waiting...
demo.pcm not found, waiting...
demo.pcm not found, waiting...
demo.pcm not found, waiting...
demo.pcm not found, waiting...
demo.pcm not found, waiting...
demo.pcm not found, waiting...
demo.pcm not found, waiting...
demo.pcm not found, waiting...
demo.pcm not found, waiting...
demo.pcm not found, waiting...
demo.pcm not found, waiting...
demo.pcm not found, waiting...
demo.pcm not found, waiting...
demo.pcm not found, waiting...
demo.pcm not found, waiting...
demo.pcm not found, waiting...
demo.pcm not found, waiting...
demo.pcm not found, waiting...
demo.pcm not found, waiting...
demo.pcm not found, waiting...
demo.pcm not found, waiting...
demo.pcm not found, waiting...
demo.pcm not found, waiting...
demo.pcm not found, waiting...
demo.pcm not found, waiting...
demo.pcm not found, waiting...
demo.pcm not found, waiting...
demo.pcm not found, waiting...
demo.pcm not found, waiting...
demo.pcm not found, waiting...
demo.pcm not found, waiting...
demo.pcm not found, waiting...
demo.pcm not found, waiting...
demo.pcm not found, waiting...
demo.pcm not found, waiting...
demo.pcm not found, waiting...
demo.pcm not found, waiting...
demo.pcm not found, waiting...
demo.pcm not found, waiting...
demo.pcm not found, waiting...
demo.pcm not found, waiting...
demo.pcm not found, waiting...
demo.pcm not found, waiting...
demo.pcm not found, waiting...
demo.pcm not found, waiting...
demo.pcm not found, waiting...
demo.pcm not found, waiting...
demo.pcm not found, waiting...
demo.pcm not found, waiting...
demo.pcm not found, waiting...
demo.pcm not found, waiting...
demo.pcm not found, waiting...
demo.pcm not found, waiting...
demo.pcm not found, waiting...
demo.pcm not found, waiting...
demo.pcm not found, waiting...
demo.pcm not found, waiting...
demo.pcm not found, waiting...
demo.pcm not found, waiting...
demo.pcm not found, waiting...
demo.pcm not found, waiting...
demo.pcm not found, waiting...
demo.pcm not found, waiting...
demo.pcm not found, waiting...
demo.pcm not found, waiting...
demo.pcm not found, waiting...
demo.pcm not found, waiting...
demo.pcm not found, waiting...
demo.pcm not found, waiting...
demo.pcm not found, waiting...
demo.pcm not found, waiting...
demo.pcm not found, waiting...
demo.pcm not found, waiting...
demo.pcm not found, waiting...
demo.pcm not found, waiting...
demo.pcm not found, waiting...
demo.pcm not found, waiting...
demo.pcm not found, waiting...
demo.pcm not found, waiting...
demo.pcm not found, waiting...
demo.pcm not found, waiting...
demo.pcm not found, waiting...
demo.pcm not found, waiting...
demo.pcm not found, waiting...
demo.pcm not found, waiting...
demo.pcm not found, waiting...
demo.pcm not found, waiting...
demo.pcm not found, waiting...
demo.pcm not found, waiting...
demo.pcm not found, waiting...
demo.pcm not found, waiting...
demo.pcm not found, waiting...
demo.pcm not found, waiting...
demo.pcm not found, waiting...
demo.pcm not found, waiting...
demo.pcm not found, waiting...
demo.pcm not found, waiting...
demo.pcm not found, waiting...
demo.pcm not found, waiting...
demo.pcm not found, waiting...
demo.pcm not found, waiting...
demo.pcm not found, waiting...
demo.pcm not found, waiting...
demo.pcm not found, waiting...
demo.pcm not found, waiting...
demo.pcm not found, waiting...
demo.pcm not found, waiting...
demo.pcm not found, waiting...
demo.pcm not found, waiting...
demo.pcm not found, waiting...
demo.pcm not found, waiting...
demo.pcm not found, waiting...
demo.pcm not found, waiting...
demo.pcm not found, waiting...
demo.pcm not found, waiting...
demo.pcm not found, waiting...
demo.pcm not found, waiting...
demo.pcm not found, waiting...
demo.pcm not found, waiting...
demo.pcm not found, waiting...
demo.pcm not found, waiting...
demo.pcm not found, waiting...
demo.pcm not found, waiting...
demo.pcm not found, waiting...
demo.pcm not found, waiting...
demo.pcm not found, waiting...
demo.pcm not found, waiting...
demo.pcm not found, waiting...
demo.pcm not found, waiting...
demo.pcm not found, waiting...
demo.pcm not found, waiting...
demo.pcm not found, waiting...
demo.pcm not found, waiting...
demo.pcm not found, waiting...
demo.pcm not found, waiting...
demo.pcm not found, waiting...
demo.pcm not found, waiting...
demo.pcm not found, waiting...
demo.pcm not found, waiting...
demo.pcm not found, waiting...
demo.pcm not found, waiting...
demo.pcm not found, waiting...
demo.pcm not found, waiting...
demo.pcm not found, waiting...
demo.pcm not found, waiting...
demo.pcm not found, waiting...
demo.pcm not found, waiting...
demo.pcm not found, waiting...
demo.pcm not found, waiting...
demo.pcm not found, waiting...
demo.pcm not found, waiting...
demo.pcm not found, waiting...
demo.pcm not found, waiting...
demo.pcm not found, waiting...
demo.pcm not found, waiting...
demo.pcm not found, waiting...
demo.pcm not found, waiting...
demo.pcm not found, waiting...
demo.pcm not found, waiting...
demo.pcm not found, waiting...
demo.pcm not found, waiting...
demo.pcm not found, waiting...
demo.pcm not found, waiting...
demo.pcm not found, waiting...
demo.pcm not found, waiting...
demo.pcm not found, waiting...
demo.pcm not found, waiting...
demo.pcm not found, waiting...
demo.pcm not found, waiting...
demo.pcm not found, waiting...
demo.pcm not found, waiting...
demo.pcm not found, waiting...
demo.pcm not found, waiting...
demo.pcm not found, waiting...
demo.pcm not found, waiting...
demo.pcm not found, waiting...
demo.pcm not found, waiting...
demo.pcm not found, waiting...
demo.pcm not found, waiting...
demo.pcm not found, waiting...
demo.pcm not found, waiting...
demo.pcm not found, waiting...
demo.pcm not found, waiting...
demo.pcm not found, waiting...
demo.pcm not found, waiting...
demo.pcm not found, waiting...
demo.pcm not found, waiting...
demo.pcm not found, waiting...
demo.pcm not found, waiting...
demo.pcm not found, waiting...
demo.pcm not found, waiting...
demo.pcm not found, waiting...
demo.pcm not found, waiting...
demo.pcm not found, waiting...
demo.pcm not found, waiting...
demo.pcm not found, waiting...
demo.pcm not found, waiting...
demo.pcm not found, waiting...
demo.pcm not found, waiting...
demo.pcm not found, waiting...
demo.pcm not found, waiting...
demo.pcm not found, waiting...
demo.pcm not found, waiting...
demo.pcm not found, waiting...
demo.pcm not found, waiting...
demo.pcm not found, waiting...
demo.pcm not found, waiting...
demo.pcm not found, waiting...
demo.pcm not found, waiting...
demo.pcm not found, waiting...
demo.pcm not found, waiting...
demo.pcm not found, waiting...
demo.pcm not found, waiting...
demo.pcm not found, waiting...
demo.pcm not found, waiting...
demo.pcm not found, waiting...
demo.pcm not found, waiting...
demo.pcm not found, waiting...
demo.pcm not found, waiting...
demo.pcm not found, waiting...
demo.pcm not found, waiting...
demo.pcm not found, waiting...
demo.pcm not found, waiting...
demo.pcm not found, waiting...
demo.pcm not found, waiting...
demo.pcm not found, waiting...
demo.pcm not found, waiting...
demo.pcm not found, waiting...
demo.pcm not found, waiting...
demo.pcm not found, waiting...
demo.pcm not found, waiting...
demo.pcm not found, waiting...
demo.pcm not found, waiting...
demo.pcm not found, waiting...
demo.pcm not found, waiting...
demo.pcm not found, waiting...
demo.pcm not found, waiting...
demo.pcm not found, waiting...
demo.pcm not found, waiting...
demo.pcm not found, waiting...
demo.pcm not found, waiting...
demo.pcm not found, waiting...
demo.pcm not found, waiting...
demo.pcm not found, waiting...
demo.pcm not found, waiting...
demo.pcm not found, waiting...
demo.pcm not found, waiting...
demo.pcm not found, waiting...
demo.pcm not found, waiting...
demo.pcm not found, waiting...
demo.pcm not found, waiting...
demo.pcm not found, waiting...
demo.pcm not found, waiting...
demo.pcm not found, waiting...
demo.pcm not found, waiting...
demo.pcm not found, waiting...
demo.pcm not found, waiting...
demo.pcm not found, waiting...
demo.pcm not found, waiting...
demo.pcm not found, waiting...
demo.pcm not found, waiting...
demo.pcm not found, waiting...
demo.pcm not found, waiting...
demo.pcm not found, waiting...
demo.pcm not found, waiting...
demo.pcm not found, waiting...
demo.pcm not found, waiting...
demo.pcm not found, waiting...
demo.pcm not found, waiting...
demo.pcm not found, waiting...
demo.pcm not found, waiting...
demo.pcm not found, waiting...
demo.pcm not found, waiting...
demo.pcm not found, waiting...
demo.pcm not found, waiting...
demo.pcm not found, waiting...
demo.pcm not found, waiting...
demo.pcm not found, waiting...
demo.pcm not found, waiting...
demo.pcm not found, waiting...
demo.pcm not found, waiting...
demo.pcm not found, waiting...
demo.pcm not found, waiting...
demo.pcm not found, waiting...
demo.pcm not found, waiting...
demo.pcm not found, waiting...
demo.pcm not found, waiting...
demo.pcm not found, waiting...
demo.pcm not found, waiting...
demo.pcm not found, waiting...
demo.pcm not found, waiting...
demo.pcm not found, waiting...
demo.pcm not found, waiting...
demo.pcm not found, waiting...
demo.pcm not found, waiting...
demo.pcm not found, waiting...
demo.pcm not found, waiting...
demo.pcm not found, waiting...
demo.pcm not found, waiting...
demo.pcm not found, waiting...
demo.pcm not found, waiting...
demo.pcm not found, waiting...
demo.pcm not found, waiting...
demo.pcm not found, waiting...
demo.pcm not found, waiting...
demo.pcm not found, waiting...
demo.pcm not found, waiting...
demo.pcm not found, waiting...
demo.pcm not found, waiting...
demo.pcm not found, waiting...
demo.pcm not found, waiting...
demo.pcm not found, waiting...
demo.pcm not found, waiting...
demo.pcm not found, waiting...
demo.pcm not found, waiting...
demo.pcm not found, waiting...
demo.pcm not found, waiting...
demo.pcm not found, waiting...
demo.pcm not found, waiting...
demo.pcm not found, waiting...
demo.pcm not found, waiting...
demo.pcm not found, waiting...
demo.pcm not found, waiting...
demo.pcm not found, waiting...
demo.pcm not found, waiting...
demo.pcm not found, waiting...
demo.pcm not found, waiting...
demo.pcm not found, waiting...
demo.pcm not found, waiting...
demo.pcm not found, waiting...
demo.pcm not found, waiting...
demo.pcm not found, waiting...
demo.pcm not found, waiting...
demo.pcm not found, waiting...
demo.pcm not found, waiting...
demo.pcm not found, waiting...
demo.pcm not found, waiting...
demo.pcm not found, waiting...
demo.pcm not found, waiting...
demo.pcm not found, waiting...
demo.pcm not found, waiting...
demo.pcm not found, waiting...
demo.pcm not found, waiting...
demo.pcm not found, waiting...
demo.pcm not found, waiting...
demo.pcm not found, waiting...
demo.pcm not found, waiting...
demo.pcm not found, waiting...
demo.pcm not found, waiting...
demo.pcm not found, waiting...
demo.pcm not found, waiting...
demo.pcm not found, waiting...
demo.pcm not found, waiting...
demo.pcm not found, waiting...
demo.pcm not found, waiting...
demo.pcm not found, waiting...
demo.pcm not found, waiting...
demo.pcm not found, waiting...
demo.pcm not found, waiting...
demo.pcm not found, waiting...
demo.pcm not found, waiting...
demo.pcm not found, waiting...
demo.pcm not found, waiting...
demo.pcm not found, waiting...
demo.pcm not found, waiting...
demo.pcm not found, waiting...
demo.pcm not found, waiting...
demo.pcm not found, waiting...
demo.pcm not found, waiting...
demo.pcm not found, waiting...
demo.pcm not found, waiting...
demo.pcm not found, waiting...
demo.pcm not found, waiting...
demo.pcm not found, waiting...
demo.pcm not found, waiting...
demo.pcm not found, waiting...
demo.pcm not found, waiting...
demo.pcm not found, waiting...
demo.pcm not found, waiting...
demo.pcm not found, waiting...
demo.pcm not found, waiting...
demo.pcm not found, waiting...
demo.pcm not found, waiting...
demo.pcm not found, waiting...
demo.pcm not found, waiting...
demo.pcm not found, waiting...
demo.pcm not found, waiting...
demo.pcm not found, waiting...
demo.pcm not found, waiting...
demo.pcm not found, waiting...
demo.pcm not found, waiting...
demo.pcm not found, waiting...
demo.pcm not found, waiting...
demo.pcm not found, waiting...
demo.pcm not found, waiting...
demo.pcm not found, waiting...
demo.pcm not found, waiting...
demo.pcm not found, waiting...
demo.pcm not found, waiting...
demo.pcm not found, waiting...
demo.pcm not found, waiting...
demo.pcm not found, waiting...
demo.pcm not found, waiting...
demo.pcm not found, waiting...
demo.pcm not found, waiting...
demo.pcm not found, waiting...
demo.pcm not found, waiting...
demo.pcm not found, waiting...
demo.pcm not found, waiting...
demo.pcm not found, waiting...
demo.pcm not found, waiting...
demo.pcm not found, waiting...
demo.pcm not found, waiting...
demo.pcm not found, waiting...
demo.pcm not found, waiting...
demo.pcm not found, waiting...
demo.pcm not found, waiting...
demo.pcm not found, waiting...
demo.pcm not found, waiting...
demo.pcm not found, waiting...
demo.pcm not found, waiting...
demo.pcm not found, waiting...
demo.pcm not found, waiting...
demo.pcm not found, waiting...
demo.pcm not found, waiting...
demo.pcm not found, waiting...
demo.pcm not found, waiting...
demo.pcm not found, waiting...
demo.pcm not found, waiting...
demo.pcm not found, waiting...
demo.pcm not found, waiting...
demo.pcm not found, waiting...
demo.pcm not found, waiting...
demo.pcm not found, waiting...
demo.pcm not found, waiting...
demo.pcm not found, waiting...
demo.pcm not found, waiting...
demo.pcm not found, waiting...
demo.pcm not found, waiting...
demo.pcm not found, waiting...
demo.pcm not found, waiting...
demo.pcm not found, waiting...
demo.pcm not found, waiting...
demo.pcm not found, waiting...
demo.pcm not found, waiting...
demo.pcm not found, waiting...
demo.pcm not found, waiting...
demo.pcm not found, waiting...
demo.pcm not found, waiting...
demo.pcm not found, waiting...
demo.pcm not found, waiting...
demo.pcm not found, waiting...
demo.pcm not found, waiting...
demo.pcm not found, waiting...
demo.pcm not found, waiting...
demo.pcm not found, waiting...
demo.pcm not found, waiting...
demo.pcm not found, waiting...
demo.pcm not found, waiting...
demo.pcm not found, waiting...
demo.pcm not found, waiting...
demo.pcm not found, waiting...
demo.pcm not found, waiting...
demo.pcm not found, waiting...
demo.pcm not found, waiting...
demo.pcm not found, waiting...
demo.pcm not found, waiting...
demo.pcm not found, waiting...
demo.pcm not found, waiting...
demo.pcm not found, waiting...
demo.pcm not found, waiting...
demo.pcm not found, waiting...
demo.pcm not found, waiting...
demo.pcm not found, waiting...
demo.pcm not found, waiting...
demo.pcm not found, waiting...
demo.pcm not found, waiting...
demo.pcm not found, waiting...
demo.pcm not found, waiting...
demo.pcm not found, waiting...
demo.pcm not found, waiting...
demo.pcm not found, waiting...
demo.pcm not found, waiting...
demo.pcm not found, waiting...
demo.pcm not found, waiting...
demo.pcm not found, waiting...
demo.pcm not found, waiting...
demo.pcm not found, waiting...
demo.pcm not found, waiting...
demo.pcm not found, waiting...
demo.pcm not found, waiting...
demo.pcm not found, waiting...
demo.pcm not found, waiting...
demo.pcm not found, waiting...
demo.pcm not found, waiting...
demo.pcm not found, waiting...
demo.pcm not found, waiting...
demo.pcm not found, waiting...
demo.pcm not found, waiting...
demo.pcm not found, waiting...
demo.pcm not found, waiting...
demo.pcm not found, waiting...
demo.pcm not found, waiting...
demo.pcm not found, waiting...
demo.pcm not found, waiting...
demo.pcm not found, waiting...
demo.pcm not found, waiting...
demo.pcm not found, waiting...
demo.pcm not found, waiting...
demo.pcm not found, waiting...
demo.pcm not found, waiting...
demo.pcm not found, waiting...
demo.pcm not found, waiting...
demo.pcm not found, waiting...
demo.pcm not found, waiting...
demo.pcm not found, waiting...
demo.pcm not found, waiting...
demo.pcm not found, waiting...
demo.pcm not found, waiting...
demo.pcm not found, waiting...
demo.pcm not found, waiting...
demo.pcm not found, waiting...
demo.pcm not found, waiting...
demo.pcm not found, waiting...
demo.pcm not found, waiting...
demo.pcm not found, waiting...
demo.pcm not found, waiting...
demo.pcm not found, waiting...
demo.pcm not found, waiting...
demo.pcm not found, waiting...
demo.pcm not found, waiting...
demo.pcm not found, waiting...
demo.pcm not found, waiting...
demo.pcm not found, waiting...
demo.pcm not found, waiting...
demo.pcm not found, waiting...
demo.pcm not found, waiting...
demo.pcm not found, waiting...
demo.pcm not found, waiting...
demo.pcm not found, waiting...
demo.pcm not found, waiting...
demo.pcm not found, waiting...
demo.pcm not found, waiting...
demo.pcm not found, waiting...
demo.pcm not found, waiting...
demo.pcm not found, waiting...
demo.pcm not found, waiting...
demo.pcm not found, waiting...
demo.pcm not found, waiting...
demo.pcm not found, waiting...
demo.pcm not found, waiting...
demo.pcm not found, waiting...
demo.pcm not found, waiting...
demo.pcm not found, waiting...
demo.pcm not found, waiting...
demo.pcm not found, waiting...
demo.pcm not found, waiting...
demo.pcm not found, waiting...
demo.pcm not found, waiting...
demo.pcm not found, waiting...
demo.pcm not found, waiting...
demo.pcm not found, waiting...
demo.pcm not found, waiting...
demo.pcm not found, waiting...
demo.pcm not found, waiting...
demo.pcm not found, waiting...
demo.pcm not found, waiting...
demo.pcm not found, waiting...
demo.pcm not found, waiting...
demo.pcm not found, waiting...
demo.pcm not found, waiting...
demo.pcm not found, waiting...
demo.pcm not found, waiting...
demo.pcm not found, waiting...
demo.pcm not found, waiting...
demo.pcm not found, waiting...
demo.pcm not found, waiting...
demo.pcm not found, waiting...
demo.pcm not found, waiting...
demo.pcm not found, waiting...
demo.pcm not found, waiting...
demo.pcm not found, waiting...
demo.pcm not found, waiting...
demo.pcm not found, waiting...
demo.pcm not found, waiting...
demo.pcm not found, waiting...
demo.pcm not found, waiting...
demo.pcm not found, waiting...
demo.pcm not found, waiting...
demo.pcm not found, waiting...
demo.pcm not found, waiting...
demo.pcm not found, waiting...
demo.pcm not found, waiting...
demo.pcm not found, waiting...
demo.pcm not found, waiting...
demo.pcm not found, waiting...
demo.pcm not found, waiting...
demo.pcm not found, waiting...
demo.pcm not found, waiting...
demo.pcm not found, waiting...
demo.pcm not found, waiting...
demo.pcm not found, waiting...
demo.pcm not found, waiting...
demo.pcm not found, waiting...
demo.pcm not found, waiting...
demo.pcm not found, waiting...
demo.pcm not found, waiting...
demo.pcm not found, waiting...
demo.pcm not found, waiting...
demo.pcm not found, waiting...
demo.pcm not found, waiting...
demo.pcm not found, waiting...
demo.pcm not found, waiting...
demo.pcm not found, waiting...
demo.pcm not found, waiting...
demo.pcm not found, waiting...
demo.pcm not found, waiting...
demo.pcm not found, waiting...
demo.pcm not found, waiting...
demo.pcm not found, waiting...
demo.pcm not found, waiting...
demo.pcm not found, waiting...
demo.pcm not found, waiting...
demo.pcm not found, waiting...
demo.pcm not found, waiting...
demo.pcm not found, waiting...
demo.pcm not found, waiting...
demo.pcm not found, waiting...
demo.pcm not found, waiting...
demo.pcm not found, waiting...
demo.pcm not found, waiting...
demo.pcm not found, waiting...
demo.pcm not found, waiting...
demo.pcm not found, waiting...
demo.pcm not found, waiting...
demo.pcm not found, waiting...
demo.pcm not found, waiting...
demo.pcm not found, waiting...
demo.pcm not found, waiting...
demo.pcm not found, waiting...
demo.pcm not found, waiting...
demo.pcm not found, waiting...
demo.pcm not found, waiting...
demo.pcm not found, waiting...
demo.pcm not found, waiting...
demo.pcm not found, waiting...
demo.pcm not found, waiting...
demo.pcm not found, waiting...
demo.pcm not found, waiting...
demo.pcm not found, waiting...
demo.pcm not found, waiting...
demo.pcm not found, waiting...
demo.pcm not found, waiting...
demo.pcm not found, waiting...
demo.pcm not found, waiting...
demo.pcm not found, waiting...
demo.pcm not found, waiting...
demo.pcm not found, waiting...
demo.pcm not found, waiting...
demo.pcm not found, waiting...
demo.pcm not found, waiting...
demo.pcm not found, waiting...
demo.pcm not found, waiting...
demo.pcm not found, waiting...
demo.pcm not found, waiting...
demo.pcm not found, waiting...
demo.pcm not found, waiting...
demo.pcm not found, waiting...
demo.pcm not found, waiting...
demo.pcm not found, waiting...
demo.pcm not found, waiting...
demo.pcm not found, waiting...
demo.pcm not found, waiting...
demo.pcm not found, waiting...
demo.pcm not found, waiting...
demo.pcm not found, waiting...
demo.pcm not found, waiting...
demo.pcm not found, waiting...
demo.pcm not found, waiting...
demo.pcm not found, waiting...
demo.pcm not found, waiting...
demo.pcm not found, waiting...
demo.pcm not found, waiting...
demo.pcm not found, waiting...
demo.pcm not found, waiting...
demo.pcm not found, waiting...
demo.pcm not found, waiting...
demo.pcm not found, waiting...
demo.pcm not found, waiting...
demo.pcm not found, waiting...
demo.pcm not found, waiting...
demo.pcm not found, waiting...
demo.pcm not found, waiting...
demo.pcm not found, waiting...
demo.pcm not found, waiting...
demo.pcm not found, waiting...
demo.pcm not found, waiting...
demo.pcm not found, waiting...
demo.pcm not found, waiting...
demo.pcm not found, waiting...
demo.pcm not found, waiting...
demo.pcm not found, waiting...
demo.pcm not found, waiting...
demo.pcm not found, waiting...
demo.pcm not found, waiting...
demo.pcm not found, waiting...
demo.pcm not found, waiting...
demo.pcm not found, waiting...
demo.pcm not found, waiting...
demo.pcm not found, waiting...
demo.pcm not found, waiting...
demo.pcm not found, waiting...
demo.pcm not found, waiting...
demo.pcm not found, waiting...
demo.pcm not found, waiting...
demo.pcm not found, waiting...
demo.pcm not found, waiting...
demo.pcm not found, waiting...
demo.pcm not found, waiting...
demo.pcm not found, waiting...
demo.pcm not found, waiting...
demo.pcm not found, waiting...
demo.pcm not found, waiting...
demo.pcm not found, waiting...
demo.pcm not found, waiting...
demo.pcm not found, waiting...
demo.pcm not found, waiting...
demo.pcm not found, waiting...
demo.pcm not found, waiting...
demo.pcm not found, waiting...
demo.pcm not found, waiting...
demo.pcm not found, waiting...
demo.pcm not found, waiting...
demo.pcm not found, waiting...
demo.pcm not found, waiting...
demo.pcm not found, waiting...
demo.pcm not found, waiting...
demo.pcm not found, waiting...
demo.pcm not found, waiting...
demo.pcm not found, waiting...
demo.pcm not found, waiting...
demo.pcm not found, waiting...
demo.pcm not found, waiting...
demo.pcm not found, waiting...
demo.pcm not found, waiting...
demo.pcm not found, waiting...
demo.pcm not found, waiting...
demo.pcm not found, waiting...
demo.pcm not found, waiting...
demo.pcm not found, waiting...
demo.pcm not found, waiting...
demo.pcm not found, waiting...
demo.pcm not found, waiting...
demo.pcm not found, waiting...
demo.pcm not found, waiting...
demo.pcm not found, waiting...
demo.pcm not found, waiting...
demo.pcm not found, waiting...
demo.pcm not found, waiting...
demo.pcm not found, waiting...
demo.pcm not found, waiting...
demo.pcm not found, waiting...
demo.pcm not found, waiting...
demo.pcm not found, waiting...
demo.pcm not found, waiting...
demo.pcm not found, waiting...
demo.pcm not found, waiting...
demo.pcm not found, waiting...
demo.pcm not found, waiting...
demo.pcm not found, waiting...
demo.pcm not found, waiting...
demo.pcm not found, waiting...
demo.pcm not found, waiting...
demo.pcm not found, waiting...
demo.pcm not found, waiting...
demo.pcm not found, waiting...
demo.pcm not found, waiting...
demo.pcm not found, waiting...
demo.pcm not found, waiting...
demo.pcm not found, waiting...
demo.pcm not found, waiting...
demo.pcm not found, waiting...
demo.pcm not found, waiting...
demo.pcm not found, waiting...
demo.pcm not found, waiting...
demo.pcm not found, waiting...
demo.pcm not found, waiting...
demo.pcm not found, waiting...
demo.pcm not found, waiting...
demo.pcm not found, waiting...
demo.pcm not found, waiting...
demo.pcm not found, waiting...
demo.pcm not found, waiting...
demo.pcm not found, waiting...
demo.pcm not found, waiting...
demo.pcm not found, waiting...
demo.pcm not found, waiting...
demo.pcm not found, waiting...
demo.pcm not found, waiting...
demo.pcm not found, waiting...
demo.pcm not found, waiting...
demo.pcm not found, waiting...
demo.pcm not found, waiting...
demo.pcm not found, waiting...
demo.pcm not found, waiting...
demo.pcm not found, waiting...
demo.pcm not found, waiting...
demo.pcm not found, waiting...
demo.pcm not found, waiting...
demo.pcm not found, waiting...
demo.pcm not found, waiting...
demo.pcm not found, waiting...
demo.pcm not found, waiting...
demo.pcm not found, waiting...
demo.pcm not found, waiting...
demo.pcm not found, waiting...
demo.pcm not found, waiting...
demo.pcm not found, waiting...
demo.pcm not found, waiting...
demo.pcm not found, waiting...
demo.pcm not found, waiting...
demo.pcm not found, waiting...
demo.pcm not found, waiting...
demo.pcm not found, waiting...
demo.pcm not found, waiting...
demo.pcm not found, waiting...
demo.pcm not found, waiting...
demo.pcm not found, waiting...
demo.pcm not found, waiting...
demo.pcm not found, waiting...
demo.pcm not found, waiting...
demo.pcm not found, waiting...
demo.pcm not found, waiting...
demo.pcm not found, waiting...
demo.pcm not found, waiting...
demo.pcm not found, waiting...
demo.pcm not found, waiting...
demo.pcm not found, waiting...
demo.pcm not found, waiting...
demo.pcm not found, waiting...
demo.pcm not found, waiting...
demo.pcm not found, waiting...
demo.pcm not found, waiting...
demo.pcm not found, waiting...
demo.pcm not found, waiting...
demo.pcm not found, waiting...
demo.pcm not found, waiting...
demo.pcm not found, waiting...
demo.pcm not found, waiting...
demo.pcm not found, waiting...
demo.pcm not found, waiting...
demo.pcm not found, waiting...
demo.pcm not found, waiting...
demo.pcm not found, waiting...
demo.pcm not found, waiting...
demo.pcm not found, waiting...
demo.pcm not found, waiting...
demo.pcm not found, waiting...
demo.pcm not found, waiting...
demo.pcm not found, waiting...
demo.pcm not found, waiting...
demo.pcm not found, waiting...
demo.pcm not found, waiting...
demo.pcm not found, waiting...
demo.pcm not found, waiting...
demo.pcm not found, waiting...
demo.pcm not found, waiting...
demo.pcm not found, waiting...
demo.pcm not found, waiting...
demo.pcm not found, waiting...
demo.pcm not found, waiting...
demo.pcm not found, waiting...
demo.pcm not found, waiting...
demo.pcm not found, waiting...
demo.pcm not found, waiting...
demo.pcm not found, waiting...
demo.pcm not found, waiting...
demo.pcm not found, waiting...
demo.pcm not found, waiting...
demo.pcm not found, waiting...
demo.pcm not found, waiting...
demo.pcm not found, waiting...
demo.pcm not found, waiting...
demo.pcm not found, waiting...
demo.pcm not found, waiting...
demo.pcm not found, waiting...
demo.pcm not found, waiting...
demo.pcm not found, waiting...
demo.pcm not found, waiting...
demo.pcm not found, waiting...
demo.pcm not found, waiting...
demo.pcm not found, waiting...
demo.pcm not found, waiting...
demo.pcm not found, waiting...
demo.pcm not found, waiting...
demo.pcm not found, waiting...
demo.pcm not found, waiting...
demo.pcm not found, waiting...
demo.pcm not found, waiting...
demo.pcm not found, waiting...
demo.pcm not found, waiting...
demo.pcm not found, waiting...
demo.pcm not found, waiting...
demo.pcm not found, waiting...
demo.pcm not found, waiting...
demo.pcm not found, waiting...
demo.pcm not found, waiting...
demo.pcm not found, waiting...
demo.pcm not found, waiting...
demo.pcm not found, waiting...
demo.pcm not found, waiting...
demo.pcm not found, waiting...
demo.pcm not found, waiting...
demo.pcm not found, waiting...
demo.pcm not found, waiting...
demo.pcm not found, waiting...
demo.pcm not found, waiting...
demo.pcm not found, waiting...
demo.pcm not found, waiting...
demo.pcm not found, waiting...
demo.pcm not found, waiting...
demo.pcm not found, waiting...
demo.pcm not found, waiting...
demo.pcm not found, waiting...
demo.pcm not found, waiting...
demo.pcm not found, waiting...
demo.pcm not found, waiting...
demo.pcm not found, waiting...
demo.pcm not found, waiting...
demo.pcm not found, waiting...
demo.pcm not found, waiting...
demo.pcm not found, waiting...
demo.pcm not found, waiting...
demo.pcm not found, waiting...
demo.pcm not found, waiting...
demo.pcm not found, waiting...
demo.pcm not found, waiting...
demo.pcm not found, waiting...
demo.pcm not found, waiting...
demo.pcm not found, waiting...
demo.pcm not found, waiting...
demo.pcm not found, waiting...
demo.pcm not found, waiting...
demo.pcm not found, waiting...
demo.pcm not found, waiting...
demo.pcm not found, waiting...
demo.pcm not found, waiting...
demo.pcm not found, waiting...
demo.pcm not found, waiting...
demo.pcm not found, waiting...
demo.pcm not found, waiting...
demo.pcm not found, waiting...
demo.pcm not found, waiting...
demo.pcm not found, waiting...
demo.pcm not found, waiting...
demo.pcm not found, waiting...
demo.pcm not found, waiting...
demo.pcm not found, waiting...
demo.pcm not found, waiting...
demo.pcm not found, waiting...
demo.pcm not found, waiting...
demo.pcm not found, waiting...
demo.pcm not found, waiting...
demo.pcm not found, waiting...
demo.pcm not found, waiting...
demo.pcm not found, waiting...
demo.pcm not found, waiting...
demo.pcm not found, waiting...
demo.pcm not found, waiting...
demo.pcm not found, waiting...
demo.pcm not found, waiting...
demo.pcm not found, waiting...
demo.pcm not found, waiting...
demo.pcm not found, waiting...
demo.pcm not found, waiting...
demo.pcm not found, waiting...
demo.pcm not found, waiting...
demo.pcm not found, waiting...
demo.pcm not found, waiting...
demo.pcm not found, waiting...
demo.pcm not found, waiting...
demo.pcm not found, waiting...
demo.pcm not found, waiting...
demo.pcm not found, waiting...
demo.pcm not found, waiting...
demo.pcm not found, waiting...
demo.pcm not found, waiting...
demo.pcm not found, waiting...
demo.pcm not found, waiting...
demo.pcm not found, waiting...
demo.pcm not found, waiting...
demo.pcm not found, waiting...
demo.pcm not found, waiting...
demo.pcm not found, waiting...
demo.pcm not found, waiting...
demo.pcm not found, waiting...
demo.pcm not found, waiting...
demo.pcm not found, waiting...
demo.pcm not found, waiting...
demo.pcm not found, waiting...
demo.pcm not found, waiting...
demo.pcm not found, waiting...
demo.pcm not found, waiting...
demo.pcm not found, waiting...
demo.pcm not found, waiting...
demo.pcm not found, waiting...
demo.pcm not found, waiting...
demo.pcm not found, waiting...
demo.pcm not found, waiting...
demo.pcm not found, waiting...
demo.pcm not found, waiting...
demo.pcm not found, waiting...
demo.pcm not found, waiting...
demo.pcm not found, waiting...
demo.pcm not found, waiting...
demo.pcm not found, waiting...
demo.pcm not found, waiting...
demo.pcm not found, waiting...
demo.pcm not found, waiting...
demo.pcm not found, waiting...
demo.pcm not found, waiting...
demo.pcm not found, waiting...
demo.pcm not found, waiting...
demo.pcm not found, waiting...
demo.pcm not found, waiting...
demo.pcm not found, waiting...
demo.pcm not found, waiting...
demo.pcm not found, waiting...
demo.pcm not found, waiting...
demo.pcm not found, waiting...
demo.pcm not found, waiting...
demo.pcm not found, waiting...
demo.pcm not found, waiting...
demo.pcm not found, waiting...
demo.pcm not found, waiting...
demo.pcm not found, waiting...
demo.pcm not found, waiting...
demo.pcm not found, waiting...
demo.pcm not found, waiting...
demo.pcm not found, waiting...
demo.pcm not found, waiting...
demo.pcm not found, waiting...
demo.pcm not found, waiting...
demo.pcm not found, waiting...
demo.pcm not found, waiting...
demo.pcm not found, waiting...
demo.pcm not found, waiting...
demo.pcm not found, waiting...
demo.pcm not found, waiting...
demo.pcm not found, waiting...
demo.pcm not found, waiting...
demo.pcm not found, waiting...
demo.pcm not found, waiting...
demo.pcm not found, waiting...
demo.pcm not found, waiting...
demo.pcm not found, waiting...
demo.pcm not found, waiting...
demo.pcm not found, waiting...
demo.pcm not found, waiting...
demo.pcm not found, waiting...
demo.pcm not found, waiting...
demo.pcm not found, waiting...
demo.pcm not found, waiting...
demo.pcm not found, waiting...
demo.pcm not found, waiting...
demo.pcm not found, waiting...
demo.pcm not found, waiting...
demo.pcm not found, waiting...
demo.pcm not found, waiting...
demo.pcm not found, waiting...
demo.pcm not found, waiting...
demo.pcm not found, waiting...
demo.pcm not found, waiting...
demo.pcm not found, waiting...
demo.pcm not found, waiting...
demo.pcm not found, waiting...
demo.pcm not found, waiting...
demo.pcm not found, waiting...
demo.pcm not found, waiting...
demo.pcm not found, waiting...
demo.pcm not found, waiting...
demo.pcm not found, waiting...
demo.pcm not found, waiting...
demo.pcm not found, waiting...
demo.pcm not found, waiting...
demo.pcm not found, waiting...
demo.pcm not found, waiting...
demo.pcm not found, waiting...
demo.pcm not found, waiting...
demo.pcm not found, waiting...
demo.pcm not found, waiting...
demo.pcm not found, waiting...
demo.pcm not found, waiting...
demo.pcm not found, waiting...
demo.pcm not found, waiting...
demo.pcm not found, waiting...
demo.pcm not found, waiting...
demo.pcm not found, waiting...
demo.pcm not found, waiting...
demo.pcm not found, waiting...
demo.pcm not found, waiting...
demo.pcm not found, waiting...
demo.pcm not found, waiting...
demo.pcm not found, waiting...
demo.pcm not found, waiting...
demo.pcm not found, waiting...
demo.pcm not found, waiting...
demo.pcm not found, waiting...
demo.pcm not found, waiting...
demo.pcm not found, waiting...
demo.pcm not found, waiting...
demo.pcm not found, waiting...
demo.pcm not found, waiting...
demo.pcm not found, waiting...
demo.pcm not found, waiting...
demo.pcm not found, waiting...
demo.pcm not found, waiting...
demo.pcm not found, waiting...
demo.pcm not found, waiting...
demo.pcm not found, waiting...
demo.pcm not found, waiting...
demo.pcm not found, waiting...
demo.pcm not found, waiting...
demo.pcm not found, waiting...
demo.pcm not found, waiting...
demo.pcm not found, waiting...
demo.pcm not found, waiting...
demo.pcm not found, waiting...
demo.pcm not found, waiting...
demo.pcm not found, waiting...
demo.pcm not found, waiting...
demo.pcm not found, waiting...
demo.pcm not found, waiting...
demo.pcm not found, waiting...
demo.pcm not found, waiting...
demo.pcm not found, waiting...
demo.pcm not found, waiting...
demo.pcm not found, waiting...
demo.pcm not found, waiting...
demo.pcm not found, waiting...
demo.pcm not found, waiting...
demo.pcm not found, waiting...
demo.pcm not found, waiting...
demo.pcm not found, waiting...
demo.pcm not found, waiting...
demo.pcm not found, waiting...
demo.pcm not found, waiting...
demo.pcm not found, waiting...
demo.pcm not found, waiting...
demo.pcm not found, waiting...
demo.pcm not found, waiting...
demo.pcm not found, waiting...
demo.pcm not found, waiting...
demo.pcm not found, waiting...
demo.pcm not found, waiting...
demo.pcm not found, waiting...
demo.pcm not found, waiting...
demo.pcm not found, waiting...
demo.pcm not found, waiting...
demo.pcm not found, waiting...
demo.pcm not found, waiting...
demo.pcm not found, waiting...
demo.pcm not found, waiting...
demo.pcm not found, waiting...
demo.pcm not found, waiting...
demo.pcm not found, waiting...
demo.pcm not found, waiting...
demo.pcm not found, waiting...
demo.pcm not found, waiting...
demo.pcm not found, waiting...
demo.pcm not found, waiting...
demo.pcm not found, waiting...
demo.pcm not found, waiting...
demo.pcm not found, waiting...
demo.pcm not found, waiting...
demo.pcm not found, waiting...
demo.pcm not found, waiting...
demo.pcm not found, waiting...
demo.pcm not found, waiting...
demo.pcm not found, waiting...
demo.pcm not found, waiting...
demo.pcm not found, waiting...
demo.pcm not found, waiting...
demo.pcm not found, waiting...
demo.pcm not found, waiting...
demo.pcm not found, waiting...
demo.pcm not found, waiting...
demo.pcm not found, waiting...
demo.pcm not found, waiting...
demo.pcm not found, waiting...
demo.pcm not found, waiting...
demo.pcm not found, waiting...
demo.pcm not found, waiting...
demo.pcm not found, waiting...
demo.pcm not found, waiting...
demo.pcm not found, waiting...
demo.pcm not found, waiting...
demo.pcm not found, waiting...
demo.pcm not found, waiting...
demo.pcm not found, waiting...
demo.pcm not found, waiting...
demo.pcm not found, waiting...
demo.pcm not found, waiting...
demo.pcm not found, waiting...
demo.pcm not found, waiting...
demo.pcm not found, waiting...
demo.pcm not found, waiting...
demo.pcm not found, waiting...
demo.pcm not found, waiting...
demo.pcm not found, waiting...
demo.pcm not found, waiting...
demo.pcm not found, waiting...
demo.pcm not found, waiting...
demo.pcm not found, waiting...
demo.pcm not found, waiting...
demo.pcm not found, waiting...
demo.pcm not found, waiting...
demo.pcm not found, waiting...
demo.pcm not found, waiting...
demo.pcm not found, waiting...
demo.pcm not found, waiting...
demo.pcm not found, waiting...
demo.pcm not found, waiting...
demo.pcm not found, waiting...
demo.pcm not found, waiting...
demo.pcm not found, waiting...
demo.pcm not found, waiting...
demo.pcm not found, waiting...
demo.pcm not found, waiting...
demo.pcm not found, waiting...
demo.pcm not found, waiting...
demo.pcm not found, waiting...
demo.pcm not found, waiting...
demo.pcm not found, waiting...
demo.pcm not found, waiting...
demo.pcm not found, waiting...
demo.pcm not found, waiting...
demo.pcm not found, waiting...
demo.pcm not found, waiting...
demo.pcm not found, waiting...
demo.pcm not found, waiting...
demo.pcm not found, waiting...
demo.pcm not found, waiting...
demo.pcm not found, waiting...
demo.pcm not found, waiting...
demo.pcm not found, waiting...
demo.pcm not found, waiting...
demo.pcm not found, waiting...
demo.pcm not found, waiting...
demo.pcm not found, waiting...
demo.pcm not found, waiting...
demo.pcm not found, waiting...
demo.pcm not found, waiting...
demo.pcm not found, waiting...
demo.pcm not found, waiting...
demo.pcm not found, waiting...
demo.pcm not found, waiting...
demo.pcm not found, waiting...
demo.pcm not found, waiting...
demo.pcm not found, waiting...
demo.pcm not found, waiting...
demo.pcm not found, waiting...
demo.pcm not found, waiting...
demo.pcm not found, waiting...
demo.pcm not found, waiting...
demo.pcm not found, waiting...
demo.pcm not found, waiting...
demo.pcm not found, waiting...
demo.pcm not found, waiting...
demo.pcm not found, waiting...
demo.pcm not found, waiting...
demo.pcm not found, waiting...
demo.pcm not found, waiting...
demo.pcm not found, waiting...
demo.pcm not found, waiting...
demo.pcm not found, waiting...
demo.pcm not found, waiting...
demo.pcm not found, waiting...
demo.pcm not found, waiting...
demo.pcm not found, waiting...
demo.pcm not found, waiting...
demo.pcm not found, waiting...
demo.pcm not found, waiting...
demo.pcm not found, waiting...
demo.pcm not found, waiting...
demo.pcm not found, waiting...
demo.pcm not found, waiting...
demo.pcm not found, waiting...
demo.pcm not found, waiting...
demo.pcm not found, waiting...
demo.pcm not found, waiting...
demo.pcm not found, waiting...
demo.pcm not found, waiting...
demo.pcm not found, waiting...
demo.pcm not found, waiting...
demo.pcm not found, waiting...
demo.pcm not found, waiting...
demo.pcm not found, waiting...
demo.pcm not found, waiting...
demo.pcm not found, waiting...
demo.pcm not found, waiting...
demo.pcm not found, waiting...
demo.pcm not found, waiting...
demo.pcm not found, waiting...
demo.pcm not found, waiting...
demo.pcm not found, waiting...
demo.pcm not found, waiting...
demo.pcm not found, waiting...
demo.pcm not found, waiting...
demo.pcm not found, waiting...
demo.pcm not found, waiting...
demo.pcm not found, waiting...
demo.pcm not found, waiting...
demo.pcm not found, waiting...
demo.pcm not found, waiting...
demo.pcm not found, waiting...
demo.pcm not found, waiting...
demo.pcm not found, waiting...
demo.pcm not found, waiting...
demo.pcm not found, waiting...
demo.pcm not found, waiting...
demo.pcm not found, waiting...
demo.pcm not found, waiting...
demo.pcm not found, waiting...
demo.pcm not found, waiting...
demo.pcm not found, waiting...
demo.pcm not found, waiting...
demo.pcm not found, waiting...
demo.pcm not found, waiting...
demo.pcm not found, waiting...
demo.pcm not found, waiting...
demo.pcm not found, waiting...
demo.pcm not found, waiting...
demo.pcm not found, waiting...
demo.pcm not found, waiting...
demo.pcm not found, waiting...
demo.pcm not found, waiting...
demo.pcm not found, waiting...
demo.pcm not found, waiting...
demo.pcm not found, waiting...
demo.pcm not found, waiting...
demo.pcm not found, waiting...
demo.pcm not found, waiting...
demo.pcm not found, waiting...
demo.pcm not found, waiting...
demo.pcm not found, waiting...
demo.pcm not found, waiting...
demo.pcm not found, waiting...
demo.pcm not found, waiting...
demo.pcm not found, waiting...
demo.pcm not found, waiting...
demo.pcm not found, waiting...
demo.pcm not found, waiting...
demo.pcm not found, waiting...
demo.pcm not found, waiting...
demo.pcm not found, waiting...
demo.pcm not found, waiting...
demo.pcm not found, waiting...
demo.pcm not found, waiting...
demo.pcm not found, waiting...
demo.pcm not found, waiting...
demo.pcm not found, waiting...
demo.pcm not found, waiting...
demo.pcm not found, waiting...
demo.pcm not found, waiting...
demo.pcm not found, waiting...
demo.pcm not found, waiting...
demo.pcm not found, waiting...
demo.pcm not found, waiting...
demo.pcm not found, waiting...
demo.pcm not found, waiting...
demo.pcm not found, waiting...
demo.pcm not found, waiting...
demo.pcm not found, waiting...
demo.pcm not found, waiting...
demo.pcm not found, waiting...
demo.pcm not found, waiting...
demo.pcm not found, waiting...
demo.pcm not found, waiting...
demo.pcm not found, waiting...
demo.pcm not found, waiting...
demo.pcm not found, waiting...
demo.pcm not found, waiting...
demo.pcm not found, waiting...
demo.pcm not found, waiting...
demo.pcm not found, waiting...
demo.pcm not found, waiting...
demo.pcm not found, waiting...
demo.pcm not found, waiting...
demo.pcm not found, waiting...
demo.pcm not found, waiting...
demo.pcm not found, waiting...
demo.pcm not found, waiting...
demo.pcm not found, waiting...
demo.pcm not found, waiting...
demo.pcm not found, waiting...
demo.pcm not found, waiting...
demo.pcm not found, waiting...
demo.pcm not found, waiting...
demo.pcm not found, waiting...
demo.pcm not found, waiting...
demo.pcm not found, waiting...
demo.pcm not found, waiting...
demo.pcm not found, waiting...
demo.pcm not found, waiting...
demo.pcm not found, waiting...
demo.pcm not found, waiting...
demo.pcm not found, waiting...
demo.pcm not found, waiting...
demo.pcm not found, waiting...
demo.pcm not found, waiting...
demo.pcm not found, waiting...
demo.pcm not found, waiting...
demo.pcm not found, waiting...
demo.pcm not found, waiting...
demo.pcm not found, waiting...
demo.pcm not found, waiting...
demo.pcm not found, waiting...
demo.pcm not found, waiting...
demo.pcm not found, waiting...
demo.pcm not found, waiting...
demo.pcm not found, waiting...
demo.pcm not found, waiting...
demo.pcm not found, waiting...
demo.pcm not found, waiting...
demo.pcm not found, waiting...
demo.pcm not found, waiting...
demo.pcm not found, waiting...
demo.pcm not found, waiting...
demo.pcm not found, waiting...
demo.pcm not found, waiting...
demo.pcm not found, waiting...
demo.pcm not found, waiting...
demo.pcm not found, waiting...
demo.pcm not found, waiting...
demo.pcm not found, waiting...
demo.pcm not found, waiting...
demo.pcm not found, waiting...
demo.pcm not found, waiting...
demo.pcm not found, waiting...
demo.pcm not found, waiting...
demo.pcm not found, waiting...
demo.pcm not found, waiting...
demo.pcm not found, waiting...
demo.pcm not found, waiting...
demo.pcm not found, waiting...
demo.pcm not found, waiting...
demo.pcm not found, waiting...
demo.pcm not found, waiting...
demo.pcm not found, waiting...
demo.pcm not found, waiting...
demo.pcm not found, waiting...
demo.pcm not found, waiting...
demo.pcm not found, waiting...
demo.pcm not found, waiting...
demo.pcm not found, waiting...
demo.pcm not found, waiting...
demo.pcm not found, waiting...
demo.pcm not found, waiting...
demo.pcm not found, waiting...
demo.pcm not found, waiting...
demo.pcm not found, waiting...
demo.pcm not found, waiting...
demo.pcm not found, waiting...
demo.pcm not found, waiting...
demo.pcm not found, waiting...
demo.pcm not found, waiting...
demo.pcm not found, waiting...
demo.pcm not found, waiting...
demo.pcm not found, waiting...
demo.pcm not found, waiting...
demo.pcm not found, waiting...
demo.pcm not found, waiting...
demo.pcm not found, waiting...
demo.pcm not found, waiting...
demo.pcm not found, waiting...
demo.pcm not found, waiting...
demo.pcm not found, waiting...
demo.pcm not found, waiting...
demo.pcm not found, waiting...
demo.pcm not found, waiting...
demo.pcm not found, waiting...
demo.pcm not found, waiting...
demo.pcm not found, waiting...
demo.pcm not found, waiting...
demo.pcm not found, waiting...
demo.pcm not found, waiting...
demo.pcm not found, waiting...
demo.pcm not found, waiting...
demo.pcm not found, waiting...
demo.pcm not found, waiting...
demo.pcm not found, waiting...
demo.pcm not found, waiting...
demo.pcm not found, waiting...
demo.pcm not found, waiting...
demo.pcm not found, waiting...
demo.pcm not found, waiting...
demo.pcm not found, waiting...
demo.pcm not found, waiting...
demo.pcm not found, waiting...
demo.pcm not found, waiting...
demo.pcm not found, waiting...
demo.pcm not found, waiting...
demo.pcm not found, waiting...
demo.pcm not found, waiting...
demo.pcm not found, waiting...
demo.pcm not found, waiting...
demo.pcm not found, waiting...
demo.pcm not found, waiting...
demo.pcm not found, waiting...
demo.pcm not found, waiting...
demo.pcm not found, waiting...
demo.pcm not found, waiting...
demo.pcm not found, waiting...
demo.pcm not found, waiting...
demo.pcm not found, waiting...
demo.pcm not found, waiting...
demo.pcm not found, waiting...
demo.pcm not found, waiting...
demo.pcm not found, waiting...
demo.pcm not found, waiting...
demo.pcm not found, waiting...
demo.pcm not found, waiting...
demo.pcm not found, waiting...
demo.pcm not found, waiting...
demo.pcm not found, waiting...
demo.pcm not found, waiting...
demo.pcm not found, waiting...
demo.pcm not found, waiting...
demo.pcm not found, waiting...
demo.pcm not found, waiting...
demo.pcm not found, waiting...
demo.pcm not found, waiting...
demo.pcm not found, waiting...
demo.pcm not found, waiting...
demo.pcm not found, waiting...
demo.pcm not found, waiting...
demo.pcm not found, waiting...
demo.pcm not found, waiting...
demo.pcm not found, waiting...
demo.pcm not found, waiting...
demo.pcm not found, waiting...
demo.pcm not found, waiting...
demo.pcm not found, waiting...
demo.pcm not found, waiting...
demo.pcm not found, waiting...
demo.pcm not found, waiting...
demo.pcm not found, waiting...
demo.pcm not found, waiting...
demo.pcm not found, waiting...
demo.pcm not found, waiting...
demo.pcm not found, waiting...
demo.pcm not found, waiting...
demo.pcm not found, waiting...
demo.pcm not found, waiting...
demo.pcm not found, waiting...
demo.pcm not found, waiting...
demo.pcm not found, waiting...
demo.pcm not found, waiting...
demo.pcm not found, waiting...
demo.pcm not found, waiting...
demo.pcm not found, waiting...
demo.pcm not found, waiting...
demo.pcm not found, waiting...
demo.pcm not found, waiting...
demo.pcm not found, waiting...
demo.pcm not found, waiting...
demo.pcm not found, waiting...
demo.pcm not found, waiting...
demo.pcm not found, waiting...
demo.pcm not found, waiting...
demo.pcm not found, waiting...
demo.pcm not found, waiting...
demo.pcm not found, waiting...
demo.pcm not found, waiting...
demo.pcm not found, waiting...
demo.pcm not found, waiting...
demo.pcm not found, waiting...
demo.pcm not found, waiting...
demo.pcm not found, waiting...
demo.pcm not found, waiting...
demo.pcm not found, waiting...
demo.pcm not found, waiting...
demo.pcm not found, waiting...
demo.pcm not found, waiting...
demo.pcm not found, waiting...
demo.pcm not found, waiting...
demo.pcm not found, waiting...
demo.pcm not found, waiting...
demo.pcm not found, waiting...
demo.pcm not found, waiting...
demo.pcm not found, waiting...
demo.pcm not found, waiting...
demo.pcm not found, waiting...
demo.pcm not found, waiting...
demo.pcm not found, waiting...
demo.pcm not found, waiting...
demo.pcm not found, waiting...
demo.pcm not found, waiting...
demo.pcm not found, waiting...
demo.pcm not found, waiting...
demo.pcm not found, waiting...
demo.pcm not found, waiting...
demo.pcm not found, waiting...
demo.pcm not found, waiting...
demo.pcm not found, waiting...
demo.pcm not found, waiting...
demo.pcm not found, waiting...
demo.pcm not found, waiting...
demo.pcm not found, waiting...
demo.pcm not found, waiting...
demo.pcm not found, waiting...
demo.pcm not found, waiting...
demo.pcm not found, waiting...
demo.pcm not found, waiting...
demo.pcm not found, waiting...
demo.pcm not found, waiting...
demo.pcm not found, waiting...
demo.pcm not found, waiting...
demo.pcm not found, waiting...
demo.pcm not found, waiting...
demo.pcm not found, waiting...
demo.pcm not found, waiting...
demo.pcm not found, waiting...
demo.pcm not found, waiting...
demo.pcm not found, waiting...
demo.pcm not found, waiting...
demo.pcm not found, waiting...
demo.pcm not found, waiting...
demo.pcm not found, waiting...
demo.pcm not found, waiting...
demo.pcm not found, waiting...
demo.pcm not found, waiting...
demo.pcm not found, waiting...
demo.pcm not found, waiting...
demo.pcm not found, waiting...
demo.pcm not found, waiting...
demo.pcm not found, waiting...
demo.pcm not found, waiting...
demo.pcm not found, waiting...
demo.pcm not found, waiting...
demo.pcm not found, waiting...
demo.pcm not found, waiting...
demo.pcm not found, waiting...
demo.pcm not found, waiting...
demo.pcm not found, waiting...
demo.pcm not found, waiting...
demo.pcm not found, waiting...
demo.pcm not found, waiting...
demo.pcm not found, waiting...
demo.pcm not found, waiting...
demo.pcm not found, waiting...
demo.pcm not found, waiting...
demo.pcm not found, waiting...
demo.pcm not found, waiting...
demo.pcm not found, waiting...
demo.pcm not found, waiting...
demo.pcm not found, waiting...
demo.pcm not found, waiting...
demo.pcm not found, waiting...
demo.pcm not found, waiting...
demo.pcm not found, waiting...
demo.pcm not found, waiting...
demo.pcm not found, waiting...
demo.pcm not found, waiting...
demo.pcm not found, waiting...
demo.pcm not found, waiting...
demo.pcm not found, waiting...
demo.pcm not found, waiting...
demo.pcm not found, waiting...
demo.pcm not found, waiting...
demo.pcm not found, waiting...
demo.pcm not found, waiting...
demo.pcm not found, waiting...
demo.pcm not found, waiting...
demo.pcm not found, waiting...
demo.pcm not found, waiting...
demo.pcm not found, waiting...
demo.pcm not found, waiting...
demo.pcm not found, waiting...
demo.pcm not found, waiting...
demo.pcm not found, waiting...
demo.pcm not found, waiting...
demo.pcm not found, waiting...
demo.pcm not found, waiting...
demo.pcm not found, waiting...
demo.pcm not found, waiting...
demo.pcm not found, waiting...
demo.pcm not found, waiting...
demo.pcm not found, waiting...
demo.pcm not found, waiting...
demo.pcm not found, waiting...
demo.pcm not found, waiting...
demo.pcm not found, waiting...
demo.pcm not found, waiting...
demo.pcm not found, waiting...
demo.pcm not found, waiting...
demo.pcm not found, waiting...
demo.pcm not found, waiting...
demo.pcm not found, waiting...
demo.pcm not found, waiting...
demo.pcm not found, waiting...
demo.pcm not found, waiting...
demo.pcm not found, waiting...
demo.pcm not found, waiting...
demo.pcm not found, waiting...
demo.pcm not found, waiting...
demo.pcm not found, waiting...
demo.pcm not found, waiting...
demo.pcm not found, waiting...
demo.pcm not found, waiting...
demo.pcm not found, waiting...
demo.pcm not found, waiting...
demo.pcm not found, waiting...
demo.pcm not found, waiting...
demo.pcm not found, waiting...
demo.pcm not found, waiting...
demo.pcm not found, waiting...
demo.pcm not found, waiting...
demo.pcm not found, waiting...
demo.pcm not found, waiting...
demo.pcm not found, waiting...
demo.pcm not found, waiting...
demo.pcm not found, waiting...
demo.pcm not found, waiting...
demo.pcm not found, waiting...
demo.pcm not found, waiting...
demo.pcm not found, waiting...
demo.pcm not found, waiting...
demo.pcm not found, waiting...
demo.pcm not found, waiting...
demo.pcm not found, waiting...
demo.pcm not found, waiting...
demo.pcm not found, waiting...
demo.pcm not found, waiting...
demo.pcm not found, waiting...
demo.pcm not found, waiting...
demo.pcm not found, waiting...
demo.pcm not found, waiting...
demo.pcm not found, waiting...
demo.pcm not found, waiting...
demo.pcm not found, waiting...
demo.pcm not found, waiting...
demo.pcm not found, waiting...
demo.pcm not found, waiting...
demo.pcm not found, waiting...
demo.pcm not found, waiting...
demo.pcm not found, waiting...
demo.pcm not found, waiting...
demo.pcm not found, waiting...
demo.pcm not found, waiting...
demo.pcm not found, waiting...
demo.pcm not found, waiting...
demo.pcm not found, waiting...
demo.pcm not found, waiting...
demo.pcm not found, waiting...
demo.pcm not found, waiting...
demo.pcm not found, waiting...
demo.pcm not found, waiting...
demo.pcm not found, waiting...
demo.pcm not found, waiting...
demo.pcm not found, waiting...
demo.pcm not found, waiting...
demo.pcm not found, waiting...
demo.pcm not found, waiting...
demo.pcm not found, waiting...
demo.pcm not found, waiting...
demo.pcm not found, waiting...
demo.pcm not found, waiting...
demo.pcm not found, waiting...
demo.pcm not found, waiting...
demo.pcm not found, waiting...
demo.pcm not found, waiting...
demo.pcm not found, waiting...
demo.pcm not found, waiting...
demo.pcm not found, waiting...
demo.pcm not found, waiting...
demo.pcm not found, waiting...
demo.pcm not found, waiting...
demo.pcm not found, waiting...
demo.pcm not found, waiting...
demo.pcm not found, waiting...
demo.pcm not found, waiting...
demo.pcm not found, waiting...
demo.pcm not found, waiting...
demo.pcm not found, waiting...
demo.pcm not found, waiting...
demo.pcm not found, waiting...
demo.pcm not found, waiting...
demo.pcm not found, waiting...
demo.pcm not found, waiting...
demo.pcm not found, waiting...
demo.pcm not found, waiting...
demo.pcm not found, waiting...
demo.pcm not found, waiting...
demo.pcm not found, waiting...
demo.pcm not found, waiting...
demo.pcm not found, waiting...
demo.pcm not found, waiting...
demo.pcm not found, waiting...
demo.pcm not found, waiting...
demo.pcm not found, waiting...
demo.pcm not found, waiting...
demo.pcm not found, waiting...
demo.pcm not found, waiting...
demo.pcm not found, waiting...
demo.pcm not found, waiting...
demo.pcm not found, waiting...
demo.pcm not found, waiting...
demo.pcm not found, waiting...
demo.pcm not found, waiting...
demo.pcm not found, waiting...
demo.pcm not found, waiting...
demo.pcm not found, waiting...
demo.pcm not found, waiting...
demo.pcm not found, waiting...
demo.pcm not found, waiting...
demo.pcm not found, waiting...
demo.pcm not found, waiting...
demo.pcm not found, waiting...
demo.pcm not found, waiting...
demo.pcm not found, waiting...
demo.pcm not found, waiting...
demo.pcm not found, waiting...
demo.pcm not found, waiting...
demo.pcm not found, waiting...
demo.pcm not found, waiting...
demo.pcm not found, waiting...
demo.pcm not found, waiting...
demo.pcm not found, waiting...
demo.pcm not found, waiting...
demo.pcm not found, waiting...
demo.pcm not found, waiting...
demo.pcm not found, waiting...
demo.pcm not found, waiting...
demo.pcm not found, waiting...
demo.pcm not found, waiting...
demo.pcm not found, waiting...
demo.pcm not found, waiting...
demo.pcm not found, waiting...
demo.pcm not found, waiting...
demo.pcm not found, waiting...
demo.pcm not found, waiting...
demo.pcm not found, waiting...
demo.pcm not found, waiting...
demo.pcm not found, waiting...
demo.pcm not found, waiting...
demo.pcm not found, waiting...
demo.pcm not found, waiting...
demo.pcm not found, waiting...
demo.pcm not found, waiting...
demo.pcm not found, waiting...
demo.pcm not found, waiting...
demo.pcm not found, waiting...
demo.pcm not found, waiting...
demo.pcm not found, waiting...
demo.pcm not found, waiting...
demo.pcm not found, waiting...
demo.pcm not found, waiting...
demo.pcm not found, waiting...
demo.pcm not found, waiting...
demo.pcm not found, waiting...
demo.pcm not found, waiting...
demo.pcm not found, waiting...
demo.pcm not found, waiting...
demo.pcm not found, waiting...
demo.pcm not found, waiting...
demo.pcm not found, waiting...
demo.pcm not found, waiting...
demo.pcm not found, waiting...
demo.pcm not found, waiting...
demo.pcm not found, waiting...
demo.pcm not found, waiting...
demo.pcm not found, waiting...
demo.pcm not found, waiting...
demo.pcm not found, waiting...
demo.pcm not found, waiting...
demo.pcm not found, waiting...
demo.pcm not found, waiting...
demo.pcm not found, waiting...
demo.pcm not found, waiting...
demo.pcm not found, waiting...
demo.pcm not found, waiting...
demo.pcm not found, waiting...
demo.pcm not found, waiting...
demo.pcm not found, waiting...
demo.pcm not found, waiting...
demo.pcm not found, waiting...
demo.pcm not found, waiting...
demo.pcm not found, waiting...
demo.pcm not found, waiting...
demo.pcm not found, waiting...
demo.pcm not found, waiting...
demo.pcm not found, waiting...
demo.pcm not found, waiting...
demo.pcm not found, waiting...
demo.pcm not found, waiting...
demo.pcm not found, waiting...
demo.pcm not found, waiting...
demo.pcm not found, waiting...
demo.pcm not found, waiting...
demo.pcm not found, waiting...
demo.pcm not found, waiting...
demo.pcm not found, waiting...
demo.pcm not found, waiting...
demo.pcm not found, waiting...
demo.pcm not found, waiting...
demo.pcm not found, waiting...
demo.pcm not found, waiting...
demo.pcm not found, waiting...
demo.pcm not found, waiting...
demo.pcm not found, waiting...
demo.pcm not found, waiting...
demo.pcm not found, waiting...
demo.pcm not found, waiting...
demo.pcm not found, waiting...
demo.pcm not found, waiting...
demo.pcm not found, waiting...
demo.pcm not found, waiting...
demo.pcm not found, waiting...
demo.pcm not found, waiting...
demo.pcm not found, waiting...
demo.pcm not found, waiting...
demo.pcm not found, waiting...
demo.pcm not found, waiting...
demo.pcm not found, waiting...
demo.pcm not found, waiting...
demo.pcm not found, waiting...
demo.pcm not found, waiting...
demo.pcm not found, waiting...
demo.pcm not found, waiting...
demo.pcm not found, waiting...
demo.pcm not found, waiting...
demo.pcm not found, waiting...
demo.pcm not found, waiting...
demo.pcm not found, waiting...
demo.pcm not found, waiting...
demo.pcm not found, waiting...
demo.pcm not found, waiting...
demo.pcm not found, waiting...
demo.pcm not found, waiting...
demo.pcm not found, waiting...
demo.pcm not found, waiting...
demo.pcm not found, waiting...
demo.pcm not found, waiting...
demo.pcm not found, waiting...
demo.pcm not found, waiting...
demo.pcm not found, waiting...
demo.pcm not found, waiting...
demo.pcm not found, waiting...
demo.pcm not found, waiting...
demo.pcm not found, waiting...
demo.pcm not found, waiting...
demo.pcm not found, waiting...
demo.pcm not found, waiting...
demo.pcm not found, waiting...
demo.pcm not found, waiting...
demo.pcm not found, waiting...
demo.pcm not found, waiting...
demo.pcm not found, waiting...
demo.pcm not found, waiting...
demo.pcm not found, waiting...
demo.pcm not found, waiting...
demo.pcm not found, waiting...
demo.pcm not found, waiting...
demo.pcm not found, waiting...
demo.pcm not found, waiting...
demo.pcm not found, waiting...
demo.pcm not found, waiting...
demo.pcm not found, waiting...
demo.pcm not found, waiting...
demo.pcm not found, waiting...
demo.pcm not found, waiting...
demo.pcm not found, waiting...
demo.pcm not found, waiting...
demo.pcm not found, waiting...
demo.pcm not found, waiting...
demo.pcm not found, waiting...
demo.pcm not found, waiting...
demo.pcm not found, waiting...
demo.pcm not found, waiting...
demo.pcm not found, waiting...
demo.pcm not found, waiting...
demo.pcm not found, waiting...
demo.pcm not found, waiting...
demo.pcm not found, waiting...
demo.pcm not found, waiting...
demo.pcm not found, waiting...
demo.pcm not found, waiting...
demo.pcm not found, waiting...
demo.pcm not found, waiting...
demo.pcm not found, waiting...
demo.pcm not found, waiting...
demo.pcm not found, waiting...
demo.pcm not found, waiting...
demo.pcm not found, waiting...
demo.pcm not found, waiting...
demo.pcm not found, waiting...
demo.pcm not found, waiting...
demo.pcm not found, waiting...
demo.pcm not found, waiting...
demo.pcm not found, waiting...
demo.pcm not found, waiting...
demo.pcm not found, waiting...
demo.pcm not found, waiting...
demo.pcm not found, waiting...
demo.pcm not found, waiting...
demo.pcm not found, waiting...
demo.pcm not found, waiting...
demo.pcm not found, waiting...
demo.pcm not found, waiting...
demo.pcm not found, waiting...
demo.pcm not found, waiting...
demo.pcm not found, waiting...
demo.pcm not found, waiting...
demo.pcm not found, waiting...
demo.pcm not found, waiting...
demo.pcm not found, waiting...
demo.pcm not found, waiting...
demo.pcm not found, waiting...
demo.pcm not found, waiting...
demo.pcm not found, waiting...
demo.pcm not found, waiting...
demo.pcm not found, waiting...
demo.pcm not found, waiting...
demo.pcm not found, waiting...
demo.pcm not found, waiting...
demo.pcm not found, waiting...
demo.pcm not found, waiting...
demo.pcm not found, waiting...
demo.pcm not found, waiting...
demo.pcm not found, waiting...
demo.pcm not found, waiting...
demo.pcm not found, waiting...
demo.pcm not found, waiting...
demo.pcm not found, waiting...
demo.pcm not found, waiting...
demo.pcm not found, waiting...
demo.pcm not found, waiting...
demo.pcm not found, waiting...
demo.pcm not found, waiting...
demo.pcm not found, waiting...
demo.pcm not found, waiting...
demo.pcm not found, waiting...
demo.pcm not found, waiting...
demo.pcm not found, waiting...
demo.pcm not found, waiting...
demo.pcm not found, waiting...
demo.pcm not found, waiting...
demo.pcm not found, waiting...
demo.pcm not found, waiting...
demo.pcm not found, waiting...
demo.pcm not found, waiting...
demo.pcm not found, waiting...
demo.pcm not found, waiting...
demo.pcm not found, waiting...
demo.pcm not found, waiting...
demo.pcm not found, waiting...
demo.pcm not found, waiting...
demo.pcm not found, waiting...
demo.pcm not found, waiting...
demo.pcm not found, waiting...
demo.pcm not found, waiting...
demo.pcm not found, waiting...
demo.pcm not found, waiting...
demo.pcm not found, waiting...
demo.pcm not found, waiting...
demo.pcm not found, waiting...
demo.pcm not found, waiting...
demo.pcm not found, waiting...
demo.pcm not found, waiting...
demo.pcm not found, waiting...
demo.pcm not found, waiting...
demo.pcm not found, waiting...
demo.pcm not found, waiting...
demo.pcm not found, waiting...
demo.pcm not found, waiting...
demo.pcm not found, waiting...
demo.pcm not found, waiting...
demo.pcm not found, waiting...
demo.pcm not found, waiting...
demo.pcm not found, waiting...
demo.pcm not found, waiting...
demo.pcm not found, waiting...
demo.pcm not found, waiting...
demo.pcm not found, waiting...
demo.pcm not found, waiting...
demo.pcm not found, waiting...
demo.pcm not found, waiting...
demo.pcm not found, waiting...
demo.pcm not found, waiting...
demo.pcm not found, waiting...
demo.pcm not found, waiting...
demo.pcm not found, waiting...
demo.pcm not found, waiting...
demo.pcm not found, waiting...
demo.pcm not found, waiting...
demo.pcm not found, waiting...
demo.pcm not found, waiting...
demo.pcm not found, waiting...
demo.pcm not found, waiting...
demo.pcm not found, waiting...
demo.pcm not found, waiting...
demo.pcm not found, waiting...
demo.pcm not found, waiting...
demo.pcm not found, waiting...
demo.pcm not found, waiting...
demo.pcm not found, waiting...
demo.pcm not found, waiting...
demo.pcm not found, waiting...
demo.pcm not found, waiting...
demo.pcm not found, waiting...
demo.pcm not found, waiting...
demo.pcm not found, waiting...
demo.pcm not found, waiting...
demo.pcm not found, waiting...
demo.pcm not found, waiting...
demo.pcm not found, waiting...
demo.pcm not found, waiting...
demo.pcm not found, waiting...
demo.pcm not found, waiting...
demo.pcm not found, waiting...
demo.pcm not found, waiting...
demo.pcm not found, waiting...
demo.pcm not found, waiting...
demo.pcm not found, waiting...
demo.pcm not found, waiting...
demo.pcm not found, waiting...
demo.pcm not found, waiting...
demo.pcm not found, waiting...
demo.pcm not found, waiting...
demo.pcm not found, waiting...
demo.pcm not found, waiting...
demo.pcm not found, waiting...
demo.pcm not found, waiting...
demo.pcm not found, waiting...
demo.pcm not found, waiting...
demo.pcm not found, waiting...
demo.pcm not found, waiting...
demo.pcm not found, waiting...
demo.pcm not found, waiting...
demo.pcm not found, waiting...
demo.pcm not found, waiting...
demo.pcm not found, waiting...
demo.pcm not found, waiting...
demo.pcm not found, waiting...
demo.pcm not found, waiting...
demo.pcm not found, waiting...
demo.pcm not found, waiting...
demo.pcm not found, waiting...
demo.pcm not found, waiting...
demo.pcm not found, waiting...
demo.pcm not found, waiting...
demo.pcm not found, waiting...
demo.pcm not found, waiting...
demo.pcm not found, waiting...
demo.pcm not found, waiting...
demo.pcm not found, waiting...
demo.pcm not found, waiting...
demo.pcm not found, waiting...
demo.pcm not found, waiting...
demo.pcm not found, waiting...
demo.pcm not found, waiting...
demo.pcm not found, waiting...
demo.pcm not found, waiting...
demo.pcm not found, waiting...
demo.pcm not found, waiting...
demo.pcm not found, waiting...
demo.pcm not found, waiting...
demo.pcm not found, waiting...
demo.pcm not found, waiting...
demo.pcm not found, waiting...
demo.pcm not found, waiting...
demo.pcm not found, waiting...
demo.pcm not found, waiting...
demo.pcm not found, waiting...
demo.pcm not found, waiting...
demo.pcm not found, waiting...
demo.pcm not found, waiting...
demo.pcm not found, waiting...
demo.pcm not found, waiting...
demo.pcm not found, waiting...
demo.pcm not found, waiting...
demo.pcm not found, waiting...
demo.pcm not found, waiting...
demo.pcm not found, waiting...
demo.pcm not found, waiting...
demo.pcm not found, waiting...
demo.pcm not found, waiting...
demo.pcm not found, waiting...
demo.pcm not found, waiting...
demo.pcm not found, waiting...
demo.pcm not found, waiting...
demo.pcm not found, waiting...
demo.pcm not found, waiting...
demo.pcm not found, waiting...
demo.pcm not found, waiting...
demo.pcm not found, waiting...
demo.pcm not found, waiting...
demo.pcm not found, waiting...
demo.pcm not found, waiting...
demo.pcm not found, waiting...
demo.pcm not found, waiting...
demo.pcm not found, waiting...
demo.pcm not found, waiting...
demo.pcm not found, waiting...
demo.pcm not found, waiting...
demo.pcm not found, waiting...
demo.pcm not found, waiting...
demo.pcm not found, waiting...
demo.pcm not found, waiting...
demo.pcm not found, waiting...
demo.pcm not found, waiting...
demo.pcm not found, waiting...
demo.pcm not found, waiting...
demo.pcm not found, waiting...
demo.pcm not found, waiting...
demo.pcm not found, waiting...
demo.pcm not found, waiting...
demo.pcm not found, waiting...
demo.pcm not found, waiting...
demo.pcm not found, waiting...
demo.pcm not found, waiting...
demo.pcm not found, waiting...
demo.pcm not found, waiting...
demo.pcm not found, waiting...
demo.pcm not found, waiting...
demo.pcm not found, waiting...
demo.pcm not found, waiting...
demo.pcm not found, waiting...
demo.pcm not found, waiting...
demo.pcm not found, waiting...
demo.pcm not found, waiting...
demo.pcm not found, waiting...
demo.pcm not found, waiting...
demo.pcm not found, waiting...
demo.pcm not found, waiting...
demo.pcm not found, waiting...
demo.pcm not found, waiting...
demo.pcm not found, waiting...
demo.pcm not found, waiting...
demo.pcm not found, waiting...
demo.pcm not found, waiting...
demo.pcm not found, waiting...
demo.pcm not found, waiting...
demo.pcm not found, waiting...
demo.pcm not found, waiting...
demo.pcm not found, waiting...
demo.pcm not found, waiting...
demo.pcm not found, waiting...
demo.pcm not found, waiting...
demo.pcm not found, waiting...
demo.pcm not found, waiting...
demo.pcm not found, waiting...
demo.pcm not found, waiting...
demo.pcm not found, waiting...
demo.pcm not found, waiting...
demo.pcm not found, waiting...
demo.pcm not found, waiting...
demo.pcm not found, waiting...
demo.pcm not found, waiting...
demo.pcm not found, waiting...
demo.pcm not found, waiting...
demo.pcm not found, waiting...
demo.pcm not found, waiting...
demo.pcm not found, waiting...
demo.pcm not found, waiting...
demo.pcm not found, waiting...
demo.pcm not found, waiting...
demo.pcm not found, waiting...
demo.pcm not found, waiting...
demo.pcm not found, waiting...
demo.pcm not found, waiting...
demo.pcm not found, waiting...
demo.pcm not found, waiting...
demo.pcm not found, waiting...
demo.pcm not found, waiting...
demo.pcm not found, waiting...
demo.pcm not found, waiting...
demo.pcm not found, waiting...
demo.pcm not found, waiting...
demo.pcm not found, waiting...
demo.pcm not found, waiting...
demo.pcm not found, waiting...
demo.pcm not found, waiting...
demo.pcm not found, waiting...
demo.pcm not found, waiting...
demo.pcm not found, waiting...
demo.pcm not found, waiting...
demo.pcm not found, waiting...
demo.pcm not found, waiting...
demo.pcm not found, waiting...
demo.pcm not found, waiting...
demo.pcm not found, waiting...
demo.pcm not found, waiting...
demo.pcm not found, waiting...
demo.pcm not found, waiting...
demo.pcm not found, waiting...
demo.pcm not found, waiting...
demo.pcm not found, waiting...
demo.pcm not found, waiting...
demo.pcm not found, waiting...
demo.pcm not found, waiting...
demo.pcm not found, waiting...
demo.pcm not found, waiting...
demo.pcm not found, waiting...
demo.pcm not found, waiting...
demo.pcm not found, waiting...
demo.pcm not found, waiting...
demo.pcm not found, waiting...
demo.pcm not found, waiting...
demo.pcm not found, waiting...
demo.pcm not found, waiting...
demo.pcm not found, waiting...
demo.pcm not found, waiting...
demo.pcm not found, waiting...
demo.pcm not found, waiting...
demo.pcm not found, waiting...
demo.pcm not found, waiting...
demo.pcm not found, waiting...
demo.pcm not found, waiting...
demo.pcm not found, waiting...
demo.pcm not found, waiting...
demo.pcm not found, waiting...
demo.pcm not found, waiting...
demo.pcm not found, waiting...
demo.pcm not found, waiting...
demo.pcm not found, waiting...
demo.pcm not found, waiting...
demo.pcm not found, waiting...
demo.pcm not found, waiting...
demo.pcm not found, waiting...
demo.pcm not found, waiting...
demo.pcm not found, waiting...
demo.pcm not found, waiting...
demo.pcm not found, waiting...
demo.pcm not found, waiting...
demo.pcm not found, waiting...
demo.pcm not found, waiting...
demo.pcm not found, waiting...
demo.pcm not found, waiting...
demo.pcm not found, waiting...
demo.pcm not found, waiting...
demo.pcm not found, waiting...
demo.pcm not found, waiting...
demo.pcm not found, waiting...
demo.pcm not found, waiting...
demo.pcm not found, waiting...
demo.pcm not found, waiting...
demo.pcm not found, waiting...
demo.pcm not found, waiting...
demo.pcm not found, waiting...
demo.pcm not found, waiting...
demo.pcm not found, waiting...
demo.pcm not found, waiting...
demo.pcm not found, waiting...
demo.pcm not found, waiting...
demo.pcm not found, waiting...
demo.pcm not found, waiting...
demo.pcm not found, waiting...
demo.pcm not found, waiting...
demo.pcm not found, waiting...
demo.pcm not found, waiting...
demo.pcm not found, waiting...
demo.pcm not found, waiting...
demo.pcm not found, waiting...
demo.pcm not found, waiting...
demo.pcm not found, waiting...
demo.pcm not found, waiting...
demo.pcm not found, waiting...
demo.pcm not found, waiting...
demo.pcm not found, waiting...
demo.pcm not found, waiting...
demo.pcm not found, waiting...
demo.pcm not found, waiting...
demo.pcm not found, waiting...
demo.pcm not found, waiting...
demo.pcm not found, waiting...
demo.pcm not found, waiting...
demo.pcm not found, waiting...
demo.pcm not found, waiting...
demo.pcm not found, waiting...
demo.pcm not found, waiting...
demo.pcm not found, waiting...
demo.pcm not found, waiting...
demo.pcm not found, waiting...
demo.pcm not found, waiting...
demo.pcm not found, waiting...
demo.pcm not found, waiting...
demo.pcm not found, waiting...
demo.pcm not found, waiting...
demo.pcm not found, waiting...
demo.pcm not found, waiting...
demo.pcm not found, waiting...
demo.pcm not found, waiting...
demo.pcm not found, waiting...
demo.pcm not found, waiting...
demo.pcm not found, waiting...
demo.pcm not found, waiting...
demo.pcm not found, waiting...
demo.pcm not found, waiting...
demo.pcm not found, waiting...
demo.pcm not found, waiting...
demo.pcm not found, waiting...
demo.pcm not found, waiting...
demo.pcm not found, waiting...
demo.pcm not found, waiting...
demo.pcm not found, waiting...
demo.pcm not found, waiting...
demo.pcm not found, waiting...
demo.pcm not found, waiting...
demo.pcm not found, waiting...
demo.pcm not found, waiting...
demo.pcm not found, waiting...
demo.pcm not found, waiting...
demo.pcm not found, waiting...
demo.pcm not found, waiting...
demo.pcm not found, waiting...
demo.pcm not found, waiting...
demo.pcm not found, waiting...
demo.pcm not found, waiting...
demo.pcm not found, waiting...
demo.pcm not found, waiting...
demo.pcm not found, waiting...
demo.pcm not found, waiting...
demo.pcm not found, waiting...
demo.pcm not found, waiting...
demo.pcm not found, waiting...
demo.pcm not found, waiting...
demo.pcm not found, waiting...
demo.pcm not found, waiting...
demo.pcm not found, waiting...
demo.pcm not found, waiting...
demo.pcm not found, waiting...
demo.pcm not found, waiting...
demo.pcm not found, waiting...
demo.pcm not found, waiting...
demo.pcm not found, waiting...
demo.pcm not found, waiting...
demo.pcm not found, waiting...
demo.pcm not found, waiting...
demo.pcm not found, waiting...
demo.pcm not found, waiting...
demo.pcm not found, waiting...
demo.pcm not found, waiting...
demo.pcm not found, waiting...
demo.pcm not found, waiting...
demo.pcm not found, waiting...
demo.pcm not found, waiting...
demo.pcm not found, waiting...
demo.pcm not found, waiting...
demo.pcm not found, waiting...
demo.pcm not found, waiting...
demo.pcm not found, waiting...
demo.pcm not found, waiting...
demo.pcm not found, waiting...
demo.pcm not found, waiting...
demo.pcm not found, waiting...
demo.pcm not found, waiting...
demo.pcm not found, waiting...
demo.pcm not found, waiting...
demo.pcm not found, waiting...
demo.pcm not found, waiting...
demo.pcm not found, waiting...
demo.pcm not found, waiting...
demo.pcm not found, waiting...
demo.pcm not found, waiting...
demo.pcm not found, waiting...
demo.pcm not found, waiting...
demo.pcm not found, waiting...
demo.pcm not found, waiting...
demo.pcm not found, waiting...
demo.pcm not found, waiting...
demo.pcm not found, waiting...
demo.pcm not found, waiting...
demo.pcm not found, waiting...
demo.pcm not found, waiting...
demo.pcm not found, waiting...
demo.pcm not found, waiting...
demo.pcm not found, waiting...
demo.pcm not found, waiting...
demo.pcm not found, waiting...
demo.pcm not found, waiting...
demo.pcm not found, waiting...
demo.pcm not found, waiting...
demo.pcm not found, waiting...
demo.pcm not found, waiting...
demo.pcm not found, waiting...
demo.pcm not found, waiting...
demo.pcm not found, waiting...
demo.pcm not found, waiting...
demo.pcm not found, waiting...
demo.pcm not found, waiting...
demo.pcm not found, waiting...
demo.pcm not found, waiting...
demo.pcm not found, waiting...
demo.pcm not found, waiting...
demo.pcm not found, waiting...
demo.pcm not found, waiting...
demo.pcm not found, waiting...
demo.pcm not found, waiting...
demo.pcm not found, waiting...
demo.pcm not found, waiting...
demo.pcm not found, waiting...
demo.pcm not found, waiting...
demo.pcm not found, waiting...
demo.pcm not found, waiting...
demo.pcm not found, waiting...
demo.pcm not found, waiting...
demo.pcm not found, waiting...
demo.pcm not found, waiting...
demo.pcm not found, waiting...
demo.pcm not found, waiting...
demo.pcm not found, waiting...
demo.pcm not found, waiting...
demo.pcm not found, waiting...
demo.pcm not found, waiting...
demo.pcm not found, waiting...
demo.pcm not found, waiting...
demo.pcm not found, waiting...
demo.pcm not found, waiting...
demo.pcm not found, waiting...
demo.pcm not found, waiting...
demo.pcm not found, waiting...
demo.pcm not found, waiting...
demo.pcm not found, waiting...
demo.pcm not found, waiting...
demo.pcm not found, waiting...
demo.pcm not found, waiting...
demo.pcm not found, waiting...
demo.pcm not found, waiting...
demo.pcm not found, waiting...
demo.pcm not found, waiting...
demo.pcm not found, waiting...
demo.pcm not found, waiting...
demo.pcm not found, waiting...
demo.pcm not found, waiting...
demo.pcm not found, waiting...
demo.pcm not found, waiting...
demo.pcm not found, waiting...
demo.pcm not found, waiting...
demo.pcm not found, waiting...
demo.pcm not found, waiting...
demo.pcm not found, waiting...
demo.pcm not found, waiting...
demo.pcm not found, waiting...
demo.pcm not found, waiting...
demo.pcm not found, waiting...
demo.pcm not found, waiting...
demo.pcm not found, waiting...
demo.pcm not found, waiting...
demo.pcm not found, waiting...
demo.pcm not found, waiting...
demo.pcm not found, waiting...
demo.pcm not found, waiting...
demo.pcm not found, waiting...
demo.pcm not found, waiting...
demo.pcm not found, waiting...
demo.pcm not found, waiting...
demo.pcm not found, waiting...
demo.pcm not found, waiting...
demo.pcm not found, waiting...
demo.pcm not found, waiting...
demo.pcm not found, waiting...
demo.pcm not found, waiting...
demo.pcm not found, waiting...
demo.pcm not found, waiting...
demo.pcm not found, waiting...
demo.pcm not found, waiting...
demo.pcm not found, waiting...
demo.pcm not found, waiting...
demo.pcm not found, waiting...
demo.pcm not found, waiting...
demo.pcm not found, waiting...
demo.pcm not found, waiting...
demo.pcm not found, waiting...
demo.pcm not found, waiting...
demo.pcm not found, waiting...
demo.pcm not found, waiting...
demo.pcm not found, waiting...
demo.pcm not found, waiting...
demo.pcm not found, waiting...
demo.pcm not found, waiting...
demo.pcm not found, waiting...
demo.pcm not found, waiting...
demo.pcm not found, waiting...
demo.pcm not found, waiting...
demo.pcm not found, waiting...
demo.pcm not found, waiting...
demo.pcm not found, waiting...
demo.pcm not found, waiting...
demo.pcm not found, waiting...
demo.pcm not found, waiting...
demo.pcm not found, waiting...
demo.pcm not found, waiting...
demo.pcm not found, waiting...
demo.pcm not found, waiting...
demo.pcm not found, waiting...
demo.pcm not found, waiting...
demo.pcm not found, waiting...
demo.pcm not found, waiting...
demo.pcm not found, waiting...
demo.pcm not found, waiting...
demo.pcm not found, waiting...
demo.pcm not found, waiting...
demo.pcm not found, waiting...
demo.pcm not found, waiting...
demo.pcm not found, waiting...
demo.pcm not found, waiting...
demo.pcm not found, waiting...
demo.pcm not found, waiting...
demo.pcm not found, waiting...
demo.pcm not found, waiting...
demo.pcm not found, waiting...
demo.pcm not found, waiting...
demo.pcm not found, waiting...
demo.pcm not found, waiting...
demo.pcm not found, waiting...
demo.pcm not found, waiting...
demo.pcm not found, waiting...
demo.pcm not found, waiting...
demo.pcm not found, waiting...
demo.pcm not found, waiting...
demo.pcm not found, waiting...
demo.pcm not found, waiting...
demo.pcm not found, waiting...
demo.pcm not found, waiting...
demo.pcm not found, waiting...
demo.pcm not found, waiting...
demo.pcm not found, waiting...
demo.pcm not found, waiting...
demo.pcm not found, waiting...
demo.pcm not found, waiting...
demo.pcm not found, waiting...
demo.pcm not found, waiting...
demo.pcm not found, waiting...
demo.pcm not found, waiting...
demo.pcm not found, waiting...
demo.pcm not found, waiting...
demo.pcm not found, waiting...
demo.pcm not found, waiting...
demo.pcm not found, waiting...
demo.pcm not found, waiting...
demo.pcm not found, waiting...
demo.pcm not found, waiting...
demo.pcm not found, waiting...
demo.pcm not found, waiting...
demo.pcm not found, waiting...
demo.pcm not found, waiting...
demo.pcm not found, waiting...
demo.pcm not found, waiting...
demo.pcm not found, waiting...
demo.pcm not found, waiting...
demo.pcm not found, waiting...
demo.pcm not found, waiting...
demo.pcm not found, waiting...
demo.pcm not found, waiting...
demo.pcm not found, waiting...
demo.pcm not found, waiting...
demo.pcm not found, waiting...
demo.pcm not found, waiting...
demo.pcm not found, waiting...
demo.pcm not found, waiting...
demo.pcm not found, waiting...
demo.pcm not found, waiting...
demo.pcm not found, waiting...
demo.pcm not found, waiting...
demo.pcm not found, waiting...
demo.pcm not found, waiting...
demo.pcm not found, waiting...
demo.pcm not found, waiting...
demo.pcm not found, waiting...
demo.pcm not found, waiting...
demo.pcm not found, waiting...
demo.pcm not found, waiting...
demo.pcm not found, waiting...
demo.pcm not found, waiting...
demo.pcm not found, waiting...
demo.pcm not found, waiting...
demo.pcm not found, waiting...
demo.pcm not found, waiting...
demo.pcm not found, waiting...
demo.pcm not found, waiting...
demo.pcm not found, waiting...
demo.pcm not found, waiting...
demo.pcm not found, waiting...
demo.pcm not found, waiting...
demo.pcm not found, waiting...
demo.pcm not found, waiting...
demo.pcm not found, waiting...
demo.pcm not found, waiting...
demo.pcm not found, waiting...
demo.pcm not found, waiting...
demo.pcm not found, waiting...
demo.pcm not found, waiting...
demo.pcm not found, waiting...
demo.pcm not found, waiting...
demo.pcm not found, waiting...
demo.pcm not found, waiting...
demo.pcm not found, waiting...
demo.pcm not found, waiting...
demo.pcm not found, waiting...
demo.pcm not found, waiting...
demo.pcm not found, waiting...
demo.pcm not found, waiting...
demo.pcm not found, waiting...
demo.pcm not found, waiting...
demo.pcm not found, waiting...
demo.pcm not found, waiting...
demo.pcm not found, waiting...
demo.pcm not found, waiting...
demo.pcm not found, waiting...
demo.pcm not found, waiting...
demo.pcm not found, waiting...
demo.pcm not found, waiting...
demo.pcm not found, waiting...
demo.pcm not found, waiting...
demo.pcm not found, waiting...
demo.pcm not found, waiting...
demo.pcm not found, waiting...
demo.pcm not found, waiting...
demo.pcm not found, waiting...
demo.pcm not found, waiting...
demo.pcm not found, waiting...
demo.pcm not found, waiting...
demo.pcm not found, waiting...
demo.pcm not found, waiting...
demo.pcm not found, waiting...
demo.pcm not found, waiting...
demo.pcm not found, waiting...
demo.pcm not found, waiting...
demo.pcm not found, waiting...
demo.pcm not found, waiting...
demo.pcm not found, waiting...
demo.pcm not found, waiting...
demo.pcm not found, waiting...
demo.pcm not found, waiting...
demo.pcm not found, waiting...
demo.pcm not found, waiting...
demo.pcm not found, waiting...
demo.pcm not found, waiting...
demo.pcm not found, waiting...
demo.pcm not found, waiting...
demo.pcm not found, waiting...
demo.pcm not found, waiting...
demo.pcm not found, waiting...
demo.pcm not found, waiting...
demo.pcm not found, waiting...
demo.pcm not found, waiting...
demo.pcm not found, waiting...
demo.pcm not found, waiting...
demo.pcm not found, waiting...
demo.pcm not found, waiting...
demo.pcm not found, waiting...
demo.pcm not found, waiting...
demo.pcm not found, waiting...
demo.pcm not found, waiting...
demo.pcm not found, waiting...
demo.pcm not found, waiting...
demo.pcm not found, waiting...
demo.pcm not found, waiting...
demo.pcm not found, waiting...
demo.pcm not found, waiting...
demo.pcm not found, waiting...
demo.pcm not found, waiting...
demo.pcm not found, waiting...
demo.pcm not found, waiting...
demo.pcm not found, waiting...
demo.pcm not found, waiting...
demo.pcm not found, waiting...
demo.pcm not found, waiting...
demo.pcm not found, waiting...
demo.pcm not found, waiting...
demo.pcm not found, waiting...
demo.pcm not found, waiting...
demo.pcm not found, waiting...
demo.pcm not found, waiting...
demo.pcm not found, waiting...
demo.pcm not found, waiting...
demo.pcm not found, waiting...
demo.pcm not found, waiting...
demo.pcm not found, waiting...
demo.pcm not found, waiting...
demo.pcm not found, waiting...
demo.pcm not found, waiting...
demo.pcm not found, waiting...
demo.pcm not found, waiting...
demo.pcm not found, waiting...
demo.pcm not found, waiting...
demo.pcm not found, waiting...
demo.pcm not found, waiting...
demo.pcm not found, waiting...
demo.pcm not found, waiting...
demo.pcm not found, waiting...
demo.pcm not found, waiting...
demo.pcm not found, waiting...
demo.pcm not found, waiting...
demo.pcm not found, waiting...
demo.pcm not found, waiting...
demo.pcm not found, waiting...
demo.pcm not found, waiting...
demo.pcm not found, waiting...
demo.pcm not found, waiting...
demo.pcm not found, waiting...
demo.pcm not found, waiting...
demo.pcm not found, waiting...
demo.pcm not found, waiting...
demo.pcm not found, waiting...
demo.pcm not found, waiting...
demo.pcm not found, waiting...
demo.pcm not found, waiting...
demo.pcm not found, waiting...
demo.pcm not found, waiting...
demo.pcm not found, waiting...
demo.pcm not found, waiting...
demo.pcm not found, waiting...
demo.pcm not found, waiting...
demo.pcm not found, waiting...
demo.pcm not found, waiting...
demo.pcm not found, waiting...
demo.pcm not found, waiting...
demo.pcm not found, waiting...
demo.pcm not found, waiting...
demo.pcm not found, waiting...
demo.pcm not found, waiting...
demo.pcm not found, waiting...
demo.pcm not found, waiting...
demo.pcm not found, waiting...
demo.pcm not found, waiting...
demo.pcm not found, waiting...
demo.pcm not found, waiting...
demo.pcm not found, waiting...
demo.pcm not found, waiting...
demo.pcm not found, waiting...
demo.pcm not found, waiting...
demo.pcm not found, waiting...
demo.pcm not found, waiting...
demo.pcm not found, waiting...
demo.pcm not found, waiting...
demo.pcm not found, waiting...
demo.pcm not found, waiting...
demo.pcm not found, waiting...
demo.pcm not found, waiting...
demo.pcm not found, waiting...
demo.pcm not found, waiting...
demo.pcm not found, waiting...
demo.pcm not found, waiting...
demo.pcm not found, waiting...
demo.pcm not found, waiting...
demo.pcm not found, waiting...
demo.pcm not found, waiting...
demo.pcm not found, waiting...
demo.pcm not found, waiting...
demo.pcm not found, waiting...
demo.pcm not found, waiting...
demo.pcm not found, waiting...
demo.pcm not found, waiting...
demo.pcm not found, waiting...
demo.pcm not found, waiting...
demo.pcm not found, waiting...
demo.pcm not found, waiting...
demo.pcm not found, waiting...
demo.pcm not found, waiting...
demo.pcm not found, waiting...
demo.pcm not found, waiting...
demo.pcm not found, waiting...
demo.pcm not found, waiting...
demo.pcm not found, waiting...
demo.pcm not found, waiting...
demo.pcm not found, waiting...
demo.pcm not found, waiting...
demo.pcm not found, waiting...
demo.pcm not found, waiting...
demo.pcm not found, waiting...
demo.pcm not found, waiting...
demo.pcm not found, waiting...
demo.pcm not found, waiting...
demo.pcm not found, waiting...
demo.pcm not found, waiting...
demo.pcm not found, waiting...
demo.pcm not found, waiting...
demo.pcm not found, waiting...
demo.pcm not found, waiting...
demo.pcm not found, waiting...
demo.pcm not found, waiting...
demo.pcm not found, waiting...
demo.pcm not found, waiting...
demo.pcm not found, waiting...
demo.pcm not found, waiting...
demo.pcm not found, waiting...
demo.pcm not found, waiting...
demo.pcm not found, waiting...
demo.pcm not found, waiting...
demo.pcm not found, waiting...
demo.pcm not found, waiting...
demo.pcm not found, waiting...
demo.pcm not found, waiting...
demo.pcm not found, waiting...
demo.pcm not found, waiting...
demo.pcm not found, waiting...
demo.pcm not found, waiting...
demo.pcm not found, waiting...
demo.pcm not found, waiting...
demo.pcm not found, waiting...
demo.pcm not found, waiting...
demo.pcm not found, waiting...
demo.pcm not found, waiting...
demo.pcm not found, waiting...
demo.pcm not found, waiting...
demo.pcm not found, waiting...
demo.pcm not found, waiting...
demo.pcm not found, waiting...
demo.pcm not found, waiting...
demo.pcm not found, waiting...
demo.pcm not found, waiting...
demo.pcm not found, waiting...
demo.pcm not found, waiting...
demo.pcm not found, waiting...
demo.pcm not found, waiting...
demo.pcm not found, waiting...
demo.pcm not found, waiting...
demo.pcm not found, waiting...
demo.pcm not found, waiting...
demo.pcm not found, waiting...
demo.pcm not found, waiting...
demo.pcm not found, waiting...
demo.pcm not found, waiting...
demo.pcm not found, waiting...
demo.pcm not found, waiting...
demo.pcm not found, waiting...
demo.pcm not found, waiting...
demo.pcm not found, waiting...
demo.pcm not found, waiting...
demo.pcm not found, waiting...
demo.pcm not found, waiting...
demo.pcm not found, waiting...
demo.pcm not found, waiting...
demo.pcm not found, waiting...
demo.pcm not found, waiting...
demo.pcm not found, waiting...
demo.pcm not found, waiting...
demo.pcm not found, waiting...
demo.pcm not found, waiting...
demo.pcm not found, waiting...
demo.pcm not found, waiting...
demo.pcm not found, waiting...
demo.pcm not found, waiting...
demo.pcm not found, waiting...
demo.pcm not found, waiting...
demo.pcm not found, waiting...
demo.pcm not found, waiting...
demo.pcm not found, waiting...
demo.pcm not found, waiting...
demo.pcm not found, waiting...
demo.pcm not found, waiting...
demo.pcm not found, waiting...
demo.pcm not found, waiting...
demo.pcm not found, waiting...
demo.pcm not found, waiting...
demo.pcm not found, waiting...
demo.pcm not found, waiting...
demo.pcm not found, waiting...
demo.pcm not found, waiting...
demo.pcm not found, waiting...
demo.pcm not found, waiting...
demo.pcm not found, waiting...
demo.pcm not found, waiting...
demo.pcm not found, waiting...
demo.pcm not found, waiting...
demo.pcm not found, waiting...
demo.pcm not found, waiting...
demo.pcm not found, waiting...
demo.pcm not found, waiting...
demo.pcm not found, waiting...
demo.pcm not found, waiting...
demo.pcm not found, waiting...
demo.pcm not found, waiting...
demo.pcm not found, waiting...
demo.pcm not found, waiting...
demo.pcm not found, waiting...
demo.pcm not found, waiting...
demo.pcm not found, waiting...
demo.pcm not found, waiting...
demo.pcm not found, waiting...
demo.pcm not found, waiting...
demo.pcm not found, waiting...
demo.pcm not found, waiting...
demo.pcm not found, waiting...
demo.pcm not found, waiting...
demo.pcm not found, waiting...
demo.pcm not found, waiting...
demo.pcm not found, waiting...
demo.pcm not found, waiting...
demo.pcm not found, waiting...
demo.pcm not found, waiting...
demo.pcm not found, waiting...
demo.pcm not found, waiting...
demo.pcm not found, waiting...
demo.pcm not found, waiting...
demo.pcm not found, waiting...
demo.pcm not found, waiting...
demo.pcm not found, waiting...
demo.pcm not found, waiting...
demo.pcm not found, waiting...
demo.pcm not found, waiting...
demo.pcm not found, waiting...
demo.pcm not found, waiting...
demo.pcm not found, waiting...
demo.pcm not found, waiting...
demo.pcm not found, waiting...
demo.pcm not found, waiting...
demo.pcm not found, waiting...
demo.pcm not found, waiting...
demo.pcm not found, waiting...
demo.pcm not found, waiting...
demo.pcm not found, waiting...
demo.pcm not found, waiting...
demo.pcm not found, waiting...
demo.pcm not found, waiting...
demo.pcm not found, waiting...
demo.pcm not found, waiting...
demo.pcm not found, waiting...
demo.pcm not found, waiting...
demo.pcm not found, waiting...
demo.pcm not found, waiting...
demo.pcm not found, waiting...
demo.pcm not found, waiting...
demo.pcm not found, waiting...
demo.pcm not found, waiting...
demo.pcm not found, waiting...
demo.pcm not found, waiting...
demo.pcm not found, waiting...
demo.pcm not found, waiting...
demo.pcm not found, waiting...
demo.pcm not found, waiting...
demo.pcm not found, waiting...
demo.pcm not found, waiting...
demo.pcm not found, waiting...
demo.pcm not found, waiting...
demo.pcm not found, waiting...
demo.pcm not found, waiting...
demo.pcm not found, waiting...
demo.pcm not found, waiting...
demo.pcm not found, waiting...
demo.pcm not found, waiting...
demo.pcm not found, waiting...
demo.pcm not found, waiting...
demo.pcm not found, waiting...
demo.pcm not found, waiting...
demo.pcm not found, waiting...
demo.pcm not found, waiting...
demo.pcm not found, waiting...
demo.pcm not found, waiting...
demo.pcm not found, waiting...
demo.pcm not found, waiting...
demo.pcm not found, waiting...
demo.pcm not found, waiting...
demo.pcm not found, waiting...
demo.pcm not found, waiting...
demo.pcm not found, waiting...
demo.pcm not found, waiting...
demo.pcm not found, waiting...
demo.pcm not found, waiting...
demo.pcm not found, waiting...
demo.pcm not found, waiting...
demo.pcm not found, waiting...
demo.pcm not found, waiting...
demo.pcm not found, waiting...
demo.pcm not found, waiting...
demo.pcm not found, waiting...
demo.pcm not found, waiting...
demo.pcm not found, waiting...
demo.pcm not found, waiting...
demo.pcm not found, waiting...
demo.pcm not found, waiting...
demo.pcm not found, waiting...
demo.pcm not found, waiting...
demo.pcm not found, waiting...
demo.pcm not found, waiting...
demo.pcm not found, waiting...
demo.pcm not found, waiting...
demo.pcm not found, waiting...
demo.pcm not found, waiting...
demo.pcm not found, waiting...
demo.pcm not found, waiting...
demo.pcm not found, waiting...
demo.pcm not found, waiting...
demo.pcm not found, waiting...
demo.pcm not found, waiting...
demo.pcm not found, waiting...
demo.pcm not found, waiting...
demo.pcm not found, waiting...
demo.pcm not found, waiting...
demo.pcm not found, waiting...
demo.pcm not found, waiting...
demo.pcm not found, waiting...
demo.pcm not found, waiting...
demo.pcm not found, waiting...
demo.pcm not found, waiting...
demo.pcm not found, waiting...
demo.pcm not found, waiting...
demo.pcm not found, waiting...
demo.pcm not found, waiting...
demo.pcm not found, waiting...
demo.pcm not found, waiting...
demo.pcm not found, waiting...
demo.pcm not found, waiting...
demo.pcm not found, waiting...
demo.pcm not found, waiting...
demo.pcm not found, waiting...
demo.pcm not found, waiting...
demo.pcm not found, waiting...
demo.pcm not found, waiting...
demo.pcm not found, waiting...
demo.pcm not found, waiting...
demo.pcm not found, waiting...
demo.pcm not found, waiting...
demo.pcm not found, waiting...
demo.pcm not found, waiting...
demo.pcm not found, waiting...
demo.pcm not found, waiting...
demo.pcm not found, waiting...
demo.pcm not found, waiting...
demo.pcm not found, waiting...
demo.pcm not found, waiting...
demo.pcm not found, waiting...
demo.pcm not found, waiting...
demo.pcm not found, waiting...
demo.pcm not found, waiting...
demo.pcm not found, waiting...
demo.pcm not found, waiting...
demo.pcm not found, waiting...
demo.pcm not found, waiting...
demo.pcm not found, waiting...
demo.pcm not found, waiting...
demo.pcm not found, waiting...
demo.pcm not found, waiting...
demo.pcm not found, waiting...
demo.pcm not found, waiting...
demo.pcm not found, waiting...
demo.pcm not found, waiting...
demo.pcm not found, waiting...
demo.pcm not found, waiting...
demo.pcm not found, waiting...
demo.pcm not found, waiting...
demo.pcm not found, waiting...
demo.pcm not found, waiting...
demo.pcm not found, waiting...
demo.pcm not found, waiting...
demo.pcm not found, waiting...
demo.pcm not found, waiting...
demo.pcm not found, waiting...
demo.pcm not found, waiting...
demo.pcm not found, waiting...
demo.pcm not found, waiting...
demo.pcm not found, waiting...
demo.pcm not found, waiting...
demo.pcm not found, waiting...
demo.pcm not found, waiting...
demo.pcm not found, waiting...
demo.pcm not found, waiting...
demo.pcm not found, waiting...
demo.pcm not found, waiting...
demo.pcm not found, waiting...
demo.pcm not found, waiting...
demo.pcm not found, waiting...
demo.pcm not found, waiting...
demo.pcm not found, waiting...
demo.pcm not found, waiting...
demo.pcm not found, waiting...
demo.pcm not found, waiting...
demo.pcm not found, waiting...
demo.pcm not found, waiting...
demo.pcm not found, waiting...
demo.pcm not found, waiting...
demo.pcm not found, waiting...
demo.pcm not found, waiting...
demo.pcm not found, waiting...
demo.pcm not found, waiting...
demo.pcm not found, waiting...
demo.pcm not found, waiting...
demo.pcm not found, waiting...
demo.pcm not found, waiting...
demo.pcm not found, waiting...
demo.pcm not found, waiting...
demo.pcm not found, waiting...
demo.pcm not found, waiting...
demo.pcm not found, waiting...
demo.pcm not found, waiting...
demo.pcm not found, waiting...
demo.pcm not found, waiting...
demo.pcm not found, waiting...
demo.pcm not found, waiting...
demo.pcm not found, waiting...
demo.pcm not found, waiting...
demo.pcm not found, waiting...
demo.pcm not found, waiting...
demo.pcm not found, waiting...
demo.pcm not found, waiting...
demo.pcm not found, waiting...
demo.pcm not found, waiting...
demo.pcm not found, waiting...
demo.pcm not found, waiting...
demo.pcm not found, waiting...
demo.pcm not found, waiting...
demo.pcm not found, waiting...
demo.pcm not found, waiting...
demo.pcm not found, waiting...
demo.pcm not found, waiting...
demo.pcm not found, waiting...
demo.pcm not found, waiting...
demo.pcm not found, waiting...
demo.pcm not found, waiting...
demo.pcm not found, waiting...
demo.pcm not found, waiting...
demo.pcm not found, waiting...
demo.pcm not found, waiting...
demo.pcm not found, waiting...
demo.pcm not found, waiting...
demo.pcm not found, waiting...
demo.pcm not found, waiting...
demo.pcm not found, waiting...
demo.pcm not found, waiting...
demo.pcm not found, waiting...
demo.pcm not found, waiting...
demo.pcm not found, waiting...
demo.pcm not found, waiting...
demo.pcm not found, waiting...
demo.pcm not found, waiting...
demo.pcm not found, waiting...
demo.pcm not found, waiting...
demo.pcm not found, waiting...
demo.pcm not found, waiting...
demo.pcm not found, waiting...
demo.pcm not found, waiting...
demo.pcm not found, waiting...
demo.pcm not found, waiting...
demo.pcm not found, waiting...
demo.pcm not found, waiting...
demo.pcm not found, waiting...
demo.pcm not found, waiting...
demo.pcm not found, waiting...
demo.pcm not found, waiting...
demo.pcm not found, waiting...
demo.pcm not found, waiting...
demo.pcm not found, waiting...
demo.pcm not found, waiting...
demo.pcm not found, waiting...
demo.pcm not found, waiting...
demo.pcm not found, waiting...
demo.pcm not found, waiting...
demo.pcm not found, waiting...
demo.pcm not found, waiting...
demo.pcm not found, waiting...
demo.pcm not found, waiting...
demo.pcm not found, waiting...
demo.pcm not found, waiting...
demo.pcm not found, waiting...
demo.pcm not found, waiting...
demo.pcm not found, waiting...
demo.pcm not found, waiting...
demo.pcm not found, waiting...
demo.pcm not found, waiting...
demo.pcm not found, waiting...
demo.pcm not found, waiting...
demo.pcm not found, waiting...
demo.pcm not found, waiting...
demo.pcm not found, waiting...
demo.pcm not found, waiting...
demo.pcm not found, waiting...
demo.pcm not found, waiting...
demo.pcm not found, waiting...
demo.pcm not found, waiting...
demo.pcm not found, waiting...
demo.pcm not found, waiting...
demo.pcm not found, waiting...
demo.pcm not found, waiting...
demo.pcm not found, waiting...
demo.pcm not found, waiting...
demo.pcm not found, waiting...
demo.pcm not found, waiting...
demo.pcm not found, waiting...
demo.pcm not found, waiting...
demo.pcm not found, waiting...
demo.pcm not found, waiting...
demo.pcm not found, waiting...
demo.pcm not found, waiting...
demo.pcm not found, waiting...
demo.pcm not found, waiting...
demo.pcm not found, waiting...
demo.pcm not found, waiting...
demo.pcm not found, waiting...
demo.pcm not found, waiting...
demo.pcm not found, waiting...
demo.pcm not found, waiting...
demo.pcm not found, waiting...
demo.pcm not found, waiting...
demo.pcm not found, waiting...
demo.pcm not found, waiting...
demo.pcm not found, waiting...
demo.pcm not found, waiting...
demo.pcm not found, waiting...
demo.pcm not found, waiting...
demo.pcm not found, waiting...
demo.pcm not found, waiting...
demo.pcm not found, waiting...
demo.pcm not found, waiting...
demo.pcm not found, waiting...
demo.pcm not found, waiting...
demo.pcm not found, waiting...
demo.pcm not found, waiting...
demo.pcm not found, waiting...
demo.pcm not found, waiting...
demo.pcm not found, waiting...
demo.pcm not found, waiting...
demo.pcm not found, waiting...
demo.pcm not found, waiting...
demo.pcm not found, waiting...
demo.pcm not found, waiting...
demo.pcm not found, waiting...
demo.pcm not found, waiting...
demo.pcm not found, waiting...
demo.pcm not found, waiting...
demo.pcm not found, waiting...
demo.pcm not found, waiting...
demo.pcm not found, waiting...
demo.pcm not found, waiting...
demo.pcm not found, waiting...
demo.pcm not found, waiting...
demo.pcm not found, waiting...
demo.pcm not found, waiting...
demo.pcm not found, waiting...
demo.pcm not found, waiting...
demo.pcm not found, waiting...
demo.pcm not found, waiting...
demo.pcm not found, waiting...
demo.pcm not found, waiting...
demo.pcm not found, waiting...
demo.pcm not found, waiting...
demo.pcm not found, waiting...
demo.pcm not found, waiting...
demo.pcm not found, waiting...
demo.pcm not found, waiting...
demo.pcm not found, waiting...
demo.pcm not found, waiting...
demo.pcm not found, waiting...
demo.pcm not found, waiting...
demo.pcm not found, waiting...
demo.pcm not found, waiting...
demo.pcm not found, waiting...
demo.pcm not found, waiting...
demo.pcm not found, waiting...
demo.pcm not found, waiting...
demo.pcm not found, waiting...
demo.pcm not found, waiting...
demo.pcm not found, waiting...
demo.pcm not found, waiting...
demo.pcm not found, waiting...
demo.pcm not found, waiting...
demo.pcm not found, waiting...
demo.pcm not found, waiting...
demo.pcm not found, waiting...
demo.pcm not found, waiting...
demo.pcm not found, waiting...
demo.pcm not found, waiting...
demo.pcm not found, waiting...
demo.pcm not found, waiting...
demo.pcm not found, waiting...
demo.pcm not found, waiting...
demo.pcm not found, waiting...
demo.pcm not found, waiting...
demo.pcm not found, waiting...
demo.pcm not found, waiting...
demo.pcm not found, waiting...
demo.pcm not found, waiting...
demo.pcm not found, waiting...
demo.pcm not found, waiting...
demo.pcm not found, waiting...
demo.pcm not found, waiting...
demo.pcm not found, waiting...
demo.pcm not found, waiting...
demo.pcm not found, waiting...
demo.pcm not found, waiting...
demo.pcm not found, waiting...
demo.pcm not found, waiting...
demo.pcm not found, waiting...
demo.pcm not found, waiting...
demo.pcm not found, waiting...
demo.pcm not found, waiting...
demo.pcm not found, waiting...
demo.pcm not found, waiting...
demo.pcm not found, waiting...
demo.pcm not found, waiting...
demo.pcm not found, waiting...
demo.pcm not found, waiting...
demo.pcm not found, waiting...
demo.pcm not found, waiting...
demo.pcm not found, waiting...
demo.pcm not found, waiting...
demo.pcm not found, waiting...
demo.pcm not found, waiting...
demo.pcm not found, waiting...
demo.pcm not found, waiting...
demo.pcm not found, waiting...
demo.pcm not found, waiting...
demo.pcm not found, waiting...
demo.pcm not found, waiting...
demo.pcm not found, waiting...
demo.pcm not found, waiting...
demo.pcm not found, waiting...
demo.pcm not found, waiting...
demo.pcm not found, waiting...
demo.pcm not found, waiting...
demo.pcm not found, waiting...
demo.pcm not found, waiting...
demo.pcm not found, waiting...
demo.pcm not found, waiting...
demo.pcm not found, waiting...
demo.pcm not found, waiting...
demo.pcm not found, waiting...
demo.pcm not found, waiting...
demo.pcm not found, waiting...
demo.pcm not found, waiting...
demo.pcm not found, waiting...
demo.pcm not found, waiting...
demo.pcm not found, waiting...
demo.pcm not found, waiting...
demo.pcm not found, waiting...
demo.pcm not found, waiting...
demo.pcm not found, waiting...
demo.pcm not found, waiting...
demo.pcm not found, waiting...
demo.pcm not found, waiting...
demo.pcm not found, waiting...
demo.pcm not found, waiting...
demo.pcm not found, waiting...
demo.pcm not found, waiting...
demo.pcm not found, waiting...
demo.pcm not found, waiting...
demo.pcm not found, waiting...
demo.pcm not found, waiting...
demo.pcm not found, waiting...
demo.pcm not found, waiting...
demo.pcm not found, waiting...
demo.pcm not found, waiting...
demo.pcm not found, waiting...
demo.pcm not found, waiting...
demo.pcm not found, waiting...
demo.pcm not found, waiting...
demo.pcm not found, waiting...
demo.pcm not found, waiting...
demo.pcm not found, waiting...
demo.pcm not found, waiting...
demo.pcm not found, waiting...
demo.pcm not found, waiting...
demo.pcm not found, waiting...
demo.pcm not found, waiting...
demo.pcm not found, waiting...
demo.pcm not found, waiting...
demo.pcm not found, waiting...
demo.pcm not found, waiting...
demo.pcm not found, waiting...
demo.pcm not found, waiting...
demo.pcm not found, waiting...
demo.pcm not found, waiting...
demo.pcm not found, waiting...
demo.pcm not found, waiting...
demo.pcm not found, waiting...
demo.pcm not found, waiting...
demo.pcm not found, waiting...
demo.pcm not found, waiting...
demo.pcm not found, waiting...
demo.pcm not found, waiting...
demo.pcm not found, waiting...
demo.pcm not found, waiting...
demo.pcm not found, waiting...
demo.pcm not found, waiting...
demo.pcm not found, waiting...
demo.pcm not found, waiting...
demo.pcm not found, waiting...
demo.pcm not found, waiting...
demo.pcm not found, waiting...
demo.pcm not found, waiting...
demo.pcm not found, waiting...
demo.pcm not found, waiting...
demo.pcm not found, waiting...
demo.pcm not found, waiting...
demo.pcm not found, waiting...
demo.pcm not found, waiting...
demo.pcm not found, waiting...
demo.pcm not found, waiting...
demo.pcm not found, waiting...
demo.pcm not found, waiting...
demo.pcm not found, waiting...
demo.pcm not found, waiting...
demo.pcm not found, waiting...
demo.pcm not found, waiting...
demo.pcm not found, waiting...
demo.pcm not found, waiting...
demo.pcm not found, waiting...
demo.pcm not found, waiting...
demo.pcm not found, waiting...
demo.pcm not found, waiting...
demo.pcm not found, waiting...
demo.pcm not found, waiting...
demo.pcm not found, waiting...
demo.pcm not found, waiting...
demo.pcm not found, waiting...
demo.pcm not found, waiting...
demo.pcm not found, waiting...
demo.pcm not found, waiting...
demo.pcm not found, waiting...
demo.pcm not found, waiting...
demo.pcm not found, waiting...
demo.pcm not found, waiting...
demo.pcm not found, waiting...
demo.pcm not found, waiting...
demo.pcm not found, waiting...
demo.pcm not found, waiting...
demo.pcm not found, waiting...
demo.pcm not found, waiting...
demo.pcm not found, waiting...
demo.pcm not found, waiting...
demo.pcm not found, waiting...
demo.pcm not found, waiting...
demo.pcm not found, waiting...
demo.pcm not found, waiting...
demo.pcm not found, waiting...
demo.pcm not found, waiting...
demo.pcm not found, waiting...
demo.pcm not found, waiting...
demo.pcm not found, waiting...
demo.pcm not found, waiting...
demo.pcm not found, waiting...
demo.pcm not found, waiting...
demo.pcm not found, waiting...
demo.pcm not found, waiting...
demo.pcm not found, waiting...
demo.pcm not found, waiting...
demo.pcm not found, waiting...
demo.pcm not found, waiting...
demo.pcm not found, waiting...
demo.pcm not found, waiting...
demo.pcm not found, waiting...
demo.pcm not found, waiting...
demo.pcm not found, waiting...
demo.pcm not found, waiting...
demo.pcm not found, waiting...
demo.pcm not found, waiting...
demo.pcm not found, waiting...
demo.pcm not found, waiting...
demo.pcm not found, waiting...
demo.pcm not found, waiting...
demo.pcm not found, waiting...
demo.pcm not found, waiting...
demo.pcm not found, waiting...
demo.pcm not found, waiting...
demo.pcm not found, waiting...
demo.pcm not found, waiting...
demo.pcm not found, waiting...
demo.pcm not found, waiting...
demo.pcm not found, waiting...
demo.pcm not found, waiting...
demo.pcm not found, waiting...
demo.pcm not found, waiting...
demo.pcm not found, waiting...
demo.pcm not found, waiting...
demo.pcm not found, waiting...
demo.pcm not found, waiting...
demo.pcm not found, waiting...
demo.pcm not found, waiting...
demo.pcm not found, waiting...
demo.pcm not found, waiting...
demo.pcm not found, waiting...
demo.pcm not found, waiting...
demo.pcm not found, waiting...
demo.pcm not found, waiting...
demo.pcm not found, waiting...
demo.pcm not found, waiting...
demo.pcm not found, waiting...
demo.pcm not found, waiting...
demo.pcm not found, waiting...
demo.pcm not found, waiting...
demo.pcm not found, waiting...
demo.pcm not found, waiting...
demo.pcm not found, waiting...
demo.pcm not found, waiting...
demo.pcm not found, waiting...
demo.pcm not found, waiting...
demo.pcm not found, waiting...
demo.pcm not found, waiting...
demo.pcm not found, waiting...
demo.pcm not found, waiting...
demo.pcm not found, waiting...
demo.pcm not found, waiting...
demo.pcm not found, waiting...
demo.pcm not found, waiting...
demo.pcm not found, waiting...
demo.pcm not found, waiting...
demo.pcm not found, waiting...
demo.pcm not found, waiting...
demo.pcm not found, waiting...
demo.pcm not found, waiting...
demo.pcm not found, waiting...
demo.pcm not found, waiting...
demo.pcm not found, waiting...
demo.pcm not found, waiting...
demo.pcm not found, waiting...
demo.pcm not found, waiting...
demo.pcm not found, waiting...
demo.pcm not found, waiting...
demo.pcm not found, waiting...
demo.pcm not found, waiting...
demo.pcm not found, waiting...
demo.pcm not found, waiting...
demo.pcm not found, waiting...
demo.pcm not found, waiting...
demo.pcm not found, waiting...
demo.pcm not found, waiting...
demo.pcm not found, waiting...
demo.pcm not found, waiting...
demo.pcm not found, waiting...
demo.pcm not found, waiting...
demo.pcm not found, waiting...
demo.pcm not found, waiting...
demo.pcm not found, waiting...
demo.pcm not found, waiting...
demo.pcm not found, waiting...
demo.pcm not found, waiting...
demo.pcm not found, waiting...
demo.pcm not found, waiting...
demo.pcm not found, waiting...
demo.pcm not found, waiting...
demo.pcm not found, waiting...
demo.pcm not found, waiting...
demo.pcm not found, waiting...
demo.pcm not found, waiting...
demo.pcm not found, waiting...
demo.pcm not found, waiting...
demo.pcm not found, waiting...
demo.pcm not found, waiting...
demo.pcm not found, waiting...
demo.pcm not found, waiting...
demo.pcm not found, waiting...
demo.pcm not found, waiting...
demo.pcm not found, waiting...
demo.pcm not found, waiting...
demo.pcm not found, waiting...
demo.pcm not found, waiting...
demo.pcm not found, waiting...
demo.pcm not found, waiting...
demo.pcm not found, waiting...
demo.pcm not found, waiting...
demo.pcm not found, waiting...
demo.pcm not found, waiting...
demo.pcm not found, waiting...
demo.pcm not found, waiting...
demo.pcm not found, waiting...
demo.pcm not found, waiting...
demo.pcm not found, waiting...
demo.pcm not found, waiting...
demo.pcm not found, waiting...
demo.pcm not found, waiting...
demo.pcm not found, waiting...
demo.pcm not found, waiting...
demo.pcm not found, waiting...
demo.pcm not found, waiting...
demo.pcm not found, waiting...
demo.pcm not found, waiting...
demo.pcm not found, waiting...
demo.pcm not found, waiting...
demo.pcm not found, waiting...
demo.pcm not found, waiting...
demo.pcm not found, waiting...
demo.pcm not found, waiting...
demo.pcm not found, waiting...
demo.pcm not found, waiting...
demo.pcm not found, waiting...
demo.pcm not found, waiting...
demo.pcm not found, waiting...
demo.pcm not found, waiting...
demo.pcm not found, waiting...
demo.pcm not found, waiting...
demo.pcm not found, waiting...
demo.pcm not found, waiting...
demo.pcm not found, waiting...
demo.pcm not found, waiting...
demo.pcm not found, waiting...
demo.pcm not found, waiting...
demo.pcm not found, waiting...
demo.pcm not found, waiting...
demo.pcm not found, waiting...
demo.pcm not found, waiting...
demo.pcm not found, waiting...
demo.pcm not found, waiting...
demo.pcm not found, waiting...
demo.pcm not found, waiting...
demo.pcm not found, waiting...
demo.pcm not found, waiting...
demo.pcm not found, waiting...
demo.pcm not found, waiting...
demo.pcm not found, waiting...
demo.pcm not found, waiting...
demo.pcm not found, waiting...
demo.pcm not found, waiting...
demo.pcm not found, waiting...
demo.pcm not found, waiting...
demo.pcm not found, waiting...
demo.pcm not found, waiting...
demo.pcm not found, waiting...
demo.pcm not found, waiting...
demo.pcm not found, waiting...
demo.pcm not found, waiting...
demo.pcm not found, waiting...
demo.pcm not found, waiting...
demo.pcm not found, waiting...
demo.pcm not found, waiting...
demo.pcm not found, waiting...
demo.pcm not found, waiting...
demo.pcm not found, waiting...
demo.pcm not found, waiting...
demo.pcm not found, waiting...
demo.pcm not found, waiting...
demo.pcm not found, waiting...
demo.pcm not found, waiting...
demo.pcm not found, waiting...
demo.pcm not found, waiting...
demo.pcm not found, waiting...
demo.pcm not found, waiting...
demo.pcm not found, waiting...
demo.pcm not found, waiting...
demo.pcm not found, waiting...
demo.pcm not found, waiting...
demo.pcm not found, waiting...
demo.pcm not found, waiting...
demo.pcm not found, waiting...
demo.pcm not found, waiting...
demo.pcm not found, waiting...
demo.pcm not found, waiting...
demo.pcm not found, waiting...
demo.pcm not found, waiting...
demo.pcm not found, waiting...
demo.pcm not found, waiting...
demo.pcm not found, waiting...
demo.pcm not found, waiting...
demo.pcm not found, waiting...
demo.pcm not found, waiting...
demo.pcm not found, waiting...
demo.pcm not found, waiting...
demo.pcm not found, waiting...
demo.pcm not found, waiting...
demo.pcm not found, waiting...
demo.pcm not found, waiting...
demo.pcm not found, waiting...
demo.pcm not found, waiting...
demo.pcm not found, waiting...
demo.pcm not found, waiting...
demo.pcm not found, waiting...
demo.pcm not found, waiting...
demo.pcm not found, waiting...
demo.pcm not found, waiting...
demo.pcm not found, waiting...
demo.pcm not found, waiting...
demo.pcm not found, waiting...
demo.pcm not found, waiting...
demo.pcm not found, waiting...
demo.pcm not found, waiting...
demo.pcm not found, waiting...
demo.pcm not found, waiting...
demo.pcm not found, waiting...
demo.pcm not found, waiting...
demo.pcm not found, waiting...
demo.pcm not found, waiting...
demo.pcm not found, waiting...
demo.pcm not found, waiting...
demo.pcm not found, waiting...
demo.pcm not found, waiting...
demo.pcm not found, waiting...
demo.pcm not found, waiting...
demo.pcm not found, waiting...
demo.pcm not found, waiting...
demo.pcm not found, waiting...
demo.pcm not found, waiting...
demo.pcm not found, waiting...
demo.pcm not found, waiting...
demo.pcm not found, waiting...
demo.pcm not found, waiting...
demo.pcm not found, waiting...
demo.pcm not found, waiting...
demo.pcm not found, waiting...
demo.pcm not found, waiting...
demo.pcm not found, waiting...
demo.pcm not found, waiting...
demo.pcm not found, waiting...
demo.pcm not found, waiting...
demo.pcm not found, waiting...
demo.pcm not found, waiting...
demo.pcm not found, waiting...
demo.pcm not found, waiting...
demo.pcm not found, waiting...
demo.pcm not found, waiting...
demo.pcm not found, waiting...
demo.pcm not found, waiting...
demo.pcm not found, waiting...
demo.pcm not found, waiting...
demo.pcm not found, waiting...
demo.pcm not found, waiting...
demo.pcm not found, waiting...
demo.pcm not found, waiting...
demo.pcm not found, waiting...
demo.pcm not found, waiting...
demo.pcm not found, waiting...
demo.pcm not found, waiting...
demo.pcm not found, waiting...
demo.pcm not found, waiting...
demo.pcm not found, waiting...
demo.pcm not found, waiting...
demo.pcm not found, waiting...
demo.pcm not found, waiting...
demo.pcm not found, waiting...
demo.pcm not found, waiting...
demo.pcm not found, waiting...
demo.pcm not found, waiting...
demo.pcm not found, waiting...
demo.pcm not found, waiting...
demo.pcm not found, waiting...
demo.pcm not found, waiting...
demo.pcm not found, waiting...
demo.pcm not found, waiting...
demo.pcm not found, waiting...
demo.pcm not found, waiting...
demo.pcm not found, waiting...
demo.pcm not found, waiting...
demo.pcm not found, waiting...
demo.pcm not found, waiting...
demo.pcm not found, waiting...
demo.pcm not found, waiting...
demo.pcm not found, waiting...
demo.pcm not found, waiting...
demo.pcm not found, waiting...
demo.pcm not found, waiting...
demo.pcm not found, waiting...
demo.pcm not found, waiting...
demo.pcm not found, waiting...
demo.pcm not found, waiting...
demo.pcm not found, waiting...
demo.pcm not found, waiting...
demo.pcm not found, waiting...
demo.pcm not found, waiting...
demo.pcm not found, waiting...
demo.pcm not found, waiting...
demo.pcm not found, waiting...
demo.pcm not found, waiting...
demo.pcm not found, waiting...
demo.pcm not found, waiting...
demo.pcm not found, waiting...
demo.pcm not found, waiting...
demo.pcm not found, waiting...
demo.pcm not found, waiting...
demo.pcm not found, waiting...
demo.pcm not found, waiting...
demo.pcm not found, waiting...
demo.pcm not found, waiting...
demo.pcm not found, waiting...
demo.pcm not found, waiting...
demo.pcm not found, waiting...
demo.pcm not found, waiting...
demo.pcm not found, waiting...
demo.pcm not found, waiting...
demo.pcm not found, waiting...
demo.pcm not found, waiting...
demo.pcm not found, waiting...
demo.pcm not found, waiting...
demo.pcm not found, waiting...
demo.pcm not found, waiting...
demo.pcm not found, waiting...
demo.pcm not found, waiting...
demo.pcm not found, waiting...
demo.pcm not found, waiting...
demo.pcm not found, waiting...
demo.pcm not found, waiting...
demo.pcm not found, waiting...
demo.pcm not found, waiting...
demo.pcm not found, waiting...
demo.pcm not found, waiting...
demo.pcm not found, waiting...
demo.pcm not found, waiting...
demo.pcm not found, waiting...
demo.pcm not found, waiting...
demo.pcm not found, waiting...
demo.pcm not found, waiting...
demo.pcm not found, waiting...
demo.pcm not found, waiting...
demo.pcm not found, waiting...
demo.pcm not found, waiting...
demo.pcm not found, waiting...
demo.pcm not found, waiting...
demo.pcm not found, waiting...
demo.pcm not found, waiting...
demo.pcm not found, waiting...
demo.pcm not found, waiting...
demo.pcm not found, waiting...
demo.pcm not found, waiting...
demo.pcm not found, waiting...
demo.pcm not found, waiting...
demo.pcm not found, waiting...
demo.pcm not found, waiting...
demo.pcm not found, waiting...
demo.pcm not found, waiting...
demo.pcm not found, waiting...
demo.pcm not found, waiting...
demo.pcm not found, waiting...
demo.pcm not found, waiting...
demo.pcm not found, waiting...
demo.pcm not found, waiting...
demo.pcm not found, waiting...
demo.pcm not found, waiting...
demo.pcm not found, waiting...
demo.pcm not found, waiting...
demo.pcm not found, waiting...
demo.pcm not found, waiting...
demo.pcm not found, waiting...
demo.pcm not found, waiting...
demo.pcm not found, waiting...
demo.pcm not found, waiting...
demo.pcm not found, waiting...
demo.pcm not found, waiting...
demo.pcm not found, waiting...
demo.pcm not found, waiting...
demo.pcm not found, waiting...
demo.pcm not found, waiting...
demo.pcm not found, waiting...
demo.pcm not found, waiting...
demo.pcm not found, waiting...
demo.pcm not found, waiting...
demo.pcm not found, waiting...
demo.pcm not found, waiting...
demo.pcm not found, waiting...
demo.pcm not found, waiting...
demo.pcm not found, waiting...
demo.pcm not found, waiting...
demo.pcm not found, waiting...
demo.pcm not found, waiting...
demo.pcm not found, waiting...
demo.pcm not found, waiting...
demo.pcm not found, waiting...
demo.pcm not found, waiting...
demo.pcm not found, waiting...
demo.pcm not found, waiting...
demo.pcm not found, waiting...
demo.pcm not found, waiting...
demo.pcm not found, waiting...
demo.pcm not found, waiting...
demo.pcm not found, waiting...
demo.pcm not found, waiting...
demo.pcm not found, waiting...
demo.pcm not found, waiting...
demo.pcm not found, waiting...
demo.pcm not found, waiting...
demo.pcm not found, waiting...
demo.pcm not found, waiting...
demo.pcm not found, waiting...
demo.pcm not found, waiting...
demo.pcm not found, waiting...
demo.pcm not found, waiting...
demo.pcm not found, waiting...
demo.pcm not found, waiting...
demo.pcm not found, waiting...
demo.pcm not found, waiting...
demo.pcm not found, waiting...
demo.pcm not found, waiting...
demo.pcm not found, waiting...
demo.pcm not found, waiting...
demo.pcm not found, waiting...
demo.pcm not found, waiting...
demo.pcm not found, waiting...
demo.pcm not found, waiting...
demo.pcm not found, waiting...
demo.pcm not found, waiting...
demo.pcm not found, waiting...
demo.pcm not found, waiting...
demo.pcm not found, waiting...
demo.pcm not found, waiting...
demo.pcm not found, waiting...
demo.pcm not found, waiting...
demo.pcm not found, waiting...
demo.pcm not found, waiting...
demo.pcm not found, waiting...
demo.pcm not found, waiting...
demo.pcm not found, waiting...
demo.pcm not found, waiting...
demo.pcm not found, waiting...
demo.pcm not found, waiting...
demo.pcm not found, waiting...
demo.pcm not found, waiting...
demo.pcm not found, waiting...
demo.pcm not found, waiting...
demo.pcm not found, waiting...
demo.pcm not found, waiting...
demo.pcm not found, waiting...
demo.pcm not found, waiting...
demo.pcm not found, waiting...
demo.pcm not found, waiting...
demo.pcm not found, waiting...
demo.pcm not found, waiting...
demo.pcm not found, waiting...
demo.pcm not found, waiting...
demo.pcm not found, waiting...
demo.pcm not found, waiting...
demo.pcm not found, waiting...
demo.pcm not found, waiting...
demo.pcm not found, waiting...
demo.pcm not found, waiting...
demo.pcm not found, waiting...
demo.pcm not found, waiting...
demo.pcm not found, waiting...
demo.pcm not found, waiting...
demo.pcm not found, waiting...
demo.pcm not found, waiting...
demo.pcm not found, waiting...
demo.pcm not found, waiting...
demo.pcm not found, waiting...
demo.pcm not found, waiting...
demo.pcm not found, waiting...
demo.pcm not found, waiting...
demo.pcm not found, waiting...
demo.pcm not found, waiting...
demo.pcm not found, waiting...
demo.pcm not found, waiting...
demo.pcm not found, waiting...
demo.pcm not found, waiting...
demo.pcm not found, waiting...
demo.pcm not found, waiting...
demo.pcm not found, waiting...
demo.pcm not found, waiting...
demo.pcm not found, waiting...
demo.pcm not found, waiting...
demo.pcm not found, waiting...
demo.pcm not found, waiting...
demo.pcm not found, waiting...
demo.pcm not found, waiting...
demo.pcm not found, waiting...
demo.pcm not found, waiting...
demo.pcm not found, waiting...
demo.pcm not found, waiting...
demo.pcm not found, waiting...
demo.pcm not found, waiting...
demo.pcm not found, waiting...
demo.pcm not found, waiting...
demo.pcm not found, waiting...
demo.pcm not found, waiting...
demo.pcm not found, waiting...
demo.pcm not found, waiting...
demo.pcm not found, waiting...
demo.pcm not found, waiting...
demo.pcm not found, waiting...
demo.pcm not found, waiting...
demo.pcm not found, waiting...
demo.pcm not found, waiting...
demo.pcm not found, waiting...
demo.pcm not found, waiting...
demo.pcm not found, waiting...
demo.pcm not found, waiting...
demo.pcm not found, waiting...
demo.pcm not found, waiting...
demo.pcm not found, waiting...
demo.pcm not found, waiting...
demo.pcm not found, waiting...
demo.pcm not found, waiting...
demo.pcm not found, waiting...
demo.pcm not found, waiting...
demo.pcm not found, waiting...
demo.pcm not found, waiting...
demo.pcm not found, waiting...
demo.pcm not found, waiting...
demo.pcm not found, waiting...
demo.pcm not found, waiting...
demo.pcm not found, waiting...
demo.pcm not found, waiting...
demo.pcm not found, waiting...
demo.pcm not found, waiting...
demo.pcm not found, waiting...
demo.pcm not found, waiting...
demo.pcm not found, waiting...
demo.pcm not found, waiting...
demo.pcm not found, waiting...
demo.pcm not found, waiting...
demo.pcm not found, waiting...
demo.pcm not found, waiting...
demo.pcm not found, waiting...
demo.pcm not found, waiting...
demo.pcm not found, waiting...
demo.pcm not found, waiting...
demo.pcm not found, waiting...
demo.pcm not found, waiting...
demo.pcm not found, waiting...
demo.pcm not found, waiting...
demo.pcm not found, waiting...
demo.pcm not found, waiting...
demo.pcm not found, waiting...
demo.pcm not found, waiting...
demo.pcm not found, waiting...
demo.pcm not found, waiting...
demo.pcm not found, waiting...
demo.pcm not found, waiting...
demo.pcm not found, waiting...
demo.pcm not found, waiting...
demo.pcm not found, waiting...
demo.pcm not found, waiting...
demo.pcm not found, waiting...
demo.pcm not found, waiting...
demo.pcm not found, waiting...
demo.pcm not found, waiting...
demo.pcm not found, waiting...
demo.pcm not found, waiting...
demo.pcm not found, waiting...
demo.pcm not found, waiting...
demo.pcm not found, waiting...
demo.pcm not found, waiting...
demo.pcm not found, waiting...
demo.pcm not found, waiting...
demo.pcm not found, waiting...
demo.pcm not found, waiting...
demo.pcm not found, waiting...
demo.pcm not found, waiting...
demo.pcm not found, waiting...
demo.pcm not found, waiting...
demo.pcm not found, waiting...
demo.pcm not found, waiting...
demo.pcm not found, waiting...
demo.pcm not found, waiting...
demo.pcm not found, waiting...
demo.pcm not found, waiting...
demo.pcm not found, waiting...
demo.pcm not found, waiting...
demo.pcm not found, waiting...
demo.pcm not found, waiting...
demo.pcm not found, waiting...
demo.pcm not found, waiting...
demo.pcm not found, waiting...
demo.pcm not found, waiting...
demo.pcm not found, waiting...
demo.pcm not found, waiting...
demo.pcm not found, waiting...
demo.pcm not found, waiting...
demo.pcm not found, waiting...
demo.pcm not found, waiting...
demo.pcm not found, waiting...
demo.pcm not found, waiting...
demo.pcm not found, waiting...
demo.pcm not found, waiting...
demo.pcm not found, waiting...
demo.pcm not found, waiting...
demo.pcm not found, waiting...
demo.pcm not found, waiting...
demo.pcm not found, waiting...
demo.pcm not found, waiting...
demo.pcm not found, waiting...
demo.pcm not found, waiting...
demo.pcm not found, waiting...
demo.pcm not found, waiting...
demo.pcm not found, waiting...
demo.pcm not found, waiting...
demo.pcm not found, waiting...
demo.pcm not found, waiting...
demo.pcm not found, waiting...
demo.pcm not found, waiting...
demo.pcm not found, waiting...
demo.pcm not found, waiting...
demo.pcm not found, waiting...
demo.pcm not found, waiting...
demo.pcm not found, waiting...
demo.pcm not found, waiting...
demo.pcm not found, waiting...
demo.pcm not found, waiting...
demo.pcm not found, waiting...
demo.pcm not found, waiting...
demo.pcm not found, waiting...
demo.pcm not found, waiting...
demo.pcm not found, waiting...
demo.pcm not found, waiting...
demo.pcm not found, waiting...
demo.pcm not found, waiting...
demo.pcm not found, waiting...
demo.pcm not found, waiting...
demo.pcm not found, waiting...
demo.pcm not found, waiting...
demo.pcm not found, waiting...
demo.pcm not found, waiting...
demo.pcm not found, waiting...
demo.pcm not found, waiting...
demo.pcm not found, waiting...
demo.pcm not found, waiting...
demo.pcm not found, waiting...
demo.pcm not found, waiting...
demo.pcm not found, waiting...
demo.pcm not found, waiting...
demo.pcm not found, waiting...
demo.pcm not found, waiting...
demo.pcm not found, waiting...
demo.pcm not found, waiting...
demo.pcm not found, waiting...
demo.pcm not found, waiting...
demo.pcm not found, waiting...
demo.pcm not found, waiting...
demo.pcm not found, waiting...
demo.pcm not found, waiting...
demo.pcm not found, waiting...
demo.pcm not found, waiting...
demo.pcm not found, waiting...
demo.pcm not found, waiting...
demo.pcm not found, waiting...
demo.pcm not found, waiting...
demo.pcm not found, waiting...
demo.pcm not found, waiting...
demo.pcm not found, waiting...
demo.pcm not found, waiting...
demo.pcm not found, waiting...
demo.pcm not found, waiting...
demo.pcm not found, waiting...
demo.pcm not found, waiting...
demo.pcm not found, waiting...
demo.pcm not found, waiting...
demo.pcm not found, waiting...
demo.pcm not found, waiting...
demo.pcm not found, waiting...
demo.pcm not found, waiting...
demo.pcm not found, waiting...
demo.pcm not found, waiting...
demo.pcm not found, waiting...
demo.pcm not found, waiting...
demo.pcm not found, waiting...
demo.pcm not found, waiting...
demo.pcm not found, waiting...
demo.pcm not found, waiting...
demo.pcm not found, waiting...
demo.pcm not found, waiting...
demo.pcm not found, waiting...
demo.pcm not found, waiting...
demo.pcm not found, waiting...
demo.pcm not found, waiting...
demo.pcm not found, waiting...
demo.pcm not found, waiting...
demo.pcm not found, waiting...
demo.pcm not found, waiting...
demo.pcm not found, waiting...
demo.pcm not found, waiting...
demo.pcm not found, waiting...
demo.pcm not found, waiting...
demo.pcm not found, waiting...
demo.pcm not found, waiting...
demo.pcm not found, waiting...
demo.pcm not found, waiting...
demo.pcm not found, waiting...
demo.pcm not found, waiting...
demo.pcm not found, waiting...
demo.pcm not found, waiting...
demo.pcm not found, waiting...
demo.pcm not found, waiting...
demo.pcm not found, waiting...
demo.pcm not found, waiting...
demo.pcm not found, waiting...
demo.pcm not found, waiting...
demo.pcm not found, waiting...
demo.pcm not found, waiting...
demo.pcm not found, waiting...
demo.pcm not found, waiting...
demo.pcm not found, waiting...
demo.pcm not found, waiting...
demo.pcm not found, waiting...
demo.pcm not found, waiting...
demo.pcm not found, waiting...
demo.pcm not found, waiting...
demo.pcm not found, waiting...
demo.pcm not found, waiting...
demo.pcm not found, waiting...
demo.pcm not found, waiting...
demo.pcm not found, waiting...
demo.pcm not found, waiting...
demo.pcm not found, waiting...
demo.pcm not found, waiting...
demo.pcm not found, waiting...
demo.pcm not found, waiting...
demo.pcm not found, waiting...
demo.pcm not found, waiting...
demo.pcm not found, waiting...
demo.pcm not found, waiting...
demo.pcm not found, waiting...
demo.pcm not found, waiting...
demo.pcm not found, waiting...
demo.pcm not found, waiting...
demo.pcm not found, waiting...
demo.pcm not found, waiting...
demo.pcm not found, waiting...
demo.pcm not found, waiting...
demo.pcm not found, waiting...
demo.pcm not found, waiting...
demo.pcm not found, waiting...
demo.pcm not found, waiting...
demo.pcm not found, waiting...
demo.pcm not found, waiting...
demo.pcm not found, waiting...
demo.pcm not found, waiting...
demo.pcm not found, waiting...
demo.pcm not found, waiting...
demo.pcm not found, waiting...
demo.pcm not found, waiting...
demo.pcm not found, waiting...
demo.pcm not found, waiting...
demo.pcm not found, waiting...
demo.pcm not found, waiting...
demo.pcm not found, waiting...
demo.pcm not found, waiting...
demo.pcm not found, waiting...
demo.pcm not found, waiting...
demo.pcm not found, waiting...
demo.pcm not found, waiting...
demo.pcm not found, waiting...
demo.pcm not found, waiting...
demo.pcm not found, waiting...
demo.pcm not found, waiting...
demo.pcm not found, waiting...
demo.pcm not found, waiting...
demo.pcm not found, waiting...
demo.pcm not found, waiting...
demo.pcm not found, waiting...
demo.pcm not found, waiting...
demo.pcm not found, waiting...
demo.pcm not found, waiting...
demo.pcm not found, waiting...
demo.pcm not found, waiting...
demo.pcm not found, waiting...
demo.pcm not found, waiting...
demo.pcm not found, waiting...
demo.pcm not found, waiting...
demo.pcm not found, waiting...
demo.pcm not found, waiting...
demo.pcm not found, waiting...
demo.pcm not found, waiting...
demo.pcm not found, waiting...
demo.pcm not found, waiting...
demo.pcm not found, waiting...
demo.pcm not found, waiting...
demo.pcm not found, waiting...
demo.pcm not found, waiting...
demo.pcm not found, waiting...
demo.pcm not found, waiting...
demo.pcm not found, waiting...
demo.pcm not found, waiting...
demo.pcm not found, waiting...
demo.pcm not found, waiting...
demo.pcm not found, waiting...
demo.pcm not found, waiting...
demo.pcm not found, waiting...
demo.pcm not found, waiting...
demo.pcm not found, waiting...
demo.pcm not found, waiting...
demo.pcm not found, waiting...
demo.pcm not found, waiting...
demo.pcm not found, waiting...
demo.pcm not found, waiting...
demo.pcm not found, waiting...
demo.pcm not found, waiting...
demo.pcm not found, waiting...
demo.pcm not found, waiting...
demo.pcm not found, waiting...
demo.pcm not found, waiting...
demo.pcm not found, waiting...
demo.pcm not found, waiting...
demo.pcm not found, waiting...
demo.pcm not found, waiting...
demo.pcm not found, waiting...
demo.pcm not found, waiting...
demo.pcm not found, waiting...
demo.pcm not found, waiting...
demo.pcm not found, waiting...
demo.pcm not found, waiting...
demo.pcm not found, waiting...
demo.pcm not found, waiting...
demo.pcm not found, waiting...
demo.pcm not found, waiting...
demo.pcm not found, waiting...
demo.pcm not found, waiting...
demo.pcm not found, waiting...
demo.pcm not found, waiting...
demo.pcm not found, waiting...
demo.pcm not found, waiting...
demo.pcm not found, waiting...
demo.pcm not found, waiting...
demo.pcm not found, waiting...
demo.pcm not found, waiting...
demo.pcm not found, waiting...
demo.pcm not found, waiting...
demo.pcm not found, waiting...
demo.pcm not found, waiting...
demo.pcm not found, waiting...
demo.pcm not found, waiting...
demo.pcm not found, waiting...
demo.pcm not found, waiting...
demo.pcm not found, waiting...
demo.pcm not found, waiting...
demo.pcm not found, waiting...
demo.pcm not found, waiting...
demo.pcm not found, waiting...
demo.pcm not found, waiting...
demo.pcm not found, waiting...
demo.pcm not found, waiting...
demo.pcm not found, waiting...
demo.pcm not found, waiting...
demo.pcm not found, waiting...
demo.pcm not found, waiting...
demo.pcm not found, waiting...
demo.pcm not found, waiting...
demo.pcm not found, waiting...
demo.pcm not found, waiting...
demo.pcm not found, waiting...
demo.pcm not found, waiting...
demo.pcm not found, waiting...
demo.pcm not found, waiting...
demo.pcm not found, waiting...
demo.pcm not found, waiting...
demo.pcm not found, waiting...
demo.pcm not found, waiting...
demo.pcm not found, waiting...
demo.pcm not found, waiting...
demo.pcm not found, waiting...
demo.pcm not found, waiting...
demo.pcm not found, waiting...
demo.pcm not found, waiting...
demo.pcm not found, waiting...
demo.pcm not found, waiting...
demo.pcm not found, waiting...
demo.pcm not found, waiting...
demo.pcm not found, waiting...
demo.pcm not found, waiting...
demo.pcm not found, waiting...
demo.pcm not found, waiting...
demo.pcm not found, waiting...
demo.pcm not found, waiting...
demo.pcm not found, waiting...
demo.pcm not found, waiting...
demo.pcm not found, waiting...
demo.pcm not found, waiting...
demo.pcm not found, waiting...
demo.pcm not found, waiting...
demo.pcm not found, waiting...
demo.pcm not found, waiting...
demo.pcm not found, waiting...
demo.pcm not found, waiting...
demo.pcm not found, waiting...
demo.pcm not found, waiting...
demo.pcm not found, waiting...
demo.pcm not found, waiting...
demo.pcm not found, waiting...
demo.pcm not found, waiting...
demo.pcm not found, waiting...
demo.pcm not found, waiting...
demo.pcm not found, waiting...
demo.pcm not found, waiting...
demo.pcm not found, waiting...
demo.pcm not found, waiting...
demo.pcm not found, waiting...
demo.pcm not found, waiting...
demo.pcm not found, waiting...
demo.pcm not found, waiting...
demo.pcm not found, waiting...
demo.pcm not found, waiting...
demo.pcm not found, waiting...
demo.pcm not found, waiting...
demo.pcm not found, waiting...
demo.pcm not found, waiting...
demo.pcm not found, waiting...
demo.pcm not found, waiting...
demo.pcm not found, waiting...
demo.pcm not found, waiting...
demo.pcm not found, waiting...
demo.pcm not found, waiting...
demo.pcm not found, waiting...
demo.pcm not found, waiting...
demo.pcm not found, waiting...
demo.pcm not found, waiting...
demo.pcm not found, waiting...
demo.pcm not found, waiting...
demo.pcm not found, waiting...
demo.pcm not found, waiting...
demo.pcm not found, waiting...
demo.pcm not found, waiting...
demo.pcm not found, waiting...
demo.pcm not found, waiting...
demo.pcm not found, waiting...
demo.pcm not found, waiting...
demo.pcm not found, waiting...
demo.pcm not found, waiting...
demo.pcm not found, waiting...
demo.pcm not found, waiting...
demo.pcm not found, waiting...
demo.pcm not found, waiting...
demo.pcm not found, waiting...
demo.pcm not found, waiting...
demo.pcm not found, waiting...
demo.pcm not found, waiting...
demo.pcm not found, waiting...
demo.pcm not found, waiting...
demo.pcm not found, waiting...
demo.pcm not found, waiting...
demo.pcm not found, waiting...
demo.pcm not found, waiting...
demo.pcm not found, waiting...
demo.pcm not found, waiting...
demo.pcm not found, waiting...
demo.pcm not found, waiting...
demo.pcm not found, waiting...
demo.pcm not found, waiting...
demo.pcm not found, waiting...
demo.pcm not found, waiting...
demo.pcm not found, waiting...
demo.pcm not found, waiting...
demo.pcm not found, waiting...
demo.pcm not found, waiting...
demo.pcm not found, waiting...
demo.pcm not found, waiting...
demo.pcm not found, waiting...
demo.pcm not found, waiting...
demo.pcm not found, waiting...
demo.pcm not found, waiting...
demo.pcm not found, waiting...
demo.pcm not found, waiting...
demo.pcm not found, waiting...
demo.pcm not found, waiting...
demo.pcm not found, waiting...
demo.pcm not found, waiting...
demo.pcm not found, waiting...
demo.pcm not found, waiting...
demo.pcm not found, waiting...
demo.pcm not found, waiting...
demo.pcm not found, waiting...
demo.pcm not found, waiting...
demo.pcm not found, waiting...
demo.pcm not found, waiting...
demo.pcm not found, waiting...
demo.pcm not found, waiting...
demo.pcm not found, waiting...
demo.pcm not found, waiting...
demo.pcm not found, waiting...
demo.pcm not found, waiting...
demo.pcm not found, waiting...
demo.pcm not found, waiting...
demo.pcm not found, waiting...
demo.pcm not found, waiting...
demo.pcm not found, waiting...
demo.pcm not found, waiting...
demo.pcm not found, waiting...
demo.pcm not found, waiting...
demo.pcm not found, waiting...
demo.pcm not found, waiting...
demo.pcm not found, waiting...
demo.pcm not found, waiting...
demo.pcm not found, waiting...
demo.pcm not found, waiting...
demo.pcm not found, waiting...
demo.pcm not found, waiting...
demo.pcm not found, waiting...
demo.pcm not found, waiting...
demo.pcm not found, waiting...
demo.pcm not found, waiting...
demo.pcm not found, waiting...
demo.pcm not found, waiting...
demo.pcm not found, waiting...
demo.pcm not found, waiting...
demo.pcm not found, waiting...
demo.pcm not found, waiting...
demo.pcm not found, waiting...
demo.pcm not found, waiting...
demo.pcm not found, waiting...
demo.pcm not found, waiting...
demo.pcm not found, waiting...
demo.pcm not found, waiting...
demo.pcm not found, waiting...
demo.pcm not found, waiting...
demo.pcm not found, waiting...
demo.pcm not found, waiting...
demo.pcm not found, waiting...
demo.pcm not found, waiting...
demo.pcm not found, waiting...
demo.pcm not found, waiting...
demo.pcm not found, waiting...
demo.pcm not found, waiting...
demo.pcm not found, waiting...
demo.pcm not found, waiting...
demo.pcm not found, waiting...
demo.pcm not found, waiting...
demo.pcm not found, waiting...
demo.pcm not found, waiting...
demo.pcm not found, waiting...
demo.pcm not found, waiting...
demo.pcm not found, waiting...
demo.pcm not found, waiting...
demo.pcm not found, waiting...
demo.pcm not found, waiting...
demo.pcm not found, waiting...
demo.pcm not found, waiting...
demo.pcm not found, waiting...
demo.pcm not found, waiting...
demo.pcm not found, waiting...
demo.pcm not found, waiting...
demo.pcm not found, waiting...
demo.pcm not found, waiting...
demo.pcm not found, waiting...
demo.pcm not found, waiting...
demo.pcm not found, waiting...
demo.pcm not found, waiting...
demo.pcm not found, waiting...
demo.pcm not found, waiting...
demo.pcm not found, waiting...
demo.pcm not found, waiting...
demo.pcm not found, waiting...
demo.pcm not found, waiting...
demo.pcm not found, waiting...
demo.pcm not found, waiting...
demo.pcm not found, waiting...
demo.pcm not found, waiting...
demo.pcm not found, waiting...
demo.pcm not found, waiting...
demo.pcm not found, waiting...
demo.pcm not found, waiting...
demo.pcm not found, waiting...
demo.pcm not found, waiting...
demo.pcm not found, waiting...
demo.pcm not found, waiting...
demo.pcm not found, waiting...
demo.pcm not found, waiting...
demo.pcm not found, waiting...
demo.pcm not found, waiting...
demo.pcm not found, waiting...
demo.pcm not found, waiting...
demo.pcm not found, waiting...
demo.pcm not found, waiting...
demo.pcm not found, waiting...
demo.pcm not found, waiting...
demo.pcm not found, waiting...
demo.pcm not found, waiting...
demo.pcm not found, waiting...
demo.pcm not found, waiting...
demo.pcm not found, waiting...
demo.pcm not found, waiting...
demo.pcm not found, waiting...
demo.pcm not found, waiting...
demo.pcm not found, waiting...
demo.pcm not found, waiting...
demo.pcm not found, waiting...
demo.pcm not found, waiting...
demo.pcm not found, waiting...
demo.pcm not found, waiting...
demo.pcm not found, waiting...
demo.pcm not found, waiting...
demo.pcm not found, waiting...
demo.pcm not found, waiting...
demo.pcm not found, waiting...
demo.pcm not found, waiting...
demo.pcm not found, waiting...
demo.pcm not found, waiting...
demo.pcm not found, waiting...
demo.pcm not found, waiting...
demo.pcm not found, waiting...
demo.pcm not found, waiting...
demo.pcm not found, waiting...
demo.pcm not found, waiting...
demo.pcm not found, waiting...
demo.pcm not found, waiting...
demo.pcm not found, waiting...
demo.pcm not found, waiting...
demo.pcm not found, waiting...
demo.pcm not found, waiting...
demo.pcm not found, waiting...
demo.pcm not found, waiting...
demo.pcm not found, waiting...
demo.pcm not found, waiting...
demo.pcm not found, waiting...
demo.pcm not found, waiting...
demo.pcm not found, waiting...
demo.pcm not found, waiting...
demo.pcm not found, waiting...
demo.pcm not found, waiting...
demo.pcm not found, waiting...
demo.pcm not found, waiting...
demo.pcm not found, waiting...
demo.pcm not found, waiting...
demo.pcm not found, waiting...
demo.pcm not found, waiting...
demo.pcm not found, waiting...
demo.pcm not found, waiting...
demo.pcm not found, waiting...
demo.pcm not found, waiting...
demo.pcm not found, waiting...
demo.pcm not found, waiting...
demo.pcm not found, waiting...
demo.pcm not found, waiting...
demo.pcm not found, waiting...
demo.pcm not found, waiting...
demo.pcm not found, waiting...
demo.pcm not found, waiting...
demo.pcm not found, waiting...
demo.pcm not found, waiting...
demo.pcm not found, waiting...
demo.pcm not found, waiting...
demo.pcm not found, waiting...
demo.pcm not found, waiting...
demo.pcm not found, waiting...
demo.pcm not found, waiting...
demo.pcm not found, waiting...
demo.pcm not found, waiting...
demo.pcm not found, waiting...
demo.pcm not found, waiting...
demo.pcm not found, waiting...
demo.pcm not found, waiting...
demo.pcm not found, waiting...
demo.pcm not found, waiting...
demo.pcm not found, waiting...
demo.pcm not found, waiting...
demo.pcm not found, waiting...
demo.pcm not found, waiting...
demo.pcm not found, waiting...
demo.pcm not found, waiting...
demo.pcm not found, waiting...
demo.pcm not found, waiting...
demo.pcm not found, waiting...
demo.pcm not found, waiting...
demo.pcm not found, waiting...
demo.pcm not found, waiting...
demo.pcm not found, waiting...
demo.pcm not found, waiting...
demo.pcm not found, waiting...
demo.pcm not found, waiting...
demo.pcm not found, waiting...
demo.pcm not found, waiting...
demo.pcm not found, waiting...
demo.pcm not found, waiting...
demo.pcm not found, waiting...
demo.pcm not found, waiting...
demo.pcm not found, waiting...
demo.pcm not found, waiting...
demo.pcm not found, waiting...
demo.pcm not found, waiting...
demo.pcm not found, waiting...
demo.pcm not found, waiting...
demo.pcm not found, waiting...
demo.pcm not found, waiting...
demo.pcm not found, waiting...
demo.pcm not found, waiting...
demo.pcm not found, waiting...
demo.pcm not found, waiting...
demo.pcm not found, waiting...
demo.pcm not found, waiting...
demo.pcm not found, waiting...
demo.pcm not found, waiting...
demo.pcm not found, waiting...
demo.pcm not found, waiting...
demo.pcm not found, waiting...
demo.pcm not found, waiting...
demo.pcm not found, waiting...
demo.pcm not found, waiting...
demo.pcm not found, waiting...
demo.pcm not found, waiting...
demo.pcm not found, waiting...
demo.pcm not found, waiting...
demo.pcm not found, waiting...
demo.pcm not found, waiting...
demo.pcm not found, waiting...
demo.pcm not found, waiting...
demo.pcm not found, waiting...
demo.pcm not found, waiting...
demo.pcm not found, waiting...
demo.pcm not found, waiting...
demo.pcm not found, waiting...
demo.pcm not found, waiting...
demo.pcm not found, waiting...
demo.pcm not found, waiting...
demo.pcm not found, waiting...
demo.pcm not found, waiting...
demo.pcm not found, waiting...
demo.pcm not found, waiting...
demo.pcm not found, waiting...
demo.pcm not found, waiting...
demo.pcm not found, waiting...
demo.pcm not found, waiting...
demo.pcm not found, waiting...
demo.pcm not found, waiting...
demo.pcm not found, waiting...
demo.pcm not found, waiting...
demo.pcm not found, waiting...
demo.pcm not found, waiting...
demo.pcm not found, waiting...
demo.pcm not found, waiting...
demo.pcm not found, waiting...
demo.pcm not found, waiting...
demo.pcm not found, waiting...
demo.pcm not found, waiting...
demo.pcm not found, waiting...
demo.pcm not found, waiting...
demo.pcm not found, waiting...
demo.pcm not found, waiting...
demo.pcm not found, waiting...
demo.pcm not found, waiting...
demo.pcm not found, waiting...
demo.pcm not found, waiting...
demo.pcm not found, waiting...
demo.pcm not found, waiting...
demo.pcm not found, waiting...
demo.pcm not found, waiting...
demo.pcm not found, waiting...
demo.pcm not found, waiting...
demo.pcm not found, waiting...
demo.pcm not found, waiting...
demo.pcm not found, waiting...
demo.pcm not found, waiting...
demo.pcm not found, waiting...
demo.pcm not found, waiting...
demo.pcm not found, waiting...
demo.pcm not found, waiting...
demo.pcm not found, waiting...
demo.pcm not found, waiting...
demo.pcm not found, waiting...
demo.pcm not found, waiting...
demo.pcm not found, waiting...
demo.pcm not found, waiting...
demo.pcm not found, waiting...
demo.pcm not found, waiting...
demo.pcm not found, waiting...
demo.pcm not found, waiting...
demo.pcm not found, waiting...
demo.pcm not found, waiting...
demo.pcm not found, waiting...
demo.pcm not found, waiting...
demo.pcm not found, waiting...
demo.pcm not found, waiting...
demo.pcm not found, waiting...
demo.pcm not found, waiting...
demo.pcm not found, waiting...
demo.pcm not found, waiting...
demo.pcm not found, waiting...
demo.pcm not found, waiting...
demo.pcm not found, waiting...
demo.pcm not found, waiting...
demo.pcm not found, waiting...
demo.pcm not found, waiting...
demo.pcm not found, waiting...
demo.pcm not found, waiting...
demo.pcm not found, waiting...
demo.pcm not found, waiting...
demo.pcm not found, waiting...
demo.pcm not found, waiting...
demo.pcm not found, waiting...
demo.pcm not found, waiting...
demo.pcm not found, waiting...
demo.pcm not found, waiting...
demo.pcm not found, waiting...
demo.pcm not found, waiting...
demo.pcm not found, waiting...
demo.pcm not found, waiting...
demo.pcm not found, waiting...
demo.pcm not found, waiting...
demo.pcm not found, waiting...
demo.pcm not found, waiting...
demo.pcm not found, waiting...
demo.pcm not found, waiting...
demo.pcm not found, waiting...
demo.pcm not found, waiting...
demo.pcm not found, waiting...
demo.pcm not found, waiting...
demo.pcm not found, waiting...
demo.pcm not found, waiting...
demo.pcm not found, waiting...
demo.pcm not found, waiting...
demo.pcm not found, waiting...
demo.pcm not found, waiting...
demo.pcm not found, waiting...
demo.pcm not found, waiting...
demo.pcm not found, waiting...
demo.pcm not found, waiting...
demo.pcm not found, waiting...
demo.pcm not found, waiting...
demo.pcm not found, waiting...
demo.pcm not found, waiting...
demo.pcm not found, waiting...
demo.pcm not found, waiting...
demo.pcm not found, waiting...
demo.pcm not found, waiting...
demo.pcm not found, waiting...
demo.pcm not found, waiting...
demo.pcm not found, waiting...
demo.pcm not found, waiting...
demo.pcm not found, waiting...
demo.pcm not found, waiting...
demo.pcm not found, waiting...
demo.pcm not found, waiting...
demo.pcm not found, waiting...
demo.pcm not found, waiting...
demo.pcm not found, waiting...
demo.pcm not found, waiting...
demo.pcm not found, waiting...
demo.pcm not found, waiting...
demo.pcm not found, waiting...
demo.pcm not found, waiting...
demo.pcm not found, waiting...
demo.pcm not found, waiting...
demo.pcm not found, waiting...
demo.pcm not found, waiting...
demo.pcm not found, waiting...
demo.pcm not found, waiting...
demo.pcm not found, waiting...
demo.pcm not found, waiting...
demo.pcm not found, waiting...
demo.pcm not found, waiting...
demo.pcm not found, waiting...
demo.pcm not found, waiting...
demo.pcm not found, waiting...
demo.pcm not found, waiting...
demo.pcm not found, waiting...
demo.pcm not found, waiting...
demo.pcm not found, waiting...
demo.pcm not found, waiting...
demo.pcm not found, waiting...
demo.pcm not found, waiting...
demo.pcm not found, waiting...
demo.pcm not found, waiting...
demo.pcm not found, waiting...
demo.pcm not found, waiting...
demo.pcm not found, waiting...
demo.pcm not found, waiting...
demo.pcm not found, waiting...
demo.pcm not found, waiting...
demo.pcm not found, waiting...
demo.pcm not found, waiting...
demo.pcm not found, waiting...
demo.pcm not found, waiting...
demo.pcm not found, waiting...
demo.pcm not found, waiting...
demo.pcm not found, waiting...
demo.pcm not found, waiting...
demo.pcm not found, waiting...
demo.pcm not found, waiting...
demo.pcm not found, waiting...
demo.pcm not found, waiting...
demo.pcm not found, waiting...
demo.pcm not found, waiting...
demo.pcm not found, waiting...
demo.pcm not found, waiting...
demo.pcm not found, waiting...
demo.pcm not found, waiting...
demo.pcm not found, waiting...
demo.pcm not found, waiting...
demo.pcm not found, waiting...
demo.pcm not found, waiting...
demo.pcm not found, waiting...
demo.pcm not found, waiting...
demo.pcm not found, waiting...
demo.pcm not found, waiting...
demo.pcm not found, waiting...
demo.pcm not found, waiting...
demo.pcm not found, waiting...
demo.pcm not found, waiting...
demo.pcm not found, waiting...
demo.pcm not found, waiting...
demo.pcm not found, waiting...
demo.pcm not found, waiting...
demo.pcm not found, waiting...
demo.pcm not found, waiting...
demo.pcm not found, waiting...
demo.pcm not found, waiting...
demo.pcm not found, waiting...
demo.pcm not found, waiting...
demo.pcm not found, waiting...
demo.pcm not found, waiting...
demo.pcm not found, waiting...
demo.pcm not found, waiting...
demo.pcm not found, waiting...
demo.pcm not found, waiting...
demo.pcm not found, waiting...
demo.pcm not found, waiting...
demo.pcm not found, waiting...
demo.pcm not found, waiting...
demo.pcm not found, waiting...
demo.pcm not found, waiting...
demo.pcm not found, waiting...
demo.pcm not found, waiting...
demo.pcm not found, waiting...
demo.pcm not found, waiting...
demo.pcm not found, waiting...
demo.pcm not found, waiting...
demo.pcm not found, waiting...
demo.pcm not found, waiting...
demo.pcm not found, waiting...
demo.pcm not found, waiting...
demo.pcm not found, waiting...
demo.pcm not found, waiting...
demo.pcm not found, waiting...
demo.pcm not found, waiting...
demo.pcm not found, waiting...
demo.pcm not found, waiting...
demo.pcm not found, waiting...
demo.pcm not found, waiting...
demo.pcm not found, waiting...
demo.pcm not found, waiting...
demo.pcm not found, waiting...
demo.pcm not found, waiting...
demo.pcm not found, waiting...
demo.pcm not found, waiting...
demo.pcm not found, waiting...
demo.pcm not found, waiting...
demo.pcm not found, waiting...
demo.pcm not found, waiting...
demo.pcm not found, waiting...
demo.pcm not found, waiting...
demo.pcm not found, waiting...
demo.pcm not found, waiting...
demo.pcm not found, waiting...
demo.pcm not found, waiting...
demo.pcm not found, waiting...
demo.pcm not found, waiting...
demo.pcm not found, waiting...
demo.pcm not found, waiting...
demo.pcm not found, waiting...
demo.pcm not found, waiting...
demo.pcm not found, waiting...
demo.pcm not found, waiting...
demo.pcm not found, waiting...
demo.pcm not found, waiting...
demo.pcm not found, waiting...
demo.pcm not found, waiting...
demo.pcm not found, waiting...
demo.pcm not found, waiting...
demo.pcm not found, waiting...
demo.pcm not found, waiting...
demo.pcm not found, waiting...
demo.pcm not found, waiting...
demo.pcm not found, waiting...
demo.pcm not found, waiting...
demo.pcm not found, waiting...
demo.pcm not found, waiting...
demo.pcm not found, waiting...
demo.pcm not found, waiting...
demo.pcm not found, waiting...
demo.pcm not found, waiting...
demo.pcm not found, waiting...
demo.pcm not found, waiting...
demo.pcm not found, waiting...
demo.pcm not found, waiting...
demo.pcm not found, waiting...
demo.pcm not found, waiting...
demo.pcm not found, waiting...
demo.pcm not found, waiting...
demo.pcm not found, waiting...
demo.pcm not found, waiting...
demo.pcm not found, waiting...
demo.pcm not found, waiting...
demo.pcm not found, waiting...
demo.pcm not found, waiting...
demo.pcm not found, waiting...
demo.pcm not found, waiting...
demo.pcm not found, waiting...
demo.pcm not found, waiting...
demo.pcm not found, waiting...
demo.pcm not found, waiting...
demo.pcm not found, waiting...
demo.pcm not found, waiting...
demo.pcm not found, waiting...
demo.pcm not found, waiting...
demo.pcm not found, waiting...
demo.pcm not found, waiting...
demo.pcm not found, waiting...
demo.pcm not found, waiting...
demo.pcm not found, waiting...
demo.pcm not found, waiting...
demo.pcm not found, waiting...
demo.pcm not found, waiting...
demo.pcm not found, waiting...
demo.pcm not found, waiting...
demo.pcm not found, waiting...
demo.pcm not found, waiting...
demo.pcm not found, waiting...
demo.pcm not found, waiting...
demo.pcm not found, waiting...
demo.pcm not found, waiting...
demo.pcm not found, waiting...
demo.pcm not found, waiting...
demo.pcm not found, waiting...
demo.pcm not found, waiting...
demo.pcm not found, waiting...
demo.pcm not found, waiting...
demo.pcm not found, waiting...
demo.pcm not found, waiting...
demo.pcm not found, waiting...
demo.pcm not found, waiting...
demo.pcm not found, waiting...
demo.pcm not found, waiting...
demo.pcm not found, waiting...
demo.pcm not found, waiting...
demo.pcm not found, waiting...
demo.pcm not found, waiting...
demo.pcm not found, waiting...
demo.pcm not found, waiting...
demo.pcm not found, waiting...
demo.pcm not found, waiting...
demo.pcm not found, waiting...
demo.pcm not found, waiting...
demo.pcm not found, waiting...
demo.pcm not found, waiting...
demo.pcm not found, waiting...
demo.pcm not found, waiting...
demo.pcm not found, waiting...
demo.pcm not found, waiting...
demo.pcm not found, waiting...
demo.pcm not found, waiting...
demo.pcm not found, waiting...
demo.pcm not found, waiting...
demo.pcm not found, waiting...
demo.pcm not found, waiting...
demo.pcm not found, waiting...
demo.pcm not found, waiting...
demo.pcm not found, waiting...
demo.pcm not found, waiting...
demo.pcm not found, waiting...
demo.pcm not found, waiting...
demo.pcm not found, waiting...
demo.pcm not found, waiting...
demo.pcm not found, waiting...
demo.pcm not found, waiting...
demo.pcm not found, waiting...
demo.pcm not found, waiting...
demo.pcm not found, waiting...
demo.pcm not found, waiting...
demo.pcm not found, waiting...
demo.pcm not found, waiting...
demo.pcm not found, waiting...
demo.pcm not found, waiting...
demo.pcm not found, waiting...
demo.pcm not found, waiting...
demo.pcm not found, waiting...
demo.pcm not found, waiting...
demo.pcm not found, waiting...
demo.pcm not found, waiting...
demo.pcm not found, waiting...
demo.pcm not found, waiting...
demo.pcm not found, waiting...
demo.pcm not found, waiting...
demo.pcm not found, waiting...
demo.pcm not found, waiting...
demo.pcm not found, waiting...
demo.pcm not found, waiting...
demo.pcm not found, waiting...
demo.pcm not found, waiting...
demo.pcm not found, waiting...
demo.pcm not found, waiting...
demo.pcm not found, waiting...
demo.pcm not found, waiting...
demo.pcm not found, waiting...
demo.pcm not found, waiting...
demo.pcm not found, waiting...
demo.pcm not found, waiting...
demo.pcm not found, waiting...
demo.pcm not found, waiting...
demo.pcm not found, waiting...
demo.pcm not found, waiting...
demo.pcm not found, waiting...
demo.pcm not found, waiting...
demo.pcm not found, waiting...
demo.pcm not found, waiting...
demo.pcm not found, waiting...
demo.pcm not found, waiting...
demo.pcm not found, waiting...
demo.pcm not found, waiting...
demo.pcm not found, waiting...
demo.pcm not found, waiting...
demo.pcm not found, waiting...
demo.pcm not found, waiting...
demo.pcm not found, waiting...
demo.pcm not found, waiting...
demo.pcm not found, waiting...
demo.pcm not found, waiting...
demo.pcm not found, waiting...
demo.pcm not found, waiting...
demo.pcm not found, waiting...
demo.pcm not found, waiting...
demo.pcm not found, waiting...
demo.pcm not found, waiting...
demo.pcm not found, waiting...
demo.pcm not found, waiting...
demo.pcm not found, waiting...
demo.pcm not found, waiting...
demo.pcm not found, waiting...
demo.pcm not found, waiting...
demo.pcm not found, waiting...
demo.pcm not found, waiting...
demo.pcm not found, waiting...
demo.pcm not found, waiting...
demo.pcm not found, waiting...
demo.pcm not found, waiting...
demo.pcm not found, waiting...
demo.pcm not found, waiting...
demo.pcm not found, waiting...
demo.pcm not found, waiting...
demo.pcm not found, waiting...
demo.pcm not found, waiting...
demo.pcm not found, waiting...
demo.pcm not found, waiting...
demo.pcm not found, waiting...
demo.pcm not found, waiting...
demo.pcm not found, waiting...
demo.pcm not found, waiting...
demo.pcm not found, waiting...
demo.pcm not found, waiting...
demo.pcm not found, waiting...
demo.pcm not found, waiting...
demo.pcm not found, waiting...
demo.pcm not found, waiting...
demo.pcm not found, waiting...
demo.pcm not found, waiting...
demo.pcm not found, waiting...
demo.pcm not found, waiting...
demo.pcm not found, waiting...
demo.pcm not found, waiting...
demo.pcm not found, waiting...
demo.pcm not found, waiting...
demo.pcm not found, waiting...
demo.pcm not found, waiting...
demo.pcm not found, waiting...
demo.pcm not found, waiting...
demo.pcm not found, waiting...
demo.pcm not found, waiting...
demo.pcm not found, waiting...
demo.pcm not found, waiting...
demo.pcm not found, waiting...
demo.pcm not found, waiting...
demo.pcm not found, waiting...
demo.pcm not found, waiting...
demo.pcm not found, waiting...
demo.pcm not found, waiting...
demo.pcm not found, waiting...
demo.pcm not found, waiting...
demo.pcm not found, waiting...
demo.pcm not found, waiting...
demo.pcm not found, waiting...
demo.pcm not found, waiting...
demo.pcm not found, waiting...
demo.pcm not found, waiting...
demo.pcm not found, waiting...
demo.pcm not found, waiting...
demo.pcm not found, waiting...
demo.pcm not found, waiting...
demo.pcm not found, waiting...
demo.pcm not found, waiting...
demo.pcm not found, waiting...
demo.pcm not found, waiting...
demo.pcm not found, waiting...
demo.pcm not found, waiting...
demo.pcm not found, waiting...
demo.pcm not found, waiting...
demo.pcm not found, waiting...
demo.pcm not found, waiting...
demo.pcm not found, waiting...
demo.pcm not found, waiting...
demo.pcm not found, waiting...
demo.pcm not found, waiting...
demo.pcm not found, waiting...
demo.pcm not found, waiting...
demo.pcm not found, waiting...
demo.pcm not found, waiting...
demo.pcm not found, waiting...
demo.pcm not found, waiting...
demo.pcm not found, waiting...
demo.pcm not found, waiting...
demo.pcm not found, waiting...
demo.pcm not found, waiting...
demo.pcm not found, waiting...
demo.pcm not found, waiting...
demo.pcm not found, waiting...
demo.pcm not found, waiting...
demo.pcm not found, waiting...
demo.pcm not found, waiting...
demo.pcm not found, waiting...
demo.pcm not found, waiting...
demo.pcm not found, waiting...
demo.pcm not found, waiting...
demo.pcm not found, waiting...
demo.pcm not found, waiting...
demo.pcm not found, waiting...
demo.pcm not found, waiting...
demo.pcm not found, waiting...
demo.pcm not found, waiting...
demo.pcm not found, waiting...
demo.pcm not found, waiting...
demo.pcm not found, waiting...
demo.pcm not found, waiting...
demo.pcm not found, waiting...
demo.pcm not found, waiting...
demo.pcm not found, waiting...
demo.pcm not found, waiting...
demo.pcm not found, waiting...
demo.pcm not found, waiting...
demo.pcm not found, waiting...
demo.pcm not found, waiting...
demo.pcm not found, waiting...
demo.pcm not found, waiting...
demo.pcm not found, waiting...
demo.pcm not found, waiting...
demo.pcm not found, waiting...
demo.pcm not found, waiting...
demo.pcm not found, waiting...
demo.pcm not found, waiting...
demo.pcm not found, waiting...
demo.pcm not found, waiting...
demo.pcm not found, waiting...
demo.pcm not found, waiting...
demo.pcm not found, waiting...
demo.pcm not found, waiting...
demo.pcm not found, waiting...
demo.pcm not found, waiting...
demo.pcm not found, waiting...
demo.pcm not found, waiting...
demo.pcm not found, waiting...
demo.pcm not found, waiting...
demo.pcm not found, waiting...
demo.pcm not found, waiting...
demo.pcm not found, waiting...
demo.pcm not found, waiting...
demo.pcm not found, waiting...
demo.pcm not found, waiting...
demo.pcm not found, waiting...
demo.pcm not found, waiting...
demo.pcm not found, waiting...
demo.pcm not found, waiting...
demo.pcm not found, waiting...
demo.pcm not found, waiting...
demo.pcm not found, waiting...
demo.pcm not found, waiting...
demo.pcm not found, waiting...
demo.pcm not found, waiting...
demo.pcm not found, waiting...
demo.pcm not found, waiting...
demo.pcm not found, waiting...
demo.pcm not found, waiting...
demo.pcm not found, waiting...
demo.pcm not found, waiting...
demo.pcm not found, waiting...
demo.pcm not found, waiting...
demo.pcm not found, waiting...
demo.pcm not found, waiting...
demo.pcm not found, waiting...
demo.pcm not found, waiting...
demo.pcm not found, waiting...
demo.pcm not found, waiting...
demo.pcm not found, waiting...
demo.pcm not found, waiting...
demo.pcm not found, waiting...
demo.pcm not found, waiting...
demo.pcm not found, waiting...
demo.pcm not found, waiting...
demo.pcm not found, waiting...
demo.pcm not found, waiting...
demo.pcm not found, waiting...
demo.pcm not found, waiting...
demo.pcm not found, waiting...
demo.pcm not found, waiting...
demo.pcm not found, waiting...
demo.pcm not found, waiting...
demo.pcm not found, waiting...
demo.pcm not found, waiting...
demo.pcm not found, waiting...
demo.pcm not found, waiting...
demo.pcm not found, waiting...
demo.pcm not found, waiting...
demo.pcm not found, waiting...
demo.pcm not found, waiting...
demo.pcm not found, waiting...
demo.pcm not found, waiting...
demo.pcm not found, waiting...
demo.pcm not found, waiting...
demo.pcm not found, waiting...
demo.pcm not found, waiting...
demo.pcm not found, waiting...
demo.pcm not found, waiting...
demo.pcm not found, waiting...
demo.pcm not found, waiting...
demo.pcm not found, waiting...
demo.pcm not found, waiting...
demo.pcm not found, waiting...
demo.pcm not found, waiting...
demo.pcm not found, waiting...
demo.pcm not found, waiting...
demo.pcm not found, waiting...
demo.pcm not found, waiting...
demo.pcm not found, waiting...
demo.pcm not found, waiting...
demo.pcm not found, waiting...
demo.pcm not found, waiting...
demo.pcm not found, waiting...
demo.pcm not found, waiting...
demo.pcm not found, waiting...
demo.pcm not found, waiting...
demo.pcm not found, waiting...
demo.pcm not found, waiting...
demo.pcm not found, waiting...
demo.pcm not found, waiting...
demo.pcm not found, waiting...
demo.pcm not found, waiting...
demo.pcm not found, waiting...
demo.pcm not found, waiting...
demo.pcm not found, waiting...
demo.pcm not found, waiting...
demo.pcm not found, waiting...
demo.pcm not found, waiting...
demo.pcm not found, waiting...
demo.pcm not found, waiting...
demo.pcm not found, waiting...
demo.pcm not found, waiting...
demo.pcm not found, waiting...
demo.pcm not found, waiting...
demo.pcm not found, waiting...
demo.pcm not found, waiting...
demo.pcm not found, waiting...
demo.pcm not found, waiting...
demo.pcm not found, waiting...
demo.pcm not found, waiting...
demo.pcm not found, waiting...
demo.pcm not found, waiting...
demo.pcm not found, waiting...
demo.pcm not found, waiting...
demo.pcm not found, waiting...
demo.pcm not found, waiting...
demo.pcm not found, waiting...
demo.pcm not found, waiting...
demo.pcm not found, waiting...
demo.pcm not found, waiting...
demo.pcm not found, waiting...
demo.pcm not found, waiting...
demo.pcm not found, waiting...
demo.pcm not found, waiting...
demo.pcm not found, waiting...
demo.pcm not found, waiting...
demo.pcm not found, waiting...
demo.pcm not found, waiting...
demo.pcm not found, waiting...
demo.pcm not found, waiting...
demo.pcm not found, waiting...
demo.pcm not found, waiting...
demo.pcm not found, waiting...
demo.pcm not found, waiting...
demo.pcm not found, waiting...
demo.pcm not found, waiting...
demo.pcm not found, waiting...
demo.pcm not found, waiting...
demo.pcm not found, waiting...
demo.pcm not found, waiting...
demo.pcm not found, waiting...
demo.pcm not found, waiting...
demo.pcm not found, waiting...
demo.pcm not found, waiting...
demo.pcm not found, waiting...
demo.pcm not found, waiting...
demo.pcm not found, waiting...
demo.pcm not found, waiting...
demo.pcm not found, waiting...
demo.pcm not found, waiting...
demo.pcm not found, waiting...
demo.pcm not found, waiting...
demo.pcm not found, waiting...
demo.pcm not found, waiting...
demo.pcm not found, waiting...
demo.pcm not found, waiting...
demo.pcm not found, waiting...
demo.pcm not found, waiting...
demo.pcm not found, waiting...
demo.pcm not found, waiting...
demo.pcm not found, waiting...
demo.pcm not found, waiting...
demo.pcm not found, waiting...
demo.pcm not found, waiting...
demo.pcm not found, waiting...
demo.pcm not found, waiting...
demo.pcm not found, waiting...
demo.pcm not found, waiting...
demo.pcm not found, waiting...
demo.pcm not found, waiting...
demo.pcm not found, waiting...
demo.pcm not found, waiting...
demo.pcm not found, waiting...
demo.pcm not found, waiting...
demo.pcm not found, waiting...
demo.pcm not found, waiting...
demo.pcm not found, waiting...
demo.pcm not found, waiting...
demo.pcm not found, waiting...
demo.pcm not found, waiting...
demo.pcm not found, waiting...
demo.pcm not found, waiting...
demo.pcm not found, waiting...
demo.pcm not found, waiting...
demo.pcm not found, waiting...
demo.pcm not found, waiting...
demo.pcm not found, waiting...
demo.pcm not found, waiting...
demo.pcm not found, waiting...
demo.pcm not found, waiting...
demo.pcm not found, waiting...
demo.pcm not found, waiting...
demo.pcm not found, waiting...
demo.pcm not found, waiting...
demo.pcm not found, waiting...
demo.pcm not found, waiting...
demo.pcm not found, waiting...
demo.pcm not found, waiting...
demo.pcm not found, waiting...
demo.pcm not found, waiting...
demo.pcm not found, waiting...
demo.pcm not found, waiting...
demo.pcm not found, waiting...
demo.pcm not found, waiting...
demo.pcm not found, waiting...
demo.pcm not found, waiting...
demo.pcm not found, waiting...
demo.pcm not found, waiting...
demo.pcm not found, waiting...
demo.pcm not found, waiting...
demo.pcm not found, waiting...
demo.pcm not found, waiting...
demo.pcm not found, waiting...
demo.pcm not found, waiting...
demo.pcm not found, waiting...
demo.pcm not found, waiting...
demo.pcm not found, waiting...
demo.pcm not found, waiting...
demo.pcm not found, waiting...
demo.pcm not found, waiting...
demo.pcm not found, waiting...
demo.pcm not found, waiting...
demo.pcm not found, waiting...
demo.pcm not found, waiting...
demo.pcm not found, waiting...
demo.pcm not found, waiting...
demo.pcm not found, waiting...
demo.pcm not found, waiting...
demo.pcm not found, waiting...
demo.pcm not found, waiting...
demo.pcm not found, waiting...
demo.pcm not found, waiting...
demo.pcm not found, waiting...
demo.pcm not found, waiting...
demo.pcm not found, waiting...
demo.pcm not found, waiting...
demo.pcm not found, waiting...
demo.pcm not found, waiting...
demo.pcm not found, waiting...
demo.pcm not found, waiting...
demo.pcm not found, waiting...
demo.pcm not found, waiting...
demo.pcm not found, waiting...
demo.pcm not found, waiting...
demo.pcm not found, waiting...
demo.pcm not found, waiting...
demo.pcm not found, waiting...
demo.pcm not found, waiting...
demo.pcm not found, waiting...
demo.pcm not found, waiting...
demo.pcm not found, waiting...
demo.pcm not found, waiting...
demo.pcm not found, waiting...
demo.pcm not found, waiting...
demo.pcm not found, waiting...
demo.pcm not found, waiting...
demo.pcm not found, waiting...
demo.pcm not found, waiting...
demo.pcm not found, waiting...
demo.pcm not found, waiting...
demo.pcm not found, waiting...
demo.pcm not found, waiting...
demo.pcm not found, waiting...
demo.pcm not found, waiting...
demo.pcm not found, waiting...
demo.pcm not found, waiting...
demo.pcm not found, waiting...
demo.pcm not found, waiting...
demo.pcm not found, waiting...
demo.pcm not found, waiting...
demo.pcm not found, waiting...
demo.pcm not found, waiting...
demo.pcm not found, waiting...
demo.pcm not found, waiting...
demo.pcm not found, waiting...
demo.pcm not found, waiting...
demo.pcm not found, waiting...
demo.pcm not found, waiting...
demo.pcm not found, waiting...
demo.pcm not found, waiting...
demo.pcm not found, waiting...
demo.pcm not found, waiting...
demo.pcm not found, waiting...
demo.pcm not found, waiting...
demo.pcm not found, waiting...
demo.pcm not found, waiting...
demo.pcm not found, waiting...
demo.pcm not found, waiting...
demo.pcm not found, waiting...
demo.pcm not found, waiting...
demo.pcm not found, waiting...
demo.pcm not found, waiting...
demo.pcm not found, waiting...
demo.pcm not found, waiting...
demo.pcm not found, waiting...
demo.pcm not found, waiting...
demo.pcm not found, waiting...
demo.pcm not found, waiting...
demo.pcm not found, waiting...
demo.pcm not found, waiting...
demo.pcm not found, waiting...
demo.pcm not found, waiting...
demo.pcm not found, waiting...
demo.pcm not found, waiting...
demo.pcm not found, waiting...
demo.pcm not found, waiting...
demo.pcm not found, waiting...
demo.pcm not found, waiting...
demo.pcm not found, waiting...
demo.pcm not found, waiting...
demo.pcm not found, waiting...
demo.pcm not found, waiting...
demo.pcm not found, waiting...
demo.pcm not found, waiting...
demo.pcm not found, waiting...
demo.pcm not found, waiting...
demo.pcm not found, waiting...
demo.pcm not found, waiting...
demo.pcm not found, waiting...
demo.pcm not found, waiting...
demo.pcm not found, waiting...
demo.pcm not found, waiting...
demo.pcm not found, waiting...
demo.pcm not found, waiting...
demo.pcm not found, waiting...
demo.pcm not found, waiting...
demo.pcm not found, waiting...
demo.pcm not found, waiting...
demo.pcm not found, waiting...
demo.pcm not found, waiting...
demo.pcm not found, waiting...
demo.pcm not found, waiting...
demo.pcm not found, waiting...
demo.pcm not found, waiting...
demo.pcm not found, waiting...
demo.pcm not found, waiting...
demo.pcm not found, waiting...
demo.pcm not found, waiting...
demo.pcm not found, waiting...
demo.pcm not found, waiting...
demo.pcm not found, waiting...
demo.pcm not found, waiting...
demo.pcm not found, waiting...
demo.pcm not found, waiting...
demo.pcm not found, waiting...
demo.pcm not found, waiting...
demo.pcm not found, waiting...
demo.pcm not found, waiting...
demo.pcm not found, waiting...
demo.pcm not found, waiting...
demo.pcm not found, waiting...
demo.pcm not found, waiting...
demo.pcm not found, waiting...
demo.pcm not found, waiting...
demo.pcm not found, waiting...
demo.pcm not found, waiting...
demo.pcm not found, waiting...
demo.pcm not found, waiting...
demo.pcm not found, waiting...
demo.pcm not found, waiting...
demo.pcm not found, waiting...
demo.pcm not found, waiting...
demo.pcm not found, waiting...
demo.pcm not found, waiting...
demo.pcm not found, waiting...
demo.pcm not found, waiting...
demo.pcm not found, waiting...
demo.pcm not found, waiting...
demo.pcm not found, waiting...
demo.pcm not found, waiting...
demo.pcm not found, waiting...
demo.pcm not found, waiting...
demo.pcm not found, waiting...
demo.pcm not found, waiting...
demo.pcm not found, waiting...
demo.pcm not found, waiting...
demo.pcm not found, waiting...
demo.pcm not found, waiting...
demo.pcm not found, waiting...
demo.pcm not found, waiting...
demo.pcm not found, waiting...
demo.pcm not found, waiting...
demo.pcm not found, waiting...
demo.pcm not found, waiting...
demo.pcm not found, waiting...
demo.pcm not found, waiting...
demo.pcm not found, waiting...
demo.pcm not found, waiting...
demo.pcm not found, waiting...
demo.pcm not found, waiting...
demo.pcm not found, waiting...
demo.pcm not found, waiting...
demo.pcm not found, waiting...
demo.pcm not found, waiting...
demo.pcm not found, waiting...
demo.pcm not found, waiting...
demo.pcm not found, waiting...
demo.pcm not found, waiting...
demo.pcm not found, waiting...
demo.pcm not found, waiting...
demo.pcm not found, waiting...
demo.pcm not found, waiting...
demo.pcm not found, waiting...
demo.pcm not found, waiting...
demo.pcm not found, waiting...
demo.pcm not found, waiting...
demo.pcm not found, waiting...
demo.pcm not found, waiting...
demo.pcm not found, waiting...
demo.pcm not found, waiting...
demo.pcm not found, waiting...
demo.pcm not found, waiting...
demo.pcm not found, waiting...
demo.pcm not found, waiting...
demo.pcm not found, waiting...
demo.pcm not found, waiting...
demo.pcm not found, waiting...
demo.pcm not found, waiting...
demo.pcm not found, waiting...
demo.pcm not found, waiting...
demo.pcm not found, waiting...
demo.pcm not found, waiting...
demo.pcm not found, waiting...
demo.pcm not found, waiting...
demo.pcm not found, waiting...
demo.pcm not found, waiting...
demo.pcm not found, waiting...
demo.pcm not found, waiting...
demo.pcm not found, waiting...
demo.pcm not found, waiting...
demo.pcm not found, waiting...
demo.pcm not found, waiting...
demo.pcm not found, waiting...
demo.pcm not found, waiting...
demo.pcm not found, waiting...
demo.pcm not found, waiting...
demo.pcm not found, waiting...
demo.pcm not found, waiting...
demo.pcm not found, waiting...
demo.pcm not found, waiting...
demo.pcm not found, waiting...
demo.pcm not found, waiting...
demo.pcm not found, waiting...
demo.pcm not found, waiting...
demo.pcm not found, waiting...
demo.pcm not found, waiting...
demo.pcm not found, waiting...
demo.pcm not found, waiting...
demo.pcm not found, waiting...
demo.pcm not found, waiting...
demo.pcm not found, waiting...
demo.pcm not found, waiting...
demo.pcm not found, waiting...
demo.pcm not found, waiting...
demo.pcm not found, waiting...
demo.pcm not found, waiting...
demo.pcm not found, waiting...
demo.pcm not found, waiting...
demo.pcm not found, waiting...
demo.pcm not found, waiting...
demo.pcm not found, waiting...
demo.pcm not found, waiting...
demo.pcm not found, waiting...
demo.pcm not found, waiting...
demo.pcm not found, waiting...
demo.pcm not found, waiting...
demo.pcm not found, waiting...
demo.pcm not found, waiting...
demo.pcm not found, waiting...
demo.pcm not found, waiting...
demo.pcm not found, waiting...
demo.pcm not found, waiting...
demo.pcm not found, waiting...
demo.pcm not found, waiting...
demo.pcm not found, waiting...
demo.pcm not found, waiting...
demo.pcm not found, waiting...
demo.pcm not found, waiting...
demo.pcm not found, waiting...
demo.pcm not found, waiting...
demo.pcm not found, waiting...
demo.pcm not found, waiting...
demo.pcm not found, waiting...
demo.pcm not found, waiting...
demo.pcm not found, waiting...
demo.pcm not found, waiting...
demo.pcm not found, waiting...
demo.pcm not found, waiting...
demo.pcm not found, waiting...
demo.pcm not found, waiting...
demo.pcm not found, waiting...
demo.pcm not found, waiting...
demo.pcm not found, waiting...
demo.pcm not found, waiting...
demo.pcm not found, waiting...
demo.pcm not found, waiting...
demo.pcm not found, waiting...
demo.pcm not found, waiting...
demo.pcm not found, waiting...
demo.pcm not found, waiting...
demo.pcm not found, waiting...
demo.pcm not found, waiting...
demo.pcm not found, waiting...
demo.pcm not found, waiting...
demo.pcm not found, waiting...
demo.pcm not found, waiting...
demo.pcm not found, waiting...
demo.pcm not found, waiting...
demo.pcm not found, waiting...
demo.pcm not found, waiting...
demo.pcm not found, waiting...
demo.pcm not found, waiting...
demo.pcm not found, waiting...
demo.pcm not found, waiting...
demo.pcm not found, waiting...
demo.pcm not found, waiting...
demo.pcm not found, waiting...
demo.pcm not found, waiting...
demo.pcm not found, waiting...
demo.pcm not found, waiting...
demo.pcm not found, waiting...
demo.pcm not found, waiting...
demo.pcm not found, waiting...
demo.pcm not found, waiting...
demo.pcm not found, waiting...
demo.pcm not found, waiting...
demo.pcm not found, waiting...
demo.pcm not found, waiting...
demo.pcm not found, waiting...
demo.pcm not found, waiting...
demo.pcm not found, waiting...
demo.pcm not found, waiting...
demo.pcm not found, waiting...
demo.pcm not found, waiting...
demo.pcm not found, waiting...
demo.pcm not found, waiting...
demo.pcm not found, waiting...
demo.pcm not found, waiting...
demo.pcm not found, waiting...
demo.pcm not found, waiting...
demo.pcm not found, waiting...
demo.pcm not found, waiting...
demo.pcm not found, waiting...
demo.pcm not found, waiting...
demo.pcm not found, waiting...
demo.pcm not found, waiting...
demo.pcm not found, waiting...
demo.pcm not found, waiting...
demo.pcm not found, waiting...
demo.pcm not found, waiting...
demo.pcm not found, waiting...
demo.pcm not found, waiting...
demo.pcm not found, waiting...
demo.pcm not found, waiting...
demo.pcm not found, waiting...
demo.pcm not found, waiting...
demo.pcm not found, waiting...
demo.pcm not found, waiting...
demo.pcm not found, waiting...
demo.pcm not found, waiting...
demo.pcm not found, waiting...
demo.pcm not found, waiting...
demo.pcm not found, waiting...
demo.pcm not found, waiting...
demo.pcm not found, waiting...
demo.pcm not found, waiting...
demo.pcm not found, waiting...
demo.pcm not found, waiting...
demo.pcm not found, waiting...
demo.pcm not found, waiting...
demo.pcm not found, waiting...
demo.pcm not found, waiting...
demo.pcm not found, waiting...
demo.pcm not found, waiting...
demo.pcm not found, waiting...
demo.pcm not found, waiting...
demo.pcm not found, waiting...
demo.pcm not found, waiting...
demo.pcm not found, waiting...
demo.pcm not found, waiting...
demo.pcm not found, waiting...
demo.pcm not found, waiting...
demo.pcm not found, waiting...
demo.pcm not found, waiting...
demo.pcm not found, waiting...
demo.pcm not found, waiting...
demo.pcm not found, waiting...
demo.pcm not found, waiting...
demo.pcm not found, waiting...
demo.pcm not found, waiting...
demo.pcm not found, waiting...
demo.pcm not found, waiting...
demo.pcm not found, waiting...
demo.pcm not found, waiting...
demo.pcm not found, waiting...
demo.pcm not found, waiting...
demo.pcm not found, waiting...
demo.pcm not found, waiting...
demo.pcm not found, waiting...
demo.pcm not found, waiting...
demo.pcm not found, waiting...
demo.pcm not found, waiting...
demo.pcm not found, waiting...
demo.pcm not found, waiting...
demo.pcm not found, waiting...
demo.pcm not found, waiting...
demo.pcm not found, waiting...
demo.pcm not found, waiting...
demo.pcm not found, waiting...
demo.pcm not found, waiting...
demo.pcm not found, waiting...
demo.pcm not found, waiting...
demo.pcm not found, waiting...
demo.pcm not found, waiting...
demo.pcm not found, waiting...
demo.pcm not found, waiting...
demo.pcm not found, waiting...
demo.pcm not found, waiting...
demo.pcm not found, waiting...
demo.pcm not found, waiting...
demo.pcm not found, waiting...
demo.pcm not found, waiting...
demo.pcm not found, waiting...
demo.pcm not found, waiting...
demo.pcm not found, waiting...
demo.pcm not found, waiting...
demo.pcm not found, waiting...
demo.pcm not found, waiting...
demo.pcm not found, waiting...
demo.pcm not found, waiting...
demo.pcm not found, waiting...
demo.pcm not found, waiting...
demo.pcm not found, waiting...
demo.pcm not found, waiting...
demo.pcm not found, waiting...
demo.pcm not found, waiting...
demo.pcm not found, waiting...
demo.pcm not found, waiting...
demo.pcm not found, waiting...
demo.pcm not found, waiting...
demo.pcm not found, waiting...
demo.pcm not found, waiting...
demo.pcm not found, waiting...
demo.pcm not found, waiting...
demo.pcm not found, waiting...
demo.pcm not found, waiting...
demo.pcm not found, waiting...
demo.pcm not found, waiting...
demo.pcm not found, waiting...
demo.pcm not found, waiting...
demo.pcm not found, waiting...
demo.pcm not found, waiting...
demo.pcm not found, waiting...
demo.pcm not found, waiting...
demo.pcm not found, waiting...
demo.pcm not found, waiting...
demo.pcm not found, waiting...
demo.pcm not found, waiting...
demo.pcm not found, waiting...
demo.pcm not found, waiting...
demo.pcm not found, waiting...
demo.pcm not found, waiting...
demo.pcm not found, waiting...
demo.pcm not found, waiting...
demo.pcm not found, waiting...
demo.pcm not found, waiting...
demo.pcm not found, waiting...
demo.pcm not found, waiting...
demo.pcm not found, waiting...
demo.pcm not found, waiting...
demo.pcm not found, waiting...
demo.pcm not found, waiting...
demo.pcm not found, waiting...
demo.pcm not found, waiting...
demo.pcm not found, waiting...
demo.pcm not found, waiting...
demo.pcm not found, waiting...
demo.pcm not found, waiting...
demo.pcm not found, waiting...
demo.pcm not found, waiting...
demo.pcm not found, waiting...
demo.pcm not found, waiting...
demo.pcm not found, waiting...
demo.pcm not found, waiting...
demo.pcm not found, waiting...
demo.pcm not found, waiting...
demo.pcm not found, waiting...
demo.pcm not found, waiting...
demo.pcm not found, waiting...
demo.pcm not found, waiting...
demo.pcm not found, waiting...
demo.pcm not found, waiting...
demo.pcm not found, waiting...
demo.pcm not found, waiting...
demo.pcm not found, waiting...
demo.pcm not found, waiting...
demo.pcm not found, waiting...
demo.pcm not found, waiting...
demo.pcm not found, waiting...
demo.pcm not found, waiting...
demo.pcm not found, waiting...
demo.pcm not found, waiting...
demo.pcm not found, waiting...
demo.pcm not found, waiting...
demo.pcm not found, waiting...
demo.pcm not found, waiting...
demo.pcm not found, waiting...
demo.pcm not found, waiting...
demo.pcm not found, waiting...
demo.pcm not found, waiting...
demo.pcm not found, waiting...
demo.pcm not found, waiting...
demo.pcm not found, waiting...
demo.pcm not found, waiting...
demo.pcm not found, waiting...
demo.pcm not found, waiting...
demo.pcm not found, waiting...
demo.pcm not found, waiting...
demo.pcm not found, waiting...
demo.pcm not found, waiting...
demo.pcm not found, waiting...
demo.pcm not found, waiting...
demo.pcm not found, waiting...
demo.pcm not found, waiting...
demo.pcm not found, waiting...
demo.pcm not found, waiting...
demo.pcm not found, waiting...
demo.pcm not found, waiting...
demo.pcm not found, waiting...
demo.pcm not found, waiting...
demo.pcm not found, waiting...
demo.pcm not found, waiting...
demo.pcm not found, waiting...
demo.pcm not found, waiting...
demo.pcm not found, waiting...
demo.pcm not found, waiting...
demo.pcm not found, waiting...
demo.pcm not found, waiting...
demo.pcm not found, waiting...
demo.pcm not found, waiting...
demo.pcm not found, waiting...
demo.pcm not found, waiting...
demo.pcm not found, waiting...
demo.pcm not found, waiting...
demo.pcm not found, waiting...
demo.pcm not found, waiting...
demo.pcm not found, waiting...
demo.pcm not found, waiting...
demo.pcm not found, waiting...
demo.pcm not found, waiting...
demo.pcm not found, waiting...
demo.pcm not found, waiting...
demo.pcm not found, waiting...
demo.pcm not found, waiting...
demo.pcm not found, waiting...
demo.pcm not found, waiting...
demo.pcm not found, waiting...
demo.pcm not found, waiting...
demo.pcm not found, waiting...
demo.pcm not found, waiting...
demo.pcm not found, waiting...
demo.pcm not found, waiting...
demo.pcm not found, waiting...
demo.pcm not found, waiting...
demo.pcm not found, waiting...
demo.pcm not found, waiting...
demo.pcm not found, waiting...
demo.pcm not found, waiting...
demo.pcm not found, waiting...
demo.pcm not found, waiting...
demo.pcm not found, waiting...
demo.pcm not found, waiting...
demo.pcm not found, waiting...
demo.pcm not found, waiting...
demo.pcm not found, waiting...
demo.pcm not found, waiting...
demo.pcm not found, waiting...
demo.pcm not found, waiting...
demo.pcm not found, waiting...
demo.pcm not found, waiting...
demo.pcm not found, waiting...
demo.pcm not found, waiting...
demo.pcm not found, waiting...
demo.pcm not found, waiting...
demo.pcm not found, waiting...
demo.pcm not found, waiting...
demo.pcm not found, waiting...
demo.pcm not found, waiting...
demo.pcm not found, waiting...
demo.pcm not found, waiting...
demo.pcm not found, waiting...
demo.pcm not found, waiting...
demo.pcm not found, waiting...
demo.pcm not found, waiting...
demo.pcm not found, waiting...
demo.pcm not found, waiting...
demo.pcm not found, waiting...
demo.pcm not found, waiting...
demo.pcm not found, waiting...
demo.pcm not found, waiting...
demo.pcm not found, waiting...
demo.pcm not found, waiting...
demo.pcm not found, waiting...
demo.pcm not found, waiting...
demo.pcm not found, waiting...
demo.pcm not found, waiting...
demo.pcm not found, waiting...
demo.pcm not found, waiting...
demo.pcm not found, waiting...
demo.pcm not found, waiting...
demo.pcm not found, waiting...
demo.pcm not found, waiting...
demo.pcm not found, waiting...
demo.pcm not found, waiting...
demo.pcm not found, waiting...
demo.pcm not found, waiting...
demo.pcm not found, waiting...
demo.pcm not found, waiting...
demo.pcm not found, waiting...
demo.pcm not found, waiting...
demo.pcm not found, waiting...
demo.pcm not found, waiting...
demo.pcm not found, waiting...
demo.pcm not found, waiting...
demo.pcm not found, waiting...
demo.pcm not found, waiting...
demo.pcm not found, waiting...
demo.pcm not found, waiting...
demo.pcm not found, waiting...
demo.pcm not found, waiting...
demo.pcm not found, waiting...
demo.pcm not found, waiting...
demo.pcm not found, waiting...
demo.pcm not found, waiting...
demo.pcm not found, waiting...
demo.pcm not found, waiting...
demo.pcm not found, waiting...
demo.pcm not found, waiting...
demo.pcm not found, waiting...
demo.pcm not found, waiting...
demo.pcm not found, waiting...
demo.pcm not found, waiting...
demo.pcm not found, waiting...
demo.pcm not found, waiting...
demo.pcm not found, waiting...
demo.pcm not found, waiting...
demo.pcm not found, waiting...
demo.pcm not found, waiting...
demo.pcm not found, waiting...
demo.pcm not found, waiting...
demo.pcm not found, waiting...
demo.pcm not found, waiting...
demo.pcm not found, waiting...
demo.pcm not found, waiting...
demo.pcm not found, waiting...
demo.pcm not found, waiting...
demo.pcm not found, waiting...
demo.pcm not found, waiting...
demo.pcm not found, waiting...
demo.pcm not found, waiting...
demo.pcm not found, waiting...
demo.pcm not found, waiting...
demo.pcm not found, waiting...
demo.pcm not found, waiting...
demo.pcm not found, waiting...
demo.pcm not found, waiting...
demo.pcm not found, waiting...
demo.pcm not found, waiting...
demo.pcm not found, waiting...
demo.pcm not found, waiting...
demo.pcm not found, waiting...
demo.pcm not found, waiting...
demo.pcm not found, waiting...
demo.pcm not found, waiting...
demo.pcm not found, waiting...
demo.pcm not found, waiting...
demo.pcm not found, waiting...
demo.pcm not found, waiting...
demo.pcm not found, waiting...
demo.pcm not found, waiting...
demo.pcm not found, waiting...
demo.pcm not found, waiting...
demo.pcm not found, waiting...
demo.pcm not found, waiting...
demo.pcm not found, waiting...
demo.pcm not found, waiting...
demo.pcm not found, waiting...
demo.pcm not found, waiting...
demo.pcm not found, waiting...
demo.pcm not found, waiting...
demo.pcm not found, waiting...
demo.pcm not found, waiting...
demo.pcm not found, waiting...
demo.pcm not found, waiting...
demo.pcm not found, waiting...
demo.pcm not found, waiting...
demo.pcm not found, waiting...
demo.pcm not found, waiting...
demo.pcm not found, waiting...
demo.pcm not found, waiting...
demo.pcm not found, waiting...
demo.pcm not found, waiting...
demo.pcm not found, waiting...
demo.pcm not found, waiting...
demo.pcm not found, waiting...
demo.pcm not found, waiting...
demo.pcm not found, waiting...
demo.pcm not found, waiting...
demo.pcm not found, waiting...
demo.pcm not found, waiting...
demo.pcm not found, waiting...
demo.pcm not found, waiting...
demo.pcm not found, waiting...
demo.pcm not found, waiting...
demo.pcm not found, waiting...
demo.pcm not found, waiting...
demo.pcm not found, waiting...
demo.pcm not found, waiting...
demo.pcm not found, waiting...
demo.pcm not found, waiting...
demo.pcm not found, waiting...
demo.pcm not found, waiting...
demo.pcm not found, waiting...
demo.pcm not found, waiting...
demo.pcm not found, waiting...
demo.pcm not found, waiting...
demo.pcm not found, waiting...
demo.pcm not found, waiting...
demo.pcm not found, waiting...
demo.pcm not found, waiting...
demo.pcm not found, waiting...
demo.pcm not found, waiting...
demo.pcm not found, waiting...
demo.pcm not found, waiting...
demo.pcm not found, waiting...
demo.pcm not found, waiting...
demo.pcm not found, waiting...
demo.pcm not found, waiting...
demo.pcm not found, waiting...
demo.pcm not found, waiting...
demo.pcm not found, waiting...
demo.pcm not found, waiting...
demo.pcm not found, waiting...
demo.pcm not found, waiting...
demo.pcm not found, waiting...
demo.pcm not found, waiting...
demo.pcm not found, waiting...
demo.pcm not found, waiting...
demo.pcm not found, waiting...
demo.pcm not found, waiting...
demo.pcm not found, waiting...
demo.pcm not found, waiting...
demo.pcm not found, waiting...
demo.pcm not found, waiting...
demo.pcm not found, waiting...
demo.pcm not found, waiting...
demo.pcm not found, waiting...
demo.pcm not found, waiting...
demo.pcm not found, waiting...
demo.pcm not found, waiting...
demo.pcm not found, waiting...
demo.pcm not found, waiting...
demo.pcm not found, waiting...
demo.pcm not found, waiting...
demo.pcm not found, waiting...
demo.pcm not found, waiting...
demo.pcm not found, waiting...
demo.pcm not found, waiting...
demo.pcm not found, waiting...
demo.pcm not found, waiting...
demo.pcm not found, waiting...
demo.pcm not found, waiting...
demo.pcm not found, waiting...
demo.pcm not found, waiting...
demo.pcm not found, waiting...
demo.pcm not found, waiting...
demo.pcm not found, waiting...
demo.pcm not found, waiting...
demo.pcm not found, waiting...
demo.pcm not found, waiting...
demo.pcm not found, waiting...
demo.pcm not found, waiting...
demo.pcm not found, waiting...
demo.pcm not found, waiting...
demo.pcm not found, waiting...
demo.pcm not found, waiting...
demo.pcm not found, waiting...
demo.pcm not found, waiting...
demo.pcm not found, waiting...
demo.pcm not found, waiting...
demo.pcm not found, waiting...
demo.pcm not found, waiting...
demo.pcm not found, waiting...
demo.pcm not found, waiting...
demo.pcm not found, waiting...
demo.pcm not found, waiting...
demo.pcm not found, waiting...
demo.pcm not found, waiting...
demo.pcm not found, waiting...
demo.pcm not found, waiting...
demo.pcm not found, waiting...
demo.pcm not found, waiting...
demo.pcm not found, waiting...
demo.pcm not found, waiting...
demo.pcm not found, waiting...
demo.pcm not found, waiting...
demo.pcm not found, waiting...
demo.pcm not found, waiting...
demo.pcm not found, waiting...
demo.pcm not found, waiting...
demo.pcm not found, waiting...
demo.pcm not found, waiting...
demo.pcm not found, waiting...
demo.pcm not found, waiting...
demo.pcm not found, waiting...
demo.pcm not found, waiting...
demo.pcm not found, waiting...
demo.pcm not found, waiting...
demo.pcm not found, waiting...
demo.pcm not found, waiting...
demo.pcm not found, waiting...
demo.pcm not found, waiting...
demo.pcm not found, waiting...
demo.pcm not found, waiting...
demo.pcm not found, waiting...
demo.pcm not found, waiting...
demo.pcm not found, waiting...
demo.pcm not found, waiting...
demo.pcm not found, waiting...
demo.pcm not found, waiting...
demo.pcm not found, waiting...
demo.pcm not found, waiting...
demo.pcm not found, waiting...
demo.pcm not found, waiting...
demo.pcm not found, waiting...
demo.pcm not found, waiting...
demo.pcm not found, waiting...
demo.pcm not found, waiting...
demo.pcm not found, waiting...
demo.pcm not found, waiting...
demo.pcm not found, waiting...
demo.pcm not found, waiting...
demo.pcm not found, waiting...
demo.pcm not found, waiting...
demo.pcm not found, waiting...
demo.pcm not found, waiting...
demo.pcm not found, waiting...
demo.pcm not found, waiting...
demo.pcm not found, waiting...
demo.pcm not found, waiting...
demo.pcm not found, waiting...
demo.pcm not found, waiting...
demo.pcm not found, waiting...
demo.pcm not found, waiting...
demo.pcm not found, waiting...
demo.pcm not found, waiting...
demo.pcm not found, waiting...
demo.pcm not found, waiting...
demo.pcm not found, waiting...
demo.pcm not found, waiting...
demo.pcm not found, waiting...
demo.pcm not found, waiting...
demo.pcm not found, waiting...
demo.pcm not found, waiting...
demo.pcm not found, waiting...
demo.pcm not found, waiting...
demo.pcm not found, waiting...
demo.pcm not found, waiting...
demo.pcm not found, waiting...
demo.pcm not found, waiting...
demo.pcm not found, waiting...
demo.pcm not found, waiting...
demo.pcm not found, waiting...
demo.pcm not found, waiting...
demo.pcm not found, waiting...
demo.pcm not found, waiting...
demo.pcm not found, waiting...
demo.pcm not found, waiting...
demo.pcm not found, waiting...
demo.pcm not found, waiting...
demo.pcm not found, waiting...
demo.pcm not found, waiting...
demo.pcm not found, waiting...
demo.pcm not found, waiting...
demo.pcm not found, waiting...
demo.pcm not found, waiting...
demo.pcm not found, waiting...
demo.pcm not found, waiting...
demo.pcm not found, waiting...
demo.pcm not found, waiting...
demo.pcm not found, waiting...
demo.pcm not found, waiting...
demo.pcm not found, waiting...
demo.pcm not found, waiting...
demo.pcm not found, waiting...
demo.pcm not found, waiting...
demo.pcm not found, waiting...
demo.pcm not found, waiting...
demo.pcm not found, waiting...
demo.pcm not found, waiting...
demo.pcm not found, waiting...
demo.pcm not found, waiting...
demo.pcm not found, waiting...
demo.pcm not found, waiting...
demo.pcm not found, waiting...
demo.pcm not found, waiting...
demo.pcm not found, waiting...
demo.pcm not found, waiting...
demo.pcm not found, waiting...
demo.pcm not found, waiting...
demo.pcm not found, waiting...
demo.pcm not found, waiting...
demo.pcm not found, waiting...
demo.pcm not found, waiting...
demo.pcm not found, waiting...
demo.pcm not found, waiting...
demo.pcm not found, waiting...
demo.pcm not found, waiting...
demo.pcm not found, waiting...
demo.pcm not found, waiting...
demo.pcm not found, waiting...
demo.pcm not found, waiting...
demo.pcm not found, waiting...
demo.pcm not found, waiting...
demo.pcm not found, waiting...
demo.pcm not found, waiting...
demo.pcm not found, waiting...
demo.pcm not found, waiting...
demo.pcm not found, waiting...
demo.pcm not found, waiting...
demo.pcm not found, waiting...
demo.pcm not found, waiting...
demo.pcm not found, waiting...
demo.pcm not found, waiting...
demo.pcm not found, waiting...
demo.pcm not found, waiting...
demo.pcm not found, waiting...
demo.pcm not found, waiting...
demo.pcm not found, waiting...
demo.pcm not found, waiting...
demo.pcm not found, waiting...
demo.pcm not found, waiting...
demo.pcm not found, waiting...
demo.pcm not found, waiting...
demo.pcm not found, waiting...
demo.pcm not found, waiting...
demo.pcm not found, waiting...
demo.pcm not found, waiting...
demo.pcm not found, waiting...
demo.pcm not found, waiting...
demo.pcm not found, waiting...
demo.pcm not found, waiting...
demo.pcm not found, waiting...
demo.pcm not found, waiting...
demo.pcm not found, waiting...
demo.pcm not found, waiting...
demo.pcm not found, waiting...
demo.pcm not found, waiting...
demo.pcm not found, waiting...
demo.pcm not found, waiting...
demo.pcm not found, waiting...
demo.pcm not found, waiting...
demo.pcm not found, waiting...
demo.pcm not found, waiting...
demo.pcm not found, waiting...
demo.pcm not found, waiting...
demo.pcm not found, waiting...
demo.pcm not found, waiting...
demo.pcm not found, waiting...
demo.pcm not found, waiting...
demo.pcm not found, waiting...
demo.pcm not found, waiting...
demo.pcm not found, waiting...
demo.pcm not found, waiting...
demo.pcm not found, waiting...
demo.pcm not found, waiting...
demo.pcm not found, waiting...
demo.pcm not found, waiting...
demo.pcm not found, waiting...
demo.pcm not found, waiting...
demo.pcm not found, waiting...
demo.pcm not found, waiting...
demo.pcm not found, waiting...
demo.pcm not found, waiting...
demo.pcm not found, waiting...
demo.pcm not found, waiting...
demo.pcm not found, waiting...
demo.pcm not found, waiting...
demo.pcm not found, waiting...
demo.pcm not found, waiting...
demo.pcm not found, waiting...
demo.pcm not found, waiting...
demo.pcm not found, waiting...
demo.pcm not found, waiting...
demo.pcm not found, waiting...
demo.pcm not found, waiting...
demo.pcm not found, waiting...
demo.pcm not found, waiting...
demo.pcm not found, waiting...
demo.pcm not found, waiting...
demo.pcm not found, waiting...
demo.pcm not found, waiting...
demo.pcm not found, waiting...
demo.pcm not found, waiting...
demo.pcm not found, waiting...
demo.pcm not found, waiting...
demo.pcm not found, waiting...
demo.pcm not found, waiting...
demo.pcm not found, waiting...
demo.pcm not found, waiting...
demo.pcm not found, waiting...
demo.pcm not found, waiting...
demo.pcm not found, waiting...
demo.pcm not found, waiting...
demo.pcm not found, waiting...
demo.pcm not found, waiting...
demo.pcm not found, waiting...
demo.pcm not found, waiting...
demo.pcm not found, waiting...
demo.pcm not found, waiting...
demo.pcm not found, waiting...
demo.pcm not found, waiting...
demo.pcm not found, waiting...
demo.pcm not found, waiting...
demo.pcm not found, waiting...
demo.pcm not found, waiting...
demo.pcm not found, waiting...
demo.pcm not found, waiting...
demo.pcm not found, waiting...
demo.pcm not found, waiting...
demo.pcm not found, waiting...
demo.pcm not found, waiting...
demo.pcm not found, waiting...
demo.pcm not found, waiting...
demo.pcm not found, waiting...
demo.pcm not found, waiting...
demo.pcm not found, waiting...
demo.pcm not found, waiting...
demo.pcm not found, waiting...
demo.pcm not found, waiting...
demo.pcm not found, waiting...
demo.pcm not found, waiting...
demo.pcm not found, waiting...
demo.pcm not found, waiting...
demo.pcm not found, waiting...
demo.pcm not found, waiting...
demo.pcm not found, waiting...
demo.pcm not found, waiting...
demo.pcm not found, waiting...
demo.pcm not found, waiting...
demo.pcm not found, waiting...
demo.pcm not found, waiting...
demo.pcm not found, waiting...
demo.pcm not found, waiting...
demo.pcm not found, waiting...
demo.pcm not found, waiting...
demo.pcm not found, waiting...
demo.pcm not found, waiting...
demo.pcm not found, waiting...
demo.pcm not found, waiting...
demo.pcm not found, waiting...
demo.pcm not found, waiting...
demo.pcm not found, waiting...
demo.pcm not found, waiting...
demo.pcm not found, waiting...
demo.pcm not found, waiting...
demo.pcm not found, waiting...
demo.pcm not found, waiting...
demo.pcm not found, waiting...
demo.pcm not found, waiting...
demo.pcm not found, waiting...
demo.pcm not found, waiting...
demo.pcm not found, waiting...
demo.pcm not found, waiting...
demo.pcm not found, waiting...
demo.pcm not found, waiting...
demo.pcm not found, waiting...
demo.pcm not found, waiting...
demo.pcm not found, waiting...
demo.pcm not found, waiting...
demo.pcm not found, waiting...
demo.pcm not found, waiting...
demo.pcm not found, waiting...
demo.pcm not found, waiting...
demo.pcm not found, waiting...
demo.pcm not found, waiting...
demo.pcm not found, waiting...
demo.pcm not found, waiting...
demo.pcm not found, waiting...
demo.pcm not found, waiting...
demo.pcm not found, waiting...
demo.pcm not found, waiting...
demo.pcm not found, waiting...
demo.pcm not found, waiting...
demo.pcm not found, waiting...
demo.pcm not found, waiting...
demo.pcm not found, waiting...
demo.pcm not found, waiting...
demo.pcm not found, waiting...
demo.pcm not found, waiting...
demo.pcm not found, waiting...
demo.pcm not found, waiting...
demo.pcm not found, waiting...
demo.pcm not found, waiting...
demo.pcm not found, waiting...
demo.pcm not found, waiting...
demo.pcm not found, waiting...
demo.pcm not found, waiting...
demo.pcm not found, waiting...
demo.pcm not found, waiting...
demo.pcm not found, waiting...
demo.pcm not found, waiting...
demo.pcm not found, waiting...
demo.pcm not found, waiting...
demo.pcm not found, waiting...
demo.pcm not found, waiting...
demo.pcm not found, waiting...
demo.pcm not found, waiting...
demo.pcm not found, waiting...
demo.pcm not found, waiting...
demo.pcm not found, waiting...
demo.pcm not found, waiting...
demo.pcm not found, waiting...
demo.pcm not found, waiting...
demo.pcm not found, waiting...
demo.pcm not found, waiting...
demo.pcm not found, waiting...
demo.pcm not found, waiting...
demo.pcm not found, waiting...
demo.pcm not found, waiting...
demo.pcm not found, waiting...
demo.pcm not found, waiting...
demo.pcm not found, waiting...
demo.pcm not found, waiting...
demo.pcm not found, waiting...
demo.pcm not found, waiting...
demo.pcm not found, waiting...
demo.pcm not found, waiting...
demo.pcm not found, waiting...
demo.pcm not found, waiting...
demo.pcm not found, waiting...
demo.pcm not found, waiting...
demo.pcm not found, waiting...
demo.pcm not found, waiting...
demo.pcm not found, waiting...
demo.pcm not found, waiting...
demo.pcm not found, waiting...
demo.pcm not found, waiting...
demo.pcm not found, waiting...
demo.pcm not found, waiting...
demo.pcm not found, waiting...
demo.pcm not found, waiting...
demo.pcm not found, waiting...
demo.pcm not found, waiting...
demo.pcm not found, waiting...
demo.pcm not found, waiting...
demo.pcm not found, waiting...
demo.pcm not found, waiting...
demo.pcm not found, waiting...
demo.pcm not found, waiting...
demo.pcm not found, waiting...
demo.pcm not found, waiting...
demo.pcm not found, waiting...
demo.pcm not found, waiting...
demo.pcm not found, waiting...
demo.pcm not found, waiting...
demo.pcm not found, waiting...
demo.pcm not found, waiting...
demo.pcm not found, waiting...
demo.pcm not found, waiting...
demo.pcm not found, waiting...
demo.pcm not found, waiting...
demo.pcm not found, waiting...
demo.pcm not found, waiting...
demo.pcm not found, waiting...
demo.pcm not found, waiting...
demo.pcm not found, waiting...
demo.pcm not found, waiting...
demo.pcm not found, waiting...
demo.pcm not found, waiting...
demo.pcm not found, waiting...
demo.pcm not found, waiting...
demo.pcm not found, waiting...
demo.pcm not found, waiting...
demo.pcm not found, waiting...
demo.pcm not found, waiting...
demo.pcm not found, waiting...
demo.pcm not found, waiting...
demo.pcm not found, waiting...
demo.pcm not found, waiting...
demo.pcm not found, waiting...
demo.pcm not found, waiting...
demo.pcm not found, waiting...
demo.pcm not found, waiting...
demo.pcm not found, waiting...
demo.pcm not found, waiting...
demo.pcm not found, waiting...
demo.pcm not found, waiting...
demo.pcm not found, waiting...
demo.pcm not found, waiting...
demo.pcm not found, waiting...
demo.pcm not found, waiting...
demo.pcm not found, waiting...
demo.pcm not found, waiting...
demo.pcm not found, waiting...
demo.pcm not found, waiting...
demo.pcm not found, waiting...
demo.pcm not found, waiting...
demo.pcm not found, waiting...
demo.pcm not found, waiting...
demo.pcm not found, waiting...
demo.pcm not found, waiting...
demo.pcm not found, waiting...
demo.pcm not found, waiting...
demo.pcm not found, waiting...
demo.pcm not found, waiting...
demo.pcm not found, waiting...
demo.pcm not found, waiting...
demo.pcm not found, waiting...
demo.pcm not found, waiting...
demo.pcm not found, waiting...
demo.pcm not found, waiting...
demo.pcm not found, waiting...
demo.pcm not found, waiting...
demo.pcm not found, waiting...
demo.pcm not found, waiting...
demo.pcm not found, waiting...
demo.pcm not found, waiting...
demo.pcm not found, waiting...
demo.pcm not found, waiting...
demo.pcm not found, waiting...
demo.pcm not found, waiting...
demo.pcm not found, waiting...
demo.pcm not found, waiting...
demo.pcm not found, waiting...
demo.pcm not found, waiting...
demo.pcm not found, waiting...
demo.pcm not found, waiting...
demo.pcm not found, waiting...
demo.pcm not found, waiting...
demo.pcm not found, waiting...
demo.pcm not found, waiting...
demo.pcm not found, waiting...
demo.pcm not found, waiting...
demo.pcm not found, waiting...
demo.pcm not found, waiting...
demo.pcm not found, waiting...
demo.pcm not found, waiting...
demo.pcm not found, waiting...
demo.pcm not found, waiting...
demo.pcm not found, waiting...
demo.pcm not found, waiting...
demo.pcm not found, waiting...
demo.pcm not found, waiting...
demo.pcm not found, waiting...
demo.pcm not found, waiting...
demo.pcm not found, waiting...
demo.pcm not found, waiting...
demo.pcm not found, waiting...
demo.pcm not found, waiting...
demo.pcm not found, waiting...
demo.pcm not found, waiting...
demo.pcm not found, waiting...
demo.pcm not found, waiting...
demo.pcm not found, waiting...
demo.pcm not found, waiting...
demo.pcm not found, waiting...
demo.pcm not found, waiting...
demo.pcm not found, waiting...
demo.pcm not found, waiting...
demo.pcm not found, waiting...
demo.pcm not found, waiting...
demo.pcm not found, waiting...
demo.pcm not found, waiting...
demo.pcm not found, waiting...
demo.pcm not found, waiting...
demo.pcm not found, waiting...
demo.pcm not found, waiting...
demo.pcm not found, waiting...
demo.pcm not found, waiting...
demo.pcm not found, waiting...
demo.pcm not found, waiting...
demo.pcm not found, waiting...
demo.pcm not found, waiting...
demo.pcm not found, waiting...
demo.pcm not found, waiting...
demo.pcm not found, waiting...
demo.pcm not found, waiting...
demo.pcm not found, waiting...
demo.pcm not found, waiting...
demo.pcm not found, waiting...
demo.pcm not found, waiting...
demo.pcm not found, waiting...
demo.pcm not found, waiting...
demo.pcm not found, waiting...
demo.pcm not found, waiting...
demo.pcm not found, waiting...
demo.pcm not found, waiting...
demo.pcm not found, waiting...
demo.pcm not found, waiting...
demo.pcm not found, waiting...
demo.pcm not found, waiting...
demo.pcm not found, waiting...
demo.pcm not found, waiting...
demo.pcm not found, waiting...
demo.pcm not found, waiting...
demo.pcm not found, waiting...
demo.pcm not found, waiting...
demo.pcm not found, waiting...
demo.pcm not found, waiting...
demo.pcm not found, waiting...
demo.pcm not found, waiting...
demo.pcm not found, waiting...
demo.pcm not found, waiting...
demo.pcm not found, waiting...
demo.pcm not found, waiting...
demo.pcm not found, waiting...
demo.pcm not found, waiting...
demo.pcm not found, waiting...
demo.pcm not found, waiting...
demo.pcm not found, waiting...
demo.pcm not found, waiting...
demo.pcm not found, waiting...
demo.pcm not found, waiting...
demo.pcm not found, waiting...
demo.pcm not found, waiting...
demo.pcm not found, waiting...
demo.pcm not found, waiting...
demo.pcm not found, waiting...
demo.pcm not found, waiting...
demo.pcm not found, waiting...
demo.pcm not found, waiting...
demo.pcm not found, waiting...
demo.pcm not found, waiting...
demo.pcm not found, waiting...
demo.pcm not found, waiting...
demo.pcm not found, waiting...
demo.pcm not found, waiting...
demo.pcm not found, waiting...
demo.pcm not found, waiting...
demo.pcm not found, waiting...
demo.pcm not found, waiting...
demo.pcm not found, waiting...
demo.pcm not found, waiting...
demo.pcm not found, waiting...
demo.pcm not found, waiting...
demo.pcm not found, waiting...
demo.pcm not found, waiting...
demo.pcm not found, waiting...
demo.pcm not found, waiting...
demo.pcm not found, waiting...
demo.pcm not found, waiting...
demo.pcm not found, waiting...
demo.pcm not found, waiting...
demo.pcm not found, waiting...
demo.pcm not found, waiting...
demo.pcm not found, waiting...
demo.pcm not found, waiting...
demo.pcm not found, waiting...
demo.pcm not found, waiting...
demo.pcm not found, waiting...
demo.pcm not found, waiting...
demo.pcm not found, waiting...
demo.pcm not found, waiting...
demo.pcm not found, waiting...
demo.pcm not found, waiting...
demo.pcm not found, waiting...
demo.pcm not found, waiting...
demo.pcm not found, waiting...
demo.pcm not found, waiting...
demo.pcm not found, waiting...
demo.pcm not found, waiting...
demo.pcm not found, waiting...
demo.pcm not found, waiting...
demo.pcm not found, waiting...
demo.pcm not found, waiting...
demo.pcm not found, waiting...
demo.pcm not found, waiting...
demo.pcm not found, waiting...
demo.pcm not found, waiting...
demo.pcm not found, waiting...
demo.pcm not found, waiting...
demo.pcm not found, waiting...
demo.pcm not found, waiting...
demo.pcm not found, waiting...
demo.pcm not found, waiting...
demo.pcm not found, waiting...
demo.pcm not found, waiting...
demo.pcm not found, waiting...
demo.pcm not found, waiting...
demo.pcm not found, waiting...
demo.pcm not found, waiting...
demo.pcm not found, waiting...
demo.pcm not found, waiting...
demo.pcm not found, waiting...
demo.pcm not found, waiting...
demo.pcm not found, waiting...
demo.pcm not found, waiting...
demo.pcm not found, waiting...
demo.pcm not found, waiting...
demo.pcm not found, waiting...
demo.pcm not found, waiting...
demo.pcm not found, waiting...
demo.pcm not found, waiting...
demo.pcm not found, waiting...
demo.pcm not found, waiting...
demo.pcm not found, waiting...
demo.pcm not found, waiting...
demo.pcm not found, waiting...
demo.pcm not found, waiting...
demo.pcm not found, waiting...
demo.pcm not found, waiting...
demo.pcm not found, waiting...
demo.pcm not found, waiting...
demo.pcm not found, waiting...
demo.pcm not found, waiting...
demo.pcm not found, waiting...
demo.pcm not found, waiting...
demo.pcm not found, waiting...
demo.pcm not found, waiting...
demo.pcm not found, waiting...
demo.pcm not found, waiting...
demo.pcm not found, waiting...
demo.pcm not found, waiting...
demo.pcm not found, waiting...
demo.pcm not found, waiting...
demo.pcm not found, waiting...
demo.pcm not found, waiting...
demo.pcm not found, waiting...
demo.pcm not found, waiting...
demo.pcm not found, waiting...
demo.pcm not found, waiting...
demo.pcm not found, waiting...
demo.pcm not found, waiting...
demo.pcm not found, waiting...
demo.pcm not found, waiting...
demo.pcm not found, waiting...
demo.pcm not found, waiting...
demo.pcm not found, waiting...
demo.pcm not found, waiting...
demo.pcm not found, waiting...
demo.pcm not found, waiting...
demo.pcm not found, waiting...
demo.pcm not found, waiting...
demo.pcm not found, waiting...
demo.pcm not found, waiting...
demo.pcm not found, waiting...
demo.pcm not found, waiting...
demo.pcm not found, waiting...
demo.pcm not found, waiting...
demo.pcm not found, waiting...
demo.pcm not found, waiting...
demo.pcm not found, waiting...
demo.pcm not found, waiting...
demo.pcm not found, waiting...
demo.pcm not found, waiting...
demo.pcm not found, waiting...
demo.pcm not found, waiting...
demo.pcm not found, waiting...
demo.pcm not found, waiting...
demo.pcm not found, waiting...
demo.pcm not found, waiting...
demo.pcm not found, waiting...
demo.pcm not found, waiting...
demo.pcm not found, waiting...
demo.pcm not found, waiting...
demo.pcm not found, waiting...
demo.pcm not found, waiting...
demo.pcm not found, waiting...
demo.pcm not found, waiting...
demo.pcm not found, waiting...
demo.pcm not found, waiting...
demo.pcm not found, waiting...
demo.pcm not found, waiting...
demo.pcm not found, waiting...
demo.pcm not found, waiting...
demo.pcm not found, waiting...
demo.pcm not found, waiting...
demo.pcm not found, waiting...
demo.pcm not found, waiting...
demo.pcm not found, waiting...
demo.pcm not found, waiting...
demo.pcm not found, waiting...
demo.pcm not found, waiting...
demo.pcm not found, waiting...
demo.pcm not found, waiting...
demo.pcm not found, waiting...
demo.pcm not found, waiting...
demo.pcm not found, waiting...
demo.pcm not found, waiting...
demo.pcm not found, waiting...
demo.pcm not found, waiting...
demo.pcm not found, waiting...
demo.pcm not found, waiting...
demo.pcm not found, waiting...
demo.pcm not found, waiting...
demo.pcm not found, waiting...
demo.pcm not found, waiting...
demo.pcm not found, waiting...
demo.pcm not found, waiting...
demo.pcm not found, waiting...
demo.pcm not found, waiting...
demo.pcm not found, waiting...
demo.pcm not found, waiting...
demo.pcm not found, waiting...
demo.pcm not found, waiting...
demo.pcm not found, waiting...
demo.pcm not found, waiting...
demo.pcm not found, waiting...
demo.pcm not found, waiting...
demo.pcm not found, waiting...
demo.pcm not found, waiting...
demo.pcm not found, waiting...
demo.pcm not found, waiting...
demo.pcm not found, waiting...
demo.pcm not found, waiting...
demo.pcm not found, waiting...
demo.pcm not found, waiting...
demo.pcm not found, waiting...
demo.pcm not found, waiting...
demo.pcm not found, waiting...
demo.pcm not found, waiting...
demo.pcm not found, waiting...
demo.pcm not found, waiting...
demo.pcm not found, waiting...
demo.pcm not found, waiting...
demo.pcm not found, waiting...
demo.pcm not found, waiting...
demo.pcm not found, waiting...
demo.pcm not found, waiting...
demo.pcm not found, waiting...
demo.pcm not found, waiting...
demo.pcm not found, waiting...
demo.pcm not found, waiting...
demo.pcm not found, waiting...
demo.pcm not found, waiting...
demo.pcm not found, waiting...
demo.pcm not found, waiting...
demo.pcm not found, waiting...
demo.pcm not found, waiting...
demo.pcm not found, waiting...
demo.pcm not found, waiting...
demo.pcm not found, waiting...
demo.pcm not found, waiting...
demo.pcm not found, waiting...
demo.pcm not found, waiting...
demo.pcm not found, waiting...
demo.pcm not found, waiting...
demo.pcm not found, waiting...
demo.pcm not found, waiting...
demo.pcm not found, waiting...
demo.pcm not found, waiting...
demo.pcm not found, waiting...
demo.pcm not found, waiting...
demo.pcm not found, waiting...
demo.pcm not found, waiting...
demo.pcm not found, waiting...
demo.pcm not found, waiting...
demo.pcm not found, waiting...
demo.pcm not found, waiting...
demo.pcm not found, waiting...
demo.pcm not found, waiting...
demo.pcm not found, waiting...
demo.pcm not found, waiting...
demo.pcm not found, waiting...
demo.pcm not found, waiting...
demo.pcm not found, waiting...
demo.pcm not found, waiting...
demo.pcm not found, waiting...
demo.pcm not found, waiting...
demo.pcm not found, waiting...
demo.pcm not found, waiting...
demo.pcm not found, waiting...
demo.pcm not found, waiting...
demo.pcm not found, waiting...
demo.pcm not found, waiting...
demo.pcm not found, waiting...
demo.pcm not found, waiting...
demo.pcm not found, waiting...
demo.pcm not found, waiting...
demo.pcm not found, waiting...
demo.pcm not found, waiting...
demo.pcm not found, waiting...
demo.pcm not found, waiting...
demo.pcm not found, waiting...
demo.pcm not found, waiting...
demo.pcm not found, waiting...
demo.pcm not found, waiting...
demo.pcm not found, waiting...
demo.pcm not found, waiting...
demo.pcm not found, waiting...
demo.pcm not found, waiting...
demo.pcm not found, waiting...
demo.pcm not found, waiting...
demo.pcm not found, waiting...
demo.pcm not found, waiting...
demo.pcm not found, waiting...
demo.pcm not found, waiting...
demo.pcm not found, waiting...
demo.pcm not found, waiting...
demo.pcm not found, waiting...
demo.pcm not found, waiting...
demo.pcm not found, waiting...
demo.pcm not found, waiting...
demo.pcm not found, waiting...
demo.pcm not found, waiting...
demo.pcm not found, waiting...
demo.pcm not found, waiting...
demo.pcm not found, waiting...
demo.pcm not found, waiting...
demo.pcm not found, waiting...
demo.pcm not found, waiting...
demo.pcm not found, waiting...
demo.pcm not found, waiting...
demo.pcm not found, waiting...
demo.pcm not found, waiting...
demo.pcm not found, waiting...
demo.pcm not found, waiting...
demo.pcm not found, waiting...
demo.pcm not found, waiting...
demo.pcm not found, waiting...
demo.pcm not found, waiting...
demo.pcm not found, waiting...
demo.pcm not found, waiting...
demo.pcm not found, waiting...
demo.pcm not found, waiting...
demo.pcm not found, waiting...
demo.pcm not found, waiting...
demo.pcm not found, waiting...
demo.pcm not found, waiting...
demo.pcm not found, waiting...
demo.pcm not found, waiting...
demo.pcm not found, waiting...
demo.pcm not found, waiting...
demo.pcm not found, waiting...
demo.pcm not found, waiting...
demo.pcm not found, waiting...
demo.pcm not found, waiting...
demo.pcm not found, waiting...
demo.pcm not found, waiting...
demo.pcm not found, waiting...
demo.pcm not found, waiting...
demo.pcm not found, waiting...
demo.pcm not found, waiting...
demo.pcm not found, waiting...
demo.pcm not found, waiting...
demo.pcm not found, waiting...
demo.pcm not found, waiting...
demo.pcm not found, waiting...
demo.pcm not found, waiting...
demo.pcm not found, waiting...
demo.pcm not found, waiting...
demo.pcm not found, waiting...
demo.pcm not found, waiting...
demo.pcm not found, waiting...
demo.pcm not found, waiting...
demo.pcm not found, waiting...
demo.pcm not found, waiting...
demo.pcm not found, waiting...
demo.pcm not found, waiting...
demo.pcm not found, waiting...
demo.pcm not found, waiting...
demo.pcm not found, waiting...
demo.pcm not found, waiting...
demo.pcm not found, waiting...
demo.pcm not found, waiting...
demo.pcm not found, waiting...
demo.pcm not found, waiting...
demo.pcm not found, waiting...
demo.pcm not found, waiting...
demo.pcm not found, waiting...
demo.pcm not found, waiting...
demo.pcm not found, waiting...
demo.pcm not found, waiting...
demo.pcm not found, waiting...
demo.pcm not found, waiting...
demo.pcm not found, waiting...
demo.pcm not found, waiting...
demo.pcm not found, waiting...
demo.pcm not found, waiting...
demo.pcm not found, waiting...
demo.pcm not found, waiting...
demo.pcm not found, waiting...
demo.pcm not found, waiting...
demo.pcm not found, waiting...
demo.pcm not found, waiting...
demo.pcm not found, waiting...
demo.pcm not found, waiting...
demo.pcm not found, waiting...
demo.pcm not found, waiting...
demo.pcm not found, waiting...
demo.pcm not found, waiting...
demo.pcm not found, waiting...
demo.pcm not found, waiting...
demo.pcm not found, waiting...
demo.pcm not found, waiting...
demo.pcm not found, waiting...
demo.pcm not found, waiting...
demo.pcm not found, waiting...
demo.pcm not found, waiting...
demo.pcm not found, waiting...
demo.pcm not found, waiting...
demo.pcm not found, waiting...
demo.pcm not found, waiting...
demo.pcm not found, waiting...
demo.pcm not found, waiting...
demo.pcm not found, waiting...
demo.pcm not found, waiting...
demo.pcm not found, waiting...
demo.pcm not found, waiting...
demo.pcm not found, waiting...
demo.pcm not found, waiting...
demo.pcm not found, waiting...
demo.pcm not found, waiting...
demo.pcm not found, waiting...
demo.pcm not found, waiting...
demo.pcm not found, waiting...
demo.pcm not found, waiting...
demo.pcm not found, waiting...
demo.pcm not found, waiting...
demo.pcm not found, waiting...
demo.pcm not found, waiting...
demo.pcm not found, waiting...
demo.pcm not found, waiting...
demo.pcm not found, waiting...
demo.pcm not found, waiting...
demo.pcm not found, waiting...
demo.pcm not found, waiting...
demo.pcm not found, waiting...
demo.pcm not found, waiting...
demo.pcm not found, waiting...
demo.pcm not found, waiting...
demo.pcm not found, waiting...
demo.pcm not found, waiting...
demo.pcm not found, waiting...
demo.pcm not found, waiting...
demo.pcm not found, waiting...
demo.pcm not found, waiting...
demo.pcm not found, waiting...
demo.pcm not found, waiting...
demo.pcm not found, waiting...
demo.pcm not found, waiting...
demo.pcm not found, waiting...
demo.pcm not found, waiting...
demo.pcm not found, waiting...
demo.pcm not found, waiting...
demo.pcm not found, waiting...
demo.pcm not found, waiting...
demo.pcm not found, waiting...
demo.pcm not found, waiting...
demo.pcm not found, waiting...
demo.pcm not found, waiting...
demo.pcm not found, waiting...
demo.pcm not found, waiting...
demo.pcm not found, waiting...
demo.pcm not found, waiting...
demo.pcm not found, waiting...
demo.pcm not found, waiting...
demo.pcm not found, waiting...
demo.pcm not found, waiting...
demo.pcm not found, waiting...
demo.pcm not found, waiting...
demo.pcm not found, waiting...
demo.pcm not found, waiting...
demo.pcm not found, waiting...
demo.pcm not found, waiting...
demo.pcm not found, waiting...
demo.pcm not found, waiting...
demo.pcm not found, waiting...
demo.pcm not found, waiting...
demo.pcm not found, waiting...
demo.pcm not found, waiting...
demo.pcm not found, waiting...
demo.pcm not found, waiting...
demo.pcm not found, waiting...
demo.pcm not found, waiting...
demo.pcm not found, waiting...
demo.pcm not found, waiting...
demo.pcm not found, waiting...
demo.pcm not found, waiting...
demo.pcm not found, waiting...
demo.pcm not found, waiting...
demo.pcm not found, waiting...
demo.pcm not found, waiting...
demo.pcm not found, waiting...
demo.pcm not found, waiting...
demo.pcm not found, waiting...
demo.pcm not found, waiting...
demo.pcm not found, waiting...
demo.pcm not found, waiting...
demo.pcm not found, waiting...
demo.pcm not found, waiting...
demo.pcm not found, waiting...
demo.pcm not found, waiting...
demo.pcm not found, waiting...
demo.pcm not found, waiting...
demo.pcm not found, waiting...
demo.pcm not found, waiting...
demo.pcm not found, waiting...
demo.pcm not found, waiting...
demo.pcm not found, waiting...
demo.pcm not found, waiting...
demo.pcm not found, waiting...
demo.pcm not found, waiting...
demo.pcm not found, waiting...
demo.pcm not found, waiting...
demo.pcm not found, waiting...
demo.pcm not found, waiting...
demo.pcm not found, waiting...
demo.pcm not found, waiting...
demo.pcm not found, waiting...
demo.pcm not found, waiting...
demo.pcm not found, waiting...
demo.pcm not found, waiting...
demo.pcm not found, waiting...
demo.pcm not found, waiting...
demo.pcm not found, waiting...
demo.pcm not found, waiting...
demo.pcm not found, waiting...
demo.pcm not found, waiting...
demo.pcm not found, waiting...
demo.pcm not found, waiting...
demo.pcm not found, waiting...
demo.pcm not found, waiting...
demo.pcm not found, waiting...
demo.pcm not found, waiting...
demo.pcm not found, waiting...
demo.pcm not found, waiting...
demo.pcm not found, waiting...
demo.pcm not found, waiting...
demo.pcm not found, waiting...
demo.pcm not found, waiting...
demo.pcm not found, waiting...
demo.pcm not found, waiting...
demo.pcm not found, waiting...
demo.pcm not found, waiting...
demo.pcm not found, waiting...
demo.pcm not found, waiting...
demo.pcm not found, waiting...
demo.pcm not found, waiting...
demo.pcm not found, waiting...
demo.pcm not found, waiting...
demo.pcm not found, waiting...
demo.pcm not found, waiting...
demo.pcm not found, waiting...
demo.pcm not found, waiting...
demo.pcm not found, waiting...
demo.pcm not found, waiting...
demo.pcm not found, waiting...
demo.pcm not found, waiting...
demo.pcm not found, waiting...
demo.pcm not found, waiting...
demo.pcm not found, waiting...
demo.pcm not found, waiting...
demo.pcm not found, waiting...
demo.pcm not found, waiting...
demo.pcm not found, waiting...
demo.pcm not found, waiting...
demo.pcm not found, waiting...
demo.pcm not found, waiting...
demo.pcm not found, waiting...
demo.pcm not found, waiting...
demo.pcm not found, waiting...
demo.pcm not found, waiting...
demo.pcm not found, waiting...
demo.pcm not found, waiting...
demo.pcm not found, waiting...
demo.pcm not found, waiting...
demo.pcm not found, waiting...
demo.pcm not found, waiting...
demo.pcm not found, waiting...
demo.pcm not found, waiting...
demo.pcm not found, waiting...
demo.pcm not found, waiting...
demo.pcm not found, waiting...
demo.pcm not found, waiting...
demo.pcm not found, waiting...
demo.pcm not found, waiting...
demo.pcm not found, waiting...
demo.pcm not found, waiting...
demo.pcm not found, waiting...
demo.pcm not found, waiting...
demo.pcm not found, waiting...
demo.pcm not found, waiting...
demo.pcm not found, waiting...
demo.pcm not found, waiting...
demo.pcm not found, waiting...
demo.pcm not found, waiting...
demo.pcm not found, waiting...
demo.pcm not found, waiting...
demo.pcm not found, waiting...
demo.pcm not found, waiting...
demo.pcm not found, waiting...
demo.pcm not found, waiting...
demo.pcm not found, waiting...
demo.pcm not found, waiting...
demo.pcm not found, waiting...
demo.pcm not found, waiting...
demo.pcm not found, waiting...
demo.pcm not found, waiting...
demo.pcm not found, waiting...
demo.pcm not found, waiting...
demo.pcm not found, waiting...
demo.pcm not found, waiting...
demo.pcm not found, waiting...
demo.pcm not found, waiting...
demo.pcm not found, waiting...
demo.pcm not found, waiting...
demo.pcm not found, waiting...
demo.pcm not found, waiting...
demo.pcm not found, waiting...
demo.pcm not found, waiting...
demo.pcm not found, waiting...
demo.pcm not found, waiting...
demo.pcm not found, waiting...
demo.pcm not found, waiting...
demo.pcm not found, waiting...
demo.pcm not found, waiting...
demo.pcm not found, waiting...
demo.pcm not found, waiting...
demo.pcm not found, waiting...
demo.pcm not found, waiting...
demo.pcm not found, waiting...
demo.pcm not found, waiting...
demo.pcm not found, waiting...
demo.pcm not found, waiting...
demo.pcm not found, waiting...
demo.pcm not found, waiting...
demo.pcm not found, waiting...
demo.pcm not found, waiting...
demo.pcm not found, waiting...
demo.pcm not found, waiting...
demo.pcm not found, waiting...
demo.pcm not found, waiting...
demo.pcm not found, waiting...
demo.pcm not found, waiting...
demo.pcm not found, waiting...
demo.pcm not found, waiting...
demo.pcm not found, waiting...
demo.pcm not found, waiting...
demo.pcm not found, waiting...
demo.pcm not found, waiting...
demo.pcm not found, waiting...
demo.pcm not found, waiting...
demo.pcm not found, waiting...
demo.pcm not found, waiting...
demo.pcm not found, waiting...
demo.pcm not found, waiting...
demo.pcm not found, waiting...
demo.pcm not found, waiting...
demo.pcm not found, waiting...
demo.pcm not found, waiting...
demo.pcm not found, waiting...
demo.pcm not found, waiting...
demo.pcm not found, waiting...
demo.pcm not found, waiting...
demo.pcm not found, waiting...
demo.pcm not found, waiting...
demo.pcm not found, waiting...
demo.pcm not found, waiting...
demo.pcm not found, waiting...
demo.pcm not found, waiting...
demo.pcm not found, waiting...
demo.pcm not found, waiting...
demo.pcm not found, waiting...
demo.pcm not found, waiting...
demo.pcm not found, waiting...
demo.pcm not found, waiting...
demo.pcm not found, waiting...
demo.pcm not found, waiting...
demo.pcm not found, waiting...
demo.pcm not found, waiting...
demo.pcm not found, waiting...
demo.pcm not found, waiting...
demo.pcm not found, waiting...
demo.pcm not found, waiting...
demo.pcm not found, waiting...
demo.pcm not found, waiting...
demo.pcm not found, waiting...
demo.pcm not found, waiting...
demo.pcm not found, waiting...
demo.pcm not found, waiting...
demo.pcm not found, waiting...
demo.pcm not found, waiting...
demo.pcm not found, waiting...
demo.pcm not found, waiting...
demo.pcm not found, waiting...
demo.pcm not found, waiting...
demo.pcm not found, waiting...
demo.pcm not found, waiting...
demo.pcm not found, waiting...
demo.pcm not found, waiting...
demo.pcm not found, waiting...
demo.pcm not found, waiting...
demo.pcm not found, waiting...
demo.pcm not found, waiting...
demo.pcm not found, waiting...
demo.pcm not found, waiting...
demo.pcm not found, waiting...
demo.pcm not found, waiting...
demo.pcm not found, waiting...
demo.pcm not found, waiting...
demo.pcm not found, waiting...
demo.pcm not found, waiting...
demo.pcm not found, waiting...
demo.pcm not found, waiting...
demo.pcm not found, waiting...
demo.pcm not found, waiting...
demo.pcm not found, waiting...
demo.pcm not found, waiting...
demo.pcm not found, waiting...
demo.pcm not found, waiting...
demo.pcm not found, waiting...
demo.pcm not found, waiting...
demo.pcm not found, waiting...
demo.pcm not found, waiting...
demo.pcm not found, waiting...
demo.pcm not found, waiting...
demo.pcm not found, waiting...
demo.pcm not found, waiting...
demo.pcm not found, waiting...
demo.pcm not found, waiting...
demo.pcm not found, waiting...
demo.pcm not found, waiting...
demo.pcm not found, waiting...
demo.pcm not found, waiting...
demo.pcm not found, waiting...
demo.pcm not found, waiting...
demo.pcm not found, waiting...
demo.pcm not found, waiting...
demo.pcm not found, waiting...
demo.pcm not found, waiting...
demo.pcm not found, waiting...
demo.pcm not found, waiting...
demo.pcm not found, waiting...
demo.pcm not found, waiting...
demo.pcm not found, waiting...
demo.pcm not found, waiting...
demo.pcm not found, waiting...
demo.pcm not found, waiting...
demo.pcm not found, waiting...
demo.pcm not found, waiting...
demo.pcm not found, waiting...
demo.pcm not found, waiting...
demo.pcm not found, waiting...
demo.pcm not found, waiting...
demo.pcm not found, waiting...
demo.pcm not found, waiting...
demo.pcm not found, waiting...
demo.pcm not found, waiting...
demo.pcm not found, waiting...
demo.pcm not found, waiting...
demo.pcm not found, waiting...
demo.pcm not found, waiting...
demo.pcm not found, waiting...
demo.pcm not found, waiting...
demo.pcm not found, waiting...
demo.pcm not found, waiting...
demo.pcm not found, waiting...
demo.pcm not found, waiting...
demo.pcm not found, waiting...
demo.pcm not found, waiting...
demo.pcm not found, waiting...
demo.pcm not found, waiting...
demo.pcm not found, waiting...
demo.pcm not found, waiting...
demo.pcm not found, waiting...
demo.pcm not found, waiting...
demo.pcm not found, waiting...
demo.pcm not found, waiting...
demo.pcm not found, waiting...
demo.pcm not found, waiting...
demo.pcm not found, waiting...
demo.pcm not found, waiting...
demo.pcm not found, waiting...
demo.pcm not found, waiting...
demo.pcm not found, waiting...
demo.pcm not found, waiting...
demo.pcm not found, waiting...
demo.pcm not found, waiting...
demo.pcm not found, waiting...
demo.pcm not found, waiting...
demo.pcm not found, waiting...
demo.pcm not found, waiting...
demo.pcm not found, waiting...
demo.pcm not found, waiting...
demo.pcm not found, waiting...
demo.pcm not found, waiting...
demo.pcm not found, waiting...
demo.pcm not found, waiting...
demo.pcm not found, waiting...
demo.pcm not found, waiting...
demo.pcm not found, waiting...
demo.pcm not found, waiting...
demo.pcm not found, waiting...
demo.pcm not found, waiting...
demo.pcm not found, waiting...
demo.pcm not found, waiting...
demo.pcm not found, waiting...
demo.pcm not found, waiting...
demo.pcm not found, waiting...
demo.pcm not found, waiting...
demo.pcm not found, waiting...
demo.pcm not found, waiting...
demo.pcm not found, waiting...
demo.pcm not found, waiting...
demo.pcm not found, waiting...
demo.pcm not found, waiting...
demo.pcm not found, waiting...
demo.pcm not found, waiting...
demo.pcm not found, waiting...
demo.pcm not found, waiting...
demo.pcm not found, waiting...
demo.pcm not found, waiting...
demo.pcm not found, waiting...
demo.pcm not found, waiting...
demo.pcm not found, waiting...
demo.pcm not found, waiting...
demo.pcm not found, waiting...
demo.pcm not found, waiting...
demo.pcm not found, waiting...
demo.pcm not found, waiting...
demo.pcm not found, waiting...
demo.pcm not found, waiting...
demo.pcm not found, waiting...
demo.pcm not found, waiting...
demo.pcm not found, waiting...
demo.pcm not found, waiting...
demo.pcm not found, waiting...
demo.pcm not found, waiting...
demo.pcm not found, waiting...
demo.pcm not found, waiting...
demo.pcm not found, waiting...
demo.pcm not found, waiting...
demo.pcm not found, waiting...
demo.pcm not found, waiting...
demo.pcm not found, waiting...
demo.pcm not found, waiting...
demo.pcm not found, waiting...
demo.pcm not found, waiting...
demo.pcm not found, waiting...
demo.pcm not found, waiting...
demo.pcm not found, waiting...
demo.pcm not found, waiting...
demo.pcm not found, waiting...
demo.pcm not found, waiting...
demo.pcm not found, waiting...
demo.pcm not found, waiting...
demo.pcm not found, waiting...
demo.pcm not found, waiting...
demo.pcm not found, waiting...
demo.pcm not found, waiting...
demo.pcm not found, waiting...
demo.pcm not found, waiting...
demo.pcm not found, waiting...
demo.pcm not found, waiting...
demo.pcm not found, waiting...
demo.pcm not found, waiting...
demo.pcm not found, waiting...
demo.pcm not found, waiting...
demo.pcm not found, waiting...
demo.pcm not found, waiting...
demo.pcm not found, waiting...
demo.pcm not found, waiting...
demo.pcm not found, waiting...
demo.pcm not found, waiting...
demo.pcm not found, waiting...
demo.pcm not found, waiting...
demo.pcm not found, waiting...
demo.pcm not found, waiting...
demo.pcm not found, waiting...
demo.pcm not found, waiting...
demo.pcm not found, waiting...
demo.pcm not found, waiting...
demo.pcm not found, waiting...
demo.pcm not found, waiting...
demo.pcm not found, waiting...
demo.pcm not found, waiting...
demo.pcm not found, waiting...
demo.pcm not found, waiting...
demo.pcm not found, waiting...
demo.pcm not found, waiting...
demo.pcm not found, waiting...
demo.pcm not found, waiting...
demo.pcm not found, waiting...
demo.pcm not found, waiting...
demo.pcm not found, waiting...
demo.pcm not found, waiting...
demo.pcm not found, waiting...
demo.pcm not found, waiting...
demo.pcm not found, waiting...
demo.pcm not found, waiting...
demo.pcm not found, waiting...
demo.pcm not found, waiting...
demo.pcm not found, waiting...
demo.pcm not found, waiting...
demo.pcm not found, waiting...
demo.pcm not found, waiting...
demo.pcm not found, waiting...
demo.pcm not found, waiting...
demo.pcm not found, waiting...
demo.pcm not found, waiting...
demo.pcm not found, waiting...
demo.pcm not found, waiting...
demo.pcm not found, waiting...
demo.pcm not found, waiting...
demo.pcm not found, waiting...
demo.pcm not found, waiting...
demo.pcm not found, waiting...
demo.pcm not found, waiting...
demo.pcm not found, waiting...
demo.pcm not found, waiting...
demo.pcm not found, waiting...
demo.pcm not found, waiting...
demo.pcm not found, waiting...
demo.pcm not found, waiting...
demo.pcm not found, waiting...
demo.pcm not found, waiting...
demo.pcm not found, waiting...
demo.pcm not found, waiting...
demo.pcm not found, waiting...
demo.pcm not found, waiting...
demo.pcm not found, waiting...
demo.pcm not found, waiting...
demo.pcm not found, waiting...
demo.pcm not found, waiting...
demo.pcm not found, waiting...
demo.pcm not found, waiting...
demo.pcm not found, waiting...
demo.pcm not found, waiting...
demo.pcm not found, waiting...
demo.pcm not found, waiting...
demo.pcm not found, waiting...
demo.pcm not found, waiting...
demo.pcm not found, waiting...
demo.pcm not found, waiting...
demo.pcm not found, waiting...
demo.pcm not found, waiting...
demo.pcm not found, waiting...
demo.pcm not found, waiting...
demo.pcm not found, waiting...
demo.pcm not found, waiting...
demo.pcm not found, waiting...
demo.pcm not found, waiting...
demo.pcm not found, waiting...
demo.pcm not found, waiting...
demo.pcm not found, waiting...
demo.pcm not found, waiting...
demo.pcm not found, waiting...
demo.pcm not found, waiting...
demo.pcm not found, waiting...
demo.pcm not found, waiting...
demo.pcm not found, waiting...
demo.pcm not found, waiting...
demo.pcm not found, waiting...
demo.pcm not found, waiting...
demo.pcm not found, waiting...
demo.pcm not found, waiting...
demo.pcm not found, waiting...
demo.pcm not found, waiting...
demo.pcm not found, waiting...
demo.pcm not found, waiting...
demo.pcm not found, waiting...
demo.pcm not found, waiting...
demo.pcm not found, waiting...
demo.pcm not found, waiting...
demo.pcm not found, waiting...
demo.pcm not found, waiting...
demo.pcm not found, waiting...
demo.pcm not found, waiting...
demo.pcm not found, waiting...
demo.pcm not found, waiting...
demo.pcm not found, waiting...
demo.pcm not found, waiting...
demo.pcm not found, waiting...
demo.pcm not found, waiting...
demo.pcm not found, waiting...
demo.pcm not found, waiting...
demo.pcm not found, waiting...
demo.pcm not found, waiting...
demo.pcm not found, waiting...
demo.pcm not found, waiting...
demo.pcm not found, waiting...
demo.pcm not found, waiting...
demo.pcm not found, waiting...
demo.pcm not found, waiting...
demo.pcm not found, waiting...
demo.pcm not found, waiting...
demo.pcm not found, waiting...
demo.pcm not found, waiting...
demo.pcm not found, waiting...
demo.pcm not found, waiting...
demo.pcm not found, waiting...
demo.pcm not found, waiting...
demo.pcm not found, waiting...
demo.pcm not found, waiting...
demo.pcm not found, waiting...
demo.pcm not found, waiting...
demo.pcm not found, waiting...
demo.pcm not found, waiting...
demo.pcm not found, waiting...
demo.pcm not found, waiting...
demo.pcm not found, waiting...
demo.pcm not found, waiting...
demo.pcm not found, waiting...
demo.pcm not found, waiting...
demo.pcm not found, waiting...
demo.pcm not found, waiting...
demo.pcm not found, waiting...
demo.pcm not found, waiting...
demo.pcm not found, waiting...
demo.pcm not found, waiting...
demo.pcm not found, waiting...
demo.pcm not found, waiting...
demo.pcm not found, waiting...
demo.pcm not found, waiting...
demo.pcm not found, waiting...
demo.pcm not found, waiting...
demo.pcm not found, waiting...
demo.pcm not found, waiting...
demo.pcm not found, waiting...
demo.pcm not found, waiting...
demo.pcm not found, waiting...
demo.pcm not found, waiting...
demo.pcm not found, waiting...
demo.pcm not found, waiting...
demo.pcm not found, waiting...
demo.pcm not found, waiting...
demo.pcm not found, waiting...
demo.pcm not found, waiting...
demo.pcm not found, waiting...
demo.pcm not found, waiting...
demo.pcm not found, waiting...
demo.pcm not found, waiting...
demo.pcm not found, waiting...
demo.pcm not found, waiting...
demo.pcm not found, waiting...
demo.pcm not found, waiting...
demo.pcm not found, waiting...
demo.pcm not found, waiting...
demo.pcm not found, waiting...
demo.pcm not found, waiting...
demo.pcm not found, waiting...
demo.pcm not found, waiting...
demo.pcm not found, waiting...
demo.pcm not found, waiting...
demo.pcm not found, waiting...
demo.pcm not found, waiting...
demo.pcm not found, waiting...
demo.pcm not found, waiting...
demo.pcm not found, waiting...
demo.pcm not found, waiting...
demo.pcm not found, waiting...
demo.pcm not found, waiting...
demo.pcm not found, waiting...
demo.pcm not found, waiting...
demo.pcm not found, waiting...
demo.pcm not found, waiting...
demo.pcm not found, waiting...
demo.pcm not found, waiting...
demo.pcm not found, waiting...
demo.pcm not found, waiting...
demo.pcm not found, waiting...
demo.pcm not found, waiting...
demo.pcm not found, waiting...
demo.pcm not found, waiting...
demo.pcm not found, waiting...
demo.pcm not found, waiting...
demo.pcm not found, waiting...
demo.pcm not found, waiting...
demo.pcm not found, waiting...
demo.pcm not found, waiting...
demo.pcm not found, waiting...
demo.pcm not found, waiting...
demo.pcm not found, waiting...
demo.pcm not found, waiting...
demo.pcm not found, waiting...
demo.pcm not found, waiting...
demo.pcm not found, waiting...
demo.pcm not found, waiting...
demo.pcm not found, waiting...
demo.pcm not found, waiting...
demo.pcm not found, waiting...
demo.pcm not found, waiting...
demo.pcm not found, waiting...
demo.pcm not found, waiting...
demo.pcm not found, waiting...
demo.pcm not found, waiting...
demo.pcm not found, waiting...
demo.pcm not found, waiting...
demo.pcm not found, waiting...
demo.pcm not found, waiting...
demo.pcm not found, waiting...
demo.pcm not found, waiting...
demo.pcm not found, waiting...
demo.pcm not found, waiting...
demo.pcm not found, waiting...
demo.pcm not found, waiting...
demo.pcm not found, waiting...
demo.pcm not found, waiting...
demo.pcm not found, waiting...
demo.pcm not found, waiting...
demo.pcm not found, waiting...
demo.pcm not found, waiting...
demo.pcm not found, waiting...
demo.pcm not found, waiting...
demo.pcm not found, waiting...
demo.pcm not found, waiting...
demo.pcm not found, waiting...
demo.pcm not found, waiting...
demo.pcm not found, waiting...
demo.pcm not found, waiting...
demo.pcm not found, waiting...
demo.pcm not found, waiting...
demo.pcm not found, waiting...
demo.pcm not found, waiting...
demo.pcm not found, waiting...
demo.pcm not found, waiting...
demo.pcm not found, waiting...
demo.pcm not found, waiting...
demo.pcm not found, waiting...
demo.pcm not found, waiting...
demo.pcm not found, waiting...
demo.pcm not found, waiting...
demo.pcm not found, waiting...
demo.pcm not found, waiting...
demo.pcm not found, waiting...
demo.pcm not found, waiting...
demo.pcm not found, waiting...
demo.pcm not found, waiting...
demo.pcm not found, waiting...
demo.pcm not found, waiting...
demo.pcm not found, waiting...
demo.pcm not found, waiting...
demo.pcm not found, waiting...
demo.pcm not found, waiting...
demo.pcm not found, waiting...
demo.pcm not found, waiting...
demo.pcm not found, waiting...
demo.pcm not found, waiting...
demo.pcm not found, waiting...
demo.pcm not found, waiting...
demo.pcm not found, waiting...
demo.pcm not found, waiting...
demo.pcm not found, waiting...
demo.pcm not found, waiting...
demo.pcm not found, waiting...
demo.pcm not found, waiting...
demo.pcm not found, waiting...
demo.pcm not found, waiting...
demo.pcm not found, waiting...
demo.pcm not found, waiting...
demo.pcm not found, waiting...
demo.pcm not found, waiting...
demo.pcm not found, waiting...
demo.pcm not found, waiting...
demo.pcm not found, waiting...
demo.pcm not found, waiting...
demo.pcm not found, waiting...
demo.pcm not found, waiting...
demo.pcm not found, waiting...
demo.pcm not found, waiting...
demo.pcm not found, waiting...
demo.pcm not found, waiting...
demo.pcm not found, waiting...
demo.pcm not found, waiting...
demo.pcm not found, waiting...
demo.pcm not found, waiting...
demo.pcm not found, waiting...
demo.pcm not found, waiting...
demo.pcm not found, waiting...
demo.pcm not found, waiting...
demo.pcm not found, waiting...
demo.pcm not found, waiting...
demo.pcm not found, waiting...
demo.pcm not found, waiting...
demo.pcm not found, waiting...
demo.pcm not found, waiting...
demo.pcm not found, waiting...
demo.pcm not found, waiting...
demo.pcm not found, waiting...
demo.pcm not found, waiting...
demo.pcm not found, waiting...
demo.pcm not found, waiting...
demo.pcm not found, waiting...
demo.pcm not found, waiting...
demo.pcm not found, waiting...
demo.pcm not found, waiting...
demo.pcm not found, waiting...
demo.pcm not found, waiting...
demo.pcm not found, waiting...
demo.pcm not found, waiting...
demo.pcm not found, waiting...
demo.pcm not found, waiting...
demo.pcm not found, waiting...
demo.pcm not found, waiting...
demo.pcm not found, waiting...
demo.pcm not found, waiting...
demo.pcm not found, waiting...
demo.pcm not found, waiting...
demo.pcm not found, waiting...
demo.pcm not found, waiting...
demo.pcm not found, waiting...
demo.pcm not found, waiting...
demo.pcm not found, waiting...
demo.pcm not found, waiting...
demo.pcm not found, waiting...
demo.pcm not found, waiting...
demo.pcm not found, waiting...
demo.pcm not found, waiting...
demo.pcm not found, waiting...
demo.pcm not found, waiting...
demo.pcm not found, waiting...
demo.pcm not found, waiting...
demo.pcm not found, waiting...
demo.pcm not found, waiting...
demo.pcm not found, waiting...
demo.pcm not found, waiting...
demo.pcm not found, waiting...
demo.pcm not found, waiting...
demo.pcm not found, waiting...
demo.pcm not found, waiting...
demo.pcm not found, waiting...
demo.pcm not found, waiting...
demo.pcm not found, waiting...
demo.pcm not found, waiting...
demo.pcm not found, waiting...
demo.pcm not found, waiting...
demo.pcm not found, waiting...
demo.pcm not found, waiting...
demo.pcm not found, waiting...
demo.pcm not found, waiting...
demo.pcm not found, waiting...
demo.pcm not found, waiting...
demo.pcm not found, waiting...
demo.pcm not found, waiting...
demo.pcm not found, waiting...
demo.pcm not found, waiting...
demo.pcm not found, waiting...
demo.pcm not found, waiting...
demo.pcm not found, waiting...
demo.pcm not found, waiting...
demo.pcm not found, waiting...
demo.pcm not found, waiting...
demo.pcm not found, waiting...
demo.pcm not found, waiting...
demo.pcm not found, waiting...
demo.pcm not found, waiting...
demo.pcm not found, waiting...
demo.pcm not found, waiting...
demo.pcm not found, waiting...
demo.pcm not found, waiting...
demo.pcm not found, waiting...
demo.pcm not found, waiting...
demo.pcm not found, waiting...
demo.pcm not found, waiting...
demo.pcm not found, waiting...
demo.pcm not found, waiting...
demo.pcm not found, waiting...
demo.pcm not found, waiting...
demo.pcm not found, waiting...
demo.pcm not found, waiting...
demo.pcm not found, waiting...
demo.pcm not found, waiting...
demo.pcm not found, waiting...
demo.pcm not found, waiting...
demo.pcm not found, waiting...
demo.pcm not found, waiting...
demo.pcm not found, waiting...
demo.pcm not found, waiting...
demo.pcm not found, waiting...
demo.pcm not found, waiting...
demo.pcm not found, waiting...
demo.pcm not found, waiting...
demo.pcm not found, waiting...
demo.pcm not found, waiting...
demo.pcm not found, waiting...
demo.pcm not found, waiting...
demo.pcm not found, waiting...
demo.pcm not found, waiting...
demo.pcm not found, waiting...
demo.pcm not found, waiting...
demo.pcm not found, waiting...
demo.pcm not found, waiting...
demo.pcm not found, waiting...
demo.pcm not found, waiting...
demo.pcm not found, waiting...
demo.pcm not found, waiting...
demo.pcm not found, waiting...
demo.pcm not found, waiting...
demo.pcm not found, waiting...
demo.pcm not found, waiting...
demo.pcm not found, waiting...
demo.pcm not found, waiting...
demo.pcm not found, waiting...
demo.pcm not found, waiting...
demo.pcm not found, waiting...
demo.pcm not found, waiting...
demo.pcm not found, waiting...
demo.pcm not found, waiting...
demo.pcm not found, waiting...
demo.pcm not found, waiting...
demo.pcm not found, waiting...
demo.pcm not found, waiting...
demo.pcm not found, waiting...
demo.pcm not found, waiting...
demo.pcm not found, waiting...
demo.pcm not found, waiting...
demo.pcm not found, waiting...
demo.pcm not found, waiting...
demo.pcm not found, waiting...
demo.pcm not found, waiting...
demo.pcm not found, waiting...
demo.pcm not found, waiting...
demo.pcm not found, waiting...
demo.pcm not found, waiting...
demo.pcm not found, waiting...
demo.pcm not found, waiting...
demo.pcm not found, waiting...
demo.pcm not found, waiting...
demo.pcm not found, waiting...
demo.pcm not found, waiting...
demo.pcm not found, waiting...
demo.pcm not found, waiting...
demo.pcm not found, waiting...
demo.pcm not found, waiting...
demo.pcm not found, waiting...
demo.pcm not found, waiting...
demo.pcm not found, waiting...
demo.pcm not found, waiting...
demo.pcm not found, waiting...
demo.pcm not found, waiting...
demo.pcm not found, waiting...
demo.pcm not found, waiting...
demo.pcm not found, waiting...
demo.pcm not found, waiting...
demo.pcm not found, waiting...
demo.pcm not found, waiting...
demo.pcm not found, waiting...
demo.pcm not found, waiting...
demo.pcm not found, waiting...
demo.pcm not found, waiting...
demo.pcm not found, waiting...
demo.pcm not found, waiting...
demo.pcm not found, waiting...
demo.pcm not found, waiting...
demo.pcm not found, waiting...
demo.pcm not found, waiting...
demo.pcm not found, waiting...
demo.pcm not found, waiting...
demo.pcm not found, waiting...
demo.pcm not found, waiting...
demo.pcm not found, waiting...
demo.pcm not found, waiting...
demo.pcm not found, waiting...
demo.pcm not found, waiting...
demo.pcm not found, waiting...
demo.pcm not found, waiting...
demo.pcm not found, waiting...
demo.pcm not found, waiting...
demo.pcm not found, waiting...
demo.pcm not found, waiting...
demo.pcm not found, waiting...
demo.pcm not found, waiting...
demo.pcm not found, waiting...
demo.pcm not found, waiting...
demo.pcm not found, waiting...
demo.pcm not found, waiting...
demo.pcm not found, waiting...
demo.pcm not found, waiting...
demo.pcm not found, waiting...
demo.pcm not found, waiting...
demo.pcm not found, waiting...
demo.pcm not found, waiting...
demo.pcm not found, waiting...
demo.pcm not found, waiting...
demo.pcm not found, waiting...
demo.pcm not found, waiting...
demo.pcm not found, waiting...
demo.pcm not found, waiting...
demo.pcm not found, waiting...
demo.pcm not found, waiting...
demo.pcm not found, waiting...
demo.pcm not found, waiting...
demo.pcm not found, waiting...
demo.pcm not found, waiting...
demo.pcm not found, waiting...
demo.pcm not found, waiting...
demo.pcm not found, waiting...
demo.pcm not found, waiting...
demo.pcm not found, waiting...
demo.pcm not found, waiting...
demo.pcm not found, waiting...
demo.pcm not found, waiting...
demo.pcm not found, waiting...
demo.pcm not found, waiting...
demo.pcm not found, waiting...
demo.pcm not found, waiting...
demo.pcm not found, waiting...
demo.pcm not found, waiting...
demo.pcm not found, waiting...
demo.pcm not found, waiting...
demo.pcm not found, waiting...
demo.pcm not found, waiting...
demo.pcm not found, waiting...
demo.pcm not found, waiting...
demo.pcm not found, waiting...
demo.pcm not found, waiting...
demo.pcm not found, waiting...
demo.pcm not found, waiting...
demo.pcm not found, waiting...
demo.pcm not found, waiting...
demo.pcm not found, waiting...
demo.pcm not found, waiting...
demo.pcm not found, waiting...
demo.pcm not found, waiting...
demo.pcm not found, waiting...
demo.pcm not found, waiting...
demo.pcm not found, waiting...
demo.pcm not found, waiting...
demo.pcm not found, waiting...
demo.pcm not found, waiting...
demo.pcm not found, waiting...
demo.pcm not found, waiting...
demo.pcm not found, waiting...
demo.pcm not found, waiting...
demo.pcm not found, waiting...
demo.pcm not found, waiting...
demo.pcm not found, waiting...
demo.pcm not found, waiting...
demo.pcm not found, waiting...
demo.pcm not found, waiting...
demo.pcm not found, waiting...
demo.pcm not found, waiting...
demo.pcm not found, waiting...
demo.pcm not found, waiting...
demo.pcm not found, waiting...
demo.pcm not found, waiting...
demo.pcm not found, waiting...
demo.pcm not found, waiting...
demo.pcm not found, waiting...
demo.pcm not found, waiting...
demo.pcm not found, waiting...
demo.pcm not found, waiting...
demo.pcm not found, waiting...
demo.pcm not found, waiting...
demo.pcm not found, waiting...
demo.pcm not found, waiting...
demo.pcm not found, waiting...
demo.pcm not found, waiting...
demo.pcm not found, waiting...
demo.pcm not found, waiting...
demo.pcm not found, waiting...
demo.pcm not found, waiting...
demo.pcm not found, waiting...
demo.pcm not found, waiting...
demo.pcm not found, waiting...
demo.pcm not found, waiting...
demo.pcm not found, waiting...
demo.pcm not found, waiting...
demo.pcm not found, waiting...
demo.pcm not found, waiting...
demo.pcm not found, waiting...
demo.pcm not found, waiting...
demo.pcm not found, waiting...
demo.pcm not found, waiting...
demo.pcm not found, waiting...
demo.pcm not found, waiting...
demo.pcm not found, waiting...
demo.pcm not found, waiting...
demo.pcm not found, waiting...
demo.pcm not found, waiting...
demo.pcm not found, waiting...
demo.pcm not found, waiting...
demo.pcm not found, waiting...
demo.pcm not found, waiting...
demo.pcm not found, waiting...
demo.pcm not found, waiting...
demo.pcm not found, waiting...
demo.pcm not found, waiting...
demo.pcm not found, waiting...
demo.pcm not found, waiting...
demo.pcm not found, waiting...
demo.pcm not found, waiting...
demo.pcm not found, waiting...
demo.pcm not found, waiting...
demo.pcm not found, waiting...
demo.pcm not found, waiting...
demo.pcm not found, waiting...
demo.pcm not found, waiting...
demo.pcm not found, waiting...
demo.pcm not found, waiting...
demo.pcm not found, waiting...
demo.pcm not found, waiting...
demo.pcm not found, waiting...
demo.pcm not found, waiting...
demo.pcm not found, waiting...
demo.pcm not found, waiting...
demo.pcm not found, waiting...
demo.pcm not found, waiting...
demo.pcm not found, waiting...
demo.pcm not found, waiting...
demo.pcm not found, waiting...
demo.pcm not found, waiting...
demo.pcm not found, waiting...
demo.pcm not found, waiting...
demo.pcm not found, waiting...
demo.pcm not found, waiting...
demo.pcm not found, waiting...
demo.pcm not found, waiting...
demo.pcm not found, waiting...
demo.pcm not found, waiting...
demo.pcm not found, waiting...
demo.pcm not found, waiting...
demo.pcm not found, waiting...
demo.pcm not found, waiting...
demo.pcm not found, waiting...
demo.pcm not found, waiting...
demo.pcm not found, waiting...
demo.pcm not found, waiting...
demo.pcm not found, waiting...
demo.pcm not found, waiting...
demo.pcm not found, waiting...
demo.pcm not found, waiting...
demo.pcm not found, waiting...
demo.pcm not found, waiting...
demo.pcm not found, waiting...
demo.pcm not found, waiting...
demo.pcm not found, waiting...
demo.pcm not found, waiting...
demo.pcm not found, waiting...
demo.pcm not found, waiting...
demo.pcm not found, waiting...
demo.pcm not found, waiting...
demo.pcm not found, waiting...
demo.pcm not found, waiting...
demo.pcm not found, waiting...
demo.pcm not found, waiting...
demo.pcm not found, waiting...
demo.pcm not found, waiting...
demo.pcm not found, waiting...
demo.pcm not found, waiting...
demo.pcm not found, waiting...
demo.pcm not found, waiting...
demo.pcm not found, waiting...
demo.pcm not found, waiting...
demo.pcm not found, waiting...
demo.pcm not found, waiting...
demo.pcm not found, waiting...
demo.pcm not found, waiting...
demo.pcm not found, waiting...
demo.pcm not found, waiting...
demo.pcm not found, waiting...
demo.pcm not found, waiting...
demo.pcm not found, waiting...
demo.pcm not found, waiting...
demo.pcm not found, waiting...
demo.pcm not found, waiting...
demo.pcm not found, waiting...
demo.pcm not found, waiting...
demo.pcm not found, waiting...
demo.pcm not found, waiting...
demo.pcm not found, waiting...
demo.pcm not found, waiting...
demo.pcm not found, waiting...
demo.pcm not found, waiting...
demo.pcm not found, waiting...
demo.pcm not found, waiting...
demo.pcm not found, waiting...
demo.pcm not found, waiting...
demo.pcm not found, waiting...
demo.pcm not found, waiting...
demo.pcm not found, waiting...
demo.pcm not found, waiting...
demo.pcm not found, waiting...
demo.pcm not found, waiting...
demo.pcm not found, waiting...
demo.pcm not found, waiting...
demo.pcm not found, waiting...
demo.pcm not found, waiting...
demo.pcm not found, waiting...
demo.pcm not found, waiting...
demo.pcm not found, waiting...
demo.pcm not found, waiting...
demo.pcm not found, waiting...
demo.pcm not found, waiting...
demo.pcm not found, waiting...
demo.pcm not found, waiting...
demo.pcm not found, waiting...
demo.pcm not found, waiting...
demo.pcm not found, waiting...
demo.pcm not found, waiting...
demo.pcm not found, waiting...
demo.pcm not found, waiting...
demo.pcm not found, waiting...
demo.pcm not found, waiting...
demo.pcm not found, waiting...
demo.pcm not found, waiting...
demo.pcm not found, waiting...
demo.pcm not found, waiting...
demo.pcm not found, waiting...
demo.pcm not found, waiting...
demo.pcm not found, waiting...
demo.pcm not found, waiting...
demo.pcm not found, waiting...
demo.pcm not found, waiting...
demo.pcm not found, waiting...
demo.pcm not found, waiting...
demo.pcm not found, waiting...
demo.pcm not found, waiting...
demo.pcm not found, waiting...
demo.pcm not found, waiting...
demo.pcm not found, waiting...
demo.pcm not found, waiting...
demo.pcm not found, waiting...
demo.pcm not found, waiting...
demo.pcm not found, waiting...
demo.pcm not found, waiting...
demo.pcm not found, waiting...
demo.pcm not found, waiting...
demo.pcm not found, waiting...
demo.pcm not found, waiting...
demo.pcm not found, waiting...
demo.pcm not found, waiting...
demo.pcm not found, waiting...
demo.pcm not found, waiting...
demo.pcm not found, waiting...
demo.pcm not found, waiting...
demo.pcm not found, waiting...
demo.pcm not found, waiting...
demo.pcm not found, waiting...
demo.pcm not found, waiting...
demo.pcm not found, waiting...
demo.pcm not found, waiting...
demo.pcm not found, waiting...
demo.pcm not found, waiting...
demo.pcm not found, waiting...
demo.pcm not found, waiting...
demo.pcm not found, waiting...
demo.pcm not found, waiting...
demo.pcm not found, waiting...
demo.pcm not found, waiting...
demo.pcm not found, waiting...
demo.pcm not found, waiting...
demo.pcm not found, waiting...
demo.pcm not found, waiting...
demo.pcm not found, waiting...
demo.pcm not found, waiting...
demo.pcm not found, waiting...
demo.pcm not found, waiting...
demo.pcm not found, waiting...
demo.pcm not found, waiting...
demo.pcm not found, waiting...
demo.pcm not found, waiting...
demo.pcm not found, waiting...
demo.pcm not found, waiting...
demo.pcm not found, waiting...
demo.pcm not found, waiting...
demo.pcm not found, waiting...
demo.pcm not found, waiting...
demo.pcm not found, waiting...
demo.pcm not found, waiting...
demo.pcm not found, waiting...
demo.pcm not found, waiting...
demo.pcm not found, waiting...
demo.pcm not found, waiting...
demo.pcm not found, waiting...
demo.pcm not found, waiting...
demo.pcm not found, waiting...
demo.pcm not found, waiting...
demo.pcm not found, waiting...
demo.pcm not found, waiting...
demo.pcm not found, waiting...
demo.pcm not found, waiting...
demo.pcm not found, waiting...
demo.pcm not found, waiting...
demo.pcm not found, waiting...
demo.pcm not found, waiting...
demo.pcm not found, waiting...
demo.pcm not found, waiting...
demo.pcm not found, waiting...
demo.pcm not found, waiting...
demo.pcm not found, waiting...
demo.pcm not found, waiting...
demo.pcm not found, waiting...
demo.pcm not found, waiting...
demo.pcm not found, waiting...
demo.pcm not found, waiting...
demo.pcm not found, waiting...
demo.pcm not found, waiting...
demo.pcm not found, waiting...
demo.pcm not found, waiting...
demo.pcm not found, waiting...
demo.pcm not found, waiting...
demo.pcm not found, waiting...
demo.pcm not found, waiting...
demo.pcm not found, waiting...
demo.pcm not found, waiting...
demo.pcm not found, waiting...
demo.pcm not found, waiting...
demo.pcm not found, waiting...
demo.pcm not found, waiting...
demo.pcm not found, waiting...
demo.pcm not found, waiting...
demo.pcm not found, waiting...
demo.pcm not found, waiting...
demo.pcm not found, waiting...
demo.pcm not found, waiting...
demo.pcm not found, waiting...
demo.pcm not found, waiting...
demo.pcm not found, waiting...
demo.pcm not found, waiting...
demo.pcm not found, waiting...
demo.pcm not found, waiting...
demo.pcm not found, waiting...
demo.pcm not found, waiting...
demo.pcm not found, waiting...
demo.pcm not found, waiting...
demo.pcm not found, waiting...
demo.pcm not found, waiting...
demo.pcm not found, waiting...
demo.pcm not found, waiting...
demo.pcm not found, waiting...
demo.pcm not found, waiting...
demo.pcm not found, waiting...
demo.pcm not found, waiting...
demo.pcm not found, waiting...
demo.pcm not found, waiting...
demo.pcm not found, waiting...
demo.pcm not found, waiting...
demo.pcm not found, waiting...
demo.pcm not found, waiting...
demo.pcm not found, waiting...
demo.pcm not found, waiting...
demo.pcm not found, waiting...
demo.pcm not found, waiting...
demo.pcm not found, waiting...
demo.pcm not found, waiting...
demo.pcm not found, waiting...
demo.pcm not found, waiting...
demo.pcm not found, waiting...
demo.pcm not found, waiting...
demo.pcm not found, waiting...
demo.pcm not found, waiting...
demo.pcm not found, waiting...
demo.pcm not found, waiting...
demo.pcm not found, waiting...
demo.pcm not found, waiting...
demo.pcm not found, waiting...
demo.pcm not found, waiting...
demo.pcm not found, waiting...
demo.pcm not found, waiting...
demo.pcm not found, waiting...
demo.pcm not found, waiting...
demo.pcm not found, waiting...
demo.pcm not found, waiting...
demo.pcm not found, waiting...
demo.pcm not found, waiting...
demo.pcm not found, waiting...
demo.pcm not found, waiting...
demo.pcm not found, waiting...
demo.pcm not found, waiting...
demo.pcm not found, waiting...
demo.pcm not found, waiting...
demo.pcm not found, waiting...
demo.pcm not found, waiting...
demo.pcm not found, waiting...
demo.pcm not found, waiting...
demo.pcm not found, waiting...
demo.pcm not found, waiting...
demo.pcm not found, waiting...
demo.pcm not found, waiting...
demo.pcm not found, waiting...
demo.pcm not found, waiting...
demo.pcm not found, waiting...
demo.pcm not found, waiting...
demo.pcm not found, waiting...
demo.pcm not found, waiting...
demo.pcm not found, waiting...
demo.pcm not found, waiting...
demo.pcm not found, waiting...
demo.pcm not found, waiting...
demo.pcm not found, waiting...
demo.pcm not found, waiting...
demo.pcm not found, waiting...
demo.pcm not found, waiting...
demo.pcm not found, waiting...
demo.pcm not found, waiting...
demo.pcm not found, waiting...
demo.pcm not found, waiting...
demo.pcm not found, waiting...
demo.pcm not found, waiting...
demo.pcm not found, waiting...
demo.pcm not found, waiting...
demo.pcm not found, waiting...
demo.pcm not found, waiting...
demo.pcm not found, waiting...
demo.pcm not found, waiting...
demo.pcm not found, waiting...
demo.pcm not found, waiting...
demo.pcm not found, waiting...
demo.pcm not found, waiting...
demo.pcm not found, waiting...
demo.pcm not found, waiting...
demo.pcm not found, waiting...
demo.pcm not found, waiting...
demo.pcm not found, waiting...
demo.pcm not found, waiting...
demo.pcm not found, waiting...
demo.pcm not found, waiting...
demo.pcm not found, waiting...
demo.pcm not found, waiting...
demo.pcm not found, waiting...
demo.pcm not found, waiting...
demo.pcm not found, waiting...
demo.pcm not found, waiting...
demo.pcm not found, waiting...
demo.pcm not found, waiting...
demo.pcm not found, waiting...
demo.pcm not found, waiting...
demo.pcm not found, waiting...
demo.pcm not found, waiting...
demo.pcm not found, waiting...
demo.pcm not found, waiting...
demo.pcm not found, waiting...
demo.pcm not found, waiting...
demo.pcm not found, waiting...
demo.pcm not found, waiting...
demo.pcm not found, waiting...
demo.pcm not found, waiting...
demo.pcm not found, waiting...
demo.pcm not found, waiting...
demo.pcm not found, waiting...
demo.pcm not found, waiting...
demo.pcm not found, waiting...
demo.pcm not found, waiting...
demo.pcm not found, waiting...
demo.pcm not found, waiting...
demo.pcm not found, waiting...
demo.pcm not found, waiting...
demo.pcm not found, waiting...
demo.pcm not found, waiting...
demo.pcm not found, waiting...
demo.pcm not found, waiting...
demo.pcm not found, waiting...
demo.pcm not found, waiting...
demo.pcm not found, waiting...
demo.pcm not found, waiting...
demo.pcm not found, waiting...
demo.pcm not found, waiting...
demo.pcm not found, waiting...
demo.pcm not found, waiting...
demo.pcm not found, waiting...
demo.pcm not found, waiting...
demo.pcm not found, waiting...
demo.pcm not found, waiting...
demo.pcm not found, waiting...
demo.pcm not found, waiting...
demo.pcm not found, waiting...
demo.pcm not found, waiting...
demo.pcm not found, waiting...
demo.pcm not found, waiting...
demo.pcm not found, waiting...
demo.pcm not found, waiting...
demo.pcm not found, waiting...
demo.pcm not found, waiting...
demo.pcm not found, waiting...
demo.pcm not found, waiting...
demo.pcm not found, waiting...
demo.pcm not found, waiting...
demo.pcm not found, waiting...
demo.pcm not found, waiting...
demo.pcm not found, waiting...
demo.pcm not found, waiting...
demo.pcm not found, waiting...
demo.pcm not found, waiting...
demo.pcm not found, waiting...
demo.pcm not found, waiting...
demo.pcm not found, waiting...
demo.pcm not found, waiting...
demo.pcm not found, waiting...
demo.pcm not found, waiting...
demo.pcm not found, waiting...
demo.pcm not found, waiting...
demo.pcm not found, waiting...
demo.pcm not found, waiting...
demo.pcm not found, waiting...
demo.pcm not found, waiting...
demo.pcm not found, waiting...
demo.pcm not found, waiting...
demo.pcm not found, waiting...
demo.pcm not found, waiting...
demo.pcm not found, waiting...
demo.pcm not found, waiting...
demo.pcm not found, waiting...
demo.pcm not found, waiting...
demo.pcm not found, waiting...
demo.pcm not found, waiting...
demo.pcm not found, waiting...
demo.pcm not found, waiting...
demo.pcm not found, waiting...
demo.pcm not found, waiting...
demo.pcm not found, waiting...
demo.pcm not found, waiting...
demo.pcm not found, waiting...
demo.pcm not found, waiting...
demo.pcm not found, waiting...
demo.pcm not found, waiting...
demo.pcm not found, waiting...
demo.pcm not found, waiting...
demo.pcm not found, waiting...
demo.pcm not found, waiting...
demo.pcm not found, waiting...
demo.pcm not found, waiting...
demo.pcm not found, waiting...
demo.pcm not found, waiting...
demo.pcm not found, waiting...
demo.pcm not found, waiting...
demo.pcm not found, waiting...
demo.pcm not found, waiting...
demo.pcm not found, waiting...
demo.pcm not found, waiting...
demo.pcm not found, waiting...
demo.pcm not found, waiting...
demo.pcm not found, waiting...
demo.pcm not found, waiting...
demo.pcm not found, waiting...
demo.pcm not found, waiting...
demo.pcm not found, waiting...
demo.pcm not found, waiting...
demo.pcm not found, waiting...
demo.pcm not found, waiting...
demo.pcm not found, waiting...
demo.pcm not found, waiting...
demo.pcm not found, waiting...
demo.pcm not found, waiting...
demo.pcm not found, waiting...
demo.pcm not found, waiting...
demo.pcm not found, waiting...
demo.pcm not found, waiting...
demo.pcm not found, waiting...
demo.pcm not found, waiting...
demo.pcm not found, waiting...
demo.pcm not found, waiting...
demo.pcm not found, waiting...
demo.pcm not found, waiting...
demo.pcm not found, waiting...
demo.pcm not found, waiting...
demo.pcm not found, waiting...
demo.pcm not found, waiting...
demo.pcm not found, waiting...
demo.pcm not found, waiting...
demo.pcm not found, waiting...
demo.pcm not found, waiting...
demo.pcm not found, waiting...
demo.pcm not found, waiting...
demo.pcm not found, waiting...
demo.pcm not found, waiting...
demo.pcm not found, waiting...
demo.pcm not found, waiting...
demo.pcm not found, waiting...
demo.pcm not found, waiting...
demo.pcm not found, waiting...
demo.pcm not found, waiting...
demo.pcm not found, waiting...
demo.pcm not found, waiting...
demo.pcm not found, waiting...
demo.pcm not found, waiting...
demo.pcm not found, waiting...
demo.pcm not found, waiting...
demo.pcm not found, waiting...
demo.pcm not found, waiting...
demo.pcm not found, waiting...
demo.pcm not found, waiting...
demo.pcm not found, waiting...
demo.pcm not found, waiting...
demo.pcm not found, waiting...
demo.pcm not found, waiting...
demo.pcm not found, waiting...
demo.pcm not found, waiting...
demo.pcm not found, waiting...
demo.pcm not found, waiting...
demo.pcm not found, waiting...
demo.pcm not found, waiting...
demo.pcm not found, waiting...
demo.pcm not found, waiting...
demo.pcm not found, waiting...
demo.pcm not found, waiting...
demo.pcm not found, waiting...
demo.pcm not found, waiting...
demo.pcm not found, waiting...
demo.pcm not found, waiting...
demo.pcm not found, waiting...
demo.pcm not found, waiting...
demo.pcm not found, waiting...
demo.pcm not found, waiting...
demo.pcm not found, waiting...
demo.pcm not found, waiting...
demo.pcm not found, waiting...
demo.pcm not found, waiting...
demo.pcm not found, waiting...
demo.pcm not found, waiting...
demo.pcm not found, waiting...
demo.pcm not found, waiting...
demo.pcm not found, waiting...
demo.pcm not found, waiting...
demo.pcm not found, waiting...
demo.pcm not found, waiting...
demo.pcm not found, waiting...
demo.pcm not found, waiting...
demo.pcm not found, waiting...
demo.pcm not found, waiting...
demo.pcm not found, waiting...
demo.pcm not found, waiting...
demo.pcm not found, waiting...
demo.pcm not found, waiting...
demo.pcm not found, waiting...
demo.pcm not found, waiting...
demo.pcm not found, waiting...
demo.pcm not found, waiting...
demo.pcm not found, waiting...
demo.pcm not found, waiting...
demo.pcm not found, waiting...
demo.pcm not found, waiting...
demo.pcm not found, waiting...
demo.pcm not found, waiting...
demo.pcm not found, waiting...
demo.pcm not found, waiting...
demo.pcm not found, waiting...
demo.pcm not found, waiting...
demo.pcm not found, waiting...
demo.pcm not found, waiting...
demo.pcm not found, waiting...
demo.pcm not found, waiting...
demo.pcm not found, waiting...
demo.pcm not found, waiting...
demo.pcm not found, waiting...
demo.pcm not found, waiting...
demo.pcm not found, waiting...
demo.pcm not found, waiting...
demo.pcm not found, waiting...
demo.pcm not found, waiting...
demo.pcm not found, waiting...
demo.pcm not found, waiting...
demo.pcm not found, waiting...
demo.pcm not found, waiting...
demo.pcm not found, waiting...
demo.pcm not found, waiting...
demo.pcm not found, waiting...
demo.pcm not found, waiting...
demo.pcm not found, waiting...
demo.pcm not found, waiting...
demo.pcm not found, waiting...
demo.pcm not found, waiting...
demo.pcm not found, waiting...
demo.pcm not found, waiting...
demo.pcm not found, waiting...
demo.pcm not found, waiting...
demo.pcm not found, waiting...
demo.pcm not found, waiting...
demo.pcm not found, waiting...
demo.pcm not found, waiting...
demo.pcm not found, waiting...
demo.pcm not found, waiting...
demo.pcm not found, waiting...
demo.pcm not found, waiting...
demo.pcm not found, waiting...
demo.pcm not found, waiting...
demo.pcm not found, waiting...
demo.pcm not found, waiting...
demo.pcm not found, waiting...
demo.pcm not found, waiting...
demo.pcm not found, waiting...
demo.pcm not found, waiting...
demo.pcm not found, waiting...
demo.pcm not found, waiting...
demo.pcm not found, waiting...
demo.pcm not found, waiting...
demo.pcm not found, waiting...
demo.pcm not found, waiting...
demo.pcm not found, waiting...
demo.pcm not found, waiting...
demo.pcm not found, waiting...
demo.pcm not found, waiting...
demo.pcm not found, waiting...
demo.pcm not found, waiting...
demo.pcm not found, waiting...
demo.pcm not found, waiting...
demo.pcm not found, waiting...
demo.pcm not found, waiting...
demo.pcm not found, waiting...
demo.pcm not found, waiting...
demo.pcm not found, waiting...
demo.pcm not found, waiting...
demo.pcm not found, waiting...
demo.pcm not found, waiting...
demo.pcm not found, waiting...
demo.pcm not found, waiting...
demo.pcm not found, waiting...
demo.pcm not found, waiting...
demo.pcm not found, waiting...
demo.pcm not found, waiting...
demo.pcm not found, waiting...
demo.pcm not found, waiting...
demo.pcm not found, waiting...
demo.pcm not found, waiting...
demo.pcm not found, waiting...
demo.pcm not found, waiting...
demo.pcm not found, waiting...
demo.pcm not found, waiting...
demo.pcm not found, waiting...
demo.pcm not found, waiting...
demo.pcm not found, waiting...
demo.pcm not found, waiting...
demo.pcm not found, waiting...
demo.pcm not found, waiting...
demo.pcm not found, waiting...
demo.pcm not found, waiting...
demo.pcm not found, waiting...
demo.pcm not found, waiting...
demo.pcm not found, waiting...
demo.pcm not found, waiting...
demo.pcm not found, waiting...
demo.pcm not found, waiting...
demo.pcm not found, waiting...
demo.pcm not found, waiting...
demo.pcm not found, waiting...
demo.pcm not found, waiting...
demo.pcm not found, waiting...
demo.pcm not found, waiting...
demo.pcm not found, waiting...
demo.pcm not found, waiting...
demo.pcm not found, waiting...
demo.pcm not found, waiting...
demo.pcm not found, waiting...
demo.pcm not found, waiting...
demo.pcm not found, waiting...
demo.pcm not found, waiting...
demo.pcm not found, waiting...
demo.pcm not found, waiting...
demo.pcm not found, waiting...
demo.pcm not found, waiting...
demo.pcm not found, waiting...
demo.pcm not found, waiting...
demo.pcm not found, waiting...
demo.pcm not found, waiting...
demo.pcm not found, waiting...
demo.pcm not found, waiting...
demo.pcm not found, waiting...
demo.pcm not found, waiting...
demo.pcm not found, waiting...
demo.pcm not found, waiting...
demo.pcm not found, waiting...
demo.pcm not found, waiting...
demo.pcm not found, waiting...
demo.pcm not found, waiting...
demo.pcm not found, waiting...
demo.pcm not found, waiting...
demo.pcm not found, waiting...
demo.pcm not found, waiting...
demo.pcm not found, waiting...
demo.pcm not found, waiting...
demo.pcm not found, waiting...
demo.pcm not found, waiting...
demo.pcm not found, waiting...
demo.pcm not found, waiting...
demo.pcm not found, waiting...
demo.pcm not found, waiting...
demo.pcm not found, waiting...
demo.pcm not found, waiting...
demo.pcm not found, waiting...
demo.pcm not found, waiting...
demo.pcm not found, waiting...
demo.pcm not found, waiting...
demo.pcm not found, waiting...
demo.pcm not found, waiting...
demo.pcm not found, waiting...
demo.pcm not found, waiting...
demo.pcm not found, waiting...
demo.pcm not found, waiting...
demo.pcm not found, waiting...
demo.pcm not found, waiting...
demo.pcm not found, waiting...
demo.pcm not found, waiting...
demo.pcm not found, waiting...
demo.pcm not found, waiting...
demo.pcm not found, waiting...
demo.pcm not found, waiting...
demo.pcm not found, waiting...
demo.pcm not found, waiting...
demo.pcm not found, waiting...
demo.pcm not found, waiting...
demo.pcm not found, waiting...
demo.pcm not found, waiting...
demo.pcm not found, waiting...
demo.pcm not found, waiting...
demo.pcm not found, waiting...
demo.pcm not found, waiting...
demo.pcm not found, waiting...
demo.pcm not found, waiting...
demo.pcm not found, waiting...
demo.pcm not found, waiting...
demo.pcm not found, waiting...
demo.pcm not found, waiting...
demo.pcm not found, waiting...
demo.pcm not found, waiting...
demo.pcm not found, waiting...
demo.pcm not found, waiting...
demo.pcm not found, waiting...
demo.pcm not found, waiting...
demo.pcm not found, waiting...
demo.pcm not found, waiting...
demo.pcm not found, waiting...
demo.pcm not found, waiting...
demo.pcm not found, waiting...
demo.pcm not found, waiting...
demo.pcm not found, waiting...
demo.pcm not found, waiting...
demo.pcm not found, waiting...
demo.pcm not found, waiting...
demo.pcm not found, waiting...
demo.pcm not found, waiting...
demo.pcm not found, waiting...
demo.pcm not found, waiting...
demo.pcm not found, waiting...
demo.pcm not found, waiting...
demo.pcm not found, waiting...
demo.pcm not found, waiting...
demo.pcm not found, waiting...
demo.pcm not found, waiting...
demo.pcm not found, waiting...
demo.pcm not found, waiting...
demo.pcm not found, waiting...
demo.pcm not found, waiting...
demo.pcm not found, waiting...
demo.pcm not found, waiting...
demo.pcm not found, waiting...
demo.pcm not found, waiting...
demo.pcm not found, waiting...
demo.pcm not found, waiting...
demo.pcm not found, waiting...
demo.pcm not found, waiting...
demo.pcm not found, waiting...
demo.pcm not found, waiting...
demo.pcm not found, waiting...
demo.pcm not found, waiting...
demo.pcm not found, waiting...
demo.pcm not found, waiting...
demo.pcm not found, waiting...
demo.pcm not found, waiting...
demo.pcm not found, waiting...
demo.pcm not found, waiting...
demo.pcm not found, waiting...
demo.pcm not found, waiting...
demo.pcm not found, waiting...
demo.pcm not found, waiting...
demo.pcm not found, waiting...
demo.pcm not found, waiting...
demo.pcm not found, waiting...
demo.pcm not found, waiting...
demo.pcm not found, waiting...
demo.pcm not found, waiting...
demo.pcm not found, waiting...
demo.pcm not found, waiting...
demo.pcm not found, waiting...
demo.pcm not found, waiting...
demo.pcm not found, waiting...
demo.pcm not found, waiting...
demo.pcm not found, waiting...
demo.pcm not found, waiting...
demo.pcm not found, waiting...
demo.pcm not found, waiting...
demo.pcm not found, waiting...
demo.pcm not found, waiting...
demo.pcm not found, waiting...
demo.pcm not found, waiting...
demo.pcm not found, waiting...
demo.pcm not found, waiting...
demo.pcm not found, waiting...
demo.pcm not found, waiting...
demo.pcm not found, waiting...
demo.pcm not found, waiting...
demo.pcm not found, waiting...
demo.pcm not found, waiting...
demo.pcm not found, waiting...
demo.pcm not found, waiting...
demo.pcm not found, waiting...
demo.pcm not found, waiting...
demo.pcm not found, waiting...
demo.pcm not found, waiting...
demo.pcm not found, waiting...
demo.pcm not found, waiting...
demo.pcm not found, waiting...
demo.pcm not found, waiting...
demo.pcm not found, waiting...
demo.pcm not found, waiting...
demo.pcm not found, waiting...
demo.pcm not found, waiting...
demo.pcm not found, waiting...
demo.pcm not found, waiting...
demo.pcm not found, waiting...
demo.pcm not found, waiting...
demo.pcm not found, waiting...
demo.pcm not found, waiting...
demo.pcm not found, waiting...
demo.pcm not found, waiting...
demo.pcm not found, waiting...
demo.pcm not found, waiting...
demo.pcm not found, waiting...
demo.pcm not found, waiting...
demo.pcm not found, waiting...
demo.pcm not found, waiting...
demo.pcm not found, waiting...
demo.pcm not found, waiting...
demo.pcm not found, waiting...
demo.pcm not found, waiting...
demo.pcm not found, waiting...
demo.pcm not found, waiting...
demo.pcm not found, waiting...
demo.pcm not found, waiting...
demo.pcm not found, waiting...
demo.pcm not found, waiting...
demo.pcm not found, waiting...
demo.pcm not found, waiting...
demo.pcm not found, waiting...
demo.pcm not found, waiting...
demo.pcm not found, waiting...
demo.pcm not found, waiting...
demo.pcm not found, waiting...
demo.pcm not found, waiting...
demo.pcm not found, waiting...
demo.pcm not found, waiting...
demo.pcm not found, waiting...
demo.pcm not found, waiting...
demo.pcm not found, waiting...
demo.pcm not found, waiting...
demo.pcm not found, waiting...
demo.pcm not found, waiting...
demo.pcm not found, waiting...
demo.pcm not found, waiting...
demo.pcm not found, waiting...
demo.pcm not found, waiting...
demo.pcm not found, waiting...
demo.pcm not found, waiting...
demo.pcm not found, waiting...
demo.pcm not found, waiting...
demo.pcm not found, waiting...
demo.pcm not found, waiting...
demo.pcm not found, waiting...
demo.pcm not found, waiting...
demo.pcm not found, waiting...
demo.pcm not found, waiting...
demo.pcm not found, waiting...
demo.pcm not found, waiting...
demo.pcm not found, waiting...
demo.pcm not found, waiting...
demo.pcm not found, waiting...
demo.pcm not found, waiting...
demo.pcm not found, waiting...
demo.pcm not found, waiting...
demo.pcm not found, waiting...
demo.pcm not found, waiting...
demo.pcm not found, waiting...
demo.pcm not found, waiting...
demo.pcm not found, waiting...
demo.pcm not found, waiting...
demo.pcm not found, waiting...
demo.pcm not found, waiting...
demo.pcm not found, waiting...
demo.pcm not found, waiting...
demo.pcm not found, waiting...
demo.pcm not found, waiting...
demo.pcm not found, waiting...
demo.pcm not found, waiting...
demo.pcm not found, waiting...
demo.pcm not found, waiting...
demo.pcm not found, waiting...
demo.pcm not found, waiting...
demo.pcm not found, waiting...
demo.pcm not found, waiting...
demo.pcm not found, waiting...
demo.pcm not found, waiting...
demo.pcm not found, waiting...
demo.pcm not found, waiting...
demo.pcm not found, waiting...
demo.pcm not found, waiting...
demo.pcm not found, waiting...
demo.pcm not found, waiting...
demo.pcm not found, waiting...
demo.pcm not found, waiting...
demo.pcm not found, waiting...
demo.pcm not found, waiting...
demo.pcm not found, waiting...
demo.pcm not found, waiting...
demo.pcm not found, waiting...
demo.pcm not found, waiting...
demo.pcm not found, waiting...
demo.pcm not found, waiting...
demo.pcm not found, waiting...
demo.pcm not found, waiting...
demo.pcm not found, waiting...
demo.pcm not found, waiting...
demo.pcm not found, waiting...
demo.pcm not found, waiting...
demo.pcm not found, waiting...
demo.pcm not found, waiting...
demo.pcm not found, waiting...
demo.pcm not found, waiting...
demo.pcm not found, waiting...
demo.pcm not found, waiting...
demo.pcm not found, waiting...
demo.pcm not found, waiting...
demo.pcm not found, waiting...
demo.pcm not found, waiting...
demo.pcm not found, waiting...
demo.pcm not found, waiting...
demo.pcm not found, waiting...
demo.pcm not found, waiting...
demo.pcm not found, waiting...
demo.pcm not found, waiting...
demo.pcm not found, waiting...
demo.pcm not found, waiting...
demo.pcm not found, waiting...
demo.pcm not found, waiting...
demo.pcm not found, waiting...
demo.pcm not found, waiting...
demo.pcm not found, waiting...
demo.pcm not found, waiting...
demo.pcm not found, waiting...
demo.pcm not found, waiting...
demo.pcm not found, waiting...
demo.pcm not found, waiting...
demo.pcm not found, waiting...
demo.pcm not found, waiting...
demo.pcm not found, waiting...
demo.pcm not found, waiting...
demo.pcm not found, waiting...
demo.pcm not found, waiting...
demo.pcm not found, waiting...
demo.pcm not found, waiting...
demo.pcm not found, waiting...
demo.pcm not found, waiting...
demo.pcm not found, waiting...
demo.pcm not found, waiting...
demo.pcm not found, waiting...
demo.pcm not found, waiting...
demo.pcm not found, waiting...
demo.pcm not found, waiting...
demo.pcm not found, waiting...
demo.pcm not found, waiting...
demo.pcm not found, waiting...
demo.pcm not found, waiting...
demo.pcm not found, waiting...
demo.pcm not found, waiting...
demo.pcm not found, waiting...
demo.pcm not found, waiting...
demo.pcm not found, waiting...
demo.pcm not found, waiting...
demo.pcm not found, waiting...
demo.pcm not found, waiting...
demo.pcm not found, waiting...
demo.pcm not found, waiting...
demo.pcm not found, waiting...
demo.pcm not found, waiting...
demo.pcm not found, waiting...
demo.pcm not found, waiting...
demo.pcm not found, waiting...
demo.pcm not found, waiting...
demo.pcm not found, waiting...
demo.pcm not found, waiting...
demo.pcm not found, waiting...
demo.pcm not found, waiting...
demo.pcm not found, waiting...
demo.pcm not found, waiting...
demo.pcm not found, waiting...
demo.pcm not found, waiting...
demo.pcm not found, waiting...
demo.pcm not found, waiting...
demo.pcm not found, waiting...
demo.pcm not found, waiting...
demo.pcm not found, waiting...
demo.pcm not found, waiting...
demo.pcm not found, waiting...
demo.pcm not found, waiting...
demo.pcm not found, waiting...
demo.pcm not found, waiting...
demo.pcm not found, waiting...
demo.pcm not found, waiting...
demo.pcm not found, waiting...
demo.pcm not found, waiting...
demo.pcm not found, waiting...
demo.pcm not found, waiting...
demo.pcm not found, waiting...
demo.pcm not found, waiting...
demo.pcm not found, waiting...
demo.pcm not found, waiting...
demo.pcm not found, waiting...
demo.pcm not found, waiting...
demo.pcm not found, waiting...
demo.pcm not found, waiting...
demo.pcm not found, waiting...
demo.pcm not found, waiting...
demo.pcm not found, waiting...
demo.pcm not found, waiting...
demo.pcm not found, waiting...
demo.pcm not found, waiting...
demo.pcm not found, waiting...
demo.pcm not found, waiting...
demo.pcm not found, waiting...
demo.pcm not found, waiting...
demo.pcm not found, waiting...
demo.pcm not found, waiting...
demo.pcm not found, waiting...
demo.pcm not found, waiting...
demo.pcm not found, waiting...
demo.pcm not found, waiting...
demo.pcm not found, waiting...
demo.pcm not found, waiting...
demo.pcm not found, waiting...
demo.pcm not found, waiting...
demo.pcm not found, waiting...
demo.pcm not found, waiting...
demo.pcm not found, waiting...
demo.pcm not found, waiting...
demo.pcm not found, waiting...
demo.pcm not found, waiting...
demo.pcm not found, waiting...
demo.pcm not found, waiting...
demo.pcm not found, waiting...
demo.pcm not found, waiting...
demo.pcm not found, waiting...
demo.pcm not found, waiting...
demo.pcm not found, waiting...
demo.pcm not found, waiting...
demo.pcm not found, waiting...
demo.pcm not found, waiting...
demo.pcm not found, waiting...
demo.pcm not found, waiting...
demo.pcm not found, waiting...
demo.pcm not found, waiting...
demo.pcm not found, waiting...
demo.pcm not found, waiting...
demo.pcm not found, waiting...
demo.pcm not found, waiting...
demo.pcm not found, waiting...
demo.pcm not found, waiting...
demo.pcm not found, waiting...
demo.pcm not found, waiting...
demo.pcm not found, waiting...
demo.pcm not found, waiting...
demo.pcm not found, waiting...
demo.pcm not found, waiting...
demo.pcm not found, waiting...
demo.pcm not found, waiting...
demo.pcm not found, waiting...
demo.pcm not found, waiting...
demo.pcm not found, waiting...
demo.pcm not found, waiting...
demo.pcm not found, waiting...
demo.pcm not found, waiting...
demo.pcm not found, waiting...
demo.pcm not found, waiting...
demo.pcm not found, waiting...
demo.pcm not found, waiting...
demo.pcm not found, waiting...
demo.pcm not found, waiting...
demo.pcm not found, waiting...
demo.pcm not found, waiting...
demo.pcm not found, waiting...
demo.pcm not found, waiting...
demo.pcm not found, waiting...
demo.pcm not found, waiting...
demo.pcm not found, waiting...
demo.pcm not found, waiting...
demo.pcm not found, waiting...
demo.pcm not found, waiting...
demo.pcm not found, waiting...
demo.pcm not found, waiting...
demo.pcm not found, waiting...
demo.pcm not found, waiting...
demo.pcm not found, waiting...
demo.pcm not found, waiting...
demo.pcm not found, waiting...
demo.pcm not found, waiting...
demo.pcm not found, waiting...
demo.pcm not found, waiting...
demo.pcm not found, waiting...
demo.pcm not found, waiting...
demo.pcm not found, waiting...
demo.pcm not found, waiting...
demo.pcm not found, waiting...
demo.pcm not found, waiting...
demo.pcm not found, waiting...
demo.pcm not found, waiting...
demo.pcm not found, waiting...
demo.pcm not found, waiting...
demo.pcm not found, waiting...
demo.pcm not found, waiting...
demo.pcm not found, waiting...
demo.pcm not found, waiting...
demo.pcm not found, waiting...
demo.pcm not found, waiting...
demo.pcm not found, waiting...
demo.pcm not found, waiting...
demo.pcm not found, waiting...
demo.pcm not found, waiting...
demo.pcm not found, waiting...
demo.pcm not found, waiting...
demo.pcm not found, waiting...
demo.pcm not found, waiting...
demo.pcm not found, waiting...
demo.pcm not found, waiting...
demo.pcm not found, waiting...
demo.pcm not found, waiting...
demo.pcm not found, waiting...
demo.pcm not found, waiting...
demo.pcm not found, waiting...
demo.pcm not found, waiting...
demo.pcm not found, waiting...
demo.pcm not found, waiting...
demo.pcm not found, waiting...
demo.pcm not found, waiting...
demo.pcm not found, waiting...
demo.pcm not found, waiting...
demo.pcm not found, waiting...
demo.pcm not found, waiting...
demo.pcm not found, waiting...
demo.pcm not found, waiting...
demo.pcm not found, waiting...
demo.pcm not found, waiting...
demo.pcm not found, waiting...
demo.pcm not found, waiting...
demo.pcm not found, waiting...
demo.pcm not found, waiting...
demo.pcm not found, waiting...
demo.pcm not found, waiting...
demo.pcm not found, waiting...
demo.pcm not found, waiting...
demo.pcm not found, waiting...
demo.pcm not found, waiting...
demo.pcm not found, waiting...
demo.pcm not found, waiting...
demo.pcm not found, waiting...
demo.pcm not found, waiting...
demo.pcm not found, waiting...
demo.pcm not found, waiting...
demo.pcm not found, waiting...
demo.pcm not found, waiting...
demo.pcm not found, waiting...
demo.pcm not found, waiting...
demo.pcm not found, waiting...
demo.pcm not found, waiting...
demo.pcm not found, waiting...
demo.pcm not found, waiting...
demo.pcm not found, waiting...
demo.pcm not found, waiting...
demo.pcm not found, waiting...
demo.pcm not found, waiting...
demo.pcm not found, waiting...
demo.pcm not found, waiting...
demo.pcm not found, waiting...
demo.pcm not found, waiting...
demo.pcm not found, waiting...
demo.pcm not found, waiting...
demo.pcm not found, waiting...
demo.pcm not found, waiting...
demo.pcm not found, waiting...
demo.pcm not found, waiting...
demo.pcm not found, waiting...
demo.pcm not found, waiting...
demo.pcm not found, waiting...
demo.pcm not found, waiting...
demo.pcm not found, waiting...
demo.pcm not found, waiting...
demo.pcm not found, waiting...
demo.pcm not found, waiting...
demo.pcm not found, waiting...
demo.pcm not found, waiting...
demo.pcm not found, waiting...
demo.pcm not found, waiting...
demo.pcm not found, waiting...
demo.pcm not found, waiting...
demo.pcm not found, waiting...
demo.pcm not found, waiting...
demo.pcm not found, waiting...
demo.pcm not found, waiting...
demo.pcm not found, waiting...
demo.pcm not found, waiting...
demo.pcm not found, waiting...
demo.pcm not found, waiting...
demo.pcm not found, waiting...
demo.pcm not found, waiting...
demo.pcm not found, waiting...
demo.pcm not found, waiting...
demo.pcm not found, waiting...
demo.pcm not found, waiting...
demo.pcm not found, waiting...
demo.pcm not found, waiting...
demo.pcm not found, waiting...
demo.pcm not found, waiting...
demo.pcm not found, waiting...
demo.pcm not found, waiting...
demo.pcm not found, waiting...
demo.pcm not found, waiting...
demo.pcm not found, waiting...
demo.pcm not found, waiting...
demo.pcm not found, waiting...
demo.pcm not found, waiting...
demo.pcm not found, waiting...
demo.pcm not found, waiting...
demo.pcm not found, waiting...
demo.pcm not found, waiting...
demo.pcm not found, waiting...
demo.pcm not found, waiting...
demo.pcm not found, waiting...
demo.pcm not found, waiting...
demo.pcm not found, waiting...
demo.pcm not found, waiting...
demo.pcm not found, waiting...
demo.pcm not found, waiting...
demo.pcm not found, waiting...
demo.pcm not found, waiting...
demo.pcm not found, waiting...
demo.pcm not found, waiting...
demo.pcm not found, waiting...
demo.pcm not found, waiting...
demo.pcm not found, waiting...
demo.pcm not found, waiting...
demo.pcm not found, waiting...
demo.pcm not found, waiting...
demo.pcm not found, waiting...
demo.pcm not found, waiting...
demo.pcm not found, waiting...
demo.pcm not found, waiting...
demo.pcm not found, waiting...
demo.pcm not found, waiting...
demo.pcm not found, waiting...
demo.pcm not found, waiting...
demo.pcm not found, waiting...
demo.pcm not found, waiting...
demo.pcm not found, waiting...
demo.pcm not found, waiting...
demo.pcm not found, waiting...
demo.pcm not found, waiting...
demo.pcm not found, waiting...
demo.pcm not found, waiting...
demo.pcm not found, waiting...
demo.pcm not found, waiting...
demo.pcm not found, waiting...
demo.pcm not found, waiting...
demo.pcm not found, waiting...
demo.pcm not found, waiting...
demo.pcm not found, waiting...
demo.pcm not found, waiting...
demo.pcm not found, waiting...
demo.pcm not found, waiting...
demo.pcm not found, waiting...
demo.pcm not found, waiting...
demo.pcm not found, waiting...
demo.pcm not found, waiting...
demo.pcm not found, waiting...
demo.pcm not found, waiting...
demo.pcm not found, waiting...
demo.pcm not found, waiting...
demo.pcm not found, waiting...
demo.pcm not found, waiting...
demo.pcm not found, waiting...
demo.pcm not found, waiting...
demo.pcm not found, waiting...
demo.pcm not found, waiting...
demo.pcm not found, waiting...
demo.pcm not found, waiting...
demo.pcm not found, waiting...
demo.pcm not found, waiting...
demo.pcm not found, waiting...
demo.pcm not found, waiting...
demo.pcm not found, waiting...
demo.pcm not found, waiting...
demo.pcm not found, waiting...
demo.pcm not found, waiting...
demo.pcm not found, waiting...
demo.pcm not found, waiting...
demo.pcm not found, waiting...
demo.pcm not found, waiting...
demo.pcm not found, waiting...
demo.pcm not found, waiting...
demo.pcm not found, waiting...
demo.pcm not found, waiting...
demo.pcm not found, waiting...
demo.pcm not found, waiting...
demo.pcm not found, waiting...
demo.pcm not found, waiting...
demo.pcm not found, waiting...
demo.pcm not found, waiting...
demo.pcm not found, waiting...
demo.pcm not found, waiting...
demo.pcm not found, waiting...
demo.pcm not found, waiting...
demo.pcm not found, waiting...
demo.pcm not found, waiting...
demo.pcm not found, waiting...
demo.pcm not found, waiting...
demo.pcm not found, waiting...
demo.pcm not found, waiting...
demo.pcm not found, waiting...
demo.pcm not found, waiting...
demo.pcm not found, waiting...
demo.pcm not found, waiting...
demo.pcm not found, waiting...
demo.pcm not found, waiting...
demo.pcm not found, waiting...
demo.pcm not found, waiting...
demo.pcm not found, waiting...
demo.pcm not found, waiting...
demo.pcm not found, waiting...
demo.pcm not found, waiting...
demo.pcm not found, waiting...
demo.pcm not found, waiting...
demo.pcm not found, waiting...
demo.pcm not found, waiting...
demo.pcm not found, waiting...
demo.pcm not found, waiting...
demo.pcm not found, waiting...
demo.pcm not found, waiting...
demo.pcm not found, waiting...
demo.pcm not found, waiting...
demo.pcm not found, waiting...
demo.pcm not found, waiting...
demo.pcm not found, waiting...
demo.pcm not found, waiting...
demo.pcm not found, waiting...
demo.pcm not found, waiting...
demo.pcm not found, waiting...
demo.pcm not found, waiting...
demo.pcm not found, waiting...
demo.pcm not found, waiting...
demo.pcm not found, waiting...
demo.pcm not found, waiting...
demo.pcm not found, waiting...
demo.pcm not found, waiting...
demo.pcm not found, waiting...
demo.pcm not found, waiting...
demo.pcm not found, waiting...
demo.pcm not found, waiting...
demo.pcm not found, waiting...
demo.pcm not found, waiting...
demo.pcm not found, waiting...
demo.pcm not found, waiting...
demo.pcm not found, waiting...
demo.pcm not found, waiting...
demo.pcm not found, waiting...
demo.pcm not found, waiting...
demo.pcm not found, waiting...
demo.pcm not found, waiting...
demo.pcm not found, waiting...
demo.pcm not found, waiting...
demo.pcm not found, waiting...
demo.pcm not found, waiting...
demo.pcm not found, waiting...
demo.pcm not found, waiting...
demo.pcm not found, waiting...
demo.pcm not found, waiting...
demo.pcm not found, waiting...
demo.pcm not found, waiting...
demo.pcm not found, waiting...
demo.pcm not found, waiting...
demo.pcm not found, waiting...
demo.pcm not found, waiting...
demo.pcm not found, waiting...
demo.pcm not found, waiting...
demo.pcm not found, waiting...
demo.pcm not found, waiting...
demo.pcm not found, waiting...
demo.pcm not found, waiting...
demo.pcm not found, waiting...
demo.pcm not found, waiting...
demo.pcm not found, waiting...
demo.pcm not found, waiting...
demo.pcm not found, waiting...
demo.pcm not found, waiting...
demo.pcm not found, waiting...
demo.pcm not found, waiting...
demo.pcm not found, waiting...
demo.pcm not found, waiting...
demo.pcm not found, waiting...
demo.pcm not found, waiting...
demo.pcm not found, waiting...
demo.pcm not found, waiting...
demo.pcm not found, waiting...
demo.pcm not found, waiting...
demo.pcm not found, waiting...
demo.pcm not found, waiting...
demo.pcm not found, waiting...
demo.pcm not found, waiting...
demo.pcm not found, waiting...
demo.pcm not found, waiting...
demo.pcm not found, waiting...
demo.pcm not found, waiting...
demo.pcm not found, waiting...
demo.pcm not found, waiting...
demo.pcm not found, waiting...
demo.pcm not found, waiting...
demo.pcm not found, waiting...
demo.pcm not found, waiting...
demo.pcm not found, waiting...
demo.pcm not found, waiting...
demo.pcm not found, waiting...
demo.pcm not found, waiting...
demo.pcm not found, waiting...
demo.pcm not found, waiting...
demo.pcm not found, waiting...
demo.pcm not found, waiting...
demo.pcm not found, waiting...
demo.pcm not found, waiting...
demo.pcm not found, waiting...
demo.pcm not found, waiting...
demo.pcm not found, waiting...
demo.pcm not found, waiting...
demo.pcm not found, waiting...
demo.pcm not found, waiting...
demo.pcm not found, waiting...
demo.pcm not found, waiting...
demo.pcm not found, waiting...
demo.pcm not found, waiting...
demo.pcm not found, waiting...
demo.pcm not found, waiting...
demo.pcm not found, waiting...
demo.pcm not found, waiting...
demo.pcm not found, waiting...
demo.pcm not found, waiting...
demo.pcm not found, waiting...
demo.pcm not found, waiting...
demo.pcm not found, waiting...
demo.pcm not found, waiting...
demo.pcm not found, waiting...
demo.pcm not found, waiting...
demo.pcm not found, waiting...
demo.pcm not found, waiting...
demo.pcm not found, waiting...
demo.pcm not found, waiting...
demo.pcm not found, waiting...
demo.pcm not found, waiting...
demo.pcm not found, waiting...
demo.pcm not found, waiting...
demo.pcm not found, waiting...
demo.pcm not found, waiting...
demo.pcm not found, waiting...
demo.pcm not found, waiting...
demo.pcm not found, waiting...
demo.pcm not found, waiting...
demo.pcm not found, waiting...
demo.pcm not found, waiting...
demo.pcm not found, waiting...
demo.pcm not found, waiting...
demo.pcm not found, waiting...
demo.pcm not found, waiting...
demo.pcm not found, waiting...
demo.pcm not found, waiting...
demo.pcm not found, waiting...
demo.pcm not found, waiting...
demo.pcm not found, waiting...
demo.pcm not found, waiting...
demo.pcm not found, waiting...
demo.pcm not found, waiting...
demo.pcm not found, waiting...
demo.pcm not found, waiting...
demo.pcm not found, waiting...
demo.pcm not found, waiting...
demo.pcm not found, waiting...
demo.pcm not found, waiting...
demo.pcm not found, waiting...
demo.pcm not found, waiting...
demo.pcm not found, waiting...
demo.pcm not found, waiting...
demo.pcm not found, waiting...
demo.pcm not found, waiting...
demo.pcm not found, waiting...
demo.pcm not found, waiting...
demo.pcm not found, waiting...
demo.pcm not found, waiting...
demo.pcm not found, waiting...
demo.pcm not found, waiting...
demo.pcm not found, waiting...
demo.pcm not found, waiting...
demo.pcm not found, waiting...
demo.pcm not found, waiting...
demo.pcm not found, waiting...
demo.pcm not found, waiting...
demo.pcm not found, waiting...
demo.pcm not found, waiting...
demo.pcm not found, waiting...
demo.pcm not found, waiting...
demo.pcm not found, waiting...
demo.pcm not found, waiting...
demo.pcm not found, waiting...
demo.pcm not found, waiting...
demo.pcm not found, waiting...
demo.pcm not found, waiting...
demo.pcm not found, waiting...
demo.pcm not found, waiting...
demo.pcm not found, waiting...
demo.pcm not found, waiting...
demo.pcm not found, waiting...
demo.pcm not found, waiting...
demo.pcm not found, waiting...
demo.pcm not found, waiting...
demo.pcm not found, waiting...
demo.pcm not found, waiting...
demo.pcm not found, waiting...
demo.pcm not found, waiting...
demo.pcm not found, waiting...
demo.pcm not found, waiting...
demo.pcm not found, waiting...
demo.pcm not found, waiting...
demo.pcm not found, waiting...
demo.pcm not found, waiting...
demo.pcm not found, waiting...
demo.pcm not found, waiting...
demo.pcm not found, waiting...
demo.pcm not found, waiting...
demo.pcm not found, waiting...
demo.pcm not found, waiting...
demo.pcm not found, waiting...
demo.pcm not found, waiting...
demo.pcm not found, waiting...
demo.pcm not found, waiting...
demo.pcm not found, waiting...
demo.pcm not found, waiting...
demo.pcm not found, waiting...
demo.pcm not found, waiting...
demo.pcm not found, waiting...
demo.pcm not found, waiting...
demo.pcm not found, waiting...
demo.pcm not found, waiting...
demo.pcm not found, waiting...
demo.pcm not found, waiting...
demo.pcm not found, waiting...
demo.pcm not found, waiting...
demo.pcm not found, waiting...
demo.pcm not found, waiting...
demo.pcm not found, waiting...
demo.pcm not found, waiting...
demo.pcm not found, waiting...
demo.pcm not found, waiting...
demo.pcm not found, waiting...
demo.pcm not found, waiting...
demo.pcm not found, waiting...
demo.pcm not found, waiting...
demo.pcm not found, waiting...
demo.pcm not found, waiting...
demo.pcm not found, waiting...
demo.pcm not found, waiting...
demo.pcm not found, waiting...
demo.pcm not found, waiting...
demo.pcm not found, waiting...
demo.pcm not found, waiting...
demo.pcm not found, waiting...
demo.pcm not found, waiting...
demo.pcm not found, waiting...
demo.pcm not found, waiting...
demo.pcm not found, waiting...
demo.pcm not found, waiting...
demo.pcm not found, waiting...
demo.pcm not found, waiting...
demo.pcm not found, waiting...
demo.pcm not found, waiting...
demo.pcm not found, waiting...
demo.pcm not found, waiting...
demo.pcm not found, waiting...
demo.pcm not found, waiting...
demo.pcm not found, waiting...
demo.pcm not found, waiting...
demo.pcm not found, waiting...
demo.pcm not found, waiting...
demo.pcm not found, waiting...
demo.pcm not found, waiting...
demo.pcm not found, waiting...
demo.pcm not found, waiting...
demo.pcm not found, waiting...
demo.pcm not found, waiting...
demo.pcm not found, waiting...
demo.pcm not found, waiting...
demo.pcm not found, waiting...
demo.pcm not found, waiting...
demo.pcm not found, waiting...
demo.pcm not found, waiting...
demo.pcm not found, waiting...
demo.pcm not found, waiting...
demo.pcm not found, waiting...
demo.pcm not found, waiting...
demo.pcm not found, waiting...
demo.pcm not found, waiting...
demo.pcm not found, waiting...
demo.pcm not found, waiting...
demo.pcm not found, waiting...
demo.pcm not found, waiting...
demo.pcm not found, waiting...
demo.pcm not found, waiting...
demo.pcm not found, waiting...
demo.pcm not found, waiting...
demo.pcm not found, waiting...
demo.pcm not found, waiting...
demo.pcm not found, waiting...
demo.pcm not found, waiting...
demo.pcm not found, waiting...
demo.pcm not found, waiting...
demo.pcm not found, waiting...
demo.pcm not found, waiting...
demo.pcm not found, waiting...
demo.pcm not found, waiting...
demo.pcm not found, waiting...
demo.pcm not found, waiting...
demo.pcm not found, waiting...
demo.pcm not found, waiting...
demo.pcm not found, waiting...
demo.pcm not found, waiting...
demo.pcm not found, waiting...
demo.pcm not found, waiting...
demo.pcm not found, waiting...
demo.pcm not found, waiting...
demo.pcm not found, waiting...
demo.pcm not found, waiting...
demo.pcm not found, waiting...
demo.pcm not found, waiting...
demo.pcm not found, waiting...
demo.pcm not found, waiting...
demo.pcm not found, waiting...
demo.pcm not found, waiting...
demo.pcm not found, waiting...
demo.pcm not found, waiting...
demo.pcm not found, waiting...
demo.pcm not found, waiting...
demo.pcm not found, waiting...
demo.pcm not found, waiting...
demo.pcm not found, waiting...
demo.pcm not found, waiting...
demo.pcm not found, waiting...
demo.pcm not found, waiting...
demo.pcm not found, waiting...
demo.pcm not found, waiting...
demo.pcm not found, waiting...
demo.pcm not found, waiting...
demo.pcm not found, waiting...
demo.pcm not found, waiting...
demo.pcm not found, waiting...
demo.pcm not found, waiting...
demo.pcm not found, waiting...
demo.pcm not found, waiting...
demo.pcm not found, waiting...
demo.pcm not found, waiting...
demo.pcm not found, waiting...
demo.pcm not found, waiting...
demo.pcm not found, waiting...
demo.pcm not found, waiting...
demo.pcm not found, waiting...
demo.pcm not found, waiting...
demo.pcm not found, waiting...
demo.pcm not found, waiting...
demo.pcm not found, waiting...
demo.pcm not found, waiting...
demo.pcm not found, waiting...
demo.pcm not found, waiting...
demo.pcm not found, waiting...
demo.pcm not found, waiting...
demo.pcm not found, waiting...
demo.pcm not found, waiting...
demo.pcm not found, waiting...
demo.pcm not found, waiting...
demo.pcm not found, waiting...
demo.pcm not found, waiting...
demo.pcm not found, waiting...
demo.pcm not found, waiting...
demo.pcm not found, waiting...
demo.pcm not found, waiting...
demo.pcm not found, waiting...
demo.pcm not found, waiting...
demo.pcm not found, waiting...
demo.pcm not found, waiting...
demo.pcm not found, waiting...
demo.pcm not found, waiting...
demo.pcm not found, waiting...
demo.pcm not found, waiting...
demo.pcm not found, waiting...
demo.pcm not found, waiting...
demo.pcm not found, waiting...
demo.pcm not found, waiting...
demo.pcm not found, waiting...
demo.pcm not found, waiting...
demo.pcm not found, waiting...
demo.pcm not found, waiting...
demo.pcm not found, waiting...
demo.pcm not found, waiting...
demo.pcm not found, waiting...
demo.pcm not found, waiting...
demo.pcm not found, waiting...
demo.pcm not found, waiting...
demo.pcm not found, waiting...
demo.pcm not found, waiting...
demo.pcm not found, waiting...
demo.pcm not found, waiting...
demo.pcm not found, waiting...
demo.pcm not found, waiting...
demo.pcm not found, waiting...
demo.pcm not found, waiting...
demo.pcm not found, waiting...
demo.pcm not found, waiting...
demo.pcm not found, waiting...
demo.pcm not found, waiting...
demo.pcm not found, waiting...
demo.pcm not found, waiting...
demo.pcm not found, waiting...
demo.pcm not found, waiting...
demo.pcm not found, waiting...
demo.pcm not found, waiting...
demo.pcm not found, waiting...
demo.pcm not found, waiting...
demo.pcm not found, waiting...
demo.pcm not found, waiting...
demo.pcm not found, waiting...
demo.pcm not found, waiting...
demo.pcm not found, waiting...
demo.pcm not found, waiting...
demo.pcm not found, waiting...
demo.pcm not found, waiting...
demo.pcm not found, waiting...
demo.pcm not found, waiting...
demo.pcm not found, waiting...
demo.pcm not found, waiting...
demo.pcm not found, waiting...
demo.pcm not found, waiting...
demo.pcm not found, waiting...
demo.pcm not found, waiting...
demo.pcm not found, waiting...
demo.pcm not found, waiting...
demo.pcm not found, waiting...
demo.pcm not found, waiting...
demo.pcm not found, waiting...
demo.pcm not found, waiting...
demo.pcm not found, waiting...
demo.pcm not found, waiting...
demo.pcm not found, waiting...
demo.pcm not found, waiting...
demo.pcm not found, waiting...
demo.pcm not found, waiting...
demo.pcm not found, waiting...
demo.pcm not found, waiting...
demo.pcm not found, waiting...
demo.pcm not found, waiting...
demo.pcm not found, waiting...
demo.pcm not found, waiting...
demo.pcm not found, waiting...
demo.pcm not found, waiting...
demo.pcm not found, waiting...
demo.pcm not found, waiting...
demo.pcm not found, waiting...
demo.pcm not found, waiting...
demo.pcm not found, waiting...
demo.pcm not found, waiting...
demo.pcm not found, waiting...
demo.pcm not found, waiting...
demo.pcm not found, waiting...
demo.pcm not found, waiting...
demo.pcm not found, waiting...
demo.pcm not found, waiting...
demo.pcm not found, waiting...
demo.pcm not found, waiting...
demo.pcm not found, waiting...
demo.pcm not found, waiting...
demo.pcm not found, waiting...
demo.pcm not found, waiting...
demo.pcm not found, waiting...
demo.pcm not found, waiting...
demo.pcm not found, waiting...
demo.pcm not found, waiting...
demo.pcm not found, waiting...
demo.pcm not found, waiting...
demo.pcm not found, waiting...
demo.pcm not found, waiting...
demo.pcm not found, waiting...
demo.pcm not found, waiting...
demo.pcm not found, waiting...
demo.pcm not found, waiting...
demo.pcm not found, waiting...
demo.pcm not found, waiting...
demo.pcm not found, waiting...
demo.pcm not found, waiting...
demo.pcm not found, waiting...
demo.pcm not found, waiting...
demo.pcm not found, waiting...
demo.pcm not found, waiting...
demo.pcm not found, waiting...
demo.pcm not found, waiting...
demo.pcm not found, waiting...
demo.pcm not found, waiting...
demo.pcm not found, waiting...
demo.pcm not found, waiting...
demo.pcm not found, waiting...
demo.pcm not found, waiting...
demo.pcm not found, waiting...
demo.pcm not found, waiting...
demo.pcm not found, waiting...
demo.pcm not found, waiting...
demo.pcm not found, waiting...
demo.pcm not found, waiting...
demo.pcm not found, waiting...
demo.pcm not found, waiting...
demo.pcm not found, waiting...
demo.pcm not found, waiting...
demo.pcm not found, waiting...
demo.pcm not found, waiting...
demo.pcm not found, waiting...
demo.pcm not found, waiting...
demo.pcm not found, waiting...
demo.pcm not found, waiting...
demo.pcm not found, waiting...
demo.pcm not found, waiting...
demo.pcm not found, waiting...
demo.pcm not found, waiting...
demo.pcm not found, waiting...
demo.pcm not found, waiting...
demo.pcm not found, waiting...
demo.pcm not found, waiting...
demo.pcm not found, waiting...
demo.pcm not found, waiting...
demo.pcm not found, waiting...
demo.pcm not found, waiting...
demo.pcm not found, waiting...
demo.pcm not found, waiting...
demo.pcm not found, waiting...
demo.pcm not found, waiting...
demo.pcm not found, waiting...
demo.pcm not found, waiting...
demo.pcm not found, waiting...
demo.pcm not found, waiting...
demo.pcm not found, waiting...
demo.pcm not found, waiting...
demo.pcm not found, waiting...
demo.pcm not found, waiting...
demo.pcm not found, waiting...
demo.pcm not found, waiting...
demo.pcm not found, waiting...
demo.pcm not found, waiting...
demo.pcm not found, waiting...
demo.pcm not found, waiting...
demo.pcm not found, waiting...
demo.pcm not found, waiting...
demo.pcm not found, waiting...
demo.pcm not found, waiting...
demo.pcm not found, waiting...
demo.pcm not found, waiting...
demo.pcm not found, waiting...
demo.pcm not found, waiting...
demo.pcm not found, waiting...
demo.pcm not found, waiting...
demo.pcm not found, waiting...
demo.pcm not found, waiting...
demo.pcm not found, waiting...
demo.pcm not found, waiting...
demo.pcm not found, waiting...
demo.pcm not found, waiting...
demo.pcm not found, waiting...
demo.pcm not found, waiting...
demo.pcm not found, waiting...
demo.pcm not found, waiting...
demo.pcm not found, waiting...
demo.pcm not found, waiting...
demo.pcm not found, waiting...
demo.pcm not found, waiting...
demo.pcm not found, waiting...
demo.pcm not found, waiting...
demo.pcm not found, waiting...
demo.pcm not found, waiting...
demo.pcm not found, waiting...
demo.pcm not found, waiting...
demo.pcm not found, waiting...
demo.pcm not found, waiting...
demo.pcm not found, waiting...
demo.pcm not found, waiting...
demo.pcm not found, waiting...
demo.pcm not found, waiting...
demo.pcm not found, waiting...
demo.pcm not found, waiting...
demo.pcm not found, waiting...
demo.pcm not found, waiting...
demo.pcm not found, waiting...
demo.pcm not found, waiting...
demo.pcm not found, waiting...
demo.pcm not found, waiting...
demo.pcm not found, waiting...
demo.pcm not found, waiting...
demo.pcm not found, waiting...
demo.pcm not found, waiting...
demo.pcm not found, waiting...
demo.pcm not found, waiting...
demo.pcm not found, waiting...
demo.pcm not found, waiting...
demo.pcm not found, waiting...
demo.pcm not found, waiting...
demo.pcm not found, waiting...
demo.pcm not found, waiting...
demo.pcm not found, waiting...
demo.pcm not found, waiting...
demo.pcm not found, waiting...
demo.pcm not found, waiting...
demo.pcm not found, waiting...
demo.pcm not found, waiting...
demo.pcm not found, waiting...
demo.pcm not found, waiting...
demo.pcm not found, waiting...
demo.pcm not found, waiting...
demo.pcm not found, waiting...
demo.pcm not found, waiting...
demo.pcm not found, waiting...
demo.pcm not found, waiting...
demo.pcm not found, waiting...
demo.pcm not found, waiting...
demo.pcm not found, waiting...
demo.pcm not found, waiting...
demo.pcm not found, waiting...
demo.pcm not found, waiting...
demo.pcm not found, waiting...
demo.pcm not found, waiting...
demo.pcm not found, waiting...
demo.pcm not found, waiting...
demo.pcm not found, waiting...
demo.pcm not found, waiting...
demo.pcm not found, waiting...
demo.pcm not found, waiting...
demo.pcm not found, waiting...
demo.pcm not found, waiting...
demo.pcm not found, waiting...
demo.pcm not found, waiting...
demo.pcm not found, waiting...
demo.pcm not found, waiting...
demo.pcm not found, waiting...
demo.pcm not found, waiting...
demo.pcm not found, waiting...
demo.pcm not found, waiting...
demo.pcm not found, waiting...
demo.pcm not found, waiting...
demo.pcm not found, waiting...
demo.pcm not found, waiting...
demo.pcm not found, waiting...
demo.pcm not found, waiting...
demo.pcm not found, waiting...
demo.pcm not found, waiting...
demo.pcm not found, waiting...
demo.pcm not found, waiting...
demo.pcm not found, waiting...
demo.pcm not found, waiting...
demo.pcm not found, waiting...
demo.pcm not found, waiting...
demo.pcm not found, waiting...
demo.pcm not found, waiting...
demo.pcm not found, waiting...
demo.pcm not found, waiting...
demo.pcm not found, waiting...
demo.pcm not found, waiting...
demo.pcm not found, waiting...
demo.pcm not found, waiting...
demo.pcm not found, waiting...
demo.pcm not found, waiting...
demo.pcm not found, waiting...
demo.pcm not found, waiting...
demo.pcm not found, waiting...
demo.pcm not found, waiting...
demo.pcm not found, waiting...
demo.pcm not found, waiting...
demo.pcm not found, waiting...
demo.pcm not found, waiting...
demo.pcm not found, waiting...
demo.pcm not found, waiting...
demo.pcm not found, waiting...
demo.pcm not found, waiting...
demo.pcm not found, waiting...
demo.pcm not found, waiting...
demo.pcm not found, waiting...
demo.pcm not found, waiting...
demo.pcm not found, waiting...
demo.pcm not found, waiting...
demo.pcm not found, waiting...
demo.pcm not found, waiting...
demo.pcm not found, waiting...
demo.pcm not found, waiting...
demo.pcm not found, waiting...
demo.pcm not found, waiting...
demo.pcm not found, waiting...
demo.pcm not found, waiting...
demo.pcm not found, waiting...
demo.pcm not found, waiting...
demo.pcm not found, waiting...
demo.pcm not found, waiting...
demo.pcm not found, waiting...
demo.pcm not found, waiting...
demo.pcm not found, waiting...
demo.pcm not found, waiting...
demo.pcm not found, waiting...
demo.pcm not found, waiting...
demo.pcm not found, waiting...
demo.pcm not found, waiting...
demo.pcm not found, waiting...
demo.pcm not found, waiting...
demo.pcm not found, waiting...
demo.pcm not found, waiting...
demo.pcm not found, waiting...
demo.pcm not found, waiting...
demo.pcm not found, waiting...
demo.pcm not found, waiting...
demo.pcm not found, waiting...
demo.pcm not found, waiting...
demo.pcm not found, waiting...
demo.pcm not found, waiting...
demo.pcm not found, waiting...
demo.pcm not found, waiting...
demo.pcm not found, waiting...
demo.pcm not found, waiting...
demo.pcm not found, waiting...
demo.pcm not found, waiting...
demo.pcm not found, waiting...
demo.pcm not found, waiting...
demo.pcm not found, waiting...
demo.pcm not found, waiting...
demo.pcm not found, waiting...
demo.pcm not found, waiting...
demo.pcm not found, waiting...
demo.pcm not found, waiting...
demo.pcm not found, waiting...
demo.pcm not found, waiting...
demo.pcm not found, waiting...
demo.pcm not found, waiting...
demo.pcm not found, waiting...
demo.pcm not found, waiting...
demo.pcm not found, waiting...
demo.pcm not found, waiting...
demo.pcm not found, waiting...
demo.pcm not found, waiting...
demo.pcm not found, waiting...
demo.pcm not found, waiting...
demo.pcm not found, waiting...
demo.pcm not found, waiting...
demo.pcm not found, waiting...
demo.pcm not found, waiting...
demo.pcm not found, waiting...
demo.pcm not found, waiting...
demo.pcm not found, waiting...
demo.pcm not found, waiting...
demo.pcm not found, waiting...
demo.pcm not found, waiting...
demo.pcm not found, waiting...
demo.pcm not found, waiting...
demo.pcm not found, waiting...
demo.pcm not found, waiting...
demo.pcm not found, waiting...
demo.pcm not found, waiting...
demo.pcm not found, waiting...
demo.pcm not found, waiting...
demo.pcm not found, waiting...
demo.pcm not found, waiting...
demo.pcm not found, waiting...
demo.pcm not found, waiting...
demo.pcm not found, waiting...
demo.pcm not found, waiting...
demo.pcm not found, waiting...
demo.pcm not found, waiting...
demo.pcm not found, waiting...
demo.pcm not found, waiting...
demo.pcm not found, waiting...
demo.pcm not found, waiting...
demo.pcm not found, waiting...
demo.pcm not found, waiting...
demo.pcm not found, waiting...
demo.pcm not found, waiting...
demo.pcm not found, waiting...
demo.pcm not found, waiting...
demo.pcm not found, waiting...
demo.pcm not found, waiting...
demo.pcm not found, waiting...
demo.pcm not found, waiting...
demo.pcm not found, waiting...
demo.pcm not found, waiting...
demo.pcm not found, waiting...
demo.pcm not found, waiting...
demo.pcm not found, waiting...
demo.pcm not found, waiting...
demo.pcm not found, waiting...
demo.pcm not found, waiting...
demo.pcm not found, waiting...
demo.pcm not found, waiting...
demo.pcm not found, waiting...
demo.pcm not found, waiting...
demo.pcm not found, waiting...
demo.pcm not found, waiting...
demo.pcm not found, waiting...
demo.pcm not found, waiting...
demo.pcm not found, waiting...
demo.pcm not found, waiting...
demo.pcm not found, waiting...
demo.pcm not found, waiting...
demo.pcm not found, waiting...
demo.pcm not found, waiting...
demo.pcm not found, waiting...
demo.pcm not found, waiting...
demo.pcm not found, waiting...
demo.pcm not found, waiting...
demo.pcm not found, waiting...
demo.pcm not found, waiting...
demo.pcm not found, waiting...
demo.pcm not found, waiting...
demo.pcm not found, waiting...
demo.pcm not found, waiting...
demo.pcm not found, waiting...
demo.pcm not found, waiting...
demo.pcm not found, waiting...
demo.pcm not found, waiting...
demo.pcm not found, waiting...
demo.pcm not found, waiting...
demo.pcm not found, waiting...
demo.pcm not found, waiting...
demo.pcm not found, waiting...
demo.pcm not found, waiting...
demo.pcm not found, waiting...
demo.pcm not found, waiting...
demo.pcm not found, waiting...
demo.pcm not found, waiting...
demo.pcm not found, waiting...
demo.pcm not found, waiting...
demo.pcm not found, waiting...
demo.pcm not found, waiting...
demo.pcm not found, waiting...
demo.pcm not found, waiting...
demo.pcm not found, waiting...
demo.pcm not found, waiting...
demo.pcm not found, waiting...
demo.pcm not found, waiting...
demo.pcm not found, waiting...
demo.pcm not found, waiting...
demo.pcm not found, waiting...
demo.pcm not found, waiting...
demo.pcm not found, waiting...
demo.pcm not found, waiting...
demo.pcm not found, waiting...
demo.pcm not found, waiting...
demo.pcm not found, waiting...
demo.pcm not found, waiting...
demo.pcm not found, waiting...
demo.pcm not found, waiting...
demo.pcm not found, waiting...
demo.pcm not found, waiting...
demo.pcm not found, waiting...
demo.pcm not found, waiting...
demo.pcm not found, waiting...
demo.pcm not found, waiting...
demo.pcm not found, waiting...
demo.pcm not found, waiting...
demo.pcm not found, waiting...
demo.pcm not found, waiting...
demo.pcm not found, waiting...
demo.pcm not found, waiting...
demo.pcm not found, waiting...
demo.pcm not found, waiting...
demo.pcm not found, waiting...
demo.pcm not found, waiting...
demo.pcm not found, waiting...
demo.pcm not found, waiting...
demo.pcm not found, waiting...
demo.pcm not found, waiting...
demo.pcm not found, waiting...
demo.pcm not found, waiting...
demo.pcm not found, waiting...
demo.pcm not found, waiting...
demo.pcm not found, waiting...
demo.pcm not found, waiting...
demo.pcm not found, waiting...
demo.pcm not found, waiting...
demo.pcm not found, waiting...
demo.pcm not found, waiting...
demo.pcm not found, waiting...
demo.pcm not found, waiting...
demo.pcm not found, waiting...
demo.pcm not found, waiting...
demo.pcm not found, waiting...
demo.pcm not found, waiting...
demo.pcm not found, waiting...
demo.pcm not found, waiting...
demo.pcm not found, waiting...
demo.pcm not found, waiting...
demo.pcm not found, waiting...
demo.pcm not found, waiting...
demo.pcm not found, waiting...
demo.pcm not found, waiting...
demo.pcm not found, waiting...
demo.pcm not found, waiting...
demo.pcm not found, waiting...
demo.pcm not found, waiting...
demo.pcm not found, waiting...
demo.pcm not found, waiting...
demo.pcm not found, waiting...
demo.pcm not found, waiting...
demo.pcm not found, waiting...
demo.pcm not found, waiting...
demo.pcm not found, waiting...
demo.pcm not found, waiting...
demo.pcm not found, waiting...
demo.pcm not found, waiting...
demo.pcm not found, waiting...
demo.pcm not found, waiting...
demo.pcm not found, waiting...
demo.pcm not found, waiting...
demo.pcm not found, waiting...
demo.pcm not found, waiting...
demo.pcm not found, waiting...
demo.pcm not found, waiting...
demo.pcm not found, waiting...
demo.pcm not found, waiting...
demo.pcm not found, waiting...
demo.pcm not found, waiting...
demo.pcm not found, waiting...
demo.pcm not found, waiting...
demo.pcm not found, waiting...
demo.pcm not found, waiting...
demo.pcm not found, waiting...
demo.pcm not found, waiting...
demo.pcm not found, waiting...
demo.pcm not found, waiting...
demo.pcm not found, waiting...
demo.pcm not found, waiting...
demo.pcm not found, waiting...
demo.pcm not found, waiting...
demo.pcm not found, waiting...
demo.pcm not found, waiting...
demo.pcm not found, waiting...
demo.pcm not found, waiting...
demo.pcm not found, waiting...
demo.pcm not found, waiting...
demo.pcm not found, waiting...
demo.pcm not found, waiting...
demo.pcm not found, waiting...
demo.pcm not found, waiting...
demo.pcm not found, waiting...
demo.pcm not found, waiting...
demo.pcm not found, waiting...
demo.pcm not found, waiting...
demo.pcm not found, waiting...
demo.pcm not found, waiting...
demo.pcm not found, waiting...
demo.pcm not found, waiting...
demo.pcm not found, waiting...
demo.pcm not found, waiting...
demo.pcm not found, waiting...
demo.pcm not found, waiting...
demo.pcm not found, waiting...
demo.pcm not found, waiting...
demo.pcm not found, waiting...
demo.pcm not found, waiting...
demo.pcm not found, waiting...
demo.pcm not found, waiting...
demo.pcm not found, waiting...
demo.pcm not found, waiting...
demo.pcm not found, waiting...
demo.pcm not found, waiting...
demo.pcm not found, waiting...
demo.pcm not found, waiting...
demo.pcm not found, waiting...
demo.pcm not found, waiting...
demo.pcm not found, waiting...
demo.pcm not found, waiting...
demo.pcm not found, waiting...
demo.pcm not found, waiting...
demo.pcm not found, waiting...
demo.pcm not found, waiting...
demo.pcm not found, waiting...
demo.pcm not found, waiting...
demo.pcm not found, waiting...
demo.pcm not found, waiting...
demo.pcm not found, waiting...
demo.pcm not found, waiting...
demo.pcm not found, waiting...
demo.pcm not found, waiting...
demo.pcm not found, waiting...
demo.pcm not found, waiting...
demo.pcm not found, waiting...
demo.pcm not found, waiting...
demo.pcm not found, waiting...
demo.pcm not found, waiting...
demo.pcm not found, waiting...
demo.pcm not found, waiting...
demo.pcm not found, waiting...
demo.pcm not found, waiting...
demo.pcm not found, waiting...
demo.pcm not found, waiting...
demo.pcm not found, waiting...
demo.pcm not found, waiting...
demo.pcm not found, waiting...
demo.pcm not found, waiting...
demo.pcm not found, waiting...
demo.pcm not found, waiting...
demo.pcm not found, waiting...
demo.pcm not found, waiting...
demo.pcm not found, waiting...
demo.pcm not found, waiting...
demo.pcm not found, waiting...
demo.pcm not found, waiting...
demo.pcm not found, waiting...
demo.pcm not found, waiting...
demo.pcm not found, waiting...
demo.pcm not found, waiting...
demo.pcm not found, waiting...
demo.pcm not found, waiting...
demo.pcm not found, waiting...
demo.pcm not found, waiting...
demo.pcm not found, waiting...
demo.pcm not found, waiting...
demo.pcm not found, waiting...
demo.pcm not found, waiting...
demo.pcm not found, waiting...
demo.pcm not found, waiting...
demo.pcm not found, waiting...
demo.pcm not found, waiting...
demo.pcm not found, waiting...
demo.pcm not found, waiting...
demo.pcm not found, waiting...
demo.pcm not found, waiting...
demo.pcm not found, waiting...
demo.pcm not found, waiting...
demo.pcm not found, waiting...
demo.pcm not found, waiting...
demo.pcm not found, waiting...
demo.pcm not found, waiting...
demo.pcm not found, waiting...
demo.pcm not found, waiting...
demo.pcm not found, waiting...
demo.pcm not found, waiting...
demo.pcm not found, waiting...
demo.pcm not found, waiting...
demo.pcm not found, waiting...
demo.pcm not found, waiting...
demo.pcm not found, waiting...
demo.pcm not found, waiting...
demo.pcm not found, waiting...
demo.pcm not found, waiting...
demo.pcm not found, waiting...
demo.pcm not found, waiting...
demo.pcm not found, waiting...
demo.pcm not found, waiting...
demo.pcm not found, waiting...
demo.pcm not found, waiting...
demo.pcm not found, waiting...
demo.pcm not found, waiting...
demo.pcm not found, waiting...
demo.pcm not found, waiting...
demo.pcm not found, waiting...
demo.pcm not found, waiting...
demo.pcm not found, waiting...
demo.pcm not found, waiting...
demo.pcm not found, waiting...
demo.pcm not found, waiting...
demo.pcm not found, waiting...
demo.pcm not found, waiting...
demo.pcm not found, waiting...
demo.pcm not found, waiting...
demo.pcm not found, waiting...
demo.pcm not found, waiting...
demo.pcm not found, waiting...
demo.pcm not found, waiting...
demo.pcm not found, waiting...
demo.pcm not found, waiting...
demo.pcm not found, waiting...
demo.pcm not found, waiting...
demo.pcm not found, waiting...
demo.pcm not found, waiting...
demo.pcm not found, waiting...
demo.pcm not found, waiting...
demo.pcm not found, waiting...
demo.pcm not found, waiting...
demo.pcm not found, waiting...
demo.pcm not found, waiting...
demo.pcm not found, waiting...
demo.pcm not found, waiting...
demo.pcm not found, waiting...
demo.pcm not found, waiting...
demo.pcm not found, waiting...
demo.pcm not found, waiting...
demo.pcm not found, waiting...
demo.pcm not found, waiting...
demo.pcm not found, waiting...
demo.pcm not found, waiting...
demo.pcm not found, waiting...
demo.pcm not found, waiting...
demo.pcm not found, waiting...
demo.pcm not found, waiting...
demo.pcm not found, waiting...
demo.pcm not found, waiting...
demo.pcm not found, waiting...
demo.pcm not found, waiting...
demo.pcm not found, waiting...
demo.pcm not found, waiting...
demo.pcm not found, waiting...
demo.pcm not found, waiting...
demo.pcm not found, waiting...
demo.pcm not found, waiting...
demo.pcm not found, waiting...
demo.pcm not found, waiting...
demo.pcm not found, waiting...
demo.pcm not found, waiting...
demo.pcm not found, waiting...
demo.pcm not found, waiting...
demo.pcm not found, waiting...
demo.pcm not found, waiting...
demo.pcm not found, waiting...
demo.pcm not found, waiting...
demo.pcm not found, waiting...
demo.pcm not found, waiting...
demo.pcm not found, waiting...
demo.pcm not found, waiting...
demo.pcm not found, waiting...
demo.pcm not found, waiting...
demo.pcm not found, waiting...
demo.pcm not found, waiting...
demo.pcm not found, waiting...
demo.pcm not found, waiting...
demo.pcm not found, waiting...
demo.pcm not found, waiting...
demo.pcm not found, waiting...
demo.pcm not found, waiting...
demo.pcm not found, waiting...
demo.pcm not found, waiting...
demo.pcm not found, waiting...
demo.pcm not found, waiting...
demo.pcm not found, waiting...
demo.pcm not found, waiting...
demo.pcm not found, waiting...
demo.pcm not found, waiting...
demo.pcm not found, waiting...
demo.pcm not found, waiting...
demo.pcm not found, waiting...
demo.pcm not found, waiting...
demo.pcm not found, waiting...
demo.pcm not found, waiting...
demo.pcm not found, waiting...
demo.pcm not found, waiting...
demo.pcm not found, waiting...
demo.pcm not found, waiting...
demo.pcm not found, waiting...
demo.pcm not found, waiting...
demo.pcm not found, waiting...
demo.pcm not found, waiting...
demo.pcm not found, waiting...
demo.pcm not found, waiting...
demo.pcm not found, waiting...
demo.pcm not found, waiting...
demo.pcm not found, waiting...
demo.pcm not found, waiting...
demo.pcm not found, waiting...
demo.pcm not found, waiting...
demo.pcm not found, waiting...
demo.pcm not found, waiting...
demo.pcm not found, waiting...
demo.pcm not found, waiting...
demo.pcm not found, waiting...
demo.pcm not found, waiting...
demo.pcm not found, waiting...
demo.pcm not found, waiting...
demo.pcm not found, waiting...
demo.pcm not found, waiting...
demo.pcm not found, waiting...
demo.pcm not found, waiting...
demo.pcm not found, waiting...
demo.pcm not found, waiting...
demo.pcm not found, waiting...
demo.pcm not found, waiting...
demo.pcm not found, waiting...
demo.pcm not found, waiting...
demo.pcm not found, waiting...
demo.pcm not found, waiting...
demo.pcm not found, waiting...
demo.pcm not found, waiting...
demo.pcm not found, waiting...
demo.pcm not found, waiting...
demo.pcm not found, waiting...
demo.pcm not found, waiting...
demo.pcm not found, waiting...
demo.pcm not found, waiting...
demo.pcm not found, waiting...
demo.pcm not found, waiting...
demo.pcm not found, waiting...
demo.pcm not found, waiting...
demo.pcm not found, waiting...
demo.pcm not found, waiting...
demo.pcm not found, waiting...
demo.pcm not found, waiting...
demo.pcm not found, waiting...
demo.pcm not found, waiting...
demo.pcm not found, waiting...
demo.pcm not found, waiting...
demo.pcm not found, waiting...
demo.pcm not found, waiting...
demo.pcm not found, waiting...
demo.pcm not found, waiting...
demo.pcm not found, waiting...
demo.pcm not found, waiting...
demo.pcm not found, waiting...
demo.pcm not found, waiting...
demo.pcm not found, waiting...
demo.pcm not found, waiting...
demo.pcm not found, waiting...
demo.pcm not found, waiting...
demo.pcm not found, waiting...
demo.pcm not found, waiting...
demo.pcm not found, waiting...
demo.pcm not found, waiting...
demo.pcm not found, waiting...
demo.pcm not found, waiting...
demo.pcm not found, waiting...
demo.pcm not found, waiting...
demo.pcm not found, waiting...
demo.pcm not found, waiting...
demo.pcm not found, waiting...
demo.pcm not found, waiting...
demo.pcm not found, waiting...
demo.pcm not found, waiting...
demo.pcm not found, waiting...
demo.pcm not found, waiting...
demo.pcm not found, waiting...
demo.pcm not found, waiting...
demo.pcm not found, waiting...
demo.pcm not found, waiting...
demo.pcm not found, waiting...
demo.pcm not found, waiting...
demo.pcm not found, waiting...
demo.pcm not found, waiting...
demo.pcm not found, waiting...
demo.pcm not found, waiting...
demo.pcm not found, waiting...
demo.pcm not found, waiting...
demo.pcm not found, waiting...
demo.pcm not found, waiting...
demo.pcm not found, waiting...
demo.pcm not found, waiting...
demo.pcm not found, waiting...
demo.pcm not found, waiting...
demo.pcm not found, waiting...
demo.pcm not found, waiting...
demo.pcm not found, waiting...
demo.pcm not found, waiting...
demo.pcm not found, waiting...
demo.pcm not found, waiting...
demo.pcm not found, waiting...
demo.pcm not found, waiting...
demo.pcm not found, waiting...
demo.pcm not found, waiting...
demo.pcm not found, waiting...
demo.pcm not found, waiting...
demo.pcm not found, waiting...
demo.pcm not found, waiting...
demo.pcm not found, waiting...
demo.pcm not found, waiting...
demo.pcm not found, waiting...
demo.pcm not found, waiting...
demo.pcm not found, waiting...
demo.pcm not found, waiting...
demo.pcm not found, waiting...
demo.pcm not found, waiting...
demo.pcm not found, waiting...
demo.pcm not found, waiting...
demo.pcm not found, waiting...
demo.pcm not found, waiting...
demo.pcm not found, waiting...
demo.pcm not found, waiting...
demo.pcm not found, waiting...
demo.pcm not found, waiting...
demo.pcm not found, waiting...
demo.pcm not found, waiting...
demo.pcm not found, waiting...
demo.pcm not found, waiting...
demo.pcm not found, waiting...
demo.pcm not found, waiting...
demo.pcm not found, waiting...
demo.pcm not found, waiting...
demo.pcm not found, waiting...
demo.pcm not found, waiting...
demo.pcm not found, waiting...
demo.pcm not found, waiting...
demo.pcm not found, waiting...
demo.pcm not found, waiting...
demo.pcm not found, waiting...
demo.pcm not found, waiting...
demo.pcm not found, waiting...
demo.pcm not found, waiting...
demo.pcm not found, waiting...
demo.pcm not found, waiting...
demo.pcm not found, waiting...
demo.pcm not found, waiting...
demo.pcm not found, waiting...
demo.pcm not found, waiting...
demo.pcm not found, waiting...
demo.pcm not found, waiting...
demo.pcm not found, waiting...
demo.pcm not found, waiting...
demo.pcm not found, waiting...
demo.pcm not found, waiting...
demo.pcm not found, waiting...
demo.pcm not found, waiting...
demo.pcm not found, waiting...
demo.pcm not found, waiting...
demo.pcm not found, waiting...
demo.pcm not found, waiting...
demo.pcm not found, waiting...
demo.pcm not found, waiting...
demo.pcm not found, waiting...
demo.pcm not found, waiting...
demo.pcm not found, waiting...
demo.pcm not found, waiting...
demo.pcm not found, waiting...
demo.pcm not found, waiting...
demo.pcm not found, waiting...
demo.pcm not found, waiting...
demo.pcm not found, waiting...
demo.pcm not found, waiting...
demo.pcm not found, waiting...
demo.pcm not found, waiting...
demo.pcm not found, waiting...
demo.pcm not found, waiting...
demo.pcm not found, waiting...
demo.pcm not found, waiting...
demo.pcm not found, waiting...
demo.pcm not found, waiting...
demo.pcm not found, waiting...
demo.pcm not found, waiting...
demo.pcm not found, waiting...
demo.pcm not found, waiting...
demo.pcm not found, waiting...
demo.pcm not found, waiting...
demo.pcm not found, waiting...
demo.pcm not found, waiting...
demo.pcm not found, waiting...
demo.pcm not found, waiting...
demo.pcm not found, waiting...
demo.pcm not found, waiting...
demo.pcm not found, waiting...
demo.pcm not found, waiting...
demo.pcm not found, waiting...
demo.pcm not found, waiting...
demo.pcm not found, waiting...
demo.pcm not found, waiting...
demo.pcm not found, waiting...
demo.pcm not found, waiting...
demo.pcm not found, waiting...
demo.pcm not found, waiting...
demo.pcm not found, waiting...
demo.pcm not found, waiting...
demo.pcm not found, waiting...
demo.pcm not found, waiting...
demo.pcm not found, waiting...
demo.pcm not found, waiting...
demo.pcm not found, waiting...
demo.pcm not found, waiting...
demo.pcm not found, waiting...
demo.pcm not found, waiting...
demo.pcm not found, waiting...
demo.pcm not found, waiting...
demo.pcm not found, waiting...
demo.pcm not found, waiting...
demo.pcm not found, waiting...
demo.pcm not found, waiting...
demo.pcm not found, waiting...
demo.pcm not found, waiting...
demo.pcm not found, waiting...
demo.pcm not found, waiting...
demo.pcm not found, waiting...
demo.pcm not found, waiting...
demo.pcm not found, waiting...
demo.pcm not found, waiting...
demo.pcm not found, waiting...
demo.pcm not found, waiting...
demo.pcm not found, waiting...
demo.pcm not found, waiting...
demo.pcm not found, waiting...
demo.pcm not found, waiting...
demo.pcm not found, waiting...
demo.pcm not found, waiting...
demo.pcm not found, waiting...
demo.pcm not found, waiting...
demo.pcm not found, waiting...
demo.pcm not found, waiting...
demo.pcm not found, waiting...
demo.pcm not found, waiting...
demo.pcm not found, waiting...
demo.pcm not found, waiting...
demo.pcm not found, waiting...
demo.pcm not found, waiting...
demo.pcm not found, waiting...
demo.pcm not found, waiting...
demo.pcm not found, waiting...
demo.pcm not found, waiting...
demo.pcm not found, waiting...
demo.pcm not found, waiting...
demo.pcm not found, waiting...
demo.pcm not found, waiting...
demo.pcm not found, waiting...
demo.pcm not found, waiting...
demo.pcm not found, waiting...
demo.pcm not found, waiting...
demo.pcm not found, waiting...
demo.pcm not found, waiting...
demo.pcm not found, waiting...
demo.pcm not found, waiting...
demo.pcm not found, waiting...
demo.pcm not found, waiting...
demo.pcm not found, waiting...
demo.pcm not found, waiting...
demo.pcm not found, waiting...
demo.pcm not found, waiting...
demo.pcm not found, waiting...
demo.pcm not found, waiting...
demo.pcm not found, waiting...
demo.pcm not found, waiting...
demo.pcm not found, waiting...
demo.pcm not found, waiting...
demo.pcm not found, waiting...
demo.pcm not found, waiting...
demo.pcm not found, waiting...
demo.pcm not found, waiting...
demo.pcm not found, waiting...
demo.pcm not found, waiting...
demo.pcm not found, waiting...
demo.pcm not found, waiting...
demo.pcm not found, waiting...
demo.pcm not found, waiting...
demo.pcm not found, waiting...
demo.pcm not found, waiting...
demo.pcm not found, waiting...
demo.pcm not found, waiting...
demo.pcm not found, waiting...
demo.pcm not found, waiting...
demo.pcm not found, waiting...
demo.pcm not found, waiting...
demo.pcm not found, waiting...
demo.pcm not found, waiting...
demo.pcm not found, waiting...
demo.pcm not found, waiting...
demo.pcm not found, waiting...
demo.pcm not found, waiting...
demo.pcm not found, waiting...
demo.pcm not found, waiting...
demo.pcm not found, waiting...
demo.pcm not found, waiting...
demo.pcm not found, waiting...
demo.pcm not found, waiting...
demo.pcm not found, waiting...
demo.pcm not found, waiting...
demo.pcm not found, waiting...
demo.pcm not found, waiting...
demo.pcm not found, waiting...
demo.pcm not found, waiting...
demo.pcm not found, waiting...
demo.pcm not found, waiting...
demo.pcm not found, waiting...
demo.pcm not found, waiting...
demo.pcm not found, waiting...
demo.pcm not found, waiting...
demo.pcm not found, waiting...
demo.pcm not found, waiting...
demo.pcm not found, waiting...
demo.pcm not found, waiting...
demo.pcm not found, waiting...
demo.pcm not found, waiting...
demo.pcm not found, waiting...
demo.pcm not found, waiting...
demo.pcm not found, waiting...
demo.pcm not found, waiting...
demo.pcm not found, waiting...
demo.pcm not found, waiting...
demo.pcm not found, waiting...
demo.pcm not found, waiting...
demo.pcm not found, waiting...
demo.pcm not found, waiting...
demo.pcm not found, waiting...
demo.pcm not found, waiting...
demo.pcm not found, waiting...
demo.pcm not found, waiting...
demo.pcm not found, waiting...
demo.pcm not found, waiting...
demo.pcm not found, waiting...
demo.pcm not found, waiting...
demo.pcm not found, waiting...
demo.pcm not found, waiting...
demo.pcm not found, waiting...
demo.pcm not found, waiting...
demo.pcm not found, waiting...
demo.pcm not found, waiting...
demo.pcm not found, waiting...
demo.pcm not found, waiting...
demo.pcm not found, waiting...
demo.pcm not found, waiting...
demo.pcm not found, waiting...
demo.pcm not found, waiting...
demo.pcm not found, waiting...
demo.pcm not found, waiting...
demo.pcm not found, waiting...
demo.pcm not found, waiting...
demo.pcm not found, waiting...
demo.pcm not found, waiting...
demo.pcm not found, waiting...
demo.pcm not found, waiting...
demo.pcm not found, waiting...
demo.pcm not found, waiting...
demo.pcm not found, waiting...
demo.pcm not found, waiting...
demo.pcm not found, waiting...
demo.pcm not found, waiting...
demo.pcm not found, waiting...
demo.pcm not found, waiting...
demo.pcm not found, waiting...
demo.pcm not found, waiting...
demo.pcm not found, waiting...
demo.pcm not found, waiting...
demo.pcm not found, waiting...
demo.pcm not found, waiting...
demo.pcm not found, waiting...
demo.pcm not found, waiting...
demo.pcm not found, waiting...
demo.pcm not found, waiting...
demo.pcm not found, waiting...
demo.pcm not found, waiting...
demo.pcm not found, waiting...
demo.pcm not found, waiting...
demo.pcm not found, waiting...
demo.pcm not found, waiting...
demo.pcm not found, waiting...
demo.pcm not found, waiting...
demo.pcm not found, waiting...
demo.pcm not found, waiting...
demo.pcm not found, waiting...
demo.pcm not found, waiting...
demo.pcm not found, waiting...
demo.pcm not found, waiting...
demo.pcm not found, waiting...
demo.pcm not found, waiting...
demo.pcm not found, waiting...
demo.pcm not found, waiting...
demo.pcm not found, waiting...
demo.pcm not found, waiting...
demo.pcm not found, waiting...
demo.pcm not found, waiting...
demo.pcm not found, waiting...
demo.pcm not found, waiting...
demo.pcm not found, waiting...
demo.pcm not found, waiting...
demo.pcm not found, waiting...
demo.pcm not found, waiting...
demo.pcm not found, waiting...
demo.pcm not found, waiting...
demo.pcm not found, waiting...
demo.pcm not found, waiting...
demo.pcm not found, waiting...
demo.pcm not found, waiting...
demo.pcm not found, waiting...
demo.pcm not found, waiting...
demo.pcm not found, waiting...
demo.pcm not found, waiting...
demo.pcm not found, waiting...
demo.pcm not found, waiting...
demo.pcm not found, waiting...
demo.pcm not found, waiting...
demo.pcm not found, waiting...
demo.pcm not found, waiting...
demo.pcm not found, waiting...
demo.pcm not found, waiting...
demo.pcm not found, waiting...
demo.pcm not found, waiting...
demo.pcm not found, waiting...
demo.pcm not found, waiting...
demo.pcm not found, waiting...
demo.pcm not found, waiting...
demo.pcm not found, waiting...
demo.pcm not found, waiting...
demo.pcm not found, waiting...
demo.pcm not found, waiting...
demo.pcm not found, waiting...
demo.pcm not found, waiting...
demo.pcm not found, waiting...
demo.pcm not found, waiting...
demo.pcm not found, waiting...
demo.pcm not found, waiting...
demo.pcm not found, waiting...
demo.pcm not found, waiting...
demo.pcm not found, waiting...
demo.pcm not found, waiting...
demo.pcm not found, waiting...
demo.pcm not found, waiting...
demo.pcm not found, waiting...
demo.pcm not found, waiting...
demo.pcm not found, waiting...
demo.pcm not found, waiting...
demo.pcm not found, waiting...
demo.pcm not found, waiting...
demo.pcm not found, waiting...
demo.pcm not found, waiting...
demo.pcm not found, waiting...
demo.pcm not found, waiting...
demo.pcm not found, waiting...
demo.pcm not found, waiting...
demo.pcm not found, waiting...
demo.pcm not found, waiting...
demo.pcm not found, waiting...
demo.pcm not found, waiting...
demo.pcm not found, waiting...
demo.pcm not found, waiting...
demo.pcm not found, waiting...
demo.pcm not found, waiting...
demo.pcm not found, waiting...
demo.pcm not found, waiting...
demo.pcm not found, waiting...
demo.pcm not found, waiting...
demo.pcm not found, waiting...
demo.pcm not found, waiting...
demo.pcm not found, waiting...
demo.pcm not found, waiting...
demo.pcm not found, waiting...
demo.pcm not found, waiting...
demo.pcm not found, waiting...
demo.pcm not found, waiting...
demo.pcm not found, waiting...
demo.pcm not found, waiting...
demo.pcm not found, waiting...
demo.pcm not found, waiting...
demo.pcm not found, waiting...
demo.pcm not found, waiting...
demo.pcm not found, waiting...
demo.pcm not found, waiting...
demo.pcm not found, waiting...
demo.pcm not found, waiting...
demo.pcm not found, waiting...
demo.pcm not found, waiting...
demo.pcm not found, waiting...
demo.pcm not found, waiting...
demo.pcm not found, waiting...
demo.pcm not found, waiting...
demo.pcm not found, waiting...
demo.pcm not found, waiting...
demo.pcm not found, waiting...
demo.pcm not found, waiting...
demo.pcm not found, waiting...
demo.pcm not found, waiting...
demo.pcm not found, waiting...
demo.pcm not found, waiting...
demo.pcm not found, waiting...
demo.pcm not found, waiting...
demo.pcm not found, waiting...
demo.pcm not found, waiting...
demo.pcm not found, waiting...
demo.pcm not found, waiting...
demo.pcm not found, waiting...
demo.pcm not found, waiting...
demo.pcm not found, waiting...
demo.pcm not found, waiting...
demo.pcm not found, waiting...
demo.pcm not found, waiting...
demo.pcm not found, waiting...
demo.pcm not found, waiting...
demo.pcm not found, waiting...
demo.pcm not found, waiting...
demo.pcm not found, waiting...
demo.pcm not found, waiting...
demo.pcm not found, waiting...
demo.pcm not found, waiting...
demo.pcm not found, waiting...
demo.pcm not found, waiting...
demo.pcm not found, waiting...
demo.pcm not found, waiting...
demo.pcm not found, waiting...
demo.pcm not found, waiting...
demo.pcm not found, waiting...
demo.pcm not found, waiting...
demo.pcm not found, waiting...
demo.pcm not found, waiting...
demo.pcm not found, waiting...
demo.pcm not found, waiting...
demo.pcm not found, waiting...
demo.pcm not found, waiting...
demo.pcm not found, waiting...
demo.pcm not found, waiting...
demo.pcm not found, waiting...
demo.pcm not found, waiting...
demo.pcm not found, waiting...
demo.pcm not found, waiting...
demo.pcm not found, waiting...
demo.pcm not found, waiting...
demo.pcm not found, waiting...
demo.pcm not found, waiting...
demo.pcm not found, waiting...
demo.pcm not found, waiting...
demo.pcm not found, waiting...
demo.pcm not found, waiting...
demo.pcm not found, waiting...
demo.pcm not found, waiting...
demo.pcm not found, waiting...
demo.pcm not found, waiting...
demo.pcm not found, waiting...
demo.pcm not found, waiting...
demo.pcm not found, waiting...
demo.pcm not found, waiting...
demo.pcm not found, waiting...
demo.pcm not found, waiting...
demo.pcm not found, waiting...
demo.pcm not found, waiting...
demo.pcm not found, waiting...
demo.pcm not found, waiting...
demo.pcm not found, waiting...
demo.pcm not found, waiting...
demo.pcm not found, waiting...
demo.pcm not found, waiting...
demo.pcm not found, waiting...
demo.pcm not found, waiting...
demo.pcm not found, waiting...
demo.pcm not found, waiting...
demo.pcm not found, waiting...
demo.pcm not found, waiting...
demo.pcm not found, waiting...
demo.pcm not found, waiting...
demo.pcm not found, waiting...
demo.pcm not found, waiting...
demo.pcm not found, waiting...
demo.pcm not found, waiting...
demo.pcm not found, waiting...
demo.pcm not found, waiting...
demo.pcm not found, waiting...
demo.pcm not found, waiting...
demo.pcm not found, waiting...
demo.pcm not found, waiting...
demo.pcm not found, waiting...
demo.pcm not found, waiting...
demo.pcm not found, waiting...
demo.pcm not found, waiting...
demo.pcm not found, waiting...
demo.pcm not found, waiting...
demo.pcm not found, waiting...
demo.pcm not found, waiting...
demo.pcm not found, waiting...
demo.pcm not found, waiting...
demo.pcm not found, waiting...
demo.pcm not found, waiting...
demo.pcm not found, waiting...
demo.pcm not found, waiting...
demo.pcm not found, waiting...
demo.pcm not found, waiting...
demo.pcm not found, waiting...
demo.pcm not found, waiting...
demo.pcm not found, waiting...
demo.pcm not found, waiting...
demo.pcm not found, waiting...
demo.pcm not found, waiting...
demo.pcm not found, waiting...
demo.pcm not found, waiting...
demo.pcm not found, waiting...
demo.pcm not found, waiting...
demo.pcm not found, waiting...
demo.pcm not found, waiting...
demo.pcm not found, waiting...
demo.pcm not found, waiting...
demo.pcm not found, waiting...
demo.pcm not found, waiting...
demo.pcm not found, waiting...
demo.pcm not found, waiting...
demo.pcm not found, waiting...
demo.pcm not found, waiting...
demo.pcm not found, waiting...
demo.pcm not found, waiting...
demo.pcm not found, waiting...
demo.pcm not found, waiting...
demo.pcm not found, waiting...
demo.pcm not found, waiting...
demo.pcm not found, waiting...
demo.pcm not found, waiting...
demo.pcm not found, waiting...
demo.pcm not found, waiting...
demo.pcm not found, waiting...
demo.pcm not found, waiting...
demo.pcm not found, waiting...
demo.pcm not found, waiting...
demo.pcm not found, waiting...
demo.pcm not found, waiting...
demo.pcm not found, waiting...
demo.pcm not found, waiting...
demo.pcm not found, waiting...
demo.pcm not found, waiting...
demo.pcm not found, waiting...
demo.pcm not found, waiting...
demo.pcm not found, waiting...
demo.pcm not found, waiting...
demo.pcm not found, waiting...
demo.pcm not found, waiting...
demo.pcm not found, waiting...
demo.pcm not found, waiting...
demo.pcm not found, waiting...
demo.pcm not found, waiting...
demo.pcm not found, waiting...
demo.pcm not found, waiting...
demo.pcm not found, waiting...
demo.pcm not found, waiting...
demo.pcm not found, waiting...
demo.pcm not found, waiting...
demo.pcm not found, waiting...
demo.pcm not found, waiting...
demo.pcm not found, waiting...
demo.pcm not found, waiting...
demo.pcm not found, waiting...
demo.pcm not found, waiting...
demo.pcm not found, waiting...
demo.pcm not found, waiting...
demo.pcm not found, waiting...
demo.pcm not found, waiting...
demo.pcm not found, waiting...
demo.pcm not found, waiting...
demo.pcm not found, waiting...
demo.pcm not found, waiting...
demo.pcm not found, waiting...
demo.pcm not found, waiting...
demo.pcm not found, waiting...
demo.pcm not found, waiting...
demo.pcm not found, waiting...
demo.pcm not found, waiting...
demo.pcm not found, waiting...
demo.pcm not found, waiting...
demo.pcm not found, waiting...
demo.pcm not found, waiting...
demo.pcm not found, waiting...
demo.pcm not found, waiting...
demo.pcm not found, waiting...
demo.pcm not found, waiting...
demo.pcm not found, waiting...
demo.pcm not found, waiting...
demo.pcm not found, waiting...
demo.pcm not found, waiting...
demo.pcm not found, waiting...
demo.pcm not found, waiting...
demo.pcm not found, waiting...
demo.pcm not found, waiting...
demo.pcm not found, waiting...
demo.pcm not found, waiting...
demo.pcm not found, waiting...
demo.pcm not found, waiting...
demo.pcm not found, waiting...
demo.pcm not found, waiting...
demo.pcm not found, waiting...
demo.pcm not found, waiting...
demo.pcm not found, waiting...
demo.pcm not found, waiting...
demo.pcm not found, waiting...
demo.pcm not found, waiting...
demo.pcm not found, waiting...
demo.pcm not found, waiting...
demo.pcm not found, waiting...
demo.pcm not found, waiting...
demo.pcm not found, waiting...
demo.pcm not found, waiting...
demo.pcm not found, waiting...
demo.pcm not found, waiting...
demo.pcm not found, waiting...
demo.pcm not found, waiting...
demo.pcm not found, waiting...
demo.pcm not found, waiting...
demo.pcm not found, waiting...
demo.pcm not found, waiting...
demo.pcm not found, waiting...
demo.pcm not found, waiting...
demo.pcm not found, waiting...
demo.pcm not found, waiting...
demo.pcm not found, waiting...
demo.pcm not found, waiting...
demo.pcm not found, waiting...
demo.pcm not found, waiting...
demo.pcm not found, waiting...
demo.pcm not found, waiting...
demo.pcm not found, waiting...
demo.pcm not found, waiting...
demo.pcm not found, waiting...
demo.pcm not found, waiting...
demo.pcm not found, waiting...
demo.pcm not found, waiting...
demo.pcm not found, waiting...
demo.pcm not found, waiting...
demo.pcm not found, waiting...
demo.pcm not found, waiting...
demo.pcm not found, waiting...
demo.pcm not found, waiting...
demo.pcm not found, waiting...
demo.pcm not found, waiting...
demo.pcm not found, waiting...
demo.pcm not found, waiting...
demo.pcm not found, waiting...
demo.pcm not found, waiting...
demo.pcm not found, waiting...
demo.pcm not found, waiting...
demo.pcm not found, waiting...
demo.pcm not found, waiting...
demo.pcm not found, waiting...
demo.pcm not found, waiting...
demo.pcm not found, waiting...
demo.pcm not found, waiting...
demo.pcm not found, waiting...
demo.pcm not found, waiting...
demo.pcm not found, waiting...
demo.pcm not found, waiting...
demo.pcm not found, waiting...
demo.pcm not found, waiting...
demo.pcm not found, waiting...
demo.pcm not found, waiting...
demo.pcm not found, waiting...
demo.pcm not found, waiting...
demo.pcm not found, waiting...
demo.pcm not found, waiting...
demo.pcm not found, waiting...
demo.pcm not found, waiting...
demo.pcm not found, waiting...
demo.pcm not found, waiting...
demo.pcm not found, waiting...
demo.pcm not found, waiting...
demo.pcm not found, waiting...
demo.pcm not found, waiting...
demo.pcm not found, waiting...
demo.pcm not found, waiting...
demo.pcm not found, waiting...
demo.pcm not found, waiting...
demo.pcm not found, waiting...
demo.pcm not found, waiting...
demo.pcm not found, waiting...
demo.pcm not found, waiting...
demo.pcm not found, waiting...
demo.pcm not found, waiting...
demo.pcm not found, waiting...
demo.pcm not found, waiting...
demo.pcm not found, waiting...
demo.pcm not found, waiting...
demo.pcm not found, waiting...
demo.pcm not found, waiting...
demo.pcm not found, waiting...
demo.pcm not found, waiting...
demo.pcm not found, waiting...
demo.pcm not found, waiting...
demo.pcm not found, waiting...
demo.pcm not found, waiting...
demo.pcm not found, waiting...
demo.pcm not found, waiting...
demo.pcm not found, waiting...
demo.pcm not found, waiting...
demo.pcm not found, waiting...
demo.pcm not found, waiting...
demo.pcm not found, waiting...
demo.pcm not found, waiting...
demo.pcm not found, waiting...
demo.pcm not found, waiting...
demo.pcm not found, waiting...
demo.pcm not found, waiting...
demo.pcm not found, waiting...
demo.pcm not found, waiting...
demo.pcm not found, waiting...
demo.pcm not found, waiting...
demo.pcm not found, waiting...
demo.pcm not found, waiting...
demo.pcm not found, waiting...
demo.pcm not found, waiting...
demo.pcm not found, waiting...
demo.pcm not found, waiting...
demo.pcm not found, waiting...
demo.pcm not found, waiting...
demo.pcm not found, waiting...
demo.pcm not found, waiting...
demo.pcm not found, waiting...
demo.pcm not found, waiting...
demo.pcm not found, waiting...
demo.pcm not found, waiting...
demo.pcm not found, waiting...
demo.pcm not found, waiting...
demo.pcm not found, waiting...
demo.pcm not found, waiting...
demo.pcm not found, waiting...
demo.pcm not found, waiting...
demo.pcm not found, waiting...
demo.pcm not found, waiting...
demo.pcm not found, waiting...
demo.pcm not found, waiting...
demo.pcm not found, waiting...
demo.pcm not found, waiting...
demo.pcm not found, waiting...
demo.pcm not found, waiting...
demo.pcm not found, waiting...
demo.pcm not found, waiting...
demo.pcm not found, waiting...
demo.pcm not found, waiting...
demo.pcm not found, waiting...
demo.pcm not found, waiting...
demo.pcm not found, waiting...
demo.pcm not found, waiting...
demo.pcm not found, waiting...
demo.pcm not found, waiting...
demo.pcm not found, waiting...
demo.pcm not found, waiting...
demo.pcm not found, waiting...
demo.pcm not found, waiting...
demo.pcm not found, waiting...
demo.pcm not found, waiting...
demo.pcm not found, waiting...
demo.pcm not found, waiting...
demo.pcm not found, waiting...
demo.pcm not found, waiting...
demo.pcm not found, waiting...
demo.pcm not found, waiting...
demo.pcm not found, waiting...
demo.pcm not found, waiting...
demo.pcm not found, waiting...
demo.pcm not found, waiting...
demo.pcm not found, waiting...
demo.pcm not found, waiting...
demo.pcm not found, waiting...
demo.pcm not found, waiting...
demo.pcm not found, waiting...
demo.pcm not found, waiting...
demo.pcm not found, waiting...
demo.pcm not found, waiting...
demo.pcm not found, waiting...
demo.pcm not found, waiting...
demo.pcm not found, waiting...
demo.pcm not found, waiting...
demo.pcm not found, waiting...
demo.pcm not found, waiting...
demo.pcm not found, waiting...
demo.pcm not found, waiting...
demo.pcm not found, waiting...
demo.pcm not found, waiting...
demo.pcm not found, waiting...
demo.pcm not found, waiting...
demo.pcm not found, waiting...
demo.pcm not found, waiting...
demo.pcm not found, waiting...
demo.pcm not found, waiting...
demo.pcm not found, waiting...
demo.pcm not found, waiting...
demo.pcm not found, waiting...
demo.pcm not found, waiting...
demo.pcm not found, waiting...
demo.pcm not found, waiting...
demo.pcm not found, waiting...
demo.pcm not found, waiting...
demo.pcm not found, waiting...
demo.pcm not found, waiting...
demo.pcm not found, waiting...
demo.pcm not found, waiting...
demo.pcm not found, waiting...
demo.pcm not found, waiting...
demo.pcm not found, waiting...
demo.pcm not found, waiting...
demo.pcm not found, waiting...
demo.pcm not found, waiting...
demo.pcm not found, waiting...
demo.pcm not found, waiting...
demo.pcm not found, waiting...
demo.pcm not found, waiting...
demo.pcm not found, waiting...
demo.pcm not found, waiting...
demo.pcm not found, waiting...
demo.pcm not found, waiting...
demo.pcm not found, waiting...
demo.pcm not found, waiting...
demo.pcm not found, waiting...
demo.pcm not found, waiting...
demo.pcm not found, waiting...
demo.pcm not found, waiting...
demo.pcm not found, waiting...
demo.pcm not found, waiting...
demo.pcm not found, waiting...
demo.pcm not found, waiting...
demo.pcm not found, waiting...
demo.pcm not found, waiting...
demo.pcm not found, waiting...
demo.pcm not found, waiting...
demo.pcm not found, waiting...
demo.pcm not found, waiting...
demo.pcm not found, waiting...
demo.pcm not found, waiting...
demo.pcm not found, waiting...
demo.pcm not found, waiting...
demo.pcm not found, waiting...
demo.pcm not found, waiting...
demo.pcm not found, waiting...
demo.pcm not found, waiting...
demo.pcm not found, waiting...
demo.pcm not found, waiting...
demo.pcm not found, waiting...
demo.pcm not found, waiting...
demo.pcm not found, waiting...
demo.pcm not found, waiting...
demo.pcm not found, waiting...
demo.pcm not found, waiting...
demo.pcm not found, waiting...
demo.pcm not found, waiting...
demo.pcm not found, waiting...
demo.pcm not found, waiting...
demo.pcm not found, waiting...
demo.pcm not found, waiting...
demo.pcm not found, waiting...
demo.pcm not found, waiting...
demo.pcm not found, waiting...
demo.pcm not found, waiting...
demo.pcm not found, waiting...
demo.pcm not found, waiting...
demo.pcm not found, waiting...
demo.pcm not found, waiting...
demo.pcm not found, waiting...
demo.pcm not found, waiting...
demo.pcm not found, waiting...
demo.pcm not found, waiting...
demo.pcm not found, waiting...
demo.pcm not found, waiting...
demo.pcm not found, waiting...
demo.pcm not found, waiting...
demo.pcm not found, waiting...
demo.pcm not found, waiting...
demo.pcm not found, waiting...
demo.pcm not found, waiting...
demo.pcm not found, waiting...
demo.pcm not found, waiting...
demo.pcm not found, waiting...
demo.pcm not found, waiting...
demo.pcm not found, waiting...
demo.pcm not found, waiting...
demo.pcm not found, waiting...
demo.pcm not found, waiting...
demo.pcm not found, waiting...
demo.pcm not found, waiting...
demo.pcm not found, waiting...
demo.pcm not found, waiting...
demo.pcm not found, waiting...
demo.pcm not found, waiting...
demo.pcm not found, waiting...
demo.pcm not found, waiting...
demo.pcm not found, waiting...
demo.pcm not found, waiting...
demo.pcm not found, waiting...
demo.pcm not found, waiting...
demo.pcm not found, waiting...
demo.pcm not found, waiting...
demo.pcm not found, waiting...
demo.pcm not found, waiting...
demo.pcm not found, waiting...
demo.pcm not found, waiting...
demo.pcm not found, waiting...
demo.pcm not found, waiting...
demo.pcm not found, waiting...
demo.pcm not found, waiting...
demo.pcm not found, waiting...
demo.pcm not found, waiting...
demo.pcm not found, waiting...
demo.pcm not found, waiting...
demo.pcm not found, waiting...
demo.pcm not found, waiting...
demo.pcm not found, waiting...
demo.pcm not found, waiting...
demo.pcm not found, waiting...
demo.pcm not found, waiting...
demo.pcm not found, waiting...
demo.pcm not found, waiting...
demo.pcm not found, waiting...
demo.pcm not found, waiting...
demo.pcm not found, waiting...
demo.pcm not found, waiting...
demo.pcm not found, waiting...
demo.pcm not found, waiting...
demo.pcm not found, waiting...
demo.pcm not found, waiting...
demo.pcm not found, waiting...
demo.pcm not found, waiting...
demo.pcm not found, waiting...
demo.pcm not found, waiting...
demo.pcm not found, waiting...
demo.pcm not found, waiting...
demo.pcm not found, waiting...
demo.pcm not found, waiting...
demo.pcm not found, waiting...
demo.pcm not found, waiting...
demo.pcm not found, waiting...
demo.pcm not found, waiting...
demo.pcm not found, waiting...
demo.pcm not found, waiting...
demo.pcm not found, waiting...
demo.pcm not found, waiting...
demo.pcm not found, waiting...
demo.pcm not found, waiting...
demo.pcm not found, waiting...
demo.pcm not found, waiting...
demo.pcm not found, waiting...
demo.pcm not found, waiting...
demo.pcm not found, waiting...
demo.pcm not found, waiting...
demo.pcm not found, waiting...
demo.pcm not found, waiting...
demo.pcm not found, waiting...
demo.pcm not found, waiting...
demo.pcm not found, waiting...
demo.pcm not found, waiting...
demo.pcm not found, waiting...
demo.pcm not found, waiting...
demo.pcm not found, waiting...
demo.pcm not found, waiting...
demo.pcm not found, waiting...
demo.pcm not found, waiting...
demo.pcm not found, waiting...
demo.pcm not found, waiting...
demo.pcm not found, waiting...
demo.pcm not found, waiting...
demo.pcm not found, waiting...
demo.pcm not found, waiting...
demo.pcm not found, waiting...
demo.pcm not found, waiting...
demo.pcm not found, waiting...
demo.pcm not found, waiting...
demo.pcm not found, waiting...
demo.pcm not found, waiting...
demo.pcm not found, waiting...
demo.pcm not found, waiting...
demo.pcm not found, waiting...
demo.pcm not found, waiting...
demo.pcm not found, waiting...
demo.pcm not found, waiting...
demo.pcm not found, waiting...
demo.pcm not found, waiting...
demo.pcm not found, waiting...
demo.pcm not found, waiting...
demo.pcm not found, waiting...
demo.pcm not found, waiting...
demo.pcm not found, waiting...
demo.pcm not found, waiting...
demo.pcm not found, waiting...
demo.pcm not found, waiting...
demo.pcm not found, waiting...
demo.pcm not found, waiting...
demo.pcm not found, waiting...
demo.pcm not found, waiting...
demo.pcm not found, waiting...
demo.pcm not found, waiting...
demo.pcm not found, waiting...
demo.pcm not found, waiting...
demo.pcm not found, waiting...
demo.pcm not found, waiting...
demo.pcm not found, waiting...
demo.pcm not found, waiting...
demo.pcm not found, waiting...
demo.pcm not found, waiting...
demo.pcm not found, waiting...
demo.pcm not found, waiting...
demo.pcm not found, waiting...
demo.pcm not found, waiting...
demo.pcm not found, waiting...
demo.pcm not found, waiting...
demo.pcm not found, waiting...
demo.pcm not found, waiting...
demo.pcm not found, waiting...
demo.pcm not found, waiting...
demo.pcm not found, waiting...
demo.pcm not found, waiting...
demo.pcm not found, waiting...
demo.pcm not found, waiting...
demo.pcm not found, waiting...
demo.pcm not found, waiting...
demo.pcm not found, waiting...
demo.pcm not found, waiting...
demo.pcm not found, waiting...
demo.pcm not found, waiting...
demo.pcm not found, waiting...
demo.pcm not found, waiting...
demo.pcm not found, waiting...
demo.pcm not found, waiting...
demo.pcm not found, waiting...
demo.pcm not found, waiting...
demo.pcm not found, waiting...
demo.pcm not found, waiting...
demo.pcm not found, waiting...
demo.pcm not found, waiting...
demo.pcm not found, waiting...
demo.pcm not found, waiting...
demo.pcm not found, waiting...
demo.pcm not found, waiting...
demo.pcm not found, waiting...
demo.pcm not found, waiting...
demo.pcm not found, waiting...
demo.pcm not found, waiting...
demo.pcm not found, waiting...
demo.pcm not found, waiting...
demo.pcm not found, waiting...
demo.pcm not found, waiting...
demo.pcm not found, waiting...
demo.pcm not found, waiting...
demo.pcm not found, waiting...
demo.pcm not found, waiting...
demo.pcm not found, waiting...
demo.pcm not found, waiting...
demo.pcm not found, waiting...
demo.pcm not found, waiting...
demo.pcm not found, waiting...
demo.pcm not found, waiting...
demo.pcm not found, waiting...
demo.pcm not found, waiting...
demo.pcm not found, waiting...
demo.pcm not found, waiting...
demo.pcm not found, waiting...
demo.pcm not found, waiting...
demo.pcm not found, waiting...
demo.pcm not found, waiting...
demo.pcm not found, waiting...
demo.pcm not found, waiting...
demo.pcm not found, waiting...
demo.pcm not found, waiting...
demo.pcm not found, waiting...
demo.pcm not found, waiting...
demo.pcm not found, waiting...
demo.pcm not found, waiting...
demo.pcm not found, waiting...
demo.pcm not found, waiting...
demo.pcm not found, waiting...
demo.pcm not found, waiting...
demo.pcm not found, waiting...
demo.pcm not found, waiting...
demo.pcm not found, waiting...
demo.pcm not found, waiting...
demo.pcm not found, waiting...
demo.pcm not found, waiting...
demo.pcm not found, waiting...
demo.pcm not found, waiting...
demo.pcm not found, waiting...
demo.pcm not found, waiting...
demo.pcm not found, waiting...
demo.pcm not found, waiting...
demo.pcm not found, waiting...
demo.pcm not found, waiting...
demo.pcm not found, waiting...
demo.pcm not found, waiting...
demo.pcm not found, waiting...
demo.pcm not found, waiting...
demo.pcm not found, waiting...
demo.pcm not found, waiting...
demo.pcm not found, waiting...
demo.pcm not found, waiting...
demo.pcm not found, waiting...
demo.pcm not found, waiting...
demo.pcm not found, waiting...
demo.pcm not found, waiting...
demo.pcm not found, waiting...
demo.pcm not found, waiting...
demo.pcm not found, waiting...
demo.pcm not found, waiting...
demo.pcm not found, waiting...
demo.pcm not found, waiting...
demo.pcm not found, waiting...
demo.pcm not found, waiting...
demo.pcm not found, waiting...
demo.pcm not found, waiting...
demo.pcm not found, waiting...
demo.pcm not found, waiting...
demo.pcm not found, waiting...
demo.pcm not found, waiting...
demo.pcm not found, waiting...
demo.pcm not found, waiting...
demo.pcm not found, waiting...
demo.pcm not found, waiting...
demo.pcm not found, waiting...
demo.pcm not found, waiting...
demo.pcm not found, waiting...
demo.pcm not found, waiting...
demo.pcm not found, waiting...
demo.pcm not found, waiting...
demo.pcm not found, waiting...
demo.pcm not found, waiting...
demo.pcm not found, waiting...
demo.pcm not found, waiting...
demo.pcm not found, waiting...
demo.pcm not found, waiting...
demo.pcm not found, waiting...
demo.pcm not found, waiting...
demo.pcm not found, waiting...
demo.pcm not found, waiting...
demo.pcm not found, waiting...
demo.pcm not found, waiting...
demo.pcm not found, waiting...
demo.pcm not found, waiting...
demo.pcm not found, waiting...
demo.pcm not found, waiting...
demo.pcm not found, waiting...
demo.pcm not found, waiting...
demo.pcm not found, waiting...
demo.pcm not found, waiting...
demo.pcm not found, waiting...
demo.pcm not found, waiting...
demo.pcm not found, waiting...
demo.pcm not found, waiting...
demo.pcm not found, waiting...
demo.pcm not found, waiting...
demo.pcm not found, waiting...
demo.pcm not found, waiting...
demo.pcm not found, waiting...
demo.pcm not found, waiting...
demo.pcm not found, waiting...
demo.pcm not found, waiting...
demo.pcm not found, waiting...
demo.pcm not found, waiting...
demo.pcm not found, waiting...
demo.pcm not found, waiting...
demo.pcm not found, waiting...
demo.pcm not found, waiting...
demo.pcm not found, waiting...
demo.pcm not found, waiting...
demo.pcm not found, waiting...
demo.pcm not found, waiting...
demo.pcm not found, waiting...
demo.pcm not found, waiting...
demo.pcm not found, waiting...
demo.pcm not found, waiting...
demo.pcm not found, waiting...
demo.pcm not found, waiting...
demo.pcm not found, waiting...
demo.pcm not found, waiting...
demo.pcm not found, waiting...
demo.pcm not found, waiting...
demo.pcm not found, waiting...
demo.pcm not found, waiting...
demo.pcm not found, waiting...
demo.pcm not found, waiting...
demo.pcm not found, waiting...
demo.pcm not found, waiting...
demo.pcm not found, waiting...
demo.pcm not found, waiting...
demo.pcm not found, waiting...
demo.pcm not found, waiting...
demo.pcm not found, waiting...
demo.pcm not found, waiting...
demo.pcm not found, waiting...
demo.pcm not found, waiting...
demo.pcm not found, waiting...
demo.pcm not found, waiting...
demo.pcm not found, waiting...
demo.pcm not found, waiting...
demo.pcm not found, waiting...
demo.pcm not found, waiting...
demo.pcm not found, waiting...
demo.pcm not found, waiting...
demo.pcm not found, waiting...
demo.pcm not found, waiting...
demo.pcm not found, waiting...
demo.pcm not found, waiting...
demo.pcm not found, waiting...
demo.pcm not found, waiting...
demo.pcm not found, waiting...
demo.pcm not found, waiting...
demo.pcm not found, waiting...
demo.pcm not found, waiting...
demo.pcm not found, waiting...
demo.pcm not found, waiting...
demo.pcm not found, waiting...
demo.pcm not found, waiting...
demo.pcm not found, waiting...
demo.pcm not found, waiting...
demo.pcm not found, waiting...
demo.pcm not found, waiting...
demo.pcm not found, waiting...
demo.pcm not found, waiting...
demo.pcm not found, waiting...
demo.pcm not found, waiting...
demo.pcm not found, waiting...
demo.pcm not found, waiting...
demo.pcm not found, waiting...
demo.pcm not found, waiting...
demo.pcm not found, waiting...
demo.pcm not found, waiting...
demo.pcm not found, waiting...
demo.pcm not found, waiting...
demo.pcm not found, waiting...
demo.pcm not found, waiting...
demo.pcm not found, waiting...
demo.pcm not found, waiting...
demo.pcm not found, waiting...
demo.pcm not found, waiting...
demo.pcm not found, waiting...
demo.pcm not found, waiting...
demo.pcm not found, waiting...
demo.pcm not found, waiting...
demo.pcm not found, waiting...
demo.pcm not found, waiting...
demo.pcm not found, waiting...
demo.pcm not found, waiting...
demo.pcm not found, waiting...
demo.pcm not found, waiting...
demo.pcm not found, waiting...
demo.pcm not found, waiting...
demo.pcm not found, waiting...
demo.pcm not found, waiting...
demo.pcm not found, waiting...
demo.pcm not found, waiting...
demo.pcm not found, waiting...
demo.pcm not found, waiting...
demo.pcm not found, waiting...
demo.pcm not found, waiting...
demo.pcm not found, waiting...
demo.pcm not found, waiting...
demo.pcm not found, waiting...
demo.pcm not found, waiting...
demo.pcm not found, waiting...
demo.pcm not found, waiting...
demo.pcm not found, waiting...
demo.pcm not found, waiting...
demo.pcm not found, waiting...
demo.pcm not found, waiting...
demo.pcm not found, waiting...
demo.pcm not found, waiting...
demo.pcm not found, waiting...
demo.pcm not found, waiting...
demo.pcm not found, waiting...
demo.pcm not found, waiting...
demo.pcm not found, waiting...
demo.pcm not found, waiting...
demo.pcm not found, waiting...
demo.pcm not found, waiting...
demo.pcm not found, waiting...
demo.pcm not found, waiting...
demo.pcm not found, waiting...
demo.pcm not found, waiting...
demo.pcm not found, waiting...
demo.pcm not found, waiting...
demo.pcm not found, waiting...
demo.pcm not found, waiting...
demo.pcm not found, waiting...
demo.pcm not found, waiting...
demo.pcm not found, waiting...
demo.pcm not found, waiting...
demo.pcm not found, waiting...
demo.pcm not found, waiting...
demo.pcm not found, waiting...
demo.pcm not found, waiting...
demo.pcm not found, waiting...
demo.pcm not found, waiting...
demo.pcm not found, waiting...
demo.pcm not found, waiting...
demo.pcm not found, waiting...
demo.pcm not found, waiting...
demo.pcm not found, waiting...
demo.pcm not found, waiting...
demo.pcm not found, waiting...
demo.pcm not found, waiting...
demo.pcm not found, waiting...
demo.pcm not found, waiting...
demo.pcm not found, waiting...
demo.pcm not found, waiting...
demo.pcm not found, waiting...
demo.pcm not found, waiting...
demo.pcm not found, waiting...
demo.pcm not found, waiting...
demo.pcm not found, waiting...
demo.pcm not found, waiting...
demo.pcm not found, waiting...
demo.pcm not found, waiting...
demo.pcm not found, waiting...
demo.pcm not found, waiting...
demo.pcm not found, waiting...
demo.pcm not found, waiting...
demo.pcm not found, waiting...
demo.pcm not found, waiting...
demo.pcm not found, waiting...
demo.pcm not found, waiting...
demo.pcm not found, waiting...
demo.pcm not found, waiting...
demo.pcm not found, waiting...
demo.pcm not found, waiting...
demo.pcm not found, waiting...
demo.pcm not found, waiting...
demo.pcm not found, waiting...
demo.pcm not found, waiting...
demo.pcm not found, waiting...
demo.pcm not found, waiting...
demo.pcm not found, waiting...
demo.pcm not found, waiting...
demo.pcm not found, waiting...
demo.pcm not found, waiting...
demo.pcm not found, waiting...
demo.pcm not found, waiting...
demo.pcm not found, waiting...
demo.pcm not found, waiting...
demo.pcm not found, waiting...
demo.pcm not found, waiting...
demo.pcm not found, waiting...
demo.pcm not found, waiting...
demo.pcm not found, waiting...
demo.pcm not found, waiting...
demo.pcm not found, waiting...
demo.pcm not found, waiting...
demo.pcm not found, waiting...
demo.pcm not found, waiting...
demo.pcm not found, waiting...
demo.pcm not found, waiting...
demo.pcm not found, waiting...
demo.pcm not found, waiting...
demo.pcm not found, waiting...
demo.pcm not found, waiting...
demo.pcm not found, waiting...
demo.pcm not found, waiting...
demo.pcm not found, waiting...
demo.pcm not found, waiting...
demo.pcm not found, waiting...
demo.pcm not found, waiting...
demo.pcm not found, waiting...
demo.pcm not found, waiting...
demo.pcm not found, waiting...
demo.pcm not found, waiting...
demo.pcm not found, waiting...
demo.pcm not found, waiting...
demo.pcm not found, waiting...
demo.pcm not found, waiting...
demo.pcm not found, waiting...
demo.pcm not found, waiting...
demo.pcm not found, waiting...
demo.pcm not found, waiting...
demo.pcm not found, waiting...
demo.pcm not found, waiting...
demo.pcm not found, waiting...
demo.pcm not found, waiting...
demo.pcm not found, waiting...
demo.pcm not found, waiting...
demo.pcm not found, waiting...
demo.pcm not found, waiting...
demo.pcm not found, waiting...
demo.pcm not found, waiting...
demo.pcm not found, waiting...
demo.pcm not found, waiting...
demo.pcm not found, waiting...
demo.pcm not found, waiting...
demo.pcm not found, waiting...
demo.pcm not found, waiting...
demo.pcm not found, waiting...
demo.pcm not found, waiting...
demo.pcm not found, waiting...
demo.pcm not found, waiting...
demo.pcm not found, waiting...
demo.pcm not found, waiting...
demo.pcm not found, waiting...
demo.pcm not found, waiting...
demo.pcm not found, waiting...
demo.pcm not found, waiting...
demo.pcm not found, waiting...
demo.pcm not found, waiting...
demo.pcm not found, waiting...
demo.pcm not found, waiting...
demo.pcm not found, waiting...
demo.pcm not found, waiting...
demo.pcm not found, waiting...
demo.pcm not found, waiting...
demo.pcm not found, waiting...
demo.pcm not found, waiting...
demo.pcm not found, waiting...
demo.pcm not found, waiting...
demo.pcm not found, waiting...
demo.pcm not found, waiting...
demo.pcm not found, waiting...
demo.pcm not found, waiting...
demo.pcm not found, waiting...
demo.pcm not found, waiting...
demo.pcm not found, waiting...
demo.pcm not found, waiting...
demo.pcm not found, waiting...
demo.pcm not found, waiting...
demo.pcm not found, waiting...
demo.pcm not found, waiting...
demo.pcm not found, waiting...
demo.pcm not found, waiting...
demo.pcm not found, waiting...
demo.pcm not found, waiting...
demo.pcm not found, waiting...
demo.pcm not found, waiting...
demo.pcm not found, waiting...
demo.pcm not found, waiting...
demo.pcm not found, waiting...
demo.pcm not found, waiting...
demo.pcm not found, waiting...
demo.pcm not found, waiting...
demo.pcm not found, waiting...
demo.pcm not found, waiting...
demo.pcm not found, waiting...
demo.pcm not found, waiting...
demo.pcm not found, waiting...
demo.pcm not found, waiting...
demo.pcm not found, waiting...
demo.pcm not found, waiting...
demo.pcm not found, waiting...
demo.pcm not found, waiting...
demo.pcm not found, waiting...
demo.pcm not found, waiting...
demo.pcm not found, waiting...
demo.pcm not found, waiting...
demo.pcm not found, waiting...
demo.pcm not found, waiting...
demo.pcm not found, waiting...
demo.pcm not found, waiting...
demo.pcm not found, waiting...
demo.pcm not found, waiting...
demo.pcm not found, waiting...
demo.pcm not found, waiting...
demo.pcm not found, waiting...
demo.pcm not found, waiting...
demo.pcm not found, waiting...
demo.pcm not found, waiting...
demo.pcm not found, waiting...
demo.pcm not found, waiting...
demo.pcm not found, waiting...
demo.pcm not found, waiting...
demo.pcm not found, waiting...
demo.pcm not found, waiting...
demo.pcm not found, waiting...
demo.pcm not found, waiting...
demo.pcm not found, waiting...
demo.pcm not found, waiting...
demo.pcm not found, waiting...
demo.pcm not found, waiting...
demo.pcm not found, waiting...
demo.pcm not found, waiting...
demo.pcm not found, waiting...
demo.pcm not found, waiting...
demo.pcm not found, waiting...
demo.pcm not found, waiting...
demo.pcm not found, waiting...
demo.pcm not found, waiting...
demo.pcm not found, waiting...
demo.pcm not found, waiting...
demo.pcm not found, waiting...
demo.pcm not found, waiting...
demo.pcm not found, waiting...
demo.pcm not found, waiting...
demo.pcm not found, waiting...
demo.pcm not found, waiting...
demo.pcm not found, waiting...
demo.pcm not found, waiting...
demo.pcm not found, waiting...
demo.pcm not found, waiting...
demo.pcm not found, waiting...
demo.pcm not found, waiting...
demo.pcm not found, waiting...
demo.pcm not found, waiting...
demo.pcm not found, waiting...
demo.pcm not found, waiting...
demo.pcm not found, waiting...
demo.pcm not found, waiting...
demo.pcm not found, waiting...
demo.pcm not found, waiting...
demo.pcm not found, waiting...
demo.pcm not found, waiting...
demo.pcm not found, waiting...
demo.pcm not found, waiting...
demo.pcm not found, waiting...
demo.pcm not found, waiting...
demo.pcm not found, waiting...
demo.pcm not found, waiting...
demo.pcm not found, waiting...
demo.pcm not found, waiting...
demo.pcm not found, waiting...
demo.pcm not found, waiting...
demo.pcm not found, waiting...
demo.pcm not found, waiting...
demo.pcm not found, waiting...
demo.pcm not found, waiting...
demo.pcm not found, waiting...
demo.pcm not found, waiting...
demo.pcm not found, waiting...
demo.pcm not found, waiting...
demo.pcm not found, waiting...
demo.pcm not found, waiting...
demo.pcm not found, waiting...
demo.pcm not found, waiting...
demo.pcm not found, waiting...
demo.pcm not found, waiting...
demo.pcm not found, waiting...
demo.pcm not found, waiting...
demo.pcm not found, waiting...
demo.pcm not found, waiting...
demo.pcm not found, waiting...
demo.pcm not found, waiting...
demo.pcm not found, waiting...
demo.pcm not found, waiting...
demo.pcm not found, waiting...
demo.pcm not found, waiting...
demo.pcm not found, waiting...
demo.pcm not found, waiting...
demo.pcm not found, waiting...
demo.pcm not found, waiting...
demo.pcm not found, waiting...
demo.pcm not found, waiting...
demo.pcm not found, waiting...
demo.pcm not found, waiting...
demo.pcm not found, waiting...
demo.pcm not found, waiting...
demo.pcm not found, waiting...
demo.pcm not found, waiting...
demo.pcm not found, waiting...
demo.pcm not found, waiting...
demo.pcm not found, waiting...
demo.pcm not found, waiting...
demo.pcm not found, waiting...
demo.pcm not found, waiting...
demo.pcm not found, waiting...
demo.pcm not found, waiting...
demo.pcm not found, waiting...
demo.pcm not found, waiting...
demo.pcm not found, waiting...
demo.pcm not found, waiting...
demo.pcm not found, waiting...
demo.pcm not found, waiting...
demo.pcm not found, waiting...
demo.pcm not found, waiting...
demo.pcm not found, waiting...
demo.pcm not found, waiting...
demo.pcm not found, waiting...
demo.pcm not found, waiting...
demo.pcm not found, waiting...
demo.pcm not found, waiting...
demo.pcm not found, waiting...
demo.pcm not found, waiting...
demo.pcm not found, waiting...
demo.pcm not found, waiting...
demo.pcm not found, waiting...
demo.pcm not found, waiting...
demo.pcm not found, waiting...
demo.pcm not found, waiting...
demo.pcm not found, waiting...
demo.pcm not found, waiting...
demo.pcm not found, waiting...
demo.pcm not found, waiting...
demo.pcm not found, waiting...
demo.pcm not found, waiting...
demo.pcm not found, waiting...
demo.pcm not found, waiting...
demo.pcm not found, waiting...
demo.pcm not found, waiting...
demo.pcm not found, waiting...
demo.pcm not found, waiting...
demo.pcm not found, waiting...
demo.pcm not found, waiting...
demo.pcm not found, waiting...
demo.pcm not found, waiting...
demo.pcm not found, waiting...
demo.pcm not found, waiting...
demo.pcm not found, waiting...
demo.pcm not found, waiting...
demo.pcm not found, waiting...
demo.pcm not found, waiting...
demo.pcm not found, waiting...
demo.pcm not found, waiting...
demo.pcm not found, waiting...
demo.pcm not found, waiting...
demo.pcm not found, waiting...
demo.pcm not found, waiting...
demo.pcm not found, waiting...
demo.pcm not found, waiting...
demo.pcm not found, waiting...
demo.pcm not found, waiting...
demo.pcm not found, waiting...
demo.pcm not found, waiting...
demo.pcm not found, waiting...
demo.pcm not found, waiting...
demo.pcm not found, waiting...
demo.pcm not found, waiting...
demo.pcm not found, waiting...
demo.pcm not found, waiting...
demo.pcm not found, waiting...
demo.pcm not found, waiting...
demo.pcm not found, waiting...
demo.pcm not found, waiting...
demo.pcm not found, waiting...
demo.pcm not found, waiting...
demo.pcm not found, waiting...
demo.pcm not found, waiting...
demo.pcm not found, waiting...
demo.pcm not found, waiting...
demo.pcm not found, waiting...
demo.pcm not found, waiting...
demo.pcm not found, waiting...
demo.pcm not found, waiting...
demo.pcm not found, waiting...
demo.pcm not found, waiting...
demo.pcm not found, waiting...
demo.pcm not found, waiting...
demo.pcm not found, waiting...
demo.pcm not found, waiting...
demo.pcm not found, waiting...
demo.pcm not found, waiting...
demo.pcm not found, waiting...
demo.pcm not found, waiting...
demo.pcm not found, waiting...
demo.pcm not found, waiting...
demo.pcm not found, waiting...
demo.pcm not found, waiting...
demo.pcm not found, waiting...
demo.pcm not found, waiting...
demo.pcm not found, waiting...
demo.pcm not found, waiting...
demo.pcm not found, waiting...
demo.pcm not found, waiting...
demo.pcm not found, waiting...
demo.pcm not found, waiting...
demo.pcm not found, waiting...
demo.pcm not found, waiting...
demo.pcm not found, waiting...
demo.pcm not found, waiting...
demo.pcm not found, waiting...
demo.pcm not found, waiting...
demo.pcm not found, waiting...
demo.pcm not found, waiting...
demo.pcm not found, waiting...
demo.pcm not found, waiting...
demo.pcm not found, waiting...
demo.pcm not found, waiting...
demo.pcm not found, waiting...
demo.pcm not found, waiting...
demo.pcm not found, waiting...
demo.pcm not found, waiting...
demo.pcm not found, waiting...
demo.pcm not found, waiting...
demo.pcm not found, waiting...
demo.pcm not found, waiting...
demo.pcm not found, waiting...
demo.pcm not found, waiting...
demo.pcm not found, waiting...
demo.pcm not found, waiting...
demo.pcm not found, waiting...
demo.pcm not found, waiting...
demo.pcm not found, waiting...
demo.pcm not found, waiting...
demo.pcm not found, waiting...
demo.pcm not found, waiting...
demo.pcm not found, waiting...
demo.pcm not found, waiting...
demo.pcm not found, waiting...
demo.pcm not found, waiting...
demo.pcm not found, waiting...
demo.pcm not found, waiting...
demo.pcm not found, waiting...
demo.pcm not found, waiting...
demo.pcm not found, waiting...
demo.pcm not found, waiting...
demo.pcm not found, waiting...
demo.pcm not found, waiting...
demo.pcm not found, waiting...
demo.pcm not found, waiting...
demo.pcm not found, waiting...
demo.pcm not found, waiting...
demo.pcm not found, waiting...
demo.pcm not found, waiting...
demo.pcm not found, waiting...
demo.pcm not found, waiting...
demo.pcm not found, waiting...
demo.pcm not found, waiting...
demo.pcm not found, waiting...
demo.pcm not found, waiting...
demo.pcm not found, waiting...
demo.pcm not found, waiting...
demo.pcm not found, waiting...
demo.pcm not found, waiting...
demo.pcm not found, waiting...
demo.pcm not found, waiting...
demo.pcm not found, waiting...
demo.pcm not found, waiting...
demo.pcm not found, waiting...
demo.pcm not found, waiting...
demo.pcm not found, waiting...
demo.pcm not found, waiting...
demo.pcm not found, waiting...
demo.pcm not found, waiting...
demo.pcm not found, waiting...
demo.pcm not found, waiting...
demo.pcm not found, waiting...
demo.pcm not found, waiting...
demo.pcm not found, waiting...
demo.pcm not found, waiting...
demo.pcm not found, waiting...
demo.pcm not found, waiting...
demo.pcm not found, waiting...
demo.pcm not found, waiting...
demo.pcm not found, waiting...
demo.pcm not found, waiting...
demo.pcm not found, waiting...
demo.pcm not found, waiting...
demo.pcm not found, waiting...
demo.pcm not found, waiting...
demo.pcm not found, waiting...
demo.pcm not found, waiting...
demo.pcm not found, waiting...
demo.pcm not found, waiting...
demo.pcm not found, waiting...
demo.pcm not found, waiting...
demo.pcm not found, waiting...
demo.pcm not found, waiting...
demo.pcm not found, waiting...
demo.pcm not found, waiting...
demo.pcm not found, waiting...
demo.pcm not found, waiting...
demo.pcm not found, waiting...
demo.pcm not found, waiting...
demo.pcm not found, waiting...
demo.pcm not found, waiting...
demo.pcm not found, waiting...
demo.pcm not found, waiting...
demo.pcm not found, waiting...
demo.pcm not found, waiting...
demo.pcm not found, waiting...
demo.pcm not found, waiting...
demo.pcm not found, waiting...
demo.pcm not found, waiting...
demo.pcm not found, waiting...
demo.pcm not found, waiting...
demo.pcm not found, waiting...
demo.pcm not found, waiting...
demo.pcm not found, waiting...
demo.pcm not found, waiting...
demo.pcm not found, waiting...
demo.pcm not found, waiting...
demo.pcm not found, waiting...
demo.pcm not found, waiting...
demo.pcm not found, waiting...
demo.pcm not found, waiting...
demo.pcm not found, waiting...
demo.pcm not found, waiting...
demo.pcm not found, waiting...
demo.pcm not found, waiting...
demo.pcm not found, waiting...
demo.pcm not found, waiting...
demo.pcm not found, waiting...
demo.pcm not found, waiting...
demo.pcm not found, waiting...
demo.pcm not found, waiting...
demo.pcm not found, waiting...
demo.pcm not found, waiting...
demo.pcm not found, waiting...
demo.pcm not found, waiting...
demo.pcm not found, waiting...
demo.pcm not found, waiting...
demo.pcm not found, waiting...
demo.pcm not found, waiting...
demo.pcm not found, waiting...
demo.pcm not found, waiting...
demo.pcm not found, waiting...
demo.pcm not found, waiting...
demo.pcm not found, waiting...
demo.pcm not found, waiting...
demo.pcm not found, waiting...
demo.pcm not found, waiting...
demo.pcm not found, waiting...
demo.pcm not found, waiting...
demo.pcm not found, waiting...
demo.pcm not found, waiting...
demo.pcm not found, waiting...
demo.pcm not found, waiting...
demo.pcm not found, waiting...
demo.pcm not found, waiting...
demo.pcm not found, waiting...
demo.pcm not found, waiting...
demo.pcm not found, waiting...
demo.pcm not found, waiting...
demo.pcm not found, waiting...
demo.pcm not found, waiting...
demo.pcm not found, waiting...
demo.pcm not found, waiting...
demo.pcm not found, waiting...
demo.pcm not found, waiting...
demo.pcm not found, waiting...
demo.pcm not found, waiting...
demo.pcm not found, waiting...
demo.pcm not found, waiting...
demo.pcm not found, waiting...
demo.pcm not found, waiting...
demo.pcm not found, waiting...
demo.pcm not found, waiting...
demo.pcm not found, waiting...
demo.pcm not found, waiting...
demo.pcm not found, waiting...
demo.pcm not found, waiting...
demo.pcm not found, waiting...
demo.pcm not found, waiting...
demo.pcm not found, waiting...
demo.pcm not found, waiting...
demo.pcm not found, waiting...
demo.pcm not found, waiting...
demo.pcm not found, waiting...
demo.pcm not found, waiting...
demo.pcm not found, waiting...
demo.pcm not found, waiting...
demo.pcm not found, waiting...
demo.pcm not found, waiting...
demo.pcm not found, waiting...
demo.pcm not found, waiting...
demo.pcm not found, waiting...
demo.pcm not found, waiting...
demo.pcm not found, waiting...
demo.pcm not found, waiting...
demo.pcm not found, waiting...
demo.pcm not found, waiting...
demo.pcm not found, waiting...
demo.pcm not found, waiting...
demo.pcm not found, waiting...
demo.pcm not found, waiting...
demo.pcm not found, waiting...
demo.pcm not found, waiting...
demo.pcm not found, waiting...
demo.pcm not found, waiting...
demo.pcm not found, waiting...
demo.pcm not found, waiting...
demo.pcm not found, waiting...
demo.pcm not found, waiting...
demo.pcm not found, waiting...
demo.pcm not found, waiting...
demo.pcm not found, waiting...
demo.pcm not found, waiting...
demo.pcm not found, waiting...
demo.pcm not found, waiting...
demo.pcm not found, waiting...
demo.pcm not found, waiting...
demo.pcm not found, waiting...
demo.pcm not found, waiting...
demo.pcm not found, waiting...
demo.pcm not found, waiting...
demo.pcm not found, waiting...
demo.pcm not found, waiting...
demo.pcm not found, waiting...
demo.pcm not found, waiting...
demo.pcm not found, waiting...
demo.pcm not found, waiting...
demo.pcm not found, waiting...
demo.pcm not found, waiting...
demo.pcm not found, waiting...
demo.pcm not found, waiting...
demo.pcm not found, waiting...
demo.pcm not found, waiting...
demo.pcm not found, waiting...
demo.pcm not found, waiting...
demo.pcm not found, waiting...
demo.pcm not found, waiting...
demo.pcm not found, waiting...
demo.pcm not found, waiting...
demo.pcm not found, waiting...
demo.pcm not found, waiting...
demo.pcm not found, waiting...
demo.pcm not found, waiting...
demo.pcm not found, waiting...
demo.pcm not found, waiting...
demo.pcm not found, waiting...
demo.pcm not found, waiting...
demo.pcm not found, waiting...
demo.pcm not found, waiting...
demo.pcm not found, waiting...
demo.pcm not found, waiting...
demo.pcm not found, waiting...
demo.pcm not found, waiting...
demo.pcm not found, waiting...
demo.pcm not found, waiting...
demo.pcm not found, waiting...
demo.pcm not found, waiting...
demo.pcm not found, waiting...
demo.pcm not found, waiting...
demo.pcm not found, waiting...
demo.pcm not found, waiting...
demo.pcm not found, waiting...
demo.pcm not found, waiting...
demo.pcm not found, waiting...
demo.pcm not found, waiting...
demo.pcm not found, waiting...
demo.pcm not found, waiting...
demo.pcm not found, waiting...
demo.pcm not found, waiting...
demo.pcm not found, waiting...
demo.pcm not found, waiting...
demo.pcm not found, waiting...
demo.pcm not found, waiting...
demo.pcm not found, waiting...
demo.pcm not found, waiting...
demo.pcm not found, waiting...
demo.pcm not found, waiting...
demo.pcm not found, waiting...
demo.pcm not found, waiting...
demo.pcm not found, waiting...
demo.pcm not found, waiting...
demo.pcm not found, waiting...
demo.pcm not found, waiting...
demo.pcm not found, waiting...
demo.pcm not found, waiting...
demo.pcm not found, waiting...
demo.pcm not found, waiting...
demo.pcm not found, waiting...
demo.pcm not found, waiting...
demo.pcm not found, waiting...
demo.pcm not found, waiting...
demo.pcm not found, waiting...
demo.pcm not found, waiting...
demo.pcm not found, waiting...
demo.pcm not found, waiting...
demo.pcm not found, waiting...
demo.pcm not found, waiting...
demo.pcm not found, waiting...
demo.pcm not found, waiting...
demo.pcm not found, waiting...
demo.pcm not found, waiting...
demo.pcm not found, waiting...
demo.pcm not found, waiting...
demo.pcm not found, waiting...
demo.pcm not found, waiting...
demo.pcm not found, waiting...
demo.pcm not found, waiting...
demo.pcm not found, waiting...
demo.pcm not found, waiting...
demo.pcm not found, waiting...
demo.pcm not found, waiting...
demo.pcm not found, waiting...
demo.pcm not found, waiting...
demo.pcm not found, waiting...
demo.pcm not found, waiting...
demo.pcm not found, waiting...
demo.pcm not found, waiting...
demo.pcm not found, waiting...
demo.pcm not found, waiting...
demo.pcm not found, waiting...
demo.pcm not found, waiting...
demo.pcm not found, waiting...
demo.pcm not found, waiting...
demo.pcm not found, waiting...
demo.pcm not found, waiting...
demo.pcm not found, waiting...
demo.pcm not found, waiting...
demo.pcm not found, waiting...
demo.pcm not found, waiting...
demo.pcm not found, waiting...
demo.pcm not found, waiting...
demo.pcm not found, waiting...
demo.pcm not found, waiting...
demo.pcm not found, waiting...
demo.pcm not found, waiting...
demo.pcm not found, waiting...
demo.pcm not found, waiting...
demo.pcm not found, waiting...
demo.pcm not found, waiting...
demo.pcm not found, waiting...
demo.pcm not found, waiting...
demo.pcm not found, waiting...
demo.pcm not found, waiting...
demo.pcm not found, waiting...
demo.pcm not found, waiting...
demo.pcm not found, waiting...
demo.pcm not found, waiting...
demo.pcm not found, waiting...
demo.pcm not found, waiting...
demo.pcm not found, waiting...
demo.pcm not found, waiting...
demo.pcm not found, waiting...
demo.pcm not found, waiting...
demo.pcm not found, waiting...
demo.pcm not found, waiting...
demo.pcm not found, waiting...
demo.pcm not found, waiting...
demo.pcm not found, waiting...
demo.pcm not found, waiting...
demo.pcm not found, waiting...
demo.pcm not found, waiting...
demo.pcm not found, waiting...
demo.pcm not found, waiting...
demo.pcm not found, waiting...
demo.pcm not found, waiting...
demo.pcm not found, waiting...
demo.pcm not found, waiting...
demo.pcm not found, waiting...
demo.pcm not found, waiting...
demo.pcm not found, waiting...
demo.pcm not found, waiting...
demo.pcm not found, waiting...
demo.pcm not found, waiting...
demo.pcm not found, waiting...
demo.pcm not found, waiting...
demo.pcm not found, waiting...
demo.pcm not found, waiting...
demo.pcm not found, waiting...
demo.pcm not found, waiting...
demo.pcm not found, waiting...
demo.pcm not found, waiting...
demo.pcm not found, waiting...
demo.pcm not found, waiting...
demo.pcm not found, waiting...
demo.pcm not found, waiting...
demo.pcm not found, waiting...
demo.pcm not found, waiting...
demo.pcm not found, waiting...
demo.pcm not found, waiting...
demo.pcm not found, waiting...
demo.pcm not found, waiting...
demo.pcm not found, waiting...
demo.pcm not found, waiting...
demo.pcm not found, waiting...
demo.pcm not found, waiting...
demo.pcm not found, waiting...
demo.pcm not found, waiting...
demo.pcm not found, waiting...
demo.pcm not found, waiting...
demo.pcm not found, waiting...
demo.pcm not found, waiting...
demo.pcm not found, waiting...
demo.pcm not found, waiting...
demo.pcm not found, waiting...
demo.pcm not found, waiting...
demo.pcm not found, waiting...
demo.pcm not found, waiting...
demo.pcm not found, waiting...
demo.pcm not found, waiting...
demo.pcm not found, waiting...
demo.pcm not found, waiting...
demo.pcm not found, waiting...
demo.pcm not found, waiting...
demo.pcm not found, waiting...
demo.pcm not found, waiting...
demo.pcm not found, waiting...
demo.pcm not found, waiting...
demo.pcm not found, waiting...
demo.pcm not found, waiting...
demo.pcm not found, waiting...
demo.pcm not found, waiting...
demo.pcm not found, waiting...
demo.pcm not found, waiting...
demo.pcm not found, waiting...
demo.pcm not found, waiting...
demo.pcm not found, waiting...
demo.pcm not found, waiting...
demo.pcm not found, waiting...
demo.pcm not found, waiting...
demo.pcm not found, waiting...
demo.pcm not found, waiting...
demo.pcm not found, waiting...
demo.pcm not found, waiting...
demo.pcm not found, waiting...
demo.pcm not found, waiting...
demo.pcm not found, waiting...
demo.pcm not found, waiting...
demo.pcm not found, waiting...
demo.pcm not found, waiting...
demo.pcm not found, waiting...
demo.pcm not found, waiting...
demo.pcm not found, waiting...
demo.pcm not found, waiting...
demo.pcm not found, waiting...
demo.pcm not found, waiting...
demo.pcm not found, waiting...
demo.pcm not found, waiting...
demo.pcm not found, waiting...
demo.pcm not found, waiting...
demo.pcm not found, waiting...
demo.pcm not found, waiting...
demo.pcm not found, waiting...
demo.pcm not found, waiting...
demo.pcm not found, waiting...
demo.pcm not found, waiting...
demo.pcm not found, waiting...
demo.pcm not found, waiting...
demo.pcm not found, waiting...
demo.pcm not found, waiting...
demo.pcm not found, waiting...
demo.pcm not found, waiting...
demo.pcm not found, waiting...
demo.pcm not found, waiting...
demo.pcm not found, waiting...
demo.pcm not found, waiting...
demo.pcm not found, waiting...
demo.pcm not found, waiting...
demo.pcm not found, waiting...
demo.pcm not found, waiting...
demo.pcm not found, waiting...
demo.pcm not found, waiting...
demo.pcm not found, waiting...
demo.pcm not found, waiting...
demo.pcm not found, waiting...
demo.pcm not found, waiting...
demo.pcm not found, waiting...
demo.pcm not found, waiting...
demo.pcm not found, waiting...
demo.pcm not found, waiting...
demo.pcm not found, waiting...
demo.pcm not found, waiting...
demo.pcm not found, waiting...
demo.pcm not found, waiting...
demo.pcm not found, waiting...
demo.pcm not found, waiting...
demo.pcm not found, waiting...
demo.pcm not found, waiting...
demo.pcm not found, waiting...
demo.pcm not found, waiting...
demo.pcm not found, waiting...
demo.pcm not found, waiting...
demo.pcm not found, waiting...
demo.pcm not found, waiting...
demo.pcm not found, waiting...
demo.pcm not found, waiting...
demo.pcm not found, waiting...
demo.pcm not found, waiting...
demo.pcm not found, waiting...
demo.pcm not found, waiting...
demo.pcm not found, waiting...
demo.pcm not found, waiting...
demo.pcm not found, waiting...
demo.pcm not found, waiting...
demo.pcm not found, waiting...
demo.pcm not found, waiting...
demo.pcm not found, waiting...
demo.pcm not found, waiting...
demo.pcm not found, waiting...
demo.pcm not found, waiting...
demo.pcm not found, waiting...
demo.pcm not found, waiting...
demo.pcm not found, waiting...
demo.pcm not found, waiting...
demo.pcm not found, waiting...
demo.pcm not found, waiting...
demo.pcm not found, waiting...
demo.pcm not found, waiting...
demo.pcm not found, waiting...
demo.pcm not found, waiting...
demo.pcm not found, waiting...
demo.pcm not found, waiting...
demo.pcm not found, waiting...
demo.pcm not found, waiting...
demo.pcm not found, waiting...
demo.pcm not found, waiting...
demo.pcm not found, waiting...
demo.pcm not found, waiting...
demo.pcm not found, waiting...
demo.pcm not found, waiting...
demo.pcm not found, waiting...
demo.pcm not found, waiting...
demo.pcm not found, waiting...
demo.pcm not found, waiting...
demo.pcm not found, waiting...
demo.pcm not found, waiting...
demo.pcm not found, waiting...
demo.pcm not found, waiting...
demo.pcm not found, waiting...
demo.pcm not found, waiting...
demo.pcm not found, waiting...
demo.pcm not found, waiting...
demo.pcm not found, waiting...
demo.pcm not found, waiting...
demo.pcm not found, waiting...
demo.pcm not found, waiting...
demo.pcm not found, waiting...
demo.pcm not found, waiting...
demo.pcm not found, waiting...
demo.pcm not found, waiting...
demo.pcm not found, waiting...
demo.pcm not found, waiting...
demo.pcm not found, waiting...
demo.pcm not found, waiting...
demo.pcm not found, waiting...
demo.pcm not found, waiting...
demo.pcm not found, waiting...
demo.pcm not found, waiting...
demo.pcm not found, waiting...
demo.pcm not found, waiting...
demo.pcm not found, waiting...
demo.pcm not found, waiting...
demo.pcm not found, waiting...
demo.pcm not found, waiting...
demo.pcm not found, waiting...
demo.pcm not found, waiting...
demo.pcm not found, waiting...
demo.pcm not found, waiting...
demo.pcm not found, waiting...
demo.pcm not found, waiting...
demo.pcm not found, waiting...
demo.pcm not found, waiting...
demo.pcm not found, waiting...
demo.pcm not found, waiting...
demo.pcm not found, waiting...
demo.pcm not found, waiting...
demo.pcm not found, waiting...
demo.pcm not found, waiting...
demo.pcm not found, waiting...
demo.pcm not found, waiting...
demo.pcm not found, waiting...
demo.pcm not found, waiting...
demo.pcm not found, waiting...
demo.pcm not found, waiting...
demo.pcm not found, waiting...
demo.pcm not found, waiting...
demo.pcm not found, waiting...
demo.pcm not found, waiting...
demo.pcm not found, waiting...
demo.pcm not found, waiting...
demo.pcm not found, waiting...
demo.pcm not found, waiting...
demo.pcm not found, waiting...
demo.pcm not found, waiting...
demo.pcm not found, waiting...
demo.pcm not found, waiting...
demo.pcm not found, waiting...
demo.pcm not found, waiting...
demo.pcm not found, waiting...
demo.pcm not found, waiting...
demo.pcm not found, waiting...
demo.pcm not found, waiting...
demo.pcm not found, waiting...
demo.pcm not found, waiting...
demo.pcm not found, waiting...
demo.pcm not found, waiting...
demo.pcm not found, waiting...
demo.pcm not found, waiting...
demo.pcm not found, waiting...
demo.pcm not found, waiting...
demo.pcm not found, waiting...
demo.pcm not found, waiting...
demo.pcm not found, waiting...
demo.pcm not found, waiting...
demo.pcm not found, waiting...
demo.pcm not found, waiting...
demo.pcm not found, waiting...
demo.pcm not found, waiting...
demo.pcm not found, waiting...
demo.pcm not found, waiting...
demo.pcm not found, waiting...
demo.pcm not found, waiting...
demo.pcm not found, waiting...
demo.pcm not found, waiting...
demo.pcm not found, waiting...
demo.pcm not found, waiting...
demo.pcm not found, waiting...
demo.pcm not found, waiting...
demo.pcm not found, waiting...
demo.pcm not found, waiting...
demo.pcm not found, waiting...
demo.pcm not found, waiting...
demo.pcm not found, waiting...
demo.pcm not found, waiting...
demo.pcm not found, waiting...
demo.pcm not found, waiting...
demo.pcm not found, waiting...
demo.pcm not found, waiting...
demo.pcm not found, waiting...
demo.pcm not found, waiting...
demo.pcm not found, waiting...
demo.pcm not found, waiting...
demo.pcm not found, waiting...
demo.pcm not found, waiting...
demo.pcm not found, waiting...
demo.pcm not found, waiting...
demo.pcm not found, waiting...
demo.pcm not found, waiting...
demo.pcm not found, waiting...
demo.pcm not found, waiting...
demo.pcm not found, waiting...
demo.pcm not found, waiting...
demo.pcm not found, waiting...
demo.pcm not found, waiting...
demo.pcm not found, waiting...
demo.pcm not found, waiting...
demo.pcm not found, waiting...
demo.pcm not found, waiting...
demo.pcm not found, waiting...
demo.pcm not found, waiting...
demo.pcm not found, waiting...
demo.pcm not found, waiting...
demo.pcm not found, waiting...
demo.pcm not found, waiting...
demo.pcm not found, waiting...
demo.pcm not found, waiting...
demo.pcm not found, waiting...
demo.pcm not found, waiting...
demo.pcm not found, waiting...
demo.pcm not found, waiting...
demo.pcm not found, waiting...
demo.pcm not found, waiting...
demo.pcm not found, waiting...
demo.pcm not found, waiting...
demo.pcm not found, waiting...
demo.pcm not found, waiting...
demo.pcm not found, waiting...
demo.pcm not found, waiting...
demo.pcm not found, waiting...
demo.pcm not found, waiting...
demo.pcm not found, waiting...
demo.pcm not found, waiting...
demo.pcm not found, waiting...
demo.pcm not found, waiting...
demo.pcm not found, waiting...
demo.pcm not found, waiting...
demo.pcm not found, waiting...
demo.pcm not found, waiting...
demo.pcm not found, waiting...
demo.pcm not found, waiting...
demo.pcm not found, waiting...
demo.pcm not found, waiting...
demo.pcm not found, waiting...
demo.pcm not found, waiting...
demo.pcm not found, waiting...
demo.pcm not found, waiting...
demo.pcm not found, waiting...
demo.pcm not found, waiting...
demo.pcm not found, waiting...
demo.pcm not found, waiting...
demo.pcm not found, waiting...
demo.pcm not found, waiting...
demo.pcm not found, waiting...
demo.pcm not found, waiting...
demo.pcm not found, waiting...
demo.pcm not found, waiting...
demo.pcm not found, waiting...
demo.pcm not found, waiting...
demo.pcm not found, waiting...
demo.pcm not found, waiting...
demo.pcm not found, waiting...
demo.pcm not found, waiting...
demo.pcm not found, waiting...
demo.pcm not found, waiting...
demo.pcm not found, waiting...
demo.pcm not found, waiting...
demo.pcm not found, waiting...
demo.pcm not found, waiting...
demo.pcm not found, waiting...
demo.pcm not found, waiting...
demo.pcm not found, waiting...
demo.pcm not found, waiting...
demo.pcm not found, waiting...
demo.pcm not found, waiting...
demo.pcm not found, waiting...
demo.pcm not found, waiting...
demo.pcm not found, waiting...
demo.pcm not found, waiting...
demo.pcm not found, waiting...
demo.pcm not found, waiting...
demo.pcm not found, waiting...
demo.pcm not found, waiting...
demo.pcm not found, waiting...
demo.pcm not found, waiting...
demo.pcm not found, waiting...
demo.pcm not found, waiting...
demo.pcm not found, waiting...
demo.pcm not found, waiting...
demo.pcm not found, waiting...
demo.pcm not found, waiting...
demo.pcm not found, waiting...
demo.pcm not found, waiting...
demo.pcm not found, waiting...
demo.pcm not found, waiting...
demo.pcm not found, waiting...
demo.pcm not found, waiting...
demo.pcm not found, waiting...
demo.pcm not found, waiting...
demo.pcm not found, waiting...
demo.pcm not found, waiting...
demo.pcm not found, waiting...
demo.pcm not found, waiting...
demo.pcm not found, waiting...
demo.pcm not found, waiting...
demo.pcm not found, waiting...
demo.pcm not found, waiting...
demo.pcm not found, waiting...
demo.pcm not found, waiting...
demo.pcm not found, waiting...
demo.pcm not found, waiting...
demo.pcm not found, waiting...
demo.pcm not found, waiting...
demo.pcm not found, waiting...
demo.pcm not found, waiting...
demo.pcm not found, waiting...
demo.pcm not found, waiting...
demo.pcm not found, waiting...
demo.pcm not found, waiting...
demo.pcm not found, waiting...
demo.pcm not found, waiting...
demo.pcm not found, waiting...
demo.pcm not found, waiting...
demo.pcm not found, waiting...
demo.pcm not found, waiting...
demo.pcm not found, waiting...
demo.pcm not found, waiting...
demo.pcm not found, waiting...
demo.pcm not found, waiting...
demo.pcm not found, waiting...
demo.pcm not found, waiting...
demo.pcm not found, waiting...
demo.pcm not found, waiting...
demo.pcm not found, waiting...
demo.pcm not found, waiting...
demo.pcm not found, waiting...
demo.pcm not found, waiting...
demo.pcm not found, waiting...
demo.pcm not found, waiting...
demo.pcm not found, waiting...
demo.pcm not found, waiting...
demo.pcm not found, waiting...
demo.pcm not found, waiting...
demo.pcm not found, waiting...
demo.pcm not found, waiting...
demo.pcm not found, waiting...
demo.pcm not found, waiting...
demo.pcm not found, waiting...
demo.pcm not found, waiting...
demo.pcm not found, waiting...
demo.pcm not found, waiting...
demo.pcm not found, waiting...
demo.pcm not found, waiting...
demo.pcm not found, waiting...
demo.pcm not found, waiting...
demo.pcm not found, waiting...
demo.pcm not found, waiting...
demo.pcm not found, waiting...
demo.pcm not found, waiting...
demo.pcm not found, waiting...
demo.pcm not found, waiting...
demo.pcm not found, waiting...
demo.pcm not found, waiting...
demo.pcm not found, waiting...
demo.pcm not found, waiting...
demo.pcm not found, waiting...
demo.pcm not found, waiting...
demo.pcm not found, waiting...
demo.pcm not found, waiting...
demo.pcm not found, waiting...
demo.pcm not found, waiting...
demo.pcm not found, waiting...
demo.pcm not found, waiting...
demo.pcm not found, waiting...
demo.pcm not found, waiting...
demo.pcm not found, waiting...
demo.pcm not found, waiting...
demo.pcm not found, waiting...
demo.pcm not found, waiting...
demo.pcm not found, waiting...
demo.pcm not found, waiting...
demo.pcm not found, waiting...
demo.pcm not found, waiting...
demo.pcm not found, waiting...
demo.pcm not found, waiting...
demo.pcm not found, waiting...
demo.pcm not found, waiting...
demo.pcm not found, waiting...
demo.pcm not found, waiting...
demo.pcm not found, waiting...
demo.pcm not found, waiting...
demo.pcm not found, waiting...
demo.pcm not found, waiting...
demo.pcm not found, waiting...
demo.pcm not found, waiting...
demo.pcm not found, waiting...
demo.pcm not found, waiting...
demo.pcm not found, waiting...
demo.pcm not found, waiting...
demo.pcm not found, waiting...
demo.pcm not found, waiting...
demo.pcm not found, waiting...
demo.pcm not found, waiting...
demo.pcm not found, waiting...
demo.pcm not found, waiting...
demo.pcm not found, waiting...
demo.pcm not found, waiting...
demo.pcm not found, waiting...
demo.pcm not found, waiting...
demo.pcm not found, waiting...
demo.pcm not found, waiting...
demo.pcm not found, waiting...
demo.pcm not found, waiting...
demo.pcm not found, waiting...
demo.pcm not found, waiting...
demo.pcm not found, waiting...
demo.pcm not found, waiting...
demo.pcm not found, waiting...
demo.pcm not found, waiting...
demo.pcm not found, waiting...
demo.pcm not found, waiting...
demo.pcm not found, waiting...
demo.pcm not found, waiting...
demo.pcm not found, waiting...
demo.pcm not found, waiting...
demo.pcm not found, waiting...
demo.pcm not found, waiting...
demo.pcm not found, waiting...
demo.pcm not found, waiting...
demo.pcm not found, waiting...
demo.pcm not found, waiting...
demo.pcm not found, waiting...
demo.pcm not found, waiting...
demo.pcm not found, waiting...
demo.pcm not found, waiting...
demo.pcm not found, waiting...
demo.pcm not found, waiting...
demo.pcm not found, waiting...
demo.pcm not found, waiting...
demo.pcm not found, waiting...
demo.pcm not found, waiting...
demo.pcm not found, waiting...
demo.pcm not found, waiting...
demo.pcm not found, waiting...
demo.pcm not found, waiting...
demo.pcm not found, waiting...
demo.pcm not found, waiting...
demo.pcm not found, waiting...
demo.pcm not found, waiting...
demo.pcm not found, waiting...
demo.pcm not found, waiting...
demo.pcm not found, waiting...
demo.pcm not found, waiting...
demo.pcm not found, waiting...
demo.pcm not found, waiting...
demo.pcm not found, waiting...
demo.pcm not found, waiting...
demo.pcm not found, waiting...
demo.pcm not found, waiting...
demo.pcm not found, waiting...
demo.pcm not found, waiting...
demo.pcm not found, waiting...
demo.pcm not found, waiting...
demo.pcm not found, waiting...
demo.pcm not found, waiting...
demo.pcm not found, waiting...
demo.pcm not found, waiting...
demo.pcm not found, waiting...
demo.pcm not found, waiting...
demo.pcm not found, waiting...
demo.pcm not found, waiting...
demo.pcm not found, waiting...
demo.pcm not found, waiting...
demo.pcm not found, waiting...
demo.pcm not found, waiting...
demo.pcm not found, waiting...
demo.pcm not found, waiting...
demo.pcm not found, waiting...
demo.pcm not found, waiting...
demo.pcm not found, waiting...
demo.pcm not found, waiting...
demo.pcm not found, waiting...
demo.pcm not found, waiting...
demo.pcm not found, waiting...
demo.pcm not found, waiting...
demo.pcm not found, waiting...
demo.pcm not found, waiting...
demo.pcm not found, waiting...
demo.pcm not found, waiting...
demo.pcm not found, waiting...
demo.pcm not found, waiting...
demo.pcm not found, waiting...
demo.pcm not found, waiting...
demo.pcm not found, waiting...
demo.pcm not found, waiting...
demo.pcm not found, waiting...
demo.pcm not found, waiting...
demo.pcm not found, waiting...
demo.pcm not found, waiting...
demo.pcm not found, waiting...
demo.pcm not found, waiting...
demo.pcm not found, waiting...
demo.pcm not found, waiting...
demo.pcm not found, waiting...
demo.pcm not found, waiting...
demo.pcm not found, waiting...
demo.pcm not found, waiting...
demo.pcm not found, waiting...
demo.pcm not found, waiting...
demo.pcm not found, waiting...
demo.pcm not found, waiting...
demo.pcm not found, waiting...
demo.pcm not found, waiting...
demo.pcm not found, waiting...
demo.pcm not found, waiting...
demo.pcm not found, waiting...
demo.pcm not found, waiting...
demo.pcm not found, waiting...
demo.pcm not found, waiting...
demo.pcm not found, waiting...
demo.pcm not found, waiting...
demo.pcm not found, waiting...
demo.pcm not found, waiting...
demo.pcm not found, waiting...
demo.pcm not found, waiting...
demo.pcm not found, waiting...
demo.pcm not found, waiting...
demo.pcm not found, waiting...
demo.pcm not found, waiting...
demo.pcm not found, waiting...
demo.pcm not found, waiting...
demo.pcm not found, waiting...
demo.pcm not found, waiting...
demo.pcm not found, waiting...
demo.pcm not found, waiting...
demo.pcm not found, waiting...
demo.pcm not found, waiting...
demo.pcm not found, waiting...
demo.pcm not found, waiting...
demo.pcm not found, waiting...
demo.pcm not found, waiting...
demo.pcm not found, waiting...
demo.pcm not found, waiting...
demo.pcm not found, waiting...
demo.pcm not found, waiting...
demo.pcm not found, waiting...
demo.pcm not found, waiting...
demo.pcm not found, waiting...
demo.pcm not found, waiting...
demo.pcm not found, waiting...
demo.pcm not found, waiting...
demo.pcm not found, waiting...
demo.pcm not found, waiting...
demo.pcm not found, waiting...
demo.pcm not found, waiting...
demo.pcm not found, waiting...
demo.pcm not found, waiting...
demo.pcm not found, waiting...
demo.pcm not found, waiting...
demo.pcm not found, waiting...
demo.pcm not found, waiting...
demo.pcm not found, waiting...
demo.pcm not found, waiting...
demo.pcm not found, waiting...
demo.pcm not found, waiting...
demo.pcm not found, waiting...
demo.pcm not found, waiting...
demo.pcm not found, waiting...
demo.pcm not found, waiting...
demo.pcm not found, waiting...
demo.pcm not found, waiting...
demo.pcm not found, waiting...
demo.pcm not found, waiting...
demo.pcm not found, waiting...
demo.pcm not found, waiting...
demo.pcm not found, waiting...
demo.pcm not found, waiting...
demo.pcm not found, waiting...
demo.pcm not found, waiting...
demo.pcm not found, waiting...
demo.pcm not found, waiting...
demo.pcm not found, waiting...
demo.pcm not found, waiting...
demo.pcm not found, waiting...
demo.pcm not found, waiting...
demo.pcm not found, waiting...
demo.pcm not found, waiting...
demo.pcm not found, waiting...
demo.pcm not found, waiting...
demo.pcm not found, waiting...
demo.pcm not found, waiting...
demo.pcm not found, waiting...
demo.pcm not found, waiting...
demo.pcm not found, waiting...
demo.pcm not found, waiting...
demo.pcm not found, waiting...
demo.pcm not found, waiting...
demo.pcm not found, waiting...
demo.pcm not found, waiting...
demo.pcm not found, waiting...
demo.pcm not found, waiting...
demo.pcm not found, waiting...
demo.pcm not found, waiting...
demo.pcm not found, waiting...
demo.pcm not found, waiting...
demo.pcm not found, waiting...
demo.pcm not found, waiting...
demo.pcm not found, waiting...
demo.pcm not found, waiting...
demo.pcm not found, waiting...
demo.pcm not found, waiting...
demo.pcm not found, waiting...
demo.pcm not found, waiting...
demo.pcm not found, waiting...
demo.pcm not found, waiting...
demo.pcm not found, waiting...
demo.pcm not found, waiting...
demo.pcm not found, waiting...
demo.pcm not found, waiting...
demo.pcm not found, waiting...
demo.pcm not found, waiting...
demo.pcm not found, waiting...
demo.pcm not found, waiting...
demo.pcm not found, waiting...
demo.pcm not found, waiting...
demo.pcm not found, waiting...
demo.pcm not found, waiting...
demo.pcm not found, waiting...
demo.pcm not found, waiting...
demo.pcm not found, waiting...
demo.pcm not found, waiting...
demo.pcm not found, waiting...
demo.pcm not found, waiting...
demo.pcm not found, waiting...
demo.pcm not found, waiting...
demo.pcm not found, waiting...
demo.pcm not found, waiting...
demo.pcm not found, waiting...
demo.pcm not found, waiting...
demo.pcm not found, waiting...
demo.pcm not found, waiting...
demo.pcm not found, waiting...
demo.pcm not found, waiting...
demo.pcm not found, waiting...
demo.pcm not found, waiting...
demo.pcm not found, waiting...
demo.pcm not found, waiting...
demo.pcm not found, waiting...
demo.pcm not found, waiting...
demo.pcm not found, waiting...
demo.pcm not found, waiting...
demo.pcm not found, waiting...
demo.pcm not found, waiting...
demo.pcm not found, waiting...
demo.pcm not found, waiting...
demo.pcm not found, waiting...
demo.pcm not found, waiting...
demo.pcm not found, waiting...
demo.pcm not found, waiting...
demo.pcm not found, waiting...
demo.pcm not found, waiting...
demo.pcm not found, waiting...
demo.pcm not found, waiting...
demo.pcm not found, waiting...
demo.pcm not found, waiting...
demo.pcm not found, waiting...
demo.pcm not found, waiting...
demo.pcm not found, waiting...
demo.pcm not found, waiting...
demo.pcm not found, waiting...
demo.pcm not found, waiting...
demo.pcm not found, waiting...
demo.pcm not found, waiting...
demo.pcm not found, waiting...
demo.pcm not found, waiting...
demo.pcm not found, waiting...
demo.pcm not found, waiting...
demo.pcm not found, waiting...
demo.pcm not found, waiting...
demo.pcm not found, waiting...
demo.pcm not found, waiting...
demo.pcm not found, waiting...
demo.pcm not found, waiting...
demo.pcm not found, waiting...
demo.pcm not found, waiting...
demo.pcm not found, waiting...
demo.pcm not found, waiting...
demo.pcm not found, waiting...
demo.pcm not found, waiting...
demo.pcm not found, waiting...
demo.pcm not found, waiting...
demo.pcm not found, waiting...
demo.pcm not found, waiting...
demo.pcm not found, waiting...
demo.pcm not found, waiting...
demo.pcm not found, waiting...
demo.pcm not found, waiting...
demo.pcm not found, waiting...
demo.pcm not found, waiting...
demo.pcm not found, waiting...
demo.pcm not found, waiting...
demo.pcm not found, waiting...
demo.pcm not found, waiting...
demo.pcm not found, waiting...
demo.pcm not found, waiting...
demo.pcm not found, waiting...
demo.pcm not found, waiting...
demo.pcm not found, waiting...
demo.pcm not found, waiting...
demo.pcm not found, waiting...
demo.pcm not found, waiting...
demo.pcm not found, waiting...
demo.pcm not found, waiting...
demo.pcm not found, waiting...
demo.pcm not found, waiting...
demo.pcm not found, waiting...
demo.pcm not found, waiting...
demo.pcm not found, waiting...
demo.pcm not found, waiting...
demo.pcm not found, waiting...
demo.pcm not found, waiting...
demo.pcm not found, waiting...
demo.pcm not found, waiting...
demo.pcm not found, waiting...
demo.pcm not found, waiting...
demo.pcm not found, waiting...
demo.pcm not found, waiting...
demo.pcm not found, waiting...
demo.pcm not found, waiting...
demo.pcm not found, waiting...
demo.pcm not found, waiting...
demo.pcm not found, waiting...
demo.pcm not found, waiting...
demo.pcm not found, waiting...
demo.pcm not found, waiting...
demo.pcm not found, waiting...
demo.pcm not found, waiting...
demo.pcm not found, waiting...
demo.pcm not found, waiting...
demo.pcm not found, waiting...
demo.pcm not found, waiting...
demo.pcm not found, waiting...
demo.pcm not found, waiting...
demo.pcm not found, waiting...
demo.pcm not found, waiting...
demo.pcm not found, waiting...
demo.pcm not found, waiting...
demo.pcm not found, waiting...
demo.pcm not found, waiting...
demo.pcm not found, waiting...
demo.pcm not found, waiting...
demo.pcm not found, waiting...
demo.pcm not found, waiting...
demo.pcm not found, waiting...
demo.pcm not found, waiting...
demo.pcm not found, waiting...
demo.pcm not found, waiting...
demo.pcm not found, waiting...
demo.pcm not found, waiting...
demo.pcm not found, waiting...
demo.pcm not found, waiting...
demo.pcm not found, waiting...
demo.pcm not found, waiting...
demo.pcm not found, waiting...
demo.pcm not found, waiting...
demo.pcm not found, waiting...
demo.pcm not found, waiting...
demo.pcm not found, waiting...
demo.pcm not found, waiting...
demo.pcm not found, waiting...
demo.pcm not found, waiting...
demo.pcm not found, waiting...
demo.pcm not found, waiting...
demo.pcm not found, waiting...
demo.pcm not found, waiting...
demo.pcm not found, waiting...
demo.pcm not found, waiting...
demo.pcm not found, waiting...
demo.pcm not found, waiting...
demo.pcm not found, waiting...
demo.pcm not found, waiting...
demo.pcm not found, waiting...
demo.pcm not found, waiting...
demo.pcm not found, waiting...
demo.pcm not found, waiting...
demo.pcm not found, waiting...
demo.pcm not found, waiting...
demo.pcm not found, waiting...
demo.pcm not found, waiting...
demo.pcm not found, waiting...
demo.pcm not found, waiting...
demo.pcm not found, waiting...
demo.pcm not found, waiting...
demo.pcm not found, waiting...
demo.pcm not found, waiting...
demo.pcm not found, waiting...
demo.pcm not found, waiting...
demo.pcm not found, waiting...
demo.pcm not found, waiting...
demo.pcm not found, waiting...
demo.pcm not found, waiting...
demo.pcm not found, waiting...
demo.pcm not found, waiting...
demo.pcm not found, waiting...
demo.pcm not found, waiting...
demo.pcm not found, waiting...
demo.pcm not found, waiting...
demo.pcm not found, waiting...
demo.pcm not found, waiting...
demo.pcm not found, waiting...
demo.pcm not found, waiting...
demo.pcm not found, waiting...
demo.pcm not found, waiting...
demo.pcm not found, waiting...
demo.pcm not found, waiting...
demo.pcm not found, waiting...
demo.pcm not found, waiting...
demo.pcm not found, waiting...
demo.pcm not found, waiting...
demo.pcm not found, waiting...
demo.pcm not found, waiting...
demo.pcm not found, waiting...
demo.pcm not found, waiting...
demo.pcm not found, waiting...
demo.pcm not found, waiting...
demo.pcm not found, waiting...
demo.pcm not found, waiting...
demo.pcm not found, waiting...
demo.pcm not found, waiting...
demo.pcm not found, waiting...
demo.pcm not found, waiting...
demo.pcm not found, waiting...
demo.pcm not found, waiting...
demo.pcm not found, waiting...
demo.pcm not found, waiting...
demo.pcm not found, waiting...
demo.pcm not found, waiting...
demo.pcm not found, waiting...
demo.pcm not found, waiting...
demo.pcm not found, waiting...
demo.pcm not found, waiting...
demo.pcm not found, waiting...
demo.pcm not found, waiting...
demo.pcm not found, waiting...
demo.pcm not found, waiting...
demo.pcm not found, waiting...
demo.pcm not found, waiting...
demo.pcm not found, waiting...
demo.pcm not found, waiting...
demo.pcm not found, waiting...
demo.pcm not found, waiting...
demo.pcm not found, waiting...
demo.pcm not found, waiting...
demo.pcm not found, waiting...
demo.pcm not found, waiting...
demo.pcm not found, waiting...
demo.pcm not found, waiting...
demo.pcm not found, waiting...
demo.pcm not found, waiting...
demo.pcm not found, waiting...
demo.pcm not found, waiting...
demo.pcm not found, waiting...
demo.pcm not found, waiting...
demo.pcm not found, waiting...
demo.pcm not found, waiting...
demo.pcm not found, waiting...
demo.pcm not found, waiting...
demo.pcm not found, waiting...
demo.pcm not found, waiting...
demo.pcm not found, waiting...
demo.pcm not found, waiting...
demo.pcm not found, waiting...
demo.pcm not found, waiting...
demo.pcm not found, waiting...
demo.pcm not found, waiting...
demo.pcm not found, waiting...
demo.pcm not found, waiting...
demo.pcm not found, waiting...
demo.pcm not found, waiting...
demo.pcm not found, waiting...
demo.pcm not found, waiting...
demo.pcm not found, waiting...
demo.pcm not found, waiting...
demo.pcm not found, waiting...
demo.pcm not found, waiting...
demo.pcm not found, waiting...
demo.pcm not found, waiting...
demo.pcm not found, waiting...
demo.pcm not found, waiting...
demo.pcm not found, waiting...
demo.pcm not found, waiting...
demo.pcm not found, waiting...
demo.pcm not found, waiting...
demo.pcm not found, waiting...
demo.pcm not found, waiting...
demo.pcm not found, waiting...
demo.pcm not found, waiting...
demo.pcm not found, waiting...
demo.pcm not found, waiting...
demo.pcm not found, waiting...
demo.pcm not found, waiting...
demo.pcm not found, waiting...
demo.pcm not found, waiting...
demo.pcm not found, waiting...
demo.pcm not found, waiting...
demo.pcm not found, waiting...
demo.pcm not found, waiting...
demo.pcm not found, waiting...
demo.pcm not found, waiting...
demo.pcm not found, waiting...
demo.pcm not found, waiting...
demo.pcm not found, waiting...
demo.pcm not found, waiting...
demo.pcm not found, waiting...
demo.pcm not found, waiting...
demo.pcm not found, waiting...
demo.pcm not found, waiting...
demo.pcm not found, waiting...
demo.pcm not found, waiting...
demo.pcm not found, waiting...
demo.pcm not found, waiting...
demo.pcm not found, waiting...
demo.pcm not found, waiting...
demo.pcm not found, waiting...
demo.pcm not found, waiting...
demo.pcm not found, waiting...
demo.pcm not found, waiting...
demo.pcm not found, waiting...
demo.pcm not found, waiting...
demo.pcm not found, waiting...
demo.pcm not found, waiting...
demo.pcm not found, waiting...
demo.pcm not found, waiting...
demo.pcm not found, waiting...
demo.pcm not found, waiting...
demo.pcm not found, waiting...
demo.pcm not found, waiting...
demo.pcm not found, waiting...
demo.pcm not found, waiting...
demo.pcm not found, waiting...
demo.pcm not found, waiting...
demo.pcm not found, waiting...
demo.pcm not found, waiting...
demo.pcm not found, waiting...
demo.pcm not found, waiting...
demo.pcm not found, waiting...
demo.pcm not found, waiting...
demo.pcm not found, waiting...
demo.pcm not found, waiting...
demo.pcm not found, waiting...
demo.pcm not found, waiting...
demo.pcm not found, waiting...
demo.pcm not found, waiting...
demo.pcm not found, waiting...
demo.pcm not found, waiting...
demo.pcm not found, waiting...
demo.pcm not found, waiting...
demo.pcm not found, waiting...
demo.pcm not found, waiting...
demo.pcm not found, waiting...
demo.pcm not found, waiting...
demo.pcm not found, waiting...
demo.pcm not found, waiting...
demo.pcm not found, waiting...
demo.pcm not found, waiting...
demo.pcm not found, waiting...
demo.pcm not found, waiting...
demo.pcm not found, waiting...
demo.pcm not found, waiting...
demo.pcm not found, waiting...
demo.pcm not found, waiting...
demo.pcm not found, waiting...
demo.pcm not found, waiting...
demo.pcm not found, waiting...
demo.pcm not found, waiting...
demo.pcm not found, waiting...
demo.pcm not found, waiting...
demo.pcm not found, waiting...
demo.pcm not found, waiting...
demo.pcm not found, waiting...
demo.pcm not found, waiting...
demo.pcm not found, waiting...
demo.pcm not found, waiting...
demo.pcm not found, waiting...
demo.pcm not found, waiting...
demo.pcm not found, waiting...
demo.pcm not found, waiting...
demo.pcm not found, waiting...
demo.pcm not found, waiting...
demo.pcm not found, waiting...
demo.pcm not found, waiting...
demo.pcm not found, waiting...
demo.pcm not found, waiting...
demo.pcm not found, waiting...
demo.pcm not found, waiting...
demo.pcm not found, waiting...
demo.pcm not found, waiting...
demo.pcm not found, waiting...
demo.pcm not found, waiting...
demo.pcm not found, waiting...
demo.pcm not found, waiting...
demo.pcm not found, waiting...
demo.pcm not found, waiting...
demo.pcm not found, waiting...
demo.pcm not found, waiting...
demo.pcm not found, waiting...
demo.pcm not found, waiting...
demo.pcm not found, waiting...
demo.pcm not found, waiting...
demo.pcm not found, waiting...
demo.pcm not found, waiting...
demo.pcm not found, waiting...
demo.pcm not found, waiting...
demo.pcm not found, waiting...
demo.pcm not found, waiting...
demo.pcm not found, waiting...
demo.pcm not found, waiting...
demo.pcm not found, waiting...
demo.pcm not found, waiting...
demo.pcm not found, waiting...
demo.pcm not found, waiting...
demo.pcm not found, waiting...
demo.pcm not found, waiting...
demo.pcm not found, waiting...
demo.pcm not found, waiting...
demo.pcm not found, waiting...
demo.pcm not found, waiting...
demo.pcm not found, waiting...
demo.pcm not found, waiting...
demo.pcm not found, waiting...
demo.pcm not found, waiting...
demo.pcm not found, waiting...
demo.pcm not found, waiting...
demo.pcm not found, waiting...
demo.pcm not found, waiting...
demo.pcm not found, waiting...
demo.pcm not found, waiting...
demo.pcm not found, waiting...
demo.pcm not found, waiting...
demo.pcm not found, waiting...
demo.pcm not found, waiting...
demo.pcm not found, waiting...
demo.pcm not found, waiting...
demo.pcm not found, waiting...
demo.pcm not found, waiting...
demo.pcm not found, waiting...
demo.pcm not found, waiting...
demo.pcm not found, waiting...
demo.pcm not found, waiting...
demo.pcm not found, waiting...
demo.pcm not found, waiting...
demo.pcm not found, waiting...
demo.pcm not found, waiting...
demo.pcm not found, waiting...
demo.pcm not found, waiting...
demo.pcm not found, waiting...
demo.pcm not found, waiting...
demo.pcm not found, waiting...
demo.pcm not found, waiting...
demo.pcm not found, waiting...
demo.pcm not found, waiting...
demo.pcm not found, waiting...
demo.pcm not found, waiting...
demo.pcm not found, waiting...
demo.pcm not found, waiting...
demo.pcm not found, waiting...
demo.pcm not found, waiting...
demo.pcm not found, waiting...
demo.pcm not found, waiting...
demo.pcm not found, waiting...
demo.pcm not found, waiting...
demo.pcm not found, waiting...
demo.pcm not found, waiting...
demo.pcm not found, waiting...
demo.pcm not found, waiting...
demo.pcm not found, waiting...
demo.pcm not found, waiting...
demo.pcm not found, waiting...
demo.pcm not found, waiting...
demo.pcm not found, waiting...
demo.pcm not found, waiting...
demo.pcm not found, waiting...
demo.pcm not found, waiting...
demo.pcm not found, waiting...
demo.pcm not found, waiting...
demo.pcm not found, waiting...
demo.pcm not found, waiting...
demo.pcm not found, waiting...
demo.pcm not found, waiting...
demo.pcm not found, waiting...
demo.pcm not found, waiting...
demo.pcm not found, waiting...
demo.pcm not found, waiting...
demo.pcm not found, waiting...
demo.pcm not found, waiting...
demo.pcm not found, waiting...
demo.pcm not found, waiting...
demo.pcm not found, waiting...
demo.pcm not found, waiting...
demo.pcm not found, waiting...
demo.pcm not found, waiting...
demo.pcm not found, waiting...
demo.pcm not found, waiting...
demo.pcm not found, waiting...
demo.pcm not found, waiting...
demo.pcm not found, waiting...
demo.pcm not found, waiting...
demo.pcm not found, waiting...
demo.pcm not found, waiting...
demo.pcm not found, waiting...
demo.pcm not found, waiting...
demo.pcm not found, waiting...
demo.pcm not found, waiting...
demo.pcm not found, waiting...
demo.pcm not found, waiting...
demo.pcm not found, waiting...
demo.pcm not found, waiting...
demo.pcm not found, waiting...
demo.pcm not found, waiting...
demo.pcm not found, waiting...
demo.pcm not found, waiting...
demo.pcm not found, waiting...
demo.pcm not found, waiting...
demo.pcm not found, waiting...
demo.pcm not found, waiting...
demo.pcm not found, waiting...
demo.pcm not found, waiting...
demo.pcm not found, waiting...
demo.pcm not found, waiting...
demo.pcm not found, waiting...
demo.pcm not found, waiting...
demo.pcm not found, waiting...
demo.pcm not found, waiting...
demo.pcm not found, waiting...
demo.pcm not found, waiting...
demo.pcm not found, waiting...
demo.pcm not found, waiting...
demo.pcm not found, waiting...
demo.pcm not found, waiting...
demo.pcm not found, waiting...
demo.pcm not found, waiting...
demo.pcm not found, waiting...
demo.pcm not found, waiting...
demo.pcm not found, waiting...
demo.pcm not found, waiting...
demo.pcm not found, waiting...
demo.pcm not found, waiting...
demo.pcm not found, waiting...
demo.pcm not found, waiting...
demo.pcm not found, waiting...
demo.pcm not found, waiting...
demo.pcm not found, waiting...
demo.pcm not found, waiting...
demo.pcm not found, waiting...
demo.pcm not found, waiting...
demo.pcm not found, waiting...
demo.pcm not found, waiting...
demo.pcm not found, waiting...
demo.pcm not found, waiting...
demo.pcm not found, waiting...
demo.pcm not found, waiting...
demo.pcm not found, waiting...
demo.pcm not found, waiting...
demo.pcm not found, waiting...
demo.pcm not found, waiting...
demo.pcm not found, waiting...
demo.pcm not found, waiting...
demo.pcm not found, waiting...
demo.pcm not found, waiting...
demo.pcm not found, waiting...
demo.pcm not found, waiting...
demo.pcm not found, waiting...
demo.pcm not found, waiting...
demo.pcm not found, waiting...
demo.pcm not found, waiting...
demo.pcm not found, waiting...
demo.pcm not found, waiting...
demo.pcm not found, waiting...
demo.pcm not found, waiting...
demo.pcm not found, waiting...
demo.pcm not found, waiting...
demo.pcm not found, waiting...
demo.pcm not found, waiting...
demo.pcm not found, waiting...
demo.pcm not found, waiting...
demo.pcm not found, waiting...
demo.pcm not found, waiting...
demo.pcm not found, waiting...
demo.pcm not found, waiting...
demo.pcm not found, waiting...
demo.pcm not found, waiting...
demo.pcm not found, waiting...
demo.pcm not found, waiting...
demo.pcm not found, waiting...
demo.pcm not found, waiting...
demo.pcm not found, waiting...
demo.pcm not found, waiting...
demo.pcm not found, waiting...
demo.pcm not found, waiting...
demo.pcm not found, waiting...
demo.pcm not found, waiting...
demo.pcm not found, waiting...
demo.pcm not found, waiting...
demo.pcm not found, waiting...
demo.pcm not found, waiting...
demo.pcm not found, waiting...
demo.pcm not found, waiting...
demo.pcm not found, waiting...
demo.pcm not found, waiting...
demo.pcm not found, waiting...
demo.pcm not found, waiting...
demo.pcm not found, waiting...
demo.pcm not found, waiting...
demo.pcm not found, waiting...
demo.pcm not found, waiting...
demo.pcm not found, waiting...
demo.pcm not found, waiting...
demo.pcm not found, waiting...
demo.pcm not found, waiting...
demo.pcm not found, waiting...
demo.pcm not found, waiting...
demo.pcm not found, waiting...
demo.pcm not found, waiting...
demo.pcm not found, waiting...
demo.pcm not found, waiting...
demo.pcm not found, waiting...
demo.pcm not found, waiting...
demo.pcm not found, waiting...
demo.pcm not found, waiting...
demo.pcm not found, waiting...
demo.pcm not found, waiting...
demo.pcm not found, waiting...
demo.pcm not found, waiting...
demo.pcm not found, waiting...
demo.pcm not found, waiting...
demo.pcm not found, waiting...
demo.pcm not found, waiting...
demo.pcm not found, waiting...
demo.pcm not found, waiting...
demo.pcm not found, waiting...
demo.pcm not found, waiting...
demo.pcm not found, waiting...
demo.pcm not found, waiting...
demo.pcm not found, waiting...
demo.pcm not found, waiting...
demo.pcm not found, waiting...
demo.pcm not found, waiting...
demo.pcm not found, waiting...
demo.pcm not found, waiting...
demo.pcm not found, waiting...
demo.pcm not found, waiting...
demo.pcm not found, waiting...
demo.pcm not found, waiting...
demo.pcm not found, waiting...
demo.pcm not found, waiting...
demo.pcm not found, waiting...
demo.pcm not found, waiting...
demo.pcm not found, waiting...
demo.pcm not found, waiting...
demo.pcm not found, waiting...
demo.pcm not found, waiting...
demo.pcm not found, waiting...
demo.pcm not found, waiting...
demo.pcm not found, waiting...
demo.pcm not found, waiting...
demo.pcm not found, waiting...
demo.pcm not found, waiting...
demo.pcm not found, waiting...
demo.pcm not found, waiting...
demo.pcm not found, waiting...
demo.pcm not found, waiting...
demo.pcm not found, waiting...
demo.pcm not found, waiting...
demo.pcm not found, waiting...
demo.pcm not found, waiting...
demo.pcm not found, waiting...
demo.pcm not found, waiting...
demo.pcm not found, waiting...
demo.pcm not found, waiting...
demo.pcm not found, waiting...
demo.pcm not found, waiting...
demo.pcm not found, waiting...
demo.pcm not found, waiting...
demo.pcm not found, waiting...
demo.pcm not found, waiting...
demo.pcm not found, waiting...
demo.pcm not found, waiting...
demo.pcm not found, waiting...
demo.pcm not found, waiting...
demo.pcm not found, waiting...
demo.pcm not found, waiting...
demo.pcm not found, waiting...
demo.pcm not found, waiting...
demo.pcm not found, waiting...
demo.pcm not found, waiting...
demo.pcm not found, waiting...
demo.pcm not found, waiting...
demo.pcm not found, waiting...
demo.pcm not found, waiting...
demo.pcm not found, waiting...
demo.pcm not found, waiting...
demo.pcm not found, waiting...
demo.pcm not found, waiting...
demo.pcm not found, waiting...
demo.pcm not found, waiting...
demo.pcm not found, waiting...
demo.pcm not found, waiting...
demo.pcm not found, waiting...
demo.pcm not found, waiting...
demo.pcm not found, waiting...
demo.pcm not found, waiting...
demo.pcm not found, waiting...
demo.pcm not found, waiting...
demo.pcm not found, waiting...
demo.pcm not found, waiting...
demo.pcm not found, waiting...
demo.pcm not found, waiting...
demo.pcm not found, waiting...
demo.pcm not found, waiting...
demo.pcm not found, waiting...
demo.pcm not found, waiting...
demo.pcm not found, waiting...
demo.pcm not found, waiting...
demo.pcm not found, waiting...
demo.pcm not found, waiting...
demo.pcm not found, waiting...
demo.pcm not found, waiting...
demo.pcm not found, waiting...
demo.pcm not found, waiting...
demo.pcm not found, waiting...
demo.pcm not found, waiting...
demo.pcm not found, waiting...
demo.pcm not found, waiting...
demo.pcm not found, waiting...
demo.pcm not found, waiting...
demo.pcm not found, waiting...
demo.pcm not found, waiting...
demo.pcm not found, waiting...
demo.pcm not found, waiting...
demo.pcm not found, waiting...
demo.pcm not found, waiting...
demo.pcm not found, waiting...
demo.pcm not found, waiting...
demo.pcm not found, waiting...
demo.pcm not found, waiting...
demo.pcm not found, waiting...
demo.pcm not found, waiting...
demo.pcm not found, waiting...
demo.pcm not found, waiting...
demo.pcm not found, waiting...
demo.pcm not found, waiting...
demo.pcm not found, waiting...
demo.pcm not found, waiting...
demo.pcm not found, waiting...
demo.pcm not found, waiting...
demo.pcm not found, waiting...
demo.pcm not found, waiting...
demo.pcm not found, waiting...
demo.pcm not found, waiting...
demo.pcm not found, waiting...
demo.pcm not found, waiting...
demo.pcm not found, waiting...
demo.pcm not found, waiting...
demo.pcm not found, waiting...
demo.pcm not found, waiting...
demo.pcm not found, waiting...
demo.pcm not found, waiting...
demo.pcm not found, waiting...
demo.pcm not found, waiting...
demo.pcm not found, waiting...
demo.pcm not found, waiting...
demo.pcm not found, waiting...
demo.pcm not found, waiting...
demo.pcm not found, waiting...
demo.pcm not found, waiting...
demo.pcm not found, waiting...
demo.pcm not found, waiting...
demo.pcm not found, waiting...
demo.pcm not found, waiting...
demo.pcm not found, waiting...
demo.pcm not found, waiting...
demo.pcm not found, waiting...
demo.pcm not found, waiting...
demo.pcm not found, waiting...
demo.pcm not found, waiting...
demo.pcm not found, waiting...
demo.pcm not found, waiting...
demo.pcm not found, waiting...
demo.pcm not found, waiting...
demo.pcm not found, waiting...
demo.pcm not found, waiting...
demo.pcm not found, waiting...
demo.pcm not found, waiting...
demo.pcm not found, waiting...
demo.pcm not found, waiting...
demo.pcm not found, waiting...
demo.pcm not found, waiting...
demo.pcm not found, waiting...
demo.pcm not found, waiting...
demo.pcm not found, waiting...
demo.pcm not found, waiting...
demo.pcm not found, waiting...
demo.pcm not found, waiting...
demo.pcm not found, waiting...
demo.pcm not found, waiting...
demo.pcm not found, waiting...
demo.pcm not found, waiting...
demo.pcm not found, waiting...
demo.pcm not found, waiting...
demo.pcm not found, waiting...
demo.pcm not found, waiting...
demo.pcm not found, waiting...
demo.pcm not found, waiting...
demo.pcm not found, waiting...
demo.pcm not found, waiting...
demo.pcm not found, waiting...
demo.pcm not found, waiting...
demo.pcm not found, waiting...
demo.pcm not found, waiting...
demo.pcm not found, waiting...
demo.pcm not found, waiting...
demo.pcm not found, waiting...
demo.pcm not found, waiting...
demo.pcm not found, waiting...
demo.pcm not found, waiting...
demo.pcm not found, waiting...
demo.pcm not found, waiting...
demo.pcm not found, waiting...
demo.pcm not found, waiting...
demo.pcm not found, waiting...
demo.pcm not found, waiting...
demo.pcm not found, waiting...
demo.pcm not found, waiting...
demo.pcm not found, waiting...
demo.pcm not found, waiting...
demo.pcm not found, waiting...
demo.pcm not found, waiting...
demo.pcm not found, waiting...
demo.pcm not found, waiting...
demo.pcm not found, waiting...
demo.pcm not found, waiting...
demo.pcm not found, waiting...
demo.pcm not found, waiting...
demo.pcm not found, waiting...
demo.pcm not found, waiting...
demo.pcm not found, waiting...
demo.pcm not found, waiting...
demo.pcm not found, waiting...
demo.pcm not found, waiting...
demo.pcm not found, waiting...
demo.pcm not found, waiting...
demo.pcm not found, waiting...
demo.pcm not found, waiting...
demo.pcm not found, waiting...
demo.pcm not found, waiting...
demo.pcm not found, waiting...
demo.pcm not found, waiting...
demo.pcm not found, waiting...
demo.pcm not found, waiting...
demo.pcm not found, waiting...
demo.pcm not found, waiting...
demo.pcm not found, waiting...
demo.pcm not found, waiting...
demo.pcm not found, waiting...
demo.pcm not found, waiting...
demo.pcm not found, waiting...
demo.pcm not found, waiting...
demo.pcm not found, waiting...
demo.pcm not found, waiting...
demo.pcm not found, waiting...
demo.pcm not found, waiting...
demo.pcm not found, waiting...
demo.pcm not found, waiting...
demo.pcm not found, waiting...
demo.pcm not found, waiting...
demo.pcm not found, waiting...
demo.pcm not found, waiting...
demo.pcm not found, waiting...
demo.pcm not found, waiting...
demo.pcm not found, waiting...
demo.pcm not found, waiting...
demo.pcm not found, waiting...
demo.pcm not found, waiting...
demo.pcm not found, waiting...
demo.pcm not found, waiting...
demo.pcm not found, waiting...
demo.pcm not found, waiting...
demo.pcm not found, waiting...
demo.pcm not found, waiting...
demo.pcm not found, waiting...
demo.pcm not found, waiting...
demo.pcm not found, waiting...
demo.pcm not found, waiting...
demo.pcm not found, waiting...
demo.pcm not found, waiting...
demo.pcm not found, waiting...
demo.pcm not found, waiting...
demo.pcm not found, waiting...
demo.pcm not found, waiting...
demo.pcm not found, waiting...
demo.pcm not found, waiting...
demo.pcm not found, waiting...
demo.pcm not found, waiting...
demo.pcm not found, waiting...
demo.pcm not found, waiting...
demo.pcm not found, waiting...
demo.pcm not found, waiting...
demo.pcm not found, waiting...
demo.pcm not found, waiting...
demo.pcm not found, waiting...
demo.pcm not found, waiting...
demo.pcm not found, waiting...
demo.pcm not found, waiting...
demo.pcm not found, waiting...
demo.pcm not found, waiting...
demo.pcm not found, waiting...
demo.pcm not found, waiting...
demo.pcm not found, waiting...
demo.pcm not found, waiting...
demo.pcm not found, waiting...
demo.pcm not found, waiting...
demo.pcm not found, waiting...
demo.pcm not found, waiting...
demo.pcm not found, waiting...
demo.pcm not found, waiting...
demo.pcm not found, waiting...
demo.pcm not found, waiting...
demo.pcm not found, waiting...
demo.pcm not found, waiting...
demo.pcm not found, waiting...
demo.pcm not found, waiting...
demo.pcm not found, waiting...
demo.pcm not found, waiting...
demo.pcm not found, waiting...
demo.pcm not found, waiting...
demo.pcm not found, waiting...
demo.pcm not found, waiting...
demo.pcm not found, waiting...
demo.pcm not found, waiting...
demo.pcm not found, waiting...
demo.pcm not found, waiting...
demo.pcm not found, waiting...
demo.pcm not found, waiting...
demo.pcm not found, waiting...
demo.pcm not found, waiting...
demo.pcm not found, waiting...
demo.pcm not found, waiting...
demo.pcm not found, waiting...
demo.pcm not found, waiting...
demo.pcm not found, waiting...
demo.pcm not found, waiting...
demo.pcm not found, waiting...
demo.pcm not found, waiting...
demo.pcm not found, waiting...
demo.pcm not found, waiting...
demo.pcm not found, waiting...
demo.pcm not found, waiting...
demo.pcm not found, waiting...
demo.pcm not found, waiting...
demo.pcm not found, waiting...
demo.pcm not found, waiting...
demo.pcm not found, waiting...
demo.pcm not found, waiting...
demo.pcm not found, waiting...
demo.pcm not found, waiting...
demo.pcm not found, waiting...
demo.pcm not found, waiting...
demo.pcm not found, waiting...
demo.pcm not found, waiting...
demo.pcm not found, waiting...
demo.pcm not found, waiting...
demo.pcm not found, waiting...
demo.pcm not found, waiting...
demo.pcm not found, waiting...
demo.pcm not found, waiting...
demo.pcm not found, waiting...
demo.pcm not found, waiting...
demo.pcm not found, waiting...
demo.pcm not found, waiting...
demo.pcm not found, waiting...
demo.pcm not found, waiting...
demo.pcm not found, waiting...
demo.pcm not found, waiting...
demo.pcm not found, waiting...
demo.pcm not found, waiting...
demo.pcm not found, waiting...
demo.pcm not found, waiting...
demo.pcm not found, waiting...
demo.pcm not found, waiting...
demo.pcm not found, waiting...
demo.pcm not found, waiting...
demo.pcm not found, waiting...
demo.pcm not found, waiting...
demo.pcm not found, waiting...
demo.pcm not found, waiting...
demo.pcm not found, waiting...
demo.pcm not found, waiting...
demo.pcm not found, waiting...
demo.pcm not found, waiting...
demo.pcm not found, waiting...
demo.pcm not found, waiting...
demo.pcm not found, waiting...
demo.pcm not found, waiting...
demo.pcm not found, waiting...
demo.pcm not found, waiting...
demo.pcm not found, waiting...
demo.pcm not found, waiting...
demo.pcm not found, waiting...
demo.pcm not found, waiting...
demo.pcm not found, waiting...
demo.pcm not found, waiting...
demo.pcm not found, waiting...
demo.pcm not found, waiting...
demo.pcm not found, waiting...
demo.pcm not found, waiting...
demo.pcm not found, waiting...
demo.pcm not found, waiting...
demo.pcm not found, waiting...
demo.pcm not found, waiting...
demo.pcm not found, waiting...
demo.pcm not found, waiting...
demo.pcm not found, waiting...
demo.pcm not found, waiting...
demo.pcm not found, waiting...
demo.pcm not found, waiting...
demo.pcm not found, waiting...
demo.pcm not found, waiting...
demo.pcm not found, waiting...
demo.pcm not found, waiting...
demo.pcm not found, waiting...
demo.pcm not found, waiting...
demo.pcm not found, waiting...
demo.pcm not found, waiting...
demo.pcm not found, waiting...
demo.pcm not found, waiting...
demo.pcm not found, waiting...
demo.pcm not found, waiting...
demo.pcm not found, waiting...
demo.pcm not found, waiting...
demo.pcm not found, waiting...
demo.pcm not found, waiting...
demo.pcm not found, waiting...
demo.pcm not found, waiting...
demo.pcm not found, waiting...
demo.pcm not found, waiting...
demo.pcm not found, waiting...
demo.pcm not found, waiting...
demo.pcm not found, waiting...
demo.pcm not found, waiting...
demo.pcm not found, waiting...
demo.pcm not found, waiting...
demo.pcm not found, waiting...
demo.pcm not found, waiting...
demo.pcm not found, waiting...
demo.pcm not found, waiting...
demo.pcm not found, waiting...
demo.pcm not found, waiting...
demo.pcm not found, waiting...
demo.pcm not found, waiting...
demo.pcm not found, waiting...
demo.pcm not found, waiting...
demo.pcm not found, waiting...
demo.pcm not found, waiting...
demo.pcm not found, waiting...
demo.pcm not found, waiting...
demo.pcm not found, waiting...
demo.pcm not found, waiting...
demo.pcm not found, waiting...
demo.pcm not found, waiting...
demo.pcm not found, waiting...
demo.pcm not found, waiting...
demo.pcm not found, waiting...
demo.pcm not found, waiting...
demo.pcm not found, waiting...
demo.pcm not found, waiting...
demo.pcm not found, waiting...
demo.pcm not found, waiting...
demo.pcm not found, waiting...
demo.pcm not found, waiting...
demo.pcm not found, waiting...
demo.pcm not found, waiting...
demo.pcm not found, waiting...
demo.pcm not found, waiting...
demo.pcm not found, waiting...
demo.pcm not found, waiting...
demo.pcm not found, waiting...
demo.pcm not found, waiting...
demo.pcm not found, waiting...
demo.pcm not found, waiting...
demo.pcm not found, waiting...
demo.pcm not found, waiting...
demo.pcm not found, waiting...
demo.pcm not found, waiting...
demo.pcm not found, waiting...
demo.pcm not found, waiting...
demo.pcm not found, waiting...
demo.pcm not found, waiting...
demo.pcm not found, waiting...
demo.pcm not found, waiting...
demo.pcm not found, waiting...
demo.pcm not found, waiting...
demo.pcm not found, waiting...
demo.pcm not found, waiting...
demo.pcm not found, waiting...
demo.pcm not found, waiting...
demo.pcm not found, waiting...
demo.pcm not found, waiting...
demo.pcm not found, waiting...
demo.pcm not found, waiting...
demo.pcm not found, waiting...
demo.pcm not found, waiting...
demo.pcm not found, waiting...
demo.pcm not found, waiting...
demo.pcm not found, waiting...
demo.pcm not found, waiting...
demo.pcm not found, waiting...
demo.pcm not found, waiting...
demo.pcm not found, waiting...
demo.pcm not found, waiting...
demo.pcm not found, waiting...
demo.pcm not found, waiting...
demo.pcm not found, waiting...
demo.pcm not found, waiting...
demo.pcm not found, waiting...
demo.pcm not found, waiting...
demo.pcm not found, waiting...
demo.pcm not found, waiting...
demo.pcm not found, waiting...
demo.pcm not found, waiting...
demo.pcm not found, waiting...
demo.pcm not found, waiting...
demo.pcm not found, waiting...
demo.pcm not found, waiting...
demo.pcm not found, waiting...
demo.pcm not found, waiting...
demo.pcm not found, waiting...
demo.pcm not found, waiting...
demo.pcm not found, waiting...
demo.pcm not found, waiting...
demo.pcm not found, waiting...
demo.pcm not found, waiting...
demo.pcm not found, waiting...
demo.pcm not found, waiting...
demo.pcm not found, waiting...
demo.pcm not found, waiting...
demo.pcm not found, waiting...
demo.pcm not found, waiting...
demo.pcm not found, waiting...
demo.pcm not found, waiting...
demo.pcm not found, waiting...
demo.pcm not found, waiting...
demo.pcm not found, waiting...
demo.pcm not found, waiting...
demo.pcm not found, waiting...
demo.pcm not found, waiting...
demo.pcm not found, waiting...
demo.pcm not found, waiting...
demo.pcm not found, waiting...
demo.pcm not found, waiting...
demo.pcm not found, waiting...
demo.pcm not found, waiting...
demo.pcm not found, waiting...
demo.pcm not found, waiting...
demo.pcm not found, waiting...
demo.pcm not found, waiting...
demo.pcm not found, waiting...
demo.pcm not found, waiting...
demo.pcm not found, waiting...
demo.pcm not found, waiting...
demo.pcm not found, waiting...
demo.pcm not found, waiting...
demo.pcm not found, waiting...
demo.pcm not found, waiting...
demo.pcm not found, waiting...
demo.pcm not found, waiting...
demo.pcm not found, waiting...
demo.pcm not found, waiting...
demo.pcm not found, waiting...
demo.pcm not found, waiting...
demo.pcm not found, waiting...
demo.pcm not found, waiting...
demo.pcm not found, waiting...
demo.pcm not found, waiting...
demo.pcm not found, waiting...
demo.pcm not found, waiting...
demo.pcm not found, waiting...
demo.pcm not found, waiting...
demo.pcm not found, waiting...
demo.pcm not found, waiting...
demo.pcm not found, waiting...
demo.pcm not found, waiting...
demo.pcm not found, waiting...
demo.pcm not found, waiting...
demo.pcm not found, waiting...
demo.pcm not found, waiting...
demo.pcm not found, waiting...
demo.pcm not found, waiting...
demo.pcm not found, waiting...
demo.pcm not found, waiting...
demo.pcm not found, waiting...
demo.pcm not found, waiting...
demo.pcm not found, waiting...
demo.pcm not found, waiting...
demo.pcm not found, waiting...
demo.pcm not found, waiting...
demo.pcm not found, waiting...
demo.pcm not found, waiting...
demo.pcm not found, waiting...
demo.pcm not found, waiting...
demo.pcm not found, waiting...
demo.pcm not found, waiting...
demo.pcm not found, waiting...
demo.pcm not found, waiting...
demo.pcm not found, waiting...
demo.pcm not found, waiting...
demo.pcm not found, waiting...
demo.pcm not found, waiting...
demo.pcm not found, waiting...
demo.pcm not found, waiting...
demo.pcm not found, waiting...
demo.pcm not found, waiting...
demo.pcm not found, waiting...
demo.pcm not found, waiting...
demo.pcm not found, waiting...
demo.pcm not found, waiting...
demo.pcm not found, waiting...
demo.pcm not found, waiting...
demo.pcm not found, waiting...
demo.pcm not found, waiting...
demo.pcm not found, waiting...
demo.pcm not found, waiting...
demo.pcm not found, waiting...
demo.pcm not found, waiting...
demo.pcm not found, waiting...
demo.pcm not found, waiting...
demo.pcm not found, waiting...
demo.pcm not found, waiting...
demo.pcm not found, waiting...
demo.pcm not found, waiting...
demo.pcm not found, waiting...
demo.pcm not found, waiting...
demo.pcm not found, waiting...
demo.pcm not found, waiting...
demo.pcm not found, waiting...
demo.pcm not found, waiting...
demo.pcm not found, waiting...
demo.pcm not found, waiting...
demo.pcm not found, waiting...
demo.pcm not found, waiting...
demo.pcm not found, waiting...
demo.pcm not found, waiting...
demo.pcm not found, waiting...
demo.pcm not found, waiting...
demo.pcm not found, waiting...
demo.pcm not found, waiting...
demo.pcm not found, waiting...
demo.pcm not found, waiting...
demo.pcm not found, waiting...
demo.pcm not found, waiting...
demo.pcm not found, waiting...
demo.pcm not found, waiting...
demo.pcm not found, waiting...
demo.pcm not found, waiting...
demo.pcm not found, waiting...
demo.pcm not found, waiting...
demo.pcm not found, waiting...
demo.pcm not found, waiting...
demo.pcm not found, waiting...
demo.pcm not found, waiting...
demo.pcm not found, waiting...
demo.pcm not found, waiting...
demo.pcm not found, waiting...
demo.pcm not found, waiting...
demo.pcm not found, waiting...
demo.pcm not found, waiting...
demo.pcm not found, waiting...
demo.pcm not found, waiting...
demo.pcm not found, waiting...
demo.pcm not found, waiting...
demo.pcm not found, waiting...
demo.pcm not found, waiting...
demo.pcm not found, waiting...
demo.pcm not found, waiting...
demo.pcm not found, waiting...
demo.pcm not found, waiting...
demo.pcm not found, waiting...
demo.pcm not found, waiting...
demo.pcm not found, waiting...
demo.pcm not found, waiting...
demo.pcm not found, waiting...
demo.pcm not found, waiting...
demo.pcm not found, waiting...
demo.pcm not found, waiting...
demo.pcm not found, waiting...
demo.pcm not found, waiting...
demo.pcm not found, waiting...
demo.pcm not found, waiting...
demo.pcm not found, waiting...
demo.pcm not found, waiting...
demo.pcm not found, waiting...
demo.pcm not found, waiting...
demo.pcm not found, waiting...
demo.pcm not found, waiting...
demo.pcm not found, waiting...
demo.pcm not found, waiting...
demo.pcm not found, waiting...
demo.pcm not found, waiting...
demo.pcm not found, waiting...
demo.pcm not found, waiting...
demo.pcm not found, waiting...
demo.pcm not found, waiting...
demo.pcm not found, waiting...
demo.pcm not found, waiting...
demo.pcm not found, waiting...
demo.pcm not found, waiting...
demo.pcm not found, waiting...
demo.pcm not found, waiting...
demo.pcm not found, waiting...
demo.pcm not found, waiting...
demo.pcm not found, waiting...
demo.pcm not found, waiting...
demo.pcm not found, waiting...
demo.pcm not found, waiting...
demo.pcm not found, waiting...
demo.pcm not found, waiting...
demo.pcm not found, waiting...
demo.pcm not found, waiting...
demo.pcm not found, waiting...
demo.pcm not found, waiting...
demo.pcm not found, waiting...
demo.pcm not found, waiting...
demo.pcm not found, waiting...
demo.pcm not found, waiting...
demo.pcm not found, waiting...
demo.pcm not found, waiting...
demo.pcm not found, waiting...
demo.pcm not found, waiting...
demo.pcm not found, waiting...
demo.pcm not found, waiting...
demo.pcm not found, waiting...
demo.pcm not found, waiting...
demo.pcm not found, waiting...
demo.pcm not found, waiting...
demo.pcm not found, waiting...
demo.pcm not found, waiting...
demo.pcm not found, waiting...
demo.pcm not found, waiting...
demo.pcm not found, waiting...
demo.pcm not found, waiting...
demo.pcm not found, waiting...
demo.pcm not found, waiting...
demo.pcm not found, waiting...
demo.pcm not found, waiting...
demo.pcm not found, waiting...
demo.pcm not found, waiting...
demo.pcm not found, waiting...
demo.pcm not found, waiting...
demo.pcm not found, waiting...
demo.pcm not found, waiting...
demo.pcm not found, waiting...
demo.pcm not found, waiting...
demo.pcm not found, waiting...
demo.pcm not found, waiting...
demo.pcm not found, waiting...
demo.pcm not found, waiting...
demo.pcm not found, waiting...
demo.pcm not found, waiting...
demo.pcm not found, waiting...
demo.pcm not found, waiting...
demo.pcm not found, waiting...
demo.pcm not found, waiting...
demo.pcm not found, waiting...
demo.pcm not found, waiting...
demo.pcm not found, waiting...
demo.pcm not found, waiting...
demo.pcm not found, waiting...
demo.pcm not found, waiting...
demo.pcm not found, waiting...
demo.pcm not found, waiting...
demo.pcm not found, waiting...
demo.pcm not found, waiting...
demo.pcm not found, waiting...
demo.pcm not found, waiting...
demo.pcm not found, waiting...
demo.pcm not found, waiting...
demo.pcm not found, waiting...
demo.pcm not found, waiting...
demo.pcm not found, waiting...
demo.pcm not found, waiting...
demo.pcm not found, waiting...
demo.pcm not found, waiting...
demo.pcm not found, waiting...
demo.pcm not found, waiting...
demo.pcm not found, waiting...
demo.pcm not found, waiting...
demo.pcm not found, waiting...
demo.pcm not found, waiting...
demo.pcm not found, waiting...
demo.pcm not found, waiting...
demo.pcm not found, waiting...
demo.pcm not found, waiting...
demo.pcm not found, waiting...
demo.pcm not found, waiting...
demo.pcm not found, waiting...
demo.pcm not found, waiting...
demo.pcm not found, waiting...
demo.pcm not found, waiting...
demo.pcm not found, waiting...
demo.pcm not found, waiting...
demo.pcm not found, waiting...
demo.pcm not found, waiting...
demo.pcm not found, waiting...
demo.pcm not found, waiting...
demo.pcm not found, waiting...
demo.pcm not found, waiting...
demo.pcm not found, waiting...
demo.pcm not found, waiting...
demo.pcm not found, waiting...
demo.pcm not found, waiting...
demo.pcm not found, waiting...
demo.pcm not found, waiting...
demo.pcm not found, waiting...
demo.pcm not found, waiting...
demo.pcm not found, waiting...
demo.pcm not found, waiting...
demo.pcm not found, waiting...
demo.pcm not found, waiting...
demo.pcm not found, waiting...
demo.pcm not found, waiting...
demo.pcm not found, waiting...
demo.pcm not found, waiting...
demo.pcm not found, waiting...
demo.pcm not found, waiting...
demo.pcm not found, waiting...
demo.pcm not found, waiting...
demo.pcm not found, waiting...
demo.pcm not found, waiting...
demo.pcm not found, waiting...
demo.pcm not found, waiting...
demo.pcm not found, waiting...
demo.pcm not found, waiting...
demo.pcm not found, waiting...
demo.pcm not found, waiting...
demo.pcm not found, waiting...
demo.pcm not found, waiting...
demo.pcm not found, waiting...
demo.pcm not found, waiting...
demo.pcm not found, waiting...
demo.pcm not found, waiting...
demo.pcm not found, waiting...
demo.pcm not found, waiting...
demo.pcm not found, waiting...
demo.pcm not found, waiting...
demo.pcm not found, waiting...
demo.pcm not found, waiting...
demo.pcm not found, waiting...
demo.pcm not found, waiting...
demo.pcm not found, waiting...
demo.pcm not found, waiting...
demo.pcm not found, waiting...
demo.pcm not found, waiting...
demo.pcm not found, waiting...
demo.pcm not found, waiting...
demo.pcm not found, waiting...
demo.pcm not found, waiting...
demo.pcm not found, waiting...
demo.pcm not found, waiting...
demo.pcm not found, waiting...
demo.pcm not found, waiting...
demo.pcm not found, waiting...
demo.pcm not found, waiting...
demo.pcm not found, waiting...
demo.pcm not found, waiting...
demo.pcm not found, waiting...
demo.pcm not found, waiting...
demo.pcm not found, waiting...
demo.pcm not found, waiting...
demo.pcm not found, waiting...
demo.pcm not found, waiting...
demo.pcm not found, waiting...
demo.pcm not found, waiting...
demo.pcm not found, waiting...
demo.pcm not found, waiting...
demo.pcm not found, waiting...
demo.pcm not found, waiting...
demo.pcm not found, waiting...
demo.pcm not found, waiting...
demo.pcm not found, waiting...
demo.pcm not found, waiting...
demo.pcm not found, waiting...
demo.pcm not found, waiting...
demo.pcm not found, waiting...
demo.pcm not found, waiting...
demo.pcm not found, waiting...
demo.pcm not found, waiting...
demo.pcm not found, waiting...
demo.pcm not found, waiting...
demo.pcm not found, waiting...
demo.pcm not found, waiting...
demo.pcm not found, waiting...
demo.pcm not found, waiting...
demo.pcm not found, waiting...
demo.pcm not found, waiting...
demo.pcm not found, waiting...
demo.pcm not found, waiting...
demo.pcm not found, waiting...
demo.pcm not found, waiting...
demo.pcm not found, waiting...
demo.pcm not found, waiting...
demo.pcm not found, waiting...
demo.pcm not found, waiting...
demo.pcm not found, waiting...
demo.pcm not found, waiting...
demo.pcm not found, waiting...
demo.pcm not found, waiting...
demo.pcm not found, waiting...
demo.pcm not found, waiting...
demo.pcm not found, waiting...
demo.pcm not found, waiting...
demo.pcm not found, waiting...
demo.pcm not found, waiting...
demo.pcm not found, waiting...
demo.pcm not found, waiting...
demo.pcm not found, waiting...
demo.pcm not found, waiting...
demo.pcm not found, waiting...
demo.pcm not found, waiting...
demo.pcm not found, waiting...
demo.pcm not found, waiting...
demo.pcm not found, waiting...
demo.pcm not found, waiting...
demo.pcm not found, waiting...
demo.pcm not found, waiting...
demo.pcm not found, waiting...
demo.pcm not found, waiting...
demo.pcm not found, waiting...
demo.pcm not found, waiting...
demo.pcm not found, waiting...
demo.pcm not found, waiting...
demo.pcm not found, waiting...
demo.pcm not found, waiting...
demo.pcm not found, waiting...
demo.pcm not found, waiting...
demo.pcm not found, waiting...
demo.pcm not found, waiting...
demo.pcm not found, waiting...
demo.pcm not found, waiting...
demo.pcm not found, waiting...
demo.pcm not found, waiting...
demo.pcm not found, waiting...
demo.pcm not found, waiting...
demo.pcm not found, waiting...
demo.pcm not found, waiting...
demo.pcm not found, waiting...
demo.pcm not found, waiting...
demo.pcm not found, waiting...
demo.pcm not found, waiting...
demo.pcm not found, waiting...
demo.pcm not found, waiting...
demo.pcm not found, waiting...
demo.pcm not found, waiting...
demo.pcm not found, waiting...
demo.pcm not found, waiting...
demo.pcm not found, waiting...
demo.pcm not found, waiting...
demo.pcm not found, waiting...
demo.pcm not found, waiting...
demo.pcm not found, waiting...
demo.pcm not found, waiting...
demo.pcm not found, waiting...
demo.pcm not found, waiting...
demo.pcm not found, waiting...
demo.pcm not found, waiting...
demo.pcm not found, waiting...
demo.pcm not found, waiting...
demo.pcm not found, waiting...
demo.pcm not found, waiting...
demo.pcm not found, waiting...
demo.pcm not found, waiting...
demo.pcm not found, waiting...
demo.pcm not found, waiting...
demo.pcm not found, waiting...
demo.pcm not found, waiting...
demo.pcm not found, waiting...
demo.pcm not found, waiting...
demo.pcm not found, waiting...
demo.pcm not found, waiting...
demo.pcm not found, waiting...
demo.pcm not found, waiting...
demo.pcm not found, waiting...
demo.pcm not found, waiting...
demo.pcm not found, waiting...
demo.pcm not found, waiting...
demo.pcm not found, waiting...
demo.pcm not found, waiting...
demo.pcm not found, waiting...
demo.pcm not found, waiting...
demo.pcm not found, waiting...
demo.pcm not found, waiting...
demo.pcm not found, waiting...
demo.pcm not found, waiting...
demo.pcm not found, waiting...
demo.pcm not found, waiting...
demo.pcm not found, waiting...
demo.pcm not found, waiting...
demo.pcm not found, waiting...
demo.pcm not found, waiting...
demo.pcm not found, waiting...
demo.pcm not found, waiting...
demo.pcm not found, waiting...
demo.pcm not found, waiting...
demo.pcm not found, waiting...
demo.pcm not found, waiting...
demo.pcm not found, waiting...
demo.pcm not found, waiting...
demo.pcm not found, waiting...
demo.pcm not found, waiting...
demo.pcm not found, waiting...
demo.pcm not found, waiting...
demo.pcm not found, waiting...
demo.pcm not found, waiting...
demo.pcm not found, waiting...
demo.pcm not found, waiting...
demo.pcm not found, waiting...
demo.pcm not found, waiting...
demo.pcm not found, waiting...
demo.pcm not found, waiting...
demo.pcm not found, waiting...
demo.pcm not found, waiting...
demo.pcm not found, waiting...
demo.pcm not found, waiting...
demo.pcm not found, waiting...
demo.pcm not found, waiting...
demo.pcm not found, waiting...
demo.pcm not found, waiting...
demo.pcm not found, waiting...
demo.pcm not found, waiting...
demo.pcm not found, waiting...
demo.pcm not found, waiting...
demo.pcm not found, waiting...
demo.pcm not found, waiting...
demo.pcm not found, waiting...
demo.pcm not found, waiting...
demo.pcm not found, waiting...
demo.pcm not found, waiting...
demo.pcm not found, waiting...
demo.pcm not found, waiting...
demo.pcm not found, waiting...
demo.pcm not found, waiting...
demo.pcm not found, waiting...
demo.pcm not found, waiting...
demo.pcm not found, waiting...
demo.pcm not found, waiting...
demo.pcm not found, waiting...
demo.pcm not found, waiting...
demo.pcm not found, waiting...
demo.pcm not found, waiting...
demo.pcm not found, waiting...
demo.pcm not found, waiting...
demo.pcm not found, waiting...
demo.pcm not found, waiting...
demo.pcm not found, waiting...
demo.pcm not found, waiting...
demo.pcm not found, waiting...
demo.pcm not found, waiting...
demo.pcm not found, waiting...
demo.pcm not found, waiting...
demo.pcm not found, waiting...
demo.pcm not found, waiting...
demo.pcm not found, waiting...
demo.pcm not found, waiting...
demo.pcm not found, waiting...
demo.pcm not found, waiting...
demo.pcm not found, waiting...
demo.pcm not found, waiting...
demo.pcm not found, waiting...
demo.pcm not found, waiting...
demo.pcm not found, waiting...
demo.pcm not found, waiting...
demo.pcm not found, waiting...
demo.pcm not found, waiting...
demo.pcm not found, waiting...
demo.pcm not found, waiting...
demo.pcm not found, waiting...
demo.pcm not found, waiting...
demo.pcm not found, waiting...
demo.pcm not found, waiting...
demo.pcm not found, waiting...
demo.pcm not found, waiting...
demo.pcm not found, waiting...
demo.pcm not found, waiting...
demo.pcm not found, waiting...
demo.pcm not found, waiting...
demo.pcm not found, waiting...
demo.pcm not found, waiting...
demo.pcm not found, waiting...
demo.pcm not found, waiting...
demo.pcm not found, waiting...
demo.pcm not found, waiting...
demo.pcm not found, waiting...
demo.pcm not found, waiting...
demo.pcm not found, waiting...
demo.pcm not found, waiting...
demo.pcm not found, waiting...
demo.pcm not found, waiting...
demo.pcm not found, waiting...
demo.pcm not found, waiting...
demo.pcm not found, waiting...
demo.pcm not found, waiting...
demo.pcm not found, waiting...
demo.pcm not found, waiting...
demo.pcm not found, waiting...
demo.pcm not found, waiting...
demo.pcm not found, waiting...
demo.pcm not found, waiting...
demo.pcm not found, waiting...
demo.pcm not found, waiting...
demo.pcm not found, waiting...
demo.pcm not found, waiting...
demo.pcm not found, waiting...
demo.pcm not found, waiting...
demo.pcm not found, waiting...
demo.pcm not found, waiting...
demo.pcm not found, waiting...
demo.pcm not found, waiting...
demo.pcm not found, waiting...
demo.pcm not found, waiting...
demo.pcm not found, waiting...
demo.pcm not found, waiting...
demo.pcm not found, waiting...
demo.pcm not found, waiting...
demo.pcm not found, waiting...
demo.pcm not found, waiting...
demo.pcm not found, waiting...
demo.pcm not found, waiting...
demo.pcm not found, waiting...
demo.pcm not found, waiting...
demo.pcm not found, waiting...
demo.pcm not found, waiting...
demo.pcm not found, waiting...
demo.pcm not found, waiting...
demo.pcm not found, waiting...
demo.pcm not found, waiting...
demo.pcm not found, waiting...
demo.pcm not found, waiting...
demo.pcm not found, waiting...
demo.pcm not found, waiting...
demo.pcm not found, waiting...
demo.pcm not found, waiting...
demo.pcm not found, waiting...
demo.pcm not found, waiting...
demo.pcm not found, waiting...
demo.pcm not found, waiting...
demo.pcm not found, waiting...
demo.pcm not found, waiting...
demo.pcm not found, waiting...
demo.pcm not found, waiting...
demo.pcm not found, waiting...
demo.pcm not found, waiting...
demo.pcm not found, waiting...
demo.pcm not found, waiting...
demo.pcm not found, waiting...
demo.pcm not found, waiting...
demo.pcm not found, waiting...
demo.pcm not found, waiting...
demo.pcm not found, waiting...
demo.pcm not found, waiting...
demo.pcm not found, waiting...
demo.pcm not found, waiting...
demo.pcm not found, waiting...
demo.pcm not found, waiting...
demo.pcm not found, waiting...
demo.pcm not found, waiting...
demo.pcm not found, waiting...
demo.pcm not found, waiting...
demo.pcm not found, waiting...
demo.pcm not found, waiting...
demo.pcm not found, waiting...
demo.pcm not found, waiting...
demo.pcm not found, waiting...
demo.pcm not found, waiting...
demo.pcm not found, waiting...
demo.pcm not found, waiting...
demo.pcm not found, waiting...
demo.pcm not found, waiting...
demo.pcm not found, waiting...
demo.pcm not found, waiting...
demo.pcm not found, waiting...
demo.pcm not found, waiting...
demo.pcm not found, waiting...
demo.pcm not found, waiting...
demo.pcm not found, waiting...
demo.pcm not found, waiting...
demo.pcm not found, waiting...
demo.pcm not found, waiting...
demo.pcm not found, waiting...
demo.pcm not found, waiting...
demo.pcm not found, waiting...
demo.pcm not found, waiting...
demo.pcm not found, waiting...
demo.pcm not found, waiting...
demo.pcm not found, waiting...
demo.pcm not found, waiting...
demo.pcm not found, waiting...
demo.pcm not found, waiting...
demo.pcm not found, waiting...
demo.pcm not found, waiting...
demo.pcm not found, waiting...
demo.pcm not found, waiting...
demo.pcm not found, waiting...
demo.pcm not found, waiting...
demo.pcm not found, waiting...
demo.pcm not found, waiting...
demo.pcm not found, waiting...
demo.pcm not found, waiting...
demo.pcm not found, waiting...
demo.pcm not found, waiting...
demo.pcm not found, waiting...
demo.pcm not found, waiting...
demo.pcm not found, waiting...
demo.pcm not found, waiting...
demo.pcm not found, waiting...
demo.pcm not found, waiting...
demo.pcm not found, waiting...
demo.pcm not found, waiting...
demo.pcm not found, waiting...
demo.pcm not found, waiting...
demo.pcm not found, waiting...
demo.pcm not found, waiting...
demo.pcm not found, waiting...
demo.pcm not found, waiting...
demo.pcm not found, waiting...
demo.pcm not found, waiting...
demo.pcm not found, waiting...
demo.pcm not found, waiting...
demo.pcm not found, waiting...
demo.pcm not found, waiting...
demo.pcm not found, waiting...
demo.pcm not found, waiting...
demo.pcm not found, waiting...
demo.pcm not found, waiting...
demo.pcm not found, waiting...
demo.pcm not found, waiting...
demo.pcm not found, waiting...
demo.pcm not found, waiting...
demo.pcm not found, waiting...
demo.pcm not found, waiting...
demo.pcm not found, waiting...
demo.pcm not found, waiting...
demo.pcm not found, waiting...
demo.pcm not found, waiting...
demo.pcm not found, waiting...
demo.pcm not found, waiting...
demo.pcm not found, waiting...
demo.pcm not found, waiting...
demo.pcm not found, waiting...
demo.pcm not found, waiting...
demo.pcm not found, waiting...
demo.pcm not found, waiting...
demo.pcm not found, waiting...
demo.pcm not found, waiting...
demo.pcm not found, waiting...
demo.pcm not found, waiting...
demo.pcm not found, waiting...
demo.pcm not found, waiting...
demo.pcm not found, waiting...
demo.pcm not found, waiting...
demo.pcm not found, waiting...
demo.pcm not found, waiting...
demo.pcm not found, waiting...
demo.pcm not found, waiting...
demo.pcm not found, waiting...
demo.pcm not found, waiting...
demo.pcm not found, waiting...
demo.pcm not found, waiting...
demo.pcm not found, waiting...
demo.pcm not found, waiting...
demo.pcm not found, waiting...
demo.pcm not found, waiting...
demo.pcm not found, waiting...
demo.pcm not found, waiting...
demo.pcm not found, waiting...
demo.pcm not found, waiting...
demo.pcm not found, waiting...
demo.pcm not found, waiting...
demo.pcm not found, waiting...
demo.pcm not found, waiting...
demo.pcm not found, waiting...
demo.pcm not found, waiting...
demo.pcm not found, waiting...
demo.pcm not found, waiting...
demo.pcm not found, waiting...
demo.pcm not found, waiting...
demo.pcm not found, waiting...
demo.pcm not found, waiting...
demo.pcm not found, waiting...
demo.pcm not found, waiting...
demo.pcm not found, waiting...
demo.pcm not found, waiting...
demo.pcm not found, waiting...
demo.pcm not found, waiting...
demo.pcm not found, waiting...
demo.pcm not found, waiting...
demo.pcm not found, waiting...
demo.pcm not found, waiting...
demo.pcm not found, waiting...
demo.pcm not found, waiting...
demo.pcm not found, waiting...
demo.pcm not found, waiting...
demo.pcm not found, waiting...
demo.pcm not found, waiting...
demo.pcm not found, waiting...
demo.pcm not found, waiting...
demo.pcm not found, waiting...
demo.pcm not found, waiting...
demo.pcm not found, waiting...
demo.pcm not found, waiting...
demo.pcm not found, waiting...
demo.pcm not found, waiting...
demo.pcm not found, waiting...
demo.pcm not found, waiting...
demo.pcm not found, waiting...
demo.pcm not found, waiting...
demo.pcm not found, waiting...
demo.pcm not found, waiting...
demo.pcm not found, waiting...
demo.pcm not found, waiting...
demo.pcm not found, waiting...
demo.pcm not found, waiting...
demo.pcm not found, waiting...
demo.pcm not found, waiting...
demo.pcm not found, waiting...
demo.pcm not found, waiting...
demo.pcm not found, waiting...
demo.pcm not found, waiting...
demo.pcm not found, waiting...
demo.pcm not found, waiting...
demo.pcm not found, waiting...
demo.pcm not found, waiting...
demo.pcm not found, waiting...
demo.pcm not found, waiting...
demo.pcm not found, waiting...
demo.pcm not found, waiting...
demo.pcm not found, waiting...
demo.pcm not found, waiting...
demo.pcm not found, waiting...
demo.pcm not found, waiting...
demo.pcm not found, waiting...
demo.pcm not found, waiting...
demo.pcm not found, waiting...
demo.pcm not found, waiting...
demo.pcm not found, waiting...
demo.pcm not found, waiting...
demo.pcm not found, waiting...
demo.pcm not found, waiting...
demo.pcm not found, waiting...
demo.pcm not found, waiting...
demo.pcm not found, waiting...
demo.pcm not found, waiting...
demo.pcm not found, waiting...
demo.pcm not found, waiting...
demo.pcm not found, waiting...
demo.pcm not found, waiting...
demo.pcm not found, waiting...
demo.pcm not found, waiting...
demo.pcm not found, waiting...
demo.pcm not found, waiting...
demo.pcm not found, waiting...
demo.pcm not found, waiting...
demo.pcm not found, waiting...
demo.pcm not found, waiting...
demo.pcm not found, waiting...
demo.pcm not found, waiting...
demo.pcm not found, waiting...
demo.pcm not found, waiting...
demo.pcm not found, waiting...
demo.pcm not found, waiting...
demo.pcm not found, waiting...
demo.pcm not found, waiting...
demo.pcm not found, waiting...
demo.pcm not found, waiting...
demo.pcm not found, waiting...
demo.pcm not found, waiting...
demo.pcm not found, waiting...
demo.pcm not found, waiting...
demo.pcm not found, waiting...
demo.pcm not found, waiting...
demo.pcm not found, waiting...
demo.pcm not found, waiting...
demo.pcm not found, waiting...
demo.pcm not found, waiting...
demo.pcm not found, waiting...
demo.pcm not found, waiting...
demo.pcm not found, waiting...
demo.pcm not found, waiting...
demo.pcm not found, waiting...
demo.pcm not found, waiting...
demo.pcm not found, waiting...
demo.pcm not found, waiting...
demo.pcm not found, waiting...
demo.pcm not found, waiting...
demo.pcm not found, waiting...
demo.pcm not found, waiting...
demo.pcm not found, waiting...
demo.pcm not found, waiting...
demo.pcm not found, waiting...
demo.pcm not found, waiting...
demo.pcm not found, waiting...
demo.pcm not found, waiting...
demo.pcm not found, waiting...
demo.pcm not found, waiting...
demo.pcm not found, waiting...
demo.pcm not found, waiting...
demo.pcm not found, waiting...
demo.pcm not found, waiting...
demo.pcm not found, waiting...
demo.pcm not found, waiting...
demo.pcm not found, waiting...
demo.pcm not found, waiting...
demo.pcm not found, waiting...
demo.pcm not found, waiting...
demo.pcm not found, waiting...
demo.pcm not found, waiting...
demo.pcm not found, waiting...
demo.pcm not found, waiting...
demo.pcm not found, waiting...
demo.pcm not found, waiting...
demo.pcm not found, waiting...
demo.pcm not found, waiting...
demo.pcm not found, waiting...
demo.pcm not found, waiting...
demo.pcm not found, waiting...
demo.pcm not found, waiting...
demo.pcm not found, waiting...
demo.pcm not found, waiting...
demo.pcm not found, waiting...
demo.pcm not found, waiting...
demo.pcm not found, waiting...
demo.pcm not found, waiting...
demo.pcm not found, waiting...
demo.pcm not found, waiting...
demo.pcm not found, waiting...
demo.pcm not found, waiting...
demo.pcm not found, waiting...
demo.pcm not found, waiting...
demo.pcm not found, waiting...
demo.pcm not found, waiting...
demo.pcm not found, waiting...
demo.pcm not found, waiting...
demo.pcm not found, waiting...
demo.pcm not found, waiting...
demo.pcm not found, waiting...
demo.pcm not found, waiting...
demo.pcm not found, waiting...
demo.pcm not found, waiting...
demo.pcm not found, waiting...
demo.pcm not found, waiting...
demo.pcm not found, waiting...
demo.pcm not found, waiting...
demo.pcm not found, waiting...
demo.pcm not found, waiting...
demo.pcm not found, waiting...
demo.pcm not found, waiting...
demo.pcm not found, waiting...
demo.pcm not found, waiting...
demo.pcm not found, waiting...
demo.pcm not found, waiting...
demo.pcm not found, waiting...
demo.pcm not found, waiting...
demo.pcm not found, waiting...
demo.pcm not found, waiting...
demo.pcm not found, waiting...
demo.pcm not found, waiting...
demo.pcm not found, waiting...
demo.pcm not found, waiting...
demo.pcm not found, waiting...
demo.pcm not found, waiting...
demo.pcm not found, waiting...
demo.pcm not found, waiting...
demo.pcm not found, waiting...
demo.pcm not found, waiting...
demo.pcm not found, waiting...
demo.pcm not found, waiting...
demo.pcm not found, waiting...
demo.pcm not found, waiting...
demo.pcm not found, waiting...
demo.pcm not found, waiting...
demo.pcm not found, waiting...
demo.pcm not found, waiting...
demo.pcm not found, waiting...
demo.pcm not found, waiting...
demo.pcm not found, waiting...
demo.pcm not found, waiting...
demo.pcm not found, waiting...
demo.pcm not found, waiting...
demo.pcm not found, waiting...
demo.pcm not found, waiting...
demo.pcm not found, waiting...
demo.pcm not found, waiting...
demo.pcm not found, waiting...
demo.pcm not found, waiting...
demo.pcm not found, waiting...
demo.pcm not found, waiting...
demo.pcm not found, waiting...
demo.pcm not found, waiting...
demo.pcm not found, waiting...
demo.pcm not found, waiting...
demo.pcm not found, waiting...
demo.pcm not found, waiting...
demo.pcm not found, waiting...
demo.pcm not found, waiting...
demo.pcm not found, waiting...
demo.pcm not found, waiting...
demo.pcm not found, waiting...
demo.pcm not found, waiting...
demo.pcm not found, waiting...
demo.pcm not found, waiting...
demo.pcm not found, waiting...
demo.pcm not found, waiting...
demo.pcm not found, waiting...
demo.pcm not found, waiting...
demo.pcm not found, waiting...
demo.pcm not found, waiting...
demo.pcm not found, waiting...
demo.pcm not found, waiting...
demo.pcm not found, waiting...
demo.pcm not found, waiting...
demo.pcm not found, waiting...
demo.pcm not found, waiting...
demo.pcm not found, waiting...
demo.pcm not found, waiting...
demo.pcm not found, waiting...
demo.pcm not found, waiting...
demo.pcm not found, waiting...
demo.pcm not found, waiting...
demo.pcm not found, waiting...
demo.pcm not found, waiting...
demo.pcm not found, waiting...
demo.pcm not found, waiting...
demo.pcm not found, waiting...
demo.pcm not found, waiting...
demo.pcm not found, waiting...
demo.pcm not found, waiting...
demo.pcm not found, waiting...
demo.pcm not found, waiting...
demo.pcm not found, waiting...
demo.pcm not found, waiting...
demo.pcm not found, waiting...
demo.pcm not found, waiting...
demo.pcm not found, waiting...
demo.pcm not found, waiting...
demo.pcm not found, waiting...
demo.pcm not found, waiting...
demo.pcm not found, waiting...
demo.pcm not found, waiting...
demo.pcm not found, waiting...
demo.pcm not found, waiting...
demo.pcm not found, waiting...
demo.pcm not found, waiting...
demo.pcm not found, waiting...
demo.pcm not found, waiting...
demo.pcm not found, waiting...
demo.pcm not found, waiting...
demo.pcm not found, waiting...
demo.pcm not found, waiting...
demo.pcm not found, waiting...
demo.pcm not found, waiting...
demo.pcm not found, waiting...
demo.pcm not found, waiting...
demo.pcm not found, waiting...
demo.pcm not found, waiting...
demo.pcm not found, waiting...
demo.pcm not found, waiting...
demo.pcm not found, waiting...
demo.pcm not found, waiting...
demo.pcm not found, waiting...
demo.pcm not found, waiting...
demo.pcm not found, waiting...
demo.pcm not found, waiting...
demo.pcm not found, waiting...
demo.pcm not found, waiting...
demo.pcm not found, waiting...
demo.pcm not found, waiting...
demo.pcm not found, waiting...
demo.pcm not found, waiting...
demo.pcm not found, waiting...
demo.pcm not found, waiting...
demo.pcm not found, waiting...
demo.pcm not found, waiting...
demo.pcm not found, waiting...
demo.pcm not found, waiting...
demo.pcm not found, waiting...
demo.pcm not found, waiting...
demo.pcm not found, waiting...
demo.pcm not found, waiting...
demo.pcm not found, waiting...
demo.pcm not found, waiting...
demo.pcm not found, waiting...
demo.pcm not found, waiting...
demo.pcm not found, waiting...
demo.pcm not found, waiting...
demo.pcm not found, waiting...
demo.pcm not found, waiting...
demo.pcm not found, waiting...
demo.pcm not found, waiting...
demo.pcm not found, waiting...
demo.pcm not found, waiting...
demo.pcm not found, waiting...
demo.pcm not found, waiting...
demo.pcm not found, waiting...
demo.pcm not found, waiting...
demo.pcm not found, waiting...
demo.pcm not found, waiting...
demo.pcm not found, waiting...
demo.pcm not found, waiting...
demo.pcm not found, waiting...
demo.pcm not found, waiting...
demo.pcm not found, waiting...
demo.pcm not found, waiting...
demo.pcm not found, waiting...
demo.pcm not found, waiting...
demo.pcm not found, waiting...
demo.pcm not found, waiting...
demo.pcm not found, waiting...
demo.pcm not found, waiting...
demo.pcm not found, waiting...
demo.pcm not found, waiting...
demo.pcm not found, waiting...
demo.pcm not found, waiting...
demo.pcm not found, waiting...
demo.pcm not found, waiting...
demo.pcm not found, waiting...
demo.pcm not found, waiting...
demo.pcm not found, waiting...
demo.pcm not found, waiting...
demo.pcm not found, waiting...
demo.pcm not found, waiting...
demo.pcm not found, waiting...
demo.pcm not found, waiting...
demo.pcm not found, waiting...
demo.pcm not found, waiting...
demo.pcm not found, waiting...
demo.pcm not found, waiting...
demo.pcm not found, waiting...
demo.pcm not found, waiting...
demo.pcm not found, waiting...
demo.pcm not found, waiting...
demo.pcm not found, waiting...
demo.pcm not found, waiting...
demo.pcm not found, waiting...
demo.pcm not found, waiting...
demo.pcm not found, waiting...
demo.pcm not found, waiting...
demo.pcm not found, waiting...
demo.pcm not found, waiting...
demo.pcm not found, waiting...
demo.pcm not found, waiting...
demo.pcm not found, waiting...
demo.pcm not found, waiting...
demo.pcm not found, waiting...
demo.pcm not found, waiting...
demo.pcm not found, waiting...
demo.pcm not found, waiting...
demo.pcm not found, waiting...
demo.pcm not found, waiting...
demo.pcm not found, waiting...
demo.pcm not found, waiting...
demo.pcm not found, waiting...
demo.pcm not found, waiting...
demo.pcm not found, waiting...
demo.pcm not found, waiting...
demo.pcm not found, waiting...
demo.pcm not found, waiting...
demo.pcm not found, waiting...
demo.pcm not found, waiting...
demo.pcm not found, waiting...
demo.pcm not found, waiting...
demo.pcm not found, waiting...
demo.pcm not found, waiting...
demo.pcm not found, waiting...
demo.pcm not found, waiting...
demo.pcm not found, waiting...
demo.pcm not found, waiting...
demo.pcm not found, waiting...
demo.pcm not found, waiting...
demo.pcm not found, waiting...
demo.pcm not found, waiting...
demo.pcm not found, waiting...
demo.pcm not found, waiting...
demo.pcm not found, waiting...
demo.pcm not found, waiting...
demo.pcm not found, waiting...
demo.pcm not found, waiting...
demo.pcm not found, waiting...
demo.pcm not found, waiting...
demo.pcm not found, waiting...
demo.pcm not found, waiting...
demo.pcm not found, waiting...
demo.pcm not found, waiting...
demo.pcm not found, waiting...
demo.pcm not found, waiting...
demo.pcm not found, waiting...
demo.pcm not found, waiting...
demo.pcm not found, waiting...
demo.pcm not found, waiting...
demo.pcm not found, waiting...
demo.pcm not found, waiting...
demo.pcm not found, waiting...
demo.pcm not found, waiting...
demo.pcm not found, waiting...
demo.pcm not found, waiting...
demo.pcm not found, waiting...
demo.pcm not found, waiting...
demo.pcm not found, waiting...
demo.pcm not found, waiting...
demo.pcm not found, waiting...
demo.pcm not found, waiting...
demo.pcm not found, waiting...
demo.pcm not found, waiting...
demo.pcm not found, waiting...
demo.pcm not found, waiting...
demo.pcm not found, waiting...
demo.pcm not found, waiting...
demo.pcm not found, waiting...
demo.pcm not found, waiting...
demo.pcm not found, waiting...
demo.pcm not found, waiting...
demo.pcm not found, waiting...
demo.pcm not found, waiting...
demo.pcm not found, waiting...
demo.pcm not found, waiting...
demo.pcm not found, waiting...
demo.pcm not found, waiting...
demo.pcm not found, waiting...
demo.pcm not found, waiting...
demo.pcm not found, waiting...
demo.pcm not found, waiting...
demo.pcm not found, waiting...
demo.pcm not found, waiting...
demo.pcm not found, waiting...
demo.pcm not found, waiting...
demo.pcm not found, waiting...
demo.pcm not found, waiting...
demo.pcm not found, waiting...
demo.pcm not found, waiting...
demo.pcm not found, waiting...
demo.pcm not found, waiting...
demo.pcm not found, waiting...
demo.pcm not found, waiting...
demo.pcm not found, waiting...
demo.pcm not found, waiting...
demo.pcm not found, waiting...
demo.pcm not found, waiting...
demo.pcm not found, waiting...
demo.pcm not found, waiting...
demo.pcm not found, waiting...
demo.pcm not found, waiting...
demo.pcm not found, waiting...
demo.pcm not found, waiting...
demo.pcm not found, waiting...
demo.pcm not found, waiting...
demo.pcm not found, waiting...
demo.pcm not found, waiting...
demo.pcm not found, waiting...
demo.pcm not found, waiting...
demo.pcm not found, waiting...
demo.pcm not found, waiting...
demo.pcm not found, waiting...
demo.pcm not found, waiting...
demo.pcm not found, waiting...
demo.pcm not found, waiting...
demo.pcm not found, waiting...
demo.pcm not found, waiting...
demo.pcm not found, waiting...
demo.pcm not found, waiting...
demo.pcm not found, waiting...
demo.pcm not found, waiting...
demo.pcm not found, waiting...
demo.pcm not found, waiting...
demo.pcm not found, waiting...
demo.pcm not found, waiting...
demo.pcm not found, waiting...
demo.pcm not found, waiting...
demo.pcm not found, waiting...
demo.pcm not found, waiting...
demo.pcm not found, waiting...
demo.pcm not found, waiting...
demo.pcm not found, waiting...
demo.pcm not found, waiting...
demo.pcm not found, waiting...
demo.pcm not found, waiting...
demo.pcm not found, waiting...
demo.pcm not found, waiting...
demo.pcm not found, waiting...
demo.pcm not found, waiting...
demo.pcm not found, waiting...
demo.pcm not found, waiting...
demo.pcm not found, waiting...
demo.pcm not found, waiting...
demo.pcm not found, waiting...
demo.pcm not found, waiting...
demo.pcm not found, waiting...
demo.pcm not found, waiting...
demo.pcm not found, waiting...
demo.pcm not found, waiting...
demo.pcm not found, waiting...
demo.pcm not found, waiting...
demo.pcm not found, waiting...
demo.pcm not found, waiting...
demo.pcm not found, waiting...
demo.pcm not found, waiting...
demo.pcm not found, waiting...
demo.pcm not found, waiting...
demo.pcm not found, waiting...
demo.pcm not found, waiting...
demo.pcm not found, waiting...
demo.pcm not found, waiting...
demo.pcm not found, waiting...
demo.pcm not found, waiting...
demo.pcm not found, waiting...
demo.pcm not found, waiting...
demo.pcm not found, waiting...
demo.pcm not found, waiting...
demo.pcm not found, waiting...
demo.pcm not found, waiting...
demo.pcm not found, waiting...
demo.pcm not found, waiting...
demo.pcm not found, waiting...
demo.pcm not found, waiting...
demo.pcm not found, waiting...
demo.pcm not found, waiting...
demo.pcm not found, waiting...
demo.pcm not found, waiting...
demo.pcm not found, waiting...
demo.pcm not found, waiting...
demo.pcm not found, waiting...
demo.pcm not found, waiting...
demo.pcm not found, waiting...
demo.pcm not found, waiting...
demo.pcm not found, waiting...
demo.pcm not found, waiting...
demo.pcm not found, waiting...
demo.pcm not found, waiting...
demo.pcm not found, waiting...
demo.pcm not found, waiting...
demo.pcm not found, waiting...
demo.pcm not found, waiting...
demo.pcm not found, waiting...
demo.pcm not found, waiting...
demo.pcm not found, waiting...
demo.pcm not found, waiting...
demo.pcm not found, waiting...
demo.pcm not found, waiting...
demo.pcm not found, waiting...
demo.pcm not found, waiting...
demo.pcm not found, waiting...
demo.pcm not found, waiting...
demo.pcm not found, waiting...
demo.pcm not found, waiting...
demo.pcm not found, waiting...
demo.pcm not found, waiting...
demo.pcm not found, waiting...
demo.pcm not found, waiting...
demo.pcm not found, waiting...
demo.pcm not found, waiting...
demo.pcm not found, waiting...
demo.pcm not found, waiting...
demo.pcm not found, waiting...
demo.pcm not found, waiting...
demo.pcm not found, waiting...
demo.pcm not found, waiting...
demo.pcm not found, waiting...
demo.pcm not found, waiting...
demo.pcm not found, waiting...
demo.pcm not found, waiting...
demo.pcm not found, waiting...
demo.pcm not found, waiting...
demo.pcm not found, waiting...
demo.pcm not found, waiting...
demo.pcm not found, waiting...
demo.pcm not found, waiting...
demo.pcm not found, waiting...
demo.pcm not found, waiting...
demo.pcm not found, waiting...
demo.pcm not found, waiting...
demo.pcm not found, waiting...
demo.pcm not found, waiting...
demo.pcm not found, waiting...
demo.pcm not found, waiting...
demo.pcm not found, waiting...
demo.pcm not found, waiting...
demo.pcm not found, waiting...
demo.pcm not found, waiting...
demo.pcm not found, waiting...
demo.pcm not found, waiting...
demo.pcm not found, waiting...
demo.pcm not found, waiting...
demo.pcm not found, waiting...
demo.pcm not found, waiting...
demo.pcm not found, waiting...
demo.pcm not found, waiting...
demo.pcm not found, waiting...
demo.pcm not found, waiting...
demo.pcm not found, waiting...
demo.pcm not found, waiting...
demo.pcm not found, waiting...
demo.pcm not found, waiting...
demo.pcm not found, waiting...
demo.pcm not found, waiting...
demo.pcm not found, waiting...
demo.pcm not found, waiting...
demo.pcm not found, waiting...
demo.pcm not found, waiting...
demo.pcm not found, waiting...
demo.pcm not found, waiting...
demo.pcm not found, waiting...
demo.pcm not found, waiting...
demo.pcm not found, waiting...
demo.pcm not found, waiting...
demo.pcm not found, waiting...
demo.pcm not found, waiting...
demo.pcm not found, waiting...
demo.pcm not found, waiting...
demo.pcm not found, waiting...
demo.pcm not found, waiting...
demo.pcm not found, waiting...
demo.pcm not found, waiting...
demo.pcm not found, waiting...
demo.pcm not found, waiting...
demo.pcm not found, waiting...
demo.pcm not found, waiting...
demo.pcm not found, waiting...
demo.pcm not found, waiting...
demo.pcm not found, waiting...
demo.pcm not found, waiting...
demo.pcm not found, waiting...
demo.pcm not found, waiting...
demo.pcm not found, waiting...
demo.pcm not found, waiting...
demo.pcm not found, waiting...
demo.pcm not found, waiting...
demo.pcm not found, waiting...
demo.pcm not found, waiting...
demo.pcm not found, waiting...
demo.pcm not found, waiting...
demo.pcm not found, waiting...
demo.pcm not found, waiting...
demo.pcm not found, waiting...
demo.pcm not found, waiting...
demo.pcm not found, waiting...
demo.pcm not found, waiting...
demo.pcm not found, waiting...
demo.pcm not found, waiting...
demo.pcm not found, waiting...
demo.pcm not found, waiting...
demo.pcm not found, waiting...
demo.pcm not found, waiting...
demo.pcm not found, waiting...
demo.pcm not found, waiting...
demo.pcm not found, waiting...
demo.pcm not found, waiting...
demo.pcm not found, waiting...
demo.pcm not found, waiting...
demo.pcm not found, waiting...
demo.pcm not found, waiting...
demo.pcm not found, waiting...
demo.pcm not found, waiting...
demo.pcm not found, waiting...
demo.pcm not found, waiting...
demo.pcm not found, waiting...
demo.pcm not found, waiting...
demo.pcm not found, waiting...
demo.pcm not found, waiting...
demo.pcm not found, waiting...
demo.pcm not found, waiting...
demo.pcm not found, waiting...
demo.pcm not found, waiting...
demo.pcm not found, waiting...
demo.pcm not found, waiting...
demo.pcm not found, waiting...
demo.pcm not found, waiting...
demo.pcm not found, waiting...
demo.pcm not found, waiting...
demo.pcm not found, waiting...
demo.pcm not found, waiting...
demo.pcm not found, waiting...
demo.pcm not found, waiting...
demo.pcm not found, waiting...
demo.pcm not found, waiting...
demo.pcm not found, waiting...
demo.pcm not found, waiting...
demo.pcm not found, waiting...
demo.pcm not found, waiting...
demo.pcm not found, waiting...
demo.pcm not found, waiting...
demo.pcm not found, waiting...
demo.pcm not found, waiting...
demo.pcm not found, waiting...
demo.pcm not found, waiting...
demo.pcm not found, waiting...
demo.pcm not found, waiting...
demo.pcm not found, waiting...
demo.pcm not found, waiting...
demo.pcm not found, waiting...
demo.pcm not found, waiting...
demo.pcm not found, waiting...
demo.pcm not found, waiting...
demo.pcm not found, waiting...
demo.pcm not found, waiting...
demo.pcm not found, waiting...
demo.pcm not found, waiting...
demo.pcm not found, waiting...
demo.pcm not found, waiting...
demo.pcm not found, waiting...
demo.pcm not found, waiting...
demo.pcm not found, waiting...
demo.pcm not found, waiting...
demo.pcm not found, waiting...
demo.pcm not found, waiting...
demo.pcm not found, waiting...
demo.pcm not found, waiting...
demo.pcm not found, waiting...
demo.pcm not found, waiting...
demo.pcm not found, waiting...
demo.pcm not found, waiting...
demo.pcm not found, waiting...
demo.pcm not found, waiting...
demo.pcm not found, waiting...
demo.pcm not found, waiting...
demo.pcm not found, waiting...
demo.pcm not found, waiting...
demo.pcm not found, waiting...
demo.pcm not found, waiting...
demo.pcm not found, waiting...
demo.pcm not found, waiting...
demo.pcm not found, waiting...
demo.pcm not found, waiting...
demo.pcm not found, waiting...
demo.pcm not found, waiting...
demo.pcm not found, waiting...
demo.pcm not found, waiting...
demo.pcm not found, waiting...
demo.pcm not found, waiting...
demo.pcm not found, waiting...
demo.pcm not found, waiting...
demo.pcm not found, waiting...
demo.pcm not found, waiting...
demo.pcm not found, waiting...
demo.pcm not found, waiting...
demo.pcm not found, waiting...
demo.pcm not found, waiting...
demo.pcm not found, waiting...
demo.pcm not found, waiting...
demo.pcm not found, waiting...
demo.pcm not found, waiting...
demo.pcm not found, waiting...
demo.pcm not found, waiting...
demo.pcm not found, waiting...
demo.pcm not found, waiting...
demo.pcm not found, waiting...
demo.pcm not found, waiting...
demo.pcm not found, waiting...
demo.pcm not found, waiting...
demo.pcm not found, waiting...
demo.pcm not found, waiting...
demo.pcm not found, waiting...
demo.pcm not found, waiting...
demo.pcm not found, waiting...
demo.pcm not found, waiting...
demo.pcm not found, waiting...
demo.pcm not found, waiting...
demo.pcm not found, waiting...
demo.pcm not found, waiting...
demo.pcm not found, waiting...
demo.pcm not found, waiting...
demo.pcm not found, waiting...
demo.pcm not found, waiting...
demo.pcm not found, waiting...
demo.pcm not found, waiting...
demo.pcm not found, waiting...
demo.pcm not found, waiting...
demo.pcm not found, waiting...
demo.pcm not found, waiting...
demo.pcm not found, waiting...
demo.pcm not found, waiting...
demo.pcm not found, waiting...
demo.pcm not found, waiting...
demo.pcm not found, waiting...
demo.pcm not found, waiting...
demo.pcm not found, waiting...
demo.pcm not found, waiting...
demo.pcm not found, waiting...
demo.pcm not found, waiting...
demo.pcm not found, waiting...
demo.pcm not found, waiting...
demo.pcm not found, waiting...
demo.pcm not found, waiting...
demo.pcm not found, waiting...
demo.pcm not found, waiting...
demo.pcm not found, waiting...
demo.pcm not found, waiting...
demo.pcm not found, waiting...
demo.pcm not found, waiting...
demo.pcm not found, waiting...
demo.pcm not found, waiting...
demo.pcm not found, waiting...
demo.pcm not found, waiting...
demo.pcm not found, waiting...
demo.pcm not found, waiting...
demo.pcm not found, waiting...
demo.pcm not found, waiting...
demo.pcm not found, waiting...
demo.pcm not found, waiting...
demo.pcm not found, waiting...
demo.pcm not found, waiting...
demo.pcm not found, waiting...
demo.pcm not found, waiting...
demo.pcm not found, waiting...
demo.pcm not found, waiting...
demo.pcm not found, waiting...
demo.pcm not found, waiting...
demo.pcm not found, waiting...
demo.pcm not found, waiting...
demo.pcm not found, waiting...
demo.pcm not found, waiting...
demo.pcm not found, waiting...
demo.pcm not found, waiting...
demo.pcm not found, waiting...
demo.pcm not found, waiting...
demo.pcm not found, waiting...
demo.pcm not found, waiting...
demo.pcm not found, waiting...
demo.pcm not found, waiting...
demo.pcm not found, waiting...
demo.pcm not found, waiting...
demo.pcm not found, waiting...
demo.pcm not found, waiting...
demo.pcm not found, waiting...
demo.pcm not found, waiting...
demo.pcm not found, waiting...
demo.pcm not found, waiting...
demo.pcm not found, waiting...
demo.pcm not found, waiting...
demo.pcm not found, waiting...
demo.pcm not found, waiting...
demo.pcm not found, waiting...
demo.pcm not found, waiting...
demo.pcm not found, waiting...
demo.pcm not found, waiting...
demo.pcm not found, waiting...
demo.pcm not found, waiting...
demo.pcm not found, waiting...
demo.pcm not found, waiting...
demo.pcm not found, waiting...
demo.pcm not found, waiting...
demo.pcm not found, waiting...
demo.pcm not found, waiting...
demo.pcm not found, waiting...
demo.pcm not found, waiting...
demo.pcm not found, waiting...
demo.pcm not found, waiting...
demo.pcm not found, waiting...
demo.pcm not found, waiting...
demo.pcm not found, waiting...
demo.pcm not found, waiting...
demo.pcm not found, waiting...
demo.pcm not found, waiting...
demo.pcm not found, waiting...
demo.pcm not found, waiting...
demo.pcm not found, waiting...
demo.pcm not found, waiting...
demo.pcm not found, waiting...
demo.pcm not found, waiting...
demo.pcm not found, waiting...
demo.pcm not found, waiting...
demo.pcm not found, waiting...
demo.pcm not found, waiting...
demo.pcm not found, waiting...
demo.pcm not found, waiting...
demo.pcm not found, waiting...
demo.pcm not found, waiting...
demo.pcm not found, waiting...
demo.pcm not found, waiting...
demo.pcm not found, waiting...
demo.pcm not found, waiting...
demo.pcm not found, waiting...
demo.pcm not found, waiting...
demo.pcm not found, waiting...
demo.pcm not found, waiting...
demo.pcm not found, waiting...
demo.pcm not found, waiting...
demo.pcm not found, waiting...
demo.pcm not found, waiting...
demo.pcm not found, waiting...
demo.pcm not found, waiting...
demo.pcm not found, waiting...
demo.pcm not found, waiting...
demo.pcm not found, waiting...
demo.pcm not found, waiting...
demo.pcm not found, waiting...
demo.pcm not found, waiting...
demo.pcm not found, waiting...
demo.pcm not found, waiting...
demo.pcm not found, waiting...
demo.pcm not found, waiting...
demo.pcm not found, waiting...
demo.pcm not found, waiting...
demo.pcm not found, waiting...
demo.pcm not found, waiting...
demo.pcm not found, waiting...
demo.pcm not found, waiting...
demo.pcm not found, waiting...
demo.pcm not found, waiting...
demo.pcm not found, waiting...
demo.pcm not found, waiting...
demo.pcm not found, waiting...
demo.pcm not found, waiting...
demo.pcm not found, waiting...
demo.pcm not found, waiting...
demo.pcm not found, waiting...
demo.pcm not found, waiting...
demo.pcm not found, waiting...
demo.pcm not found, waiting...
demo.pcm not found, waiting...
demo.pcm not found, waiting...
demo.pcm not found, waiting...
demo.pcm not found, waiting...
demo.pcm not found, waiting...
demo.pcm not found, waiting...
demo.pcm not found, waiting...
demo.pcm not found, waiting...
demo.pcm not found, waiting...
demo.pcm not found, waiting...
demo.pcm not found, waiting...
demo.pcm not found, waiting...
demo.pcm not found, waiting...
demo.pcm not found, waiting...
demo.pcm not found, waiting...
demo.pcm not found, waiting...
demo.pcm not found, waiting...
demo.pcm not found, waiting...
demo.pcm not found, waiting...
demo.pcm not found, waiting...
demo.pcm not found, waiting...
demo.pcm not found, waiting...
demo.pcm not found, waiting...
demo.pcm not found, waiting...
demo.pcm not found, waiting...
demo.pcm not found, waiting...
demo.pcm not found, waiting...
demo.pcm not found, waiting...
demo.pcm not found, waiting...
demo.pcm not found, waiting...
demo.pcm not found, waiting...
demo.pcm not found, waiting...
demo.pcm not found, waiting...
demo.pcm not found, waiting...
demo.pcm not found, waiting...
demo.pcm not found, waiting...
demo.pcm not found, waiting...
demo.pcm not found, waiting...
demo.pcm not found, waiting...
demo.pcm not found, waiting...
demo.pcm not found, waiting...
demo.pcm not found, waiting...
demo.pcm not found, waiting...
demo.pcm not found, waiting...
demo.pcm not found, waiting...
demo.pcm not found, waiting...
demo.pcm not found, waiting...
demo.pcm not found, waiting...
demo.pcm not found, waiting...
demo.pcm not found, waiting...
demo.pcm not found, waiting...
demo.pcm not found, waiting...
demo.pcm not found, waiting...
demo.pcm not found, waiting...
demo.pcm not found, waiting...
demo.pcm not found, waiting...
demo.pcm not found, waiting...
demo.pcm not found, waiting...
demo.pcm not found, waiting...
demo.pcm not found, waiting...
demo.pcm not found, waiting...
demo.pcm not found, waiting...
demo.pcm not found, waiting...
demo.pcm not found, waiting...
demo.pcm not found, waiting...
demo.pcm not found, waiting...
demo.pcm not found, waiting...
demo.pcm not found, waiting...
demo.pcm not found, waiting...
demo.pcm not found, waiting...
demo.pcm not found, waiting...
demo.pcm not found, waiting...
demo.pcm not found, waiting...
demo.pcm not found, waiting...
demo.pcm not found, waiting...
demo.pcm not found, waiting...
demo.pcm not found, waiting...
demo.pcm not found, waiting...
demo.pcm not found, waiting...
demo.pcm not found, waiting...
demo.pcm not found, waiting...
demo.pcm not found, waiting...
demo.pcm not found, waiting...
demo.pcm not found, waiting...
demo.pcm not found, waiting...
demo.pcm not found, waiting...
demo.pcm not found, waiting...
demo.pcm not found, waiting...
demo.pcm not found, waiting...
demo.pcm not found, waiting...
demo.pcm not found, waiting...
demo.pcm not found, waiting...
demo.pcm not found, waiting...
demo.pcm not found, waiting...
demo.pcm not found, waiting...
demo.pcm not found, waiting...
demo.pcm not found, waiting...
demo.pcm not found, waiting...
demo.pcm not found, waiting...
demo.pcm not found, waiting...
demo.pcm not found, waiting...
demo.pcm not found, waiting...
demo.pcm not found, waiting...
demo.pcm not found, waiting...
demo.pcm not found, waiting...
demo.pcm not found, waiting...
demo.pcm not found, waiting...
demo.pcm not found, waiting...
demo.pcm not found, waiting...
demo.pcm not found, waiting...
demo.pcm not found, waiting...
demo.pcm not found, waiting...
demo.pcm not found, waiting...
demo.pcm not found, waiting...
demo.pcm not found, waiting...
demo.pcm not found, waiting...
demo.pcm not found, waiting...
demo.pcm not found, waiting...
demo.pcm not found, waiting...
demo.pcm not found, waiting...
demo.pcm not found, waiting...
demo.pcm not found, waiting...
demo.pcm not found, waiting...
demo.pcm not found, waiting...
demo.pcm not found, waiting...
demo.pcm not found, waiting...
demo.pcm not found, waiting...
demo.pcm not found, waiting...
demo.pcm not found, waiting...
demo.pcm not found, waiting...
demo.pcm not found, waiting...
demo.pcm not found, waiting...
demo.pcm not found, waiting...
demo.pcm not found, waiting...
demo.pcm not found, waiting...
demo.pcm not found, waiting...
demo.pcm not found, waiting...
demo.pcm not found, waiting...
demo.pcm not found, waiting...
demo.pcm not found, waiting...
demo.pcm not found, waiting...
demo.pcm not found, waiting...
demo.pcm not found, waiting...
demo.pcm not found, waiting...
demo.pcm not found, waiting...
demo.pcm not found, waiting...
demo.pcm not found, waiting...
demo.pcm not found, waiting...
demo.pcm not found, waiting...
demo.pcm not found, waiting...
demo.pcm not found, waiting...
demo.pcm not found, waiting...
demo.pcm not found, waiting...
demo.pcm not found, waiting...
demo.pcm not found, waiting...
demo.pcm not found, waiting...
demo.pcm not found, waiting...
demo.pcm not found, waiting...
demo.pcm not found, waiting...
demo.pcm not found, waiting...
demo.pcm not found, waiting...
demo.pcm not found, waiting...
demo.pcm not found, waiting...
demo.pcm not found, waiting...
demo.pcm not found, waiting...
demo.pcm not found, waiting...
demo.pcm not found, waiting...
demo.pcm not found, waiting...
demo.pcm not found, waiting...
demo.pcm not found, waiting...
demo.pcm not found, waiting...
demo.pcm not found, waiting...
demo.pcm not found, waiting...
demo.pcm not found, waiting...
demo.pcm not found, waiting...
demo.pcm not found, waiting...
demo.pcm not found, waiting...
demo.pcm not found, waiting...
demo.pcm not found, waiting...
demo.pcm not found, waiting...
demo.pcm not found, waiting...
demo.pcm not found, waiting...
demo.pcm not found, waiting...
demo.pcm not found, waiting...
demo.pcm not found, waiting...
demo.pcm not found, waiting...
demo.pcm not found, waiting...
demo.pcm not found, waiting...
demo.pcm not found, waiting...
demo.pcm not found, waiting...
demo.pcm not found, waiting...
demo.pcm not found, waiting...
demo.pcm not found, waiting...
demo.pcm not found, waiting...
demo.pcm not found, waiting...
demo.pcm not found, waiting...
demo.pcm not found, waiting...
demo.pcm not found, waiting...
demo.pcm not found, waiting...
demo.pcm not found, waiting...
demo.pcm not found, waiting...
demo.pcm not found, waiting...
demo.pcm not found, waiting...
demo.pcm not found, waiting...
demo.pcm not found, waiting...
demo.pcm not found, waiting...
demo.pcm not found, waiting...
demo.pcm not found, waiting...
demo.pcm not found, waiting...
demo.pcm not found, waiting...
demo.pcm not found, waiting...
demo.pcm not found, waiting...
demo.pcm not found, waiting...
demo.pcm not found, waiting...
demo.pcm not found, waiting...
demo.pcm not found, waiting...
demo.pcm not found, waiting...
demo.pcm not found, waiting...
demo.pcm not found, waiting...
demo.pcm not found, waiting...
demo.pcm not found, waiting...
demo.pcm not found, waiting...
demo.pcm not found, waiting...
demo.pcm not found, waiting...
demo.pcm not found, waiting...
demo.pcm not found, waiting...
demo.pcm not found, waiting...
demo.pcm not found, waiting...
demo.pcm not found, waiting...
demo.pcm not found, waiting...
demo.pcm not found, waiting...
demo.pcm not found, waiting...
demo.pcm not found, waiting...
demo.pcm not found, waiting...
demo.pcm not found, waiting...
demo.pcm not found, waiting...
demo.pcm not found, waiting...
demo.pcm not found, waiting...
demo.pcm not found, waiting...
demo.pcm not found, waiting...
demo.pcm not found, waiting...
demo.pcm not found, waiting...
demo.pcm not found, waiting...
demo.pcm not found, waiting...
demo.pcm not found, waiting...
demo.pcm not found, waiting...
demo.pcm not found, waiting...
demo.pcm not found, waiting...
demo.pcm not found, waiting...
demo.pcm not found, waiting...
demo.pcm not found, waiting...
demo.pcm not found, waiting...
demo.pcm not found, waiting...
demo.pcm not found, waiting...
demo.pcm not found, waiting...
demo.pcm not found, waiting...
demo.pcm not found, waiting...
demo.pcm not found, waiting...
demo.pcm not found, waiting...
demo.pcm not found, waiting...
demo.pcm not found, waiting...
demo.pcm not found, waiting...
demo.pcm not found, waiting...
demo.pcm not found, waiting...
demo.pcm not found, waiting...
demo.pcm not found, waiting...
demo.pcm not found, waiting...
demo.pcm not found, waiting...
demo.pcm not found, waiting...
demo.pcm not found, waiting...
demo.pcm not found, waiting...
demo.pcm not found, waiting...
demo.pcm not found, waiting...
demo.pcm not found, waiting...
demo.pcm not found, waiting...
demo.pcm not found, waiting...
demo.pcm not found, waiting...
demo.pcm not found, waiting...
demo.pcm not found, waiting...
demo.pcm not found, waiting...
demo.pcm not found, waiting...
demo.pcm not found, waiting...
demo.pcm not found, waiting...
demo.pcm not found, waiting...
demo.pcm not found, waiting...
demo.pcm not found, waiting...
demo.pcm not found, waiting...
demo.pcm not found, waiting...
demo.pcm not found, waiting...
demo.pcm not found, waiting...
demo.pcm not found, waiting...
demo.pcm not found, waiting...
demo.pcm not found, waiting...
demo.pcm not found, waiting...
demo.pcm not found, waiting...
demo.pcm not found, waiting...
demo.pcm not found, waiting...
demo.pcm not found, waiting...
demo.pcm not found, waiting...
demo.pcm not found, waiting...
demo.pcm not found, waiting...
demo.pcm not found, waiting...
demo.pcm not found, waiting...
demo.pcm not found, waiting...
demo.pcm not found, waiting...
demo.pcm not found, waiting...
demo.pcm not found, waiting...
demo.pcm not found, waiting...
demo.pcm not found, waiting...
demo.pcm not found, waiting...
demo.pcm not found, waiting...
demo.pcm not found, waiting...
demo.pcm not found, waiting...
demo.pcm not found, waiting...
demo.pcm not found, waiting...
demo.pcm not found, waiting...
demo.pcm not found, waiting...
demo.pcm not found, waiting...
demo.pcm not found, waiting...
demo.pcm not found, waiting...
demo.pcm not found, waiting...
demo.pcm not found, waiting...
demo.pcm not found, waiting...
demo.pcm not found, waiting...
demo.pcm not found, waiting...
demo.pcm not found, waiting...
demo.pcm not found, waiting...
demo.pcm not found, waiting...
demo.pcm not found, waiting...
demo.pcm not found, waiting...
demo.pcm not found, waiting...
demo.pcm not found, waiting...
demo.pcm not found, waiting...
demo.pcm not found, waiting...
demo.pcm not found, waiting...
demo.pcm not found, waiting...
demo.pcm not found, waiting...
demo.pcm not found, waiting...
demo.pcm not found, waiting...
demo.pcm not found, waiting...
demo.pcm not found, waiting...
demo.pcm not found, waiting...
demo.pcm not found, waiting...
demo.pcm not found, waiting...
demo.pcm not found, waiting...
demo.pcm not found, waiting...
demo.pcm not found, waiting...
demo.pcm not found, waiting...
demo.pcm not found, waiting...
demo.pcm not found, waiting...
demo.pcm not found, waiting...
demo.pcm not found, waiting...
demo.pcm not found, waiting...
demo.pcm not found, waiting...
demo.pcm not found, waiting...
demo.pcm not found, waiting...
demo.pcm not found, waiting...
demo.pcm not found, waiting...
demo.pcm not found, waiting...
demo.pcm not found, waiting...
demo.pcm not found, waiting...
demo.pcm not found, waiting...
demo.pcm not found, waiting...
demo.pcm not found, waiting...
demo.pcm not found, waiting...
demo.pcm not found, waiting...
demo.pcm not found, waiting...
demo.pcm not found, waiting...
demo.pcm not found, waiting...
demo.pcm not found, waiting...
demo.pcm not found, waiting...
demo.pcm not found, waiting...
demo.pcm not found, waiting...
demo.pcm not found, waiting...
demo.pcm not found, waiting...
demo.pcm not found, waiting...
demo.pcm not found, waiting...
demo.pcm not found, waiting...
demo.pcm not found, waiting...
demo.pcm not found, waiting...
demo.pcm not found, waiting...
demo.pcm not found, waiting...
demo.pcm not found, waiting...
demo.pcm not found, waiting...
demo.pcm not found, waiting...
demo.pcm not found, waiting...
demo.pcm not found, waiting...
demo.pcm not found, waiting...
demo.pcm not found, waiting...
demo.pcm not found, waiting...
demo.pcm not found, waiting...
demo.pcm not found, waiting...
demo.pcm not found, waiting...
demo.pcm not found, waiting...
demo.pcm not found, waiting...
demo.pcm not found, waiting...
demo.pcm not found, waiting...
demo.pcm not found, waiting...
demo.pcm not found, waiting...
demo.pcm not found, waiting...
demo.pcm not found, waiting...
demo.pcm not found, waiting...
demo.pcm not found, waiting...
demo.pcm not found, waiting...
demo.pcm not found, waiting...
demo.pcm not found, waiting...
demo.pcm not found, waiting...
demo.pcm not found, waiting...
demo.pcm not found, waiting...
demo.pcm not found, waiting...
demo.pcm not found, waiting...
demo.pcm not found, waiting...
demo.pcm not found, waiting...
demo.pcm not found, waiting...
demo.pcm not found, waiting...
demo.pcm not found, waiting...
demo.pcm not found, waiting...
demo.pcm not found, waiting...
demo.pcm not found, waiting...
demo.pcm not found, waiting...
demo.pcm not found, waiting...
demo.pcm not found, waiting...
demo.pcm not found, waiting...
demo.pcm not found, waiting...
demo.pcm not found, waiting...
demo.pcm not found, waiting...
demo.pcm not found, waiting...
demo.pcm not found, waiting...
demo.pcm not found, waiting...
demo.pcm not found, waiting...
demo.pcm not found, waiting...
demo.pcm not found, waiting...
demo.pcm not found, waiting...
demo.pcm not found, waiting...
demo.pcm not found, waiting...
demo.pcm not found, waiting...
demo.pcm not found, waiting...
demo.pcm not found, waiting...
demo.pcm not found, waiting...
demo.pcm not found, waiting...
demo.pcm not found, waiting...
demo.pcm not found, waiting...
demo.pcm not found, waiting...
demo.pcm not found, waiting...
demo.pcm not found, waiting...
demo.pcm not found, waiting...
demo.pcm not found, waiting...
demo.pcm not found, waiting...
demo.pcm not found, waiting...
demo.pcm not found, waiting...
demo.pcm not found, waiting...
demo.pcm not found, waiting...
demo.pcm not found, waiting...
demo.pcm not found, waiting...
demo.pcm not found, waiting...
demo.pcm not found, waiting...
demo.pcm not found, waiting...
demo.pcm not found, waiting...
demo.pcm not found, waiting...
demo.pcm not found, waiting...
demo.pcm not found, waiting...
demo.pcm not found, waiting...
demo.pcm not found, waiting...
demo.pcm not found, waiting...
demo.pcm not found, waiting...
demo.pcm not found, waiting...
demo.pcm not found, waiting...
demo.pcm not found, waiting...
demo.pcm not found, waiting...
demo.pcm not found, waiting...
demo.pcm not found, waiting...
demo.pcm not found, waiting...
demo.pcm not found, waiting...
demo.pcm not found, waiting...
demo.pcm not found, waiting...
demo.pcm not found, waiting...
demo.pcm not found, waiting...
demo.pcm not found, waiting...
demo.pcm not found, waiting...
demo.pcm not found, waiting...
demo.pcm not found, waiting...
demo.pcm not found, waiting...
demo.pcm not found, waiting...
demo.pcm not found, waiting...
demo.pcm not found, waiting...
demo.pcm not found, waiting...
demo.pcm not found, waiting...
demo.pcm not found, waiting...
demo.pcm not found, waiting...
demo.pcm not found, waiting...
demo.pcm not found, waiting...
demo.pcm not found, waiting...
demo.pcm not found, waiting...
demo.pcm not found, waiting...
demo.pcm not found, waiting...
demo.pcm not found, waiting...
demo.pcm not found, waiting...
demo.pcm not found, waiting...
demo.pcm not found, waiting...
demo.pcm not found, waiting...
demo.pcm not found, waiting...
demo.pcm not found, waiting...
demo.pcm not found, waiting...
demo.pcm not found, waiting...
demo.pcm not found, waiting...
demo.pcm not found, waiting...
demo.pcm not found, waiting...
demo.pcm not found, waiting...
demo.pcm not found, waiting...
demo.pcm not found, waiting...
demo.pcm not found, waiting...
demo.pcm not found, waiting...
demo.pcm not found, waiting...
demo.pcm not found, waiting...
demo.pcm not found, waiting...
demo.pcm not found, waiting...
demo.pcm not found, waiting...
demo.pcm not found, waiting...
demo.pcm not found, waiting...
demo.pcm not found, waiting...
demo.pcm not found, waiting...
demo.pcm not found, waiting...
demo.pcm not found, waiting...
demo.pcm not found, waiting...
demo.pcm not found, waiting...
demo.pcm not found, waiting...
demo.pcm not found, waiting...
demo.pcm not found, waiting...
demo.pcm not found, waiting...
demo.pcm not found, waiting...
demo.pcm not found, waiting...
demo.pcm not found, waiting...
demo.pcm not found, waiting...
demo.pcm not found, waiting...
demo.pcm not found, waiting...
demo.pcm not found, waiting...
demo.pcm not found, waiting...
demo.pcm not found, waiting...
demo.pcm not found, waiting...
demo.pcm not found, waiting...
demo.pcm not found, waiting...
demo.pcm not found, waiting...
demo.pcm not found, waiting...
demo.pcm not found, waiting...
demo.pcm not found, waiting...
demo.pcm not found, waiting...
demo.pcm not found, waiting...
demo.pcm not found, waiting...
demo.pcm not found, waiting...
demo.pcm not found, waiting...
demo.pcm not found, waiting...
demo.pcm not found, waiting...
demo.pcm not found, waiting...
demo.pcm not found, waiting...
demo.pcm not found, waiting...
demo.pcm not found, waiting...
demo.pcm not found, waiting...
demo.pcm not found, waiting...
demo.pcm not found, waiting...
demo.pcm not found, waiting...
demo.pcm not found, waiting...
demo.pcm not found, waiting...
demo.pcm not found, waiting...
demo.pcm not found, waiting...
demo.pcm not found, waiting...
demo.pcm not found, waiting...
demo.pcm not found, waiting...
demo.pcm not found, waiting...
demo.pcm not found, waiting...
demo.pcm not found, waiting...
demo.pcm not found, waiting...
demo.pcm not found, waiting...
demo.pcm not found, waiting...
demo.pcm not found, waiting...
demo.pcm not found, waiting...
demo.pcm not found, waiting...
demo.pcm not found, waiting...
demo.pcm not found, waiting...
demo.pcm not found, waiting...
demo.pcm not found, waiting...
demo.pcm not found, waiting...
demo.pcm not found, waiting...
demo.pcm not found, waiting...
demo.pcm not found, waiting...
demo.pcm not found, waiting...
demo.pcm not found, waiting...
demo.pcm not found, waiting...
demo.pcm not found, waiting...
demo.pcm not found, waiting...
demo.pcm not found, waiting...
demo.pcm not found, waiting...
demo.pcm not found, waiting...
demo.pcm not found, waiting...
demo.pcm not found, waiting...
demo.pcm not found, waiting...
demo.pcm not found, waiting...
demo.pcm not found, waiting...
demo.pcm not found, waiting...
demo.pcm not found, waiting...
demo.pcm not found, waiting...
demo.pcm not found, waiting...
demo.pcm not found, waiting...
demo.pcm not found, waiting...
demo.pcm not found, waiting...
demo.pcm not found, waiting...
demo.pcm not found, waiting...
demo.pcm not found, waiting...
demo.pcm not found, waiting...
demo.pcm not found, waiting...
demo.pcm not found, waiting...
demo.pcm not found, waiting...
demo.pcm not found, waiting...
demo.pcm not found, waiting...
demo.pcm not found, waiting...
demo.pcm not found, waiting...
demo.pcm not found, waiting...
demo.pcm not found, waiting...
demo.pcm not found, waiting...
demo.pcm not found, waiting...
demo.pcm not found, waiting...
demo.pcm not found, waiting...
demo.pcm not found, waiting...
demo.pcm not found, waiting...
demo.pcm not found, waiting...
demo.pcm not found, waiting...
demo.pcm not found, waiting...
demo.pcm not found, waiting...
demo.pcm not found, waiting...
demo.pcm not found, waiting...
demo.pcm not found, waiting...
demo.pcm not found, waiting...
demo.pcm not found, waiting...
demo.pcm not found, waiting...
demo.pcm not found, waiting...
demo.pcm not found, waiting...
demo.pcm not found, waiting...
demo.pcm not found, waiting...
demo.pcm not found, waiting...
demo.pcm not found, waiting...
demo.pcm not found, waiting...
demo.pcm not found, waiting...
demo.pcm not found, waiting...
demo.pcm not found, waiting...
demo.pcm not found, waiting...
demo.pcm not found, waiting...
demo.pcm not found, waiting...
demo.pcm not found, waiting...
demo.pcm not found, waiting...
demo.pcm not found, waiting...
demo.pcm not found, waiting...
demo.pcm not found, waiting...
demo.pcm not found, waiting...
demo.pcm not found, waiting...
demo.pcm not found, waiting...
demo.pcm not found, waiting...
demo.pcm not found, waiting...
demo.pcm not found, waiting...
demo.pcm not found, waiting...
demo.pcm not found, waiting...
demo.pcm not found, waiting...
demo.pcm not found, waiting...
demo.pcm not found, waiting...
demo.pcm not found, waiting...
demo.pcm not found, waiting...
demo.pcm not found, waiting...
demo.pcm not found, waiting...
demo.pcm not found, waiting...
demo.pcm not found, waiting...
demo.pcm not found, waiting...
demo.pcm not found, waiting...
demo.pcm not found, waiting...
demo.pcm not found, waiting...
demo.pcm not found, waiting...
demo.pcm not found, waiting...
demo.pcm not found, waiting...
demo.pcm not found, waiting...
demo.pcm not found, waiting...
demo.pcm not found, waiting...
demo.pcm not found, waiting...
demo.pcm not found, waiting...
demo.pcm not found, waiting...
demo.pcm not found, waiting...
demo.pcm not found, waiting...
demo.pcm not found, waiting...
demo.pcm not found, waiting...
demo.pcm not found, waiting...
demo.pcm not found, waiting...
demo.pcm not found, waiting...
demo.pcm not found, waiting...
demo.pcm not found, waiting...
demo.pcm not found, waiting...
demo.pcm not found, waiting...
demo.pcm not found, waiting...
demo.pcm not found, waiting...
demo.pcm not found, waiting...
demo.pcm not found, waiting...
demo.pcm not found, waiting...
demo.pcm not found, waiting...
demo.pcm not found, waiting...
demo.pcm not found, waiting...
demo.pcm not found, waiting...
demo.pcm not found, waiting...
demo.pcm not found, waiting...
demo.pcm not found, waiting...
demo.pcm not found, waiting...
demo.pcm not found, waiting...
demo.pcm not found, waiting...
demo.pcm not found, waiting...
demo.pcm not found, waiting...
demo.pcm not found, waiting...
demo.pcm not found, waiting...
demo.pcm not found, waiting...
demo.pcm not found, waiting...
demo.pcm not found, waiting...
demo.pcm not found, waiting...
demo.pcm not found, waiting...
demo.pcm not found, waiting...
demo.pcm not found, waiting...
demo.pcm not found, waiting...
demo.pcm not found, waiting...
demo.pcm not found, waiting...
demo.pcm not found, waiting...
demo.pcm not found, waiting...
demo.pcm not found, waiting...
demo.pcm not found, waiting...
demo.pcm not found, waiting...
demo.pcm not found, waiting...
demo.pcm not found, waiting...
demo.pcm not found, waiting...
demo.pcm not found, waiting...
demo.pcm not found, waiting...
demo.pcm not found, waiting...
demo.pcm not found, waiting...
demo.pcm not found, waiting...
demo.pcm not found, waiting...
demo.pcm not found, waiting...
demo.pcm not found, waiting...
demo.pcm not found, waiting...
demo.pcm not found, waiting...
demo.pcm not found, waiting...
demo.pcm not found, waiting...
demo.pcm not found, waiting...
demo.pcm not found, waiting...
demo.pcm not found, waiting...
demo.pcm not found, waiting...
demo.pcm not found, waiting...
demo.pcm not found, waiting...
demo.pcm not found, waiting...
demo.pcm not found, waiting...
demo.pcm not found, waiting...
demo.pcm not found, waiting...
demo.pcm not found, waiting...
demo.pcm not found, waiting...
demo.pcm not found, waiting...
demo.pcm not found, waiting...
demo.pcm not found, waiting...
demo.pcm not found, waiting...
demo.pcm not found, waiting...
demo.pcm not found, waiting...
demo.pcm not found, waiting...
demo.pcm not found, waiting...
demo.pcm not found, waiting...
demo.pcm not found, waiting...
demo.pcm not found, waiting...
demo.pcm not found, waiting...
demo.pcm not found, waiting...
demo.pcm not found, waiting...
demo.pcm not found, waiting...
demo.pcm not found, waiting...
demo.pcm not found, waiting...
demo.pcm not found, waiting...
demo.pcm not found, waiting...
demo.pcm not found, waiting...
demo.pcm not found, waiting...
demo.pcm not found, waiting...
demo.pcm not found, waiting...
demo.pcm not found, waiting...
demo.pcm not found, waiting...
demo.pcm not found, waiting...
demo.pcm not found, waiting...
demo.pcm not found, waiting...
demo.pcm not found, waiting...
demo.pcm not found, waiting...
demo.pcm not found, waiting...
demo.pcm not found, waiting...
demo.pcm not found, waiting...
demo.pcm not found, waiting...
demo.pcm not found, waiting...
demo.pcm not found, waiting...
demo.pcm not found, waiting...
demo.pcm not found, waiting...
demo.pcm not found, waiting...
demo.pcm not found, waiting...
demo.pcm not found, waiting...
demo.pcm not found, waiting...
demo.pcm not found, waiting...
demo.pcm not found, waiting...
demo.pcm not found, waiting...
demo.pcm not found, waiting...
demo.pcm not found, waiting...
demo.pcm not found, waiting...
demo.pcm not found, waiting...
demo.pcm not found, waiting...
demo.pcm not found, waiting...
demo.pcm not found, waiting...
demo.pcm not found, waiting...
demo.pcm not found, waiting...
demo.pcm not found, waiting...
demo.pcm not found, waiting...
demo.pcm not found, waiting...
demo.pcm not found, waiting...
demo.pcm not found, waiting...
demo.pcm not found, waiting...
demo.pcm not found, waiting...
demo.pcm not found, waiting...
demo.pcm not found, waiting...
demo.pcm not found, waiting...
demo.pcm not found, waiting...
demo.pcm not found, waiting...
demo.pcm not found, waiting...
demo.pcm not found, waiting...
demo.pcm not found, waiting...
demo.pcm not found, waiting...
demo.pcm not found, waiting...
demo.pcm not found, waiting...
demo.pcm not found, waiting...
demo.pcm not found, waiting...
demo.pcm not found, waiting...
demo.pcm not found, waiting...
demo.pcm not found, waiting...
demo.pcm not found, waiting...
demo.pcm not found, waiting...
demo.pcm not found, waiting...
demo.pcm not found, waiting...
demo.pcm not found, waiting...
demo.pcm not found, waiting...
demo.pcm not found, waiting...
demo.pcm not found, waiting...
demo.pcm not found, waiting...
demo.pcm not found, waiting...
demo.pcm not found, waiting...
demo.pcm not found, waiting...
demo.pcm not found, waiting...
demo.pcm not found, waiting...
demo.pcm not found, waiting...
demo.pcm not found, waiting...
demo.pcm not found, waiting...
demo.pcm not found, waiting...
demo.pcm not found, waiting...
demo.pcm not found, waiting...
demo.pcm not found, waiting...
demo.pcm not found, waiting...
demo.pcm not found, waiting...
demo.pcm not found, waiting...
demo.pcm not found, waiting...
demo.pcm not found, waiting...
demo.pcm not found, waiting...
demo.pcm not found, waiting...
demo.pcm not found, waiting...
demo.pcm not found, waiting...
demo.pcm not found, waiting...
demo.pcm not found, waiting...
demo.pcm not found, waiting...
demo.pcm not found, waiting...
demo.pcm not found, waiting...
demo.pcm not found, waiting...
demo.pcm not found, waiting...
demo.pcm not found, waiting...
demo.pcm not found, waiting...
demo.pcm not found, waiting...
demo.pcm not found, waiting...
demo.pcm not found, waiting...
demo.pcm not found, waiting...
demo.pcm not found, waiting...
demo.pcm not found, waiting...
demo.pcm not found, waiting...
demo.pcm not found, waiting...
demo.pcm not found, waiting...
demo.pcm not found, waiting...
demo.pcm not found, waiting...
demo.pcm not found, waiting...
demo.pcm not found, waiting...
demo.pcm not found, waiting...
demo.pcm not found, waiting...
demo.pcm not found, waiting...
demo.pcm not found, waiting...
demo.pcm not found, waiting...
demo.pcm not found, waiting...
demo.pcm not found, waiting...
demo.pcm not found, waiting...
demo.pcm not found, waiting...
demo.pcm not found, waiting...
demo.pcm not found, waiting...
demo.pcm not found, waiting...
demo.pcm not found, waiting...
demo.pcm not found, waiting...
demo.pcm not found, waiting...
demo.pcm not found, waiting...
demo.pcm not found, waiting...
demo.pcm not found, waiting...
demo.pcm not found, waiting...
demo.pcm not found, waiting...
demo.pcm not found, waiting...
demo.pcm not found, waiting...
demo.pcm not found, waiting...
demo.pcm not found, waiting...
demo.pcm not found, waiting...
demo.pcm not found, waiting...
demo.pcm not found, waiting...
demo.pcm not found, waiting...
demo.pcm not found, waiting...
demo.pcm not found, waiting...
demo.pcm not found, waiting...
demo.pcm not found, waiting...
demo.pcm not found, waiting...
demo.pcm not found, waiting...
demo.pcm not found, waiting...
demo.pcm not found, waiting...
demo.pcm not found, waiting...
demo.pcm not found, waiting...
demo.pcm not found, waiting...
demo.pcm not found, waiting...
demo.pcm not found, waiting...
demo.pcm not found, waiting...
demo.pcm not found, waiting...
demo.pcm not found, waiting...
demo.pcm not found, waiting...
demo.pcm not found, waiting...
demo.pcm not found, waiting...
demo.pcm not found, waiting...
demo.pcm not found, waiting...
demo.pcm not found, waiting...
demo.pcm not found, waiting...
demo.pcm not found, waiting...
demo.pcm not found, waiting...
demo.pcm not found, waiting...
demo.pcm not found, waiting...
demo.pcm not found, waiting...
demo.pcm not found, waiting...
demo.pcm not found, waiting...
demo.pcm not found, waiting...
demo.pcm not found, waiting...
demo.pcm not found, waiting...
demo.pcm not found, waiting...
demo.pcm not found, waiting...
demo.pcm not found, waiting...
demo.pcm not found, waiting...
demo.pcm not found, waiting...
demo.pcm not found, waiting...
demo.pcm not found, waiting...
demo.pcm not found, waiting...
demo.pcm not found, waiting...
demo.pcm not found, waiting...
demo.pcm not found, waiting...
demo.pcm not found, waiting...
demo.pcm not found, waiting...
demo.pcm not found, waiting...
demo.pcm not found, waiting...
demo.pcm not found, waiting...
demo.pcm not found, waiting...
demo.pcm not found, waiting...
demo.pcm not found, waiting...
demo.pcm not found, waiting...
demo.pcm not found, waiting...
demo.pcm not found, waiting...
demo.pcm not found, waiting...
demo.pcm not found, waiting...
demo.pcm not found, waiting...
demo.pcm not found, waiting...
demo.pcm not found, waiting...
demo.pcm not found, waiting...
demo.pcm not found, waiting...
demo.pcm not found, waiting...
demo.pcm not found, waiting...
demo.pcm not found, waiting...
demo.pcm not found, waiting...
demo.pcm not found, waiting...
demo.pcm not found, waiting...
demo.pcm not found, waiting...
demo.pcm not found, waiting...
demo.pcm not found, waiting...
demo.pcm not found, waiting...
demo.pcm not found, waiting...
demo.pcm not found, waiting...
demo.pcm not found, waiting...
demo.pcm not found, waiting...
demo.pcm not found, waiting...
demo.pcm not found, waiting...
demo.pcm not found, waiting...
demo.pcm not found, waiting...
demo.pcm not found, waiting...
demo.pcm not found, waiting...
demo.pcm not found, waiting...
demo.pcm not found, waiting...
demo.pcm not found, waiting...
demo.pcm not found, waiting...
demo.pcm not found, waiting...
demo.pcm not found, waiting...
demo.pcm not found, waiting...
demo.pcm not found, waiting...
demo.pcm not found, waiting...
demo.pcm not found, waiting...
demo.pcm not found, waiting...
demo.pcm not found, waiting...
demo.pcm not found, waiting...
demo.pcm not found, waiting...
demo.pcm not found, waiting...
demo.pcm not found, waiting...
demo.pcm not found, waiting...
demo.pcm not found, waiting...
demo.pcm not found, waiting...
demo.pcm not found, waiting...
demo.pcm not found, waiting...
demo.pcm not found, waiting...
demo.pcm not found, waiting...
demo.pcm not found, waiting...
demo.pcm not found, waiting...
demo.pcm not found, waiting...
demo.pcm not found, waiting...
demo.pcm not found, waiting...
demo.pcm not found, waiting...
demo.pcm not found, waiting...
demo.pcm not found, waiting...
demo.pcm not found, waiting...
demo.pcm not found, waiting...
demo.pcm not found, waiting...
demo.pcm not found, waiting...
demo.pcm not found, waiting...
demo.pcm not found, waiting...
demo.pcm not found, waiting...
demo.pcm not found, waiting...
demo.pcm not found, waiting...
demo.pcm not found, waiting...
demo.pcm not found, waiting...
demo.pcm not found, waiting...
demo.pcm not found, waiting...
demo.pcm not found, waiting...
demo.pcm not found, waiting...
demo.pcm not found, waiting...
demo.pcm not found, waiting...
demo.pcm not found, waiting...
demo.pcm not found, waiting...
demo.pcm not found, waiting...
demo.pcm not found, waiting...
demo.pcm not found, waiting...
demo.pcm not found, waiting...
demo.pcm not found, waiting...
demo.pcm not found, waiting...
demo.pcm not found, waiting...
demo.pcm not found, waiting...
demo.pcm not found, waiting...
demo.pcm not found, waiting...
demo.pcm not found, waiting...
demo.pcm not found, waiting...
demo.pcm not found, waiting...
demo.pcm not found, waiting...
demo.pcm not found, waiting...
demo.pcm not found, waiting...
demo.pcm not found, waiting...
demo.pcm not found, waiting...
demo.pcm not found, waiting...
demo.pcm not found, waiting...
demo.pcm not found, waiting...
demo.pcm not found, waiting...
demo.pcm not found, waiting...
demo.pcm not found, waiting...
demo.pcm not found, waiting...
demo.pcm not found, waiting...
demo.pcm not found, waiting...
demo.pcm not found, waiting...
demo.pcm not found, waiting...
demo.pcm not found, waiting...
demo.pcm not found, waiting...
demo.pcm not found, waiting...
demo.pcm not found, waiting...
demo.pcm not found, waiting...
demo.pcm not found, waiting...
demo.pcm not found, waiting...
demo.pcm not found, waiting...
demo.pcm not found, waiting...
demo.pcm not found, waiting...
demo.pcm not found, waiting...
demo.pcm not found, waiting...
demo.pcm not found, waiting...
demo.pcm not found, waiting...
demo.pcm not found, waiting...
demo.pcm not found, waiting...
demo.pcm not found, waiting...
demo.pcm not found, waiting...
demo.pcm not found, waiting...
demo.pcm not found, waiting...
demo.pcm not found, waiting...
demo.pcm not found, waiting...
demo.pcm not found, waiting...
demo.pcm not found, waiting...
demo.pcm not found, waiting...
demo.pcm not found, waiting...
demo.pcm not found, waiting...
demo.pcm not found, waiting...
demo.pcm not found, waiting...
demo.pcm not found, waiting...
demo.pcm not found, waiting...
demo.pcm not found, waiting...
demo.pcm not found, waiting...
demo.pcm not found, waiting...
demo.pcm not found, waiting...
demo.pcm not found, waiting...
demo.pcm not found, waiting...
demo.pcm not found, waiting...
demo.pcm not found, waiting...
demo.pcm not found, waiting...
demo.pcm not found, waiting...
demo.pcm not found, waiting...
demo.pcm not found, waiting...
demo.pcm not found, waiting...
demo.pcm not found, waiting...
demo.pcm not found, waiting...
demo.pcm not found, waiting...
demo.pcm not found, waiting...
demo.pcm not found, waiting...
demo.pcm not found, waiting...
demo.pcm not found, waiting...
demo.pcm not found, waiting...
demo.pcm not found, waiting...
demo.pcm not found, waiting...
demo.pcm not found, waiting...
demo.pcm not found, waiting...
demo.pcm not found, waiting...
demo.pcm not found, waiting...
demo.pcm not found, waiting...
demo.pcm not found, waiting...
demo.pcm not found, waiting...
demo.pcm not found, waiting...
demo.pcm not found, waiting...
demo.pcm not found, waiting...
demo.pcm not found, waiting...
demo.pcm not found, waiting...
demo.pcm not found, waiting...
demo.pcm not found, waiting...
demo.pcm not found, waiting...
demo.pcm not found, waiting...
demo.pcm not found, waiting...
demo.pcm not found, waiting...
demo.pcm not found, waiting...
demo.pcm not found, waiting...
demo.pcm not found, waiting...
demo.pcm not found, waiting...
demo.pcm not found, waiting...
demo.pcm not found, waiting...
demo.pcm not found, waiting...
demo.pcm not found, waiting...
demo.pcm not found, waiting...
demo.pcm not found, waiting...
demo.pcm not found, waiting...
demo.pcm not found, waiting...
demo.pcm not found, waiting...
demo.pcm not found, waiting...
demo.pcm not found, waiting...
demo.pcm not found, waiting...
demo.pcm not found, waiting...
demo.pcm not found, waiting...
demo.pcm not found, waiting...
demo.pcm not found, waiting...
demo.pcm not found, waiting...
demo.pcm not found, waiting...
demo.pcm not found, waiting...
demo.pcm not found, waiting...
demo.pcm not found, waiting...
demo.pcm not found, waiting...
demo.pcm not found, waiting...
demo.pcm not found, waiting...
demo.pcm not found, waiting...
demo.pcm not found, waiting...
demo.pcm not found, waiting...
demo.pcm not found, waiting...
demo.pcm not found, waiting...
demo.pcm not found, waiting...
demo.pcm not found, waiting...
demo.pcm not found, waiting...
demo.pcm not found, waiting...
demo.pcm not found, waiting...
demo.pcm not found, waiting...
demo.pcm not found, waiting...
demo.pcm not found, waiting...
demo.pcm not found, waiting...
demo.pcm not found, waiting...
demo.pcm not found, waiting...
demo.pcm not found, waiting...
demo.pcm not found, waiting...
demo.pcm not found, waiting...
demo.pcm not found, waiting...
demo.pcm not found, waiting...
demo.pcm not found, waiting...
demo.pcm not found, waiting...
demo.pcm not found, waiting...
demo.pcm not found, waiting...
demo.pcm not found, waiting...
demo.pcm not found, waiting...
demo.pcm not found, waiting...
demo.pcm not found, waiting...
demo.pcm not found, waiting...
demo.pcm not found, waiting...
demo.pcm not found, waiting...
demo.pcm not found, waiting...
demo.pcm not found, waiting...
demo.pcm not found, waiting...
demo.pcm not found, waiting...
demo.pcm not found, waiting...
demo.pcm not found, waiting...
demo.pcm not found, waiting...
demo.pcm not found, waiting...
demo.pcm not found, waiting...
demo.pcm not found, waiting...
demo.pcm not found, waiting...
demo.pcm not found, waiting...
demo.pcm not found, waiting...
demo.pcm not found, waiting...
demo.pcm not found, waiting...
demo.pcm not found, waiting...
demo.pcm not found, waiting...
demo.pcm not found, waiting...
demo.pcm not found, waiting...
demo.pcm not found, waiting...
demo.pcm not found, waiting...
demo.pcm not found, waiting...
demo.pcm not found, waiting...
demo.pcm not found, waiting...
demo.pcm not found, waiting...
demo.pcm not found, waiting...
demo.pcm not found, waiting...
demo.pcm not found, waiting...
demo.pcm not found, waiting...
demo.pcm not found, waiting...
demo.pcm not found, waiting...
demo.pcm not found, waiting...
demo.pcm not found, waiting...
demo.pcm not found, waiting...
demo.pcm not found, waiting...
demo.pcm not found, waiting...
demo.pcm not found, waiting...
demo.pcm not found, waiting...
demo.pcm not found, waiting...
demo.pcm not found, waiting...
demo.pcm not found, waiting...
demo.pcm not found, waiting...
demo.pcm not found, waiting...
demo.pcm not found, waiting...
demo.pcm not found, waiting...
demo.pcm not found, waiting...
demo.pcm not found, waiting...
demo.pcm not found, waiting...
demo.pcm not found, waiting...
demo.pcm not found, waiting...
demo.pcm not found, waiting...
demo.pcm not found, waiting...
demo.pcm not found, waiting...
demo.pcm not found, waiting...
demo.pcm not found, waiting...
demo.pcm not found, waiting...
demo.pcm not found, waiting...
demo.pcm not found, waiting...
demo.pcm not found, waiting...
demo.pcm not found, waiting...
demo.pcm not found, waiting...
demo.pcm not found, waiting...
demo.pcm not found, waiting...
demo.pcm not found, waiting...
demo.pcm not found, waiting...
demo.pcm not found, waiting...
demo.pcm not found, waiting...
demo.pcm not found, waiting...
demo.pcm not found, waiting...
demo.pcm not found, waiting...
demo.pcm not found, waiting...
demo.pcm not found, waiting...
demo.pcm not found, waiting...
demo.pcm not found, waiting...
demo.pcm not found, waiting...
demo.pcm not found, waiting...
demo.pcm not found, waiting...
demo.pcm not found, waiting...
demo.pcm not found, waiting...
demo.pcm not found, waiting...
demo.pcm not found, waiting...
demo.pcm not found, waiting...
demo.pcm not found, waiting...
demo.pcm not found, waiting...
demo.pcm not found, waiting...
demo.pcm not found, waiting...
demo.pcm not found, waiting...
demo.pcm not found, waiting...
demo.pcm not found, waiting...
demo.pcm not found, waiting...
demo.pcm not found, waiting...
demo.pcm not found, waiting...
demo.pcm not found, waiting...
demo.pcm not found, waiting...
demo.pcm not found, waiting...
demo.pcm not found, waiting...
demo.pcm not found, waiting...
demo.pcm not found, waiting...
demo.pcm not found, waiting...
demo.pcm not found, waiting...
demo.pcm not found, waiting...
demo.pcm not found, waiting...
demo.pcm not found, waiting...
demo.pcm not found, waiting...
demo.pcm not found, waiting...
demo.pcm not found, waiting...
demo.pcm not found, waiting...
demo.pcm not found, waiting...
demo.pcm not found, waiting...
demo.pcm not found, waiting...
demo.pcm not found, waiting...
demo.pcm not found, waiting...
demo.pcm not found, waiting...
demo.pcm not found, waiting...
demo.pcm not found, waiting...
demo.pcm not found, waiting...
demo.pcm not found, waiting...
demo.pcm not found, waiting...
demo.pcm not found, waiting...
demo.pcm not found, waiting...
demo.pcm not found, waiting...
demo.pcm not found, waiting...
demo.pcm not found, waiting...
demo.pcm not found, waiting...
demo.pcm not found, waiting...
demo.pcm not found, waiting...
demo.pcm not found, waiting...
demo.pcm not found, waiting...
demo.pcm not found, waiting...
demo.pcm not found, waiting...
demo.pcm not found, waiting...
demo.pcm not found, waiting...
demo.pcm not found, waiting...
demo.pcm not found, waiting...
demo.pcm not found, waiting...
demo.pcm not found, waiting...
demo.pcm not found, waiting...
demo.pcm not found, waiting...
demo.pcm not found, waiting...
demo.pcm not found, waiting...
demo.pcm not found, waiting...
demo.pcm not found, waiting...
demo.pcm not found, waiting...
demo.pcm not found, waiting...
demo.pcm not found, waiting...
demo.pcm not found, waiting...
demo.pcm not found, waiting...
demo.pcm not found, waiting...
demo.pcm not found, waiting...
demo.pcm not found, waiting...
demo.pcm not found, waiting...
demo.pcm not found, waiting...
demo.pcm not found, waiting...
demo.pcm not found, waiting...
demo.pcm not found, waiting...
demo.pcm not found, waiting...
demo.pcm not found, waiting...
demo.pcm not found, waiting...
demo.pcm not found, waiting...
demo.pcm not found, waiting...
demo.pcm not found, waiting...
demo.pcm not found, waiting...
demo.pcm not found, waiting...
demo.pcm not found, waiting...
demo.pcm not found, waiting...
demo.pcm not found, waiting...
demo.pcm not found, waiting...
demo.pcm not found, waiting...
demo.pcm not found, waiting...
demo.pcm not found, waiting...
demo.pcm not found, waiting...
demo.pcm not found, waiting...
demo.pcm not found, waiting...
demo.pcm not found, waiting...
demo.pcm not found, waiting...
demo.pcm not found, waiting...
demo.pcm not found, waiting...
demo.pcm not found, waiting...
demo.pcm not found, waiting...
demo.pcm not found, waiting...
demo.pcm not found, waiting...
demo.pcm not found, waiting...
demo.pcm not found, waiting...
demo.pcm not found, waiting...
demo.pcm not found, waiting...
demo.pcm not found, waiting...
demo.pcm not found, waiting...
demo.pcm not found, waiting...
demo.pcm not found, waiting...
demo.pcm not found, waiting...
demo.pcm not found, waiting...
demo.pcm not found, waiting...
demo.pcm not found, waiting...
demo.pcm not found, waiting...
demo.pcm not found, waiting...
demo.pcm not found, waiting...
demo.pcm not found, waiting...
demo.pcm not found, waiting...
demo.pcm not found, waiting...
demo.pcm not found, waiting...
demo.pcm not found, waiting...
demo.pcm not found, waiting...
demo.pcm not found, waiting...
demo.pcm not found, waiting...
demo.pcm not found, waiting...
demo.pcm not found, waiting...
demo.pcm not found, waiting...
demo.pcm not found, waiting...
demo.pcm not found, waiting...
demo.pcm not found, waiting...
demo.pcm not found, waiting...
demo.pcm not found, waiting...
demo.pcm not found, waiting...
demo.pcm not found, waiting...
demo.pcm not found, waiting...
demo.pcm not found, waiting...
demo.pcm not found, waiting...
demo.pcm not found, waiting...
demo.pcm not found, waiting...
demo.pcm not found, waiting...
demo.pcm not found, waiting...
demo.pcm not found, waiting...
demo.pcm not found, waiting...
demo.pcm not found, waiting...
demo.pcm not found, waiting...
demo.pcm not found, waiting...
demo.pcm not found, waiting...
demo.pcm not found, waiting...
demo.pcm not found, waiting...
demo.pcm not found, waiting...
demo.pcm not found, waiting...
demo.pcm not found, waiting...
demo.pcm not found, waiting...
demo.pcm not found, waiting...
demo.pcm not found, waiting...
demo.pcm not found, waiting...
demo.pcm not found, waiting...
demo.pcm not found, waiting...
demo.pcm not found, waiting...
demo.pcm not found, waiting...
demo.pcm not found, waiting...
demo.pcm not found, waiting...
demo.pcm not found, waiting...
demo.pcm not found, waiting...
demo.pcm not found, waiting...
demo.pcm not found, waiting...
demo.pcm not found, waiting...
demo.pcm not found, waiting...
demo.pcm not found, waiting...
demo.pcm not found, waiting...
demo.pcm not found, waiting...
demo.pcm not found, waiting...
demo.pcm not found, waiting...
demo.pcm not found, waiting...
demo.pcm not found, waiting...
demo.pcm not found, waiting...
demo.pcm not found, waiting...
demo.pcm not found, waiting...
demo.pcm not found, waiting...
demo.pcm not found, waiting...
demo.pcm not found, waiting...
demo.pcm not found, waiting...
demo.pcm not found, waiting...
demo.pcm not found, waiting...
demo.pcm not found, waiting...
demo.pcm not found, waiting...
demo.pcm not found, waiting...
demo.pcm not found, waiting...
demo.pcm not found, waiting...
demo.pcm not found, waiting...
demo.pcm not found, waiting...
demo.pcm not found, waiting...
demo.pcm not found, waiting...
demo.pcm not found, waiting...
demo.pcm not found, waiting...
demo.pcm not found, waiting...
demo.pcm not found, waiting...
demo.pcm not found, waiting...
demo.pcm not found, waiting...
demo.pcm not found, waiting...
demo.pcm not found, waiting...
demo.pcm not found, waiting...
demo.pcm not found, waiting...
demo.pcm not found, waiting...
demo.pcm not found, waiting...
demo.pcm not found, waiting...
demo.pcm not found, waiting...
demo.pcm not found, waiting...
demo.pcm not found, waiting...
demo.pcm not found, waiting...
demo.pcm not found, waiting...
demo.pcm not found, waiting...
demo.pcm not found, waiting...
demo.pcm not found, waiting...
demo.pcm not found, waiting...
demo.pcm not found, waiting...
demo.pcm not found, waiting...
demo.pcm not found, waiting...
demo.pcm not found, waiting...
demo.pcm not found, waiting...
demo.pcm not found, waiting...
demo.pcm not found, waiting...
demo.pcm not found, waiting...
demo.pcm not found, waiting...
demo.pcm not found, waiting...
demo.pcm not found, waiting...
demo.pcm not found, waiting...
demo.pcm not found, waiting...
demo.pcm not found, waiting...
demo.pcm not found, waiting...
demo.pcm not found, waiting...
demo.pcm not found, waiting...
demo.pcm not found, waiting...
demo.pcm not found, waiting...
demo.pcm not found, waiting...
demo.pcm not found, waiting...
demo.pcm not found, waiting...
demo.pcm not found, waiting...
demo.pcm not found, waiting...
demo.pcm not found, waiting...
demo.pcm not found, waiting...
demo.pcm not found, waiting...
demo.pcm not found, waiting...
demo.pcm not found, waiting...
demo.pcm not found, waiting...
demo.pcm not found, waiting...
demo.pcm not found, waiting...
demo.pcm not found, waiting...
demo.pcm not found, waiting...
demo.pcm not found, waiting...
demo.pcm not found, waiting...
demo.pcm not found, waiting...
demo.pcm not found, waiting...
demo.pcm not found, waiting...
demo.pcm not found, waiting...
demo.pcm not found, waiting...
demo.pcm not found, waiting...
demo.pcm not found, waiting...
demo.pcm not found, waiting...
demo.pcm not found, waiting...
demo.pcm not found, waiting...
demo.pcm not found, waiting...
demo.pcm not found, waiting...
demo.pcm not found, waiting...
demo.pcm not found, waiting...
demo.pcm not found, waiting...
demo.pcm not found, waiting...
demo.pcm not found, waiting...
demo.pcm not found, waiting...
demo.pcm not found, waiting...
demo.pcm not found, waiting...
demo.pcm not found, waiting...
demo.pcm not found, waiting...
demo.pcm not found, waiting...
demo.pcm not found, waiting...
demo.pcm not found, waiting...
demo.pcm not found, waiting...
demo.pcm not found, waiting...
demo.pcm not found, waiting...
demo.pcm not found, waiting...
demo.pcm not found, waiting...
demo.pcm not found, waiting...
demo.pcm not found, waiting...
demo.pcm not found, waiting...
demo.pcm not found, waiting...
demo.pcm not found, waiting...
demo.pcm not found, waiting...
demo.pcm not found, waiting...
demo.pcm not found, waiting...
demo.pcm not found, waiting...
demo.pcm not found, waiting...
demo.pcm not found, waiting...
demo.pcm not found, waiting...
demo.pcm not found, waiting...
demo.pcm not found, waiting...
demo.pcm not found, waiting...
demo.pcm not found, waiting...
demo.pcm not found, waiting...
demo.pcm not found, waiting...
demo.pcm not found, waiting...
demo.pcm not found, waiting...
demo.pcm not found, waiting...
demo.pcm not found, waiting...
demo.pcm not found, waiting...
demo.pcm not found, waiting...
demo.pcm not found, waiting...
demo.pcm not found, waiting...
demo.pcm not found, waiting...
demo.pcm not found, waiting...
demo.pcm not found, waiting...
demo.pcm not found, waiting...
demo.pcm not found, waiting...
demo.pcm not found, waiting...
demo.pcm not found, waiting...
demo.pcm not found, waiting...
demo.pcm not found, waiting...
demo.pcm not found, waiting...
demo.pcm not found, waiting...
demo.pcm not found, waiting...
demo.pcm not found, waiting...
demo.pcm not found, waiting...
demo.pcm not found, waiting...
demo.pcm not found, waiting...
demo.pcm not found, waiting...
demo.pcm not found, waiting...
demo.pcm not found, waiting...
demo.pcm not found, waiting...
demo.pcm not found, waiting...
demo.pcm not found, waiting...
demo.pcm not found, waiting...
demo.pcm not found, waiting...
demo.pcm not found, waiting...
demo.pcm not found, waiting...
demo.pcm not found, waiting...
demo.pcm not found, waiting...
demo.pcm not found, waiting...
demo.pcm not found, waiting...
demo.pcm not found, waiting...
demo.pcm not found, waiting...
demo.pcm not found, waiting...
demo.pcm not found, waiting...
demo.pcm not found, waiting...
demo.pcm not found, waiting...
demo.pcm not found, waiting...
demo.pcm not found, waiting...
demo.pcm not found, waiting...
demo.pcm not found, waiting...
demo.pcm not found, waiting...
demo.pcm not found, waiting...
demo.pcm not found, waiting...
demo.pcm not found, waiting...
demo.pcm not found, waiting...
demo.pcm not found, waiting...
demo.pcm not found, waiting...
demo.pcm not found, waiting...
demo.pcm not found, waiting...
demo.pcm not found, waiting...
demo.pcm not found, waiting...
demo.pcm not found, waiting...
demo.pcm not found, waiting...
demo.pcm not found, waiting...
demo.pcm not found, waiting...
demo.pcm not found, waiting...
demo.pcm not found, waiting...
demo.pcm not found, waiting...
demo.pcm not found, waiting...
demo.pcm not found, waiting...
demo.pcm not found, waiting...
demo.pcm not found, waiting...
demo.pcm not found, waiting...
demo.pcm not found, waiting...
demo.pcm not found, waiting...
demo.pcm not found, waiting...
demo.pcm not found, waiting...
demo.pcm not found, waiting...
demo.pcm not found, waiting...
demo.pcm not found, waiting...
demo.pcm not found, waiting...
demo.pcm not found, waiting...
demo.pcm not found, waiting...
demo.pcm not found, waiting...
demo.pcm not found, waiting...
demo.pcm not found, waiting...
demo.pcm not found, waiting...
demo.pcm not found, waiting...
demo.pcm not found, waiting...
demo.pcm not found, waiting...
demo.pcm not found, waiting...
demo.pcm not found, waiting...
demo.pcm not found, waiting...
demo.pcm not found, waiting...
demo.pcm not found, waiting...
demo.pcm not found, waiting...
demo.pcm not found, waiting...
demo.pcm not found, waiting...
demo.pcm not found, waiting...
demo.pcm not found, waiting...
demo.pcm not found, waiting...
demo.pcm not found, waiting...
demo.pcm not found, waiting...
demo.pcm not found, waiting...
demo.pcm not found, waiting...
demo.pcm not found, waiting...
demo.pcm not found, waiting...
demo.pcm not found, waiting...
demo.pcm not found, waiting...
demo.pcm not found, waiting...
demo.pcm not found, waiting...
demo.pcm not found, waiting...
demo.pcm not found, waiting...
demo.pcm not found, waiting...
demo.pcm not found, waiting...
demo.pcm not found, waiting...
demo.pcm not found, waiting...
demo.pcm not found, waiting...
demo.pcm not found, waiting...
demo.pcm not found, waiting...
demo.pcm not found, waiting...
demo.pcm not found, waiting...
demo.pcm not found, waiting...
demo.pcm not found, waiting...
demo.pcm not found, waiting...
demo.pcm not found, waiting...
demo.pcm not found, waiting...
demo.pcm not found, waiting...
demo.pcm not found, waiting...
demo.pcm not found, waiting...
demo.pcm not found, waiting...
demo.pcm not found, waiting...
demo.pcm not found, waiting...
demo.pcm not found, waiting...
demo.pcm not found, waiting...
demo.pcm not found, waiting...
demo.pcm not found, waiting...
demo.pcm not found, waiting...
demo.pcm not found, waiting...
demo.pcm not found, waiting...
demo.pcm not found, waiting...
demo.pcm not found, waiting...
demo.pcm not found, waiting...
demo.pcm not found, waiting...
demo.pcm not found, waiting...
demo.pcm not found, waiting...
demo.pcm not found, waiting...
demo.pcm not found, waiting...
demo.pcm not found, waiting...
demo.pcm not found, waiting...
demo.pcm not found, waiting...
demo.pcm not found, waiting...
demo.pcm not found, waiting...
demo.pcm not found, waiting...
demo.pcm not found, waiting...
demo.pcm not found, waiting...
demo.pcm not found, waiting...
demo.pcm not found, waiting...
demo.pcm not found, waiting...
demo.pcm not found, waiting...
demo.pcm not found, waiting...
demo.pcm not found, waiting...
demo.pcm not found, waiting...
demo.pcm not found, waiting...
demo.pcm not found, waiting...
demo.pcm not found, waiting...
demo.pcm not found, waiting...
demo.pcm not found, waiting...
demo.pcm not found, waiting...
demo.pcm not found, waiting...
demo.pcm not found, waiting...
demo.pcm not found, waiting...
demo.pcm not found, waiting...
demo.pcm not found, waiting...
demo.pcm not found, waiting...
demo.pcm not found, waiting...
demo.pcm not found, waiting...
demo.pcm not found, waiting...
demo.pcm not found, waiting...
demo.pcm not found, waiting...
demo.pcm not found, waiting...
demo.pcm not found, waiting...
demo.pcm not found, waiting...
demo.pcm not found, waiting...
demo.pcm not found, waiting...
demo.pcm not found, waiting...
demo.pcm not found, waiting...
demo.pcm not found, waiting...
demo.pcm not found, waiting...
demo.pcm not found, waiting...
demo.pcm not found, waiting...
demo.pcm not found, waiting...
demo.pcm not found, waiting...
demo.pcm not found, waiting...
demo.pcm not found, waiting...
demo.pcm not found, waiting...
demo.pcm not found, waiting...
demo.pcm not found, waiting...
demo.pcm not found, waiting...
demo.pcm not found, waiting...
demo.pcm not found, waiting...
demo.pcm not found, waiting...
demo.pcm not found, waiting...
demo.pcm not found, waiting...
demo.pcm not found, waiting...
demo.pcm not found, waiting...
demo.pcm not found, waiting...
demo.pcm not found, waiting...
demo.pcm not found, waiting...
demo.pcm not found, waiting...
demo.pcm not found, waiting...
demo.pcm not found, waiting...
demo.pcm not found, waiting...
demo.pcm not found, waiting...
demo.pcm not found, waiting...
demo.pcm not found, waiting...
demo.pcm not found, waiting...
demo.pcm not found, waiting...
demo.pcm not found, waiting...
demo.pcm not found, waiting...
demo.pcm not found, waiting...
demo.pcm not found, waiting...
demo.pcm not found, waiting...
demo.pcm not found, waiting...
demo.pcm not found, waiting...
demo.pcm not found, waiting...
demo.pcm not found, waiting...
demo.pcm not found, waiting...
demo.pcm not found, waiting...
demo.pcm not found, waiting...
demo.pcm not found, waiting...
demo.pcm not found, waiting...
demo.pcm not found, waiting...
demo.pcm not found, waiting...
demo.pcm not found, waiting...
demo.pcm not found, waiting...
demo.pcm not found, waiting...
demo.pcm not found, waiting...
demo.pcm not found, waiting...
demo.pcm not found, waiting...
demo.pcm not found, waiting...
demo.pcm not found, waiting...
demo.pcm not found, waiting...
demo.pcm not found, waiting...
demo.pcm not found, waiting...
demo.pcm not found, waiting...
demo.pcm not found, waiting...
demo.pcm not found, waiting...
demo.pcm not found, waiting...
demo.pcm not found, waiting...
demo.pcm not found, waiting...
demo.pcm not found, waiting...
demo.pcm not found, waiting...
demo.pcm not found, waiting...
demo.pcm not found, waiting...
demo.pcm not found, waiting...
demo.pcm not found, waiting...
demo.pcm not found, waiting...
demo.pcm not found, waiting...
demo.pcm not found, waiting...
demo.pcm not found, waiting...
demo.pcm not found, waiting...
demo.pcm not found, waiting...
demo.pcm not found, waiting...
demo.pcm not found, waiting...
demo.pcm not found, waiting...
demo.pcm not found, waiting...
demo.pcm not found, waiting...
demo.pcm not found, waiting...
demo.pcm not found, waiting...
demo.pcm not found, waiting...
demo.pcm not found, waiting...
demo.pcm not found, waiting...
demo.pcm not found, waiting...
demo.pcm not found, waiting...
demo.pcm not found, waiting...
demo.pcm not found, waiting...
demo.pcm not found, waiting...
demo.pcm not found, waiting...
demo.pcm not found, waiting...
demo.pcm not found, waiting...
demo.pcm not found, waiting...
demo.pcm not found, waiting...
demo.pcm not found, waiting...
demo.pcm not found, waiting...
demo.pcm not found, waiting...
demo.pcm not found, waiting...
demo.pcm not found, waiting...
demo.pcm not found, waiting...
demo.pcm not found, waiting...
demo.pcm not found, waiting...
demo.pcm not found, waiting...
demo.pcm not found, waiting...
demo.pcm not found, waiting...
demo.pcm not found, waiting...
demo.pcm not found, waiting...
demo.pcm not found, waiting...
demo.pcm not found, waiting...
demo.pcm not found, waiting...
demo.pcm not found, waiting...
demo.pcm not found, waiting...
demo.pcm not found, waiting...
demo.pcm not found, waiting...
demo.pcm not found, waiting...
demo.pcm not found, waiting...
demo.pcm not found, waiting...
demo.pcm not found, waiting...
demo.pcm not found, waiting...
demo.pcm not found, waiting...
demo.pcm not found, waiting...
demo.pcm not found, waiting...
demo.pcm not found, waiting...
demo.pcm not found, waiting...
demo.pcm not found, waiting...
demo.pcm not found, waiting...
demo.pcm not found, waiting...
demo.pcm not found, waiting...
demo.pcm not found, waiting...
demo.pcm not found, waiting...
demo.pcm not found, waiting...
demo.pcm not found, waiting...
demo.pcm not found, waiting...
demo.pcm not found, waiting...
demo.pcm not found, waiting...
demo.pcm not found, waiting...
demo.pcm not found, waiting...
demo.pcm not found, waiting...
demo.pcm not found, waiting...
demo.pcm not found, waiting...
demo.pcm not found, waiting...
demo.pcm not found, waiting...
demo.pcm not found, waiting...
demo.pcm not found, waiting...
demo.pcm not found, waiting...
demo.pcm not found, waiting...
demo.pcm not found, waiting...
demo.pcm not found, waiting...
demo.pcm not found, waiting...
demo.pcm not found, waiting...
demo.pcm not found, waiting...
demo.pcm not found, waiting...
demo.pcm not found, waiting...
demo.pcm not found, waiting...
demo.pcm not found, waiting...
demo.pcm not found, waiting...
demo.pcm not found, waiting...
demo.pcm not found, waiting...
demo.pcm not found, waiting...
demo.pcm not found, waiting...
demo.pcm not found, waiting...
demo.pcm not found, waiting...
demo.pcm not found, waiting...
demo.pcm not found, waiting...
demo.pcm not found, waiting...
demo.pcm not found, waiting...
demo.pcm not found, waiting...
demo.pcm not found, waiting...
demo.pcm not found, waiting...
demo.pcm not found, waiting...
demo.pcm not found, waiting...
demo.pcm not found, waiting...
demo.pcm not found, waiting...
demo.pcm not found, waiting...
demo.pcm not found, waiting...
demo.pcm not found, waiting...
demo.pcm not found, waiting...
demo.pcm not found, waiting...
demo.pcm not found, waiting...
demo.pcm not found, waiting...
demo.pcm not found, waiting...
demo.pcm not found, waiting...
demo.pcm not found, waiting...
demo.pcm not found, waiting...
demo.pcm not found, waiting...
demo.pcm not found, waiting...
demo.pcm not found, waiting...
demo.pcm not found, waiting...
demo.pcm not found, waiting...
demo.pcm not found, waiting...
demo.pcm not found, waiting...
demo.pcm not found, waiting...
demo.pcm not found, waiting...
demo.pcm not found, waiting...
demo.pcm not found, waiting...
demo.pcm not found, waiting...
demo.pcm not found, waiting...
demo.pcm not found, waiting...
demo.pcm not found, waiting...
demo.pcm not found, waiting...
demo.pcm not found, waiting...
demo.pcm not found, waiting...
demo.pcm not found, waiting...
demo.pcm not found, waiting...
demo.pcm not found, waiting...
demo.pcm not found, waiting...
demo.pcm not found, waiting...
demo.pcm not found, waiting...
demo.pcm not found, waiting...
demo.pcm not found, waiting...
demo.pcm not found, waiting...
demo.pcm not found, waiting...
demo.pcm not found, waiting...
demo.pcm not found, waiting...
demo.pcm not found, waiting...
demo.pcm not found, waiting...
demo.pcm not found, waiting...
demo.pcm not found, waiting...
demo.pcm not found, waiting...
demo.pcm not found, waiting...
demo.pcm not found, waiting...
demo.pcm not found, waiting...
demo.pcm not found, waiting...
demo.pcm not found, waiting...
demo.pcm not found, waiting...
demo.pcm not found, waiting...
demo.pcm not found, waiting...
demo.pcm not found, waiting...
demo.pcm not found, waiting...
demo.pcm not found, waiting...
demo.pcm not found, waiting...
demo.pcm not found, waiting...
demo.pcm not found, waiting...
demo.pcm not found, waiting...
demo.pcm not found, waiting...
demo.pcm not found, waiting...
demo.pcm not found, waiting...
demo.pcm not found, waiting...
demo.pcm not found, waiting...
demo.pcm not found, waiting...
demo.pcm not found, waiting...
demo.pcm not found, waiting...
demo.pcm not found, waiting...
demo.pcm not found, waiting...
demo.pcm not found, waiting...
demo.pcm not found, waiting...
demo.pcm not found, waiting...
demo.pcm not found, waiting...
demo.pcm not found, waiting...
demo.pcm not found, waiting...
demo.pcm not found, waiting...
demo.pcm not found, waiting...
demo.pcm not found, waiting...
demo.pcm not found, waiting...
demo.pcm not found, waiting...
demo.pcm not found, waiting...
demo.pcm not found, waiting...
demo.pcm not found, waiting...
demo.pcm not found, waiting...
demo.pcm not found, waiting...
demo.pcm not found, waiting...
demo.pcm not found, waiting...
demo.pcm not found, waiting...
demo.pcm not found, waiting...
demo.pcm not found, waiting...
demo.pcm not found, waiting...
demo.pcm not found, waiting...
demo.pcm not found, waiting...
demo.pcm not found, waiting...
demo.pcm not found, waiting...
demo.pcm not found, waiting...
demo.pcm not found, waiting...
demo.pcm not found, waiting...
demo.pcm not found, waiting...
demo.pcm not found, waiting...
demo.pcm not found, waiting...
demo.pcm not found, waiting...
demo.pcm not found, waiting...
demo.pcm not found, waiting...
demo.pcm not found, waiting...
demo.pcm not found, waiting...
demo.pcm not found, waiting...
demo.pcm not found, waiting...
demo.pcm not found, waiting...
demo.pcm not found, waiting...
demo.pcm not found, waiting...
demo.pcm not found, waiting...
demo.pcm not found, waiting...
demo.pcm not found, waiting...
demo.pcm not found, waiting...
demo.pcm not found, waiting...
demo.pcm not found, waiting...
demo.pcm not found, waiting...
demo.pcm not found, waiting...
demo.pcm not found, waiting...
demo.pcm not found, waiting...
demo.pcm not found, waiting...
demo.pcm not found, waiting...
demo.pcm not found, waiting...
demo.pcm not found, waiting...
demo.pcm not found, waiting...
demo.pcm not found, waiting...
demo.pcm not found, waiting...
demo.pcm not found, waiting...
demo.pcm not found, waiting...
demo.pcm not found, waiting...
demo.pcm not found, waiting...
demo.pcm not found, waiting...
demo.pcm not found, waiting...
demo.pcm not found, waiting...
demo.pcm not found, waiting...
demo.pcm not found, waiting...
demo.pcm not found, waiting...
demo.pcm not found, waiting...
demo.pcm not found, waiting...
demo.pcm not found, waiting...
demo.pcm not found, waiting...
demo.pcm not found, waiting...
demo.pcm not found, waiting...
demo.pcm not found, waiting...
demo.pcm not found, waiting...
demo.pcm not found, waiting...
demo.pcm not found, waiting...
demo.pcm not found, waiting...
demo.pcm not found, waiting...
demo.pcm not found, waiting...
demo.pcm not found, waiting...
demo.pcm not found, waiting...
demo.pcm not found, waiting...
demo.pcm not found, waiting...
demo.pcm not found, waiting...
demo.pcm not found, waiting...
demo.pcm not found, waiting...
demo.pcm not found, waiting...
demo.pcm not found, waiting...
demo.pcm not found, waiting...
demo.pcm not found, waiting...
demo.pcm not found, waiting...
demo.pcm not found, waiting...
demo.pcm not found, waiting...
demo.pcm not found, waiting...
demo.pcm not found, waiting...
demo.pcm not found, waiting...
demo.pcm not found, waiting...
demo.pcm not found, waiting...
demo.pcm not found, waiting...
demo.pcm not found, waiting...
demo.pcm not found, waiting...
demo.pcm not found, waiting...
demo.pcm not found, waiting...
demo.pcm not found, waiting...
demo.pcm not found, waiting...
demo.pcm not found, waiting...
demo.pcm not found, waiting...
demo.pcm not found, waiting...
demo.pcm not found, waiting...
demo.pcm not found, waiting...
demo.pcm not found, waiting...
demo.pcm not found, waiting...
demo.pcm not found, waiting...
demo.pcm not found, waiting...
demo.pcm not found, waiting...
demo.pcm not found, waiting...
demo.pcm not found, waiting...
demo.pcm not found, waiting...
demo.pcm not found, waiting...
demo.pcm not found, waiting...
demo.pcm not found, waiting...
demo.pcm not found, waiting...
demo.pcm not found, waiting...
demo.pcm not found, waiting...
demo.pcm not found, waiting...
demo.pcm not found, waiting...
demo.pcm not found, waiting...
demo.pcm not found, waiting...
demo.pcm not found, waiting...
demo.pcm not found, waiting...
demo.pcm not found, waiting...
demo.pcm not found, waiting...
demo.pcm not found, waiting...
demo.pcm not found, waiting...
demo.pcm not found, waiting...
demo.pcm not found, waiting...
demo.pcm not found, waiting...
demo.pcm not found, waiting...
demo.pcm not found, waiting...
demo.pcm not found, waiting...
demo.pcm not found, waiting...
demo.pcm not found, waiting...
demo.pcm not found, waiting...
demo.pcm not found, waiting...
demo.pcm not found, waiting...
demo.pcm not found, waiting...
demo.pcm not found, waiting...
demo.pcm not found, waiting...
demo.pcm not found, waiting...
demo.pcm not found, waiting...
demo.pcm not found, waiting...
demo.pcm not found, waiting...
demo.pcm not found, waiting...
demo.pcm not found, waiting...
demo.pcm not found, waiting...
demo.pcm not found, waiting...
demo.pcm not found, waiting...
demo.pcm not found, waiting...
demo.pcm not found, waiting...
demo.pcm not found, waiting...
demo.pcm not found, waiting...
demo.pcm not found, waiting...
demo.pcm not found, waiting...
demo.pcm not found, waiting...
demo.pcm not found, waiting...
demo.pcm not found, waiting...
demo.pcm not found, waiting...
demo.pcm not found, waiting...
demo.pcm not found, waiting...
demo.pcm not found, waiting...
demo.pcm not found, waiting...
demo.pcm not found, waiting...
demo.pcm not found, waiting...
demo.pcm not found, waiting...
demo.pcm not found, waiting...
demo.pcm not found, waiting...
demo.pcm not found, waiting...
demo.pcm not found, waiting...
demo.pcm not found, waiting...
demo.pcm not found, waiting...
demo.pcm not found, waiting...
demo.pcm not found, waiting...
demo.pcm not found, waiting...
demo.pcm not found, waiting...
demo.pcm not found, waiting...
demo.pcm not found, waiting...
demo.pcm not found, waiting...
demo.pcm not found, waiting...
demo.pcm not found, waiting...
demo.pcm not found, waiting...
demo.pcm not found, waiting...
demo.pcm not found, waiting...
demo.pcm not found, waiting...
demo.pcm not found, waiting...
demo.pcm not found, waiting...
demo.pcm not found, waiting...
demo.pcm not found, waiting...
demo.pcm not found, waiting...
demo.pcm not found, waiting...
demo.pcm not found, waiting...
demo.pcm not found, waiting...
demo.pcm not found, waiting...
demo.pcm not found, waiting...
demo.pcm not found, waiting...
demo.pcm not found, waiting...
demo.pcm not found, waiting...
demo.pcm not found, waiting...
demo.pcm not found, waiting...
demo.pcm not found, waiting...
demo.pcm not found, waiting...
demo.pcm not found, waiting...
demo.pcm not found, waiting...
demo.pcm not found, waiting...
demo.pcm not found, waiting...
demo.pcm not found, waiting...
demo.pcm not found, waiting...
demo.pcm not found, waiting...
demo.pcm not found, waiting...
demo.pcm not found, waiting...
demo.pcm not found, waiting...
demo.pcm not found, waiting...
demo.pcm not found, waiting...
demo.pcm not found, waiting...
demo.pcm not found, waiting...
demo.pcm not found, waiting...
demo.pcm not found, waiting...
demo.pcm not found, waiting...
demo.pcm not found, waiting...
demo.pcm not found, waiting...
demo.pcm not found, waiting...
demo.pcm not found, waiting...
demo.pcm not found, waiting...
demo.pcm not found, waiting...
demo.pcm not found, waiting...
demo.pcm not found, waiting...
demo.pcm not found, waiting...
demo.pcm not found, waiting...
demo.pcm not found, waiting...
demo.pcm not found, waiting...
demo.pcm not found, waiting...
demo.pcm not found, waiting...
demo.pcm not found, waiting...
demo.pcm not found, waiting...
demo.pcm not found, waiting...
demo.pcm not found, waiting...
demo.pcm not found, waiting...
demo.pcm not found, waiting...
demo.pcm not found, waiting...
demo.pcm not found, waiting...
demo.pcm not found, waiting...
demo.pcm not found, waiting...
demo.pcm not found, waiting...
demo.pcm not found, waiting...
demo.pcm not found, waiting...
demo.pcm not found, waiting...
demo.pcm not found, waiting...
demo.pcm not found, waiting...
demo.pcm not found, waiting...
demo.pcm not found, waiting...
demo.pcm not found, waiting...
demo.pcm not found, waiting...
demo.pcm not found, waiting...
demo.pcm not found, waiting...
demo.pcm not found, waiting...
demo.pcm not found, waiting...
demo.pcm not found, waiting...
demo.pcm not found, waiting...
demo.pcm not found, waiting...
demo.pcm not found, waiting...
demo.pcm not found, waiting...
demo.pcm not found, waiting...
demo.pcm not found, waiting...
demo.pcm not found, waiting...
demo.pcm not found, waiting...
demo.pcm not found, waiting...
demo.pcm not found, waiting...
demo.pcm not found, waiting...
demo.pcm not found, waiting...
demo.pcm not found, waiting...
demo.pcm not found, waiting...
demo.pcm not found, waiting...
demo.pcm not found, waiting...
demo.pcm not found, waiting...
demo.pcm not found, waiting...
demo.pcm not found, waiting...
demo.pcm not found, waiting...
demo.pcm not found, waiting...
demo.pcm not found, waiting...
demo.pcm not found, waiting...
demo.pcm not found, waiting...
demo.pcm not found, waiting...
demo.pcm not found, waiting...
demo.pcm not found, waiting...
demo.pcm not found, waiting...
demo.pcm not found, waiting...
demo.pcm not found, waiting...
demo.pcm not found, waiting...
demo.pcm not found, waiting...
demo.pcm not found, waiting...
demo.pcm not found, waiting...
demo.pcm not found, waiting...
demo.pcm not found, waiting...
demo.pcm not found, waiting...
demo.pcm not found, waiting...
demo.pcm not found, waiting...
demo.pcm not found, waiting...
demo.pcm not found, waiting...
demo.pcm not found, waiting...
demo.pcm not found, waiting...
demo.pcm not found, waiting...
demo.pcm not found, waiting...
demo.pcm not found, waiting...
demo.pcm not found, waiting...
demo.pcm not found, waiting...
demo.pcm not found, waiting...
demo.pcm not found, waiting...
demo.pcm not found, waiting...
demo.pcm not found, waiting...
demo.pcm not found, waiting...
demo.pcm not found, waiting...
demo.pcm not found, waiting...
demo.pcm not found, waiting...
demo.pcm not found, waiting...
demo.pcm not found, waiting...
demo.pcm not found, waiting...
demo.pcm not found, waiting...
demo.pcm not found, waiting...
demo.pcm not found, waiting...
demo.pcm not found, waiting...
demo.pcm not found, waiting...
demo.pcm not found, waiting...
demo.pcm not found, waiting...
demo.pcm not found, waiting...
demo.pcm not found, waiting...
demo.pcm not found, waiting...
demo.pcm not found, waiting...
demo.pcm not found, waiting...
demo.pcm not found, waiting...
demo.pcm not found, waiting...
demo.pcm not found, waiting...
demo.pcm not found, waiting...
demo.pcm not found, waiting...
demo.pcm not found, waiting...
demo.pcm not found, waiting...
demo.pcm not found, waiting...
demo.pcm not found, waiting...
demo.pcm not found, waiting...
demo.pcm not found, waiting...
demo.pcm not found, waiting...
demo.pcm not found, waiting...
demo.pcm not found, waiting...
demo.pcm not found, waiting...
demo.pcm not found, waiting...
demo.pcm not found, waiting...
demo.pcm not found, waiting...
demo.pcm not found, waiting...
demo.pcm not found, waiting...
demo.pcm not found, waiting...
demo.pcm not found, waiting...
demo.pcm not found, waiting...
demo.pcm not found, waiting...
demo.pcm not found, waiting...
demo.pcm not found, waiting...
demo.pcm not found, waiting...
demo.pcm not found, waiting...
demo.pcm not found, waiting...
demo.pcm not found, waiting...
demo.pcm not found, waiting...
demo.pcm not found, waiting...
demo.pcm not found, waiting...
demo.pcm not found, waiting...
demo.pcm not found, waiting...
demo.pcm not found, waiting...
demo.pcm not found, waiting...
demo.pcm not found, waiting...
demo.pcm not found, waiting...
demo.pcm not found, waiting...
demo.pcm not found, waiting...
demo.pcm not found, waiting...
demo.pcm not found, waiting...
demo.pcm not found, waiting...
demo.pcm not found, waiting...
demo.pcm not found, waiting...
demo.pcm not found, waiting...
demo.pcm not found, waiting...
demo.pcm not found, waiting...
demo.pcm not found, waiting...
demo.pcm not found, waiting...
demo.pcm not found, waiting...
demo.pcm not found, waiting...
demo.pcm not found, waiting...
demo.pcm not found, waiting...
demo.pcm not found, waiting...
demo.pcm not found, waiting...
demo.pcm not found, waiting...
demo.pcm not found, waiting...
demo.pcm not found, waiting...
demo.pcm not found, waiting...
demo.pcm not found, waiting...
demo.pcm not found, waiting...
demo.pcm not found, waiting...
demo.pcm not found, waiting...
demo.pcm not found, waiting...
demo.pcm not found, waiting...
demo.pcm not found, waiting...
demo.pcm not found, waiting...
demo.pcm not found, waiting...
demo.pcm not found, waiting...
demo.pcm not found, waiting...
demo.pcm not found, waiting...
demo.pcm not found, waiting...
demo.pcm not found, waiting...
demo.pcm not found, waiting...
demo.pcm not found, waiting...
demo.pcm not found, waiting...
demo.pcm not found, waiting...
demo.pcm not found, waiting...
demo.pcm not found, waiting...
demo.pcm not found, waiting...
demo.pcm not found, waiting...
demo.pcm not found, waiting...
demo.pcm not found, waiting...
demo.pcm not found, waiting...
demo.pcm not found, waiting...
demo.pcm not found, waiting...
demo.pcm not found, waiting...
demo.pcm not found, waiting...
demo.pcm not found, waiting...
demo.pcm not found, waiting...
demo.pcm not found, waiting...
demo.pcm not found, waiting...
demo.pcm not found, waiting...
demo.pcm not found, waiting...
demo.pcm not found, waiting...
demo.pcm not found, waiting...
demo.pcm not found, waiting...
demo.pcm not found, waiting...
demo.pcm not found, waiting...
demo.pcm not found, waiting...
demo.pcm not found, waiting...
demo.pcm not found, waiting...
demo.pcm not found, waiting...
demo.pcm not found, waiting...
demo.pcm not found, waiting...
demo.pcm not found, waiting...
demo.pcm not found, waiting...
demo.pcm not found, waiting...
demo.pcm not found, waiting...
demo.pcm not found, waiting...
demo.pcm not found, waiting...
demo.pcm not found, waiting...
demo.pcm not found, waiting...
demo.pcm not found, waiting...
demo.pcm not found, waiting...
demo.pcm not found, waiting...
demo.pcm not found, waiting...
demo.pcm not found, waiting...
demo.pcm not found, waiting...
demo.pcm not found, waiting...
demo.pcm not found, waiting...
demo.pcm not found, waiting...
demo.pcm not found, waiting...
demo.pcm not found, waiting...
demo.pcm not found, waiting...
demo.pcm not found, waiting...
demo.pcm not found, waiting...
demo.pcm not found, waiting...
demo.pcm not found, waiting...
demo.pcm not found, waiting...
demo.pcm not found, waiting...
demo.pcm not found, waiting...
demo.pcm not found, waiting...
demo.pcm not found, waiting...
demo.pcm not found, waiting...
demo.pcm not found, waiting...
demo.pcm not found, waiting...
demo.pcm not found, waiting...
demo.pcm not found, waiting...
demo.pcm not found, waiting...
demo.pcm not found, waiting...
demo.pcm not found, waiting...
demo.pcm not found, waiting...
demo.pcm not found, waiting...
demo.pcm not found, waiting...
demo.pcm not found, waiting...
demo.pcm not found, waiting...
demo.pcm not found, waiting...
demo.pcm not found, waiting...
demo.pcm not found, waiting...
demo.pcm not found, waiting...
demo.pcm not found, waiting...
demo.pcm not found, waiting...
demo.pcm not found, waiting...
demo.pcm not found, waiting...
demo.pcm not found, waiting...
demo.pcm not found, waiting...
demo.pcm not found, waiting...
demo.pcm not found, waiting...
demo.pcm not found, waiting...
demo.pcm not found, waiting...
demo.pcm not found, waiting...
demo.pcm not found, waiting...
demo.pcm not found, waiting...
demo.pcm not found, waiting...
demo.pcm not found, waiting...
demo.pcm not found, waiting...
demo.pcm not found, waiting...
demo.pcm not found, waiting...
demo.pcm not found, waiting...
demo.pcm not found, waiting...
demo.pcm not found, waiting...
demo.pcm not found, waiting...
demo.pcm not found, waiting...
demo.pcm not found, waiting...
demo.pcm not found, waiting...
demo.pcm not found, waiting...
demo.pcm not found, waiting...
demo.pcm not found, waiting...
demo.pcm not found, waiting...
demo.pcm not found, waiting...
demo.pcm not found, waiting...
demo.pcm not found, waiting...
demo.pcm not found, waiting...
demo.pcm not found, waiting...
demo.pcm not found, waiting...
demo.pcm not found, waiting...
demo.pcm not found, waiting...
demo.pcm not found, waiting...
demo.pcm not found, waiting...
demo.pcm not found, waiting...
demo.pcm not found, waiting...
demo.pcm not found, waiting...
demo.pcm not found, waiting...
demo.pcm not found, waiting...
demo.pcm not found, waiting...
demo.pcm not found, waiting...
demo.pcm not found, waiting...
demo.pcm not found, waiting...
demo.pcm not found, waiting...
demo.pcm not found, waiting...
demo.pcm not found, waiting...
demo.pcm not found, waiting...
demo.pcm not found, waiting...
demo.pcm not found, waiting...
demo.pcm not found, waiting...
demo.pcm not found, waiting...
demo.pcm not found, waiting...
demo.pcm not found, waiting...
demo.pcm not found, waiting...
demo.pcm not found, waiting...
demo.pcm not found, waiting...
demo.pcm not found, waiting...
demo.pcm not found, waiting...
demo.pcm not found, waiting...
demo.pcm not found, waiting...
demo.pcm not found, waiting...
demo.pcm not found, waiting...
demo.pcm not found, waiting...
demo.pcm not found, waiting...
demo.pcm not found, waiting...
demo.pcm not found, waiting...
demo.pcm not found, waiting...
demo.pcm not found, waiting...
demo.pcm not found, waiting...
demo.pcm not found, waiting...
demo.pcm not found, waiting...
demo.pcm not found, waiting...
demo.pcm not found, waiting...
demo.pcm not found, waiting...
demo.pcm not found, waiting...
demo.pcm not found, waiting...
demo.pcm not found, waiting...
demo.pcm not found, waiting...
demo.pcm not found, waiting...
demo.pcm not found, waiting...
demo.pcm not found, waiting...
demo.pcm not found, waiting...
demo.pcm not found, waiting...
demo.pcm not found, waiting...
demo.pcm not found, waiting...
demo.pcm not found, waiting...
demo.pcm not found, waiting...
demo.pcm not found, waiting...
demo.pcm not found, waiting...
demo.pcm not found, waiting...
demo.pcm not found, waiting...
demo.pcm not found, waiting...
demo.pcm not found, waiting...
demo.pcm not found, waiting...
demo.pcm not found, waiting...
demo.pcm not found, waiting...
demo.pcm not found, waiting...
demo.pcm not found, waiting...
demo.pcm not found, waiting...
demo.pcm not found, waiting...
demo.pcm not found, waiting...
demo.pcm not found, waiting...
demo.pcm not found, waiting...
demo.pcm not found, waiting...
demo.pcm not found, waiting...
demo.pcm not found, waiting...
demo.pcm not found, waiting...
demo.pcm not found, waiting...
demo.pcm not found, waiting...
demo.pcm not found, waiting...
demo.pcm not found, waiting...
demo.pcm not found, waiting...
demo.pcm not found, waiting...
demo.pcm not found, waiting...
demo.pcm not found, waiting...
demo.pcm not found, waiting...
demo.pcm not found, waiting...
demo.pcm not found, waiting...
demo.pcm not found, waiting...
demo.pcm not found, waiting...
demo.pcm not found, waiting...
demo.pcm not found, waiting...
demo.pcm not found, waiting...
demo.pcm not found, waiting...
demo.pcm not found, waiting...
demo.pcm not found, waiting...
demo.pcm not found, waiting...
demo.pcm not found, waiting...
demo.pcm not found, waiting...
demo.pcm not found, waiting...
demo.pcm not found, waiting...
demo.pcm not found, waiting...
demo.pcm not found, waiting...
demo.pcm not found, waiting...
demo.pcm not found, waiting...
demo.pcm not found, waiting...
demo.pcm not found, waiting...
demo.pcm not found, waiting...
demo.pcm not found, waiting...
demo.pcm not found, waiting...
demo.pcm not found, waiting...
demo.pcm not found, waiting...
demo.pcm not found, waiting...
demo.pcm not found, waiting...
demo.pcm not found, waiting...
demo.pcm not found, waiting...
demo.pcm not found, waiting...
demo.pcm not found, waiting...
demo.pcm not found, waiting...
demo.pcm not found, waiting...
demo.pcm not found, waiting...
demo.pcm not found, waiting...
demo.pcm not found, waiting...
demo.pcm not found, waiting...
demo.pcm not found, waiting...
demo.pcm not found, waiting...
demo.pcm not found, waiting...
demo.pcm not found, waiting...
demo.pcm not found, waiting...
demo.pcm not found, waiting...
demo.pcm not found, waiting...
demo.pcm not found, waiting...
demo.pcm not found, waiting...
demo.pcm not found, waiting...
demo.pcm not found, waiting...
demo.pcm not found, waiting...
demo.pcm not found, waiting...
demo.pcm not found, waiting...
demo.pcm not found, waiting...
demo.pcm not found, waiting...
demo.pcm not found, waiting...
demo.pcm not found, waiting...
demo.pcm not found, waiting...
demo.pcm not found, waiting...
demo.pcm not found, waiting...
demo.pcm not found, waiting...
demo.pcm not found, waiting...
demo.pcm not found, waiting...
demo.pcm not found, waiting...
demo.pcm not found, waiting...
demo.pcm not found, waiting...
demo.pcm not found, waiting...
demo.pcm not found, waiting...
demo.pcm not found, waiting...
demo.pcm not found, waiting...
demo.pcm not found, waiting...
demo.pcm not found, waiting...
demo.pcm not found, waiting...
demo.pcm not found, waiting...
demo.pcm not found, waiting...
demo.pcm not found, waiting...
demo.pcm not found, waiting...
demo.pcm not found, waiting...
demo.pcm not found, waiting...
demo.pcm not found, waiting...
demo.pcm not found, waiting...
demo.pcm not found, waiting...
demo.pcm not found, waiting...
demo.pcm not found, waiting...
demo.pcm not found, waiting...
demo.pcm not found, waiting...
demo.pcm not found, waiting...
demo.pcm not found, waiting...
demo.pcm not found, waiting...
demo.pcm not found, waiting...
demo.pcm not found, waiting...
demo.pcm not found, waiting...
demo.pcm not found, waiting...
demo.pcm not found, waiting...
demo.pcm not found, waiting...
demo.pcm not found, waiting...
demo.pcm not found, waiting...
demo.pcm not found, waiting...
demo.pcm not found, waiting...
demo.pcm not found, waiting...
demo.pcm not found, waiting...
demo.pcm not found, waiting...
demo.pcm not found, waiting...
demo.pcm not found, waiting...
demo.pcm not found, waiting...
demo.pcm not found, waiting...
demo.pcm not found, waiting...
demo.pcm not found, waiting...
demo.pcm not found, waiting...
demo.pcm not found, waiting...
demo.pcm not found, waiting...
demo.pcm not found, waiting...
demo.pcm not found, waiting...
demo.pcm not found, waiting...
demo.pcm not found, waiting...
demo.pcm not found, waiting...
demo.pcm not found, waiting...
demo.pcm not found, waiting...
demo.pcm not found, waiting...
demo.pcm not found, waiting...
demo.pcm not found, waiting...
demo.pcm not found, waiting...
demo.pcm not found, waiting...
demo.pcm not found, waiting...
demo.pcm not found, waiting...
demo.pcm not found, waiting...
demo.pcm not found, waiting...
demo.pcm not found, waiting...
demo.pcm not found, waiting...
demo.pcm not found, waiting...
demo.pcm not found, waiting...
demo.pcm not found, waiting...
demo.pcm not found, waiting...
demo.pcm not found, waiting...
demo.pcm not found, waiting...
demo.pcm not found, waiting...
demo.pcm not found, waiting...
demo.pcm not found, waiting...
demo.pcm not found, waiting...
demo.pcm not found, waiting...
demo.pcm not found, waiting...
demo.pcm not found, waiting...
demo.pcm not found, waiting...
demo.pcm not found, waiting...
demo.pcm not found, waiting...
demo.pcm not found, waiting...
demo.pcm not found, waiting...
demo.pcm not found, waiting...
demo.pcm not found, waiting...
demo.pcm not found, waiting...
demo.pcm not found, waiting...
demo.pcm not found, waiting...
demo.pcm not found, waiting...
demo.pcm not found, waiting...
demo.pcm not found, waiting...
demo.pcm not found, waiting...
demo.pcm not found, waiting...
demo.pcm not found, waiting...
demo.pcm not found, waiting...
demo.pcm not found, waiting...
demo.pcm not found, waiting...
demo.pcm not found, waiting...
demo.pcm not found, waiting...
demo.pcm not found, waiting...
demo.pcm not found, waiting...
demo.pcm not found, waiting...
demo.pcm not found, waiting...
demo.pcm not found, waiting...
demo.pcm not found, waiting...
demo.pcm not found, waiting...
demo.pcm not found, waiting...
demo.pcm not found, waiting...
demo.pcm not found, waiting...
demo.pcm not found, waiting...
demo.pcm not found, waiting...
demo.pcm not found, waiting...
demo.pcm not found, waiting...
demo.pcm not found, waiting...
demo.pcm not found, waiting...
demo.pcm not found, waiting...
demo.pcm not found, waiting...
demo.pcm not found, waiting...
demo.pcm not found, waiting...
demo.pcm not found, waiting...
demo.pcm not found, waiting...
demo.pcm not found, waiting...
demo.pcm not found, waiting...
demo.pcm not found, waiting...
demo.pcm not found, waiting...
demo.pcm not found, waiting...
demo.pcm not found, waiting...
demo.pcm not found, waiting...
demo.pcm not found, waiting...
demo.pcm not found, waiting...
demo.pcm not found, waiting...
demo.pcm not found, waiting...
demo.pcm not found, waiting...
demo.pcm not found, waiting...
demo.pcm not found, waiting...
demo.pcm not found, waiting...
demo.pcm not found, waiting...
demo.pcm not found, waiting...
demo.pcm not found, waiting...
demo.pcm not found, waiting...
demo.pcm not found, waiting...
demo.pcm not found, waiting...
demo.pcm not found, waiting...
demo.pcm not found, waiting...
demo.pcm not found, waiting...
demo.pcm not found, waiting...
demo.pcm not found, waiting...
demo.pcm not found, waiting...
demo.pcm not found, waiting...
demo.pcm not found, waiting...
demo.pcm not found, waiting...
demo.pcm not found, waiting...
demo.pcm not found, waiting...
demo.pcm not found, waiting...
demo.pcm not found, waiting...
demo.pcm not found, waiting...
demo.pcm not found, waiting...
demo.pcm not found, waiting...
demo.pcm not found, waiting...
demo.pcm not found, waiting...
demo.pcm not found, waiting...
demo.pcm not found, waiting...
demo.pcm not found, waiting...
demo.pcm not found, waiting...
demo.pcm not found, waiting...
demo.pcm not found, waiting...
demo.pcm not found, waiting...
demo.pcm not found, waiting...
demo.pcm not found, waiting...
demo.pcm not found, waiting...
demo.pcm not found, waiting...
demo.pcm not found, waiting...
demo.pcm not found, waiting...
demo.pcm not found, waiting...
demo.pcm not found, waiting...
demo.pcm not found, waiting...
demo.pcm not found, waiting...
demo.pcm not found, waiting...
demo.pcm not found, waiting...
demo.pcm not found, waiting...
demo.pcm not found, waiting...
demo.pcm not found, waiting...
demo.pcm not found, waiting...
demo.pcm not found, waiting...
demo.pcm not found, waiting...
demo.pcm not found, waiting...
demo.pcm not found, waiting...
demo.pcm not found, waiting...
demo.pcm not found, waiting...
demo.pcm not found, waiting...
demo.pcm not found, waiting...
demo.pcm not found, waiting...
demo.pcm not found, waiting...
demo.pcm not found, waiting...
demo.pcm not found, waiting...
demo.pcm not found, waiting...
demo.pcm not found, waiting...
demo.pcm not found, waiting...
demo.pcm not found, waiting...
demo.pcm not found, waiting...
demo.pcm not found, waiting...
demo.pcm not found, waiting...
demo.pcm not found, waiting...
demo.pcm not found, waiting...
demo.pcm not found, waiting...
demo.pcm not found, waiting...
demo.pcm not found, waiting...
demo.pcm not found, waiting...
demo.pcm not found, waiting...
demo.pcm not found, waiting...
demo.pcm not found, waiting...
demo.pcm not found, waiting...
demo.pcm not found, waiting...
demo.pcm not found, waiting...
demo.pcm not found, waiting...
demo.pcm not found, waiting...
demo.pcm not found, waiting...
demo.pcm not found, waiting...
demo.pcm not found, waiting...
demo.pcm not found, waiting...
demo.pcm not found, waiting...
demo.pcm not found, waiting...
demo.pcm not found, waiting...
demo.pcm not found, waiting...
demo.pcm not found, waiting...
demo.pcm not found, waiting...
demo.pcm not found, waiting...
demo.pcm not found, waiting...
demo.pcm not found, waiting...
demo.pcm not found, waiting...
demo.pcm not found, waiting...
demo.pcm not found, waiting...
demo.pcm not found, waiting...
demo.pcm not found, waiting...
demo.pcm not found, waiting...
demo.pcm not found, waiting...
demo.pcm not found, waiting...
demo.pcm not found, waiting...
demo.pcm not found, waiting...
demo.pcm not found, waiting...
demo.pcm not found, waiting...
demo.pcm not found, waiting...
demo.pcm not found, waiting...
demo.pcm not found, waiting...
demo.pcm not found, waiting...
demo.pcm not found, waiting...
demo.pcm not found, waiting...
demo.pcm not found, waiting...
demo.pcm not found, waiting...
demo.pcm not found, waiting...
demo.pcm not found, waiting...
demo.pcm not found, waiting...
demo.pcm not found, waiting...
demo.pcm not found, waiting...
demo.pcm not found, waiting...
demo.pcm not found, waiting...
demo.pcm not found, waiting...
demo.pcm not found, waiting...
demo.pcm not found, waiting...
demo.pcm not found, waiting...
demo.pcm not found, waiting...
demo.pcm not found, waiting...
demo.pcm not found, waiting...
demo.pcm not found, waiting...
demo.pcm not found, waiting...
demo.pcm not found, waiting...
demo.pcm not found, waiting...
demo.pcm not found, waiting...
demo.pcm not found, waiting...
demo.pcm not found, waiting...
demo.pcm not found, waiting...
demo.pcm not found, waiting...
demo.pcm not found, waiting...
demo.pcm not found, waiting...
demo.pcm not found, waiting...
demo.pcm not found, waiting...
demo.pcm not found, waiting...
demo.pcm not found, waiting...
demo.pcm not found, waiting...
demo.pcm not found, waiting...
demo.pcm not found, waiting...
demo.pcm not found, waiting...
demo.pcm not found, waiting...
demo.pcm not found, waiting...
demo.pcm not found, waiting...
demo.pcm not found, waiting...
demo.pcm not found, waiting...
demo.pcm not found, waiting...
demo.pcm not found, waiting...
demo.pcm not found, waiting...
demo.pcm not found, waiting...
demo.pcm not found, waiting...
demo.pcm not found, waiting...
demo.pcm not found, waiting...
demo.pcm not found, waiting...
demo.pcm not found, waiting...
demo.pcm not found, waiting...
demo.pcm not found, waiting...
demo.pcm not found, waiting...
demo.pcm not found, waiting...
demo.pcm not found, waiting...
demo.pcm not found, waiting...
demo.pcm not found, waiting...
demo.pcm not found, waiting...
demo.pcm not found, waiting...
demo.pcm not found, waiting...
demo.pcm not found, waiting...
demo.pcm not found, waiting...
demo.pcm not found, waiting...
demo.pcm not found, waiting...
demo.pcm not found, waiting...
demo.pcm not found, waiting...
demo.pcm not found, waiting...
demo.pcm not found, waiting...
demo.pcm not found, waiting...
demo.pcm not found, waiting...
demo.pcm not found, waiting...
demo.pcm not found, waiting...
demo.pcm not found, waiting...
demo.pcm not found, waiting...
demo.pcm not found, waiting...
demo.pcm not found, waiting...
demo.pcm not found, waiting...
demo.pcm not found, waiting...
demo.pcm not found, waiting...
demo.pcm not found, waiting...
demo.pcm not found, waiting...
demo.pcm not found, waiting...
demo.pcm not found, waiting...
demo.pcm not found, waiting...
demo.pcm not found, waiting...
demo.pcm not found, waiting...
demo.pcm not found, waiting...
demo.pcm not found, waiting...
demo.pcm not found, waiting...
demo.pcm not found, waiting...
demo.pcm not found, waiting...
demo.pcm not found, waiting...
demo.pcm not found, waiting...
demo.pcm not found, waiting...
demo.pcm not found, waiting...
demo.pcm not found, waiting...
demo.pcm not found, waiting...
demo.pcm not found, waiting...
demo.pcm not found, waiting...
demo.pcm not found, waiting...
demo.pcm not found, waiting...
demo.pcm not found, waiting...
demo.pcm not found, waiting...
demo.pcm not found, waiting...
demo.pcm not found, waiting...
demo.pcm not found, waiting...
demo.pcm not found, waiting...
demo.pcm not found, waiting...
demo.pcm not found, waiting...
demo.pcm not found, waiting...
demo.pcm not found, waiting...
demo.pcm not found, waiting...
demo.pcm not found, waiting...
demo.pcm not found, waiting...
demo.pcm not found, waiting...
demo.pcm not found, waiting...
demo.pcm not found, waiting...
demo.pcm not found, waiting...
demo.pcm not found, waiting...
demo.pcm not found, waiting...
demo.pcm not found, waiting...
demo.pcm not found, waiting...
demo.pcm not found, waiting...
demo.pcm not found, waiting...
demo.pcm not found, waiting...
demo.pcm not found, waiting...
demo.pcm not found, waiting...
demo.pcm not found, waiting...
demo.pcm not found, waiting...
demo.pcm not found, waiting...
demo.pcm not found, waiting...
demo.pcm not found, waiting...
demo.pcm not found, waiting...
demo.pcm not found, waiting...
demo.pcm not found, waiting...
demo.pcm not found, waiting...
demo.pcm not found, waiting...
demo.pcm not found, waiting...
demo.pcm not found, waiting...
demo.pcm not found, waiting...
demo.pcm not found, waiting...
demo.pcm not found, waiting...
demo.pcm not found, waiting...
demo.pcm not found, waiting...
demo.pcm not found, waiting...
demo.pcm not found, waiting...
demo.pcm not found, waiting...
demo.pcm not found, waiting...
demo.pcm not found, waiting...
demo.pcm not found, waiting...
demo.pcm not found, waiting...
demo.pcm not found, waiting...
demo.pcm not found, waiting...
demo.pcm not found, waiting...
demo.pcm not found, waiting...
demo.pcm not found, waiting...
demo.pcm not found, waiting...
demo.pcm not found, waiting...
demo.pcm not found, waiting...
demo.pcm not found, waiting...
demo.pcm not found, waiting...
demo.pcm not found, waiting...
demo.pcm not found, waiting...
demo.pcm not found, waiting...
demo.pcm not found, waiting...
demo.pcm not found, waiting...
demo.pcm not found, waiting...
demo.pcm not found, waiting...
demo.pcm not found, waiting...
demo.pcm not found, waiting...
demo.pcm not found, waiting...
demo.pcm not found, waiting...
demo.pcm not found, waiting...
demo.pcm not found, waiting...
demo.pcm not found, waiting...
demo.pcm not found, waiting...
demo.pcm not found, waiting...
demo.pcm not found, waiting...
demo.pcm not found, waiting...
demo.pcm not found, waiting...
demo.pcm not found, waiting...
demo.pcm not found, waiting...
demo.pcm not found, waiting...
demo.pcm not found, waiting...
demo.pcm not found, waiting...
demo.pcm not found, waiting...
demo.pcm not found, waiting...
demo.pcm not found, waiting...
demo.pcm not found, waiting...
demo.pcm not found, waiting...
demo.pcm not found, waiting...
demo.pcm not found, waiting...
demo.pcm not found, waiting...
demo.pcm not found, waiting...
demo.pcm not found, waiting...
demo.pcm not found, waiting...
demo.pcm not found, waiting...
demo.pcm not found, waiting...
demo.pcm not found, waiting...
demo.pcm not found, waiting...
demo.pcm not found, waiting...
demo.pcm not found, waiting...
demo.pcm not found, waiting...
demo.pcm not found, waiting...
demo.pcm not found, waiting...
demo.pcm not found, waiting...
demo.pcm not found, waiting...
demo.pcm not found, waiting...
demo.pcm not found, waiting...
demo.pcm not found, waiting...
demo.pcm not found, waiting...
demo.pcm not found, waiting...
demo.pcm not found, waiting...
demo.pcm not found, waiting...
demo.pcm not found, waiting...
demo.pcm not found, waiting...
demo.pcm not found, waiting...
demo.pcm not found, waiting...
demo.pcm not found, waiting...
demo.pcm not found, waiting...
demo.pcm not found, waiting...
demo.pcm not found, waiting...
demo.pcm not found, waiting...
demo.pcm not found, waiting...
demo.pcm not found, waiting...
demo.pcm not found, waiting...
demo.pcm not found, waiting...
demo.pcm not found, waiting...
demo.pcm not found, waiting...
demo.pcm not found, waiting...
demo.pcm not found, waiting...
demo.pcm not found, waiting...
demo.pcm not found, waiting...
demo.pcm not found, waiting...
demo.pcm not found, waiting...
demo.pcm not found, waiting...
demo.pcm not found, waiting...
demo.pcm not found, waiting...
demo.pcm not found, waiting...
demo.pcm not found, waiting...
demo.pcm not found, waiting...
demo.pcm not found, waiting...
demo.pcm not found, waiting...
demo.pcm not found, waiting...
demo.pcm not found, waiting...
demo.pcm not found, waiting...
demo.pcm not found, waiting...
demo.pcm not found, waiting...
demo.pcm not found, waiting...
demo.pcm not found, waiting...
demo.pcm not found, waiting...
demo.pcm not found, waiting...
demo.pcm not found, waiting...
demo.pcm not found, waiting...
demo.pcm not found, waiting...
demo.pcm not found, waiting...
demo.pcm not found, waiting...
demo.pcm not found, waiting...
demo.pcm not found, waiting...
demo.pcm not found, waiting...
demo.pcm not found, waiting...
demo.pcm not found, waiting...
demo.pcm not found, waiting...
demo.pcm not found, waiting...
demo.pcm not found, waiting...
demo.pcm not found, waiting...
demo.pcm not found, waiting...
demo.pcm not found, waiting...
demo.pcm not found, waiting...
demo.pcm not found, waiting...
demo.pcm not found, waiting...
demo.pcm not found, waiting...
demo.pcm not found, waiting...
demo.pcm not found, waiting...
demo.pcm not found, waiting...
demo.pcm not found, waiting...
demo.pcm not found, waiting...
demo.pcm not found, waiting...
demo.pcm not found, waiting...
demo.pcm not found, waiting...
demo.pcm not found, waiting...
demo.pcm not found, waiting...
demo.pcm not found, waiting...
demo.pcm not found, waiting...
demo.pcm not found, waiting...
demo.pcm not found, waiting...
demo.pcm not found, waiting...
demo.pcm not found, waiting...
demo.pcm not found, waiting...
demo.pcm not found, waiting...
demo.pcm not found, waiting...
demo.pcm not found, waiting...
demo.pcm not found, waiting...
demo.pcm not found, waiting...
demo.pcm not found, waiting...
demo.pcm not found, waiting...
demo.pcm not found, waiting...
demo.pcm not found, waiting...
demo.pcm not found, waiting...
demo.pcm not found, waiting...
demo.pcm not found, waiting...
demo.pcm not found, waiting...
demo.pcm not found, waiting...
demo.pcm not found, waiting...
demo.pcm not found, waiting...
demo.pcm not found, waiting...
demo.pcm not found, waiting...
demo.pcm not found, waiting...
demo.pcm not found, waiting...
demo.pcm not found, waiting...
demo.pcm not found, waiting...
demo.pcm not found, waiting...
demo.pcm not found, waiting...
demo.pcm not found, waiting...
demo.pcm not found, waiting...
demo.pcm not found, waiting...
demo.pcm not found, waiting...
demo.pcm not found, waiting...
demo.pcm not found, waiting...
demo.pcm not found, waiting...
demo.pcm not found, waiting...
demo.pcm not found, waiting...
demo.pcm not found, waiting...
demo.pcm not found, waiting...
demo.pcm not found, waiting...
demo.pcm not found, waiting...
demo.pcm not found, waiting...
demo.pcm not found, waiting...
demo.pcm not found, waiting...
demo.pcm not found, waiting...
demo.pcm not found, waiting...
demo.pcm not found, waiting...
demo.pcm not found, waiting...
demo.pcm not found, waiting...
demo.pcm not found, waiting...
demo.pcm not found, waiting...
demo.pcm not found, waiting...
demo.pcm not found, waiting...
demo.pcm not found, waiting...
demo.pcm not found, waiting...
demo.pcm not found, waiting...
demo.pcm not found, waiting...
demo.pcm not found, waiting...
demo.pcm not found, waiting...
demo.pcm not found, waiting...
demo.pcm not found, waiting...
demo.pcm not found, waiting...
demo.pcm not found, waiting...
demo.pcm not found, waiting...
demo.pcm not found, waiting...
demo.pcm not found, waiting...
demo.pcm not found, waiting...
demo.pcm not found, waiting...
demo.pcm not found, waiting...
demo.pcm not found, waiting...
demo.pcm not found, waiting...
demo.pcm not found, waiting...
demo.pcm not found, waiting...
demo.pcm not found, waiting...
demo.pcm not found, waiting...
demo.pcm not found, waiting...
demo.pcm not found, waiting...
demo.pcm not found, waiting...
demo.pcm not found, waiting...
demo.pcm not found, waiting...
demo.pcm not found, waiting...
demo.pcm not found, waiting...
demo.pcm not found, waiting...
demo.pcm not found, waiting...
demo.pcm not found, waiting...
demo.pcm not found, waiting...
demo.pcm not found, waiting...
demo.pcm not found, waiting...
demo.pcm not found, waiting...
demo.pcm not found, waiting...
demo.pcm not found, waiting...
demo.pcm not found, waiting...
demo.pcm not found, waiting...
demo.pcm not found, waiting...
demo.pcm not found, waiting...
demo.pcm not found, waiting...
demo.pcm not found, waiting...
demo.pcm not found, waiting...
demo.pcm not found, waiting...
demo.pcm not found, waiting...
demo.pcm not found, waiting...
demo.pcm not found, waiting...
demo.pcm not found, waiting...
demo.pcm not found, waiting...
demo.pcm not found, waiting...
demo.pcm not found, waiting...
demo.pcm not found, waiting...
demo.pcm not found, waiting...
demo.pcm not found, waiting...
demo.pcm not found, waiting...
demo.pcm not found, waiting...
demo.pcm not found, waiting...
demo.pcm not found, waiting...
demo.pcm not found, waiting...
demo.pcm not found, waiting...
demo.pcm not found, waiting...
demo.pcm not found, waiting...
demo.pcm not found, waiting...
demo.pcm not found, waiting...
demo.pcm not found, waiting...
demo.pcm not found, waiting...
demo.pcm not found, waiting...
demo.pcm not found, waiting...
demo.pcm not found, waiting...
demo.pcm not found, waiting...
demo.pcm not found, waiting...
demo.pcm not found, waiting...
demo.pcm not found, waiting...
demo.pcm not found, waiting...
demo.pcm not found, waiting...
demo.pcm not found, waiting...
demo.pcm not found, waiting...
demo.pcm not found, waiting...
demo.pcm not found, waiting...
demo.pcm not found, waiting...
demo.pcm not found, waiting...
demo.pcm not found, waiting...
demo.pcm not found, waiting...
demo.pcm not found, waiting...
demo.pcm not found, waiting...
demo.pcm not found, waiting...
demo.pcm not found, waiting...
demo.pcm not found, waiting...
demo.pcm not found, waiting...
demo.pcm not found, waiting...
demo.pcm not found, waiting...
demo.pcm not found, waiting...
demo.pcm not found, waiting...
demo.pcm not found, waiting...
demo.pcm not found, waiting...
demo.pcm not found, waiting...
demo.pcm not found, waiting...
demo.pcm not found, waiting...
demo.pcm not found, waiting...
demo.pcm not found, waiting...
demo.pcm not found, waiting...
demo.pcm not found, waiting...
demo.pcm not found, waiting...
demo.pcm not found, waiting...
demo.pcm not found, waiting...
demo.pcm not found, waiting...
demo.pcm not found, waiting...
demo.pcm not found, waiting...
demo.pcm not found, waiting...
demo.pcm not found, waiting...
demo.pcm not found, waiting...
demo.pcm not found, waiting...
demo.pcm not found, waiting...
demo.pcm not found, waiting...
demo.pcm not found, waiting...
demo.pcm not found, waiting...
demo.pcm not found, waiting...
demo.pcm not found, waiting...
demo.pcm not found, waiting...
demo.pcm not found, waiting...
demo.pcm not found, waiting...
demo.pcm not found, waiting...
demo.pcm not found, waiting...
demo.pcm not found, waiting...
demo.pcm not found, waiting...
demo.pcm not found, waiting...
demo.pcm not found, waiting...
demo.pcm not found, waiting...
demo.pcm not found, waiting...
demo.pcm not found, waiting...
demo.pcm not found, waiting...
demo.pcm not found, waiting...
demo.pcm not found, waiting...
demo.pcm not found, waiting...
demo.pcm not found, waiting...
demo.pcm not found, waiting...
demo.pcm not found, waiting...
demo.pcm not found, waiting...
demo.pcm not found, waiting...
demo.pcm not found, waiting...
demo.pcm not found, waiting...
demo.pcm not found, waiting...
demo.pcm not found, waiting...
demo.pcm not found, waiting...
demo.pcm not found, waiting...
demo.pcm not found, waiting...
demo.pcm not found, waiting...
demo.pcm not found, waiting...
demo.pcm not found, waiting...
demo.pcm not found, waiting...
demo.pcm not found, waiting...
demo.pcm not found, waiting...
demo.pcm not found, waiting...
demo.pcm not found, waiting...
demo.pcm not found, waiting...
demo.pcm not found, waiting...
demo.pcm not found, waiting...
demo.pcm not found, waiting...
demo.pcm not found, waiting...
demo.pcm not found, waiting...
demo.pcm not found, waiting...
demo.pcm not found, waiting...
demo.pcm not found, waiting...
demo.pcm not found, waiting...
demo.pcm not found, waiting...
demo.pcm not found, waiting...
demo.pcm not found, waiting...
demo.pcm not found, waiting...
demo.pcm not found, waiting...
demo.pcm not found, waiting...
demo.pcm not found, waiting...
demo.pcm not found, waiting...
demo.pcm not found, waiting...
demo.pcm not found, waiting...
demo.pcm not found, waiting...
demo.pcm not found, waiting...
demo.pcm not found, waiting...
demo.pcm not found, waiting...
demo.pcm not found, waiting...
demo.pcm not found, waiting...
demo.pcm not found, waiting...
demo.pcm not found, waiting...
demo.pcm not found, waiting...
demo.pcm not found, waiting...
demo.pcm not found, waiting...
demo.pcm not found, waiting...
demo.pcm not found, waiting...
demo.pcm not found, waiting...
demo.pcm not found, waiting...
demo.pcm not found, waiting...
demo.pcm not found, waiting...
demo.pcm not found, waiting...
demo.pcm not found, waiting...
demo.pcm not found, waiting...
demo.pcm not found, waiting...
demo.pcm not found, waiting...
demo.pcm not found, waiting...
demo.pcm not found, waiting...
demo.pcm not found, waiting...
demo.pcm not found, waiting...
demo.pcm not found, waiting...
demo.pcm not found, waiting...
demo.pcm not found, waiting...
demo.pcm not found, waiting...
demo.pcm not found, waiting...
demo.pcm not found, waiting...
demo.pcm not found, waiting...
demo.pcm not found, waiting...
demo.pcm not found, waiting...
demo.pcm not found, waiting...
demo.pcm not found, waiting...
demo.pcm not found, waiting...
demo.pcm not found, waiting...
demo.pcm not found, waiting...
demo.pcm not found, waiting...
demo.pcm not found, waiting...
demo.pcm not found, waiting...
demo.pcm not found, waiting...
demo.pcm not found, waiting...
demo.pcm not found, waiting...
demo.pcm not found, waiting...
demo.pcm not found, waiting...
demo.pcm not found, waiting...
demo.pcm not found, waiting...
demo.pcm not found, waiting...
demo.pcm not found, waiting...
demo.pcm not found, waiting...
demo.pcm not found, waiting...
demo.pcm not found, waiting...
demo.pcm not found, waiting...
demo.pcm not found, waiting...
demo.pcm not found, waiting...
demo.pcm not found, waiting...
demo.pcm not found, waiting...
demo.pcm not found, waiting...
demo.pcm not found, waiting...
demo.pcm not found, waiting...
demo.pcm not found, waiting...
demo.pcm not found, waiting...
demo.pcm not found, waiting...
demo.pcm not found, waiting...
demo.pcm not found, waiting...
demo.pcm not found, waiting...
demo.pcm not found, waiting...
demo.pcm not found, waiting...
demo.pcm not found, waiting...
demo.pcm not found, waiting...
demo.pcm not found, waiting...
demo.pcm not found, waiting...
demo.pcm not found, waiting...
demo.pcm not found, waiting...
demo.pcm not found, waiting...
demo.pcm not found, waiting...
demo.pcm not found, waiting...
demo.pcm not found, waiting...
demo.pcm not found, waiting...
demo.pcm not found, waiting...
demo.pcm not found, waiting...
demo.pcm not found, waiting...
demo.pcm not found, waiting...
demo.pcm not found, waiting...
demo.pcm not found, waiting...
demo.pcm not found, waiting...
demo.pcm not found, waiting...
demo.pcm not found, waiting...
demo.pcm not found, waiting...
demo.pcm not found, waiting...
demo.pcm not found, waiting...
demo.pcm not found, waiting...
demo.pcm not found, waiting...
demo.pcm not found, waiting...
demo.pcm not found, waiting...
demo.pcm not found, waiting...
demo.pcm not found, waiting...
demo.pcm not found, waiting...
demo.pcm not found, waiting...
demo.pcm not found, waiting...
demo.pcm not found, waiting...
demo.pcm not found, waiting...
demo.pcm not found, waiting...
demo.pcm not found, waiting...
demo.pcm not found, waiting...
demo.pcm not found, waiting...
demo.pcm not found, waiting...
demo.pcm not found, waiting...
demo.pcm not found, waiting...
demo.pcm not found, waiting...
demo.pcm not found, waiting...
demo.pcm not found, waiting...
demo.pcm not found, waiting...
demo.pcm not found, waiting...
demo.pcm not found, waiting...
demo.pcm not found, waiting...
demo.pcm not found, waiting...
demo.pcm not found, waiting...
demo.pcm not found, waiting...
demo.pcm not found, waiting...
demo.pcm not found, waiting...
demo.pcm not found, waiting...
demo.pcm not found, waiting...
demo.pcm not found, waiting...
demo.pcm not found, waiting...
demo.pcm not found, waiting...
demo.pcm not found, waiting...
demo.pcm not found, waiting...
demo.pcm not found, waiting...
demo.pcm not found, waiting...
demo.pcm not found, waiting...
demo.pcm not found, waiting...
demo.pcm not found, waiting...
demo.pcm not found, waiting...
demo.pcm not found, waiting...
demo.pcm not found, waiting...
demo.pcm not found, waiting...
demo.pcm not found, waiting...
demo.pcm not found, waiting...
demo.pcm not found, waiting...
demo.pcm not found, waiting...
demo.pcm not found, waiting...
demo.pcm not found, waiting...
demo.pcm not found, waiting...
demo.pcm not found, waiting...
demo.pcm not found, waiting...
demo.pcm not found, waiting...
demo.pcm not found, waiting...
demo.pcm not found, waiting...
demo.pcm not found, waiting...
demo.pcm not found, waiting...
demo.pcm not found, waiting...
demo.pcm not found, waiting...
demo.pcm not found, waiting...
demo.pcm not found, waiting...
demo.pcm not found, waiting...
demo.pcm not found, waiting...
demo.pcm not found, waiting...
demo.pcm not found, waiting...
demo.pcm not found, waiting...
demo.pcm not found, waiting...
demo.pcm not found, waiting...
demo.pcm not found, waiting...
demo.pcm not found, waiting...
demo.pcm not found, waiting...
demo.pcm not found, waiting...
demo.pcm not found, waiting...
demo.pcm not found, waiting...
demo.pcm not found, waiting...
demo.pcm not found, waiting...
demo.pcm not found, waiting...
demo.pcm not found, waiting...
demo.pcm not found, waiting...
demo.pcm not found, waiting...
demo.pcm not found, waiting...
demo.pcm not found, waiting...
demo.pcm not found, waiting...
demo.pcm not found, waiting...
demo.pcm not found, waiting...
demo.pcm not found, waiting...
demo.pcm not found, waiting...
demo.pcm not found, waiting...
demo.pcm not found, waiting...
demo.pcm not found, waiting...
demo.pcm not found, waiting...
demo.pcm not found, waiting...
demo.pcm not found, waiting...
demo.pcm not found, waiting...
demo.pcm not found, waiting...
demo.pcm not found, waiting...
demo.pcm not found, waiting...
demo.pcm not found, waiting...
demo.pcm not found, waiting...
demo.pcm not found, waiting...
demo.pcm not found, waiting...
demo.pcm not found, waiting...
demo.pcm not found, waiting...
demo.pcm not found, waiting...
demo.pcm not found, waiting...
demo.pcm not found, waiting...
demo.pcm not found, waiting...
demo.pcm not found, waiting...
demo.pcm not found, waiting...
demo.pcm not found, waiting...
demo.pcm not found, waiting...
demo.pcm not found, waiting...
demo.pcm not found, waiting...
demo.pcm not found, waiting...
demo.pcm not found, waiting...
demo.pcm not found, waiting...
demo.pcm not found, waiting...
demo.pcm not found, waiting...
demo.pcm not found, waiting...
demo.pcm not found, waiting...
demo.pcm not found, waiting...
demo.pcm not found, waiting...
demo.pcm not found, waiting...
demo.pcm not found, waiting...
demo.pcm not found, waiting...
demo.pcm not found, waiting...
demo.pcm not found, waiting...
demo.pcm not found, waiting...
demo.pcm not found, waiting...
demo.pcm not found, waiting...
demo.pcm not found, waiting...
demo.pcm not found, waiting...
demo.pcm not found, waiting...
demo.pcm not found, waiting...
demo.pcm not found, waiting...
demo.pcm not found, waiting...
demo.pcm not found, waiting...
demo.pcm not found, waiting...
demo.pcm not found, waiting...
demo.pcm not found, waiting...
demo.pcm not found, waiting...
demo.pcm not found, waiting...
demo.pcm not found, waiting...
demo.pcm not found, waiting...
demo.pcm not found, waiting...
demo.pcm not found, waiting...
demo.pcm not found, waiting...
demo.pcm not found, waiting...
demo.pcm not found, waiting...
demo.pcm not found, waiting...
demo.pcm not found, waiting...
demo.pcm not found, waiting...
demo.pcm not found, waiting...
demo.pcm not found, waiting...
demo.pcm not found, waiting...
demo.pcm not found, waiting...
demo.pcm not found, waiting...
demo.pcm not found, waiting...
demo.pcm not found, waiting...
demo.pcm not found, waiting...
demo.pcm not found, waiting...
demo.pcm not found, waiting...
demo.pcm not found, waiting...
demo.pcm not found, waiting...
demo.pcm not found, waiting...
demo.pcm not found, waiting...
demo.pcm not found, waiting...
demo.pcm not found, waiting...
demo.pcm not found, waiting...
demo.pcm not found, waiting...
demo.pcm not found, waiting...
demo.pcm not found, waiting...
demo.pcm not found, waiting...
demo.pcm not found, waiting...
demo.pcm not found, waiting...
demo.pcm not found, waiting...
demo.pcm not found, waiting...
demo.pcm not found, waiting...
demo.pcm not found, waiting...
demo.pcm not found, waiting...
demo.pcm not found, waiting...
demo.pcm not found, waiting...
demo.pcm not found, waiting...
demo.pcm not found, waiting...
demo.pcm not found, waiting...
demo.pcm not found, waiting...
demo.pcm not found, waiting...
demo.pcm not found, waiting...
demo.pcm not found, waiting...
demo.pcm not found, waiting...
demo.pcm not found, waiting...
demo.pcm not found, waiting...
demo.pcm not found, waiting...
demo.pcm not found, waiting...
demo.pcm not found, waiting...
demo.pcm not found, waiting...
demo.pcm not found, waiting...
demo.pcm not found, waiting...
demo.pcm not found, waiting...
demo.pcm not found, waiting...
demo.pcm not found, waiting...
demo.pcm not found, waiting...
demo.pcm not found, waiting...
demo.pcm not found, waiting...
demo.pcm not found, waiting...
demo.pcm not found, waiting...
demo.pcm not found, waiting...
demo.pcm not found, waiting...
demo.pcm not found, waiting...
demo.pcm not found, waiting...
demo.pcm not found, waiting...
demo.pcm not found, waiting...
demo.pcm not found, waiting...
demo.pcm not found, waiting...
demo.pcm not found, waiting...
demo.pcm not found, waiting...
demo.pcm not found, waiting...
demo.pcm not found, waiting...
demo.pcm not found, waiting...
demo.pcm not found, waiting...
demo.pcm not found, waiting...
demo.pcm not found, waiting...
demo.pcm not found, waiting...
demo.pcm not found, waiting...
demo.pcm not found, waiting...
demo.pcm not found, waiting...
demo.pcm not found, waiting...
demo.pcm not found, waiting...
demo.pcm not found, waiting...
demo.pcm not found, waiting...
demo.pcm not found, waiting...
demo.pcm not found, waiting...
demo.pcm not found, waiting...
demo.pcm not found, waiting...
demo.pcm not found, waiting...
demo.pcm not found, waiting...
demo.pcm not found, waiting...
demo.pcm not found, waiting...
demo.pcm not found, waiting...
demo.pcm not found, waiting...
demo.pcm not found, waiting...
demo.pcm not found, waiting...
demo.pcm not found, waiting...
demo.pcm not found, waiting...
demo.pcm not found, waiting...
demo.pcm not found, waiting...
demo.pcm not found, waiting...
demo.pcm not found, waiting...
demo.pcm not found, waiting...
demo.pcm not found, waiting...
demo.pcm not found, waiting...
demo.pcm not found, waiting...
demo.pcm not found, waiting...
demo.pcm not found, waiting...
demo.pcm not found, waiting...
demo.pcm not found, waiting...
demo.pcm not found, waiting...
demo.pcm not found, waiting...
demo.pcm not found, waiting...
demo.pcm not found, waiting...
demo.pcm not found, waiting...
demo.pcm not found, waiting...
demo.pcm not found, waiting...
demo.pcm not found, waiting...
demo.pcm not found, waiting...
demo.pcm not found, waiting...
demo.pcm not found, waiting...
demo.pcm not found, waiting...
demo.pcm not found, waiting...
demo.pcm not found, waiting...
demo.pcm not found, waiting...
demo.pcm not found, waiting...
demo.pcm not found, waiting...
demo.pcm not found, waiting...
demo.pcm not found, waiting...
demo.pcm not found, waiting...
demo.pcm not found, waiting...
demo.pcm not found, waiting...
demo.pcm not found, waiting...
demo.pcm not found, waiting...
demo.pcm not found, waiting...
demo.pcm not found, waiting...
demo.pcm not found, waiting...
demo.pcm not found, waiting...
demo.pcm not found, waiting...
demo.pcm not found, waiting...
demo.pcm not found, waiting...
demo.pcm not found, waiting...
demo.pcm not found, waiting...
demo.pcm not found, waiting...
demo.pcm not found, waiting...
demo.pcm not found, waiting...
demo.pcm not found, waiting...
demo.pcm not found, waiting...
demo.pcm not found, waiting...
demo.pcm not found, waiting...
demo.pcm not found, waiting...
demo.pcm not found, waiting...
demo.pcm not found, waiting...
demo.pcm not found, waiting...
demo.pcm not found, waiting...
demo.pcm not found, waiting...
demo.pcm not found, waiting...
demo.pcm not found, waiting...
demo.pcm not found, waiting...
demo.pcm not found, waiting...
demo.pcm not found, waiting...
demo.pcm not found, waiting...
demo.pcm not found, waiting...
demo.pcm not found, waiting...
demo.pcm not found, waiting...
demo.pcm not found, waiting...
demo.pcm not found, waiting...
demo.pcm not found, waiting...
demo.pcm not found, waiting...
demo.pcm not found, waiting...
demo.pcm not found, waiting...
demo.pcm not found, waiting...
demo.pcm not found, waiting...
demo.pcm not found, waiting...
demo.pcm not found, waiting...
demo.pcm not found, waiting...
demo.pcm not found, waiting...
demo.pcm not found, waiting...
demo.pcm not found, waiting...
demo.pcm not found, waiting...
demo.pcm not found, waiting...
demo.pcm not found, waiting...
demo.pcm not found, waiting...
demo.pcm not found, waiting...
demo.pcm not found, waiting...
demo.pcm not found, waiting...
demo.pcm not found, waiting...
demo.pcm not found, waiting...
demo.pcm not found, waiting...
demo.pcm not found, waiting...
demo.pcm not found, waiting...
demo.pcm not found, waiting...
demo.pcm not found, waiting...
demo.pcm not found, waiting...
demo.pcm not found, waiting...
demo.pcm not found, waiting...
demo.pcm not found, waiting...
demo.pcm not found, waiting...
demo.pcm not found, waiting...
demo.pcm not found, waiting...
demo.pcm not found, waiting...
demo.pcm not found, waiting...
demo.pcm not found, waiting...
demo.pcm not found, waiting...
demo.pcm not found, waiting...
demo.pcm not found, waiting...
demo.pcm not found, waiting...
demo.pcm not found, waiting...
demo.pcm not found, waiting...
demo.pcm not found, waiting...
demo.pcm not found, waiting...
demo.pcm not found, waiting...
demo.pcm not found, waiting...
demo.pcm not found, waiting...
demo.pcm not found, waiting...
demo.pcm not found, waiting...
demo.pcm not found, waiting...
demo.pcm not found, waiting...
demo.pcm not found, waiting...
demo.pcm not found, waiting...
demo.pcm not found, waiting...
demo.pcm not found, waiting...
demo.pcm not found, waiting...
demo.pcm not found, waiting...
demo.pcm not found, waiting...
demo.pcm not found, waiting...
demo.pcm not found, waiting...
demo.pcm not found, waiting...
demo.pcm not found, waiting...
demo.pcm not found, waiting...
demo.pcm not found, waiting...
demo.pcm not found, waiting...
demo.pcm not found, waiting...
demo.pcm not found, waiting...
demo.pcm not found, waiting...
demo.pcm not found, waiting...
demo.pcm not found, waiting...
demo.pcm not found, waiting...
demo.pcm not found, waiting...
demo.pcm not found, waiting...
demo.pcm not found, waiting...
demo.pcm not found, waiting...
demo.pcm not found, waiting...
demo.pcm not found, waiting...
demo.pcm not found, waiting...
demo.pcm not found, waiting...
demo.pcm not found, waiting...
demo.pcm not found, waiting...
demo.pcm not found, waiting...
demo.pcm not found, waiting...
demo.pcm not found, waiting...
demo.pcm not found, waiting...
demo.pcm not found, waiting...
demo.pcm not found, waiting...
demo.pcm not found, waiting...
demo.pcm not found, waiting...
demo.pcm not found, waiting...
demo.pcm not found, waiting...
demo.pcm not found, waiting...
demo.pcm not found, waiting...
demo.pcm not found, waiting...
demo.pcm not found, waiting...
demo.pcm not found, waiting...
demo.pcm not found, waiting...
demo.pcm not found, waiting...
demo.pcm not found, waiting...
demo.pcm not found, waiting...
demo.pcm not found, waiting...
demo.pcm not found, waiting...
demo.pcm not found, waiting...
demo.pcm not found, waiting...
demo.pcm not found, waiting...
demo.pcm not found, waiting...
demo.pcm not found, waiting...
demo.pcm not found, waiting...
demo.pcm not found, waiting...
demo.pcm not found, waiting...
demo.pcm not found, waiting...
demo.pcm not found, waiting...
demo.pcm not found, waiting...
demo.pcm not found, waiting...
demo.pcm not found, waiting...
demo.pcm not found, waiting...
demo.pcm not found, waiting...
demo.pcm not found, waiting...
demo.pcm not found, waiting...
demo.pcm not found, waiting...
demo.pcm not found, waiting...
demo.pcm not found, waiting...
demo.pcm not found, waiting...
demo.pcm not found, waiting...
demo.pcm not found, waiting...
demo.pcm not found, waiting...
demo.pcm not found, waiting...
demo.pcm not found, waiting...
demo.pcm not found, waiting...
demo.pcm not found, waiting...
demo.pcm not found, waiting...
demo.pcm not found, waiting...
demo.pcm not found, waiting...
demo.pcm not found, waiting...
demo.pcm not found, waiting...
demo.pcm not found, waiting...
demo.pcm not found, waiting...
demo.pcm not found, waiting...
demo.pcm not found, waiting...
demo.pcm not found, waiting...
demo.pcm not found, waiting...
demo.pcm not found, waiting...
demo.pcm not found, waiting...
demo.pcm not found, waiting...
demo.pcm not found, waiting...
demo.pcm not found, waiting...
demo.pcm not found, waiting...
demo.pcm not found, waiting...
demo.pcm not found, waiting...
demo.pcm not found, waiting...
demo.pcm not found, waiting...
demo.pcm not found, waiting...
demo.pcm not found, waiting...
demo.pcm not found, waiting...
demo.pcm not found, waiting...
demo.pcm not found, waiting...
demo.pcm not found, waiting...
demo.pcm not found, waiting...
demo.pcm not found, waiting...
demo.pcm not found, waiting...
demo.pcm not found, waiting...
demo.pcm not found, waiting...
demo.pcm not found, waiting...
demo.pcm not found, waiting...
demo.pcm not found, waiting...
demo.pcm not found, waiting...
demo.pcm not found, waiting...
demo.pcm not found, waiting...
demo.pcm not found, waiting...
demo.pcm not found, waiting...
demo.pcm not found, waiting...
demo.pcm not found, waiting...
demo.pcm not found, waiting...
demo.pcm not found, waiting...
demo.pcm not found, waiting...
demo.pcm not found, waiting...
demo.pcm not found, waiting...
demo.pcm not found, waiting...
demo.pcm not found, waiting...
demo.pcm not found, waiting...
demo.pcm not found, waiting...
demo.pcm not found, waiting...
demo.pcm not found, waiting...
demo.pcm not found, waiting...
demo.pcm not found, waiting...
demo.pcm not found, waiting...
demo.pcm not found, waiting...
demo.pcm not found, waiting...
demo.pcm not found, waiting...
demo.pcm not found, waiting...
demo.pcm not found, waiting...
demo.pcm not found, waiting...
demo.pcm not found, waiting...
demo.pcm not found, waiting...
demo.pcm not found, waiting...
demo.pcm not found, waiting...
demo.pcm not found, waiting...
demo.pcm not found, waiting...
demo.pcm not found, waiting...
demo.pcm not found, waiting...
demo.pcm not found, waiting...
demo.pcm not found, waiting...
demo.pcm not found, waiting...
demo.pcm not found, waiting...
demo.pcm not found, waiting...
demo.pcm not found, waiting...
demo.pcm not found, waiting...
demo.pcm not found, waiting...
demo.pcm not found, waiting...
demo.pcm not found, waiting...
demo.pcm not found, waiting...
demo.pcm not found, waiting...
demo.pcm not found, waiting...
demo.pcm not found, waiting...
demo.pcm not found, waiting...
demo.pcm not found, waiting...
demo.pcm not found, waiting...
demo.pcm not found, waiting...
demo.pcm not found, waiting...
demo.pcm not found, waiting...
demo.pcm not found, waiting...
demo.pcm not found, waiting...
demo.pcm not found, waiting...
demo.pcm not found, waiting...
demo.pcm not found, waiting...
demo.pcm not found, waiting...
demo.pcm not found, waiting...
demo.pcm not found, waiting...
demo.pcm not found, waiting...
demo.pcm not found, waiting...
demo.pcm not found, waiting...
demo.pcm not found, waiting...
demo.pcm not found, waiting...
demo.pcm not found, waiting...
demo.pcm not found, waiting...
demo.pcm not found, waiting...
demo.pcm not found, waiting...
demo.pcm not found, waiting...
demo.pcm not found, waiting...
demo.pcm not found, waiting...
demo.pcm not found, waiting...
demo.pcm not found, waiting...
demo.pcm not found, waiting...
demo.pcm not found, waiting...
demo.pcm not found, waiting...
demo.pcm not found, waiting...
demo.pcm not found, waiting...
demo.pcm not found, waiting...
demo.pcm not found, waiting...
demo.pcm not found, waiting...
demo.pcm not found, waiting...
demo.pcm not found, waiting...
demo.pcm not found, waiting...
demo.pcm not found, waiting...
demo.pcm not found, waiting...
demo.pcm not found, waiting...
demo.pcm not found, waiting...
demo.pcm not found, waiting...
demo.pcm not found, waiting...
demo.pcm not found, waiting...
demo.pcm not found, waiting...
demo.pcm not found, waiting...
demo.pcm not found, waiting...
demo.pcm not found, waiting...
demo.pcm not found, waiting...
demo.pcm not found, waiting...
demo.pcm not found, waiting...
demo.pcm not found, waiting...
demo.pcm not found, waiting...
demo.pcm not found, waiting...
demo.pcm not found, waiting...
demo.pcm not found, waiting...
demo.pcm not found, waiting...
demo.pcm not found, waiting...
demo.pcm not found, waiting...
demo.pcm not found, waiting...
demo.pcm not found, waiting...
demo.pcm not found, waiting...
demo.pcm not found, waiting...
demo.pcm not found, waiting...
demo.pcm not found, waiting...
demo.pcm not found, waiting...
demo.pcm not found, waiting...
demo.pcm not found, waiting...
demo.pcm not found, waiting...
demo.pcm not found, waiting...
demo.pcm not found, waiting...
demo.pcm not found, waiting...
demo.pcm not found, waiting...
demo.pcm not found, waiting...
demo.pcm not found, waiting...
demo.pcm not found, waiting...
demo.pcm not found, waiting...
demo.pcm not found, waiting...
demo.pcm not found, waiting...
demo.pcm not found, waiting...
demo.pcm not found, waiting...
demo.pcm not found, waiting...
demo.pcm not found, waiting...
demo.pcm not found, waiting...
demo.pcm not found, waiting...
demo.pcm not found, waiting...
demo.pcm not found, waiting...
demo.pcm not found, waiting...
demo.pcm not found, waiting...
demo.pcm not found, waiting...
demo.pcm not found, waiting...
demo.pcm not found, waiting...
demo.pcm not found, waiting...
demo.pcm not found, waiting...
demo.pcm not found, waiting...
demo.pcm not found, waiting...
demo.pcm not found, waiting...
demo.pcm not found, waiting...
demo.pcm not found, waiting...
demo.pcm not found, waiting...
demo.pcm not found, waiting...
demo.pcm not found, waiting...
demo.pcm not found, waiting...
demo.pcm not found, waiting...
demo.pcm not found, waiting...
demo.pcm not found, waiting...
demo.pcm not found, waiting...
demo.pcm not found, waiting...
demo.pcm not found, waiting...
demo.pcm not found, waiting...
demo.pcm not found, waiting...
demo.pcm not found, waiting...
demo.pcm not found, waiting...
demo.pcm not found, waiting...
demo.pcm not found, waiting...
demo.pcm not found, waiting...
demo.pcm not found, waiting...
demo.pcm not found, waiting...
demo.pcm not found, waiting...
demo.pcm not found, waiting...
demo.pcm not found, waiting...
demo.pcm not found, waiting...
demo.pcm not found, waiting...
demo.pcm not found, waiting...
demo.pcm not found, waiting...
demo.pcm not found, waiting...
demo.pcm not found, waiting...
demo.pcm not found, waiting...
demo.pcm not found, waiting...
demo.pcm not found, waiting...
demo.pcm not found, waiting...
demo.pcm not found, waiting...
demo.pcm not found, waiting...
demo.pcm not found, waiting...
demo.pcm not found, waiting...
demo.pcm not found, waiting...
demo.pcm not found, waiting...
demo.pcm not found, waiting...
demo.pcm not found, waiting...
demo.pcm not found, waiting...
demo.pcm not found, waiting...
demo.pcm not found, waiting...
demo.pcm not found, waiting...
demo.pcm not found, waiting...
demo.pcm not found, waiting...
demo.pcm not found, waiting...
demo.pcm not found, waiting...
demo.pcm not found, waiting...
demo.pcm not found, waiting...
demo.pcm not found, waiting...
demo.pcm not found, waiting...
demo.pcm not found, waiting...
demo.pcm not found, waiting...
demo.pcm not found, waiting...
demo.pcm not found, waiting...
demo.pcm not found, waiting...
demo.pcm not found, waiting...
demo.pcm not found, waiting...
demo.pcm not found, waiting...
demo.pcm not found, waiting...
demo.pcm not found, waiting...
demo.pcm not found, waiting...
demo.pcm not found, waiting...
demo.pcm not found, waiting...
demo.pcm not found, waiting...
demo.pcm not found, waiting...
demo.pcm not found, waiting...
demo.pcm not found, waiting...
demo.pcm not found, waiting...
demo.pcm not found, waiting...
demo.pcm not found, waiting...
demo.pcm not found, waiting...
demo.pcm not found, waiting...
demo.pcm not found, waiting...
demo.pcm not found, waiting...
demo.pcm not found, waiting...
demo.pcm not found, waiting...
demo.pcm not found, waiting...
demo.pcm not found, waiting...
demo.pcm not found, waiting...
demo.pcm not found, waiting...
demo.pcm not found, waiting...
demo.pcm not found, waiting...
demo.pcm not found, waiting...
demo.pcm not found, waiting...
demo.pcm not found, waiting...
demo.pcm not found, waiting...
demo.pcm not found, waiting...
demo.pcm not found, waiting...
demo.pcm not found, waiting...
demo.pcm not found, waiting...
demo.pcm not found, waiting...
demo.pcm not found, waiting...
demo.pcm not found, waiting...
demo.pcm not found, waiting...
demo.pcm not found, waiting...
demo.pcm not found, waiting...
demo.pcm not found, waiting...
demo.pcm not found, waiting...
demo.pcm not found, waiting...
demo.pcm not found, waiting...
demo.pcm not found, waiting...
demo.pcm not found, waiting...
demo.pcm not found, waiting...
demo.pcm not found, waiting...
demo.pcm not found, waiting...
demo.pcm not found, waiting...
demo.pcm not found, waiting...
demo.pcm not found, waiting...
demo.pcm not found, waiting...
demo.pcm not found, waiting...
demo.pcm not found, waiting...
demo.pcm not found, waiting...
demo.pcm not found, waiting...
demo.pcm not found, waiting...
demo.pcm not found, waiting...
demo.pcm not found, waiting...
demo.pcm not found, waiting...
demo.pcm not found, waiting...
demo.pcm not found, waiting...
demo.pcm not found, waiting...
demo.pcm not found, waiting...
demo.pcm not found, waiting...
demo.pcm not found, waiting...
demo.pcm not found, waiting...
demo.pcm not found, waiting...
demo.pcm not found, waiting...
demo.pcm not found, waiting...
demo.pcm not found, waiting...
demo.pcm not found, waiting...
demo.pcm not found, waiting...
demo.pcm not found, waiting...
demo.pcm not found, waiting...
demo.pcm not found, waiting...
demo.pcm not found, waiting...
demo.pcm not found, waiting...
demo.pcm not found, waiting...
demo.pcm not found, waiting...
demo.pcm not found, waiting...
demo.pcm not found, waiting...
demo.pcm not found, waiting...
demo.pcm not found, waiting...
demo.pcm not found, waiting...
demo.pcm not found, waiting...
demo.pcm not found, waiting...
demo.pcm not found, waiting...
demo.pcm not found, waiting...
demo.pcm not found, waiting...
demo.pcm not found, waiting...
demo.pcm not found, waiting...
demo.pcm not found, waiting...
demo.pcm not found, waiting...
demo.pcm not found, waiting...
demo.pcm not found, waiting...
demo.pcm not found, waiting...
demo.pcm not found, waiting...
demo.pcm not found, waiting...
demo.pcm not found, waiting...
demo.pcm not found, waiting...
demo.pcm not found, waiting...
demo.pcm not found, waiting...
demo.pcm not found, waiting...
demo.pcm not found, waiting...
demo.pcm not found, waiting...
demo.pcm not found, waiting...
demo.pcm not found, waiting...
demo.pcm not found, waiting...
demo.pcm not found, waiting...
demo.pcm not found, waiting...
demo.pcm not found, waiting...
demo.pcm not found, waiting...
demo.pcm not found, waiting...
demo.pcm not found, waiting...
demo.pcm not found, waiting...
demo.pcm not found, waiting...
demo.pcm not found, waiting...
demo.pcm not found, waiting...
demo.pcm not found, waiting...
demo.pcm not found, waiting...
demo.pcm not found, waiting...
demo.pcm not found, waiting...
demo.pcm not found, waiting...
demo.pcm not found, waiting...
demo.pcm not found, waiting...
demo.pcm not found, waiting...
demo.pcm not found, waiting...
demo.pcm not found, waiting...
demo.pcm not found, waiting...
demo.pcm not found, waiting...
demo.pcm not found, waiting...
demo.pcm not found, waiting...
demo.pcm not found, waiting...
demo.pcm not found, waiting...
demo.pcm not found, waiting...
demo.pcm not found, waiting...
demo.pcm not found, waiting...
demo.pcm not found, waiting...
demo.pcm not found, waiting...
demo.pcm not found, waiting...
demo.pcm not found, waiting...
demo.pcm not found, waiting...
demo.pcm not found, waiting...
demo.pcm not found, waiting...
demo.pcm not found, waiting...
demo.pcm not found, waiting...
demo.pcm not found, waiting...
demo.pcm not found, waiting...
demo.pcm not found, waiting...
demo.pcm not found, waiting...
demo.pcm not found, waiting...
demo.pcm not found, waiting...
demo.pcm not found, waiting...
demo.pcm not found, waiting...
demo.pcm not found, waiting...
demo.pcm not found, waiting...
demo.pcm not found, waiting...
demo.pcm not found, waiting...
demo.pcm not found, waiting...
demo.pcm not found, waiting...
demo.pcm not found, waiting...
demo.pcm not found, waiting...
demo.pcm not found, waiting...
demo.pcm not found, waiting...
demo.pcm not found, waiting...
demo.pcm not found, waiting...
demo.pcm not found, waiting...
demo.pcm not found, waiting...
demo.pcm not found, waiting...
demo.pcm not found, waiting...
demo.pcm not found, waiting...
demo.pcm not found, waiting...
demo.pcm not found, waiting...
demo.pcm not found, waiting...
demo.pcm not found, waiting...
demo.pcm not found, waiting...
demo.pcm not found, waiting...
demo.pcm not found, waiting...
demo.pcm not found, waiting...
demo.pcm not found, waiting...
demo.pcm not found, waiting...
demo.pcm not found, waiting...
demo.pcm not found, waiting...
demo.pcm not found, waiting...
demo.pcm not found, waiting...
demo.pcm not found, waiting...
demo.pcm not found, waiting...
demo.pcm not found, waiting...
demo.pcm not found, waiting...
demo.pcm not found, waiting...
demo.pcm not found, waiting...
demo.pcm not found, waiting...
demo.pcm not found, waiting...
demo.pcm not found, waiting...
demo.pcm not found, waiting...
demo.pcm not found, waiting...
demo.pcm not found, waiting...
demo.pcm not found, waiting...
demo.pcm not found, waiting...
demo.pcm not found, waiting...
demo.pcm not found, waiting...
demo.pcm not found, waiting...
demo.pcm not found, waiting...
demo.pcm not found, waiting...
demo.pcm not found, waiting...
demo.pcm not found, waiting...
demo.pcm not found, waiting...
demo.pcm not found, waiting...
demo.pcm not found, waiting...
demo.pcm not found, waiting...
demo.pcm not found, waiting...
demo.pcm not found, waiting...
demo.pcm not found, waiting...
demo.pcm not found, waiting...
demo.pcm not found, waiting...
demo.pcm not found, waiting...
demo.pcm not found, waiting...
demo.pcm not found, waiting...
demo.pcm not found, waiting...
demo.pcm not found, waiting...
demo.pcm not found, waiting...
demo.pcm not found, waiting...
demo.pcm not found, waiting...
demo.pcm not found, waiting...
demo.pcm not found, waiting...
demo.pcm not found, waiting...
demo.pcm not found, waiting...
demo.pcm not found, waiting...
demo.pcm not found, waiting...
demo.pcm not found, waiting...
demo.pcm not found, waiting...
demo.pcm not found, waiting...
demo.pcm not found, waiting...
demo.pcm not found, waiting...
demo.pcm not found, waiting...
demo.pcm not found, waiting...
demo.pcm not found, waiting...
demo.pcm not found, waiting...
demo.pcm not found, waiting...
demo.pcm not found, waiting...
demo.pcm not found, waiting...
demo.pcm not found, waiting...
demo.pcm not found, waiting...
demo.pcm not found, waiting...
demo.pcm not found, waiting...
demo.pcm not found, waiting...
demo.pcm not found, waiting...
demo.pcm not found, waiting...
demo.pcm not found, waiting...
demo.pcm not found, waiting...
demo.pcm not found, waiting...
demo.pcm not found, waiting...
demo.pcm not found, waiting...
demo.pcm not found, waiting...
demo.pcm not found, waiting...
demo.pcm not found, waiting...
demo.pcm not found, waiting...
demo.pcm not found, waiting...
demo.pcm not found, waiting...
demo.pcm not found, waiting...
demo.pcm not found, waiting...
demo.pcm not found, waiting...
demo.pcm not found, waiting...
demo.pcm not found, waiting...
demo.pcm not found, waiting...
demo.pcm not found, waiting...
demo.pcm not found, waiting...
demo.pcm not found, waiting...
demo.pcm not found, waiting...
demo.pcm not found, waiting...
demo.pcm not found, waiting...
demo.pcm not found, waiting...
demo.pcm not found, waiting...
demo.pcm not found, waiting...
demo.pcm not found, waiting...
demo.pcm not found, waiting...
demo.pcm not found, waiting...
demo.pcm not found, waiting...
demo.pcm not found, waiting...
demo.pcm not found, waiting...
demo.pcm not found, waiting...
demo.pcm not found, waiting...
demo.pcm not found, waiting...
demo.pcm not found, waiting...
demo.pcm not found, waiting...
demo.pcm not found, waiting...
demo.pcm not found, waiting...
demo.pcm not found, waiting...
demo.pcm not found, waiting...
demo.pcm not found, waiting...
demo.pcm not found, waiting...
demo.pcm not found, waiting...
demo.pcm not found, waiting...
demo.pcm not found, waiting...
demo.pcm not found, waiting...
demo.pcm not found, waiting...
demo.pcm not found, waiting...
demo.pcm not found, waiting...
demo.pcm not found, waiting...
demo.pcm not found, waiting...
demo.pcm not found, waiting...
demo.pcm not found, waiting...
demo.pcm not found, waiting...
demo.pcm not found, waiting...
demo.pcm not found, waiting...
demo.pcm not found, waiting...
demo.pcm not found, waiting...
demo.pcm not found, waiting...
demo.pcm not found, waiting...
demo.pcm not found, waiting...
demo.pcm not found, waiting...
demo.pcm not found, waiting...
demo.pcm not found, waiting...
demo.pcm not found, waiting...
demo.pcm not found, waiting...
demo.pcm not found, waiting...
demo.pcm not found, waiting...
demo.pcm not found, waiting...
demo.pcm not found, waiting...
demo.pcm not found, waiting...
demo.pcm not found, waiting...
demo.pcm not found, waiting...
demo.pcm not found, waiting...
demo.pcm not found, waiting...
demo.pcm not found, waiting...
demo.pcm not found, waiting...
demo.pcm not found, waiting...
demo.pcm not found, waiting...
demo.pcm not found, waiting...
demo.pcm not found, waiting...
demo.pcm not found, waiting...
demo.pcm not found, waiting...
demo.pcm not found, waiting...
demo.pcm not found, waiting...
demo.pcm not found, waiting...
demo.pcm not found, waiting...
demo.pcm not found, waiting...
demo.pcm not found, waiting...
demo.pcm not found, waiting...
demo.pcm not found, waiting...
demo.pcm not found, waiting...
demo.pcm not found, waiting...
demo.pcm not found, waiting...
demo.pcm not found, waiting...
demo.pcm not found, waiting...
demo.pcm not found, waiting...
demo.pcm not found, waiting...
demo.pcm not found, waiting...
demo.pcm not found, waiting...
demo.pcm not found, waiting...
demo.pcm not found, waiting...
demo.pcm not found, waiting...
demo.pcm not found, waiting...
demo.pcm not found, waiting...
demo.pcm not found, waiting...
demo.pcm not found, waiting...
demo.pcm not found, waiting...
demo.pcm not found, waiting...
demo.pcm not found, waiting...
demo.pcm not found, waiting...
demo.pcm not found, waiting...
demo.pcm not found, waiting...
demo.pcm not found, waiting...
demo.pcm not found, waiting...
demo.pcm not found, waiting...
demo.pcm not found, waiting...
demo.pcm not found, waiting...
demo.pcm not found, waiting...
demo.pcm not found, waiting...
demo.pcm not found, waiting...
demo.pcm not found, waiting...
demo.pcm not found, waiting...
demo.pcm not found, waiting...
demo.pcm not found, waiting...
demo.pcm not found, waiting...
demo.pcm not found, waiting...
demo.pcm not found, waiting...
demo.pcm not found, waiting...
demo.pcm not found, waiting...
demo.pcm not found, waiting...
demo.pcm not found, waiting...
demo.pcm not found, waiting...
demo.pcm not found, waiting...
demo.pcm not found, waiting...
demo.pcm not found, waiting...
demo.pcm not found, waiting...
demo.pcm not found, waiting...
demo.pcm not found, waiting...
demo.pcm not found, waiting...
demo.pcm not found, waiting...
demo.pcm not found, waiting...
demo.pcm not found, waiting...
demo.pcm not found, waiting...
demo.pcm not found, waiting...
demo.pcm not found, waiting...
demo.pcm not found, waiting...
demo.pcm not found, waiting...
demo.pcm not found, waiting...
demo.pcm not found, waiting...
demo.pcm not found, waiting...
demo.pcm not found, waiting...
demo.pcm not found, waiting...
demo.pcm not found, waiting...
demo.pcm not found, waiting...
demo.pcm not found, waiting...
demo.pcm not found, waiting...
demo.pcm not found, waiting...
demo.pcm not found, waiting...
demo.pcm not found, waiting...
demo.pcm not found, waiting...
demo.pcm not found, waiting...
demo.pcm not found, waiting...
demo.pcm not found, waiting...
demo.pcm not found, waiting...
demo.pcm not found, waiting...
demo.pcm not found, waiting...
demo.pcm not found, waiting...
demo.pcm not found, waiting...
demo.pcm not found, waiting...
demo.pcm not found, waiting...
demo.pcm not found, waiting...
demo.pcm not found, waiting...
demo.pcm not found, waiting...
demo.pcm not found, waiting...
demo.pcm not found, waiting...
demo.pcm not found, waiting...
demo.pcm not found, waiting...
demo.pcm not found, waiting...
demo.pcm not found, waiting...
demo.pcm not found, waiting...
demo.pcm not found, waiting...
demo.pcm not found, waiting...
demo.pcm not found, waiting...
demo.pcm not found, waiting...
demo.pcm not found, waiting...
demo.pcm not found, waiting...
demo.pcm not found, waiting...
demo.pcm not found, waiting...
demo.pcm not found, waiting...
demo.pcm not found, waiting...
demo.pcm not found, waiting...
demo.pcm not found, waiting...
demo.pcm not found, waiting...
demo.pcm not found, waiting...
demo.pcm not found, waiting...
demo.pcm not found, waiting...
demo.pcm not found, waiting...
demo.pcm not found, waiting...
demo.pcm not found, waiting...
demo.pcm not found, waiting...
demo.pcm not found, waiting...
demo.pcm not found, waiting...
demo.pcm not found, waiting...
demo.pcm not found, waiting...
demo.pcm not found, waiting...
demo.pcm not found, waiting...
demo.pcm not found, waiting...
demo.pcm not found, waiting...
demo.pcm not found, waiting...
demo.pcm not found, waiting...
demo.pcm not found, waiting...
demo.pcm not found, waiting...
demo.pcm not found, waiting...
demo.pcm not found, waiting...
demo.pcm not found, waiting...
demo.pcm not found, waiting...
demo.pcm not found, waiting...
demo.pcm not found, waiting...
demo.pcm not found, waiting...
demo.pcm not found, waiting...
demo.pcm not found, waiting...
demo.pcm not found, waiting...
demo.pcm not found, waiting...
demo.pcm not found, waiting...
demo.pcm not found, waiting...
demo.pcm not found, waiting...
demo.pcm not found, waiting...
demo.pcm not found, waiting...
demo.pcm not found, waiting...
demo.pcm not found, waiting...
demo.pcm not found, waiting...
demo.pcm not found, waiting...
demo.pcm not found, waiting...
demo.pcm not found, waiting...
demo.pcm not found, waiting...
demo.pcm not found, waiting...
demo.pcm not found, waiting...
demo.pcm not found, waiting...
demo.pcm not found, waiting...
demo.pcm not found, waiting...
demo.pcm not found, waiting...
demo.pcm not found, waiting...
demo.pcm not found, waiting...
demo.pcm not found, waiting...
demo.pcm not found, waiting...
demo.pcm not found, waiting...
demo.pcm not found, waiting...
demo.pcm not found, waiting...
demo.pcm not found, waiting...
demo.pcm not found, waiting...
demo.pcm not found, waiting...
demo.pcm not found, waiting...
demo.pcm not found, waiting...
demo.pcm not found, waiting...
demo.pcm not found, waiting...
demo.pcm not found, waiting...
demo.pcm not found, waiting...
demo.pcm not found, waiting...
demo.pcm not found, waiting...
demo.pcm not found, waiting...
demo.pcm not found, waiting...
demo.pcm not found, waiting...
demo.pcm not found, waiting...
demo.pcm not found, waiting...
demo.pcm not found, waiting...
demo.pcm not found, waiting...
demo.pcm not found, waiting...
demo.pcm not found, waiting...
demo.pcm not found, waiting...
demo.pcm not found, waiting...
demo.pcm not found, waiting...
demo.pcm not found, waiting...
demo.pcm not found, waiting...
demo.pcm not found, waiting...
demo.pcm not found, waiting...
demo.pcm not found, waiting...
demo.pcm not found, waiting...
demo.pcm not found, waiting...
demo.pcm not found, waiting...
demo.pcm not found, waiting...
demo.pcm not found, waiting...
demo.pcm not found, waiting...
demo.pcm not found, waiting...
demo.pcm not found, waiting...
demo.pcm not found, waiting...
demo.pcm not found, waiting...
demo.pcm not found, waiting...
demo.pcm not found, waiting...
demo.pcm not found, waiting...
demo.pcm not found, waiting...
demo.pcm not found, waiting...
demo.pcm not found, waiting...
demo.pcm not found, waiting...
demo.pcm not found, waiting...
demo.pcm not found, waiting...
demo.pcm not found, waiting...
demo.pcm not found, waiting...
demo.pcm not found, waiting...
demo.pcm not found, waiting...
demo.pcm not found, waiting...
demo.pcm not found, waiting...
demo.pcm not found, waiting...
demo.pcm not found, waiting...
demo.pcm not found, waiting...
demo.pcm not found, waiting...
demo.pcm not found, waiting...
demo.pcm not found, waiting...
demo.pcm not found, waiting...
demo.pcm not found, waiting...
demo.pcm not found, waiting...
demo.pcm not found, waiting...
demo.pcm not found, waiting...
demo.pcm not found, waiting...
demo.pcm not found, waiting...
demo.pcm not found, waiting...
demo.pcm not found, waiting...
demo.pcm not found, waiting...
demo.pcm not found, waiting...
demo.pcm not found, waiting...
demo.pcm not found, waiting...
demo.pcm not found, waiting...
demo.pcm not found, waiting...
demo.pcm not found, waiting...
demo.pcm not found, waiting...
demo.pcm not found, waiting...
demo.pcm not found, waiting...
demo.pcm not found, waiting...
demo.pcm not found, waiting...
demo.pcm not found, waiting...
demo.pcm not found, waiting...
demo.pcm not found, waiting...
demo.pcm not found, waiting...
demo.pcm not found, waiting...
demo.pcm not found, waiting...
demo.pcm not found, waiting...
demo.pcm not found, waiting...
demo.pcm not found, waiting...
demo.pcm not found, waiting...
demo.pcm not found, waiting...
demo.pcm not found, waiting...
demo.pcm not found, waiting...
demo.pcm not found, waiting...
demo.pcm not found, waiting...
demo.pcm not found, waiting...
demo.pcm not found, waiting...
demo.pcm not found, waiting...
demo.pcm not found, waiting...
demo.pcm not found, waiting...
demo.pcm not found, waiting...
demo.pcm not found, waiting...
demo.pcm not found, waiting...
demo.pcm not found, waiting...
demo.pcm not found, waiting...
demo.pcm not found, waiting...
demo.pcm not found, waiting...
demo.pcm not found, waiting...
demo.pcm not found, waiting...
demo.pcm not found, waiting...
demo.pcm not found, waiting...
demo.pcm not found, waiting...
demo.pcm not found, waiting...
demo.pcm not found, waiting...
demo.pcm not found, waiting...
demo.pcm not found, waiting...
demo.pcm not found, waiting...
demo.pcm not found, waiting...
demo.pcm not found, waiting...
demo.pcm not found, waiting...
demo.pcm not found, waiting...
demo.pcm not found, waiting...
demo.pcm not found, waiting...
demo.pcm not found, waiting...
demo.pcm not found, waiting...
demo.pcm not found, waiting...
demo.pcm not found, waiting...
demo.pcm not found, waiting...
demo.pcm not found, waiting...
demo.pcm not found, waiting...
demo.pcm not found, waiting...
demo.pcm not found, waiting...
demo.pcm not found, waiting...
demo.pcm not found, waiting...
demo.pcm not found, waiting...
demo.pcm not found, waiting...
demo.pcm not found, waiting...
demo.pcm not found, waiting...
demo.pcm not found, waiting...
demo.pcm not found, waiting...
demo.pcm not found, waiting...
demo.pcm not found, waiting...
demo.pcm not found, waiting...
demo.pcm not found, waiting...
demo.pcm not found, waiting...
demo.pcm not found, waiting...
demo.pcm not found, waiting...
demo.pcm not found, waiting...
demo.pcm not found, waiting...
demo.pcm not found, waiting...
demo.pcm not found, waiting...
demo.pcm not found, waiting...
demo.pcm not found, waiting...
demo.pcm not found, waiting...
demo.pcm not found, waiting...
demo.pcm not found, waiting...
demo.pcm not found, waiting...
demo.pcm not found, waiting...
demo.pcm not found, waiting...
demo.pcm not found, waiting...
demo.pcm not found, waiting...
demo.pcm not found, waiting...
demo.pcm not found, waiting...
demo.pcm not found, waiting...
demo.pcm not found, waiting...
demo.pcm not found, waiting...
demo.pcm not found, waiting...
demo.pcm not found, waiting...
demo.pcm not found, waiting...
demo.pcm not found, waiting...
demo.pcm not found, waiting...
demo.pcm not found, waiting...
demo.pcm not found, waiting...
demo.pcm not found, waiting...
demo.pcm not found, waiting...
demo.pcm not found, waiting...
demo.pcm not found, waiting...
demo.pcm not found, waiting...
demo.pcm not found, waiting...
demo.pcm not found, waiting...
demo.pcm not found, waiting...
demo.pcm not found, waiting...
demo.pcm not found, waiting...
demo.pcm not found, waiting...
demo.pcm not found, waiting...
demo.pcm not found, waiting...
demo.pcm not found, waiting...
demo.pcm not found, waiting...
demo.pcm not found, waiting...
demo.pcm not found, waiting...
demo.pcm not found, waiting...
demo.pcm not found, waiting...
demo.pcm not found, waiting...
demo.pcm not found, waiting...
demo.pcm not found, waiting...
demo.pcm not found, waiting...
demo.pcm not found, waiting...
demo.pcm not found, waiting...
demo.pcm not found, waiting...
demo.pcm not found, waiting...
demo.pcm not found, waiting...
demo.pcm not found, waiting...
demo.pcm not found, waiting...
demo.pcm not found, waiting...
demo.pcm not found, waiting...
demo.pcm not found, waiting...
demo.pcm not found, waiting...
demo.pcm not found, waiting...
demo.pcm not found, waiting...
demo.pcm not found, waiting...
demo.pcm not found, waiting...
demo.pcm not found, waiting...
demo.pcm not found, waiting...
demo.pcm not found, waiting...
demo.pcm not found, waiting...
demo.pcm not found, waiting...
demo.pcm not found, waiting...
demo.pcm not found, waiting...
demo.pcm not found, waiting...
demo.pcm not found, waiting...
demo.pcm not found, waiting...
demo.pcm not found, waiting...
demo.pcm not found, waiting...
demo.pcm not found, waiting...
demo.pcm not found, waiting...
demo.pcm not found, waiting...
demo.pcm not found, waiting...
demo.pcm not found, waiting...
demo.pcm not found, waiting...
demo.pcm not found, waiting...
demo.pcm not found, waiting...
demo.pcm not found, waiting...
demo.pcm not found, waiting...
demo.pcm not found, waiting...
demo.pcm not found, waiting...
demo.pcm not found, waiting...
demo.pcm not found, waiting...
demo.pcm not found, waiting...
demo.pcm not found, waiting...
demo.pcm not found, waiting...
demo.pcm not found, waiting...
demo.pcm not found, waiting...
demo.pcm not found, waiting...
demo.pcm not found, waiting...
demo.pcm not found, waiting...
demo.pcm not found, waiting...
demo.pcm not found, waiting...
demo.pcm not found, waiting...
demo.pcm not found, waiting...
demo.pcm not found, waiting...
demo.pcm not found, waiting...
demo.pcm not found, waiting...
demo.pcm not found, waiting...
demo.pcm not found, waiting...
demo.pcm not found, waiting...
demo.pcm not found, waiting...
demo.pcm not found, waiting...
demo.pcm not found, waiting...
demo.pcm not found, waiting...
demo.pcm not found, waiting...
demo.pcm not found, waiting...
demo.pcm not found, waiting...
demo.pcm not found, waiting...
demo.pcm not found, waiting...
demo.pcm not found, waiting...
demo.pcm not found, waiting...
demo.pcm not found, waiting...
demo.pcm not found, waiting...
demo.pcm not found, waiting...
demo.pcm not found, waiting...
demo.pcm not found, waiting...
demo.pcm not found, waiting...
demo.pcm not found, waiting...
demo.pcm not found, waiting...
demo.pcm not found, waiting...
demo.pcm not found, waiting...
demo.pcm not found, waiting...
demo.pcm not found, waiting...
demo.pcm not found, waiting...
demo.pcm not found, waiting...
demo.pcm not found, waiting...
demo.pcm not found, waiting...
demo.pcm not found, waiting...
demo.pcm not found, waiting...
demo.pcm not found, waiting...
demo.pcm not found, waiting...
demo.pcm not found, waiting...
demo.pcm not found, waiting...
demo.pcm not found, waiting...
demo.pcm not found, waiting...
demo.pcm not found, waiting...
demo.pcm not found, waiting...
demo.pcm not found, waiting...
demo.pcm not found, waiting...
demo.pcm not found, waiting...
demo.pcm not found, waiting...
demo.pcm not found, waiting...
demo.pcm not found, waiting...
demo.pcm not found, waiting...
demo.pcm not found, waiting...
demo.pcm not found, waiting...
demo.pcm not found, waiting...
demo.pcm not found, waiting...
demo.pcm not found, waiting...
demo.pcm not found, waiting...
demo.pcm not found, waiting...
demo.pcm not found, waiting...
demo.pcm not found, waiting...
demo.pcm not found, waiting...
demo.pcm not found, waiting...
demo.pcm not found, waiting...
demo.pcm not found, waiting...
demo.pcm not found, waiting...
demo.pcm not found, waiting...
demo.pcm not found, waiting...
demo.pcm not found, waiting...
demo.pcm not found, waiting...
demo.pcm not found, waiting...
demo.pcm not found, waiting...
demo.pcm not found, waiting...
demo.pcm not found, waiting...
demo.pcm not found, waiting...
demo.pcm not found, waiting...
demo.pcm not found, waiting...
demo.pcm not found, waiting...
demo.pcm not found, waiting...
demo.pcm not found, waiting...
demo.pcm not found, waiting...
demo.pcm not found, waiting...
demo.pcm not found, waiting...
demo.pcm not found, waiting...
demo.pcm not found, waiting...
demo.pcm not found, waiting...
demo.pcm not found, waiting...
demo.pcm not found, waiting...
demo.pcm not found, waiting...
demo.pcm not found, waiting...
demo.pcm not found, waiting...
demo.pcm not found, waiting...
demo.pcm not found, waiting...
demo.pcm not found, waiting...
demo.pcm not found, waiting...
demo.pcm not found, waiting...
demo.pcm not found, waiting...
demo.pcm not found, waiting...
demo.pcm not found, waiting...
demo.pcm not found, waiting...
demo.pcm not found, waiting...
demo.pcm not found, waiting...
demo.pcm not found, waiting...
demo.pcm not found, waiting...
demo.pcm not found, waiting...
demo.pcm not found, waiting...
demo.pcm not found, waiting...
demo.pcm not found, waiting...
demo.pcm not found, waiting...
demo.pcm not found, waiting...
demo.pcm not found, waiting...
demo.pcm not found, waiting...
demo.pcm not found, waiting...
demo.pcm not found, waiting...
demo.pcm not found, waiting...
demo.pcm not found, waiting...
demo.pcm not found, waiting...
demo.pcm not found, waiting...
demo.pcm not found, waiting...
demo.pcm not found, waiting...
demo.pcm not found, waiting...
demo.pcm not found, waiting...
demo.pcm not found, waiting...
demo.pcm not found, waiting...
demo.pcm not found, waiting...
demo.pcm not found, waiting...
demo.pcm not found, waiting...
demo.pcm not found, waiting...
demo.pcm not found, waiting...
demo.pcm not found, waiting...
demo.pcm not found, waiting...
demo.pcm not found, waiting...
demo.pcm not found, waiting...
demo.pcm not found, waiting...
demo.pcm not found, waiting...
demo.pcm not found, waiting...
demo.pcm not found, waiting...
demo.pcm not found, waiting...
demo.pcm not found, waiting...
demo.pcm not found, waiting...
demo.pcm not found, waiting...
demo.pcm not found, waiting...
demo.pcm not found, waiting...
demo.pcm not found, waiting...
demo.pcm not found, waiting...
demo.pcm not found, waiting...
demo.pcm not found, waiting...
demo.pcm not found, waiting...
demo.pcm not found, waiting...
demo.pcm not found, waiting...
demo.pcm not found, waiting...
demo.pcm not found, waiting...
demo.pcm not found, waiting...
demo.pcm not found, waiting...
demo.pcm not found, waiting...
demo.pcm not found, waiting...
demo.pcm not found, waiting...
demo.pcm not found, waiting...
demo.pcm not found, waiting...
demo.pcm not found, waiting...
demo.pcm not found, waiting...
demo.pcm not found, waiting...
demo.pcm not found, waiting...
demo.pcm not found, waiting...
demo.pcm not found, waiting...
demo.pcm not found, waiting...
demo.pcm not found, waiting...
demo.pcm not found, waiting...
demo.pcm not found, waiting...
demo.pcm not found, waiting...
demo.pcm not found, waiting...
demo.pcm not found, waiting...
demo.pcm not found, waiting...
demo.pcm not found, waiting...
demo.pcm not found, waiting...
demo.pcm not found, waiting...
demo.pcm not found, waiting...
demo.pcm not found, waiting...
demo.pcm not found, waiting...
demo.pcm not found, waiting...
demo.pcm not found, waiting...
demo.pcm not found, waiting...
demo.pcm not found, waiting...
demo.pcm not found, waiting...
demo.pcm not found, waiting...
demo.pcm not found, waiting...
demo.pcm not found, waiting...
demo.pcm not found, waiting...
demo.pcm not found, waiting...
demo.pcm not found, waiting...
demo.pcm not found, waiting...
demo.pcm not found, waiting...
demo.pcm not found, waiting...
demo.pcm not found, waiting...
demo.pcm not found, waiting...
demo.pcm not found, waiting...
demo.pcm not found, waiting...
demo.pcm not found, waiting...
demo.pcm not found, waiting...
demo.pcm not found, waiting...
demo.pcm not found, waiting...
demo.pcm not found, waiting...
demo.pcm not found, waiting...
demo.pcm not found, waiting...
demo.pcm not found, waiting...
demo.pcm not found, waiting...
demo.pcm not found, waiting...
demo.pcm not found, waiting...
demo.pcm not found, waiting...
demo.pcm not found, waiting...
demo.pcm not found, waiting...
demo.pcm not found, waiting...
demo.pcm not found, waiting...
demo.pcm not found, waiting...
demo.pcm not found, waiting...
demo.pcm not found, waiting...
demo.pcm not found, waiting...
demo.pcm not found, waiting...
demo.pcm not found, waiting...
demo.pcm not found, waiting...
demo.pcm not found, waiting...
demo.pcm not found, waiting...
demo.pcm not found, waiting...
demo.pcm not found, waiting...
demo.pcm not found, waiting...
demo.pcm not found, waiting...
demo.pcm not found, waiting...
demo.pcm not found, waiting...
demo.pcm not found, waiting...
demo.pcm not found, waiting...
demo.pcm not found, waiting...
demo.pcm not found, waiting...
demo.pcm not found, waiting...
demo.pcm not found, waiting...
demo.pcm not found, waiting...
demo.pcm not found, waiting...
demo.pcm not found, waiting...
demo.pcm not found, waiting...
demo.pcm not found, waiting...
demo.pcm not found, waiting...
demo.pcm not found, waiting...
demo.pcm not found, waiting...
demo.pcm not found, waiting...
demo.pcm not found, waiting...
demo.pcm not found, waiting...
demo.pcm not found, waiting...
demo.pcm not found, waiting...
demo.pcm not found, waiting...
demo.pcm not found, waiting...
demo.pcm not found, waiting...
demo.pcm not found, waiting...
demo.pcm not found, waiting...
demo.pcm not found, waiting...
demo.pcm not found, waiting...
demo.pcm not found, waiting...
demo.pcm not found, waiting...
demo.pcm not found, waiting...
demo.pcm not found, waiting...
demo.pcm not found, waiting...
demo.pcm not found, waiting...
demo.pcm not found, waiting...
demo.pcm not found, waiting...
demo.pcm not found, waiting...
demo.pcm not found, waiting...
demo.pcm not found, waiting...
demo.pcm not found, waiting...
demo.pcm not found, waiting...
demo.pcm not found, waiting...
demo.pcm not found, waiting...
demo.pcm not found, waiting...
demo.pcm not found, waiting...
demo.pcm not found, waiting...
demo.pcm not found, waiting...
demo.pcm not found, waiting...
demo.pcm not found, waiting...
demo.pcm not found, waiting...
demo.pcm not found, waiting...
demo.pcm not found, waiting...
demo.pcm not found, waiting...
demo.pcm not found, waiting...
demo.pcm not found, waiting...
demo.pcm not found, waiting...
demo.pcm not found, waiting...
demo.pcm not found, waiting...
demo.pcm not found, waiting...
demo.pcm not found, waiting...
demo.pcm not found, waiting...
demo.pcm not found, waiting...
demo.pcm not found, waiting...
demo.pcm not found, waiting...
demo.pcm not found, waiting...
demo.pcm not found, waiting...
demo.pcm not found, waiting...
demo.pcm not found, waiting...
demo.pcm not found, waiting...
demo.pcm not found, waiting...
demo.pcm not found, waiting...
demo.pcm not found, waiting...
demo.pcm not found, waiting...
demo.pcm not found, waiting...
demo.pcm not found, waiting...
demo.pcm not found, waiting...
demo.pcm not found, waiting...
demo.pcm not found, waiting...
demo.pcm not found, waiting...
demo.pcm not found, waiting...
demo.pcm not found, waiting...
demo.pcm not found, waiting...
demo.pcm not found, waiting...
demo.pcm not found, waiting...
demo.pcm not found, waiting...
demo.pcm not found, waiting...
demo.pcm not found, waiting...
demo.pcm not found, waiting...
demo.pcm not found, waiting...
demo.pcm not found, waiting...
demo.pcm not found, waiting...
demo.pcm not found, waiting...
demo.pcm not found, waiting...
demo.pcm not found, waiting...
demo.pcm not found, waiting...
demo.pcm not found, waiting...
demo.pcm not found, waiting...
demo.pcm not found, waiting...
demo.pcm not found, waiting...
demo.pcm not found, waiting...
demo.pcm not found, waiting...
demo.pcm not found, waiting...
demo.pcm not found, waiting...
demo.pcm not found, waiting...
demo.pcm not found, waiting...
demo.pcm not found, waiting...
demo.pcm not found, waiting...
demo.pcm not found, waiting...
demo.pcm not found, waiting...
demo.pcm not found, waiting...
demo.pcm not found, waiting...
demo.pcm not found, waiting...
demo.pcm not found, waiting...
demo.pcm not found, waiting...
demo.pcm not found, waiting...
demo.pcm not found, waiting...
demo.pcm not found, waiting...
demo.pcm not found, waiting...
demo.pcm not found, waiting...
demo.pcm not found, waiting...
demo.pcm not found, waiting...
demo.pcm not found, waiting...
demo.pcm not found, waiting...
demo.pcm not found, waiting...
demo.pcm not found, waiting...
demo.pcm not found, waiting...
demo.pcm not found, waiting...
demo.pcm not found, waiting...
demo.pcm not found, waiting...
demo.pcm not found, waiting...
demo.pcm not found, waiting...
demo.pcm not found, waiting...
demo.pcm not found, waiting...
demo.pcm not found, waiting...
demo.pcm not found, waiting...
demo.pcm not found, waiting...
demo.pcm not found, waiting...
demo.pcm not found, waiting...
demo.pcm not found, waiting...
demo.pcm not found, waiting...
demo.pcm not found, waiting...
demo.pcm not found, waiting...
demo.pcm not found, waiting...
demo.pcm not found, waiting...
demo.pcm not found, waiting...
demo.pcm not found, waiting...
demo.pcm not found, waiting...
demo.pcm not found, waiting...
demo.pcm not found, waiting...
demo.pcm not found, waiting...
demo.pcm not found, waiting...
demo.pcm not found, waiting...
demo.pcm not found, waiting...
demo.pcm not found, waiting...
demo.pcm not found, waiting...
demo.pcm not found, waiting...
demo.pcm not found, waiting...
demo.pcm not found, waiting...
demo.pcm not found, waiting...
demo.pcm not found, waiting...
demo.pcm not found, waiting...
demo.pcm not found, waiting...
demo.pcm not found, waiting...
demo.pcm not found, waiting...
demo.pcm not found, waiting...
demo.pcm not found, waiting...
demo.pcm not found, waiting...
demo.pcm not found, waiting...
demo.pcm not found, waiting...
demo.pcm not found, waiting...
demo.pcm not found, waiting...
demo.pcm not found, waiting...
demo.pcm not found, waiting...
demo.pcm not found, waiting...
demo.pcm not found, waiting...
demo.pcm not found, waiting...
demo.pcm not found, waiting...
demo.pcm not found, waiting...
demo.pcm not found, waiting...
demo.pcm not found, waiting...
demo.pcm not found, waiting...
demo.pcm not found, waiting...
demo.pcm not found, waiting...
demo.pcm not found, waiting...
demo.pcm not found, waiting...
demo.pcm not found, waiting...
demo.pcm not found, waiting...
demo.pcm not found, waiting...
demo.pcm not found, waiting...
demo.pcm not found, waiting...
demo.pcm not found, waiting...
demo.pcm not found, waiting...
demo.pcm not found, waiting...
demo.pcm not found, waiting...
demo.pcm not found, waiting...
demo.pcm not found, waiting...
demo.pcm not found, waiting...
demo.pcm not found, waiting...
demo.pcm not found, waiting...
demo.pcm not found, waiting...
demo.pcm not found, waiting...
demo.pcm not found, waiting...
demo.pcm not found, waiting...
demo.pcm not found, waiting...
demo.pcm not found, waiting...
demo.pcm not found, waiting...
demo.pcm not found, waiting...
demo.pcm not found, waiting...
demo.pcm not found, waiting...
demo.pcm not found, waiting...
demo.pcm not found, waiting...
demo.pcm not found, waiting...
demo.pcm not found, waiting...
demo.pcm not found, waiting...
demo.pcm not found, waiting...
demo.pcm not found, waiting...
demo.pcm not found, waiting...
demo.pcm not found, waiting...
demo.pcm not found, waiting...
demo.pcm not found, waiting...
demo.pcm not found, waiting...
demo.pcm not found, waiting...
demo.pcm not found, waiting...
demo.pcm not found, waiting...
demo.pcm not found, waiting...
demo.pcm not found, waiting...
demo.pcm not found, waiting...
demo.pcm not found, waiting...
demo.pcm not found, waiting...
demo.pcm not found, waiting...
demo.pcm not found, waiting...
demo.pcm not found, waiting...
demo.pcm not found, waiting...
demo.pcm not found, waiting...
demo.pcm not found, waiting...
demo.pcm not found, waiting...
demo.pcm not found, waiting...
demo.pcm not found, waiting...
demo.pcm not found, waiting...
demo.pcm not found, waiting...
demo.pcm not found, waiting...
demo.pcm not found, waiting...
demo.pcm not found, waiting...
demo.pcm not found, waiting...
demo.pcm not found, waiting...
demo.pcm not found, waiting...
demo.pcm not found, waiting...
demo.pcm not found, waiting...
demo.pcm not found, waiting...
demo.pcm not found, waiting...
demo.pcm not found, waiting...
demo.pcm not found, waiting...
demo.pcm not found, waiting...
demo.pcm not found, waiting...
demo.pcm not found, waiting...
demo.pcm not found, waiting...
demo.pcm not found, waiting...
demo.pcm not found, waiting...
demo.pcm not found, waiting...
demo.pcm not found, waiting...
demo.pcm not found, waiting...
demo.pcm not found, waiting...
demo.pcm not found, waiting...
demo.pcm not found, waiting...
demo.pcm not found, waiting...
demo.pcm not found, waiting...
demo.pcm not found, waiting...
demo.pcm not found, waiting...
demo.pcm not found, waiting...
demo.pcm not found, waiting...
demo.pcm not found, waiting...
demo.pcm not found, waiting...
demo.pcm not found, waiting...
demo.pcm not found, waiting...
demo.pcm not found, waiting...
demo.pcm not found, waiting...
demo.pcm not found, waiting...
demo.pcm not found, waiting...
demo.pcm not found, waiting...
demo.pcm not found, waiting...
demo.pcm not found, waiting...
demo.pcm not found, waiting...
demo.pcm not found, waiting...
demo.pcm not found, waiting...
demo.pcm not found, waiting...
demo.pcm not found, waiting...
demo.pcm not found, waiting...
demo.pcm not found, waiting...
demo.pcm not found, waiting...
demo.pcm not found, waiting...
demo.pcm not found, waiting...
demo.pcm not found, waiting...
demo.pcm not found, waiting...
demo.pcm not found, waiting...
demo.pcm not found, waiting...
demo.pcm not found, waiting...
demo.pcm not found, waiting...
demo.pcm not found, waiting...
demo.pcm not found, waiting...
demo.pcm not found, waiting...
demo.pcm not found, waiting...
demo.pcm not found, waiting...
demo.pcm not found, waiting...
demo.pcm not found, waiting...
demo.pcm not found, waiting...
demo.pcm not found, waiting...
demo.pcm not found, waiting...
demo.pcm not found, waiting...
demo.pcm not found, waiting...
demo.pcm not found, waiting...
demo.pcm not found, waiting...
demo.pcm not found, waiting...
demo.pcm not found, waiting...
demo.pcm not found, waiting...
demo.pcm not found, waiting...
demo.pcm not found, waiting...
demo.pcm not found, waiting...
demo.pcm not found, waiting...
demo.pcm not found, waiting...
demo.pcm not found, waiting...
demo.pcm not found, waiting...
demo.pcm not found, waiting...
demo.pcm not found, waiting...
demo.pcm not found, waiting...
demo.pcm not found, waiting...
demo.pcm not found, waiting...
demo.pcm not found, waiting...
demo.pcm not found, waiting...
demo.pcm not found, waiting...
demo.pcm not found, waiting...
demo.pcm not found, waiting...
demo.pcm not found, waiting...
demo.pcm not found, waiting...
demo.pcm not found, waiting...
demo.pcm not found, waiting...
demo.pcm not found, waiting...
demo.pcm not found, waiting...
demo.pcm not found, waiting...
demo.pcm not found, waiting...
demo.pcm not found, waiting...
demo.pcm not found, waiting...
demo.pcm not found, waiting...
demo.pcm not found, waiting...
demo.pcm not found, waiting...
demo.pcm not found, waiting...
demo.pcm not found, waiting...
demo.pcm not found, waiting...
demo.pcm not found, waiting...
demo.pcm not found, waiting...
demo.pcm not found, waiting...
demo.pcm not found, waiting...
demo.pcm not found, waiting...
demo.pcm not found, waiting...
demo.pcm not found, waiting...
demo.pcm not found, waiting...
demo.pcm not found, waiting...
demo.pcm not found, waiting...
demo.pcm not found, waiting...
demo.pcm not found, waiting...
demo.pcm not found, waiting...
demo.pcm not found, waiting...
demo.pcm not found, waiting...
demo.pcm not found, waiting...
demo.pcm not found, waiting...
demo.pcm not found, waiting...
demo.pcm not found, waiting...
demo.pcm not found, waiting...
demo.pcm not found, waiting...
demo.pcm not found, waiting...
demo.pcm not found, waiting...
demo.pcm not found, waiting...
demo.pcm not found, waiting...
demo.pcm not found, waiting...
demo.pcm not found, waiting...
demo.pcm not found, waiting...
demo.pcm not found, waiting...
demo.pcm not found, waiting...
demo.pcm not found, waiting...
demo.pcm not found, waiting...
demo.pcm not found, waiting...
demo.pcm not found, waiting...
demo.pcm not found, waiting...
demo.pcm not found, waiting...
demo.pcm not found, waiting...
demo.pcm not found, waiting...
demo.pcm not found, waiting...
demo.pcm not found, waiting...
demo.pcm not found, waiting...
demo.pcm not found, waiting...
demo.pcm not found, waiting...
demo.pcm not found, waiting...
demo.pcm not found, waiting...
demo.pcm not found, waiting...
demo.pcm not found, waiting...
demo.pcm not found, waiting...
demo.pcm not found, waiting...
demo.pcm not found, waiting...
demo.pcm not found, waiting...
demo.pcm not found, waiting...
demo.pcm not found, waiting...
demo.pcm not found, waiting...
demo.pcm not found, waiting...
demo.pcm not found, waiting...
demo.pcm not found, waiting...
demo.pcm not found, waiting...
demo.pcm not found, waiting...
demo.pcm not found, waiting...
demo.pcm not found, waiting...
demo.pcm not found, waiting...
demo.pcm not found, waiting...
demo.pcm not found, waiting...
demo.pcm not found, waiting...
demo.pcm not found, waiting...
demo.pcm not found, waiting...
demo.pcm not found, waiting...
demo.pcm not found, waiting...
demo.pcm not found, waiting...
demo.pcm not found, waiting...
demo.pcm not found, waiting...
demo.pcm not found, waiting...
demo.pcm not found, waiting...
demo.pcm not found, waiting...
demo.pcm not found, waiting...
demo.pcm not found, waiting...
demo.pcm not found, waiting...
demo.pcm not found, waiting...
demo.pcm not found, waiting...
demo.pcm not found, waiting...
demo.pcm not found, waiting...
demo.pcm not found, waiting...
demo.pcm not found, waiting...
demo.pcm not found, waiting...
demo.pcm not found, waiting...
demo.pcm not found, waiting...
demo.pcm not found, waiting...
demo.pcm not found, waiting...
demo.pcm not found, waiting...
demo.pcm not found, waiting...
demo.pcm not found, waiting...
demo.pcm not found, waiting...
demo.pcm not found, waiting...
demo.pcm not found, waiting...
demo.pcm not found, waiting...
demo.pcm not found, waiting...
demo.pcm not found, waiting...
demo.pcm not found, waiting...
demo.pcm not found, waiting...
demo.pcm not found, waiting...
demo.pcm not found, waiting...
demo.pcm not found, waiting...
demo.pcm not found, waiting...
demo.pcm not found, waiting...
demo.pcm not found, waiting...
demo.pcm not found, waiting...
demo.pcm not found, waiting...
demo.pcm not found, waiting...
demo.pcm not found, waiting...
demo.pcm not found, waiting...
demo.pcm not found, waiting...
demo.pcm not found, waiting...
demo.pcm not found, waiting...
demo.pcm not found, waiting...
demo.pcm not found, waiting...
demo.pcm not found, waiting...
demo.pcm not found, waiting...
demo.pcm not found, waiting...
demo.pcm not found, waiting...
demo.pcm not found, waiting...
demo.pcm not found, waiting...
demo.pcm not found, waiting...
demo.pcm not found, waiting...
demo.pcm not found, waiting...
demo.pcm not found, waiting...
demo.pcm not found, waiting...
demo.pcm not found, waiting...
demo.pcm not found, waiting...
demo.pcm not found, waiting...
demo.pcm not found, waiting...
demo.pcm not found, waiting...
demo.pcm not found, waiting...
demo.pcm not found, waiting...
demo.pcm not found, waiting...
demo.pcm not found, waiting...
demo.pcm not found, waiting...
demo.pcm not found, waiting...
demo.pcm not found, waiting...
demo.pcm not found, waiting...
demo.pcm not found, waiting...
demo.pcm not found, waiting...
demo.pcm not found, waiting...
demo.pcm not found, waiting...
demo.pcm not found, waiting...
demo.pcm not found, waiting...
demo.pcm not found, waiting...
demo.pcm not found, waiting...
demo.pcm not found, waiting...
demo.pcm not found, waiting...
demo.pcm not found, waiting...
demo.pcm not found, waiting...
demo.pcm not found, waiting...
demo.pcm not found, waiting...
demo.pcm not found, waiting...
demo.pcm not found, waiting...
demo.pcm not found, waiting...
demo.pcm not found, waiting...
demo.pcm not found, waiting...
demo.pcm not found, waiting...
demo.pcm not found, waiting...
demo.pcm not found, waiting...
demo.pcm not found, waiting...
demo.pcm not found, waiting...
demo.pcm not found, waiting...
demo.pcm not found, waiting...
demo.pcm not found, waiting...
demo.pcm not found, waiting...
demo.pcm not found, waiting...
demo.pcm not found, waiting...
demo.pcm not found, waiting...
demo.pcm not found, waiting...
demo.pcm not found, waiting...
demo.pcm not found, waiting...
demo.pcm not found, waiting...
demo.pcm not found, waiting...
demo.pcm not found, waiting...
demo.pcm not found, waiting...
demo.pcm not found, waiting...
demo.pcm not found, waiting...
demo.pcm not found, waiting...
demo.pcm not found, waiting...
demo.pcm not found, waiting...
demo.pcm not found, waiting...
demo.pcm not found, waiting...
demo.pcm not found, waiting...
demo.pcm not found, waiting...
demo.pcm not found, waiting...
demo.pcm not found, waiting...
demo.pcm not found, waiting...
demo.pcm not found, waiting...
demo.pcm not found, waiting...
demo.pcm not found, waiting...
demo.pcm not found, waiting...
demo.pcm not found, waiting...
demo.pcm not found, waiting...
demo.pcm not found, waiting...
demo.pcm not found, waiting...
demo.pcm not found, waiting...
demo.pcm not found, waiting...
demo.pcm not found, waiting...
demo.pcm not found, waiting...
demo.pcm not found, waiting...
demo.pcm not found, waiting...
demo.pcm not found, waiting...
demo.pcm not found, waiting...
demo.pcm not found, waiting...
demo.pcm not found, waiting...
demo.pcm not found, waiting...
demo.pcm not found, waiting...
demo.pcm not found, waiting...
demo.pcm not found, waiting...
demo.pcm not found, waiting...
demo.pcm not found, waiting...
demo.pcm not found, waiting...
demo.pcm not found, waiting...
demo.pcm not found, waiting...
demo.pcm not found, waiting...
demo.pcm not found, waiting...
demo.pcm not found, waiting...
demo.pcm not found, waiting...
demo.pcm not found, waiting...
demo.pcm not found, waiting...
demo.pcm not found, waiting...
demo.pcm not found, waiting...
demo.pcm not found, waiting...
demo.pcm not found, waiting...
demo.pcm not found, waiting...
demo.pcm not found, waiting...
demo.pcm not found, waiting...
demo.pcm not found, waiting...
demo.pcm not found, waiting...
demo.pcm not found, waiting...
demo.pcm not found, waiting...
demo.pcm not found, waiting...
demo.pcm not found, waiting...
demo.pcm not found, waiting...
demo.pcm not found, waiting...
demo.pcm not found, waiting...
demo.pcm not found, waiting...
demo.pcm not found, waiting...
demo.pcm not found, waiting...
demo.pcm not found, waiting...
demo.pcm not found, waiting...
demo.pcm not found, waiting...
demo.pcm not found, waiting...
demo.pcm not found, waiting...
demo.pcm not found, waiting...
demo.pcm not found, waiting...
demo.pcm not found, waiting...
demo.pcm not found, waiting...
demo.pcm not found, waiting...
demo.pcm not found, waiting...
demo.pcm not found, waiting...
demo.pcm not found, waiting...
demo.pcm not found, waiting...
demo.pcm not found, waiting...
demo.pcm not found, waiting...
demo.pcm not found, waiting...
demo.pcm not found, waiting...
demo.pcm not found, waiting...
demo.pcm not found, waiting...
demo.pcm not found, waiting...
demo.pcm not found, waiting...
demo.pcm not found, waiting...
demo.pcm not found, waiting...
demo.pcm not found, waiting...
demo.pcm not found, waiting...
demo.pcm not found, waiting...
demo.pcm not found, waiting...
demo.pcm not found, waiting...
demo.pcm not found, waiting...
demo.pcm not found, waiting...
demo.pcm not found, waiting...
demo.pcm not found, waiting...
demo.pcm not found, waiting...
demo.pcm not found, waiting...
demo.pcm not found, waiting...
demo.pcm not found, waiting...
demo.pcm not found, waiting...
demo.pcm not found, waiting...
demo.pcm not found, waiting...
demo.pcm not found, waiting...
demo.pcm not found, waiting...
demo.pcm not found, waiting...
demo.pcm not found, waiting...
demo.pcm not found, waiting...
demo.pcm not found, waiting...
demo.pcm not found, waiting...
demo.pcm not found, waiting...
demo.pcm not found, waiting...
demo.pcm not found, waiting...
demo.pcm not found, waiting...
demo.pcm not found, waiting...
demo.pcm not found, waiting...
demo.pcm not found, waiting...
demo.pcm not found, waiting...
demo.pcm not found, waiting...
demo.pcm not found, waiting...
demo.pcm not found, waiting...
demo.pcm not found, waiting...
demo.pcm not found, waiting...
demo.pcm not found, waiting...
demo.pcm not found, waiting...
demo.pcm not found, waiting...
demo.pcm not found, waiting...
demo.pcm not found, waiting...
demo.pcm not found, waiting...
demo.pcm not found, waiting...
demo.pcm not found, waiting...
demo.pcm not found, waiting...
demo.pcm not found, waiting...
demo.pcm not found, waiting...
demo.pcm not found, waiting...
demo.pcm not found, waiting...
demo.pcm not found, waiting...
demo.pcm not found, waiting...
demo.pcm not found, waiting...
demo.pcm not found, waiting...
demo.pcm not found, waiting...
demo.pcm not found, waiting...
demo.pcm not found, waiting...
demo.pcm not found, waiting...
demo.pcm not found, waiting...
demo.pcm not found, waiting...
demo.pcm not found, waiting...
demo.pcm not found, waiting...
demo.pcm not found, waiting...
demo.pcm not found, waiting...
demo.pcm not found, waiting...
demo.pcm not found, waiting...
demo.pcm not found, waiting...
demo.pcm not found, waiting...
demo.pcm not found, waiting...
demo.pcm not found, waiting...
demo.pcm not found, waiting...
demo.pcm not found, waiting...
demo.pcm not found, waiting...
demo.pcm not found, waiting...
demo.pcm not found, waiting...
demo.pcm not found, waiting...
demo.pcm not found, waiting...
demo.pcm not found, waiting...
demo.pcm not found, waiting...
demo.pcm not found, waiting...
demo.pcm not found, waiting...
demo.pcm not found, waiting...
demo.pcm not found, waiting...
demo.pcm not found, waiting...
demo.pcm not found, waiting...
demo.pcm not found, waiting...
demo.pcm not found, waiting...
demo.pcm not found, waiting...
demo.pcm not found, waiting...
demo.pcm not found, waiting...
demo.pcm not found, waiting...
demo.pcm not found, waiting...
demo.pcm not found, waiting...
demo.pcm not found, waiting...
demo.pcm not found, waiting...
demo.pcm not found, waiting...
demo.pcm not found, waiting...
demo.pcm not found, waiting...
demo.pcm not found, waiting...
demo.pcm not found, waiting...
demo.pcm not found, waiting...
demo.pcm not found, waiting...
demo.pcm not found, waiting...
demo.pcm not found, waiting...
demo.pcm not found, waiting...
demo.pcm not found, waiting...
demo.pcm not found, waiting...
demo.pcm not found, waiting...
demo.pcm not found, waiting...
demo.pcm not found, waiting...
demo.pcm not found, waiting...
demo.pcm not found, waiting...
demo.pcm not found, waiting...
demo.pcm not found, waiting...
demo.pcm not found, waiting...
demo.pcm not found, waiting...
demo.pcm not found, waiting...
demo.pcm not found, waiting...
demo.pcm not found, waiting...
demo.pcm not found, waiting...
demo.pcm not found, waiting...
demo.pcm not found, waiting...
demo.pcm not found, waiting...
demo.pcm not found, waiting...
demo.pcm not found, waiting...
demo.pcm not found, waiting...
demo.pcm not found, waiting...
demo.pcm not found, waiting...
demo.pcm not found, waiting...
demo.pcm not found, waiting...
demo.pcm not found, waiting...
demo.pcm not found, waiting...
demo.pcm not found, waiting...
demo.pcm not found, waiting...
demo.pcm not found, waiting...
demo.pcm not found, waiting...
demo.pcm not found, waiting...
demo.pcm not found, waiting...
demo.pcm not found, waiting...
demo.pcm not found, waiting...
demo.pcm not found, waiting...
demo.pcm not found, waiting...
demo.pcm not found, waiting...
demo.pcm not found, waiting...
demo.pcm not found, waiting...
demo.pcm not found, waiting...
demo.pcm not found, waiting...
demo.pcm not found, waiting...
demo.pcm not found, waiting...
demo.pcm not found, waiting...
demo.pcm not found, waiting...
demo.pcm not found, waiting...
demo.pcm not found, waiting...
demo.pcm not found, waiting...
demo.pcm not found, waiting...
demo.pcm not found, waiting...
demo.pcm not found, waiting...
demo.pcm not found, waiting...
demo.pcm not found, waiting...
demo.pcm not found, waiting...
demo.pcm not found, waiting...
demo.pcm not found, waiting...
demo.pcm not found, waiting...
demo.pcm not found, waiting...
demo.pcm not found, waiting...
demo.pcm not found, waiting...
demo.pcm not found, waiting...
demo.pcm not found, waiting...
demo.pcm not found, waiting...
demo.pcm not found, waiting...
demo.pcm not found, waiting...
demo.pcm not found, waiting...
demo.pcm not found, waiting...
demo.pcm not found, waiting...
demo.pcm not found, waiting...
demo.pcm not found, waiting...
demo.pcm not found, waiting...
demo.pcm not found, waiting...
demo.pcm not found, waiting...
demo.pcm not found, waiting...
demo.pcm not found, waiting...
demo.pcm not found, waiting...
demo.pcm not found, waiting...
demo.pcm not found, waiting...
demo.pcm not found, waiting...
demo.pcm not found, waiting...
demo.pcm not found, waiting...
demo.pcm not found, waiting...
demo.pcm not found, waiting...
demo.pcm not found, waiting...
demo.pcm not found, waiting...
demo.pcm not found, waiting...
demo.pcm not found, waiting...
demo.pcm not found, waiting...
demo.pcm not found, waiting...
demo.pcm not found, waiting...
demo.pcm not found, waiting...
demo.pcm not found, waiting...
demo.pcm not found, waiting...
demo.pcm not found, waiting...
demo.pcm not found, waiting...
demo.pcm not found, waiting...
demo.pcm not found, waiting...
demo.pcm not found, waiting...
demo.pcm not found, waiting...
demo.pcm not found, waiting...
demo.pcm not found, waiting...
demo.pcm not found, waiting...
demo.pcm not found, waiting...
demo.pcm not found, waiting...
demo.pcm not found, waiting...
demo.pcm not found, waiting...
demo.pcm not found, waiting...
demo.pcm not found, waiting...
demo.pcm not found, waiting...
demo.pcm not found, waiting...
demo.pcm not found, waiting...
demo.pcm not found, waiting...
demo.pcm not found, waiting...
demo.pcm not found, waiting...
demo.pcm not found, waiting...
demo.pcm not found, waiting...
demo.pcm not found, waiting...
demo.pcm not found, waiting...
demo.pcm not found, waiting...
demo.pcm not found, waiting...
demo.pcm not found, waiting...
demo.pcm not found, waiting...
demo.pcm not found, waiting...
demo.pcm not found, waiting...
demo.pcm not found, waiting...
demo.pcm not found, waiting...
demo.pcm not found, waiting...
demo.pcm not found, waiting...
demo.pcm not found, waiting...
demo.pcm not found, waiting...
demo.pcm not found, waiting...
demo.pcm not found, waiting...
demo.pcm not found, waiting...
demo.pcm not found, waiting...
demo.pcm not found, waiting...
demo.pcm not found, waiting...
demo.pcm not found, waiting...
demo.pcm not found, waiting...
demo.pcm not found, waiting...
demo.pcm not found, waiting...
demo.pcm not found, waiting...
demo.pcm not found, waiting...
demo.pcm not found, waiting...
demo.pcm not found, waiting...
demo.pcm not found, waiting...
demo.pcm not found, waiting...
demo.pcm not found, waiting...
demo.pcm not found, waiting...
demo.pcm not found, waiting...
demo.pcm not found, waiting...
demo.pcm not found, waiting...
demo.pcm not found, waiting...
demo.pcm not found, waiting...
demo.pcm not found, waiting...
demo.pcm not found, waiting...
demo.pcm not found, waiting...
demo.pcm not found, waiting...
demo.pcm not found, waiting...
demo.pcm not found, waiting...
demo.pcm not found, waiting...
demo.pcm not found, waiting...
demo.pcm not found, waiting...
demo.pcm not found, waiting...
demo.pcm not found, waiting...
demo.pcm not found, waiting...
demo.pcm not found, waiting...
demo.pcm not found, waiting...
demo.pcm not found, waiting...
demo.pcm not found, waiting...
demo.pcm not found, waiting...
demo.pcm not found, waiting...
demo.pcm not found, waiting...
demo.pcm not found, waiting...
demo.pcm not found, waiting...
demo.pcm not found, waiting...
demo.pcm not found, waiting...
demo.pcm not found, waiting...
demo.pcm not found, waiting...
demo.pcm not found, waiting...
demo.pcm not found, waiting...
demo.pcm not found, waiting...
demo.pcm not found, waiting...
demo.pcm not found, waiting...
demo.pcm not found, waiting...
demo.pcm not found, waiting...
demo.pcm not found, waiting...
demo.pcm not found, waiting...
demo.pcm not found, waiting...
demo.pcm not found, waiting...
demo.pcm not found, waiting...
demo.pcm not found, waiting...
demo.pcm not found, waiting...
demo.pcm not found, waiting...
demo.pcm not found, waiting...
demo.pcm not found, waiting...
demo.pcm not found, waiting...
demo.pcm not found, waiting...
demo.pcm not found, waiting...
demo.pcm not found, waiting...
demo.pcm not found, waiting...
demo.pcm not found, waiting...
demo.pcm not found, waiting...
demo.pcm not found, waiting...
demo.pcm not found, waiting...
demo.pcm not found, waiting...
demo.pcm not found, waiting...
demo.pcm not found, waiting...
demo.pcm not found, waiting...
demo.pcm not found, waiting...
demo.pcm not found, waiting...
demo.pcm not found, waiting...
demo.pcm not found, waiting...
demo.pcm not found, waiting...
demo.pcm not found, waiting...
demo.pcm not found, waiting...
demo.pcm not found, waiting...
demo.pcm not found, waiting...
demo.pcm not found, waiting...
demo.pcm not found, waiting...
demo.pcm not found, waiting...
demo.pcm not found, waiting...
demo.pcm not found, waiting...
demo.pcm not found, waiting...
demo.pcm not found, waiting...
demo.pcm not found, waiting...
demo.pcm not found, waiting...
demo.pcm not found, waiting...
demo.pcm not found, waiting...
demo.pcm not found, waiting...
demo.pcm not found, waiting...
demo.pcm not found, waiting...
demo.pcm not found, waiting...
demo.pcm not found, waiting...
demo.pcm not found, waiting...
demo.pcm not found, waiting...
demo.pcm not found, waiting...
demo.pcm not found, waiting...
demo.pcm not found, waiting...
demo.pcm not found, waiting...
demo.pcm not found, waiting...
demo.pcm not found, waiting...
demo.pcm not found, waiting...
demo.pcm not found, waiting...
demo.pcm not found, waiting...
demo.pcm not found, waiting...
demo.pcm not found, waiting...
demo.pcm not found, waiting...
demo.pcm not found, waiting...
demo.pcm not found, waiting...
demo.pcm not found, waiting...
demo.pcm not found, waiting...
demo.pcm not found, waiting...
demo.pcm not found, waiting...
demo.pcm not found, waiting...
demo.pcm not found, waiting...
demo.pcm not found, waiting...
demo.pcm not found, waiting...
demo.pcm not found, waiting...
demo.pcm not found, waiting...
demo.pcm not found, waiting...
demo.pcm not found, waiting...
demo.pcm not found, waiting...
demo.pcm not found, waiting...
demo.pcm not found, waiting...
demo.pcm not found, waiting...
demo.pcm not found, waiting...
demo.pcm not found, waiting...
demo.pcm not found, waiting...
demo.pcm not found, waiting...
demo.pcm not found, waiting...
demo.pcm not found, waiting...
demo.pcm not found, waiting...
demo.pcm not found, waiting...
demo.pcm not found, waiting...
demo.pcm not found, waiting...
demo.pcm not found, waiting...
demo.pcm not found, waiting...
demo.pcm not found, waiting...
demo.pcm not found, waiting...
demo.pcm not found, waiting...
demo.pcm not found, waiting...
demo.pcm not found, waiting...
demo.pcm not found, waiting...
demo.pcm not found, waiting...
demo.pcm not found, waiting...
demo.pcm not found, waiting...
demo.pcm not found, waiting...
demo.pcm not found, waiting...
demo.pcm not found, waiting...
demo.pcm not found, waiting...
demo.pcm not found, waiting...
demo.pcm not found, waiting...
demo.pcm not found, waiting...
demo.pcm not found, waiting...
demo.pcm not found, waiting...
demo.pcm not found, waiting...
demo.pcm not found, waiting...
demo.pcm not found, waiting...
demo.pcm not found, waiting...
demo.pcm not found, waiting...
demo.pcm not found, waiting...
demo.pcm not found, waiting...
demo.pcm not found, waiting...
demo.pcm not found, waiting...
demo.pcm not found, waiting...
demo.pcm not found, waiting...
demo.pcm not found, waiting...
demo.pcm not found, waiting...
demo.pcm not found, waiting...
demo.pcm not found, waiting...
demo.pcm not found, waiting...
demo.pcm not found, waiting...
demo.pcm not found, waiting...
demo.pcm not found, waiting...
demo.pcm not found, waiting...
demo.pcm not found, waiting...
demo.pcm not found, waiting...
demo.pcm not found, waiting...
demo.pcm not found, waiting...
demo.pcm not found, waiting...
demo.pcm not found, waiting...
demo.pcm not found, waiting...
demo.pcm not found, waiting...
demo.pcm not found, waiting...
demo.pcm not found, waiting...
demo.pcm not found, waiting...
demo.pcm not found, waiting...
demo.pcm not found, waiting...
demo.pcm not found, waiting...
demo.pcm not found, waiting...
demo.pcm not found, waiting...
demo.pcm not found, waiting...
demo.pcm not found, waiting...
demo.pcm not found, waiting...
demo.pcm not found, waiting...
demo.pcm not found, waiting...
demo.pcm not found, waiting...
demo.pcm not found, waiting...
demo.pcm not found, waiting...
demo.pcm not found, waiting...
demo.pcm not found, waiting...
demo.pcm not found, waiting...
demo.pcm not found, waiting...
demo.pcm not found, waiting...
demo.pcm not found, waiting...
demo.pcm not found, waiting...
demo.pcm not found, waiting...
demo.pcm not found, waiting...
demo.pcm not found, waiting...
demo.pcm not found, waiting...
demo.pcm not found, waiting...
demo.pcm not found, waiting...
demo.pcm not found, waiting...
demo.pcm not found, waiting...
demo.pcm not found, waiting...
demo.pcm not found, waiting...
demo.pcm not found, waiting...
demo.pcm not found, waiting...
demo.pcm not found, waiting...
demo.pcm not found, waiting...
demo.pcm not found, waiting...
demo.pcm not found, waiting...
demo.pcm not found, waiting...
demo.pcm not found, waiting...
demo.pcm not found, waiting...
demo.pcm not found, waiting...
demo.pcm not found, waiting...
demo.pcm not found, waiting...
demo.pcm not found, waiting...
demo.pcm not found, waiting...
demo.pcm not found, waiting...
demo.pcm not found, waiting...
demo.pcm not found, waiting...
demo.pcm not found, waiting...
demo.pcm not found, waiting...
demo.pcm not found, waiting...
demo.pcm not found, waiting...
demo.pcm not found, waiting...
demo.pcm not found, waiting...
demo.pcm not found, waiting...
demo.pcm not found, waiting...
demo.pcm not found, waiting...
demo.pcm not found, waiting...
demo.pcm not found, waiting...
demo.pcm not found, waiting...
demo.pcm not found, waiting...
demo.pcm not found, waiting...
demo.pcm not found, waiting...
demo.pcm not found, waiting...
demo.pcm not found, waiting...
demo.pcm not found, waiting...
demo.pcm not found, waiting...
demo.pcm not found, waiting...
demo.pcm not found, waiting...
demo.pcm not found, waiting...
demo.pcm not found, waiting...
demo.pcm not found, waiting...
demo.pcm not found, waiting...
demo.pcm not found, waiting...
demo.pcm not found, waiting...
demo.pcm not found, waiting...
demo.pcm not found, waiting...
demo.pcm not found, waiting...
demo.pcm not found, waiting...
demo.pcm not found, waiting...
demo.pcm not found, waiting...
demo.pcm not found, waiting...
demo.pcm not found, waiting...
demo.pcm not found, waiting...
demo.pcm not found, waiting...
demo.pcm not found, waiting...
demo.pcm not found, waiting...
demo.pcm not found, waiting...
demo.pcm not found, waiting...
demo.pcm not found, waiting...
demo.pcm not found, waiting...
demo.pcm not found, waiting...
demo.pcm not found, waiting...
demo.pcm not found, waiting...
demo.pcm not found, waiting...
demo.pcm not found, waiting...
demo.pcm not found, waiting...
demo.pcm not found, waiting...
demo.pcm not found, waiting...
demo.pcm not found, waiting...
demo.pcm not found, waiting...
demo.pcm not found, waiting...
demo.pcm not found, waiting...
demo.pcm not found, waiting...
demo.pcm not found, waiting...
demo.pcm not found, waiting...
demo.pcm not found, waiting...
demo.pcm not found, waiting...
demo.pcm not found, waiting...
demo.pcm not found, waiting...
demo.pcm not found, waiting...
demo.pcm not found, waiting...
demo.pcm not found, waiting...
demo.pcm not found, waiting...
demo.pcm not found, waiting...
demo.pcm not found, waiting...
demo.pcm not found, waiting...
demo.pcm not found, waiting...
demo.pcm not found, waiting...
demo.pcm not found, waiting...
demo.pcm not found, waiting...
demo.pcm not found, waiting...
demo.pcm not found, waiting...
demo.pcm not found, waiting...
demo.pcm not found, waiting...
demo.pcm not found, waiting...
demo.pcm not found, waiting...
demo.pcm not found, waiting...
demo.pcm not found, waiting...
demo.pcm not found, waiting...
demo.pcm not found, waiting...
demo.pcm not found, waiting...
demo.pcm not found, waiting...
demo.pcm not found, waiting...
demo.pcm not found, waiting...
demo.pcm not found, waiting...
demo.pcm not found, waiting...
demo.pcm not found, waiting...
demo.pcm not found, waiting...
demo.pcm not found, waiting...
demo.pcm not found, waiting...
demo.pcm not found, waiting...
demo.pcm not found, waiting...
demo.pcm not found, waiting...
demo.pcm not found, waiting...
demo.pcm not found, waiting...
demo.pcm not found, waiting...
demo.pcm not found, waiting...
demo.pcm not found, waiting...
demo.pcm not found, waiting...
demo.pcm not found, waiting...
demo.pcm not found, waiting...
demo.pcm not found, waiting...
demo.pcm not found, waiting...
demo.pcm not found, waiting...
demo.pcm not found, waiting...
demo.pcm not found, waiting...
demo.pcm not found, waiting...
demo.pcm not found, waiting...
demo.pcm not found, waiting...
demo.pcm not found, waiting...
demo.pcm not found, waiting...
demo.pcm not found, waiting...
demo.pcm not found, waiting...
demo.pcm not found, waiting...
demo.pcm not found, waiting...
demo.pcm not found, waiting...
demo.pcm not found, waiting...
demo.pcm not found, waiting...
demo.pcm not found, waiting...
demo.pcm not found, waiting...
demo.pcm not found, waiting...
demo.pcm not found, waiting...
demo.pcm not found, waiting...
demo.pcm not found, waiting...
demo.pcm not found, waiting...
demo.pcm not found, waiting...
demo.pcm not found, waiting...
demo.pcm not found, waiting...
demo.pcm not found, waiting...
demo.pcm not found, waiting...
demo.pcm not found, waiting...
demo.pcm not found, waiting...
demo.pcm not found, waiting...
demo.pcm not found, waiting...
demo.pcm not found, waiting...
demo.pcm not found, waiting...
demo.pcm not found, waiting...
demo.pcm not found, waiting...
demo.pcm not found, waiting...
demo.pcm not found, waiting...
demo.pcm not found, waiting...
demo.pcm not found, waiting...
demo.pcm not found, waiting...
demo.pcm not found, waiting...
demo.pcm not found, waiting...
demo.pcm not found, waiting...
demo.pcm not found, waiting...
demo.pcm not found, waiting...
demo.pcm not found, waiting...
demo.pcm not found, waiting...
demo.pcm not found, waiting...
demo.pcm not found, waiting...
demo.pcm not found, waiting...
demo.pcm not found, waiting...
demo.pcm not found, waiting...
demo.pcm not found, waiting...
demo.pcm not found, waiting...
demo.pcm not found, waiting...
demo.pcm not found, waiting...
demo.pcm not found, waiting...
demo.pcm not found, waiting...
demo.pcm not found, waiting...
demo.pcm not found, waiting...
demo.pcm not found, waiting...
demo.pcm not found, waiting...
demo.pcm not found, waiting...
demo.pcm not found, waiting...
demo.pcm not found, waiting...
demo.pcm not found, waiting...
demo.pcm not found, waiting...
demo.pcm not found, waiting...
demo.pcm not found, waiting...
demo.pcm not found, waiting...
demo.pcm not found, waiting...
demo.pcm not found, waiting...
demo.pcm not found, waiting...
demo.pcm not found, waiting...
demo.pcm not found, waiting...
demo.pcm not found, waiting...
demo.pcm not found, waiting...
demo.pcm not found, waiting...
demo.pcm not found, waiting...
demo.pcm not found, waiting...
demo.pcm not found, waiting...
demo.pcm not found, waiting...
demo.pcm not found, waiting...
demo.pcm not found, waiting...
demo.pcm not found, waiting...
demo.pcm not found, waiting...
demo.pcm not found, waiting...
demo.pcm not found, waiting...
demo.pcm not found, waiting...
demo.pcm not found, waiting...
demo.pcm not found, waiting...
demo.pcm not found, waiting...
demo.pcm not found, waiting...
demo.pcm not found, waiting...
demo.pcm not found, waiting...
demo.pcm not found, waiting...
demo.pcm not found, waiting...
demo.pcm not found, waiting...
demo.pcm not found, waiting...
demo.pcm not found, waiting...
demo.pcm not found, waiting...
demo.pcm not found, waiting...
demo.pcm not found, waiting...
demo.pcm not found, waiting...
demo.pcm not found, waiting...
demo.pcm not found, waiting...
demo.pcm not found, waiting...
demo.pcm not found, waiting...
demo.pcm not found, waiting...
demo.pcm not found, waiting...
demo.pcm not found, waiting...
demo.pcm not found, waiting...
demo.pcm not found, waiting...
demo.pcm not found, waiting...
demo.pcm not found, waiting...
demo.pcm not found, waiting...
demo.pcm not found, waiting...
demo.pcm not found, waiting...
demo.pcm not found, waiting...
demo.pcm not found, waiting...
demo.pcm not found, waiting...
demo.pcm not found, waiting...
demo.pcm not found, waiting...
demo.pcm not found, waiting...
demo.pcm not found, waiting...
demo.pcm not found, waiting...
demo.pcm not found, waiting...
demo.pcm not found, waiting...
demo.pcm not found, waiting...
demo.pcm not found, waiting...
demo.pcm not found, waiting...
demo.pcm not found, waiting...
demo.pcm not found, waiting...
demo.pcm not found, waiting...
demo.pcm not found, waiting...
demo.pcm not found, waiting...
demo.pcm not found, waiting...
demo.pcm not found, waiting...
demo.pcm not found, waiting...
demo.pcm not found, waiting...
demo.pcm not found, waiting...
demo.pcm not found, waiting...
demo.pcm not found, waiting...
demo.pcm not found, waiting...
demo.pcm not found, waiting...
demo.pcm not found, waiting...
demo.pcm not found, waiting...
demo.pcm not found, waiting...
demo.pcm not found, waiting...
demo.pcm not found, waiting...
demo.pcm not found, waiting...
demo.pcm not found, waiting...
demo.pcm not found, waiting...
demo.pcm not found, waiting...
demo.pcm not found, waiting...
demo.pcm not found, waiting...
demo.pcm not found, waiting...
demo.pcm not found, waiting...
demo.pcm not found, waiting...
demo.pcm not found, waiting...
demo.pcm not found, waiting...
demo.pcm not found, waiting...
demo.pcm not found, waiting...
demo.pcm not found, waiting...
demo.pcm not found, waiting...
demo.pcm not found, waiting...
demo.pcm not found, waiting...
demo.pcm not found, waiting...
demo.pcm not found, waiting...
demo.pcm not found, waiting...
demo.pcm not found, waiting...
demo.pcm not found, waiting...
demo.pcm not found, waiting...
demo.pcm not found, waiting...
demo.pcm not found, waiting...
demo.pcm not found, waiting...
demo.pcm not found, waiting...
demo.pcm not found, waiting...
demo.pcm not found, waiting...
demo.pcm not found, waiting...
demo.pcm not found, waiting...
demo.pcm not found, waiting...
demo.pcm not found, waiting...
demo.pcm not found, waiting...
demo.pcm not found, waiting...
demo.pcm not found, waiting...
demo.pcm not found, waiting...
demo.pcm not found, waiting...
demo.pcm not found, waiting...
demo.pcm not found, waiting...
demo.pcm not found, waiting...
demo.pcm not found, waiting...
demo.pcm not found, waiting...
demo.pcm not found, waiting...
demo.pcm not found, waiting...
demo.pcm not found, waiting...
demo.pcm not found, waiting...
demo.pcm not found, waiting...
demo.pcm not found, waiting...
demo.pcm not found, waiting...
demo.pcm not found, waiting...
demo.pcm not found, waiting...
demo.pcm not found, waiting...
demo.pcm not found, waiting...
demo.pcm not found, waiting...
demo.pcm not found, waiting...
demo.pcm not found, waiting...
demo.pcm not found, waiting...
demo.pcm not found, waiting...
demo.pcm not found, waiting...
demo.pcm not found, waiting...
demo.pcm not found, waiting...
demo.pcm not found, waiting...
demo.pcm not found, waiting...
demo.pcm not found, waiting...
demo.pcm not found, waiting...
demo.pcm not found, waiting...
demo.pcm not found, waiting...
demo.pcm not found, waiting...
demo.pcm not found, waiting...
demo.pcm not found, waiting...
demo.pcm not found, waiting...
demo.pcm not found, waiting...
demo.pcm not found, waiting...
demo.pcm not found, waiting...
demo.pcm not found, waiting...
demo.pcm not found, waiting...
demo.pcm not found, waiting...
demo.pcm not found, waiting...
demo.pcm not found, waiting...
demo.pcm not found, waiting...
demo.pcm not found, waiting...
demo.pcm not found, waiting...
demo.pcm not found, waiting...
demo.pcm not found, waiting...
demo.pcm not found, waiting...
demo.pcm not found, waiting...
demo.pcm not found, waiting...
demo.pcm not found, waiting...
demo.pcm not found, waiting...
demo.pcm not found, waiting...
demo.pcm not found, waiting...
demo.pcm not found, waiting...
demo.pcm not found, waiting...
demo.pcm not found, waiting...
demo.pcm not found, waiting...
demo.pcm not found, waiting...
demo.pcm not found, waiting...
demo.pcm not found, waiting...
demo.pcm not found, waiting...
demo.pcm not found, waiting...
demo.pcm not found, waiting...
demo.pcm not found, waiting...
demo.pcm not found, waiting...
demo.pcm not found, waiting...
demo.pcm not found, waiting...
demo.pcm not found, waiting...
demo.pcm not found, waiting...
demo.pcm not found, waiting...
demo.pcm not found, waiting...
demo.pcm not found, waiting...
demo.pcm not found, waiting...
demo.pcm not found, waiting...
demo.pcm not found, waiting...
demo.pcm not found, waiting...
demo.pcm not found, waiting...
demo.pcm not found, waiting...
demo.pcm not found, waiting...
demo.pcm not found, waiting...
demo.pcm not found, waiting...
demo.pcm not found, waiting...
demo.pcm not found, waiting...
demo.pcm not found, waiting...
demo.pcm not found, waiting...
demo.pcm not found, waiting...
demo.pcm not found, waiting...
demo.pcm not found, waiting...
demo.pcm not found, waiting...
demo.pcm not found, waiting...
demo.pcm not found, waiting...
demo.pcm not found, waiting...
demo.pcm not found, waiting...
demo.pcm not found, waiting...
demo.pcm not found, waiting...
demo.pcm not found, waiting...
demo.pcm not found, waiting...
demo.pcm not found, waiting...
demo.pcm not found, waiting...
demo.pcm not found, waiting...
demo.pcm not found, waiting...
demo.pcm not found, waiting...
demo.pcm not found, waiting...
demo.pcm not found, waiting...
demo.pcm not found, waiting...
demo.pcm not found, waiting...
demo.pcm not found, waiting...
demo.pcm not found, waiting...
demo.pcm not found, waiting...
demo.pcm not found, waiting...
demo.pcm not found, waiting...
demo.pcm not found, waiting...
demo.pcm not found, waiting...
demo.pcm not found, waiting...
demo.pcm not found, waiting...
demo.pcm not found, waiting...
demo.pcm not found, waiting...
demo.pcm not found, waiting...
demo.pcm not found, waiting...
demo.pcm not found, waiting...
demo.pcm not found, waiting...
demo.pcm not found, waiting...
demo.pcm not found, waiting...
demo.pcm not found, waiting...
demo.pcm not found, waiting...
demo.pcm not found, waiting...
demo.pcm not found, waiting...
demo.pcm not found, waiting...
demo.pcm not found, waiting...
demo.pcm not found, waiting...
demo.pcm not found, waiting...
demo.pcm not found, waiting...
demo.pcm not found, waiting...
demo.pcm not found, waiting...
demo.pcm not found, waiting...
demo.pcm not found, waiting...
demo.pcm not found, waiting...
demo.pcm not found, waiting...
demo.pcm not found, waiting...
demo.pcm not found, waiting...
demo.pcm not found, waiting...
demo.pcm not found, waiting...
demo.pcm not found, waiting...
demo.pcm not found, waiting...
demo.pcm not found, waiting...
demo.pcm not found, waiting...
demo.pcm not found, waiting...
demo.pcm not found, waiting...
demo.pcm not found, waiting...
demo.pcm not found, waiting...
demo.pcm not found, waiting...
demo.pcm not found, waiting...
demo.pcm not found, waiting...
demo.pcm not found, waiting...
demo.pcm not found, waiting...
demo.pcm not found, waiting...
demo.pcm not found, waiting...
demo.pcm not found, waiting...
demo.pcm not found, waiting...
demo.pcm not found, waiting...
demo.pcm not found, waiting...
demo.pcm not found, waiting...
demo.pcm not found, waiting...
demo.pcm not found, waiting...
demo.pcm not found, waiting...
demo.pcm not found, waiting...
demo.pcm not found, waiting...
demo.pcm not found, waiting...
demo.pcm not found, waiting...
demo.pcm not found, waiting...
demo.pcm not found, waiting...
demo.pcm not found, waiting...
demo.pcm not found, waiting...
demo.pcm not found, waiting...
demo.pcm not found, waiting...
demo.pcm not found, waiting...
demo.pcm not found, waiting...
demo.pcm not found, waiting...
demo.pcm not found, waiting...
demo.pcm not found, waiting...
demo.pcm not found, waiting...
demo.pcm not found, waiting...
demo.pcm not found, waiting...
demo.pcm not found, waiting...
demo.pcm not found, waiting...
demo.pcm not found, waiting...
demo.pcm not found, waiting...
demo.pcm not found, waiting...
demo.pcm not found, waiting...
demo.pcm not found, waiting...
demo.pcm not found, waiting...
demo.pcm not found, waiting...
demo.pcm not found, waiting...
demo.pcm not found, waiting...
demo.pcm not found, waiting...
demo.pcm not found, waiting...
demo.pcm not found, waiting...
demo.pcm not found, waiting...
demo.pcm not found, waiting...
demo.pcm not found, waiting...
demo.pcm not found, waiting...
demo.pcm not found, waiting...
demo.pcm not found, waiting...
demo.pcm not found, waiting...
demo.pcm not found, waiting...
demo.pcm not found, waiting...
demo.pcm not found, waiting...
demo.pcm not found, waiting...
demo.pcm not found, waiting...
demo.pcm not found, waiting...
demo.pcm not found, waiting...
demo.pcm not found, waiting...
demo.pcm not found, waiting...
demo.pcm not found, waiting...
demo.pcm not found, waiting...
demo.pcm not found, waiting...
demo.pcm not found, waiting...
demo.pcm not found, waiting...
demo.pcm not found, waiting...
demo.pcm not found, waiting...
demo.pcm not found, waiting...
demo.pcm not found, waiting...
demo.pcm not found, waiting...
demo.pcm not found, waiting...
demo.pcm not found, waiting...
demo.pcm not found, waiting...
demo.pcm not found, waiting...
demo.pcm not found, waiting...
demo.pcm not found, waiting...
demo.pcm not found, waiting...
demo.pcm not found, waiting...
demo.pcm not found, waiting...
demo.pcm not found, waiting...
demo.pcm not found, waiting...
demo.pcm not found, waiting...
demo.pcm not found, waiting...
demo.pcm not found, waiting...
demo.pcm not found, waiting...
demo.pcm not found, waiting...
demo.pcm not found, waiting...
demo.pcm not found, waiting...
demo.pcm not found, waiting...
demo.pcm not found, waiting...
demo.pcm not found, waiting...
demo.pcm not found, waiting...
demo.pcm not found, waiting...
demo.pcm not found, waiting...
demo.pcm not found, waiting...
demo.pcm not found, waiting...
demo.pcm not found, waiting...
demo.pcm not found, waiting...
demo.pcm not found, waiting...
demo.pcm not found, waiting...
demo.pcm not found, waiting...
demo.pcm not found, waiting...
demo.pcm not found, waiting...
demo.pcm not found, waiting...
demo.pcm not found, waiting...
demo.pcm not found, waiting...
demo.pcm not found, waiting...
demo.pcm not found, waiting...
demo.pcm not found, waiting...
demo.pcm not found, waiting...
demo.pcm not found, waiting...
demo.pcm not found, waiting...
demo.pcm not found, waiting...
demo.pcm not found, waiting...
demo.pcm not found, waiting...
demo.pcm not found, waiting...
demo.pcm not found, waiting...
demo.pcm not found, waiting...
demo.pcm not found, waiting...
demo.pcm not found, waiting...
demo.pcm not found, waiting...
demo.pcm not found, waiting...
demo.pcm not found, waiting...
demo.pcm not found, waiting...
demo.pcm not found, waiting...
demo.pcm not found, waiting...
demo.pcm not found, waiting...
demo.pcm not found, waiting...
demo.pcm not found, waiting...
demo.pcm not found, waiting...
demo.pcm not found, waiting...
demo.pcm not found, waiting...
demo.pcm not found, waiting...
demo.pcm not found, waiting...
demo.pcm not found, waiting...
demo.pcm not found, waiting...
demo.pcm not found, waiting...
demo.pcm not found, waiting...
demo.pcm not found, waiting...
demo.pcm not found, waiting...
demo.pcm not found, waiting...
demo.pcm not found, waiting...
demo.pcm not found, waiting...
demo.pcm not found, waiting...
demo.pcm not found, waiting...
demo.pcm not found, waiting...
demo.pcm not found, waiting...
demo.pcm not found, waiting...
demo.pcm not found, waiting...
demo.pcm not found, waiting...
demo.pcm not found, waiting...
demo.pcm not found, waiting...
demo.pcm not found, waiting...
demo.pcm not found, waiting...
demo.pcm not found, waiting...
demo.pcm not found, waiting...
demo.pcm not found, waiting...
demo.pcm not found, waiting...
demo.pcm not found, waiting...
demo.pcm not found, waiting...
demo.pcm not found, waiting...
demo.pcm not found, waiting...
demo.pcm not found, waiting...
demo.pcm not found, waiting...
demo.pcm not found, waiting...
demo.pcm not found, waiting...
demo.pcm not found, waiting...
demo.pcm not found, waiting...
demo.pcm not found, waiting...
demo.pcm not found, waiting...
demo.pcm not found, waiting...
demo.pcm not found, waiting...
demo.pcm not found, waiting...
demo.pcm not found, waiting...
demo.pcm not found, waiting...
demo.pcm not found, waiting...
demo.pcm not found, waiting...
demo.pcm not found, waiting...
demo.pcm not found, waiting...
demo.pcm not found, waiting...
demo.pcm not found, waiting...
demo.pcm not found, waiting...
demo.pcm not found, waiting...
demo.pcm not found, waiting...
demo.pcm not found, waiting...
demo.pcm not found, waiting...
demo.pcm not found, waiting...
demo.pcm not found, waiting...
demo.pcm not found, waiting...
demo.pcm not found, waiting...
demo.pcm not found, waiting...
demo.pcm not found, waiting...
demo.pcm not found, waiting...
demo.pcm not found, waiting...
demo.pcm not found, waiting...
demo.pcm not found, waiting...
demo.pcm not found, waiting...
demo.pcm not found, waiting...
demo.pcm not found, waiting...
demo.pcm not found, waiting...
demo.pcm not found, waiting...
demo.pcm not found, waiting...
demo.pcm not found, waiting...
demo.pcm not found, waiting...
demo.pcm not found, waiting...
demo.pcm not found, waiting...
demo.pcm not found, waiting...
demo.pcm not found, waiting...
demo.pcm not found, waiting...
demo.pcm not found, waiting...
demo.pcm not found, waiting...
demo.pcm not found, waiting...
demo.pcm not found, waiting...
demo.pcm not found, waiting...
demo.pcm not found, waiting...
demo.pcm not found, waiting...
demo.pcm not found, waiting...
demo.pcm not found, waiting...
demo.pcm not found, waiting...
demo.pcm not found, waiting...
demo.pcm not found, waiting...
demo.pcm not found, waiting...
demo.pcm not found, waiting...
demo.pcm not found, waiting...
demo.pcm not found, waiting...
demo.pcm not found, waiting...
demo.pcm not found, waiting...
demo.pcm not found, waiting...
demo.pcm not found, waiting...
demo.pcm not found, waiting...
demo.pcm not found, waiting...
demo.pcm not found, waiting...
demo.pcm not found, waiting...
demo.pcm not found, waiting...
demo.pcm not found, waiting...
demo.pcm not found, waiting...
demo.pcm not found, waiting...
demo.pcm not found, waiting...
demo.pcm not found, waiting...
demo.pcm not found, waiting...
demo.pcm not found, waiting...
demo.pcm not found, waiting...
demo.pcm not found, waiting...
demo.pcm not found, waiting...
demo.pcm not found, waiting...
demo.pcm not found, waiting...
demo.pcm not found, waiting...
demo.pcm not found, waiting...
demo.pcm not found, waiting...
demo.pcm not found, waiting...
demo.pcm not found, waiting...
demo.pcm not found, waiting...
demo.pcm not found, waiting...
demo.pcm not found, waiting...
demo.pcm not found, waiting...
demo.pcm not found, waiting...
demo.pcm not found, waiting...
demo.pcm not found, waiting...
demo.pcm not found, waiting...
demo.pcm not found, waiting...
demo.pcm not found, waiting...
demo.pcm not found, waiting...
demo.pcm not found, waiting...
demo.pcm not found, waiting...
demo.pcm not found, waiting...
demo.pcm not found, waiting...
demo.pcm not found, waiting...
demo.pcm not found, waiting...
demo.pcm not found, waiting...
demo.pcm not found, waiting...
demo.pcm not found, waiting...
demo.pcm not found, waiting...
demo.pcm not found, waiting...
demo.pcm not found, waiting...
demo.pcm not found, waiting...
demo.pcm not found, waiting...
demo.pcm not found, waiting...
demo.pcm not found, waiting...
demo.pcm not found, waiting...
demo.pcm not found, waiting...
demo.pcm not found, waiting...
demo.pcm not found, waiting...
demo.pcm not found, waiting...
demo.pcm not found, waiting...
demo.pcm not found, waiting...
demo.pcm not found, waiting...
demo.pcm not found, waiting...
demo.pcm not found, waiting...
demo.pcm not found, waiting...
demo.pcm not found, waiting...
demo.pcm not found, waiting...
demo.pcm not found, waiting...
demo.pcm not found, waiting...
demo.pcm not found, waiting...
demo.pcm not found, waiting...
demo.pcm not found, waiting...
demo.pcm not found, waiting...
demo.pcm not found, waiting...
demo.pcm not found, waiting...
demo.pcm not found, waiting...
demo.pcm not found, waiting...
demo.pcm not found, waiting...
demo.pcm not found, waiting...
demo.pcm not found, waiting...
demo.pcm not found, waiting...
demo.pcm not found, waiting...
demo.pcm not found, waiting...
demo.pcm not found, waiting...
demo.pcm not found, waiting...
demo.pcm not found, waiting...
demo.pcm not found, waiting...
demo.pcm not found, waiting...
demo.pcm not found, waiting...
demo.pcm not found, waiting...
demo.pcm not found, waiting...
demo.pcm not found, waiting...
demo.pcm not found, waiting...
demo.pcm not found, waiting...
demo.pcm not found, waiting...
demo.pcm not found, waiting...
demo.pcm not found, waiting...
demo.pcm not found, waiting...
demo.pcm not found, waiting...
demo.pcm not found, waiting...
demo.pcm not found, waiting...
demo.pcm not found, waiting...
demo.pcm not found, waiting...
demo.pcm not found, waiting...
demo.pcm not found, waiting...
demo.pcm not found, waiting...
demo.pcm not found, waiting...
demo.pcm not found, waiting...
demo.pcm not found, waiting...
demo.pcm not found, waiting...
demo.pcm not found, waiting...
demo.pcm not found, waiting...
demo.pcm not found, waiting...
demo.pcm not found, waiting...
demo.pcm not found, waiting...
demo.pcm not found, waiting...
demo.pcm not found, waiting...
demo.pcm not found, waiting...
demo.pcm not found, waiting...
demo.pcm not found, waiting...
demo.pcm not found, waiting...
demo.pcm not found, waiting...
demo.pcm not found, waiting...
demo.pcm not found, waiting...
demo.pcm not found, waiting...
demo.pcm not found, waiting...
demo.pcm not found, waiting...
demo.pcm not found, waiting...
demo.pcm not found, waiting...
demo.pcm not found, waiting...
demo.pcm not found, waiting...
demo.pcm not found, waiting...
demo.pcm not found, waiting...
demo.pcm not found, waiting...
demo.pcm not found, waiting...
demo.pcm not found, waiting...
demo.pcm not found, waiting...
demo.pcm not found, waiting...
demo.pcm not found, waiting...
demo.pcm not found, waiting...
demo.pcm not found, waiting...
demo.pcm not found, waiting...
demo.pcm not found, waiting...
demo.pcm not found, waiting...
demo.pcm not found, waiting...
demo.pcm not found, waiting...
demo.pcm not found, waiting...
demo.pcm not found, waiting...
demo.pcm not found, waiting...
demo.pcm not found, waiting...
demo.pcm not found, waiting...
demo.pcm not found, waiting...
demo.pcm not found, waiting...
demo.pcm not found, waiting...
demo.pcm not found, waiting...
demo.pcm not found, waiting...
demo.pcm not found, waiting...
demo.pcm not found, waiting...
demo.pcm not found, waiting...
demo.pcm not found, waiting...
demo.pcm not found, waiting...
demo.pcm not found, waiting...
demo.pcm not found, waiting...
demo.pcm not found, waiting...
demo.pcm not found, waiting...
demo.pcm not found, waiting...
demo.pcm not found, waiting...
demo.pcm not found, waiting...
demo.pcm not found, waiting...
demo.pcm not found, waiting...
demo.pcm not found, waiting...
demo.pcm not found, waiting...
demo.pcm not found, waiting...
demo.pcm not found, waiting...
demo.pcm not found, waiting...
demo.pcm not found, waiting...
demo.pcm not found, waiting...
demo.pcm not found, waiting...
demo.pcm not found, waiting...
demo.pcm not found, waiting...
demo.pcm not found, waiting...
demo.pcm not found, waiting...
demo.pcm not found, waiting...
demo.pcm not found, waiting...
demo.pcm not found, waiting...
demo.pcm not found, waiting...
demo.pcm not found, waiting...
demo.pcm not found, waiting...
demo.pcm not found, waiting...
demo.pcm not found, waiting...
demo.pcm not found, waiting...
demo.pcm not found, waiting...
demo.pcm not found, waiting...
demo.pcm not found, waiting...
demo.pcm not found, waiting...
demo.pcm not found, waiting...
demo.pcm not found, waiting...
demo.pcm not found, waiting...
demo.pcm not found, waiting...
demo.pcm not found, waiting...
demo.pcm not found, waiting...
demo.pcm not found, waiting...
demo.pcm not found, waiting...
demo.pcm not found, waiting...
demo.pcm not found, waiting...
demo.pcm not found, waiting...
demo.pcm not found, waiting...
demo.pcm not found, waiting...
demo.pcm not found, waiting...
demo.pcm not found, waiting...
demo.pcm not found, waiting...
demo.pcm not found, waiting...
demo.pcm not found, waiting...
demo.pcm not found, waiting...
demo.pcm not found, waiting...
demo.pcm not found, waiting...
demo.pcm not found, waiting...
demo.pcm not found, waiting...
demo.pcm not found, waiting...
demo.pcm not found, waiting...
demo.pcm not found, waiting...
demo.pcm not found, waiting...
demo.pcm not found, waiting...
demo.pcm not found, waiting...
demo.pcm not found, waiting...
demo.pcm not found, waiting...
demo.pcm not found, waiting...
demo.pcm not found, waiting...
demo.pcm not found, waiting...
demo.pcm not found, waiting...
demo.pcm not found, waiting...
demo.pcm not found, waiting...
demo.pcm not found, waiting...
demo.pcm not found, waiting...
demo.pcm not found, waiting...
demo.pcm not found, waiting...
demo.pcm not found, waiting...
demo.pcm not found, waiting...
demo.pcm not found, waiting...
demo.pcm not found, waiting...
demo.pcm not found, waiting...
demo.pcm not found, waiting...
demo.pcm not found, waiting...
demo.pcm not found, waiting...
demo.pcm not found, waiting...
demo.pcm not found, waiting...
demo.pcm not found, waiting...
demo.pcm not found, waiting...
demo.pcm not found, waiting...
demo.pcm not found, waiting...
demo.pcm not found, waiting...
demo.pcm not found, waiting...
demo.pcm not found, waiting...
demo.pcm not found, waiting...
demo.pcm not found, waiting...
demo.pcm not found, waiting...
demo.pcm not found, waiting...
demo.pcm not found, waiting...
demo.pcm not found, waiting...
demo.pcm not found, waiting...
demo.pcm not found, waiting...
demo.pcm not found, waiting...
demo.pcm not found, waiting...
demo.pcm not found, waiting...
demo.pcm not found, waiting...
demo.pcm not found, waiting...
demo.pcm not found, waiting...
demo.pcm not found, waiting...
demo.pcm not found, waiting...
demo.pcm not found, waiting...
demo.pcm not found, waiting...
demo.pcm not found, waiting...
demo.pcm not found, waiting...
demo.pcm not found, waiting...
demo.pcm not found, waiting...
demo.pcm not found, waiting...
demo.pcm not found, waiting...
demo.pcm not found, waiting...
demo.pcm not found, waiting...
demo.pcm not found, waiting...
demo.pcm not found, waiting...
demo.pcm not found, waiting...
demo.pcm not found, waiting...
demo.pcm not found, waiting...
demo.pcm not found, waiting...
demo.pcm not found, waiting...
demo.pcm not found, waiting...
demo.pcm not found, waiting...
demo.pcm not found, waiting...
demo.pcm not found, waiting...
demo.pcm not found, waiting...
demo.pcm not found, waiting...
demo.pcm not found, waiting...
demo.pcm not found, waiting...
demo.pcm not found, waiting...
demo.pcm not found, waiting...
demo.pcm not found, waiting...
demo.pcm not found, waiting...
demo.pcm not found, waiting...
demo.pcm not found, waiting...
demo.pcm not found, waiting...
demo.pcm not found, waiting...
demo.pcm not found, waiting...
demo.pcm not found, waiting...
demo.pcm not found, waiting...
demo.pcm not found, waiting...
demo.pcm not found, waiting...
demo.pcm not found, waiting...
demo.pcm not found, waiting...
demo.pcm not found, waiting...
demo.pcm not found, waiting...
demo.pcm not found, waiting...
demo.pcm not found, waiting...
demo.pcm not found, waiting...
demo.pcm not found, waiting...
demo.pcm not found, waiting...
demo.pcm not found, waiting...
demo.pcm not found, waiting...
demo.pcm not found, waiting...
demo.pcm not found, waiting...
demo.pcm not found, waiting...
demo.pcm not found, waiting...
demo.pcm not found, waiting...
demo.pcm not found, waiting...
demo.pcm not found, waiting...
demo.pcm not found, waiting...
demo.pcm not found, waiting...
demo.pcm not found, waiting...
demo.pcm not found, waiting...
demo.pcm not found, waiting...
demo.pcm not found, waiting...
demo.pcm not found, waiting...
demo.pcm not found, waiting...
demo.pcm not found, waiting...
demo.pcm not found, waiting...
demo.pcm not found, waiting...
demo.pcm not found, waiting...
demo.pcm not found, waiting...
demo.pcm not found, waiting...
demo.pcm not found, waiting...
demo.pcm not found, waiting...
demo.pcm not found, waiting...
demo.pcm not found, waiting...
demo.pcm not found, waiting...
demo.pcm not found, waiting...
demo.pcm not found, waiting...
demo.pcm not found, waiting...
demo.pcm not found, waiting...
demo.pcm not found, waiting...
demo.pcm not found, waiting...
demo.pcm not found, waiting...
demo.pcm not found, waiting...
demo.pcm not found, waiting...
demo.pcm not found, waiting...
demo.pcm not found, waiting...
demo.pcm not found, waiting...
demo.pcm not found, waiting...
demo.pcm not found, waiting...
demo.pcm not found, waiting...
demo.pcm not found, waiting...
demo.pcm not found, waiting...
demo.pcm not found, waiting...
demo.pcm not found, waiting...
demo.pcm not found, waiting...
demo.pcm not found, waiting...
demo.pcm not found, waiting...
demo.pcm not found, waiting...
demo.pcm not found, waiting...
demo.pcm not found, waiting...
demo.pcm not found, waiting...
demo.pcm not found, waiting...
demo.pcm not found, waiting...
demo.pcm not found, waiting...
demo.pcm not found, waiting...
demo.pcm not found, waiting...
demo.pcm not found, waiting...
demo.pcm not found, waiting...
demo.pcm not found, waiting...
demo.pcm not found, waiting...
demo.pcm not found, waiting...
demo.pcm not found, waiting...
demo.pcm not found, waiting...
demo.pcm not found, waiting...
demo.pcm not found, waiting...
demo.pcm not found, waiting...
demo.pcm not found, waiting...
demo.pcm not found, waiting...
demo.pcm not found, waiting...
demo.pcm not found, waiting...
demo.pcm not found, waiting...
demo.pcm not found, waiting...
demo.pcm not found, waiting...
demo.pcm not found, waiting...
demo.pcm not found, waiting...
demo.pcm not found, waiting...
demo.pcm not found, waiting...
demo.pcm not found, waiting...
demo.pcm not found, waiting...
demo.pcm not found, waiting...
demo.pcm not found, waiting...
demo.pcm not found, waiting...
demo.pcm not found, waiting...
demo.pcm not found, waiting...
demo.pcm not found, waiting...
demo.pcm not found, waiting...
demo.pcm not found, waiting...
demo.pcm not found, waiting...
demo.pcm not found, waiting...
demo.pcm not found, waiting...
demo.pcm not found, waiting...
demo.pcm not found, waiting...
demo.pcm not found, waiting...
demo.pcm not found, waiting...
demo.pcm not found, waiting...
demo.pcm not found, waiting...
demo.pcm not found, waiting...
demo.pcm not found, waiting...
demo.pcm not found, waiting...
demo.pcm not found, waiting...
demo.pcm not found, waiting...
demo.pcm not found, waiting...
demo.pcm not found, waiting...
demo.pcm not found, waiting...
demo.pcm not found, waiting...
demo.pcm not found, waiting...
demo.pcm not found, waiting...
demo.pcm not found, waiting...
demo.pcm not found, waiting...
demo.pcm not found, waiting...
demo.pcm not found, waiting...
demo.pcm not found, waiting...
demo.pcm not found, waiting...
demo.pcm not found, waiting...
demo.pcm not found, waiting...
demo.pcm not found, waiting...
demo.pcm not found, waiting...
demo.pcm not found, waiting...
demo.pcm not found, waiting...
demo.pcm not found, waiting...
demo.pcm not found, waiting...
demo.pcm not found, waiting...
demo.pcm not found, waiting...
demo.pcm not found, waiting...
demo.pcm not found, waiting...
demo.pcm not found, waiting...
demo.pcm not found, waiting...
demo.pcm not found, waiting...
demo.pcm not found, waiting...
demo.pcm not found, waiting...
demo.pcm not found, waiting...
demo.pcm not found, waiting...
demo.pcm not found, waiting...
demo.pcm not found, waiting...
demo.pcm not found, waiting...
demo.pcm not found, waiting...
demo.pcm not found, waiting...
demo.pcm not found, waiting...
demo.pcm not found, waiting...
demo.pcm not found, waiting...
demo.pcm not found, waiting...
demo.pcm not found, waiting...
demo.pcm not found, waiting...
demo.pcm not found, waiting...
demo.pcm not found, waiting...
demo.pcm not found, waiting...
demo.pcm not found, waiting...
demo.pcm not found, waiting...
demo.pcm not found, waiting...
demo.pcm not found, waiting...
demo.pcm not found, waiting...
demo.pcm not found, waiting...
demo.pcm not found, waiting...
demo.pcm not found, waiting...
demo.pcm not found, waiting...
demo.pcm not found, waiting...
demo.pcm not found, waiting...
demo.pcm not found, waiting...
demo.pcm not found, waiting...
demo.pcm not found, waiting...
demo.pcm not found, waiting...
demo.pcm not found, waiting...
demo.pcm not found, waiting...
demo.pcm not found, waiting...
demo.pcm not found, waiting...
demo.pcm not found, waiting...
demo.pcm not found, waiting...
demo.pcm not found, waiting...
demo.pcm not found, waiting...
demo.pcm not found, waiting...
demo.pcm not found, waiting...
demo.pcm not found, waiting...
demo.pcm not found, waiting...
demo.pcm not found, waiting...
demo.pcm not found, waiting...
demo.pcm not found, waiting...
demo.pcm not found, waiting...
demo.pcm not found, waiting...
demo.pcm not found, waiting...
demo.pcm not found, waiting...
demo.pcm not found, waiting...
demo.pcm not found, waiting...
demo.pcm not found, waiting...
demo.pcm not found, waiting...
demo.pcm not found, waiting...
demo.pcm not found, waiting...
demo.pcm not found, waiting...
demo.pcm not found, waiting...
demo.pcm not found, waiting...
demo.pcm not found, waiting...
demo.pcm not found, waiting...
demo.pcm not found, waiting...
demo.pcm not found, waiting...
demo.pcm not found, waiting...
demo.pcm not found, waiting...
demo.pcm not found, waiting...
demo.pcm not found, waiting...
demo.pcm not found, waiting...
demo.pcm not found, waiting...
demo.pcm not found, waiting...
demo.pcm not found, waiting...
demo.pcm not found, waiting...
demo.pcm not found, waiting...
demo.pcm not found, waiting...
demo.pcm not found, waiting...
demo.pcm not found, waiting...
demo.pcm not found, waiting...
demo.pcm not found, waiting...
demo.pcm not found, waiting...
demo.pcm not found, waiting...
demo.pcm not found, waiting...
demo.pcm not found, waiting...
demo.pcm not found, waiting...
demo.pcm not found, waiting...
demo.pcm not found, waiting...
demo.pcm not found, waiting...
demo.pcm not found, waiting...
demo.pcm not found, waiting...
demo.pcm not found, waiting...
demo.pcm not found, waiting...
demo.pcm not found, waiting...
demo.pcm not found, waiting...
demo.pcm not found, waiting...
demo.pcm not found, waiting...
demo.pcm not found, waiting...
demo.pcm not found, waiting...
demo.pcm not found, waiting...
demo.pcm not found, waiting...
demo.pcm not found, waiting...
demo.pcm not found, waiting...
demo.pcm not found, waiting...
demo.pcm not found, waiting...
demo.pcm not found, waiting...
demo.pcm not found, waiting...
demo.pcm not found, waiting...
demo.pcm not found, waiting...
demo.pcm not found, waiting...
demo.pcm not found, waiting...
demo.pcm not found, waiting...
demo.pcm not found, waiting...
demo.pcm not found, waiting...
demo.pcm not found, waiting...
demo.pcm not found, waiting...
demo.pcm not found, waiting...
demo.pcm not found, waiting...
demo.pcm not found, waiting...
demo.pcm not found, waiting...
demo.pcm not found, waiting...
demo.pcm not found, waiting...
demo.pcm not found, waiting...
demo.pcm not found, waiting...
demo.pcm not found, waiting...
demo.pcm not found, waiting...
demo.pcm not found, waiting...
demo.pcm not found, waiting...
demo.pcm not found, waiting...
demo.pcm not found, waiting...
demo.pcm not found, waiting...
demo.pcm not found, waiting...
demo.pcm not found, waiting...
demo.pcm not found, waiting...
demo.pcm not found, waiting...
demo.pcm not found, waiting...
demo.pcm not found, waiting...
demo.pcm not found, waiting...
demo.pcm not found, waiting...
demo.pcm not found, waiting...
demo.pcm not found, waiting...
demo.pcm not found, waiting...
demo.pcm not found, waiting...
demo.pcm not found, waiting...
demo.pcm not found, waiting...
demo.pcm not found, waiting...
demo.pcm not found, waiting...
demo.pcm not found, waiting...
demo.pcm not found, waiting...
demo.pcm not found, waiting...
demo.pcm not found, waiting...
demo.pcm not found, waiting...
demo.pcm not found, waiting...
demo.pcm not found, waiting...
demo.pcm not found, waiting...
demo.pcm not found, waiting...
demo.pcm not found, waiting...
demo.pcm not found, waiting...
demo.pcm not found, waiting...
demo.pcm not found, waiting...
demo.pcm not found, waiting...
demo.pcm not found, waiting...
demo.pcm not found, waiting...
demo.pcm not found, waiting...
demo.pcm not found, waiting...
demo.pcm not found, waiting...
demo.pcm not found, waiting...
demo.pcm not found, waiting...
demo.pcm not found, waiting...
demo.pcm not found, waiting...
demo.pcm not found, waiting...
demo.pcm not found, waiting...
demo.pcm not found, waiting...
demo.pcm not found, waiting...
demo.pcm not found, waiting...
demo.pcm not found, waiting...
demo.pcm not found, waiting...
demo.pcm not found, waiting...
demo.pcm not found, waiting...
demo.pcm not found, waiting...
demo.pcm not found, waiting...
demo.pcm not found, waiting...
demo.pcm not found, waiting...
demo.pcm not found, waiting...
demo.pcm not found, waiting...
demo.pcm not found, waiting...
demo.pcm not found, waiting...
demo.pcm not found, waiting...
demo.pcm not found, waiting...
demo.pcm not found, waiting...
demo.pcm not found, waiting...
demo.pcm not found, waiting...
demo.pcm not found, waiting...
demo.pcm not found, waiting...
demo.pcm not found, waiting...
demo.pcm not found, waiting...
demo.pcm not found, waiting...
demo.pcm not found, waiting...
demo.pcm not found, waiting...
demo.pcm not found, waiting...
demo.pcm not found, waiting...
demo.pcm not found, waiting...
demo.pcm not found, waiting...
demo.pcm not found, waiting...
demo.pcm not found, waiting...
demo.pcm not found, waiting...
demo.pcm not found, waiting...
demo.pcm not found, waiting...
demo.pcm not found, waiting...
demo.pcm not found, waiting...
demo.pcm not found, waiting...
demo.pcm not found, waiting...
demo.pcm not found, waiting...
demo.pcm not found, waiting...
demo.pcm not found, waiting...
demo.pcm not found, waiting...
demo.pcm not found, waiting...
demo.pcm not found, waiting...
demo.pcm not found, waiting...
demo.pcm not found, waiting...
demo.pcm not found, waiting...
demo.pcm not found, waiting...
demo.pcm not found, waiting...
demo.pcm not found, waiting...
demo.pcm not found, waiting...
demo.pcm not found, waiting...
demo.pcm not found, waiting...
demo.pcm not found, waiting...
demo.pcm not found, waiting...
demo.pcm not found, waiting...
demo.pcm not found, waiting...
demo.pcm not found, waiting...
demo.pcm not found, waiting...
demo.pcm not found, waiting...
demo.pcm not found, waiting...
demo.pcm not found, waiting...
demo.pcm not found, waiting...
demo.pcm not found, waiting...
demo.pcm not found, waiting...
demo.pcm not found, waiting...
demo.pcm not found, waiting...
demo.pcm not found, waiting...
demo.pcm not found, waiting...
demo.pcm not found, waiting...
demo.pcm not found, waiting...
demo.pcm not found, waiting...
demo.pcm not found, waiting...
demo.pcm not found, waiting...
demo.pcm not found, waiting...
demo.pcm not found, waiting...
demo.pcm not found, waiting...
demo.pcm not found, waiting...
demo.pcm not found, waiting...
demo.pcm not found, waiting...
demo.pcm not found, waiting...
demo.pcm not found, waiting...
demo.pcm not found, waiting...
demo.pcm not found, waiting...
demo.pcm not found, waiting...
demo.pcm not found, waiting...
demo.pcm not found, waiting...
demo.pcm not found, waiting...
demo.pcm not found, waiting...
demo.pcm not found, waiting...
demo.pcm not found, waiting...
demo.pcm not found, waiting...
demo.pcm not found, waiting...
demo.pcm not found, waiting...
demo.pcm not found, waiting...
demo.pcm not found, waiting...
demo.pcm not found, waiting...
demo.pcm not found, waiting...
demo.pcm not found, waiting...
demo.pcm not found, waiting...
demo.pcm not found, waiting...
demo.pcm not found, waiting...
demo.pcm not found, waiting...
demo.pcm not found, waiting...
demo.pcm not found, waiting...
demo.pcm not found, waiting...
demo.pcm not found, waiting...
demo.pcm not found, waiting...
demo.pcm not found, waiting...
demo.pcm not found, waiting...
demo.pcm not found, waiting...
demo.pcm not found, waiting...
demo.pcm not found, waiting...
demo.pcm not found, waiting...
demo.pcm not found, waiting...
demo.pcm not found, waiting...
demo.pcm not found, waiting...
demo.pcm not found, waiting...
demo.pcm not found, waiting...
demo.pcm not found, waiting...
demo.pcm not found, waiting...
demo.pcm not found, waiting...
demo.pcm not found, waiting...
demo.pcm not found, waiting...
demo.pcm not found, waiting...
demo.pcm not found, waiting...
demo.pcm not found, waiting...
demo.pcm not found, waiting...
demo.pcm not found, waiting...
demo.pcm not found, waiting...
demo.pcm not found, waiting...
demo.pcm not found, waiting...
demo.pcm not found, waiting...
demo.pcm not found, waiting...
demo.pcm not found, waiting...
demo.pcm not found, waiting...
demo.pcm not found, waiting...
demo.pcm not found, waiting...
demo.pcm not found, waiting...
demo.pcm not found, waiting...
demo.pcm not found, waiting...
demo.pcm not found, waiting...
demo.pcm not found, waiting...
demo.pcm not found, waiting...
demo.pcm not found, waiting...
demo.pcm not found, waiting...
demo.pcm not found, waiting...
demo.pcm not found, waiting...
demo.pcm not found, waiting...
demo.pcm not found, waiting...
demo.pcm not found, waiting...
demo.pcm not found, waiting...
demo.pcm not found, waiting...
demo.pcm not found, waiting...
demo.pcm not found, waiting...
demo.pcm not found, waiting...
demo.pcm not found, waiting...
demo.pcm not found, waiting...
demo.pcm not found, waiting...
demo.pcm not found, waiting...
demo.pcm not found, waiting...
demo.pcm not found, waiting...
demo.pcm not found, waiting...
demo.pcm not found, waiting...
demo.pcm not found, waiting...
demo.pcm not found, waiting...
demo.pcm not found, waiting...
demo.pcm not found, waiting...
demo.pcm not found, waiting...
demo.pcm not found, waiting...
demo.pcm not found, waiting...
demo.pcm not found, waiting...
demo.pcm not found, waiting...
demo.pcm not found, waiting...
demo.pcm not found, waiting...
demo.pcm not found, waiting...
demo.pcm not found, waiting...
demo.pcm not found, waiting...
demo.pcm not found, waiting...
demo.pcm not found, waiting...
demo.pcm not found, waiting...
demo.pcm not found, waiting...
demo.pcm not found, waiting...
demo.pcm not found, waiting...
demo.pcm not found, waiting...
demo.pcm not found, waiting...
demo.pcm not found, waiting...
demo.pcm not found, waiting...
demo.pcm not found, waiting...
demo.pcm not found, waiting...
demo.pcm not found, waiting...
demo.pcm not found, waiting...
demo.pcm not found, waiting...
demo.pcm not found, waiting...
demo.pcm not found, waiting...
demo.pcm not found, waiting...
demo.pcm not found, waiting...
demo.pcm not found, waiting...
demo.pcm not found, waiting...
demo.pcm not found, waiting...
demo.pcm not found, waiting...
demo.pcm not found, waiting...
demo.pcm not found, waiting...
demo.pcm not found, waiting...
demo.pcm not found, waiting...
demo.pcm not found, waiting...
demo.pcm not found, waiting...
demo.pcm not found, waiting...
demo.pcm not found, waiting...
demo.pcm not found, waiting...
demo.pcm not found, waiting...
demo.pcm not found, waiting...
demo.pcm not found, waiting...
demo.pcm not found, waiting...
demo.pcm not found, waiting...
demo.pcm not found, waiting...
demo.pcm not found, waiting...
demo.pcm not found, waiting...
demo.pcm not found, waiting...
demo.pcm not found, waiting...
demo.pcm not found, waiting...
demo.pcm not found, waiting...
demo.pcm not found, waiting...
demo.pcm not found, waiting...
demo.pcm not found, waiting...
demo.pcm not found, waiting...
demo.pcm not found, waiting...
demo.pcm not found, waiting...
demo.pcm not found, waiting...
demo.pcm not found, waiting...
demo.pcm not found, waiting...
demo.pcm not found, waiting...
demo.pcm not found, waiting...
demo.pcm not found, waiting...
demo.pcm not found, waiting...
demo.pcm not found, waiting...
demo.pcm not found, waiting...
demo.pcm not found, waiting...
demo.pcm not found, waiting...
demo.pcm not found, waiting...
demo.pcm not found, waiting...
demo.pcm not found, waiting...
demo.pcm not found, waiting...
demo.pcm not found, waiting...
demo.pcm not found, waiting...
demo.pcm not found, waiting...
demo.pcm not found, waiting...
demo.pcm not found, waiting...
demo.pcm not found, waiting...
demo.pcm not found, waiting...
demo.pcm not found, waiting...
demo.pcm not found, waiting...
demo.pcm not found, waiting...
demo.pcm not found, waiting...
demo.pcm not found, waiting...
demo.pcm not found, waiting...
demo.pcm not found, waiting...
demo.pcm not found, waiting...
demo.pcm not found, waiting...
demo.pcm not found, waiting...
demo.pcm not found, waiting...
demo.pcm not found, waiting...
demo.pcm not found, waiting...
demo.pcm not found, waiting...
demo.pcm not found, waiting...
demo.pcm not found, waiting...
demo.pcm not found, waiting...
demo.pcm not found, waiting...
demo.pcm not found, waiting...
demo.pcm not found, waiting...
demo.pcm not found, waiting...
demo.pcm not found, waiting...
demo.pcm not found, waiting...
demo.pcm not found, waiting...
demo.pcm not found, waiting...
demo.pcm not found, waiting...
demo.pcm not found, waiting...
demo.pcm not found, waiting...
demo.pcm not found, waiting...
demo.pcm not found, waiting...
demo.pcm not found, waiting...
demo.pcm not found, waiting...
demo.pcm not found, waiting...
demo.pcm not found, waiting...
demo.pcm not found, waiting...
demo.pcm not found, waiting...
demo.pcm not found, waiting...
demo.pcm not found, waiting...
demo.pcm not found, waiting...
demo.pcm not found, waiting...
demo.pcm not found, waiting...
demo.pcm not found, waiting...
demo.pcm not found, waiting...
demo.pcm not found, waiting...
demo.pcm not found, waiting...
demo.pcm not found, waiting...
demo.pcm not found, waiting...
demo.pcm not found, waiting...
demo.pcm not found, waiting...
demo.pcm not found, waiting...
demo.pcm not found, waiting...
demo.pcm not found, waiting...
demo.pcm not found, waiting...
demo.pcm not found, waiting...
demo.pcm not found, waiting...
demo.pcm not found, waiting...
demo.pcm not found, waiting...
demo.pcm not found, waiting...
demo.pcm not found, waiting...
demo.pcm not found, waiting...
demo.pcm not found, waiting...
demo.pcm not found, waiting...
demo.pcm not found, waiting...
demo.pcm not found, waiting...
demo.pcm not found, waiting...
demo.pcm not found, waiting...
demo.pcm not found, waiting...
demo.pcm not found, waiting...
demo.pcm not found, waiting...
demo.pcm not found, waiting...
demo.pcm not found, waiting...
demo.pcm not found, waiting...
demo.pcm not found, waiting...
demo.pcm not found, waiting...
demo.pcm not found, waiting...
demo.pcm not found, waiting...
demo.pcm not found, waiting...
demo.pcm not found, waiting...
demo.pcm not found, waiting...
demo.pcm not found, waiting...
demo.pcm not found, waiting...
demo.pcm not found, waiting...
demo.pcm not found, waiting...
demo.pcm not found, waiting...
demo.pcm not found, waiting...
demo.pcm not found, waiting...
demo.pcm not found, waiting...
demo.pcm not found, waiting...
demo.pcm not found, waiting...
demo.pcm not found, waiting...
demo.pcm not found, waiting...
demo.pcm not found, waiting...
demo.pcm not found, waiting...
demo.pcm not found, waiting...
demo.pcm not found, waiting...
demo.pcm not found, waiting...
demo.pcm not found, waiting...
demo.pcm not found, waiting...
demo.pcm not found, waiting...
demo.pcm not found, waiting...
demo.pcm not found, waiting...
demo.pcm not found, waiting...
demo.pcm not found, waiting...
demo.pcm not found, waiting...
demo.pcm not found, waiting...
demo.pcm not found, waiting...
demo.pcm not found, waiting...
demo.pcm not found, waiting...
demo.pcm not found, waiting...
demo.pcm not found, waiting...
demo.pcm not found, waiting...
demo.pcm not found, waiting...
demo.pcm not found, waiting...
demo.pcm not found, waiting...
demo.pcm not found, waiting...
demo.pcm not found, waiting...
demo.pcm not found, waiting...
demo.pcm not found, waiting...
demo.pcm not found, waiting...
demo.pcm not found, waiting...
demo.pcm not found, waiting...
demo.pcm not found, waiting...
demo.pcm not found, waiting...
demo.pcm not found, waiting...
demo.pcm not found, waiting...
demo.pcm not found, waiting...
demo.pcm not found, waiting...
demo.pcm not found, waiting...
demo.pcm not found, waiting...
demo.pcm not found, waiting...
demo.pcm not found, waiting...
demo.pcm not found, waiting...
demo.pcm not found, waiting...
demo.pcm not found, waiting...
demo.pcm not found, waiting...
demo.pcm not found, waiting...
demo.pcm not found, waiting...
demo.pcm not found, waiting...
demo.pcm not found, waiting...
demo.pcm not found, waiting...
demo.pcm not found, waiting...
demo.pcm not found, waiting...
demo.pcm not found, waiting...
demo.pcm not found, waiting...
demo.pcm not found, waiting...
demo.pcm not found, waiting...
demo.pcm not found, waiting...
demo.pcm not found, waiting...
demo.pcm not found, waiting...
demo.pcm not found, waiting...
demo.pcm not found, waiting...
demo.pcm not found, waiting...
demo.pcm not found, waiting...
demo.pcm not found, waiting...
demo.pcm not found, waiting...
demo.pcm not found, waiting...
demo.pcm not found, waiting...
demo.pcm not found, waiting...
demo.pcm not found, waiting...
demo.pcm not found, waiting...
demo.pcm not found, waiting...
demo.pcm not found, waiting...
demo.pcm not found, waiting...
demo.pcm not found, waiting...
demo.pcm not found, waiting...
demo.pcm not found, waiting...
demo.pcm not found, waiting...
demo.pcm not found, waiting...
demo.pcm not found, waiting...
demo.pcm not found, waiting...
demo.pcm not found, waiting...
demo.pcm not found, waiting...
demo.pcm not found, waiting...
demo.pcm not found, waiting...
demo.pcm not found, waiting...
demo.pcm not found, waiting...
demo.pcm not found, waiting...
demo.pcm not found, waiting...
demo.pcm not found, waiting...
demo.pcm not found, waiting...
demo.pcm not found, waiting...
demo.pcm not found, waiting...
demo.pcm not found, waiting...
demo.pcm not found, waiting...
demo.pcm not found, waiting...
demo.pcm not found, waiting...
demo.pcm not found, waiting...
demo.pcm not found, waiting...
demo.pcm not found, waiting...
demo.pcm not found, waiting...
demo.pcm not found, waiting...
demo.pcm not found, waiting...
demo.pcm not found, waiting...
demo.pcm not found, waiting...
demo.pcm not found, waiting...
demo.pcm not found, waiting...
demo.pcm not found, waiting...
demo.pcm not found, waiting...
demo.pcm not found, waiting...
demo.pcm not found, waiting...
demo.pcm not found, waiting...
demo.pcm not found, waiting...
demo.pcm not found, waiting...
demo.pcm not found, waiting...
demo.pcm not found, waiting...
demo.pcm not found, waiting...
demo.pcm not found, waiting...
demo.pcm not found, waiting...
demo.pcm not found, waiting...
demo.pcm not found, waiting...
demo.pcm not found, waiting...
demo.pcm not found, waiting...
demo.pcm not found, waiting...
demo.pcm not found, waiting...
demo.pcm not found, waiting...
demo.pcm not found, waiting...
demo.pcm not found, waiting...
demo.pcm not found, waiting...
demo.pcm not found, waiting...
demo.pcm not found, waiting...
demo.pcm not found, waiting...
demo.pcm not found, waiting...
demo.pcm not found, waiting...
demo.pcm not found, waiting...
demo.pcm not found, waiting...
demo.pcm not found, waiting...
demo.pcm not found, waiting...
demo.pcm not found, waiting...
demo.pcm not found, waiting...
demo.pcm not found, waiting...
demo.pcm not found, waiting...
demo.pcm not found, waiting...
demo.pcm not found, waiting...
demo.pcm not found, waiting...
demo.pcm not found, waiting...
demo.pcm not found, waiting...
demo.pcm not found, waiting...
demo.pcm not found, waiting...
demo.pcm not found, waiting...
demo.pcm not found, waiting...
demo.pcm not found, waiting...
demo.pcm not found, waiting...
demo.pcm not found, waiting...
demo.pcm not found, waiting...
demo.pcm not found, waiting...
demo.pcm not found, waiting...
demo.pcm not found, waiting...
demo.pcm not found, waiting...
demo.pcm not found, waiting...
demo.pcm not found, waiting...
demo.pcm not found, waiting...
demo.pcm not found, waiting...
demo.pcm not found, waiting...
demo.pcm not found, waiting...
demo.pcm not found, waiting...
demo.pcm not found, waiting...
demo.pcm not found, waiting...
demo.pcm not found, waiting...
demo.pcm not found, waiting...
demo.pcm not found, waiting...
demo.pcm not found, waiting...
demo.pcm not found, waiting...
demo.pcm not found, waiting...
demo.pcm not found, waiting...
demo.pcm not found, waiting...
demo.pcm not found, waiting...
demo.pcm not found, waiting...
demo.pcm not found, waiting...
demo.pcm not found, waiting...
demo.pcm not found, waiting...
demo.pcm not found, waiting...
demo.pcm not found, waiting...
demo.pcm not found, waiting...
demo.pcm not found, waiting...
demo.pcm not found, waiting...
demo.pcm not found, waiting...
demo.pcm not found, waiting...
demo.pcm not found, waiting...
demo.pcm not found, waiting...
demo.pcm not found, waiting...
demo.pcm not found, waiting...
demo.pcm not found, waiting...
demo.pcm not found, waiting...
demo.pcm not found, waiting...
demo.pcm not found, waiting...
demo.pcm not found, waiting...
demo.pcm not found, waiting...
demo.pcm not found, waiting...
demo.pcm not found, waiting...
demo.pcm not found, waiting...
demo.pcm not found, waiting...
demo.pcm not found, waiting...
demo.pcm not found, waiting...
demo.pcm not found, waiting...
demo.pcm not found, waiting...
demo.pcm not found, waiting...
demo.pcm not found, waiting...
demo.pcm not found, waiting...
demo.pcm not found, waiting...
demo.pcm not found, waiting...
demo.pcm not found, waiting...
demo.pcm not found, waiting...
demo.pcm not found, waiting...
demo.pcm not found, waiting...
demo.pcm not found, waiting...
demo.pcm not found, waiting...
demo.pcm not found, waiting...
demo.pcm not found, waiting...
demo.pcm not found, waiting...
demo.pcm not found, waiting...
demo.pcm not found, waiting...
demo.pcm not found, waiting...
demo.pcm not found, waiting...
demo.pcm not found, waiting...
demo.pcm not found, waiting...
demo.pcm not found, waiting...
demo.pcm not found, waiting...
demo.pcm not found, waiting...
demo.pcm not found, waiting...
demo.pcm not found, waiting...
demo.pcm not found, waiting...
demo.pcm not found, waiting...
demo.pcm not found, waiting...
demo.pcm not found, waiting...
demo.pcm not found, waiting...
demo.pcm not found, waiting...
demo.pcm not found, waiting...
demo.pcm not found, waiting...
demo.pcm not found, waiting...
demo.pcm not found, waiting...
demo.pcm not found, waiting...
demo.pcm not found, waiting...
demo.pcm not found, waiting...
demo.pcm not found, waiting...
demo.pcm not found, waiting...
demo.pcm not found, waiting...
demo.pcm not found, waiting...
demo.pcm not found, waiting...
demo.pcm not found, waiting...
demo.pcm not found, waiting...
demo.pcm not found, waiting...
demo.pcm not found, waiting...
demo.pcm not found, waiting...
demo.pcm not found, waiting...
demo.pcm not found, waiting...
demo.pcm not found, waiting...
demo.pcm not found, waiting...
demo.pcm not found, waiting...
demo.pcm not found, waiting...
demo.pcm not found, waiting...
demo.pcm not found, waiting...
demo.pcm not found, waiting...
demo.pcm not found, waiting...
demo.pcm not found, waiting...
demo.pcm not found, waiting...
demo.pcm not found, waiting...
demo.pcm not found, waiting...
demo.pcm not found, waiting...
demo.pcm not found, waiting...
demo.pcm not found, waiting...
demo.pcm not found, waiting...
demo.pcm not found, waiting...
demo.pcm not found, waiting...
demo.pcm not found, waiting...
demo.pcm not found, waiting...
demo.pcm not found, waiting...
demo.pcm not found, waiting...
demo.pcm not found, waiting...
demo.pcm not found, waiting...
demo.pcm not found, waiting...
demo.pcm not found, waiting...
demo.pcm not found, waiting...
demo.pcm not found, waiting...
demo.pcm not found, waiting...
demo.pcm not found, waiting...
demo.pcm not found, waiting...
demo.pcm not found, waiting...
demo.pcm not found, waiting...
demo.pcm not found, waiting...
demo.pcm not found, waiting...
demo.pcm not found, waiting...
demo.pcm not found, waiting...
demo.pcm not found, waiting...
demo.pcm not found, waiting...
demo.pcm not found, waiting...
demo.pcm not found, waiting...
demo.pcm not found, waiting...
demo.pcm not found, waiting...
demo.pcm not found, waiting...
demo.pcm not found, waiting...
demo.pcm not found, waiting...
demo.pcm not found, waiting...
demo.pcm not found, waiting...
demo.pcm not found, waiting...
demo.pcm not found, waiting...
demo.pcm not found, waiting...
demo.pcm not found, waiting...
demo.pcm not found, waiting...
demo.pcm not found, waiting...
demo.pcm not found, waiting...
demo.pcm not found, waiting...
demo.pcm not found, waiting...
demo.pcm not found, waiting...
demo.pcm not found, waiting...
demo.pcm not found, waiting...
demo.pcm not found, waiting...
demo.pcm not found, waiting...
demo.pcm not found, waiting...
demo.pcm not found, waiting...
demo.pcm not found, waiting...
demo.pcm not found, waiting...
demo.pcm not found, waiting...
demo.pcm not found, waiting...
demo.pcm not found, waiting...
demo.pcm not found, waiting...
demo.pcm not found, waiting...
demo.pcm not found, waiting...
demo.pcm not found, waiting...
demo.pcm not found, waiting...
demo.pcm not found, waiting...
demo.pcm not found, waiting...
demo.pcm not found, waiting...
demo.pcm not found, waiting...
demo.pcm not found, waiting...
demo.pcm not found, waiting...
demo.pcm not found, waiting...
demo.pcm not found, waiting...
demo.pcm not found, waiting...
demo.pcm not found, waiting...
demo.pcm not found, waiting...
demo.pcm not found, waiting...
demo.pcm not found, waiting...
demo.pcm not found, waiting...
demo.pcm not found, waiting...
demo.pcm not found, waiting...
demo.pcm not found, waiting...
demo.pcm not found, waiting...
demo.pcm not found, waiting...
demo.pcm not found, waiting...
demo.pcm not found, waiting...
demo.pcm not found, waiting...
demo.pcm not found, waiting...
demo.pcm not found, waiting...
demo.pcm not found, waiting...
demo.pcm not found, waiting...
demo.pcm not found, waiting...
demo.pcm not found, waiting...
demo.pcm not found, waiting...
demo.pcm not found, waiting...
demo.pcm not found, waiting...
demo.pcm not found, waiting...
demo.pcm not found, waiting...
demo.pcm not found, waiting...
demo.pcm not found, waiting...
demo.pcm not found, waiting...
demo.pcm not found, waiting...
demo.pcm not found, waiting...
demo.pcm not found, waiting...
demo.pcm not found, waiting...
demo.pcm not found, waiting...
demo.pcm not found, waiting...
demo.pcm not found, waiting...
demo.pcm not found, waiting...
demo.pcm not found, waiting...
demo.pcm not found, waiting...
demo.pcm not found, waiting...
demo.pcm not found, waiting...
demo.pcm not found, waiting...
demo.pcm not found, waiting...
demo.pcm not found, waiting...
demo.pcm not found, waiting...
demo.pcm not found, waiting...
demo.pcm not found, waiting...
demo.pcm not found, waiting...
demo.pcm not found, waiting...
demo.pcm not found, waiting...
demo.pcm not found, waiting...
demo.pcm not found, waiting...
demo.pcm not found, waiting...
demo.pcm not found, waiting...
demo.pcm not found, waiting...
demo.pcm not found, waiting...
demo.pcm not found, waiting...
demo.pcm not found, waiting...
demo.pcm not found, waiting...
demo.pcm not found, waiting...
demo.pcm not found, waiting...
demo.pcm not found, waiting...
demo.pcm not found, waiting...
demo.pcm not found, waiting...
demo.pcm not found, waiting...
demo.pcm not found, waiting...
demo.pcm not found, waiting...
demo.pcm not found, waiting...
demo.pcm not found, waiting...
demo.pcm not found, waiting...
demo.pcm not found, waiting...
demo.pcm not found, waiting...
demo.pcm not found, waiting...
demo.pcm not found, waiting...
demo.pcm not found, waiting...
demo.pcm not found, waiting...
demo.pcm not found, waiting...
demo.pcm not found, waiting...
demo.pcm not found, waiting...
demo.pcm not found, waiting...
demo.pcm not found, waiting...
demo.pcm not found, waiting...
demo.pcm not found, waiting...
demo.pcm not found, waiting...
demo.pcm not found, waiting...
demo.pcm not found, waiting...
demo.pcm not found, waiting...
demo.pcm not found, waiting...
demo.pcm not found, waiting...
demo.pcm not found, waiting...
demo.pcm not found, waiting...
demo.pcm not found, waiting...
demo.pcm not found, waiting...
demo.pcm not found, waiting...
demo.pcm not found, waiting...
demo.pcm not found, waiting...
demo.pcm not found, waiting...
demo.pcm not found, waiting...
demo.pcm not found, waiting...
demo.pcm not found, waiting...
demo.pcm not found, waiting...
demo.pcm not found, waiting...
demo.pcm not found, waiting...
demo.pcm not found, waiting...
demo.pcm not found, waiting...
demo.pcm not found, waiting...
demo.pcm not found, waiting...
demo.pcm not found, waiting...
demo.pcm not found, waiting...
demo.pcm not found, waiting...
demo.pcm not found, waiting...
demo.pcm not found, waiting...
demo.pcm not found, waiting...
demo.pcm not found, waiting...
demo.pcm not found, waiting...
demo.pcm not found, waiting...
demo.pcm not found, waiting...
demo.pcm not found, waiting...
demo.pcm not found, waiting...
demo.pcm not found, waiting...
demo.pcm not found, waiting...
demo.pcm not found, waiting...
demo.pcm not found, waiting...
demo.pcm not found, waiting...
demo.pcm not found, waiting...
demo.pcm not found, waiting...
demo.pcm not found, waiting...
demo.pcm not found, waiting...
demo.pcm not found, waiting...
demo.pcm not found, waiting...
demo.pcm not found, waiting...
demo.pcm not found, waiting...
demo.pcm not found, waiting...
demo.pcm not found, waiting...
demo.pcm not found, waiting...
demo.pcm not found, waiting...
demo.pcm not found, waiting...
demo.pcm not found, waiting...
demo.pcm not found, waiting...
demo.pcm not found, waiting...
demo.pcm not found, waiting...
demo.pcm not found, waiting...
demo.pcm not found, waiting...
demo.pcm not found, waiting...
demo.pcm not found, waiting...
demo.pcm not found, waiting...
demo.pcm not found, waiting...
demo.pcm not found, waiting...
demo.pcm not found, waiting...
demo.pcm not found, waiting...
demo.pcm not found, waiting...
demo.pcm not found, waiting...
demo.pcm not found, waiting...
demo.pcm not found, waiting...
demo.pcm not found, waiting...
demo.pcm not found, waiting...
demo.pcm not found, waiting...
demo.pcm not found, waiting...
demo.pcm not found, waiting...
demo.pcm not found, waiting...
demo.pcm not found, waiting...
demo.pcm not found, waiting...
demo.pcm not found, waiting...
demo.pcm not found, waiting...
demo.pcm not found, waiting...
demo.pcm not found, waiting...
demo.pcm not found, waiting...
demo.pcm not found, waiting...
demo.pcm not found, waiting...
demo.pcm not found, waiting...
demo.pcm not found, waiting...
demo.pcm not found, waiting...
demo.pcm not found, waiting...
demo.pcm not found, waiting...
demo.pcm not found, waiting...
demo.pcm not found, waiting...
demo.pcm not found, waiting...
demo.pcm not found, waiting...
demo.pcm not found, waiting...
demo.pcm not found, waiting...
demo.pcm not found, waiting...
demo.pcm not found, waiting...
demo.pcm not found, waiting...
demo.pcm not found, waiting...
demo.pcm not found, waiting...
demo.pcm not found, waiting...
demo.pcm not found, waiting...
demo.pcm not found, waiting...
demo.pcm not found, waiting...
demo.pcm not found, waiting...
demo.pcm not found, waiting...
demo.pcm not found, waiting...
demo.pcm not found, waiting...
demo.pcm not found, waiting...
demo.pcm not found, waiting...
demo.pcm not found, waiting...
demo.pcm not found, waiting...
demo.pcm not found, waiting...
demo.pcm not found, waiting...
demo.pcm not found, waiting...
demo.pcm not found, waiting...
demo.pcm not found, waiting...
demo.pcm not found, waiting...
demo.pcm not found, waiting...
demo.pcm not found, waiting...
demo.pcm not found, waiting...
demo.pcm not found, waiting...
demo.pcm not found, waiting...
demo.pcm not found, waiting...
demo.pcm not found, waiting...
demo.pcm not found, waiting...
demo.pcm not found, waiting...
demo.pcm not found, waiting...
demo.pcm not found, waiting...
demo.pcm not found, waiting...
demo.pcm not found, waiting...
demo.pcm not found, waiting...
demo.pcm not found, waiting...
demo.pcm not found, waiting...
demo.pcm not found, waiting...
demo.pcm not found, waiting...
demo.pcm not found, waiting...
demo.pcm not found, waiting...
demo.pcm not found, waiting...
demo.pcm not found, waiting...
demo.pcm not found, waiting...
demo.pcm not found, waiting...
demo.pcm not found, waiting...
demo.pcm not found, waiting...
demo.pcm not found, waiting...
demo.pcm not found, waiting...
demo.pcm not found, waiting...
demo.pcm not found, waiting...
demo.pcm not found, waiting...
demo.pcm not found, waiting...
demo.pcm not found, waiting...
demo.pcm not found, waiting...
demo.pcm not found, waiting...
demo.pcm not found, waiting...
demo.pcm not found, waiting...
demo.pcm not found, waiting...
demo.pcm not found, waiting...
demo.pcm not found, waiting...
demo.pcm not found, waiting...
demo.pcm not found, waiting...
demo.pcm not found, waiting...
demo.pcm not found, waiting...
demo.pcm not found, waiting...
demo.pcm not found, waiting...
demo.pcm not found, waiting...
demo.pcm not found, waiting...
demo.pcm not found, waiting...
demo.pcm not found, waiting...
demo.pcm not found, waiting...
demo.pcm not found, waiting...
demo.pcm not found, waiting...
demo.pcm not found, waiting...
demo.pcm not found, waiting...
demo.pcm not found, waiting...
demo.pcm not found, waiting...
demo.pcm not found, waiting...
demo.pcm not found, waiting...
demo.pcm not found, waiting...
demo.pcm not found, waiting...
demo.pcm not found, waiting...
demo.pcm not found, waiting...
demo.pcm not found, waiting...
demo.pcm not found, waiting...
demo.pcm not found, waiting...
demo.pcm not found, waiting...
demo.pcm not found, waiting...
demo.pcm not found, waiting...
demo.pcm not found, waiting...
demo.pcm not found, waiting...
demo.pcm not found, waiting...
demo.pcm not found, waiting...
demo.pcm not found, waiting...
demo.pcm not found, waiting...
demo.pcm not found, waiting...
demo.pcm not found, waiting...
demo.pcm not found, waiting...
demo.pcm not found, waiting...
demo.pcm not found, waiting...
demo.pcm not found, waiting...
demo.pcm not found, waiting...
demo.pcm not found, waiting...
demo.pcm not found, waiting...
demo.pcm not found, waiting...
demo.pcm not found, waiting...
demo.pcm not found, waiting...
demo.pcm not found, waiting...
demo.pcm not found, waiting...
demo.pcm not found, waiting...
demo.pcm not found, waiting...
demo.pcm not found, waiting...
demo.pcm not found, waiting...
demo.pcm not found, waiting...
demo.pcm not found, waiting...
demo.pcm not found, waiting...
demo.pcm not found, waiting...
demo.pcm not found, waiting...
demo.pcm not found, waiting...
demo.pcm not found, waiting...
demo.pcm not found, waiting...
demo.pcm not found, waiting...
demo.pcm not found, waiting...
demo.pcm not found, waiting...
demo.pcm not found, waiting...
demo.pcm not found, waiting...
demo.pcm not found, waiting...
demo.pcm not found, waiting...
demo.pcm not found, waiting...
demo.pcm not found, waiting...
demo.pcm not found, waiting...
demo.pcm not found, waiting...
demo.pcm not found, waiting...
demo.pcm not found, waiting...
demo.pcm not found, waiting...
demo.pcm not found, waiting...
demo.pcm not found, waiting...
demo.pcm not found, waiting...
demo.pcm not found, waiting...
demo.pcm not found, waiting...
demo.pcm not found, waiting...
demo.pcm not found, waiting...
demo.pcm not found, waiting...
demo.pcm not found, waiting...
demo.pcm not found, waiting...
demo.pcm not found, waiting...
demo.pcm not found, waiting...
demo.pcm not found, waiting...
demo.pcm not found, waiting...
demo.pcm not found, waiting...
demo.pcm not found, waiting...
demo.pcm not found, waiting...
demo.pcm not found, waiting...
demo.pcm not found, waiting...
demo.pcm not found, waiting...
demo.pcm not found, waiting...
demo.pcm not found, waiting...
demo.pcm not found, waiting...
demo.pcm not found, waiting...
demo.pcm not found, waiting...
demo.pcm not found, waiting...
demo.pcm not found, waiting...
demo.pcm not found, waiting...
demo.pcm not found, waiting...
demo.pcm not found, waiting...
demo.pcm not found, waiting...
demo.pcm not found, waiting...
demo.pcm not found, waiting...
demo.pcm not found, waiting...
demo.pcm not found, waiting...
demo.pcm not found, waiting...
demo.pcm not found, waiting...
demo.pcm not found, waiting...
demo.pcm not found, waiting...
demo.pcm not found, waiting...
demo.pcm not found, waiting...
demo.pcm not found, waiting...
demo.pcm not found, waiting...
demo.pcm not found, waiting...
demo.pcm not found, waiting...
demo.pcm not found, waiting...
demo.pcm not found, waiting...
demo.pcm not found, waiting...
demo.pcm not found, waiting...
demo.pcm not found, waiting...
demo.pcm not found, waiting...
demo.pcm not found, waiting...
demo.pcm not found, waiting...
demo.pcm not found, waiting...
demo.pcm not found, waiting...
demo.pcm not found, waiting...
demo.pcm not found, waiting...
demo.pcm not found, waiting...
demo.pcm not found, waiting...
demo.pcm not found, waiting...
demo.pcm not found, waiting...
demo.pcm not found, waiting...
demo.pcm not found, waiting...
demo.pcm not found, waiting...
demo.pcm not found, waiting...
demo.pcm not found, waiting...
demo.pcm not found, waiting...
demo.pcm not found, waiting...
demo.pcm not found, waiting...
demo.pcm not found, waiting...
demo.pcm not found, waiting...
demo.pcm not found, waiting...
demo.pcm not found, waiting...
demo.pcm not found, waiting...
demo.pcm not found, waiting...
demo.pcm not found, waiting...
demo.pcm not found, waiting...
demo.pcm not found, waiting...
demo.pcm not found, waiting...
demo.pcm not found, waiting...
demo.pcm not found, waiting...
demo.pcm not found, waiting...
demo.pcm not found, waiting...
demo.pcm not found, waiting...
demo.pcm not found, waiting...
demo.pcm not found, waiting...
demo.pcm not found, waiting...
demo.pcm not found, waiting...
demo.pcm not found, waiting...
demo.pcm not found, waiting...
demo.pcm not found, waiting...
demo.pcm not found, waiting...
demo.pcm not found, waiting...
demo.pcm not found, waiting...
demo.pcm not found, waiting...
demo.pcm not found, waiting...
demo.pcm not found, waiting...
demo.pcm not found, waiting...
demo.pcm not found, waiting...
demo.pcm not found, waiting...
demo.pcm not found, waiting...
demo.pcm not found, waiting...
demo.pcm not found, waiting...
demo.pcm not found, waiting...
demo.pcm not found, waiting...
demo.pcm not found, waiting...
demo.pcm not found, waiting...
demo.pcm not found, waiting...
demo.pcm not found, waiting...
demo.pcm not found, waiting...
demo.pcm not found, waiting...
demo.pcm not found, waiting...
demo.pcm not found, waiting...
demo.pcm not found, waiting...
demo.pcm not found, waiting...
demo.pcm not found, waiting...
demo.pcm not found, waiting...
demo.pcm not found, waiting...
demo.pcm not found, waiting...
demo.pcm not found, waiting...
demo.pcm not found, waiting...
demo.pcm not found, waiting...
demo.pcm not found, waiting...
demo.pcm not found, waiting...
demo.pcm not found, waiting...
demo.pcm not found, waiting...
demo.pcm not found, waiting...
demo.pcm not found, waiting...
demo.pcm not found, waiting...
demo.pcm not found, waiting...
demo.pcm not found, waiting...
demo.pcm not found, waiting...
demo.pcm not found, waiting...
demo.pcm not found, waiting...
demo.pcm not found, waiting...
demo.pcm not found, waiting...
demo.pcm not found, waiting...
demo.pcm not found, waiting...
demo.pcm not found, waiting...
demo.pcm not found, waiting...
demo.pcm not found, waiting...
demo.pcm not found, waiting...
demo.pcm not found, waiting...
demo.pcm not found, waiting...
demo.pcm not found, waiting...
demo.pcm not found, waiting...
demo.pcm not found, waiting...
demo.pcm not found, waiting...
demo.pcm not found, waiting...
demo.pcm not found, waiting...
demo.pcm not found, waiting...
demo.pcm not found, waiting...
demo.pcm not found, waiting...
demo.pcm not found, waiting...
demo.pcm not found, waiting...
demo.pcm not found, waiting...
demo.pcm not found, waiting...
demo.pcm not found, waiting...
demo.pcm not found, waiting...
demo.pcm not found, waiting...
demo.pcm not found, waiting...
demo.pcm not found, waiting...
demo.pcm not found, waiting...
demo.pcm not found, waiting...
demo.pcm not found, waiting...
demo.pcm not found, waiting...
demo.pcm not found, waiting...
demo.pcm not found, waiting...
demo.pcm not found, waiting...
demo.pcm not found, waiting...
demo.pcm not found, waiting...
demo.pcm not found, waiting...
demo.pcm not found, waiting...
demo.pcm not found, waiting...
demo.pcm not found, waiting...
demo.pcm not found, waiting...
demo.pcm not found, waiting...
demo.pcm not found, waiting...
demo.pcm not found, waiting...
demo.pcm not found, waiting...
demo.pcm not found, waiting...
demo.pcm not found, waiting...
demo.pcm not found, waiting...
demo.pcm not found, waiting...
demo.pcm not found, waiting...
demo.pcm not found, waiting...
demo.pcm not found, waiting...
demo.pcm not found, waiting...
demo.pcm not found, waiting...
demo.pcm not found, waiting...
demo.pcm not found, waiting...
demo.pcm not found, waiting...
demo.pcm not found, waiting...
demo.pcm not found, waiting...
demo.pcm not found, waiting...
demo.pcm not found, waiting...
demo.pcm not found, waiting...
demo.pcm not found, waiting...
demo.pcm not found, waiting...
demo.pcm not found, waiting...
demo.pcm not found, waiting...
demo.pcm not found, waiting...
demo.pcm not found, waiting...
demo.pcm not found, waiting...
demo.pcm not found, waiting...
demo.pcm not found, waiting...
demo.pcm not found, waiting...
demo.pcm not found, waiting...
demo.pcm not found, waiting...
demo.pcm not found, waiting...
demo.pcm not found, waiting...
demo.pcm not found, waiting...
demo.pcm not found, waiting...
demo.pcm not found, waiting...
demo.pcm not found, waiting...
demo.pcm not found, waiting...
demo.pcm not found, waiting...
demo.pcm not found, waiting...
demo.pcm not found, waiting...
demo.pcm not found, waiting...
demo.pcm not found, waiting...
demo.pcm not found, waiting...
demo.pcm not found, waiting...
demo.pcm not found, waiting...
demo.pcm not found, waiting...
demo.pcm not found, waiting...
demo.pcm not found, waiting...
demo.pcm not found, waiting...
demo.pcm not found, waiting...
demo.pcm not found, waiting...
demo.pcm not found, waiting...
demo.pcm not found, waiting...
demo.pcm not found, waiting...
demo.pcm not found, waiting...
demo.pcm not found, waiting...
demo.pcm not found, waiting...
demo.pcm not found, waiting...
demo.pcm not found, waiting...
demo.pcm not found, waiting...
demo.pcm not found, waiting...
demo.pcm not found, waiting...
demo.pcm not found, waiting...
demo.pcm not found, waiting...
demo.pcm not found, waiting...
demo.pcm not found, waiting...
demo.pcm not found, waiting...
demo.pcm not found, waiting...
demo.pcm not found, waiting...
demo.pcm not found, waiting...
demo.pcm not found, waiting...
demo.pcm not found, waiting...
demo.pcm not found, waiting...
demo.pcm not found, waiting...
demo.pcm not found, waiting...
demo.pcm not found, waiting...
demo.pcm not found, waiting...
demo.pcm not found, waiting...
demo.pcm not found, waiting...
demo.pcm not found, waiting...
demo.pcm not found, waiting...
demo.pcm not found, waiting...
demo.pcm not found, waiting...
demo.pcm not found, waiting...
demo.pcm not found, waiting...
demo.pcm not found, waiting...
demo.pcm not found, waiting...
demo.pcm not found, waiting...
demo.pcm not found, waiting...
demo.pcm not found, waiting...
demo.pcm not found, waiting...
demo.pcm not found, waiting...
demo.pcm not found, waiting...
demo.pcm not found, waiting...
demo.pcm not found, waiting...
demo.pcm not found, waiting...
demo.pcm not found, waiting...
demo.pcm not found, waiting...
demo.pcm not found, waiting...
demo.pcm not found, waiting...
demo.pcm not found, waiting...
demo.pcm not found, waiting...
demo.pcm not found, waiting...
demo.pcm not found, waiting...
demo.pcm not found, waiting...
demo.pcm not found, waiting...
demo.pcm not found, waiting...
demo.pcm not found, waiting...
demo.pcm not found, waiting...
demo.pcm not found, waiting...
demo.pcm not found, waiting...
demo.pcm not found, waiting...
demo.pcm not found, waiting...
demo.pcm not found, waiting...
demo.pcm not found, waiting...
demo.pcm not found, waiting...
demo.pcm not found, waiting...
demo.pcm not found, waiting...
demo.pcm not found, waiting...
demo.pcm not found, waiting...
demo.pcm not found, waiting...
demo.pcm not found, waiting...
demo.pcm not found, waiting...
demo.pcm not found, waiting...
demo.pcm not found, waiting...
demo.pcm not found, waiting...
demo.pcm not found, waiting...
demo.pcm not found, waiting...
demo.pcm not found, waiting...
demo.pcm not found, waiting...
demo.pcm not found, waiting...
demo.pcm not found, waiting...
demo.pcm not found, waiting...
demo.pcm not found, waiting...
demo.pcm not found, waiting...
demo.pcm not found, waiting...
demo.pcm not found, waiting...
demo.pcm not found, waiting...
demo.pcm not found, waiting...
demo.pcm not found, waiting...
demo.pcm not found, waiting...
demo.pcm not found, waiting...
demo.pcm not found, waiting...
demo.pcm not found, waiting...
demo.pcm not found, waiting...
demo.pcm not found, waiting...
demo.pcm not found, waiting...
demo.pcm not found, waiting...
demo.pcm not found, waiting...
demo.pcm not found, waiting...
demo.pcm not found, waiting...
demo.pcm not found, waiting...
demo.pcm not found, waiting...
demo.pcm not found, waiting...
demo.pcm not found, waiting...
demo.pcm not found, waiting...
demo.pcm not found, waiting...
demo.pcm not found, waiting...
demo.pcm not found, waiting...
demo.pcm not found, waiting...
demo.pcm not found, waiting...
demo.pcm not found, waiting...
demo.pcm not found, waiting...
demo.pcm not found, waiting...
demo.pcm not found, waiting...
demo.pcm not found, waiting...
demo.pcm not found, waiting...
demo.pcm not found, waiting...
demo.pcm not found, waiting...
demo.pcm not found, waiting...
demo.pcm not found, waiting...
demo.pcm not found, waiting...
demo.pcm not found, waiting...
demo.pcm not found, waiting...
demo.pcm not found, waiting...
demo.pcm not found, waiting...
demo.pcm not found, waiting...
demo.pcm not found, waiting...
demo.pcm not found, waiting...
demo.pcm not found, waiting...
demo.pcm not found, waiting...
demo.pcm not found, waiting...
demo.pcm not found, waiting...
demo.pcm not found, waiting...
demo.pcm not found, waiting...
demo.pcm not found, waiting...
demo.pcm not found, waiting...
demo.pcm not found, waiting...
demo.pcm not found, waiting...
demo.pcm not found, waiting...
demo.pcm not found, waiting...
demo.pcm not found, waiting...
demo.pcm not found, waiting...
demo.pcm not found, waiting...
demo.pcm not found, waiting...
demo.pcm not found, waiting...
demo.pcm not found, waiting...
demo.pcm not found, waiting...
demo.pcm not found, waiting...
demo.pcm not found, waiting...
demo.pcm not found, waiting...
demo.pcm not found, waiting...
demo.pcm not found, waiting...
demo.pcm not found, waiting...
demo.pcm not found, waiting...
demo.pcm not found, waiting...
demo.pcm not found, waiting...
demo.pcm not found, waiting...
demo.pcm not found, waiting...
demo.pcm not found, waiting...
demo.pcm not found, waiting...
demo.pcm not found, waiting...
demo.pcm not found, waiting...
demo.pcm not found, waiting...
demo.pcm not found, waiting...
demo.pcm not found, waiting...
demo.pcm not found, waiting...
demo.pcm not found, waiting...
demo.pcm not found, waiting...
demo.pcm not found, waiting...
demo.pcm not found, waiting...
demo.pcm not found, waiting...
demo.pcm not found, waiting...
demo.pcm not found, waiting...
demo.pcm not found, waiting...
demo.pcm not found, waiting...
demo.pcm not found, waiting...
demo.pcm not found, waiting...
demo.pcm not found, waiting...
demo.pcm not found, waiting...
demo.pcm not found, waiting...
demo.pcm not found, waiting...
demo.pcm not found, waiting...
demo.pcm not found, waiting...
demo.pcm not found, waiting...
demo.pcm not found, waiting...
demo.pcm not found, waiting...
demo.pcm not found, waiting...
demo.pcm not found, waiting...
demo.pcm not found, waiting...
demo.pcm not found, waiting...
demo.pcm not found, waiting...
demo.pcm not found, waiting...
demo.pcm not found, waiting...
demo.pcm not found, waiting...
demo.pcm not found, waiting...
demo.pcm not found, waiting...
demo.pcm not found, waiting...
demo.pcm not found, waiting...
demo.pcm not found, waiting...
demo.pcm not found, waiting...
demo.pcm not found, waiting...
demo.pcm not found, waiting...
demo.pcm not found, waiting...
demo.pcm not found, waiting...
demo.pcm not found, waiting...
demo.pcm not found, waiting...
demo.pcm not found, waiting...
demo.pcm not found, waiting...
demo.pcm not found, waiting...
demo.pcm not found, waiting...
demo.pcm not found, waiting...
demo.pcm not found, waiting...
demo.pcm not found, waiting...
demo.pcm not found, waiting...
demo.pcm not found, waiting...
demo.pcm not found, waiting...
demo.pcm not found, waiting...
demo.pcm not found, waiting...
demo.pcm not found, waiting...
demo.pcm not found, waiting...
demo.pcm not found, waiting...
demo.pcm not found, waiting...
demo.pcm not found, waiting...
demo.pcm not found, waiting...
demo.pcm not found, waiting...
demo.pcm not found, waiting...
demo.pcm not found, waiting...
demo.pcm not found, waiting...
demo.pcm not found, waiting...
demo.pcm not found, waiting...
demo.pcm not found, waiting...
demo.pcm not found, waiting...
demo.pcm not found, waiting...
demo.pcm not found, waiting...
demo.pcm not found, waiting...
demo.pcm not found, waiting...
demo.pcm not found, waiting...
demo.pcm not found, waiting...
demo.pcm not found, waiting...
demo.pcm not found, waiting...
demo.pcm not found, waiting...
demo.pcm not found, waiting...
demo.pcm not found, waiting...
demo.pcm not found, waiting...
demo.pcm not found, waiting...
demo.pcm not found, waiting...
demo.pcm not found, waiting...
demo.pcm not found, waiting...
demo.pcm not found, waiting...
demo.pcm not found, waiting...
demo.pcm not found, waiting...
demo.pcm not found, waiting...
demo.pcm not found, waiting...
demo.pcm not found, waiting...
demo.pcm not found, waiting...
demo.pcm not found, waiting...
demo.pcm not found, waiting...
demo.pcm not found, waiting...
demo.pcm not found, waiting...
demo.pcm not found, waiting...
demo.pcm not found, waiting...
demo.pcm not found, waiting...
demo.pcm not found, waiting...
demo.pcm not found, waiting...
demo.pcm not found, waiting...
demo.pcm not found, waiting...
demo.pcm not found, waiting...
demo.pcm not found, waiting...
demo.pcm not found, waiting...
demo.pcm not found, waiting...
demo.pcm not found, waiting...
demo.pcm not found, waiting...
demo.pcm not found, waiting...
demo.pcm not found, waiting...
demo.pcm not found, waiting...
demo.pcm not found, waiting...
demo.pcm not found, waiting...
demo.pcm not found, waiting...
demo.pcm not found, waiting...
demo.pcm not found, waiting...
demo.pcm not found, waiting...
demo.pcm not found, waiting...
demo.pcm not found, waiting...
demo.pcm not found, waiting...
demo.pcm not found, waiting...
demo.pcm not found, waiting...
demo.pcm not found, waiting...
demo.pcm not found, waiting...
demo.pcm not found, waiting...
demo.pcm not found, waiting...
demo.pcm not found, waiting...
demo.pcm not found, waiting...
demo.pcm not found, waiting...
demo.pcm not found, waiting...
demo.pcm not found, waiting...
demo.pcm not found, waiting...
demo.pcm not found, waiting...
demo.pcm not found, waiting...
demo.pcm not found, waiting...
demo.pcm not found, waiting...
demo.pcm not found, waiting...
demo.pcm not found, waiting...
demo.pcm not found, waiting...
demo.pcm not found, waiting...
demo.pcm not found, waiting...
demo.pcm not found, waiting...
demo.pcm not found, waiting...
demo.pcm not found, waiting...
demo.pcm not found, waiting...
demo.pcm not found, waiting...
demo.pcm not found, waiting...
demo.pcm not found, waiting...
demo.pcm not found, waiting...
demo.pcm not found, waiting...
demo.pcm not found, waiting...
demo.pcm not found, waiting...
demo.pcm not found, waiting...
demo.pcm not found, waiting...
demo.pcm not found, waiting...
demo.pcm not found, waiting...
demo.pcm not found, waiting...
demo.pcm not found, waiting...
demo.pcm not found, waiting...
demo.pcm not found, waiting...
demo.pcm not found, waiting...
demo.pcm not found, waiting...
demo.pcm not found, waiting...
demo.pcm not found, waiting...
demo.pcm not found, waiting...
demo.pcm not found, waiting...
demo.pcm not found, waiting...
demo.pcm not found, waiting...
demo.pcm not found, waiting...
demo.pcm not found, waiting...
demo.pcm not found, waiting...
demo.pcm not found, waiting...
demo.pcm not found, waiting...
demo.pcm not found, waiting...
demo.pcm not found, waiting...
demo.pcm not found, waiting...
demo.pcm not found, waiting...
demo.pcm not found, waiting...
demo.pcm not found, waiting...
demo.pcm not found, waiting...
demo.pcm not found, waiting...
demo.pcm not found, waiting...
demo.pcm not found, waiting...
demo.pcm not found, waiting...
demo.pcm not found, waiting...
demo.pcm not found, waiting...
demo.pcm not found, waiting...
demo.pcm not found, waiting...
demo.pcm not found, waiting...
demo.pcm not found, waiting...
demo.pcm not found, waiting...
demo.pcm not found, waiting...
demo.pcm not found, waiting...
demo.pcm not found, waiting...
demo.pcm not found, waiting...
demo.pcm not found, waiting...
demo.pcm not found, waiting...
demo.pcm not found, waiting...
demo.pcm not found, waiting...
demo.pcm not found, waiting...
demo.pcm not found, waiting...
demo.pcm not found, waiting...
demo.pcm not found, waiting...
demo.pcm not found, waiting...
demo.pcm not found, waiting...
demo.pcm not found, waiting...
demo.pcm not found, waiting...
demo.pcm not found, waiting...
demo.pcm not found, waiting...
demo.pcm not found, waiting...
demo.pcm not found, waiting...
demo.pcm not found, waiting...
demo.pcm not found, waiting...
demo.pcm not found, waiting...
demo.pcm not found, waiting...
demo.pcm not found, waiting...
demo.pcm not found, waiting...
demo.pcm not found, waiting...
demo.pcm not found, waiting...
demo.pcm not found, waiting...
demo.pcm not found, waiting...
demo.pcm not found, waiting...
demo.pcm not found, waiting...
demo.pcm not found, waiting...
demo.pcm not found, waiting...
demo.pcm not found, waiting...
demo.pcm not found, waiting...
demo.pcm not found, waiting...
demo.pcm not found, waiting...
demo.pcm not found, waiting...
demo.pcm not found, waiting...
demo.pcm not found, waiting...
demo.pcm not found, waiting...
demo.pcm not found, waiting...
demo.pcm not found, waiting...
demo.pcm not found, waiting...
demo.pcm not found, waiting...
demo.pcm not found, waiting...
demo.pcm not found, waiting...
demo.pcm not found, waiting...
demo.pcm not found, waiting...
demo.pcm not found, waiting...
demo.pcm not found, waiting...
demo.pcm not found, waiting...
demo.pcm not found, waiting...
demo.pcm not found, waiting...
demo.pcm not found, waiting...
demo.pcm not found, waiting...
demo.pcm not found, waiting...
demo.pcm not found, waiting...
demo.pcm not found, waiting...
demo.pcm not found, waiting...
demo.pcm not found, waiting...
demo.pcm not found, waiting...
demo.pcm not found, waiting...
demo.pcm not found, waiting...
demo.pcm not found, waiting...
demo.pcm not found, waiting...
demo.pcm not found, waiting...
demo.pcm not found, waiting...
demo.pcm not found, waiting...
demo.pcm not found, waiting...
demo.pcm not found, waiting...
demo.pcm not found, waiting...
demo.pcm not found, waiting...
demo.pcm not found, waiting...
demo.pcm not found, waiting...
demo.pcm not found, waiting...
demo.pcm not found, waiting...
demo.pcm not found, waiting...
demo.pcm not found, waiting...
demo.pcm not found, waiting...
demo.pcm not found, waiting...
demo.pcm not found, waiting...
demo.pcm not found, waiting...
demo.pcm not found, waiting...
demo.pcm not found, waiting...
demo.pcm not found, waiting...
demo.pcm not found, waiting...
demo.pcm not found, waiting...
demo.pcm not found, waiting...
demo.pcm not found, waiting...
demo.pcm not found, waiting...
demo.pcm not found, waiting...
demo.pcm not found, waiting...
demo.pcm not found, waiting...
demo.pcm not found, waiting...
demo.pcm not found, waiting...
demo.pcm not found, waiting...
demo.pcm not found, waiting...
demo.pcm not found, waiting...
demo.pcm not found, waiting...
demo.pcm not found, waiting...
demo.pcm not found, waiting...
demo.pcm not found, waiting...
demo.pcm not found, waiting...
demo.pcm not found, waiting...
demo.pcm not found, waiting...
demo.pcm not found, waiting...
demo.pcm not found, waiting...
demo.pcm not found, waiting...
demo.pcm not found, waiting...
demo.pcm not found, waiting...
demo.pcm not found, waiting...
demo.pcm not found, waiting...
demo.pcm not found, waiting...
demo.pcm not found, waiting...
demo.pcm not found, waiting...
demo.pcm not found, waiting...
demo.pcm not found, waiting...
demo.pcm not found, waiting...
demo.pcm not found, waiting...
demo.pcm not found, waiting...
demo.pcm not found, waiting...
demo.pcm not found, waiting...
demo.pcm not found, waiting...
demo.pcm not found, waiting...
demo.pcm not found, waiting...
demo.pcm not found, waiting...
demo.pcm not found, waiting...
demo.pcm not found, waiting...
demo.pcm not found, waiting...
demo.pcm not found, waiting...
demo.pcm not found, waiting...
demo.pcm not found, waiting...
demo.pcm not found, waiting...
demo.pcm not found, waiting...
demo.pcm not found, waiting...
demo.pcm not found, waiting...
demo.pcm not found, waiting...
demo.pcm not found, waiting...
demo.pcm not found, waiting...
demo.pcm not found, waiting...
demo.pcm not found, waiting...
demo.pcm not found, waiting...
demo.pcm not found, waiting...
demo.pcm not found, waiting...
demo.pcm not found, waiting...
demo.pcm not found, waiting...
demo.pcm not found, waiting...
demo.pcm not found, waiting...
demo.pcm not found, waiting...
demo.pcm not found, waiting...
demo.pcm not found, waiting...
demo.pcm not found, waiting...
demo.pcm not found, waiting...
demo.pcm not found, waiting...
demo.pcm not found, waiting...
demo.pcm not found, waiting...
demo.pcm not found, waiting...
demo.pcm not found, waiting...
demo.pcm not found, waiting...
demo.pcm not found, waiting...
demo.pcm not found, waiting...
demo.pcm not found, waiting...
demo.pcm not found, waiting...
demo.pcm not found, waiting...
demo.pcm not found, waiting...
demo.pcm not found, waiting...
demo.pcm not found, waiting...
demo.pcm not found, waiting...
demo.pcm not found, waiting...
demo.pcm not found, waiting...
demo.pcm not found, waiting...
demo.pcm not found, waiting...
demo.pcm not found, waiting...
demo.pcm not found, waiting...
demo.pcm not found, waiting...
demo.pcm not found, waiting...
demo.pcm not found, waiting...
demo.pcm not found, waiting...
demo.pcm not found, waiting...
demo.pcm not found, waiting...
demo.pcm not found, waiting...
demo.pcm not found, waiting...
demo.pcm not found, waiting...
demo.pcm not found, waiting...
demo.pcm not found, waiting...
demo.pcm not found, waiting...
demo.pcm not found, waiting...
demo.pcm not found, waiting...
demo.pcm not found, waiting...
demo.pcm not found, waiting...
demo.pcm not found, waiting...
demo.pcm not found, waiting...
demo.pcm not found, waiting...
demo.pcm not found, waiting...
demo.pcm not found, waiting...
demo.pcm not found, waiting...
demo.pcm not found, waiting...
demo.pcm not found, waiting...
demo.pcm not found, waiting...
demo.pcm not found, waiting...
demo.pcm not found, waiting...
demo.pcm not found, waiting...
demo.pcm not found, waiting...
demo.pcm not found, waiting...
demo.pcm not found, waiting...
demo.pcm not found, waiting...
demo.pcm not found, waiting...
demo.pcm not found, waiting...
demo.pcm not found, waiting...
demo.pcm not found, waiting...
demo.pcm not found, waiting...
demo.pcm not found, waiting...
demo.pcm not found, waiting...
demo.pcm not found, waiting...
demo.pcm not found, waiting...
demo.pcm not found, waiting...
demo.pcm not found, waiting...
demo.pcm not found, waiting...
demo.pcm not found, waiting...
demo.pcm not found, waiting...
demo.pcm not found, waiting...
demo.pcm not found, waiting...
demo.pcm not found, waiting...
demo.pcm not found, waiting...
demo.pcm not found, waiting...
demo.pcm not found, waiting...
demo.pcm not found, waiting...
demo.pcm not found, waiting...
demo.pcm not found, waiting...
demo.pcm not found, waiting...
demo.pcm not found, waiting...
demo.pcm not found, waiting...
demo.pcm not found, waiting...
demo.pcm not found, waiting...
demo.pcm not found, waiting...
demo.pcm not found, waiting...
demo.pcm not found, waiting...
demo.pcm not found, waiting...
demo.pcm not found, waiting...
demo.pcm not found, waiting...
demo.pcm not found, waiting...
demo.pcm not found, waiting...
demo.pcm not found, waiting...
demo.pcm not found, waiting...
demo.pcm not found, waiting...
demo.pcm not found, waiting...
demo.pcm not found, waiting...
demo.pcm not found, waiting...
demo.pcm not found, waiting...
demo.pcm not found, waiting...
demo.pcm not found, waiting...
demo.pcm not found, waiting...
demo.pcm not found, waiting...
demo.pcm not found, waiting...
demo.pcm not found, waiting...
demo.pcm not found, waiting...
demo.pcm not found, waiting...
demo.pcm not found, waiting...
demo.pcm not found, waiting...
demo.pcm not found, waiting...
demo.pcm not found, waiting...
demo.pcm not found, waiting...
demo.pcm not found, waiting...
demo.pcm not found, waiting...
demo.pcm not found, waiting...
demo.pcm not found, waiting...
demo.pcm not found, waiting...
demo.pcm not found, waiting...
demo.pcm not found, waiting...
demo.pcm not found, waiting...
demo.pcm not found, waiting...
demo.pcm not found, waiting...
demo.pcm not found, waiting...
demo.pcm not found, waiting...
demo.pcm not found, waiting...
demo.pcm not found, waiting...
demo.pcm not found, waiting...
demo.pcm not found, waiting...
demo.pcm not found, waiting...
demo.pcm not found, waiting...
demo.pcm not found, waiting...
demo.pcm not found, waiting...
demo.pcm not found, waiting...
demo.pcm not found, waiting...
demo.pcm not found, waiting...
demo.pcm not found, waiting...
demo.pcm not found, waiting...
demo.pcm not found, waiting...
demo.pcm not found, waiting...
demo.pcm not found, waiting...
demo.pcm not found, waiting...
demo.pcm not found, waiting...
demo.pcm not found, waiting...
demo.pcm not found, waiting...
demo.pcm not found, waiting...
demo.pcm not found, waiting...
demo.pcm not found, waiting...
demo.pcm not found, waiting...
demo.pcm not found, waiting...
demo.pcm not found, waiting...
demo.pcm not found, waiting...
demo.pcm not found, waiting...
demo.pcm not found, waiting...
demo.pcm not found, waiting...
demo.pcm not found, waiting...
demo.pcm not found, waiting...
demo.pcm not found, waiting...
demo.pcm not found, waiting...
demo.pcm not found, waiting...
demo.pcm not found, waiting...
demo.pcm not found, waiting...
demo.pcm not found, waiting...
demo.pcm not found, waiting...
demo.pcm not found, waiting...
demo.pcm not found, waiting...
demo.pcm not found, waiting...
demo.pcm not found, waiting...
demo.pcm not found, waiting...
demo.pcm not found, waiting...
demo.pcm not found, waiting...
demo.pcm not found, waiting...
demo.pcm not found, waiting...
demo.pcm not found, waiting...
demo.pcm not found, waiting...
demo.pcm not found, waiting...
demo.pcm not found, waiting...
demo.pcm not found, waiting...
demo.pcm not found, waiting...
demo.pcm not found, waiting...
demo.pcm not found, waiting...
demo.pcm not found, waiting...
demo.pcm not found, waiting...
demo.pcm not found, waiting...
demo.pcm not found, waiting...
demo.pcm not found, waiting...
demo.pcm not found, waiting...
demo.pcm not found, waiting...
demo.pcm not found, waiting...
demo.pcm not found, waiting...
demo.pcm not found, waiting...
demo.pcm not found, waiting...
demo.pcm not found, waiting...
demo.pcm not found, waiting...
demo.pcm not found, waiting...
demo.pcm not found, waiting...
demo.pcm not found, waiting...
demo.pcm not found, waiting...
demo.pcm not found, waiting...
demo.pcm not found, waiting...
demo.pcm not found, waiting...
demo.pcm not found, waiting...
demo.pcm not found, waiting...
demo.pcm not found, waiting...
demo.pcm not found, waiting...
demo.pcm not found, waiting...
demo.pcm not found, waiting...
demo.pcm not found, waiting...
demo.pcm not found, waiting...
demo.pcm not found, waiting...
demo.pcm not found, waiting...
demo.pcm not found, waiting...
demo.pcm not found, waiting...
demo.pcm not found, waiting...
demo.pcm not found, waiting...
demo.pcm not found, waiting...
demo.pcm not found, waiting...
demo.pcm not found, waiting...
demo.pcm not found, waiting...
demo.pcm not found, waiting...
demo.pcm not found, waiting...
demo.pcm not found, waiting...
demo.pcm not found, waiting...
demo.pcm not found, waiting...
demo.pcm not found, waiting...
demo.pcm not found, waiting...
demo.pcm not found, waiting...
demo.pcm not found, waiting...
demo.pcm not found, waiting...
demo.pcm not found, waiting...
demo.pcm not found, waiting...
demo.pcm not found, waiting...
demo.pcm not found, waiting...
demo.pcm not found, waiting...
demo.pcm not found, waiting...
demo.pcm not found, waiting...
demo.pcm not found, waiting...
demo.pcm not found, waiting...
demo.pcm not found, waiting...
demo.pcm not found, waiting...
demo.pcm not found, waiting...
demo.pcm not found, waiting...
demo.pcm not found, waiting...
demo.pcm not found, waiting...
demo.pcm not found, waiting...
demo.pcm not found, waiting...
demo.pcm not found, waiting...
demo.pcm not found, waiting...
demo.pcm not found, waiting...
demo.pcm not found, waiting...
demo.pcm not found, waiting...
demo.pcm not found, waiting...
demo.pcm not found, waiting...
demo.pcm not found, waiting...
demo.pcm not found, waiting...
demo.pcm not found, waiting...
demo.pcm not found, waiting...
demo.pcm not found, waiting...
demo.pcm not found, waiting...
demo.pcm not found, waiting...
demo.pcm not found, waiting...
demo.pcm not found, waiting...
demo.pcm not found, waiting...
demo.pcm not found, waiting...
demo.pcm not found, waiting...
demo.pcm not found, waiting...
demo.pcm not found, waiting...
demo.pcm not found, waiting...
demo.pcm not found, waiting...
demo.pcm not found, waiting...
demo.pcm not found, waiting...
demo.pcm not found, waiting...
demo.pcm not found, waiting...
demo.pcm not found, waiting...
demo.pcm not found, waiting...
demo.pcm not found, waiting...
demo.pcm not found, waiting...
demo.pcm not found, waiting...
demo.pcm not found, waiting...
demo.pcm not found, waiting...
demo.pcm not found, waiting...
demo.pcm not found, waiting...
demo.pcm not found, waiting...
demo.pcm not found, waiting...
demo.pcm not found, waiting...
demo.pcm not found, waiting...
demo.pcm not found, waiting...
demo.pcm not found, waiting...
demo.pcm not found, waiting...
demo.pcm not found, waiting...
demo.pcm not found, waiting...
demo.pcm not found, waiting...
demo.pcm not found, waiting...
demo.pcm not found, waiting...
demo.pcm not found, waiting...
demo.pcm not found, waiting...
demo.pcm not found, waiting...
demo.pcm not found, waiting...
demo.pcm not found, waiting...
demo.pcm not found, waiting...
demo.pcm not found, waiting...
demo.pcm not found, waiting...
demo.pcm not found, waiting...
demo.pcm not found, waiting...
demo.pcm not found, waiting...
demo.pcm not found, waiting...
demo.pcm not found, waiting...
demo.pcm not found, waiting...
demo.pcm not found, waiting...
demo.pcm not found, waiting...
demo.pcm not found, waiting...
demo.pcm not found, waiting...
demo.pcm not found, waiting...
demo.pcm not found, waiting...
demo.pcm not found, waiting...
demo.pcm not found, waiting...
demo.pcm not found, waiting...
demo.pcm not found, waiting...
demo.pcm not found, waiting...
demo.pcm not found, waiting...
demo.pcm not found, waiting...
demo.pcm not found, waiting...
demo.pcm not found, waiting...
demo.pcm not found, waiting...
demo.pcm not found, waiting...
demo.pcm not found, waiting...
demo.pcm not found, waiting...
demo.pcm not found, waiting...
demo.pcm not found, waiting...
demo.pcm not found, waiting...
demo.pcm not found, waiting...
demo.pcm not found, waiting...
demo.pcm not found, waiting...
demo.pcm not found, waiting...
demo.pcm not found, waiting...
demo.pcm not found, waiting...
demo.pcm not found, waiting...
demo.pcm not found, waiting...
demo.pcm not found, waiting...
demo.pcm not found, waiting...
demo.pcm not found, waiting...
demo.pcm not found, waiting...
demo.pcm not found, waiting...
demo.pcm not found, waiting...
demo.pcm not found, waiting...
demo.pcm not found, waiting...
demo.pcm not found, waiting...
demo.pcm not found, waiting...
demo.pcm not found, waiting...
demo.pcm not found, waiting...
demo.pcm not found, waiting...
demo.pcm not found, waiting...
demo.pcm not found, waiting...
demo.pcm not found, waiting...
demo.pcm not found, waiting...
demo.pcm not found, waiting...
demo.pcm not found, waiting...
demo.pcm not found, waiting...
demo.pcm not found, waiting...
demo.pcm not found, waiting...
demo.pcm not found, waiting...
demo.pcm not found, waiting...
demo.pcm not found, waiting...
demo.pcm not found, waiting...
demo.pcm not found, waiting...
demo.pcm not found, waiting...
demo.pcm not found, waiting...
demo.pcm not found, waiting...
demo.pcm not found, waiting...
demo.pcm not found, waiting...
demo.pcm not found, waiting...
demo.pcm not found, waiting...
demo.pcm not found, waiting...
demo.pcm not found, waiting...
demo.pcm not found, waiting...
demo.pcm not found, waiting...
demo.pcm not found, waiting...
demo.pcm not found, waiting...
demo.pcm not found, waiting...
demo.pcm not found, waiting...
demo.pcm not found, waiting...
demo.pcm not found, waiting...
demo.pcm not found, waiting...
demo.pcm not found, waiting...
demo.pcm not found, waiting...
demo.pcm not found, waiting...
demo.pcm not found, waiting...
demo.pcm not found, waiting...
demo.pcm not found, waiting...
demo.pcm not found, waiting...
demo.pcm not found, waiting...
demo.pcm not found, waiting...
demo.pcm not found, waiting...
demo.pcm not found, waiting...
demo.pcm not found, waiting...
demo.pcm not found, waiting...
demo.pcm not found, waiting...
demo.pcm not found, waiting...
demo.pcm not found, waiting...
demo.pcm not found, waiting...
demo.pcm not found, waiting...
demo.pcm not found, waiting...
demo.pcm not found, waiting...
demo.pcm not found, waiting...
demo.pcm not found, waiting...
demo.pcm not found, waiting...
demo.pcm not found, waiting...
demo.pcm not found, waiting...
demo.pcm not found, waiting...
demo.pcm not found, waiting...
demo.pcm not found, waiting...
demo.pcm not found, waiting...
demo.pcm not found, waiting...
demo.pcm not found, waiting...
demo.pcm not found, waiting...
demo.pcm not found, waiting...
demo.pcm not found, waiting...
demo.pcm not found, waiting...
demo.pcm not found, waiting...
demo.pcm not found, waiting...
demo.pcm not found, waiting...
demo.pcm not found, waiting...
demo.pcm not found, waiting...
demo.pcm not found, waiting...
demo.pcm not found, waiting...
demo.pcm not found, waiting...
demo.pcm not found, waiting...
demo.pcm not found, waiting...
demo.pcm not found, waiting...
demo.pcm not found, waiting...
demo.pcm not found, waiting...
demo.pcm not found, waiting...
demo.pcm not found, waiting...
demo.pcm not found, waiting...
demo.pcm not found, waiting...
demo.pcm not found, waiting...
demo.pcm not found, waiting...
demo.pcm not found, waiting...
demo.pcm not found, waiting...
demo.pcm not found, waiting...
demo.pcm not found, waiting...
demo.pcm not found, waiting...
demo.pcm not found, waiting...
demo.pcm not found, waiting...
demo.pcm not found, waiting...
demo.pcm not found, waiting...
demo.pcm not found, waiting...
demo.pcm not found, waiting...
demo.pcm not found, waiting...
demo.pcm not found, waiting...
demo.pcm not found, waiting...
demo.pcm not found, waiting...
demo.pcm not found, waiting...
demo.pcm not found, waiting...
demo.pcm not found, waiting...
demo.pcm not found, waiting...
demo.pcm not found, waiting...
demo.pcm not found, waiting...
demo.pcm not found, waiting...
demo.pcm not found, waiting...
demo.pcm not found, waiting...
demo.pcm not found, waiting...
demo.pcm not found, waiting...
demo.pcm not found, waiting...
demo.pcm not found, waiting...
demo.pcm not found, waiting...
demo.pcm not found, waiting...
demo.pcm not found, waiting...
demo.pcm not found, waiting...
demo.pcm not found, waiting...
demo.pcm not found, waiting...
demo.pcm not found, waiting...
demo.pcm not found, waiting...
demo.pcm not found, waiting...
demo.pcm not found, waiting...
demo.pcm not found, waiting...
demo.pcm not found, waiting...
demo.pcm not found, waiting...
demo.pcm not found, waiting...
demo.pcm not found, waiting...
demo.pcm not found, waiting...
demo.pcm not found, waiting...
demo.pcm not found, waiting...
demo.pcm not found, waiting...
demo.pcm not found, waiting...
demo.pcm not found, waiting...
demo.pcm not found, waiting...
demo.pcm not found, waiting...
demo.pcm not found, waiting...
demo.pcm not found, waiting...
demo.pcm not found, waiting...
demo.pcm not found, waiting...
demo.pcm not found, waiting...
demo.pcm not found, waiting...
demo.pcm not found, waiting...
demo.pcm not found, waiting...
demo.pcm not found, waiting...
demo.pcm not found, waiting...
demo.pcm not found, waiting...
demo.pcm not found, waiting...
demo.pcm not found, waiting...
demo.pcm not found, waiting...
demo.pcm not found, waiting...
demo.pcm not found, waiting...
demo.pcm not found, waiting...
demo.pcm not found, waiting...
demo.pcm not found, waiting...
demo.pcm not found, waiting...
demo.pcm not found, waiting...
demo.pcm not found, waiting...
demo.pcm not found, waiting...
demo.pcm not found, waiting...
demo.pcm not found, waiting...
demo.pcm not found, waiting...
demo.pcm not found, waiting...
demo.pcm not found, waiting...
demo.pcm not found, waiting...
demo.pcm not found, waiting...
demo.pcm not found, waiting...
demo.pcm not found, waiting...
demo.pcm not found, waiting...
demo.pcm not found, waiting...
demo.pcm not found, waiting...
demo.pcm not found, waiting...
demo.pcm not found, waiting...
demo.pcm not found, waiting...
demo.pcm not found, waiting...
demo.pcm not found, waiting...
demo.pcm not found, waiting...
demo.pcm not found, waiting...
demo.pcm not found, waiting...
demo.pcm not found, waiting...
demo.pcm not found, waiting...
demo.pcm not found, waiting...
demo.pcm not found, waiting...
demo.pcm not found, waiting...
demo.pcm not found, waiting...
demo.pcm not found, waiting...
demo.pcm not found, waiting...
demo.pcm not found, waiting...
demo.pcm not found, waiting...
demo.pcm not found, waiting...
demo.pcm not found, waiting...
demo.pcm not found, waiting...
demo.pcm not found, waiting...
demo.pcm not found, waiting...
demo.pcm not found, waiting...
demo.pcm not found, waiting...
demo.pcm not found, waiting...
demo.pcm not found, waiting...
demo.pcm not found, waiting...
demo.pcm not found, waiting...
demo.pcm not found, waiting...
demo.pcm not found, waiting...
demo.pcm not found, waiting...
demo.pcm not found, waiting...
demo.pcm not found, waiting...
demo.pcm not found, waiting...
demo.pcm not found, waiting...
demo.pcm not found, waiting...
demo.pcm not found, waiting...
demo.pcm not found, waiting...
demo.pcm not found, waiting...
demo.pcm not found, waiting...
demo.pcm not found, waiting...
demo.pcm not found, waiting...
demo.pcm not found, waiting...
demo.pcm not found, waiting...
demo.pcm not found, waiting...
demo.pcm not found, waiting...
demo.pcm not found, waiting...
demo.pcm not found, waiting...
demo.pcm not found, waiting...
demo.pcm not found, waiting...
demo.pcm not found, waiting...
demo.pcm not found, waiting...
demo.pcm not found, waiting...
demo.pcm not found, waiting...
demo.pcm not found, waiting...
demo.pcm not found, waiting...
demo.pcm not found, waiting...
demo.pcm not found, waiting...
demo.pcm not found, waiting...
demo.pcm not found, waiting...
demo.pcm not found, waiting...
demo.pcm not found, waiting...
demo.pcm not found, waiting...
demo.pcm not found, waiting...
demo.pcm not found, waiting...
demo.pcm not found, waiting...
demo.pcm not found, waiting...
demo.pcm not found, waiting...
demo.pcm not found, waiting...
demo.pcm not found, waiting...
demo.pcm not found, waiting...
demo.pcm not found, waiting...
demo.pcm not found, waiting...
demo.pcm not found, waiting...
demo.pcm not found, waiting...
demo.pcm not found, waiting...
demo.pcm not found, waiting...
demo.pcm not found, waiting...
demo.pcm not found, waiting...
demo.pcm not found, waiting...
demo.pcm not found, waiting...
demo.pcm not found, waiting...
demo.pcm not found, waiting...
demo.pcm not found, waiting...
demo.pcm not found, waiting...
demo.pcm not found, waiting...
demo.pcm not found, waiting...
demo.pcm not found, waiting...
demo.pcm not found, waiting...
demo.pcm not found, waiting...
demo.pcm not found, waiting...
demo.pcm not found, waiting...
demo.pcm not found, waiting...
demo.pcm not found, waiting...
demo.pcm not found, waiting...
demo.pcm not found, waiting...
demo.pcm not found, waiting...
demo.pcm not found, waiting...
demo.pcm not found, waiting...
demo.pcm not found, waiting...
demo.pcm not found, waiting...
demo.pcm not found, waiting...
demo.pcm not found, waiting...
demo.pcm not found, waiting...
demo.pcm not found, waiting...
demo.pcm not found, waiting...
demo.pcm not found, waiting...
demo.pcm not found, waiting...
demo.pcm not found, waiting...
demo.pcm not found, waiting...
demo.pcm not found, waiting...
demo.pcm not found, waiting...
demo.pcm not found, waiting...
demo.pcm not found, waiting...
demo.pcm not found, waiting...
demo.pcm not found, waiting...
demo.pcm not found, waiting...
demo.pcm not found, waiting...
demo.pcm not found, waiting...
demo.pcm not found, waiting...
demo.pcm not found, waiting...
demo.pcm not found, waiting...
demo.pcm not found, waiting...
demo.pcm not found, waiting...
demo.pcm not found, waiting...
demo.pcm not found, waiting...
demo.pcm not found, waiting...
demo.pcm not found, waiting...
demo.pcm not found, waiting...
demo.pcm not found, waiting...
demo.pcm not found, waiting...
demo.pcm not found, waiting...
demo.pcm not found, waiting...
demo.pcm not found, waiting...
demo.pcm not found, waiting...
demo.pcm not found, waiting...
demo.pcm not found, waiting...
demo.pcm not found, waiting...
demo.pcm not found, waiting...
demo.pcm not found, waiting...
demo.pcm not found, waiting...
demo.pcm not found, waiting...
demo.pcm not found, waiting...
demo.pcm not found, waiting...
demo.pcm not found, waiting...
demo.pcm not found, waiting...
demo.pcm not found, waiting...
demo.pcm not found, waiting...
demo.pcm not found, waiting...
demo.pcm not found, waiting...
demo.pcm not found, waiting...
demo.pcm not found, waiting...
demo.pcm not found, waiting...
demo.pcm not found, waiting...
demo.pcm not found, waiting...
demo.pcm not found, waiting...
demo.pcm not found, waiting...
demo.pcm not found, waiting...
demo.pcm not found, waiting...
demo.pcm not found, waiting...
demo.pcm not found, waiting...
demo.pcm not found, waiting...
demo.pcm not found, waiting...
demo.pcm not found, waiting...
demo.pcm not found, waiting...
demo.pcm not found, waiting...
demo.pcm not found, waiting...
demo.pcm not found, waiting...
demo.pcm not found, waiting...
demo.pcm not found, waiting...
demo.pcm not found, waiting...
demo.pcm not found, waiting...
demo.pcm not found, waiting...
demo.pcm not found, waiting...
demo.pcm not found, waiting...
demo.pcm not found, waiting...
demo.pcm not found, waiting...
demo.pcm not found, waiting...
demo.pcm not found, waiting...
demo.pcm not found, waiting...
demo.pcm not found, waiting...
demo.pcm not found, waiting...
demo.pcm not found, waiting...
demo.pcm not found, waiting...
demo.pcm not found, waiting...
demo.pcm not found, waiting...
demo.pcm not found, waiting...
demo.pcm not found, waiting...
demo.pcm not found, waiting...
demo.pcm not found, waiting...
demo.pcm not found, waiting...
demo.pcm not found, waiting...
demo.pcm not found, waiting...
demo.pcm not found, waiting...
demo.pcm not found, waiting...
demo.pcm not found, waiting...
demo.pcm not found, waiting...
demo.pcm not found, waiting...
demo.pcm not found, waiting...
demo.pcm not found, waiting...
demo.pcm not found, waiting...
demo.pcm not found, waiting...
demo.pcm not found, waiting...
demo.pcm not found, waiting...
demo.pcm not found, waiting...
demo.pcm not found, waiting...
demo.pcm not found, waiting...
demo.pcm not found, waiting...
demo.pcm not found, waiting...
demo.pcm not found, waiting...
demo.pcm not found, waiting...
demo.pcm not found, waiting...
demo.pcm not found, waiting...
demo.pcm not found, waiting...
demo.pcm not found, waiting...
demo.pcm not found, waiting...
demo.pcm not found, waiting...
demo.pcm not found, waiting...
demo.pcm not found, waiting...
demo.pcm not found, waiting...
demo.pcm not found, waiting...
demo.pcm not found, waiting...
demo.pcm not found, waiting...
demo.pcm not found, waiting...
demo.pcm not found, waiting...
demo.pcm not found, waiting...
demo.pcm not found, waiting...
demo.pcm not found, waiting...
demo.pcm not found, waiting...
demo.pcm not found, waiting...
demo.pcm not found, waiting...
demo.pcm not found, waiting...
demo.pcm not found, waiting...
demo.pcm not found, waiting...
demo.pcm not found, waiting...
demo.pcm not found, waiting...
demo.pcm not found, waiting...
demo.pcm not found, waiting...
demo.pcm not found, waiting...
demo.pcm not found, waiting...
demo.pcm not found, waiting...
demo.pcm not found, waiting...
demo.pcm not found, waiting...
demo.pcm not found, waiting...
demo.pcm not found, waiting...
demo.pcm not found, waiting...
demo.pcm not found, waiting...
demo.pcm not found, waiting...
demo.pcm not found, waiting...
demo.pcm not found, waiting...
demo.pcm not found, waiting...
demo.pcm not found, waiting...
demo.pcm not found, waiting...
demo.pcm not found, waiting...
demo.pcm not found, waiting...
demo.pcm not found, waiting...
demo.pcm not found, waiting...
demo.pcm not found, waiting...
demo.pcm not found, waiting...
demo.pcm not found, waiting...
demo.pcm not found, waiting...
demo.pcm not found, waiting...
demo.pcm not found, waiting...
demo.pcm not found, waiting...
demo.pcm not found, waiting...
demo.pcm not found, waiting...
demo.pcm not found, waiting...
demo.pcm not found, waiting...
demo.pcm not found, waiting...
demo.pcm not found, waiting...
demo.pcm not found, waiting...
demo.pcm not found, waiting...
demo.pcm not found, waiting...
demo.pcm not found, waiting...
demo.pcm not found, waiting...
demo.pcm not found, waiting...
demo.pcm not found, waiting...
demo.pcm not found, waiting...
demo.pcm not found, waiting...
demo.pcm not found, waiting...
demo.pcm not found, waiting...
demo.pcm not found, waiting...
demo.pcm not found, waiting...
demo.pcm not found, waiting...
demo.pcm not found, waiting...
demo.pcm not found, waiting...
demo.pcm not found, waiting...
demo.pcm not found, waiting...
demo.pcm not found, waiting...
demo.pcm not found, waiting...
demo.pcm not found, waiting...
demo.pcm not found, waiting...
demo.pcm not found, waiting...
demo.pcm not found, waiting...
demo.pcm not found, waiting...
demo.pcm not found, waiting...
demo.pcm not found, waiting...
demo.pcm not found, waiting...
demo.pcm not found, waiting...
demo.pcm not found, waiting...
demo.pcm not found, waiting...
demo.pcm not found, waiting...
demo.pcm not found, waiting...
demo.pcm not found, waiting...
demo.pcm not found, waiting...
demo.pcm not found, waiting...
demo.pcm not found, waiting...
demo.pcm not found, waiting...
demo.pcm not found, waiting...
demo.pcm not found, waiting...
demo.pcm not found, waiting...
demo.pcm not found, waiting...
demo.pcm not found, waiting...
demo.pcm not found, waiting...
demo.pcm not found, waiting...
demo.pcm not found, waiting...
demo.pcm not found, waiting...
demo.pcm not found, waiting...
demo.pcm not found, waiting...
demo.pcm not found, waiting...
demo.pcm not found, waiting...
demo.pcm not found, waiting...
demo.pcm not found, waiting...
demo.pcm not found, waiting...
demo.pcm not found, waiting...
demo.pcm not found, waiting...
demo.pcm not found, waiting...
demo.pcm not found, waiting...
demo.pcm not found, waiting...
demo.pcm not found, waiting...
demo.pcm not found, waiting...
demo.pcm not found, waiting...
demo.pcm not found, waiting...
demo.pcm not found, waiting...
demo.pcm not found, waiting...
demo.pcm not found, waiting...
demo.pcm not found, waiting...
demo.pcm not found, waiting...
demo.pcm not found, waiting...
demo.pcm not found, waiting...
demo.pcm not found, waiting...
demo.pcm not found, waiting...
demo.pcm not found, waiting...
demo.pcm not found, waiting...
demo.pcm not found, waiting...
demo.pcm not found, waiting...
demo.pcm not found, waiting...
demo.pcm not found, waiting...
demo.pcm not found, waiting...
demo.pcm not found, waiting...
demo.pcm not found, waiting...
demo.pcm not found, waiting...
demo.pcm not found, waiting...
demo.pcm not found, waiting...
demo.pcm not found, waiting...
demo.pcm not found, waiting...
demo.pcm not found, waiting...
demo.pcm not found, waiting...
demo.pcm not found, waiting...
demo.pcm not found, waiting...
demo.pcm not found, waiting...
demo.pcm not found, waiting...
demo.pcm not found, waiting...
demo.pcm not found, waiting...
demo.pcm not found, waiting...
demo.pcm not found, waiting...
demo.pcm not found, waiting...
demo.pcm not found, waiting...
demo.pcm not found, waiting...
demo.pcm not found, waiting...
demo.pcm not found, waiting...
demo.pcm not found, waiting...
demo.pcm not found, waiting...
demo.pcm not found, waiting...
demo.pcm not found, waiting...
demo.pcm not found, waiting...
demo.pcm not found, waiting...
demo.pcm not found, waiting...
demo.pcm not found, waiting...
demo.pcm not found, waiting...
demo.pcm not found, waiting...
demo.pcm not found, waiting...
demo.pcm not found, waiting...
demo.pcm not found, waiting...
demo.pcm not found, waiting...
demo.pcm not found, waiting...
demo.pcm not found, waiting...
demo.pcm not found, waiting...
demo.pcm not found, waiting...
demo.pcm not found, waiting...
demo.pcm not found, waiting...
demo.pcm not found, waiting...
demo.pcm not found, waiting...
demo.pcm not found, waiting...
demo.pcm not found, waiting...
demo.pcm not found, waiting...
demo.pcm not found, waiting...
demo.pcm not found, waiting...
demo.pcm not found, waiting...
demo.pcm not found, waiting...
demo.pcm not found, waiting...
demo.pcm not found, waiting...
demo.pcm not found, waiting...
demo.pcm not found, waiting...
demo.pcm not found, waiting...
demo.pcm not found, waiting...
demo.pcm not found, waiting...
demo.pcm not found, waiting...
demo.pcm not found, waiting...
demo.pcm not found, waiting...
demo.pcm not found, waiting...
demo.pcm not found, waiting...
demo.pcm not found, waiting...
demo.pcm not found, waiting...
demo.pcm not found, waiting...
demo.pcm not found, waiting...
demo.pcm not found, waiting...
demo.pcm not found, waiting...
demo.pcm not found, waiting...
demo.pcm not found, waiting...
demo.pcm not found, waiting...
demo.pcm not found, waiting...
demo.pcm not found, waiting...
demo.pcm not found, waiting...
demo.pcm not found, waiting...
demo.pcm not found, waiting...
demo.pcm not found, waiting...
demo.pcm not found, waiting...
demo.pcm not found, waiting...
demo.pcm not found, waiting...
demo.pcm not found, waiting...
demo.pcm not found, waiting...
demo.pcm not found, waiting...
demo.pcm not found, waiting...
demo.pcm not found, waiting...
demo.pcm not found, waiting...
demo.pcm not found, waiting...
demo.pcm not found, waiting...
demo.pcm not found, waiting...
demo.pcm not found, waiting...
demo.pcm not found, waiting...
demo.pcm not found, waiting...
demo.pcm not found, waiting...
demo.pcm not found, waiting...
demo.pcm not found, waiting...
demo.pcm not found, waiting...
demo.pcm not found, waiting...
demo.pcm not found, waiting...
demo.pcm not found, waiting...
demo.pcm not found, waiting...
demo.pcm not found, waiting...
demo.pcm not found, waiting...
demo.pcm not found, waiting...
demo.pcm not found, waiting...
demo.pcm not found, waiting...
demo.pcm not found, waiting...
demo.pcm not found, waiting...
demo.pcm not found, waiting...
demo.pcm not found, waiting...
demo.pcm not found, waiting...
demo.pcm not found, waiting...
demo.pcm not found, waiting...
demo.pcm not found, waiting...
demo.pcm not found, waiting...
demo.pcm not found, waiting...
demo.pcm not found, waiting...
demo.pcm not found, waiting...
demo.pcm not found, waiting...
demo.pcm not found, waiting...
demo.pcm not found, waiting...
demo.pcm not found, waiting...
demo.pcm not found, waiting...
demo.pcm not found, waiting...
demo.pcm not found, waiting...
demo.pcm not found, waiting...
demo.pcm not found, waiting...
demo.pcm not found, waiting...
demo.pcm not found, waiting...
demo.pcm not found, waiting...
demo.pcm not found, waiting...
demo.pcm not found, waiting...
demo.pcm not found, waiting...
demo.pcm not found, waiting...
demo.pcm not found, waiting...
demo.pcm not found, waiting...
demo.pcm not found, waiting...
demo.pcm not found, waiting...
demo.pcm not found, waiting...
demo.pcm not found, waiting...
demo.pcm not found, waiting...
demo.pcm not found, waiting...
demo.pcm not found, waiting...
demo.pcm not found, waiting...
demo.pcm not found, waiting...
demo.pcm not found, waiting...
demo.pcm not found, waiting...
demo.pcm not found, waiting...
demo.pcm not found, waiting...
demo.pcm not found, waiting...
demo.pcm not found, waiting...
demo.pcm not found, waiting...
demo.pcm not found, waiting...
demo.pcm not found, waiting...
demo.pcm not found, waiting...
demo.pcm not found, waiting...
demo.pcm not found, waiting...
demo.pcm not found, waiting...
demo.pcm not found, waiting...
demo.pcm not found, waiting...
demo.pcm not found, waiting...
demo.pcm not found, waiting...
demo.pcm not found, waiting...
demo.pcm not found, waiting...
demo.pcm not found, waiting...
demo.pcm not found, waiting...
demo.pcm not found, waiting...
demo.pcm not found, waiting...
demo.pcm not found, waiting...
demo.pcm not found, waiting...
demo.pcm not found, waiting...
demo.pcm not found, waiting...
demo.pcm not found, waiting...
demo.pcm not found, waiting...
demo.pcm not found, waiting...
demo.pcm not found, waiting...
demo.pcm not found, waiting...
demo.pcm not found, waiting...
demo.pcm not found, waiting...
demo.pcm not found, waiting...
demo.pcm not found, waiting...
demo.pcm not found, waiting...
demo.pcm not found, waiting...
demo.pcm not found, waiting...
demo.pcm not found, waiting...
demo.pcm not found, waiting...
demo.pcm not found, waiting...
demo.pcm not found, waiting...
demo.pcm not found, waiting...
demo.pcm not found, waiting...
demo.pcm not found, waiting...
demo.pcm not found, waiting...
demo.pcm not found, waiting...
demo.pcm not found, waiting...
demo.pcm not found, waiting...
demo.pcm not found, waiting...
demo.pcm not found, waiting...
demo.pcm not found, waiting...
demo.pcm not found, waiting...
demo.pcm not found, waiting...
demo.pcm not found, waiting...
demo.pcm not found, waiting...
demo.pcm not found, waiting...
demo.pcm not found, waiting...
demo.pcm not found, waiting...
demo.pcm not found, waiting...
demo.pcm not found, waiting...
demo.pcm not found, waiting...
demo.pcm not found, waiting...
demo.pcm not found, waiting...
demo.pcm not found, waiting...
demo.pcm not found, waiting...
demo.pcm not found, waiting...
demo.pcm not found, waiting...
demo.pcm not found, waiting...
demo.pcm not found, waiting...
demo.pcm not found, waiting...
demo.pcm not found, waiting...
demo.pcm not found, waiting...
demo.pcm not found, waiting...
demo.pcm not found, waiting...
demo.pcm not found, waiting...
demo.pcm not found, waiting...
demo.pcm not found, waiting...
demo.pcm not found, waiting...
demo.pcm not found, waiting...
demo.pcm not found, waiting...
demo.pcm not found, waiting...
demo.pcm not found, waiting...
demo.pcm not found, waiting...
demo.pcm not found, waiting...
demo.pcm not found, waiting...
demo.pcm not found, waiting...
demo.pcm not found, waiting...
demo.pcm not found, waiting...
demo.pcm not found, waiting...
demo.pcm not found, waiting...
demo.pcm not found, waiting...
demo.pcm not found, waiting...
demo.pcm not found, waiting...
demo.pcm not found, waiting...
demo.pcm not found, waiting...
demo.pcm not found, waiting...
demo.pcm not found, waiting...
demo.pcm not found, waiting...
demo.pcm not found, waiting...
demo.pcm not found, waiting...
demo.pcm not found, waiting...
demo.pcm not found, waiting...
demo.pcm not found, waiting...
demo.pcm not found, waiting...
demo.pcm not found, waiting...
demo.pcm not found, waiting...
demo.pcm not found, waiting...
demo.pcm not found, waiting...
demo.pcm not found, waiting...
demo.pcm not found, waiting...
demo.pcm not found, waiting...
demo.pcm not found, waiting...
demo.pcm not found, waiting...
demo.pcm not found, waiting...
demo.pcm not found, waiting...
demo.pcm not found, waiting...
demo.pcm not found, waiting...
demo.pcm not found, waiting...
demo.pcm not found, waiting...
demo.pcm not found, waiting...
demo.pcm not found, waiting...
demo.pcm not found, waiting...
demo.pcm not found, waiting...
demo.pcm not found, waiting...
demo.pcm not found, waiting...
demo.pcm not found, waiting...
demo.pcm not found, waiting...
demo.pcm not found, waiting...
demo.pcm not found, waiting...
demo.pcm not found, waiting...
demo.pcm not found, waiting...
demo.pcm not found, waiting...
demo.pcm not found, waiting...
demo.pcm not found, waiting...
demo.pcm not found, waiting...
demo.pcm not found, waiting...
demo.pcm not found, waiting...
demo.pcm not found, waiting...
demo.pcm not found, waiting...
demo.pcm not found, waiting...
demo.pcm not found, waiting...
demo.pcm not found, waiting...
demo.pcm not found, waiting...
demo.pcm not found, waiting...
demo.pcm not found, waiting...
demo.pcm not found, waiting...
demo.pcm not found, waiting...
demo.pcm not found, waiting...
demo.pcm not found, waiting...
demo.pcm not found, waiting...
demo.pcm not found, waiting...
demo.pcm not found, waiting...
demo.pcm not found, waiting...
demo.pcm not found, waiting...
demo.pcm not found, waiting...
demo.pcm not found, waiting...
demo.pcm not found, waiting...
demo.pcm not found, waiting...
demo.pcm not found, waiting...
demo.pcm not found, waiting...
demo.pcm not found, waiting...
demo.pcm not found, waiting...
demo.pcm not found, waiting...
demo.pcm not found, waiting...
demo.pcm not found, waiting...
demo.pcm not found, waiting...
demo.pcm not found, waiting...
demo.pcm not found, waiting...
demo.pcm not found, waiting...
demo.pcm not found, waiting...
demo.pcm not found, waiting...
demo.pcm not found, waiting...
demo.pcm not found, waiting...
demo.pcm not found, waiting...
demo.pcm not found, waiting...
demo.pcm not found, waiting...
demo.pcm not found, waiting...
demo.pcm not found, waiting...
demo.pcm not found, waiting...
demo.pcm not found, waiting...
demo.pcm not found, waiting...
demo.pcm not found, waiting...
demo.pcm not found, waiting...
demo.pcm not found, waiting...
demo.pcm not found, waiting...
demo.pcm not found, waiting...
demo.pcm not found, waiting...
demo.pcm not found, waiting...
demo.pcm not found, waiting...
demo.pcm not found, waiting...
demo.pcm not found, waiting...
demo.pcm not found, waiting...
demo.pcm not found, waiting...
demo.pcm not found, waiting...
demo.pcm not found, waiting...
demo.pcm not found, waiting...
demo.pcm not found, waiting...
demo.pcm not found, waiting...
demo.pcm not found, waiting...
demo.pcm not found, waiting...
demo.pcm not found, waiting...
demo.pcm not found, waiting...
demo.pcm not found, waiting...
demo.pcm not found, waiting...
demo.pcm not found, waiting...
demo.pcm not found, waiting...
demo.pcm not found, waiting...
demo.pcm not found, waiting...
demo.pcm not found, waiting...
demo.pcm not found, waiting...
demo.pcm not found, waiting...
demo.pcm not found, waiting...
demo.pcm not found, waiting...
demo.pcm not found, waiting...
demo.pcm not found, waiting...
demo.pcm not found, waiting...
demo.pcm not found, waiting...
demo.pcm not found, waiting...
demo.pcm not found, waiting...
demo.pcm not found, waiting...
demo.pcm not found, waiting...
demo.pcm not found, waiting...
demo.pcm not found, waiting...
demo.pcm not found, waiting...
demo.pcm not found, waiting...
demo.pcm not found, waiting...
demo.pcm not found, waiting...
demo.pcm not found, waiting...
demo.pcm not found, waiting...
demo.pcm not found, waiting...
demo.pcm not found, waiting...
demo.pcm not found, waiting...
demo.pcm not found, waiting...
demo.pcm not found, waiting...
demo.pcm not found, waiting...
demo.pcm not found, waiting...
demo.pcm not found, waiting...
demo.pcm not found, waiting...
demo.pcm not found, waiting...
demo.pcm not found, waiting...
demo.pcm not found, waiting...
demo.pcm not found, waiting...
demo.pcm not found, waiting...
demo.pcm not found, waiting...
demo.pcm not found, waiting...
demo.pcm not found, waiting...
demo.pcm not found, waiting...
demo.pcm not found, waiting...
demo.pcm not found, waiting...
demo.pcm not found, waiting...
demo.pcm not found, waiting...
demo.pcm not found, waiting...
demo.pcm not found, waiting...
demo.pcm not found, waiting...
demo.pcm not found, waiting...
demo.pcm not found, waiting...
demo.pcm not found, waiting...
demo.pcm not found, waiting...
demo.pcm not found, waiting...
demo.pcm not found, waiting...
demo.pcm not found, waiting...
demo.pcm not found, waiting...
demo.pcm not found, waiting...
demo.pcm not found, waiting...
demo.pcm not found, waiting...
demo.pcm not found, waiting...
demo.pcm not found, waiting...
demo.pcm not found, waiting...
demo.pcm not found, waiting...
demo.pcm not found, waiting...
demo.pcm not found, waiting...
demo.pcm not found, waiting...
demo.pcm not found, waiting...
demo.pcm not found, waiting...
demo.pcm not found, waiting...
demo.pcm not found, waiting...
demo.pcm not found, waiting...
demo.pcm not found, waiting...
demo.pcm not found, waiting...
demo.pcm not found, waiting...
demo.pcm not found, waiting...
demo.pcm not found, waiting...
demo.pcm not found, waiting...
demo.pcm not found, waiting...
demo.pcm not found, waiting...
demo.pcm not found, waiting...
demo.pcm not found, waiting...
demo.pcm not found, waiting...
demo.pcm not found, waiting...
demo.pcm not found, waiting...
demo.pcm not found, waiting...
demo.pcm not found, waiting...
demo.pcm not found, waiting...
demo.pcm not found, waiting...
demo.pcm not found, waiting...
demo.pcm not found, waiting...
demo.pcm not found, waiting...
demo.pcm not found, waiting...
demo.pcm not found, waiting...
demo.pcm not found, waiting...
demo.pcm not found, waiting...
demo.pcm not found, waiting...
demo.pcm not found, waiting...
demo.pcm not found, waiting...
demo.pcm not found, waiting...
demo.pcm not found, waiting...
demo.pcm not found, waiting...
demo.pcm not found, waiting...
demo.pcm not found, waiting...
demo.pcm not found, waiting...
demo.pcm not found, waiting...
demo.pcm not found, waiting...
demo.pcm not found, waiting...
demo.pcm not found, waiting...
demo.pcm not found, waiting...
demo.pcm not found, waiting...
demo.pcm not found, waiting...
demo.pcm not found, waiting...
demo.pcm not found, waiting...
demo.pcm not found, waiting...
demo.pcm not found, waiting...
demo.pcm not found, waiting...
demo.pcm not found, waiting...
demo.pcm not found, waiting...
demo.pcm not found, waiting...
demo.pcm not found, waiting...
demo.pcm not found, waiting...
demo.pcm not found, waiting...
demo.pcm not found, waiting...
demo.pcm not found, waiting...
demo.pcm not found, waiting...
demo.pcm not found, waiting...
demo.pcm not found, waiting...
demo.pcm not found, waiting...
demo.pcm not found, waiting...
demo.pcm not found, waiting...
demo.pcm not found, waiting...
demo.pcm not found, waiting...
demo.pcm not found, waiting...
demo.pcm not found, waiting...
demo.pcm not found, waiting...
demo.pcm not found, waiting...
demo.pcm not found, waiting...
demo.pcm not found, waiting...
demo.pcm not found, waiting...
demo.pcm not found, waiting...
demo.pcm not found, waiting...
demo.pcm not found, waiting...
demo.pcm not found, waiting...
demo.pcm not found, waiting...
demo.pcm not found, waiting...
demo.pcm not found, waiting...
demo.pcm not found, waiting...
demo.pcm not found, waiting...
demo.pcm not found, waiting...
demo.pcm not found, waiting...
demo.pcm not found, waiting...
demo.pcm not found, waiting...
demo.pcm not found, waiting...
demo.pcm not found, waiting...
demo.pcm not found, waiting...
demo.pcm not found, waiting...
demo.pcm not found, waiting...
demo.pcm not found, waiting...
demo.pcm not found, waiting...
demo.pcm not found, waiting...
demo.pcm not found, waiting...
demo.pcm not found, waiting...
demo.pcm not found, waiting...
demo.pcm not found, waiting...
demo.pcm not found, waiting...
demo.pcm not found, waiting...
demo.pcm not found, waiting...
demo.pcm not found, waiting...
demo.pcm not found, waiting...
demo.pcm not found, waiting...
demo.pcm not found, waiting...
demo.pcm not found, waiting...
demo.pcm not found, waiting...
demo.pcm not found, waiting...
demo.pcm not found, waiting...
demo.pcm not found, waiting...
demo.pcm not found, waiting...
demo.pcm not found, waiting...
demo.pcm not found, waiting...
demo.pcm not found, waiting...
demo.pcm not found, waiting...
demo.pcm not found, waiting...
demo.pcm not found, waiting...
demo.pcm not found, waiting...
demo.pcm not found, waiting...
demo.pcm not found, waiting...
demo.pcm not found, waiting...
demo.pcm not found, waiting...
demo.pcm not found, waiting...
demo.pcm not found, waiting...
demo.pcm not found, waiting...
demo.pcm not found, waiting...
demo.pcm not found, waiting...
demo.pcm not found, waiting...
demo.pcm not found, waiting...
demo.pcm not found, waiting...
demo.pcm not found, waiting...
demo.pcm not found, waiting...
demo.pcm not found, waiting...
demo.pcm not found, waiting...
demo.pcm not found, waiting...
demo.pcm not found, waiting...
demo.pcm not found, waiting...
demo.pcm not found, waiting...
demo.pcm not found, waiting...
demo.pcm not found, waiting...
demo.pcm not found, waiting...
demo.pcm not found, waiting...
demo.pcm not found, waiting...
demo.pcm not found, waiting...
demo.pcm not found, waiting...
demo.pcm not found, waiting...
demo.pcm not found, waiting...
demo.pcm not found, waiting...
demo.pcm not found, waiting...
demo.pcm not found, waiting...
demo.pcm not found, waiting...
demo.pcm not found, waiting...
demo.pcm not found, waiting...
demo.pcm not found, waiting...
demo.pcm not found, waiting...
demo.pcm not found, waiting...
demo.pcm not found, waiting...
demo.pcm not found, waiting...
demo.pcm not found, waiting...
demo.pcm not found, waiting...
demo.pcm not found, waiting...
demo.pcm not found, waiting...
demo.pcm not found, waiting...
demo.pcm not found, waiting...
demo.pcm not found, waiting...
demo.pcm not found, waiting...
demo.pcm not found, waiting...
demo.pcm not found, waiting...
demo.pcm not found, waiting...
demo.pcm not found, waiting...
demo.pcm not found, waiting...
demo.pcm not found, waiting...
demo.pcm not found, waiting...
demo.pcm not found, waiting...
demo.pcm not found, waiting...
demo.pcm not found, waiting...
demo.pcm not found, waiting...
demo.pcm not found, waiting...
demo.pcm not found, waiting...
demo.pcm not found, waiting...
demo.pcm not found, waiting...
demo.pcm not found, waiting...
demo.pcm not found, waiting...
demo.pcm not found, waiting...
demo.pcm not found, waiting...
demo.pcm not found, waiting...
demo.pcm not found, waiting...
demo.pcm not found, waiting...
demo.pcm not found, waiting...
demo.pcm not found, waiting...
demo.pcm not found, waiting...
demo.pcm not found, waiting...
demo.pcm not found, waiting...
demo.pcm not found, waiting...
demo.pcm not found, waiting...
demo.pcm not found, waiting...
demo.pcm not found, waiting...
demo.pcm not found, waiting...
demo.pcm not found, waiting...
demo.pcm not found, waiting...
demo.pcm not found, waiting...
demo.pcm not found, waiting...
demo.pcm not found, waiting...
demo.pcm not found, waiting...
demo.pcm not found, waiting...
demo.pcm not found, waiting...
demo.pcm not found, waiting...
demo.pcm not found, waiting...
demo.pcm not found, waiting...
demo.pcm not found, waiting...
demo.pcm not found, waiting...
demo.pcm not found, waiting...
demo.pcm not found, waiting...
demo.pcm not found, waiting...
demo.pcm not found, waiting...
demo.pcm not found, waiting...
demo.pcm not found, waiting...
demo.pcm not found, waiting...
demo.pcm not found, waiting...
demo.pcm not found, waiting...
demo.pcm not found, waiting...
demo.pcm not found, waiting...
demo.pcm not found, waiting...
demo.pcm not found, waiting...
demo.pcm not found, waiting...
demo.pcm not found, waiting...
demo.pcm not found, waiting...
demo.pcm not found, waiting...
demo.pcm not found, waiting...
demo.pcm not found, waiting...
demo.pcm not found, waiting...
demo.pcm not found, waiting...
demo.pcm not found, waiting...
demo.pcm not found, waiting...
demo.pcm not found, waiting...
demo.pcm not found, waiting...
demo.pcm not found, waiting...
demo.pcm not found, waiting...
demo.pcm not found, waiting...
demo.pcm not found, waiting...
demo.pcm not found, waiting...
demo.pcm not found, waiting...
demo.pcm not found, waiting...
demo.pcm not found, waiting...
demo.pcm not found, waiting...
demo.pcm not found, waiting...
demo.pcm not found, waiting...
demo.pcm not found, waiting...
demo.pcm not found, waiting...
demo.pcm not found, waiting...
demo.pcm not found, waiting...
demo.pcm not found, waiting...
demo.pcm not found, waiting...
demo.pcm not found, waiting...
demo.pcm not found, waiting...
demo.pcm not found, waiting...
demo.pcm not found, waiting...
demo.pcm not found, waiting...
demo.pcm not found, waiting...
demo.pcm not found, waiting...
demo.pcm not found, waiting...
demo.pcm not found, waiting...
demo.pcm not found, waiting...
demo.pcm not found, waiting...
demo.pcm not found, waiting...
demo.pcm not found, waiting...
demo.pcm not found, waiting...
demo.pcm not found, waiting...
demo.pcm not found, waiting...
demo.pcm not found, waiting...
demo.pcm not found, waiting...
demo.pcm not found, waiting...
demo.pcm not found, waiting...
demo.pcm not found, waiting...
demo.pcm not found, waiting...
demo.pcm not found, waiting...
demo.pcm not found, waiting...
demo.pcm not found, waiting...
demo.pcm not found, waiting...
demo.pcm not found, waiting...
demo.pcm not found, waiting...
demo.pcm not found, waiting...
demo.pcm not found, waiting...
demo.pcm not found, waiting...
demo.pcm not found, waiting...
demo.pcm not found, waiting...
demo.pcm not found, waiting...
demo.pcm not found, waiting...
demo.pcm not found, waiting...
demo.pcm not found, waiting...
demo.pcm not found, waiting...
demo.pcm not found, waiting...
demo.pcm not found, waiting...
demo.pcm not found, waiting...
demo.pcm not found, waiting...
demo.pcm not found, waiting...
demo.pcm not found, waiting...
demo.pcm not found, waiting...
demo.pcm not found, waiting...
demo.pcm not found, waiting...
demo.pcm not found, waiting...
demo.pcm not found, waiting...
demo.pcm not found, waiting...
demo.pcm not found, waiting...
demo.pcm not found, waiting...
demo.pcm not found, waiting...
demo.pcm not found, waiting...
demo.pcm not found, waiting...
demo.pcm not found, waiting...
demo.pcm not found, waiting...
demo.pcm not found, waiting...
demo.pcm not found, waiting...
demo.pcm not found, waiting...
demo.pcm not found, waiting...
demo.pcm not found, waiting...
demo.pcm not found, waiting...
demo.pcm not found, waiting...
demo.pcm not found, waiting...
demo.pcm not found, waiting...
demo.pcm not found, waiting...
demo.pcm not found, waiting...
demo.pcm not found, waiting...
demo.pcm not found, waiting...
demo.pcm not found, waiting...
demo.pcm not found, waiting...
demo.pcm not found, waiting...
demo.pcm not found, waiting...
demo.pcm not found, waiting...
demo.pcm not found, waiting...
demo.pcm not found, waiting...
demo.pcm not found, waiting...
demo.pcm not found, waiting...
demo.pcm not found, waiting...
demo.pcm not found, waiting...
demo.pcm not found, waiting...
demo.pcm not found, waiting...
demo.pcm not found, waiting...
demo.pcm not found, waiting...
demo.pcm not found, waiting...
demo.pcm not found, waiting...
demo.pcm not found, waiting...
demo.pcm not found, waiting...
demo.pcm not found, waiting...
demo.pcm not found, waiting...
demo.pcm not found, waiting...
demo.pcm not found, waiting...
demo.pcm not found, waiting...
demo.pcm not found, waiting...
demo.pcm not found, waiting...
demo.pcm not found, waiting...
demo.pcm not found, waiting...
demo.pcm not found, waiting...
demo.pcm not found, waiting...
demo.pcm not found, waiting...
demo.pcm not found, waiting...
demo.pcm not found, waiting...
demo.pcm not found, waiting...
demo.pcm not found, waiting...
demo.pcm not found, waiting...
demo.pcm not found, waiting...
demo.pcm not found, waiting...
demo.pcm not found, waiting...
demo.pcm not found, waiting...
demo.pcm not found, waiting...
demo.pcm not found, waiting...
demo.pcm not found, waiting...
demo.pcm not found, waiting...
demo.pcm not found, waiting...
demo.pcm not found, waiting...
demo.pcm not found, waiting...
demo.pcm not found, waiting...
demo.pcm not found, waiting...
demo.pcm not found, waiting...
demo.pcm not found, waiting...
demo.pcm not found, waiting...
demo.pcm not found, waiting...
demo.pcm not found, waiting...
demo.pcm not found, waiting...
demo.pcm not found, waiting...
demo.pcm not found, waiting...
demo.pcm not found, waiting...
demo.pcm not found, waiting...
demo.pcm not found, waiting...
demo.pcm not found, waiting...
demo.pcm not found, waiting...
demo.pcm not found, waiting...
demo.pcm not found, waiting...
demo.pcm not found, waiting...
demo.pcm not found, waiting...
demo.pcm not found, waiting...
demo.pcm not found, waiting...
demo.pcm not found, waiting...
demo.pcm not found, waiting...
demo.pcm not found, waiting...
demo.pcm not found, waiting...
demo.pcm not found, waiting...
demo.pcm not found, waiting...
demo.pcm not found, waiting...
demo.pcm not found, waiting...
demo.pcm not found, waiting...
demo.pcm not found, waiting...
demo.pcm not found, waiting...
demo.pcm not found, waiting...
demo.pcm not found, waiting...
demo.pcm not found, waiting...
demo.pcm not found, waiting...
demo.pcm not found, waiting...
demo.pcm not found, waiting...
demo.pcm not found, waiting...
demo.pcm not found, waiting...
demo.pcm not found, waiting...
demo.pcm not found, waiting...
demo.pcm not found, waiting...
demo.pcm not found, waiting...
demo.pcm not found, waiting...
demo.pcm not found, waiting...
demo.pcm not found, waiting...
demo.pcm not found, waiting...
demo.pcm not found, waiting...
demo.pcm not found, waiting...
demo.pcm not found, waiting...
demo.pcm not found, waiting...
demo.pcm not found, waiting...
demo.pcm not found, waiting...
demo.pcm not found, waiting...
demo.pcm not found, waiting...
demo.pcm not found, waiting...
demo.pcm not found, waiting...
demo.pcm not found, waiting...
demo.pcm not found, waiting...
demo.pcm not found, waiting...
demo.pcm not found, waiting...
demo.pcm not found, waiting...
demo.pcm not found, waiting...
demo.pcm not found, waiting...
demo.pcm not found, waiting...
demo.pcm not found, waiting...
demo.pcm not found, waiting...
demo.pcm not found, waiting...
demo.pcm not found, waiting...
demo.pcm not found, waiting...
demo.pcm not found, waiting...
demo.pcm not found, waiting...
demo.pcm not found, waiting...
demo.pcm not found, waiting...
demo.pcm not found, waiting...
demo.pcm not found, waiting...
demo.pcm not found, waiting...
demo.pcm not found, waiting...
demo.pcm not found, waiting...
demo.pcm not found, waiting...
demo.pcm not found, waiting...
demo.pcm not found, waiting...
demo.pcm not found, waiting...
demo.pcm not found, waiting...
demo.pcm not found, waiting...
demo.pcm not found, waiting...
demo.pcm not found, waiting...
demo.pcm not found, waiting...
demo.pcm not found, waiting...
demo.pcm not found, waiting...
demo.pcm not found, waiting...
demo.pcm not found, waiting...
demo.pcm not found, waiting...
demo.pcm not found, waiting...
demo.pcm not found, waiting...
demo.pcm not found, waiting...
demo.pcm not found, waiting...
demo.pcm not found, waiting...
demo.pcm not found, waiting...
demo.pcm not found, waiting...
demo.pcm not found, waiting...
demo.pcm not found, waiting...
demo.pcm not found, waiting...
demo.pcm not found, waiting...
demo.pcm not found, waiting...
demo.pcm not found, waiting...
demo.pcm not found, waiting...
demo.pcm not found, waiting...
demo.pcm not found, waiting...
demo.pcm not found, waiting...
demo.pcm not found, waiting...
demo.pcm not found, waiting...
demo.pcm not found, waiting...
demo.pcm not found, waiting...
demo.pcm not found, waiting...
demo.pcm not found, waiting...
demo.pcm not found, waiting...
demo.pcm not found, waiting...
demo.pcm not found, waiting...
demo.pcm not found, waiting...
demo.pcm not found, waiting...
demo.pcm not found, waiting...
demo.pcm not found, waiting...
demo.pcm not found, waiting...
demo.pcm not found, waiting...
demo.pcm not found, waiting...
demo.pcm not found, waiting...
demo.pcm not found, waiting...
demo.pcm not found, waiting...
demo.pcm not found, waiting...
demo.pcm not found, waiting...
demo.pcm not found, waiting...
demo.pcm not found, waiting...
demo.pcm not found, waiting...
demo.pcm not found, waiting...
demo.pcm not found, waiting...
demo.pcm not found, waiting...
demo.pcm not found, waiting...
demo.pcm not found, waiting...
demo.pcm not found, waiting...
demo.pcm not found, waiting...
demo.pcm not found, waiting...
demo.pcm not found, waiting...
demo.pcm not found, waiting...
demo.pcm not found, waiting...
demo.pcm not found, waiting...
demo.pcm not found, waiting...
demo.pcm not found, waiting...
demo.pcm not found, waiting...
demo.pcm not found, waiting...
demo.pcm not found, waiting...
demo.pcm not found, waiting...
demo.pcm not found, waiting...
demo.pcm not found, waiting...
demo.pcm not found, waiting...
demo.pcm not found, waiting...
demo.pcm not found, waiting...
demo.pcm not found, waiting...
demo.pcm not found, waiting...
demo.pcm not found, waiting...
demo.pcm not found, waiting...
demo.pcm not found, waiting...
demo.pcm not found, waiting...
demo.pcm not found, waiting...
demo.pcm not found, waiting...
demo.pcm not found, waiting...
demo.pcm not found, waiting...
demo.pcm not found, waiting...
demo.pcm not found, waiting...
demo.pcm not found, waiting...
demo.pcm not found, waiting...
demo.pcm not found, waiting...
demo.pcm not found, waiting...
demo.pcm not found, waiting...
demo.pcm not found, waiting...
demo.pcm not found, waiting...
demo.pcm not found, waiting...
demo.pcm not found, waiting...
demo.pcm not found, waiting...
demo.pcm not found, waiting...
demo.pcm not found, waiting...
demo.pcm not found, waiting...
demo.pcm not found, waiting...
demo.pcm not found, waiting...
demo.pcm not found, waiting...
demo.pcm not found, waiting...
demo.pcm not found, waiting...
demo.pcm not found, waiting...
demo.pcm not found, waiting...
demo.pcm not found, waiting...
demo.pcm not found, waiting...
demo.pcm not found, waiting...
demo.pcm not found, waiting...
demo.pcm not found, waiting...
demo.pcm not found, waiting...
demo.pcm not found, waiting...
demo.pcm not found, waiting...
demo.pcm not found, waiting...
demo.pcm not found, waiting...
demo.pcm not found, waiting...
demo.pcm not found, waiting...
demo.pcm not found, waiting...
demo.pcm not found, waiting...
demo.pcm not found, waiting...
demo.pcm not found, waiting...
demo.pcm not found, waiting...
demo.pcm not found, waiting...
demo.pcm not found, waiting...
demo.pcm not found, waiting...
demo.pcm not found, waiting...
demo.pcm not found, waiting...
demo.pcm not found, waiting...
demo.pcm not found, waiting...
demo.pcm not found, waiting...
demo.pcm not found, waiting...
demo.pcm not found, waiting...
demo.pcm not found, waiting...
demo.pcm not found, waiting...
demo.pcm not found, waiting...
demo.pcm not found, waiting...
demo.pcm not found, waiting...
demo.pcm not found, waiting...
demo.pcm not found, waiting...
demo.pcm not found, waiting...
demo.pcm not found, waiting...
demo.pcm not found, waiting...
demo.pcm not found, waiting...
demo.pcm not found, waiting...
demo.pcm not found, waiting...
demo.pcm not found, waiting...
demo.pcm not found, waiting...
demo.pcm not found, waiting...
demo.pcm not found, waiting...
demo.pcm not found, waiting...
demo.pcm not found, waiting...
demo.pcm not found, waiting...
demo.pcm not found, waiting...
demo.pcm not found, waiting...
demo.pcm not found, waiting...
demo.pcm not found, waiting...
demo.pcm not found, waiting...
demo.pcm not found, waiting...
demo.pcm not found, waiting...
demo.pcm not found, waiting...
demo.pcm not found, waiting...
demo.pcm not found, waiting...
demo.pcm not found, waiting...
demo.pcm not found, waiting...
demo.pcm not found, waiting...
demo.pcm not found, waiting...
demo.pcm not found, waiting...
demo.pcm not found, waiting...
demo.pcm not found, waiting...
demo.pcm not found, waiting...
demo.pcm not found, waiting...
demo.pcm not found, waiting...
demo.pcm not found, waiting...
demo.pcm not found, waiting...
demo.pcm not found, waiting...
demo.pcm not found, waiting...
demo.pcm not found, waiting...
demo.pcm not found, waiting...
demo.pcm not found, waiting...
demo.pcm not found, waiting...
demo.pcm not found, waiting...
demo.pcm not found, waiting...
demo.pcm not found, waiting...
demo.pcm not found, waiting...
demo.pcm not found, waiting...
demo.pcm not found, waiting...
demo.pcm not found, waiting...
demo.pcm not found, waiting...
demo.pcm not found, waiting...
demo.pcm not found, waiting...
demo.pcm not found, waiting...
demo.pcm not found, waiting...
demo.pcm not found, waiting...
demo.pcm not found, waiting...
demo.pcm not found, waiting...
demo.pcm not found, waiting...
demo.pcm not found, waiting...
demo.pcm not found, waiting...
demo.pcm not found, waiting...
demo.pcm not found, waiting...
demo.pcm not found, waiting...
demo.pcm not found, waiting...
demo.pcm not found, waiting...
demo.pcm not found, waiting...
demo.pcm not found, waiting...
demo.pcm not found, waiting...
demo.pcm not found, waiting...
demo.pcm not found, waiting...
demo.pcm not found, waiting...
demo.pcm not found, waiting...
demo.pcm not found, waiting...
demo.pcm not found, waiting...
demo.pcm not found, waiting...
demo.pcm not found, waiting...
demo.pcm not found, waiting...
demo.pcm not found, waiting...
demo.pcm not found, waiting...
demo.pcm not found, waiting...
demo.pcm not found, waiting...
demo.pcm not found, waiting...
demo.pcm not found, waiting...
demo.pcm not found, waiting...
demo.pcm not found, waiting...
demo.pcm not found, waiting...
demo.pcm not found, waiting...
demo.pcm not found, waiting...
demo.pcm not found, waiting...
demo.pcm not found, waiting...
demo.pcm not found, waiting...
demo.pcm not found, waiting...
demo.pcm not found, waiting...
demo.pcm not found, waiting...
demo.pcm not found, waiting...
demo.pcm not found, waiting...
demo.pcm not found, waiting...
demo.pcm not found, waiting...
demo.pcm not found, waiting...
demo.pcm not found, waiting...
demo.pcm not found, waiting...
demo.pcm not found, waiting...
demo.pcm not found, waiting...
demo.pcm not found, waiting...
demo.pcm not found, waiting...
demo.pcm not found, waiting...
demo.pcm not found, waiting...
demo.pcm not found, waiting...
demo.pcm not found, waiting...
demo.pcm not found, waiting...
demo.pcm not found, waiting...
demo.pcm not found, waiting...
demo.pcm not found, waiting...
demo.pcm not found, waiting...
demo.pcm not found, waiting...
demo.pcm not found, waiting...
demo.pcm not found, waiting...
demo.pcm not found, waiting...
demo.pcm not found, waiting...
demo.pcm not found, waiting...
demo.pcm not found, waiting...
demo.pcm not found, waiting...
demo.pcm not found, waiting...
demo.pcm not found, waiting...
demo.pcm not found, waiting...
demo.pcm not found, waiting...
demo.pcm not found, waiting...
demo.pcm not found, waiting...
demo.pcm not found, waiting...
demo.pcm not found, waiting...
demo.pcm not found, waiting...
demo.pcm not found, waiting...
demo.pcm not found, waiting...
demo.pcm not found, waiting...
demo.pcm not found, waiting...
demo.pcm not found, waiting...
demo.pcm not found, waiting...
demo.pcm not found, waiting...
demo.pcm not found, waiting...
demo.pcm not found, waiting...
demo.pcm not found, waiting...
demo.pcm not found, waiting...
demo.pcm not found, waiting...
demo.pcm not found, waiting...
demo.pcm not found, waiting...
demo.pcm not found, waiting...
demo.pcm not found, waiting...
demo.pcm not found, waiting...
demo.pcm not found, waiting...
demo.pcm not found, waiting...
demo.pcm not found, waiting...
demo.pcm not found, waiting...
demo.pcm not found, waiting...
demo.pcm not found, waiting...
demo.pcm not found, waiting...
demo.pcm not found, waiting...
demo.pcm not found, waiting...
demo.pcm not found, waiting...
demo.pcm not found, waiting...
demo.pcm not found, waiting...
demo.pcm not found, waiting...
demo.pcm not found, waiting...
demo.pcm not found, waiting...
demo.pcm not found, waiting...
demo.pcm not found, waiting...
demo.pcm not found, waiting...
demo.pcm not found, waiting...
demo.pcm not found, waiting...
demo.pcm not found, waiting...
demo.pcm not found, waiting...
demo.pcm not found, waiting...
demo.pcm not found, waiting...
demo.pcm not found, waiting...
demo.pcm not found, waiting...
demo.pcm not found, waiting...
demo.pcm not found, waiting...
demo.pcm not found, waiting...
